   Compiling only_torch v0.25.0 (D:\DATA\BaiduSyncdisk\project\personal\only_torch)
    Finished `release` profile [optimized] target(s) in 224m 40s
     Running unittests src\lib.rs (target\release\deps\only_torch-45d502c1e61c3f90.exe)

running 1 test
test rl::algo::my_zero::tests::gomoku_m3_bench::gomoku_m3_cnn ... 
--- arm=cnn_repr seed=42 sims=100 ---
[MyZero-board Gomoku-selfplay-v0] obs=243(3×9²) |A|=81 sims=100 γ=1.0 negamax
[MyZero-board] repr=CNN（stride-1 棋盘塔）
Ep    1: len= 55 黑胜 loss=0.0000 temp=1.00 total_env_steps=55 t=0.30s
Ep    2: len= 61 黑胜 loss=0.0000 temp=1.00 total_env_steps=116 t=0.39s
Ep    3: len= 34 白胜 loss=0.0000 temp=1.00 total_env_steps=150 t=0.21s
Ep    4: len= 63 黑胜 loss=0.0000 temp=1.00 total_env_steps=213 t=0.28s
Ep    5: len= 65 黑胜 loss=0.0000 temp=1.00 total_env_steps=278 t=0.25s
Ep    6: len= 71 黑胜 loss=0.0000 temp=1.00 total_env_steps=349 t=0.33s
Ep    7: len= 63 黑胜 loss=0.0000 temp=1.00 total_env_steps=412 t=0.30s
Ep    8: len= 53 黑胜 loss=0.0000 temp=1.00 total_env_steps=465 t=0.20s
Ep    9: len= 64 白胜 loss=0.0000 temp=1.00 total_env_steps=529 t=0.19s
Ep   10: len= 67 黑胜 loss=35.7178 temp=1.00 total_env_steps=596 t=0.26s
Ep   11: len= 70 白胜 loss=28.6687 temp=1.00 total_env_steps=666 t=0.22s
Ep   12: len= 68 白胜 loss=28.2251 temp=1.00 total_env_steps=734 t=0.20s
Ep   13: len= 25 黑胜 loss=28.6723 temp=1.00 total_env_steps=759 t=0.10s
Ep   14: len= 42 白胜 loss=28.8955 temp=1.00 total_env_steps=801 t=0.14s
Ep   15: len= 62 白胜 loss=28.0542 temp=1.00 total_env_steps=863 t=0.20s
Ep   16: len= 69 黑胜 loss=28.1226 temp=1.00 total_env_steps=932 t=0.20s
Ep   17: len= 45 黑胜 loss=28.0929 temp=1.00 total_env_steps=977 t=0.15s
Ep   18: len= 37 黑胜 loss=28.2314 temp=1.00 total_env_steps=1014 t=0.13s
Ep   19: len= 50 白胜 loss=28.1521 temp=1.00 total_env_steps=1064 t=0.15s
Ep   20: len= 40 白胜 loss=28.1961 temp=1.00 total_env_steps=1104 t=0.14s
Ep   21: len= 62 白胜 loss=28.0879 temp=1.00 total_env_steps=1166 t=0.21s
Ep   22: len= 56 白胜 loss=27.9745 temp=1.00 total_env_steps=1222 t=0.19s
Ep   23: len= 47 黑胜 loss=28.2989 temp=1.00 total_env_steps=1269 t=0.18s
Ep   24: len= 48 白胜 loss=27.9387 temp=1.00 total_env_steps=1317 t=0.16s
Ep   25: len= 60 白胜 loss=28.2653 temp=1.00 total_env_steps=1377 t=0.18s
Ep   26: len= 54 白胜 loss=27.8794 temp=1.00 total_env_steps=1431 t=0.16s
Ep   27: len= 50 白胜 loss=28.1937 temp=1.00 total_env_steps=1481 t=0.15s
Ep   28: len= 70 白胜 loss=28.0782 temp=1.00 total_env_steps=1551 t=0.20s
Ep   29: len= 72 白胜 loss=28.1851 temp=1.00 total_env_steps=1623 t=0.20s
Ep   30: len= 27 黑胜 loss=28.1487 temp=1.00 total_env_steps=1650 t=0.10s
Ep   31: len= 48 白胜 loss=28.2058 temp=1.00 total_env_steps=1698 t=0.17s
Ep   32: len= 47 黑胜 loss=28.1187 temp=1.00 total_env_steps=1745 t=0.15s
Ep   33: len= 69 黑胜 loss=28.0924 temp=1.00 total_env_steps=1814 t=0.19s
Ep   34: len= 50 白胜 loss=28.1701 temp=1.00 total_env_steps=1864 t=0.15s
Ep   35: len= 53 黑胜 loss=28.1299 temp=1.00 total_env_steps=1917 t=0.16s
Ep   36: len= 65 黑胜 loss=28.1942 temp=1.00 total_env_steps=1982 t=0.22s
Ep   37: len= 74 白胜 loss=28.0903 temp=1.00 total_env_steps=2056 t=0.21s
Ep   38: len= 67 黑胜 loss=28.0456 temp=1.00 total_env_steps=2123 t=0.19s
Ep   39: len= 54 白胜 loss=28.1948 temp=1.00 total_env_steps=2177 t=0.18s
Ep   40: len= 39 黑胜 loss=27.7482 temp=1.00 total_env_steps=2216 t=0.15s
Ep   41: len= 61 黑胜 loss=28.2554 temp=1.00 total_env_steps=2277 t=0.17s
Ep   42: len= 57 黑胜 loss=28.0749 temp=1.00 total_env_steps=2334 t=0.17s
Ep   43: len= 46 白胜 loss=28.3872 temp=1.00 total_env_steps=2380 t=0.16s
Ep   44: len= 55 黑胜 loss=28.1518 temp=1.00 total_env_steps=2435 t=0.16s
Ep   45: len= 56 白胜 loss=28.0076 temp=1.00 total_env_steps=2491 t=0.17s
Ep   46: len= 61 黑胜 loss=27.9630 temp=1.00 total_env_steps=2552 t=0.17s
Ep   47: len= 49 黑胜 loss=27.9869 temp=1.00 total_env_steps=2601 t=0.15s
Ep   48: len= 55 黑胜 loss=27.9601 temp=1.00 total_env_steps=2656 t=0.15s
Ep   49: len= 47 黑胜 loss=27.9071 temp=1.00 total_env_steps=2703 t=0.14s
Ep   50: len= 23 黑胜 loss=28.0042 temp=1.00 total_env_steps=2726 t=0.09s
  eval vs Gomoku-random-v0: win_rate=1.00 mean_return=1.00（20 局，total_env_steps=2726）
  ✅ 达标 ep=50 total_env_steps=2726
Ep   51: len= 57 黑胜 loss=28.0645 temp=1.00 total_env_steps=2783 t=0.16s
Ep   52: len= 24 白胜 loss=28.0658 temp=1.00 total_env_steps=2807 t=0.09s
Ep   53: len= 41 黑胜 loss=28.0911 temp=1.00 total_env_steps=2848 t=0.13s
Ep   54: len= 35 黑胜 loss=28.1520 temp=1.00 total_env_steps=2883 t=0.13s
Ep   55: len= 57 黑胜 loss=28.1502 temp=1.00 total_env_steps=2940 t=0.16s
Ep   56: len= 40 白胜 loss=27.9437 temp=1.00 total_env_steps=2980 t=0.14s
Ep   57: len= 57 黑胜 loss=28.0786 temp=1.00 total_env_steps=3037 t=0.18s
Ep   58: len= 33 黑胜 loss=27.8417 temp=1.00 total_env_steps=3070 t=0.11s
Ep   59: len= 48 白胜 loss=28.1026 temp=1.00 total_env_steps=3118 t=0.15s
Ep   60: len= 52 白胜 loss=27.8930 temp=1.00 total_env_steps=3170 t=0.15s
Ep   61: len= 63 黑胜 loss=28.2350 temp=1.00 total_env_steps=3233 t=0.18s
Ep   62: len= 67 黑胜 loss=27.9995 temp=1.00 total_env_steps=3300 t=0.20s
Ep   63: len= 53 黑胜 loss=27.9826 temp=1.00 total_env_steps=3353 t=0.16s
Ep   64: len= 64 白胜 loss=28.2145 temp=1.00 total_env_steps=3417 t=0.17s
Ep   65: len= 53 黑胜 loss=28.0943 temp=1.00 total_env_steps=3470 t=0.15s
Ep   66: len= 74 白胜 loss=28.2840 temp=1.00 total_env_steps=3544 t=0.21s
Ep   67: len= 60 白胜 loss=28.1487 temp=1.00 total_env_steps=3604 t=0.18s
Ep   68: len= 27 黑胜 loss=27.9098 temp=1.00 total_env_steps=3631 t=0.10s
Ep   69: len= 61 黑胜 loss=27.9348 temp=1.00 total_env_steps=3692 t=0.17s
Ep   70: len= 30 白胜 loss=27.9993 temp=1.00 total_env_steps=3722 t=0.10s
Ep   71: len= 65 黑胜 loss=28.2507 temp=1.00 total_env_steps=3787 t=0.17s
Ep   72: len= 50 白胜 loss=28.1060 temp=1.00 total_env_steps=3837 t=0.14s
Ep   73: len= 44 白胜 loss=27.8596 temp=1.00 total_env_steps=3881 t=0.13s
Ep   74: len= 32 白胜 loss=27.9259 temp=1.00 total_env_steps=3913 t=0.11s
Ep   75: len= 68 白胜 loss=28.2539 temp=1.00 total_env_steps=3981 t=0.19s
Ep   76: len= 58 白胜 loss=27.9307 temp=1.00 total_env_steps=4039 t=0.16s
Ep   77: len= 56 白胜 loss=27.9382 temp=1.00 total_env_steps=4095 t=0.16s
Ep   78: len= 39 黑胜 loss=28.0170 temp=1.00 total_env_steps=4134 t=0.13s
Ep   79: len= 49 黑胜 loss=28.1038 temp=1.00 total_env_steps=4183 t=0.15s
Ep   80: len= 45 黑胜 loss=28.0495 temp=1.00 total_env_steps=4228 t=0.14s
Ep   81: len= 50 白胜 loss=27.9442 temp=1.00 total_env_steps=4278 t=0.14s
Ep   82: len= 68 白胜 loss=27.9018 temp=1.00 total_env_steps=4346 t=0.18s
Ep   83: len= 41 黑胜 loss=27.8307 temp=1.00 total_env_steps=4387 t=0.12s
Ep   84: len= 55 黑胜 loss=27.9186 temp=1.00 total_env_steps=4442 t=0.15s
Ep   85: len= 59 黑胜 loss=28.0129 temp=1.00 total_env_steps=4501 t=0.15s
Ep   86: len= 45 黑胜 loss=27.9830 temp=1.00 total_env_steps=4546 t=0.13s
Ep   87: len= 54 白胜 loss=27.8501 temp=1.00 total_env_steps=4600 t=0.15s
Ep   88: len= 49 黑胜 loss=28.0455 temp=1.00 total_env_steps=4649 t=0.14s
Ep   89: len= 39 黑胜 loss=28.0345 temp=1.00 total_env_steps=4688 t=0.12s
Ep   90: len= 36 白胜 loss=28.0009 temp=1.00 total_env_steps=4724 t=0.11s
Ep   91: len= 67 黑胜 loss=27.9028 temp=1.00 total_env_steps=4791 t=0.17s
Ep   92: len= 34 白胜 loss=27.9246 temp=1.00 total_env_steps=4825 t=0.11s
Ep   93: len= 53 黑胜 loss=28.0378 temp=1.00 total_env_steps=4878 t=0.14s
Ep   94: len= 56 白胜 loss=27.8787 temp=1.00 total_env_steps=4934 t=0.14s
Ep   95: len= 53 黑胜 loss=27.7148 temp=1.00 total_env_steps=4987 t=0.14s
Ep   96: len= 61 黑胜 loss=27.8445 temp=1.00 total_env_steps=5048 t=0.17s
Ep   97: len= 39 黑胜 loss=27.9452 temp=1.00 total_env_steps=5087 t=0.11s
Ep   98: len= 69 黑胜 loss=27.8706 temp=1.00 total_env_steps=5156 t=0.17s
Ep   99: len= 57 黑胜 loss=28.0279 temp=1.00 total_env_steps=5213 t=0.14s
Ep  100: len= 63 黑胜 loss=27.8506 temp=1.00 total_env_steps=5276 t=0.16s
  eval vs Gomoku-random-v0: win_rate=0.75 mean_return=0.50（20 局，total_env_steps=5276）
Ep  101: len= 46 白胜 loss=27.9473 temp=1.00 total_env_steps=5322 t=0.13s
Ep  102: len= 45 黑胜 loss=28.0375 temp=0.99 total_env_steps=5367 t=0.13s
Ep  103: len= 47 黑胜 loss=28.0001 temp=0.99 total_env_steps=5414 t=0.13s
Ep  104: len= 40 白胜 loss=28.1331 temp=0.98 total_env_steps=5454 t=0.12s
Ep  105: len= 52 白胜 loss=27.7185 temp=0.97 total_env_steps=5506 t=0.15s
Ep  106: len= 51 黑胜 loss=28.1041 temp=0.96 total_env_steps=5557 t=0.14s
Ep  107: len= 50 白胜 loss=27.8256 temp=0.95 total_env_steps=5607 t=0.14s
Ep  108: len= 37 黑胜 loss=27.7648 temp=0.95 total_env_steps=5644 t=0.11s
Ep  109: len= 63 黑胜 loss=27.8701 temp=0.94 total_env_steps=5707 t=0.16s
Ep  110: len= 35 黑胜 loss=27.8487 temp=0.93 total_env_steps=5742 t=0.11s
Ep  111: len= 53 黑胜 loss=27.9393 temp=0.93 total_env_steps=5795 t=0.15s
Ep  112: len= 43 黑胜 loss=28.1788 temp=0.92 total_env_steps=5838 t=0.12s
Ep  113: len= 71 黑胜 loss=27.9413 temp=0.91 total_env_steps=5909 t=0.19s
Ep  114: len= 51 黑胜 loss=28.1872 temp=0.90 total_env_steps=5960 t=0.15s
Ep  115: len= 46 白胜 loss=27.9520 temp=0.89 total_env_steps=6006 t=0.15s
Ep  116: len= 58 白胜 loss=28.0488 temp=0.89 total_env_steps=6064 t=0.16s
Ep  117: len= 32 白胜 loss=27.7757 temp=0.88 total_env_steps=6096 t=0.10s
Ep  118: len= 71 黑胜 loss=27.6938 temp=0.87 total_env_steps=6167 t=0.19s
Ep  119: len= 44 白胜 loss=27.8278 temp=0.87 total_env_steps=6211 t=0.13s
Ep  120: len= 42 白胜 loss=27.8659 temp=0.86 total_env_steps=6253 t=0.14s
Ep  121: len= 52 白胜 loss=27.9990 temp=0.85 total_env_steps=6305 t=0.17s
Ep  122: len= 54 白胜 loss=27.7825 temp=0.84 total_env_steps=6359 t=0.16s
Ep  123: len= 50 白胜 loss=27.8709 temp=0.84 total_env_steps=6409 t=0.15s
Ep  124: len= 57 黑胜 loss=27.8680 temp=0.83 total_env_steps=6466 t=0.16s
Ep  125: len= 57 黑胜 loss=28.0400 temp=0.82 total_env_steps=6523 t=0.15s
Ep  126: len= 66 白胜 loss=27.8993 temp=0.81 total_env_steps=6589 t=0.20s
Ep  127: len= 15 黑胜 loss=27.8936 temp=0.81 total_env_steps=6604 t=0.11s
Ep  128: len= 49 黑胜 loss=27.8426 temp=0.80 total_env_steps=6653 t=0.20s
Ep  129: len= 75 黑胜 loss=27.8141 temp=0.79 total_env_steps=6728 t=0.26s
Ep  130: len= 53 黑胜 loss=27.6817 temp=0.78 total_env_steps=6781 t=0.19s
Ep  131: len= 45 黑胜 loss=27.6500 temp=0.77 total_env_steps=6826 t=0.16s
Ep  132: len= 46 白胜 loss=27.7907 temp=0.77 total_env_steps=6872 t=0.16s
Ep  133: len= 40 白胜 loss=27.8810 temp=0.76 total_env_steps=6912 t=0.15s
Ep  134: len= 63 黑胜 loss=27.7625 temp=0.75 total_env_steps=6975 t=0.20s
Ep  135: len= 55 黑胜 loss=27.9895 temp=0.75 total_env_steps=7030 t=0.18s
Ep  136: len= 41 黑胜 loss=27.8429 temp=0.74 total_env_steps=7071 t=0.14s
Ep  137: len= 60 白胜 loss=28.1185 temp=0.73 total_env_steps=7131 t=0.17s
Ep  138: len= 64 白胜 loss=27.8257 temp=0.72 total_env_steps=7195 t=0.18s
Ep  139: len= 32 白胜 loss=27.5775 temp=0.72 total_env_steps=7227 t=0.12s
Ep  140: len= 53 黑胜 loss=27.7285 temp=0.71 total_env_steps=7280 t=0.17s
Ep  141: len= 38 白胜 loss=27.7582 temp=0.70 total_env_steps=7318 t=0.13s
Ep  142: len= 31 黑胜 loss=27.8190 temp=0.69 total_env_steps=7349 t=0.11s
Ep  143: len= 52 白胜 loss=27.7975 temp=0.69 total_env_steps=7401 t=0.16s
Ep  144: len= 53 黑胜 loss=27.7454 temp=0.68 total_env_steps=7454 t=0.15s
Ep  145: len= 34 白胜 loss=27.7737 temp=0.67 total_env_steps=7488 t=0.11s
Ep  146: len= 57 黑胜 loss=27.7992 temp=0.66 total_env_steps=7545 t=0.17s
Ep  147: len= 55 黑胜 loss=27.7651 temp=0.65 total_env_steps=7600 t=0.16s
Ep  148: len= 27 黑胜 loss=27.9645 temp=0.65 total_env_steps=7627 t=0.10s
Ep  149: len= 38 白胜 loss=27.6594 temp=0.64 total_env_steps=7665 t=0.12s
Ep  150: len= 43 黑胜 loss=27.8708 temp=0.63 total_env_steps=7708 t=0.14s
  eval vs Gomoku-random-v0: win_rate=0.90 mean_return=0.80（20 局，total_env_steps=7708）
Ep  151: len= 40 白胜 loss=27.9437 temp=0.62 total_env_steps=7748 t=0.12s
Ep  152: len= 39 黑胜 loss=27.8679 temp=0.62 total_env_steps=7787 t=0.14s
Ep  153: len= 44 白胜 loss=27.8942 temp=0.61 total_env_steps=7831 t=0.15s
Ep  154: len= 33 黑胜 loss=27.8807 temp=0.60 total_env_steps=7864 t=0.11s
Ep  155: len= 62 白胜 loss=27.9005 temp=0.59 total_env_steps=7926 t=0.17s
Ep  156: len= 27 黑胜 loss=27.6728 temp=0.59 total_env_steps=7953 t=0.09s
Ep  157: len= 46 白胜 loss=27.7887 temp=0.58 total_env_steps=7999 t=0.14s
Ep  158: len= 43 黑胜 loss=27.9885 temp=0.57 total_env_steps=8042 t=0.13s
Ep  159: len= 41 黑胜 loss=27.8649 temp=0.56 total_env_steps=8083 t=0.12s
Ep  160: len= 36 白胜 loss=27.7613 temp=0.56 total_env_steps=8119 t=0.11s
Ep  161: len= 36 白胜 loss=27.8941 temp=0.55 total_env_steps=8155 t=0.11s
Ep  162: len= 39 黑胜 loss=27.5651 temp=0.54 total_env_steps=8194 t=0.12s
Ep  163: len= 50 白胜 loss=27.6174 temp=0.53 total_env_steps=8244 t=0.16s
Ep  164: len= 43 黑胜 loss=27.6417 temp=0.53 total_env_steps=8287 t=0.15s
Ep  165: len= 46 白胜 loss=28.0392 temp=0.52 total_env_steps=8333 t=0.16s
Ep  166: len= 44 白胜 loss=27.8358 temp=0.51 total_env_steps=8377 t=0.20s
Ep  167: len= 28 白胜 loss=27.6120 temp=0.50 total_env_steps=8405 t=0.10s
Ep  168: len= 57 黑胜 loss=27.5815 temp=0.50 total_env_steps=8462 t=0.18s
Ep  169: len= 81 平局 loss=27.8695 temp=0.49 total_env_steps=8543 t=0.22s
Ep  170: len= 45 黑胜 loss=27.6342 temp=0.48 total_env_steps=8588 t=0.14s
Ep  171: len= 73 黑胜 loss=27.6091 temp=0.48 total_env_steps=8661 t=0.21s
Ep  172: len= 81 平局 loss=27.7069 temp=0.47 total_env_steps=8742 t=0.23s
Ep  173: len= 33 黑胜 loss=27.7380 temp=0.46 total_env_steps=8775 t=0.11s
Ep  174: len= 49 黑胜 loss=28.2452 temp=0.45 total_env_steps=8824 t=0.14s
Ep  175: len= 36 白胜 loss=27.7785 temp=0.44 total_env_steps=8860 t=0.11s
Ep  176: len= 45 黑胜 loss=28.0603 temp=0.44 total_env_steps=8905 t=0.13s
Ep  177: len= 52 白胜 loss=27.7137 temp=0.43 total_env_steps=8957 t=0.18s
Ep  178: len= 46 白胜 loss=27.6701 temp=0.42 total_env_steps=9003 t=0.25s
Ep  179: len= 40 白胜 loss=27.5941 temp=0.42 total_env_steps=9043 t=0.21s
Ep  180: len= 50 白胜 loss=27.8892 temp=0.41 total_env_steps=9093 t=0.19s
Ep  181: len= 51 黑胜 loss=27.8252 temp=0.40 total_env_steps=9144 t=0.17s
Ep  182: len= 39 黑胜 loss=27.7211 temp=0.39 total_env_steps=9183 t=0.13s
Ep  183: len= 20 白胜 loss=27.7742 temp=0.38 total_env_steps=9203 t=0.09s
Ep  184: len= 64 白胜 loss=27.7994 temp=0.38 total_env_steps=9267 t=0.20s
Ep  185: len= 65 黑胜 loss=28.0175 temp=0.37 total_env_steps=9332 t=0.20s
Ep  186: len= 38 白胜 loss=27.9775 temp=0.36 total_env_steps=9370 t=0.16s
Ep  187: len= 46 白胜 loss=27.7144 temp=0.36 total_env_steps=9416 t=0.16s
Ep  188: len= 54 白胜 loss=27.5172 temp=0.35 total_env_steps=9470 t=0.18s
Ep  189: len= 49 黑胜 loss=27.9002 temp=0.34 total_env_steps=9519 t=0.15s
Ep  190: len= 49 黑胜 loss=27.8130 temp=0.33 total_env_steps=9568 t=0.15s
Ep  191: len= 57 黑胜 loss=27.3818 temp=0.33 total_env_steps=9625 t=0.15s
Ep  192: len= 57 黑胜 loss=27.7664 temp=0.32 total_env_steps=9682 t=0.16s
Ep  193: len= 50 白胜 loss=27.6830 temp=0.31 total_env_steps=9732 t=0.15s
Ep  194: len= 61 黑胜 loss=27.5551 temp=0.30 total_env_steps=9793 t=0.17s
Ep  195: len= 71 黑胜 loss=27.3088 temp=0.30 total_env_steps=9864 t=0.18s
Ep  196: len= 46 白胜 loss=27.7699 temp=0.29 total_env_steps=9910 t=0.15s
Ep  197: len= 48 白胜 loss=27.7238 temp=0.28 total_env_steps=9958 t=0.15s
Ep  198: len= 37 黑胜 loss=27.6938 temp=0.27 total_env_steps=9995 t=0.13s
Ep  199: len= 43 黑胜 loss=27.7786 temp=0.26 total_env_steps=10038 t=0.13s
Ep  200: len= 56 白胜 loss=27.7983 temp=0.26 total_env_steps=10094 t=0.16s
  eval vs Gomoku-random-v0: win_rate=0.85 mean_return=0.70（20 局，total_env_steps=10094）
  📸 已拍权重快照（ep=200，gating 对弈基准）
Ep  201: len= 50 白胜 loss=27.9720 temp=0.25 total_env_steps=10144 t=0.17s
Ep  202: len= 23 黑胜 loss=27.8870 temp=0.25 total_env_steps=10167 t=0.10s
Ep  203: len= 47 黑胜 loss=27.5389 temp=0.25 total_env_steps=10214 t=0.18s
Ep  204: len= 54 白胜 loss=27.7220 temp=0.25 total_env_steps=10268 t=0.17s
Ep  205: len= 42 白胜 loss=27.3185 temp=0.25 total_env_steps=10310 t=0.13s
Ep  206: len= 21 黑胜 loss=27.7469 temp=0.25 total_env_steps=10331 t=0.09s
Ep  207: len= 62 白胜 loss=27.6648 temp=0.25 total_env_steps=10393 t=0.18s
Ep  208: len= 35 黑胜 loss=27.4777 temp=0.25 total_env_steps=10428 t=0.13s
Ep  209: len= 45 黑胜 loss=27.6020 temp=0.25 total_env_steps=10473 t=0.15s
Ep  210: len= 21 黑胜 loss=27.6710 temp=0.25 total_env_steps=10494 t=0.09s
Ep  211: len= 33 黑胜 loss=27.6751 temp=0.25 total_env_steps=10527 t=0.13s
Ep  212: len= 38 白胜 loss=27.5323 temp=0.25 total_env_steps=10565 t=0.13s
Ep  213: len= 36 白胜 loss=27.6083 temp=0.25 total_env_steps=10601 t=0.13s
Ep  214: len= 51 黑胜 loss=27.3245 temp=0.25 total_env_steps=10652 t=0.17s
Ep  215: len= 39 黑胜 loss=27.5773 temp=0.25 total_env_steps=10691 t=0.13s
Ep  216: len= 29 黑胜 loss=27.7307 temp=0.25 total_env_steps=10720 t=0.11s
Ep  217: len= 37 黑胜 loss=27.2447 temp=0.25 total_env_steps=10757 t=0.13s
Ep  218: len= 33 黑胜 loss=27.5408 temp=0.25 total_env_steps=10790 t=0.12s
Ep  219: len= 39 黑胜 loss=27.3324 temp=0.25 total_env_steps=10829 t=0.14s
Ep  220: len= 33 黑胜 loss=27.6590 temp=0.25 total_env_steps=10862 t=0.12s
Ep  221: len= 40 白胜 loss=27.6757 temp=0.25 total_env_steps=10902 t=0.13s
Ep  222: len= 26 白胜 loss=27.5516 temp=0.25 total_env_steps=10928 t=0.10s
Ep  223: len= 32 白胜 loss=27.5797 temp=0.25 total_env_steps=10960 t=0.12s
Ep  224: len= 38 白胜 loss=27.7164 temp=0.25 total_env_steps=10998 t=0.13s
Ep  225: len= 33 黑胜 loss=27.4427 temp=0.25 total_env_steps=11031 t=0.13s
Ep  226: len= 27 黑胜 loss=27.6470 temp=0.25 total_env_steps=11058 t=0.12s
Ep  227: len= 38 白胜 loss=27.2975 temp=0.25 total_env_steps=11096 t=0.16s
Ep  228: len= 34 白胜 loss=27.3706 temp=0.25 total_env_steps=11130 t=0.15s
Ep  229: len= 64 白胜 loss=27.8832 temp=0.25 total_env_steps=11194 t=0.26s
Ep  230: len= 39 黑胜 loss=27.8559 temp=0.25 total_env_steps=11233 t=0.15s
Ep  231: len= 50 白胜 loss=27.3897 temp=0.25 total_env_steps=11283 t=0.16s
Ep  232: len= 39 黑胜 loss=27.1676 temp=0.25 total_env_steps=11322 t=0.13s
Ep  233: len= 39 黑胜 loss=27.7156 temp=0.25 total_env_steps=11361 t=0.13s
Ep  234: len= 46 白胜 loss=27.5770 temp=0.25 total_env_steps=11407 t=0.14s
Ep  235: len= 49 黑胜 loss=27.3948 temp=0.25 total_env_steps=11456 t=0.14s
Ep  236: len= 45 黑胜 loss=27.3187 temp=0.25 total_env_steps=11501 t=0.13s
Ep  237: len= 52 白胜 loss=27.2218 temp=0.25 total_env_steps=11553 t=0.14s
Ep  238: len= 39 黑胜 loss=27.3910 temp=0.25 total_env_steps=11592 t=0.11s
Ep  239: len= 46 白胜 loss=27.2363 temp=0.25 total_env_steps=11638 t=0.13s
Ep  240: len= 38 白胜 loss=27.4249 temp=0.25 total_env_steps=11676 t=0.15s
Ep  241: len= 48 白胜 loss=27.1342 temp=0.25 total_env_steps=11724 t=0.15s
Ep  242: len= 38 白胜 loss=27.5709 temp=0.25 total_env_steps=11762 t=0.12s
Ep  243: len= 38 白胜 loss=27.2489 temp=0.25 total_env_steps=11800 t=0.12s
Ep  244: len= 23 黑胜 loss=27.2363 temp=0.25 total_env_steps=11823 t=0.09s
Ep  245: len= 39 黑胜 loss=27.4304 temp=0.25 total_env_steps=11862 t=0.13s
Ep  246: len= 35 黑胜 loss=27.4083 temp=0.25 total_env_steps=11897 t=0.14s
Ep  247: len= 39 黑胜 loss=27.3745 temp=0.25 total_env_steps=11936 t=0.13s
Ep  248: len= 29 黑胜 loss=27.4514 temp=0.25 total_env_steps=11965 t=0.11s
Ep  249: len= 39 黑胜 loss=27.4456 temp=0.25 total_env_steps=12004 t=0.13s
Ep  250: len= 40 白胜 loss=27.4260 temp=0.25 total_env_steps=12044 t=0.13s
  eval vs Gomoku-random-v0: win_rate=0.95 mean_return=0.90（20 局，total_env_steps=12044）
Ep  251: len= 38 白胜 loss=27.5619 temp=0.25 total_env_steps=12082 t=0.12s
Ep  252: len= 53 黑胜 loss=27.2448 temp=0.25 total_env_steps=12135 t=0.15s
Ep  253: len= 27 黑胜 loss=27.5698 temp=0.25 total_env_steps=12162 t=0.09s
Ep  254: len= 37 黑胜 loss=27.1348 temp=0.25 total_env_steps=12199 t=0.11s
Ep  255: len= 49 黑胜 loss=27.1610 temp=0.25 total_env_steps=12248 t=0.15s
Ep  256: len= 38 白胜 loss=27.1817 temp=0.25 total_env_steps=12286 t=0.13s
Ep  257: len= 39 黑胜 loss=27.4463 temp=0.25 total_env_steps=12325 t=0.12s
Ep  258: len= 75 黑胜 loss=27.2512 temp=0.25 total_env_steps=12400 t=0.19s
Ep  259: len= 32 白胜 loss=27.9130 temp=0.25 total_env_steps=12432 t=0.10s
Ep  260: len= 34 白胜 loss=27.0857 temp=0.25 total_env_steps=12466 t=0.11s
Ep  261: len= 44 白胜 loss=27.1844 temp=0.25 total_env_steps=12510 t=0.13s
Ep  262: len= 34 白胜 loss=27.1411 temp=0.25 total_env_steps=12544 t=0.11s
Ep  263: len= 31 黑胜 loss=27.2719 temp=0.25 total_env_steps=12575 t=0.10s
Ep  264: len= 32 白胜 loss=27.1746 temp=0.25 total_env_steps=12607 t=0.11s
Ep  265: len= 34 白胜 loss=27.2293 temp=0.25 total_env_steps=12641 t=0.11s
Ep  266: len= 34 白胜 loss=27.1077 temp=0.25 total_env_steps=12675 t=0.11s
Ep  267: len= 32 白胜 loss=27.2137 temp=0.25 total_env_steps=12707 t=0.11s
Ep  268: len= 46 白胜 loss=27.6374 temp=0.25 total_env_steps=12753 t=0.14s
Ep  269: len= 36 白胜 loss=27.2555 temp=0.25 total_env_steps=12789 t=0.12s
Ep  270: len= 32 白胜 loss=27.5463 temp=0.25 total_env_steps=12821 t=0.10s
Ep  271: len= 54 白胜 loss=27.2819 temp=0.25 total_env_steps=12875 t=0.15s
Ep  272: len= 44 白胜 loss=27.4460 temp=0.25 total_env_steps=12919 t=0.13s
Ep  273: len= 38 白胜 loss=27.2820 temp=0.25 total_env_steps=12957 t=0.12s
Ep  274: len= 33 黑胜 loss=26.7994 temp=0.25 total_env_steps=12990 t=0.11s
Ep  275: len= 48 白胜 loss=26.9905 temp=0.25 total_env_steps=13038 t=0.14s
Ep  276: len= 46 白胜 loss=27.4621 temp=0.25 total_env_steps=13084 t=0.13s
Ep  277: len= 37 黑胜 loss=27.2983 temp=0.25 total_env_steps=13121 t=0.12s
Ep  278: len= 31 黑胜 loss=27.3487 temp=0.25 total_env_steps=13152 t=0.11s
Ep  279: len= 29 黑胜 loss=27.5252 temp=0.25 total_env_steps=13181 t=0.11s
Ep  280: len= 68 白胜 loss=27.1172 temp=0.25 total_env_steps=13249 t=0.19s
Ep  281: len= 19 黑胜 loss=26.7345 temp=0.25 total_env_steps=13268 t=0.08s
Ep  282: len= 32 白胜 loss=27.0976 temp=0.25 total_env_steps=13300 t=0.10s
Ep  283: len= 60 白胜 loss=26.7206 temp=0.25 total_env_steps=13360 t=0.19s
Ep  284: len= 20 白胜 loss=26.9865 temp=0.25 total_env_steps=13380 t=0.10s
Ep  285: len= 39 黑胜 loss=26.9745 temp=0.25 total_env_steps=13419 t=0.13s
Ep  286: len= 34 白胜 loss=27.5613 temp=0.25 total_env_steps=13453 t=0.12s
Ep  287: len= 33 黑胜 loss=26.7019 temp=0.25 total_env_steps=13486 t=0.11s
Ep  288: len= 48 白胜 loss=27.4126 temp=0.25 total_env_steps=13534 t=0.14s
Ep  289: len= 50 白胜 loss=27.0622 temp=0.25 total_env_steps=13584 t=0.14s
Ep  290: len= 41 黑胜 loss=26.8731 temp=0.25 total_env_steps=13625 t=0.13s
Ep  291: len= 42 白胜 loss=26.3825 temp=0.25 total_env_steps=13667 t=0.14s
Ep  292: len= 29 黑胜 loss=27.0332 temp=0.25 total_env_steps=13696 t=0.10s
Ep  293: len= 53 黑胜 loss=27.3309 temp=0.25 total_env_steps=13749 t=0.16s
Ep  294: len= 19 黑胜 loss=27.2999 temp=0.25 total_env_steps=13768 t=0.08s
Ep  295: len= 41 黑胜 loss=26.9233 temp=0.25 total_env_steps=13809 t=0.13s
Ep  296: len= 55 黑胜 loss=27.0725 temp=0.25 total_env_steps=13864 t=0.18s
Ep  297: len= 24 白胜 loss=27.0597 temp=0.25 total_env_steps=13888 t=0.10s
Ep  298: len= 37 黑胜 loss=26.8968 temp=0.25 total_env_steps=13925 t=0.13s
Ep  299: len= 52 白胜 loss=26.9901 temp=0.25 total_env_steps=13977 t=0.16s
Ep  300: len= 47 黑胜 loss=26.7801 temp=0.25 total_env_steps=14024 t=0.15s
  eval vs Gomoku-random-v0: win_rate=0.95 mean_return=0.90（20 局，total_env_steps=14024）
Ep  301: len= 53 黑胜 loss=26.7522 temp=0.25 total_env_steps=14077 t=0.14s
Ep  302: len= 43 黑胜 loss=26.4306 temp=0.25 total_env_steps=14120 t=0.13s
Ep  303: len= 27 黑胜 loss=26.6065 temp=0.25 total_env_steps=14147 t=0.10s
Ep  304: len= 24 白胜 loss=26.5735 temp=0.25 total_env_steps=14171 t=0.09s
Ep  305: len= 52 白胜 loss=26.9044 temp=0.25 total_env_steps=14223 t=0.15s
Ep  306: len= 34 白胜 loss=26.4173 temp=0.25 total_env_steps=14257 t=0.11s
Ep  307: len= 38 白胜 loss=26.8128 temp=0.25 total_env_steps=14295 t=0.12s
Ep  308: len= 39 黑胜 loss=26.9813 temp=0.25 total_env_steps=14334 t=0.12s
Ep  309: len= 35 黑胜 loss=26.6758 temp=0.25 total_env_steps=14369 t=0.12s
Ep  310: len= 51 黑胜 loss=26.8506 temp=0.25 total_env_steps=14420 t=0.15s
Ep  311: len= 28 白胜 loss=26.9743 temp=0.25 total_env_steps=14448 t=0.10s
Ep  312: len= 31 黑胜 loss=26.2742 temp=0.25 total_env_steps=14479 t=0.13s
Ep  313: len= 38 白胜 loss=26.5850 temp=0.25 total_env_steps=14517 t=0.15s
Ep  314: len= 34 白胜 loss=27.1519 temp=0.25 total_env_steps=14551 t=0.12s
Ep  315: len= 26 白胜 loss=26.5100 temp=0.25 total_env_steps=14577 t=0.10s
Ep  316: len= 17 黑胜 loss=26.8781 temp=0.25 total_env_steps=14594 t=0.08s
Ep  317: len= 42 白胜 loss=26.8835 temp=0.25 total_env_steps=14636 t=0.14s
Ep  318: len= 36 白胜 loss=26.4418 temp=0.25 total_env_steps=14672 t=0.13s
Ep  319: len= 36 白胜 loss=26.8614 temp=0.25 total_env_steps=14708 t=0.13s
Ep  320: len= 55 黑胜 loss=26.3789 temp=0.25 total_env_steps=14763 t=0.16s
Ep  321: len= 36 白胜 loss=26.2967 temp=0.25 total_env_steps=14799 t=0.12s
Ep  322: len= 27 黑胜 loss=26.3166 temp=0.25 total_env_steps=14826 t=0.10s
Ep  323: len= 30 白胜 loss=26.6053 temp=0.25 total_env_steps=14856 t=0.11s
Ep  324: len= 42 白胜 loss=26.4986 temp=0.25 total_env_steps=14898 t=0.14s
Ep  325: len= 25 黑胜 loss=26.2579 temp=0.25 total_env_steps=14923 t=0.11s
Ep  326: len= 24 白胜 loss=26.1265 temp=0.25 total_env_steps=14947 t=0.10s
Ep  327: len= 34 白胜 loss=26.7553 temp=0.25 total_env_steps=14981 t=0.12s
Ep  328: len= 36 白胜 loss=26.4179 temp=0.25 total_env_steps=15017 t=0.12s
Ep  329: len= 40 白胜 loss=26.1496 temp=0.25 total_env_steps=15057 t=0.13s
Ep  330: len= 62 白胜 loss=26.5222 temp=0.25 total_env_steps=15119 t=0.17s
Ep  331: len= 49 黑胜 loss=25.8094 temp=0.25 total_env_steps=15168 t=0.15s
Ep  332: len= 33 黑胜 loss=25.9532 temp=0.25 total_env_steps=15201 t=0.12s
Ep  333: len= 72 白胜 loss=26.5239 temp=0.25 total_env_steps=15273 t=0.20s
Ep  334: len= 25 黑胜 loss=26.3465 temp=0.25 total_env_steps=15298 t=0.10s
Ep  335: len= 33 黑胜 loss=26.3111 temp=0.25 total_env_steps=15331 t=0.12s
Ep  336: len= 24 白胜 loss=26.3349 temp=0.25 total_env_steps=15355 t=0.10s
Ep  337: len= 21 黑胜 loss=26.7259 temp=0.25 total_env_steps=15376 t=0.10s
Ep  338: len= 45 黑胜 loss=26.3342 temp=0.25 total_env_steps=15421 t=0.15s
Ep  339: len= 32 白胜 loss=26.2836 temp=0.25 total_env_steps=15453 t=0.12s
Ep  340: len= 19 黑胜 loss=26.6531 temp=0.25 total_env_steps=15472 t=0.09s
Ep  341: len= 29 黑胜 loss=26.1538 temp=0.25 total_env_steps=15501 t=0.13s
Ep  342: len= 32 白胜 loss=26.0810 temp=0.25 total_env_steps=15533 t=0.12s
Ep  343: len= 71 黑胜 loss=26.0211 temp=0.25 total_env_steps=15604 t=0.20s
Ep  344: len= 47 黑胜 loss=26.5908 temp=0.25 total_env_steps=15651 t=0.14s
Ep  345: len= 54 白胜 loss=25.9123 temp=0.25 total_env_steps=15705 t=0.16s
Ep  346: len= 50 白胜 loss=26.5129 temp=0.25 total_env_steps=15755 t=0.14s
Ep  347: len= 31 黑胜 loss=26.3203 temp=0.25 total_env_steps=15786 t=0.11s
Ep  348: len= 27 黑胜 loss=26.0357 temp=0.25 total_env_steps=15813 t=0.11s
Ep  349: len= 65 黑胜 loss=25.9705 temp=0.25 total_env_steps=15878 t=0.17s
Ep  350: len= 22 白胜 loss=25.4602 temp=0.25 total_env_steps=15900 t=0.09s
  eval vs Gomoku-random-v0: win_rate=0.95 mean_return=0.90（20 局，total_env_steps=15900）
Ep  351: len= 35 黑胜 loss=25.7639 temp=0.25 total_env_steps=15935 t=0.11s
Ep  352: len= 49 黑胜 loss=26.0793 temp=0.25 total_env_steps=15984 t=0.13s
Ep  353: len= 39 黑胜 loss=26.4193 temp=0.25 total_env_steps=16023 t=0.12s
Ep  354: len= 34 白胜 loss=26.1243 temp=0.25 total_env_steps=16057 t=0.11s
Ep  355: len= 53 黑胜 loss=25.9485 temp=0.25 total_env_steps=16110 t=0.15s
Ep  356: len= 51 黑胜 loss=26.3417 temp=0.25 total_env_steps=16161 t=0.14s
Ep  357: len= 61 黑胜 loss=25.8126 temp=0.25 total_env_steps=16222 t=0.16s
Ep  358: len= 65 黑胜 loss=25.9543 temp=0.25 total_env_steps=16287 t=0.17s
Ep  359: len= 20 白胜 loss=25.8216 temp=0.25 total_env_steps=16307 t=0.08s
Ep  360: len= 35 黑胜 loss=26.5272 temp=0.25 total_env_steps=16342 t=0.13s
Ep  361: len= 48 白胜 loss=25.7537 temp=0.25 total_env_steps=16390 t=0.14s
Ep  362: len= 25 黑胜 loss=26.3817 temp=0.25 total_env_steps=16415 t=0.10s
Ep  363: len= 46 白胜 loss=25.7384 temp=0.25 total_env_steps=16461 t=0.13s
Ep  364: len= 58 白胜 loss=25.9643 temp=0.25 total_env_steps=16519 t=0.15s
Ep  365: len= 42 白胜 loss=25.7897 temp=0.25 total_env_steps=16561 t=0.13s
Ep  366: len= 49 黑胜 loss=25.8304 temp=0.25 total_env_steps=16610 t=0.14s
Ep  367: len= 25 黑胜 loss=26.0528 temp=0.25 total_env_steps=16635 t=0.09s
Ep  368: len= 18 白胜 loss=25.2491 temp=0.25 total_env_steps=16653 t=0.08s
Ep  369: len= 23 黑胜 loss=26.4101 temp=0.25 total_env_steps=16676 t=0.11s
Ep  370: len= 37 黑胜 loss=26.0141 temp=0.25 total_env_steps=16713 t=0.14s
Ep  371: len= 34 白胜 loss=26.1925 temp=0.25 total_env_steps=16747 t=0.12s
Ep  372: len= 28 白胜 loss=25.8813 temp=0.25 total_env_steps=16775 t=0.10s
Ep  373: len= 40 白胜 loss=25.8309 temp=0.25 total_env_steps=16815 t=0.13s
Ep  374: len= 36 白胜 loss=26.3306 temp=0.25 total_env_steps=16851 t=0.12s
Ep  375: len= 28 白胜 loss=26.4003 temp=0.25 total_env_steps=16879 t=0.10s
Ep  376: len= 28 白胜 loss=25.7644 temp=0.25 total_env_steps=16907 t=0.10s
Ep  377: len= 32 白胜 loss=25.7816 temp=0.25 total_env_steps=16939 t=0.11s
Ep  378: len= 53 黑胜 loss=25.5984 temp=0.25 total_env_steps=16992 t=0.15s
Ep  379: len= 24 白胜 loss=25.8092 temp=0.25 total_env_steps=17016 t=0.10s
Ep  380: len= 50 白胜 loss=25.3942 temp=0.25 total_env_steps=17066 t=0.15s
Ep  381: len= 42 白胜 loss=25.0552 temp=0.25 total_env_steps=17108 t=0.13s
Ep  382: len= 30 白胜 loss=25.6033 temp=0.25 total_env_steps=17138 t=0.11s
Ep  383: len= 43 黑胜 loss=25.7980 temp=0.25 total_env_steps=17181 t=0.14s
Ep  384: len= 36 白胜 loss=25.8923 temp=0.25 total_env_steps=17217 t=0.12s
Ep  385: len= 47 黑胜 loss=25.3723 temp=0.25 total_env_steps=17264 t=0.14s
Ep  386: len= 23 黑胜 loss=25.8129 temp=0.25 total_env_steps=17287 t=0.09s
Ep  387: len= 30 白胜 loss=25.6910 temp=0.25 total_env_steps=17317 t=0.11s
Ep  388: len= 45 黑胜 loss=25.3190 temp=0.25 total_env_steps=17362 t=0.13s
Ep  389: len= 29 黑胜 loss=25.3920 temp=0.25 total_env_steps=17391 t=0.10s
Ep  390: len= 28 白胜 loss=26.0696 temp=0.25 total_env_steps=17419 t=0.10s
Ep  391: len= 24 白胜 loss=25.8459 temp=0.25 total_env_steps=17443 t=0.10s
Ep  392: len= 26 白胜 loss=25.8447 temp=0.25 total_env_steps=17469 t=0.10s
Ep  393: len= 31 黑胜 loss=26.0935 temp=0.25 total_env_steps=17500 t=0.11s
Ep  394: len= 56 白胜 loss=25.3808 temp=0.25 total_env_steps=17556 t=0.15s
Ep  395: len= 26 白胜 loss=25.6953 temp=0.25 total_env_steps=17582 t=0.10s
Ep  396: len= 42 白胜 loss=25.5543 temp=0.25 total_env_steps=17624 t=0.13s
Ep  397: len= 57 黑胜 loss=25.0848 temp=0.25 total_env_steps=17681 t=0.17s
Ep  398: len= 43 黑胜 loss=25.7433 temp=0.25 total_env_steps=17724 t=0.14s
Ep  399: len= 23 黑胜 loss=25.4129 temp=0.25 total_env_steps=17747 t=0.09s
Ep  400: len= 46 白胜 loss=25.6655 temp=0.25 total_env_steps=17793 t=0.13s
  eval vs Gomoku-random-v0: win_rate=0.95 mean_return=0.90（20 局，total_env_steps=17793）
[闸门] vs random（40 局）: win_rate=0.850
[闸门] vs 半程快照（40 局，黑白各半）: score=0.750
[梯队] vs naive0（20 局，观察性）: win_rate=0.00
[梯队] vs naive1（20 局，观察性）: win_rate=0.00
[梯队] vs naive2（20 局，观察性）: win_rate=0.00
[梯队] vs naive3（20 局，观察性）: win_rate=0.00
📈 Gomoku-selfplay-v0 win_rate=0.95（best 1.00）| 门槛 0.95 | 69.9s

--- arm=cnn_repr seed=43 sims=100 ---
[MyZero-board Gomoku-selfplay-v0] obs=243(3×9²) |A|=81 sims=100 γ=1.0 negamax
[MyZero-board] repr=CNN（stride-1 棋盘塔）
Ep    1: len= 42 白胜 loss=0.0000 temp=1.00 total_env_steps=42 t=0.09s
Ep    2: len= 56 白胜 loss=0.0000 temp=1.00 total_env_steps=98 t=0.12s
Ep    3: len= 54 白胜 loss=0.0000 temp=1.00 total_env_steps=152 t=0.11s
Ep    4: len= 59 黑胜 loss=0.0000 temp=1.00 total_env_steps=211 t=0.12s
Ep    5: len= 52 白胜 loss=0.0000 temp=1.00 total_env_steps=263 t=0.11s
Ep    6: len= 51 黑胜 loss=0.0000 temp=1.00 total_env_steps=314 t=0.10s
Ep    7: len= 41 黑胜 loss=0.0000 temp=1.00 total_env_steps=355 t=0.08s
Ep    8: len= 73 黑胜 loss=0.0000 temp=1.00 total_env_steps=428 t=0.16s
Ep    9: len= 67 黑胜 loss=0.0000 temp=1.00 total_env_steps=495 t=0.13s
Ep   10: len= 55 黑胜 loss=35.4865 temp=1.00 total_env_steps=550 t=0.15s
Ep   11: len= 48 白胜 loss=28.5536 temp=1.00 total_env_steps=598 t=0.13s
Ep   12: len= 35 黑胜 loss=28.7768 temp=1.00 total_env_steps=633 t=0.10s
Ep   13: len= 45 黑胜 loss=28.4395 temp=1.00 total_env_steps=678 t=0.15s
Ep   14: len= 39 黑胜 loss=28.1994 temp=1.00 total_env_steps=717 t=0.12s
Ep   15: len= 47 黑胜 loss=28.3015 temp=1.00 total_env_steps=764 t=0.13s
Ep   16: len= 32 白胜 loss=28.3221 temp=1.00 total_env_steps=796 t=0.11s
Ep   17: len= 70 白胜 loss=28.3837 temp=1.00 total_env_steps=866 t=0.18s
Ep   18: len= 38 白胜 loss=28.2440 temp=1.00 total_env_steps=904 t=0.12s
Ep   19: len= 52 白胜 loss=28.3154 temp=1.00 total_env_steps=956 t=0.15s
Ep   20: len= 65 黑胜 loss=28.5769 temp=1.00 total_env_steps=1021 t=0.18s
Ep   21: len= 31 黑胜 loss=28.1139 temp=1.00 total_env_steps=1052 t=0.11s
Ep   22: len= 78 白胜 loss=28.0880 temp=1.00 total_env_steps=1130 t=0.24s
Ep   23: len= 48 白胜 loss=28.1531 temp=1.00 total_env_steps=1178 t=0.14s
Ep   24: len= 62 白胜 loss=28.1080 temp=1.00 total_env_steps=1240 t=0.16s
Ep   25: len= 70 白胜 loss=28.2599 temp=1.00 total_env_steps=1310 t=0.18s
Ep   26: len= 63 黑胜 loss=27.9837 temp=1.00 total_env_steps=1373 t=0.18s
Ep   27: len= 60 白胜 loss=28.4589 temp=1.00 total_env_steps=1433 t=0.17s
Ep   28: len= 40 白胜 loss=27.9375 temp=1.00 total_env_steps=1473 t=0.13s
Ep   29: len= 51 黑胜 loss=28.5755 temp=1.00 total_env_steps=1524 t=0.15s
Ep   30: len= 52 白胜 loss=28.2067 temp=1.00 total_env_steps=1576 t=0.14s
Ep   31: len= 47 黑胜 loss=28.0942 temp=1.00 total_env_steps=1623 t=0.13s
Ep   32: len= 50 白胜 loss=28.4863 temp=1.00 total_env_steps=1673 t=0.14s
Ep   33: len= 44 白胜 loss=28.1433 temp=1.00 total_env_steps=1717 t=0.14s
Ep   34: len= 54 白胜 loss=28.7515 temp=1.00 total_env_steps=1771 t=0.16s
Ep   35: len= 43 黑胜 loss=28.4491 temp=1.00 total_env_steps=1814 t=0.14s
Ep   36: len= 47 黑胜 loss=27.9213 temp=1.00 total_env_steps=1861 t=0.15s
Ep   37: len= 58 白胜 loss=28.0176 temp=1.00 total_env_steps=1919 t=0.16s
Ep   38: len= 54 白胜 loss=28.3130 temp=1.00 total_env_steps=1973 t=0.16s
Ep   39: len= 49 黑胜 loss=28.0558 temp=1.00 total_env_steps=2022 t=0.15s
Ep   40: len= 46 白胜 loss=28.2331 temp=1.00 total_env_steps=2068 t=0.14s
Ep   41: len= 50 白胜 loss=28.1151 temp=1.00 total_env_steps=2118 t=0.16s
Ep   42: len= 37 黑胜 loss=27.8002 temp=1.00 total_env_steps=2155 t=0.13s
Ep   43: len= 45 黑胜 loss=27.9318 temp=1.00 total_env_steps=2200 t=0.14s
Ep   44: len= 50 白胜 loss=28.2776 temp=1.00 total_env_steps=2250 t=0.15s
Ep   45: len= 39 黑胜 loss=28.2074 temp=1.00 total_env_steps=2289 t=0.12s
Ep   46: len= 58 白胜 loss=27.8873 temp=1.00 total_env_steps=2347 t=0.17s
Ep   47: len= 44 白胜 loss=28.0814 temp=1.00 total_env_steps=2391 t=0.16s
Ep   48: len= 47 黑胜 loss=28.6069 temp=1.00 total_env_steps=2438 t=0.16s
Ep   49: len= 51 黑胜 loss=28.1304 temp=1.00 total_env_steps=2489 t=0.16s
Ep   50: len= 51 黑胜 loss=28.5825 temp=1.00 total_env_steps=2540 t=0.15s
  eval vs Gomoku-random-v0: win_rate=1.00 mean_return=1.00（20 局，total_env_steps=2540）
  ✅ 达标 ep=50 total_env_steps=2540
Ep   51: len= 42 白胜 loss=28.1288 temp=1.00 total_env_steps=2582 t=0.13s
Ep   52: len= 32 白胜 loss=28.3001 temp=1.00 total_env_steps=2614 t=0.11s
Ep   53: len= 35 黑胜 loss=28.3268 temp=1.00 total_env_steps=2649 t=0.12s
Ep   54: len= 51 黑胜 loss=27.9804 temp=1.00 total_env_steps=2700 t=0.15s
Ep   55: len= 48 白胜 loss=27.9072 temp=1.00 total_env_steps=2748 t=0.14s
Ep   56: len= 69 黑胜 loss=28.1184 temp=1.00 total_env_steps=2817 t=0.18s
Ep   57: len= 49 黑胜 loss=28.2663 temp=1.00 total_env_steps=2866 t=0.14s
Ep   58: len= 59 黑胜 loss=28.2067 temp=1.00 total_env_steps=2925 t=0.17s
Ep   59: len= 63 黑胜 loss=28.0024 temp=1.00 total_env_steps=2988 t=0.19s
Ep   60: len= 27 黑胜 loss=27.9881 temp=1.00 total_env_steps=3015 t=0.10s
Ep   61: len= 45 黑胜 loss=27.9907 temp=1.00 total_env_steps=3060 t=0.14s
Ep   62: len= 58 白胜 loss=27.6712 temp=1.00 total_env_steps=3118 t=0.16s
Ep   63: len= 48 白胜 loss=27.8527 temp=1.00 total_env_steps=3166 t=0.15s
Ep   64: len= 46 白胜 loss=28.0370 temp=1.00 total_env_steps=3212 t=0.13s
Ep   65: len= 48 白胜 loss=27.8317 temp=1.00 total_env_steps=3260 t=0.15s
Ep   66: len= 63 黑胜 loss=28.3806 temp=1.00 total_env_steps=3323 t=0.18s
Ep   67: len= 54 白胜 loss=27.9095 temp=1.00 total_env_steps=3377 t=0.16s
Ep   68: len= 39 黑胜 loss=28.1974 temp=1.00 total_env_steps=3416 t=0.13s
Ep   69: len= 31 黑胜 loss=27.8320 temp=1.00 total_env_steps=3447 t=0.11s
Ep   70: len= 46 白胜 loss=27.9971 temp=1.00 total_env_steps=3493 t=0.14s
Ep   71: len= 60 白胜 loss=27.5961 temp=1.00 total_env_steps=3553 t=0.17s
Ep   72: len= 62 白胜 loss=27.9379 temp=1.00 total_env_steps=3615 t=0.18s
Ep   73: len= 45 黑胜 loss=27.8393 temp=1.00 total_env_steps=3660 t=0.13s
Ep   74: len= 48 白胜 loss=27.7477 temp=1.00 total_env_steps=3708 t=0.15s
Ep   75: len= 42 白胜 loss=28.0206 temp=1.00 total_env_steps=3750 t=0.15s
Ep   76: len= 72 白胜 loss=27.6866 temp=1.00 total_env_steps=3822 t=0.22s
Ep   77: len= 37 黑胜 loss=27.8193 temp=1.00 total_env_steps=3859 t=0.12s
Ep   78: len= 53 黑胜 loss=28.2719 temp=1.00 total_env_steps=3912 t=0.16s
Ep   79: len= 28 白胜 loss=27.8043 temp=1.00 total_env_steps=3940 t=0.11s
Ep   80: len= 59 黑胜 loss=28.1923 temp=1.00 total_env_steps=3999 t=0.17s
Ep   81: len= 35 黑胜 loss=28.2361 temp=1.00 total_env_steps=4034 t=0.11s
Ep   82: len= 53 黑胜 loss=28.4339 temp=1.00 total_env_steps=4087 t=0.18s
Ep   83: len= 51 黑胜 loss=27.8411 temp=1.00 total_env_steps=4138 t=0.16s
Ep   84: len= 34 白胜 loss=27.9206 temp=1.00 total_env_steps=4172 t=0.11s
Ep   85: len= 44 白胜 loss=28.0068 temp=1.00 total_env_steps=4216 t=0.14s
Ep   86: len= 42 白胜 loss=27.6463 temp=1.00 total_env_steps=4258 t=0.14s
Ep   87: len= 56 白胜 loss=27.8502 temp=1.00 total_env_steps=4314 t=0.16s
Ep   88: len= 56 白胜 loss=28.3761 temp=1.00 total_env_steps=4370 t=0.16s
Ep   89: len= 49 黑胜 loss=27.7736 temp=1.00 total_env_steps=4419 t=0.14s
Ep   90: len= 37 黑胜 loss=27.9846 temp=1.00 total_env_steps=4456 t=0.12s
Ep   91: len= 37 黑胜 loss=27.9349 temp=1.00 total_env_steps=4493 t=0.12s
Ep   92: len= 30 白胜 loss=27.7647 temp=1.00 total_env_steps=4523 t=0.11s
Ep   93: len= 35 黑胜 loss=27.6507 temp=1.00 total_env_steps=4558 t=0.13s
Ep   94: len= 55 黑胜 loss=27.9450 temp=1.00 total_env_steps=4613 t=0.16s
Ep   95: len= 48 白胜 loss=27.8687 temp=1.00 total_env_steps=4661 t=0.14s
Ep   96: len= 49 黑胜 loss=27.7503 temp=1.00 total_env_steps=4710 t=0.15s
Ep   97: len= 68 白胜 loss=27.8677 temp=1.00 total_env_steps=4778 t=0.19s
Ep   98: len= 58 白胜 loss=27.6796 temp=1.00 total_env_steps=4836 t=0.16s
Ep   99: len= 45 黑胜 loss=27.9265 temp=1.00 total_env_steps=4881 t=0.14s
Ep  100: len= 52 白胜 loss=27.8713 temp=1.00 total_env_steps=4933 t=0.15s
  eval vs Gomoku-random-v0: win_rate=0.85 mean_return=0.70（20 局，total_env_steps=4933）
Ep  101: len= 37 黑胜 loss=28.0982 temp=1.00 total_env_steps=4970 t=0.12s
Ep  102: len= 52 白胜 loss=27.7098 temp=0.99 total_env_steps=5022 t=0.14s
Ep  103: len= 64 白胜 loss=27.8194 temp=0.99 total_env_steps=5086 t=0.18s
Ep  104: len= 37 黑胜 loss=27.8305 temp=0.98 total_env_steps=5123 t=0.12s
Ep  105: len= 47 黑胜 loss=27.6210 temp=0.97 total_env_steps=5170 t=0.14s
Ep  106: len= 50 白胜 loss=27.8071 temp=0.96 total_env_steps=5220 t=0.15s
Ep  107: len= 54 白胜 loss=27.8459 temp=0.95 total_env_steps=5274 t=0.16s
Ep  108: len= 31 黑胜 loss=27.8385 temp=0.95 total_env_steps=5305 t=0.11s
Ep  109: len= 58 白胜 loss=27.6977 temp=0.94 total_env_steps=5363 t=0.16s
Ep  110: len= 50 白胜 loss=27.6612 temp=0.93 total_env_steps=5413 t=0.15s
Ep  111: len= 55 黑胜 loss=27.9292 temp=0.93 total_env_steps=5468 t=0.16s
Ep  112: len= 36 白胜 loss=27.8672 temp=0.92 total_env_steps=5504 t=0.13s
Ep  113: len= 37 黑胜 loss=27.7526 temp=0.91 total_env_steps=5541 t=0.13s
Ep  114: len= 69 黑胜 loss=27.6321 temp=0.90 total_env_steps=5610 t=0.21s
Ep  115: len= 42 白胜 loss=27.6162 temp=0.89 total_env_steps=5652 t=0.14s
Ep  116: len= 46 白胜 loss=27.9869 temp=0.89 total_env_steps=5698 t=0.14s
Ep  117: len= 56 白胜 loss=28.0233 temp=0.88 total_env_steps=5754 t=0.16s
Ep  118: len= 39 黑胜 loss=27.7397 temp=0.87 total_env_steps=5793 t=0.13s
Ep  119: len= 55 黑胜 loss=27.7747 temp=0.87 total_env_steps=5848 t=0.15s
Ep  120: len= 43 黑胜 loss=27.6372 temp=0.86 total_env_steps=5891 t=0.13s
Ep  121: len= 25 黑胜 loss=27.8733 temp=0.85 total_env_steps=5916 t=0.10s
Ep  122: len= 38 白胜 loss=27.7668 temp=0.84 total_env_steps=5954 t=0.14s
Ep  123: len= 57 黑胜 loss=27.9030 temp=0.84 total_env_steps=6011 t=0.17s
Ep  124: len= 53 黑胜 loss=27.9449 temp=0.83 total_env_steps=6064 t=0.15s
Ep  125: len= 51 黑胜 loss=27.7985 temp=0.82 total_env_steps=6115 t=0.15s
Ep  126: len= 56 白胜 loss=27.6871 temp=0.81 total_env_steps=6171 t=0.16s
Ep  127: len= 37 黑胜 loss=27.6668 temp=0.81 total_env_steps=6208 t=0.12s
Ep  128: len= 76 白胜 loss=27.8206 temp=0.80 total_env_steps=6284 t=0.20s
Ep  129: len= 67 黑胜 loss=27.7177 temp=0.79 total_env_steps=6351 t=0.18s
Ep  130: len= 71 黑胜 loss=27.8418 temp=0.78 total_env_steps=6422 t=0.18s
Ep  131: len= 38 白胜 loss=27.6629 temp=0.77 total_env_steps=6460 t=0.12s
Ep  132: len= 34 白胜 loss=27.6865 temp=0.77 total_env_steps=6494 t=0.12s
Ep  133: len= 39 黑胜 loss=27.6838 temp=0.76 total_env_steps=6533 t=0.13s
Ep  134: len= 49 黑胜 loss=27.7214 temp=0.75 total_env_steps=6582 t=0.15s
Ep  135: len= 50 白胜 loss=27.6757 temp=0.75 total_env_steps=6632 t=0.16s
Ep  136: len= 52 白胜 loss=27.5619 temp=0.74 total_env_steps=6684 t=0.17s
Ep  137: len= 62 白胜 loss=27.7731 temp=0.73 total_env_steps=6746 t=0.21s
Ep  138: len= 23 黑胜 loss=27.9968 temp=0.72 total_env_steps=6769 t=0.09s
Ep  139: len= 45 黑胜 loss=27.6728 temp=0.72 total_env_steps=6814 t=0.15s
Ep  140: len= 59 黑胜 loss=27.7756 temp=0.71 total_env_steps=6873 t=0.17s
Ep  141: len= 38 白胜 loss=27.7877 temp=0.70 total_env_steps=6911 t=0.12s
Ep  142: len= 40 白胜 loss=27.4939 temp=0.69 total_env_steps=6951 t=0.14s
Ep  143: len= 43 黑胜 loss=27.5491 temp=0.69 total_env_steps=6994 t=0.14s
Ep  144: len= 56 白胜 loss=27.6808 temp=0.68 total_env_steps=7050 t=0.16s
Ep  145: len= 51 黑胜 loss=27.5814 temp=0.67 total_env_steps=7101 t=0.15s
Ep  146: len= 60 白胜 loss=27.7815 temp=0.66 total_env_steps=7161 t=0.17s
Ep  147: len= 44 白胜 loss=27.5979 temp=0.65 total_env_steps=7205 t=0.13s
Ep  148: len= 41 黑胜 loss=27.7939 temp=0.65 total_env_steps=7246 t=0.13s
Ep  149: len= 53 黑胜 loss=27.8043 temp=0.64 total_env_steps=7299 t=0.16s
Ep  150: len= 39 黑胜 loss=27.5808 temp=0.63 total_env_steps=7338 t=0.12s
  eval vs Gomoku-random-v0: win_rate=1.00 mean_return=1.00（20 局，total_env_steps=7338）
Ep  151: len= 51 黑胜 loss=27.7914 temp=0.62 total_env_steps=7389 t=0.15s
Ep  152: len= 51 黑胜 loss=27.7800 temp=0.62 total_env_steps=7440 t=0.15s
Ep  153: len= 48 白胜 loss=27.7956 temp=0.61 total_env_steps=7488 t=0.15s
Ep  154: len= 36 白胜 loss=27.7290 temp=0.60 total_env_steps=7524 t=0.12s
Ep  155: len= 34 白胜 loss=27.6781 temp=0.59 total_env_steps=7558 t=0.11s
Ep  156: len= 69 黑胜 loss=27.7687 temp=0.59 total_env_steps=7627 t=0.19s
Ep  157: len= 60 白胜 loss=27.6858 temp=0.58 total_env_steps=7687 t=0.17s
Ep  158: len= 56 白胜 loss=27.8046 temp=0.57 total_env_steps=7743 t=0.16s
Ep  159: len= 75 黑胜 loss=27.6527 temp=0.56 total_env_steps=7818 t=0.20s
Ep  160: len= 48 白胜 loss=27.7611 temp=0.56 total_env_steps=7866 t=0.14s
Ep  161: len= 54 白胜 loss=27.8025 temp=0.55 total_env_steps=7920 t=0.16s
Ep  162: len= 34 白胜 loss=27.8177 temp=0.54 total_env_steps=7954 t=0.11s
Ep  163: len= 35 黑胜 loss=27.7835 temp=0.53 total_env_steps=7989 t=0.13s
Ep  164: len= 38 白胜 loss=27.7728 temp=0.53 total_env_steps=8027 t=0.13s
Ep  165: len= 36 白胜 loss=27.7036 temp=0.52 total_env_steps=8063 t=0.12s
Ep  166: len= 69 黑胜 loss=27.7522 temp=0.51 total_env_steps=8132 t=0.20s
Ep  167: len= 22 白胜 loss=27.7385 temp=0.50 total_env_steps=8154 t=0.09s
Ep  168: len= 26 白胜 loss=27.7597 temp=0.50 total_env_steps=8180 t=0.10s
Ep  169: len= 52 白胜 loss=27.6930 temp=0.49 total_env_steps=8232 t=0.15s
Ep  170: len= 42 白胜 loss=27.6091 temp=0.48 total_env_steps=8274 t=0.13s
Ep  171: len= 44 白胜 loss=27.8439 temp=0.48 total_env_steps=8318 t=0.14s
Ep  172: len= 30 白胜 loss=27.6253 temp=0.47 total_env_steps=8348 t=0.11s
Ep  173: len= 38 白胜 loss=27.7260 temp=0.46 total_env_steps=8386 t=0.12s
Ep  174: len= 72 白胜 loss=27.7678 temp=0.45 total_env_steps=8458 t=0.19s
Ep  175: len= 59 黑胜 loss=27.5215 temp=0.44 total_env_steps=8517 t=0.16s
Ep  176: len= 38 白胜 loss=27.3026 temp=0.44 total_env_steps=8555 t=0.12s
Ep  177: len= 29 黑胜 loss=27.8149 temp=0.43 total_env_steps=8584 t=0.10s
Ep  178: len= 64 白胜 loss=27.6992 temp=0.42 total_env_steps=8648 t=0.19s
Ep  179: len= 54 白胜 loss=27.8550 temp=0.42 total_env_steps=8702 t=0.15s
Ep  180: len= 30 白胜 loss=27.6847 temp=0.41 total_env_steps=8732 t=0.11s
Ep  181: len= 29 黑胜 loss=27.6233 temp=0.40 total_env_steps=8761 t=0.11s
Ep  182: len= 29 黑胜 loss=27.6688 temp=0.39 total_env_steps=8790 t=0.11s
Ep  183: len= 44 白胜 loss=27.5181 temp=0.38 total_env_steps=8834 t=0.14s
Ep  184: len= 36 白胜 loss=27.5404 temp=0.38 total_env_steps=8870 t=0.12s
Ep  185: len= 37 黑胜 loss=27.7315 temp=0.37 total_env_steps=8907 t=0.13s
Ep  186: len= 38 白胜 loss=27.7261 temp=0.36 total_env_steps=8945 t=0.14s
Ep  187: len= 20 白胜 loss=27.8744 temp=0.36 total_env_steps=8965 t=0.09s
Ep  188: len= 45 黑胜 loss=27.4386 temp=0.35 total_env_steps=9010 t=0.15s
Ep  189: len= 34 白胜 loss=27.6432 temp=0.34 total_env_steps=9044 t=0.12s
Ep  190: len= 28 白胜 loss=27.6656 temp=0.33 total_env_steps=9072 t=0.11s
Ep  191: len= 28 白胜 loss=27.8005 temp=0.33 total_env_steps=9100 t=0.14s
Ep  192: len= 42 白胜 loss=27.5045 temp=0.32 total_env_steps=9142 t=0.15s
Ep  193: len= 16 白胜 loss=27.9205 temp=0.31 total_env_steps=9158 t=0.08s
Ep  194: len= 58 白胜 loss=27.3752 temp=0.30 total_env_steps=9216 t=0.19s
Ep  195: len= 40 白胜 loss=27.6479 temp=0.30 total_env_steps=9256 t=0.13s
Ep  196: len= 30 白胜 loss=27.8285 temp=0.29 total_env_steps=9286 t=0.11s
Ep  197: len= 43 黑胜 loss=27.4664 temp=0.28 total_env_steps=9329 t=0.14s
Ep  198: len= 49 黑胜 loss=27.7987 temp=0.27 total_env_steps=9378 t=0.15s
Ep  199: len= 18 白胜 loss=27.6039 temp=0.26 total_env_steps=9396 t=0.09s
Ep  200: len= 53 黑胜 loss=27.9725 temp=0.26 total_env_steps=9449 t=0.16s
  eval vs Gomoku-random-v0: win_rate=1.00 mean_return=1.00（20 局，total_env_steps=9449）
  📸 已拍权重快照（ep=200，gating 对弈基准）
Ep  201: len= 50 白胜 loss=27.6350 temp=0.25 total_env_steps=9499 t=0.17s
Ep  202: len= 40 白胜 loss=27.4353 temp=0.25 total_env_steps=9539 t=0.13s
Ep  203: len= 31 黑胜 loss=27.6232 temp=0.25 total_env_steps=9570 t=0.11s
Ep  204: len= 51 黑胜 loss=27.5287 temp=0.25 total_env_steps=9621 t=0.15s
Ep  205: len= 70 白胜 loss=27.2065 temp=0.25 total_env_steps=9691 t=0.19s
Ep  206: len= 35 黑胜 loss=27.3687 temp=0.25 total_env_steps=9726 t=0.13s
Ep  207: len= 30 白胜 loss=27.5574 temp=0.25 total_env_steps=9756 t=0.11s
Ep  208: len= 54 白胜 loss=27.8707 temp=0.25 total_env_steps=9810 t=0.17s
Ep  209: len= 53 黑胜 loss=27.4362 temp=0.25 total_env_steps=9863 t=0.19s
Ep  210: len= 62 白胜 loss=27.7407 temp=0.25 total_env_steps=9925 t=0.18s
Ep  211: len= 43 黑胜 loss=27.4921 temp=0.25 total_env_steps=9968 t=0.14s
Ep  212: len= 47 黑胜 loss=27.1581 temp=0.25 total_env_steps=10015 t=0.15s
Ep  213: len= 69 黑胜 loss=27.7124 temp=0.25 total_env_steps=10084 t=0.19s
Ep  214: len= 50 白胜 loss=27.7575 temp=0.25 total_env_steps=10134 t=0.16s
Ep  215: len= 21 黑胜 loss=27.5210 temp=0.25 total_env_steps=10155 t=0.09s
Ep  216: len= 44 白胜 loss=27.0554 temp=0.25 total_env_steps=10199 t=0.16s
Ep  217: len= 21 黑胜 loss=27.4933 temp=0.25 total_env_steps=10220 t=0.10s
Ep  218: len= 63 黑胜 loss=27.5747 temp=0.25 total_env_steps=10283 t=0.19s
Ep  219: len= 54 白胜 loss=27.3046 temp=0.25 total_env_steps=10337 t=0.17s
Ep  220: len= 37 黑胜 loss=27.1913 temp=0.25 total_env_steps=10374 t=0.13s
Ep  221: len= 56 白胜 loss=27.3211 temp=0.25 total_env_steps=10430 t=0.17s
Ep  222: len= 38 白胜 loss=27.5857 temp=0.25 total_env_steps=10468 t=0.13s
Ep  223: len= 34 白胜 loss=27.3852 temp=0.25 total_env_steps=10502 t=0.13s
Ep  224: len= 68 白胜 loss=27.5158 temp=0.25 total_env_steps=10570 t=0.20s
Ep  225: len= 55 黑胜 loss=27.6497 temp=0.25 total_env_steps=10625 t=0.17s
Ep  226: len= 41 黑胜 loss=27.4262 temp=0.25 total_env_steps=10666 t=0.15s
Ep  227: len= 35 黑胜 loss=27.1394 temp=0.25 total_env_steps=10701 t=0.13s
Ep  228: len= 77 黑胜 loss=27.4245 temp=0.25 total_env_steps=10778 t=0.22s
Ep  229: len= 26 白胜 loss=27.3604 temp=0.25 total_env_steps=10804 t=0.11s
Ep  230: len= 35 黑胜 loss=27.2861 temp=0.25 total_env_steps=10839 t=0.13s
Ep  231: len= 42 白胜 loss=27.3150 temp=0.25 total_env_steps=10881 t=0.14s
Ep  232: len= 35 黑胜 loss=27.1300 temp=0.25 total_env_steps=10916 t=0.13s
Ep  233: len= 40 白胜 loss=27.0925 temp=0.25 total_env_steps=10956 t=0.15s
Ep  234: len= 52 白胜 loss=27.2768 temp=0.25 total_env_steps=11008 t=0.16s
Ep  235: len= 40 白胜 loss=27.0073 temp=0.25 total_env_steps=11048 t=0.13s
Ep  236: len= 40 白胜 loss=27.0386 temp=0.25 total_env_steps=11088 t=0.15s
Ep  237: len= 26 白胜 loss=27.7104 temp=0.25 total_env_steps=11114 t=0.11s
Ep  238: len= 48 白胜 loss=27.0807 temp=0.25 total_env_steps=11162 t=0.16s
Ep  239: len= 46 白胜 loss=27.1903 temp=0.25 total_env_steps=11208 t=0.16s
Ep  240: len= 34 白胜 loss=26.9970 temp=0.25 total_env_steps=11242 t=0.15s
Ep  241: len= 55 黑胜 loss=27.3279 temp=0.25 total_env_steps=11297 t=0.22s
Ep  242: len= 61 黑胜 loss=27.3285 temp=0.25 total_env_steps=11358 t=0.19s
Ep  243: len= 36 白胜 loss=27.1379 temp=0.25 total_env_steps=11394 t=0.16s
Ep  244: len= 51 黑胜 loss=27.4131 temp=0.25 total_env_steps=11445 t=0.17s
Ep  245: len= 51 黑胜 loss=27.3248 temp=0.25 total_env_steps=11496 t=0.16s
Ep  246: len= 59 黑胜 loss=27.5467 temp=0.25 total_env_steps=11555 t=0.19s
Ep  247: len= 58 白胜 loss=27.0729 temp=0.25 total_env_steps=11613 t=0.18s
Ep  248: len= 21 黑胜 loss=26.8301 temp=0.25 total_env_steps=11634 t=0.11s
Ep  249: len= 41 黑胜 loss=26.7254 temp=0.25 total_env_steps=11675 t=0.14s
Ep  250: len= 62 白胜 loss=27.6159 temp=0.25 total_env_steps=11737 t=0.18s
  eval vs Gomoku-random-v0: win_rate=1.00 mean_return=1.00（20 局，total_env_steps=11737）
Ep  251: len= 75 黑胜 loss=27.4219 temp=0.25 total_env_steps=11812 t=0.20s
Ep  252: len= 43 黑胜 loss=26.9468 temp=0.25 total_env_steps=11855 t=0.14s
Ep  253: len= 42 白胜 loss=27.1944 temp=0.25 total_env_steps=11897 t=0.14s
Ep  254: len= 33 黑胜 loss=26.9622 temp=0.25 total_env_steps=11930 t=0.12s
Ep  255: len= 60 白胜 loss=27.2207 temp=0.25 total_env_steps=11990 t=0.18s
Ep  256: len= 65 黑胜 loss=27.1452 temp=0.25 total_env_steps=12055 t=0.20s
Ep  257: len= 39 黑胜 loss=26.9957 temp=0.25 total_env_steps=12094 t=0.13s
Ep  258: len= 69 黑胜 loss=27.2595 temp=0.25 total_env_steps=12163 t=0.21s
Ep  259: len= 38 白胜 loss=26.9701 temp=0.25 total_env_steps=12201 t=0.16s
Ep  260: len= 61 黑胜 loss=26.9715 temp=0.25 total_env_steps=12262 t=0.19s
Ep  261: len= 44 白胜 loss=26.7269 temp=0.25 total_env_steps=12306 t=0.15s
Ep  262: len= 32 白胜 loss=27.2066 temp=0.25 total_env_steps=12338 t=0.13s
Ep  263: len= 35 黑胜 loss=27.5074 temp=0.25 total_env_steps=12373 t=0.13s
Ep  264: len= 48 白胜 loss=26.8541 temp=0.25 total_env_steps=12421 t=0.15s
Ep  265: len= 36 白胜 loss=26.9330 temp=0.25 total_env_steps=12457 t=0.12s
Ep  266: len= 30 白胜 loss=26.4748 temp=0.25 total_env_steps=12487 t=0.12s
Ep  267: len= 55 黑胜 loss=27.2922 temp=0.25 total_env_steps=12542 t=0.17s
Ep  268: len= 14 白胜 loss=26.6497 temp=0.25 total_env_steps=12556 t=0.08s
Ep  269: len= 30 白胜 loss=27.3120 temp=0.25 total_env_steps=12586 t=0.12s
Ep  270: len= 48 白胜 loss=26.8554 temp=0.25 total_env_steps=12634 t=0.16s
Ep  271: len= 51 黑胜 loss=26.6867 temp=0.25 total_env_steps=12685 t=0.16s
Ep  272: len= 50 白胜 loss=27.4130 temp=0.25 total_env_steps=12735 t=0.15s
Ep  273: len= 57 黑胜 loss=27.1953 temp=0.25 total_env_steps=12792 t=0.17s
Ep  274: len= 31 黑胜 loss=26.9204 temp=0.25 total_env_steps=12823 t=0.12s
Ep  275: len= 52 白胜 loss=26.8094 temp=0.25 total_env_steps=12875 t=0.16s
Ep  276: len= 27 黑胜 loss=27.3416 temp=0.25 total_env_steps=12902 t=0.11s
Ep  277: len= 77 黑胜 loss=27.3639 temp=0.25 total_env_steps=12979 t=0.21s
Ep  278: len= 74 白胜 loss=26.7200 temp=0.25 total_env_steps=13053 t=0.20s
Ep  279: len= 49 黑胜 loss=27.0432 temp=0.25 total_env_steps=13102 t=0.15s
Ep  280: len= 21 黑胜 loss=26.9285 temp=0.25 total_env_steps=13123 t=0.10s
Ep  281: len= 44 白胜 loss=26.3699 temp=0.25 total_env_steps=13167 t=0.14s
Ep  282: len= 35 黑胜 loss=27.1003 temp=0.25 total_env_steps=13202 t=0.13s
Ep  283: len= 41 黑胜 loss=26.9052 temp=0.25 total_env_steps=13243 t=0.15s
Ep  284: len= 42 白胜 loss=27.0555 temp=0.25 total_env_steps=13285 t=0.14s
Ep  285: len= 31 黑胜 loss=27.2283 temp=0.25 total_env_steps=13316 t=0.12s
Ep  286: len= 33 黑胜 loss=26.3931 temp=0.25 total_env_steps=13349 t=0.12s
Ep  287: len= 23 黑胜 loss=26.6741 temp=0.25 total_env_steps=13372 t=0.10s
Ep  288: len= 45 黑胜 loss=26.2129 temp=0.25 total_env_steps=13417 t=0.15s
Ep  289: len= 33 黑胜 loss=27.3322 temp=0.25 total_env_steps=13450 t=0.12s
Ep  290: len= 45 黑胜 loss=26.4859 temp=0.25 total_env_steps=13495 t=0.15s
Ep  291: len= 31 黑胜 loss=26.5666 temp=0.25 total_env_steps=13526 t=0.12s
Ep  292: len= 59 黑胜 loss=27.0550 temp=0.25 total_env_steps=13585 t=0.18s
Ep  293: len= 74 白胜 loss=26.9030 temp=0.25 total_env_steps=13659 t=0.21s
Ep  294: len= 56 白胜 loss=27.4269 temp=0.25 total_env_steps=13715 t=0.16s
Ep  295: len= 40 白胜 loss=26.3552 temp=0.25 total_env_steps=13755 t=0.14s
Ep  296: len= 34 白胜 loss=27.0143 temp=0.25 total_env_steps=13789 t=0.14s
Ep  297: len= 44 白胜 loss=26.8425 temp=0.25 total_env_steps=13833 t=0.18s
Ep  298: len= 52 白胜 loss=27.1105 temp=0.25 total_env_steps=13885 t=0.17s
Ep  299: len= 31 黑胜 loss=26.4951 temp=0.25 total_env_steps=13916 t=0.12s
Ep  300: len= 50 白胜 loss=27.0236 temp=0.25 total_env_steps=13966 t=0.16s
  eval vs Gomoku-random-v0: win_rate=1.00 mean_return=1.00（20 局，total_env_steps=13966）
Ep  301: len= 69 黑胜 loss=26.7840 temp=0.25 total_env_steps=14035 t=0.19s
Ep  302: len= 15 黑胜 loss=26.6293 temp=0.25 total_env_steps=14050 t=0.08s
Ep  303: len= 25 黑胜 loss=26.4789 temp=0.25 total_env_steps=14075 t=0.10s
Ep  304: len= 29 黑胜 loss=26.3201 temp=0.25 total_env_steps=14104 t=0.12s
Ep  305: len= 62 白胜 loss=26.7181 temp=0.25 total_env_steps=14166 t=0.19s
Ep  306: len= 22 白胜 loss=26.5260 temp=0.25 total_env_steps=14188 t=0.10s
Ep  307: len= 65 黑胜 loss=27.0390 temp=0.25 total_env_steps=14253 t=0.19s
Ep  308: len= 81 平局 loss=26.5376 temp=0.25 total_env_steps=14334 t=0.22s
Ep  309: len= 22 白胜 loss=26.0955 temp=0.25 total_env_steps=14356 t=0.10s
Ep  310: len= 50 白胜 loss=26.8674 temp=0.25 total_env_steps=14406 t=0.17s
Ep  311: len= 36 白胜 loss=26.5236 temp=0.25 total_env_steps=14442 t=0.14s
Ep  312: len= 27 黑胜 loss=26.3177 temp=0.25 total_env_steps=14469 t=0.12s
Ep  313: len= 27 黑胜 loss=26.6871 temp=0.25 total_env_steps=14496 t=0.11s
Ep  314: len= 66 白胜 loss=26.9023 temp=0.25 total_env_steps=14562 t=0.21s
Ep  315: len= 51 黑胜 loss=26.8653 temp=0.25 total_env_steps=14613 t=0.16s
Ep  316: len= 38 白胜 loss=26.0661 temp=0.25 total_env_steps=14651 t=0.15s
Ep  317: len= 30 白胜 loss=26.9506 temp=0.25 total_env_steps=14681 t=0.12s
Ep  318: len= 46 白胜 loss=26.7102 temp=0.25 total_env_steps=14727 t=0.15s
Ep  319: len= 71 黑胜 loss=26.5235 temp=0.25 total_env_steps=14798 t=0.21s
Ep  320: len= 45 黑胜 loss=26.0874 temp=0.25 total_env_steps=14843 t=0.14s
Ep  321: len= 34 白胜 loss=26.2838 temp=0.25 total_env_steps=14877 t=0.12s
Ep  322: len= 38 白胜 loss=26.9040 temp=0.25 total_env_steps=14915 t=0.13s
Ep  323: len= 58 白胜 loss=26.3200 temp=0.25 total_env_steps=14973 t=0.17s
Ep  324: len= 40 白胜 loss=26.1152 temp=0.25 total_env_steps=15013 t=0.14s
Ep  325: len= 35 黑胜 loss=27.2349 temp=0.25 total_env_steps=15048 t=0.13s
Ep  326: len= 61 黑胜 loss=26.3044 temp=0.25 total_env_steps=15109 t=0.19s
Ep  327: len= 33 黑胜 loss=27.0569 temp=0.25 total_env_steps=15142 t=0.13s
Ep  328: len= 21 黑胜 loss=26.8206 temp=0.25 total_env_steps=15163 t=0.10s
Ep  329: len= 21 黑胜 loss=26.7282 temp=0.25 total_env_steps=15184 t=0.10s
Ep  330: len= 41 黑胜 loss=26.6317 temp=0.25 total_env_steps=15225 t=0.14s
Ep  331: len= 22 白胜 loss=26.5355 temp=0.25 total_env_steps=15247 t=0.10s
Ep  332: len= 40 白胜 loss=26.8373 temp=0.25 total_env_steps=15287 t=0.14s
Ep  333: len= 33 黑胜 loss=26.5750 temp=0.25 total_env_steps=15320 t=0.13s
Ep  334: len= 28 白胜 loss=26.1934 temp=0.25 total_env_steps=15348 t=0.12s
Ep  335: len= 18 白胜 loss=26.6481 temp=0.25 total_env_steps=15366 t=0.09s
Ep  336: len= 32 白胜 loss=26.1203 temp=0.25 total_env_steps=15398 t=0.12s
Ep  337: len= 28 白胜 loss=25.5850 temp=0.25 total_env_steps=15426 t=0.11s
Ep  338: len= 24 白胜 loss=26.3916 temp=0.25 total_env_steps=15450 t=0.11s
Ep  339: len= 61 黑胜 loss=26.2889 temp=0.25 total_env_steps=15511 t=0.19s
Ep  340: len= 27 黑胜 loss=26.4640 temp=0.25 total_env_steps=15538 t=0.11s
Ep  341: len= 23 黑胜 loss=26.5073 temp=0.25 total_env_steps=15561 t=0.10s
Ep  342: len= 41 黑胜 loss=26.1844 temp=0.25 total_env_steps=15602 t=0.15s
Ep  343: len= 37 黑胜 loss=26.6969 temp=0.25 total_env_steps=15639 t=0.13s
Ep  344: len= 50 白胜 loss=26.1888 temp=0.25 total_env_steps=15689 t=0.16s
Ep  345: len= 59 黑胜 loss=26.0987 temp=0.25 total_env_steps=15748 t=0.18s
Ep  346: len= 21 黑胜 loss=26.1051 temp=0.25 total_env_steps=15769 t=0.10s
Ep  347: len= 50 白胜 loss=25.8290 temp=0.25 total_env_steps=15819 t=0.16s
Ep  348: len= 42 白胜 loss=26.2126 temp=0.25 total_env_steps=15861 t=0.17s
Ep  349: len= 35 黑胜 loss=26.5060 temp=0.25 total_env_steps=15896 t=0.14s
Ep  350: len= 44 白胜 loss=25.7168 temp=0.25 total_env_steps=15940 t=0.15s
  eval vs Gomoku-random-v0: win_rate=1.00 mean_return=1.00（20 局，total_env_steps=15940）
Ep  351: len= 24 白胜 loss=26.0418 temp=0.25 total_env_steps=15964 t=0.11s
Ep  352: len= 52 白胜 loss=26.0466 temp=0.25 total_env_steps=16016 t=0.17s
Ep  353: len= 27 黑胜 loss=26.1409 temp=0.25 total_env_steps=16043 t=0.10s
Ep  354: len= 43 黑胜 loss=26.5265 temp=0.25 total_env_steps=16086 t=0.14s
Ep  355: len= 30 白胜 loss=26.1325 temp=0.25 total_env_steps=16116 t=0.12s
Ep  356: len= 46 白胜 loss=25.8529 temp=0.25 total_env_steps=16162 t=0.15s
Ep  357: len= 27 黑胜 loss=25.7926 temp=0.25 total_env_steps=16189 t=0.11s
Ep  358: len= 20 白胜 loss=26.1041 temp=0.25 total_env_steps=16209 t=0.10s
Ep  359: len= 36 白胜 loss=26.2460 temp=0.25 total_env_steps=16245 t=0.14s
Ep  360: len= 26 白胜 loss=25.6348 temp=0.25 total_env_steps=16271 t=0.11s
Ep  361: len= 22 白胜 loss=25.8593 temp=0.25 total_env_steps=16293 t=0.10s
Ep  362: len= 30 白胜 loss=26.5177 temp=0.25 total_env_steps=16323 t=0.12s
Ep  363: len= 21 黑胜 loss=25.7092 temp=0.25 total_env_steps=16344 t=0.11s
Ep  364: len= 51 黑胜 loss=25.9145 temp=0.25 total_env_steps=16395 t=0.16s
Ep  365: len= 24 白胜 loss=25.7051 temp=0.25 total_env_steps=16419 t=0.10s
Ep  366: len= 43 黑胜 loss=25.9222 temp=0.25 total_env_steps=16462 t=0.14s
Ep  367: len= 49 黑胜 loss=25.6589 temp=0.25 total_env_steps=16511 t=0.16s
Ep  368: len= 18 白胜 loss=26.2459 temp=0.25 total_env_steps=16529 t=0.10s
Ep  369: len= 41 黑胜 loss=26.0532 temp=0.25 total_env_steps=16570 t=0.14s
Ep  370: len= 44 白胜 loss=26.5101 temp=0.25 total_env_steps=16614 t=0.15s
Ep  371: len= 23 黑胜 loss=25.9485 temp=0.25 total_env_steps=16637 t=0.10s
Ep  372: len= 33 黑胜 loss=25.0442 temp=0.25 total_env_steps=16670 t=0.12s
Ep  373: len= 10 白胜 loss=25.7122 temp=0.25 total_env_steps=16680 t=0.07s
Ep  374: len= 43 黑胜 loss=25.1480 temp=0.25 total_env_steps=16723 t=0.15s
Ep  375: len= 45 黑胜 loss=25.3701 temp=0.25 total_env_steps=16768 t=0.16s
Ep  376: len= 21 黑胜 loss=25.5626 temp=0.25 total_env_steps=16789 t=0.10s
Ep  377: len= 43 黑胜 loss=25.8913 temp=0.25 total_env_steps=16832 t=0.15s
Ep  378: len= 47 黑胜 loss=26.2696 temp=0.25 total_env_steps=16879 t=0.15s
Ep  379: len= 61 黑胜 loss=26.1475 temp=0.25 total_env_steps=16940 t=0.18s
Ep  380: len= 40 白胜 loss=26.3548 temp=0.25 total_env_steps=16980 t=0.14s
Ep  381: len= 36 白胜 loss=26.3628 temp=0.25 total_env_steps=17016 t=0.13s
Ep  382: len= 44 白胜 loss=25.9183 temp=0.25 total_env_steps=17060 t=0.15s
Ep  383: len= 28 白胜 loss=25.2881 temp=0.25 total_env_steps=17088 t=0.12s
Ep  384: len= 32 白胜 loss=26.1650 temp=0.25 total_env_steps=17120 t=0.12s
Ep  385: len= 49 黑胜 loss=25.7660 temp=0.25 total_env_steps=17169 t=0.16s
Ep  386: len= 59 黑胜 loss=26.3134 temp=0.25 total_env_steps=17228 t=0.18s
Ep  387: len= 41 黑胜 loss=25.6128 temp=0.25 total_env_steps=17269 t=0.14s
Ep  388: len= 31 黑胜 loss=25.8166 temp=0.25 total_env_steps=17300 t=0.12s
Ep  389: len= 16 白胜 loss=25.3946 temp=0.25 total_env_steps=17316 t=0.08s
Ep  390: len= 52 白胜 loss=25.9479 temp=0.25 total_env_steps=17368 t=0.18s
Ep  391: len= 32 白胜 loss=25.7515 temp=0.25 total_env_steps=17400 t=0.12s
Ep  392: len= 32 白胜 loss=25.3188 temp=0.25 total_env_steps=17432 t=0.12s
Ep  393: len= 46 白胜 loss=25.7883 temp=0.25 total_env_steps=17478 t=0.15s
Ep  394: len= 47 黑胜 loss=25.5844 temp=0.25 total_env_steps=17525 t=0.16s
Ep  395: len= 42 白胜 loss=25.8823 temp=0.25 total_env_steps=17567 t=0.14s
Ep  396: len= 49 黑胜 loss=25.1926 temp=0.25 total_env_steps=17616 t=0.16s
Ep  397: len= 26 白胜 loss=26.3607 temp=0.25 total_env_steps=17642 t=0.12s
Ep  398: len= 23 黑胜 loss=24.7755 temp=0.25 total_env_steps=17665 t=0.11s
Ep  399: len= 34 白胜 loss=25.5475 temp=0.25 total_env_steps=17699 t=0.14s
Ep  400: len= 28 白胜 loss=25.8832 temp=0.25 total_env_steps=17727 t=0.14s
  eval vs Gomoku-random-v0: win_rate=1.00 mean_return=1.00（20 局，total_env_steps=17727）
[闸门] vs random（40 局）: win_rate=0.950
[闸门] vs 半程快照（40 局，黑白各半）: score=0.750
[梯队] vs naive0（20 局，观察性）: win_rate=0.05
[梯队] vs naive1（20 局，观察性）: win_rate=0.00
[梯队] vs naive2（20 局，观察性）: win_rate=0.00
[梯队] vs naive3（20 局，观察性）: win_rate=0.00
📈 Gomoku-selfplay-v0 win_rate=1.00（best 1.00）| 门槛 0.95 | 70.2s

--- arm=cnn_repr seed=44 sims=100 ---
[MyZero-board Gomoku-selfplay-v0] obs=243(3×9²) |A|=81 sims=100 γ=1.0 negamax
[MyZero-board] repr=CNN（stride-1 棋盘塔）
Ep    1: len= 56 白胜 loss=0.0000 temp=1.00 total_env_steps=56 t=0.13s
Ep    2: len= 64 白胜 loss=0.0000 temp=1.00 total_env_steps=120 t=0.14s
Ep    3: len= 53 黑胜 loss=0.0000 temp=1.00 total_env_steps=173 t=0.12s
Ep    4: len= 60 白胜 loss=0.0000 temp=1.00 total_env_steps=233 t=0.13s
Ep    5: len= 50 白胜 loss=0.0000 temp=1.00 total_env_steps=283 t=0.12s
Ep    6: len= 50 白胜 loss=0.0000 temp=1.00 total_env_steps=333 t=0.12s
Ep    7: len= 44 白胜 loss=0.0000 temp=1.00 total_env_steps=377 t=0.12s
Ep    8: len= 56 白胜 loss=0.0000 temp=1.00 total_env_steps=433 t=0.14s
Ep    9: len= 54 白胜 loss=0.0000 temp=1.00 total_env_steps=487 t=0.15s
Ep   10: len= 40 白胜 loss=36.3901 temp=1.00 total_env_steps=527 t=0.14s
Ep   11: len= 49 黑胜 loss=28.9724 temp=1.00 total_env_steps=576 t=0.15s
Ep   12: len= 44 白胜 loss=29.1819 temp=1.00 total_env_steps=620 t=0.14s
Ep   13: len= 64 白胜 loss=28.6683 temp=1.00 total_env_steps=684 t=0.18s
Ep   14: len= 50 白胜 loss=28.1566 temp=1.00 total_env_steps=734 t=0.16s
Ep   15: len= 50 白胜 loss=28.2880 temp=1.00 total_env_steps=784 t=0.14s
Ep   16: len= 61 黑胜 loss=28.6437 temp=1.00 total_env_steps=845 t=0.17s
Ep   17: len= 62 白胜 loss=28.2563 temp=1.00 total_env_steps=907 t=0.17s
Ep   18: len= 43 黑胜 loss=28.1902 temp=1.00 total_env_steps=950 t=0.13s
Ep   19: len= 42 白胜 loss=28.4329 temp=1.00 total_env_steps=992 t=0.13s
Ep   20: len= 28 白胜 loss=28.0274 temp=1.00 total_env_steps=1020 t=0.10s
Ep   21: len= 32 白胜 loss=28.4008 temp=1.00 total_env_steps=1052 t=0.11s
Ep   22: len= 80 白胜 loss=27.7332 temp=1.00 total_env_steps=1132 t=0.20s
Ep   23: len= 63 黑胜 loss=28.0059 temp=1.00 total_env_steps=1195 t=0.17s
Ep   24: len= 73 黑胜 loss=28.1289 temp=1.00 total_env_steps=1268 t=0.22s
Ep   25: len= 60 白胜 loss=28.1906 temp=1.00 total_env_steps=1328 t=0.18s
Ep   26: len= 77 黑胜 loss=28.2376 temp=1.00 total_env_steps=1405 t=0.22s
Ep   27: len= 39 黑胜 loss=28.0984 temp=1.00 total_env_steps=1444 t=0.12s
Ep   28: len= 46 白胜 loss=27.7210 temp=1.00 total_env_steps=1490 t=0.13s
Ep   29: len= 52 白胜 loss=28.3340 temp=1.00 total_env_steps=1542 t=0.15s
Ep   30: len= 55 黑胜 loss=28.5567 temp=1.00 total_env_steps=1597 t=0.17s
Ep   31: len= 42 白胜 loss=28.1169 temp=1.00 total_env_steps=1639 t=0.13s
Ep   32: len= 65 黑胜 loss=28.3151 temp=1.00 total_env_steps=1704 t=0.18s
Ep   33: len= 58 白胜 loss=28.0819 temp=1.00 total_env_steps=1762 t=0.17s
Ep   34: len= 52 白胜 loss=28.5142 temp=1.00 total_env_steps=1814 t=0.16s
Ep   35: len= 47 黑胜 loss=28.3656 temp=1.00 total_env_steps=1861 t=0.13s
Ep   36: len= 46 白胜 loss=28.2734 temp=1.00 total_env_steps=1907 t=0.14s
Ep   37: len= 43 黑胜 loss=28.3343 temp=1.00 total_env_steps=1950 t=0.13s
Ep   38: len= 43 黑胜 loss=27.9841 temp=1.00 total_env_steps=1993 t=0.15s
Ep   39: len= 43 黑胜 loss=28.1456 temp=1.00 total_env_steps=2036 t=0.14s
Ep   40: len= 45 黑胜 loss=28.2176 temp=1.00 total_env_steps=2081 t=0.14s
Ep   41: len= 59 黑胜 loss=28.0355 temp=1.00 total_env_steps=2140 t=0.16s
Ep   42: len= 52 白胜 loss=28.4058 temp=1.00 total_env_steps=2192 t=0.15s
Ep   43: len= 45 黑胜 loss=28.2621 temp=1.00 total_env_steps=2237 t=0.16s
Ep   44: len= 75 黑胜 loss=28.5022 temp=1.00 total_env_steps=2312 t=0.22s
Ep   45: len= 38 白胜 loss=27.9953 temp=1.00 total_env_steps=2350 t=0.13s
Ep   46: len= 25 黑胜 loss=28.4972 temp=1.00 total_env_steps=2375 t=0.09s
Ep   47: len= 42 白胜 loss=27.9904 temp=1.00 total_env_steps=2417 t=0.14s
Ep   48: len= 62 白胜 loss=28.0445 temp=1.00 total_env_steps=2479 t=0.18s
Ep   49: len= 38 白胜 loss=27.8656 temp=1.00 total_env_steps=2517 t=0.11s
Ep   50: len= 61 黑胜 loss=28.0514 temp=1.00 total_env_steps=2578 t=0.17s
  eval vs Gomoku-random-v0: win_rate=0.70 mean_return=0.40（20 局，total_env_steps=2578）
Ep   51: len= 38 白胜 loss=27.9546 temp=1.00 total_env_steps=2616 t=0.13s
Ep   52: len= 61 黑胜 loss=28.0457 temp=1.00 total_env_steps=2677 t=0.17s
Ep   53: len= 64 白胜 loss=28.4073 temp=1.00 total_env_steps=2741 t=0.17s
Ep   54: len= 58 白胜 loss=28.0660 temp=1.00 total_env_steps=2799 t=0.17s
Ep   55: len= 37 黑胜 loss=27.8230 temp=1.00 total_env_steps=2836 t=0.13s
Ep   56: len= 45 黑胜 loss=28.1199 temp=1.00 total_env_steps=2881 t=0.14s
Ep   57: len= 43 黑胜 loss=28.0003 temp=1.00 total_env_steps=2924 t=0.13s
Ep   58: len= 56 白胜 loss=28.3336 temp=1.00 total_env_steps=2980 t=0.16s
Ep   59: len= 43 黑胜 loss=27.9645 temp=1.00 total_env_steps=3023 t=0.13s
Ep   60: len= 47 黑胜 loss=28.0605 temp=1.00 total_env_steps=3070 t=0.15s
Ep   61: len= 79 黑胜 loss=27.9205 temp=1.00 total_env_steps=3149 t=0.22s
Ep   62: len= 46 白胜 loss=28.2137 temp=1.00 total_env_steps=3195 t=0.15s
Ep   63: len= 47 黑胜 loss=27.6500 temp=1.00 total_env_steps=3242 t=0.15s
Ep   64: len= 48 白胜 loss=28.0027 temp=1.00 total_env_steps=3290 t=0.15s
Ep   65: len= 44 白胜 loss=28.1337 temp=1.00 total_env_steps=3334 t=0.13s
Ep   66: len= 49 黑胜 loss=27.9280 temp=1.00 total_env_steps=3383 t=0.15s
Ep   67: len= 52 白胜 loss=27.9084 temp=1.00 total_env_steps=3435 t=0.17s
Ep   68: len= 62 白胜 loss=27.7221 temp=1.00 total_env_steps=3497 t=0.18s
Ep   69: len= 75 黑胜 loss=28.1600 temp=1.00 total_env_steps=3572 t=0.21s
Ep   70: len= 29 黑胜 loss=28.0130 temp=1.00 total_env_steps=3601 t=0.11s
Ep   71: len= 71 黑胜 loss=28.0671 temp=1.00 total_env_steps=3672 t=0.22s
Ep   72: len= 57 黑胜 loss=28.0973 temp=1.00 total_env_steps=3729 t=0.16s
Ep   73: len= 58 白胜 loss=27.9203 temp=1.00 total_env_steps=3787 t=0.21s
Ep   74: len= 53 黑胜 loss=28.4374 temp=1.00 total_env_steps=3840 t=0.17s
Ep   75: len= 60 白胜 loss=27.9245 temp=1.00 total_env_steps=3900 t=0.20s
Ep   76: len= 43 黑胜 loss=28.0554 temp=1.00 total_env_steps=3943 t=0.14s
Ep   77: len= 49 黑胜 loss=28.3715 temp=1.00 total_env_steps=3992 t=0.15s
Ep   78: len= 55 黑胜 loss=27.8955 temp=1.00 total_env_steps=4047 t=0.16s
Ep   79: len= 68 白胜 loss=27.8110 temp=1.00 total_env_steps=4115 t=0.19s
Ep   80: len= 61 黑胜 loss=27.5386 temp=1.00 total_env_steps=4176 t=0.18s
Ep   81: len= 59 黑胜 loss=28.2080 temp=1.00 total_env_steps=4235 t=0.17s
Ep   82: len= 60 白胜 loss=28.4002 temp=1.00 total_env_steps=4295 t=0.17s
Ep   83: len= 54 白胜 loss=27.9582 temp=1.00 total_env_steps=4349 t=0.16s
Ep   84: len= 41 黑胜 loss=28.0833 temp=1.00 total_env_steps=4390 t=0.14s
Ep   85: len= 63 黑胜 loss=28.1189 temp=1.00 total_env_steps=4453 t=0.18s
Ep   86: len= 47 黑胜 loss=27.8879 temp=1.00 total_env_steps=4500 t=0.15s
Ep   87: len= 55 黑胜 loss=27.9158 temp=1.00 total_env_steps=4555 t=0.18s
Ep   88: len= 52 白胜 loss=27.8836 temp=1.00 total_env_steps=4607 t=0.16s
Ep   89: len= 61 黑胜 loss=27.7823 temp=1.00 total_env_steps=4668 t=0.18s
Ep   90: len= 51 黑胜 loss=28.1020 temp=1.00 total_env_steps=4719 t=0.17s
Ep   91: len= 60 白胜 loss=27.9442 temp=1.00 total_env_steps=4779 t=0.20s
Ep   92: len= 70 白胜 loss=28.2439 temp=1.00 total_env_steps=4849 t=0.19s
Ep   93: len= 44 白胜 loss=27.9395 temp=1.00 total_env_steps=4893 t=0.14s
Ep   94: len= 35 黑胜 loss=28.0158 temp=1.00 total_env_steps=4928 t=0.13s
Ep   95: len= 62 白胜 loss=27.9519 temp=1.00 total_env_steps=4990 t=0.18s
Ep   96: len= 56 白胜 loss=27.7672 temp=1.00 total_env_steps=5046 t=0.16s
Ep   97: len= 46 白胜 loss=27.8747 temp=1.00 total_env_steps=5092 t=0.14s
Ep   98: len= 41 黑胜 loss=28.1480 temp=1.00 total_env_steps=5133 t=0.13s
Ep   99: len= 46 白胜 loss=27.9175 temp=1.00 total_env_steps=5179 t=0.14s
Ep  100: len= 20 白胜 loss=27.8202 temp=1.00 total_env_steps=5199 t=0.08s
  eval vs Gomoku-random-v0: win_rate=0.65 mean_return=0.30（20 局，total_env_steps=5199）
Ep  101: len= 37 黑胜 loss=27.7134 temp=1.00 total_env_steps=5236 t=0.12s
Ep  102: len= 55 黑胜 loss=28.0321 temp=0.99 total_env_steps=5291 t=0.16s
Ep  103: len= 28 白胜 loss=27.7821 temp=0.99 total_env_steps=5319 t=0.10s
Ep  104: len= 34 白胜 loss=27.8355 temp=0.98 total_env_steps=5353 t=0.12s
Ep  105: len= 67 黑胜 loss=27.7134 temp=0.97 total_env_steps=5420 t=0.19s
Ep  106: len= 70 白胜 loss=27.9936 temp=0.96 total_env_steps=5490 t=0.20s
Ep  107: len= 59 黑胜 loss=27.6941 temp=0.95 total_env_steps=5549 t=0.17s
Ep  108: len= 53 黑胜 loss=27.9926 temp=0.95 total_env_steps=5602 t=0.15s
Ep  109: len= 52 白胜 loss=27.9848 temp=0.94 total_env_steps=5654 t=0.15s
Ep  110: len= 57 黑胜 loss=27.9060 temp=0.93 total_env_steps=5711 t=0.16s
Ep  111: len= 57 黑胜 loss=27.9133 temp=0.93 total_env_steps=5768 t=0.17s
Ep  112: len= 49 黑胜 loss=27.5903 temp=0.92 total_env_steps=5817 t=0.15s
Ep  113: len= 27 黑胜 loss=27.8422 temp=0.91 total_env_steps=5844 t=0.10s
Ep  114: len= 61 黑胜 loss=27.9087 temp=0.90 total_env_steps=5905 t=0.17s
Ep  115: len= 41 黑胜 loss=28.0840 temp=0.89 total_env_steps=5946 t=0.13s
Ep  116: len= 52 白胜 loss=27.8157 temp=0.89 total_env_steps=5998 t=0.14s
Ep  117: len= 60 白胜 loss=27.6957 temp=0.88 total_env_steps=6058 t=0.17s
Ep  118: len= 54 白胜 loss=27.9149 temp=0.87 total_env_steps=6112 t=0.16s
Ep  119: len= 35 黑胜 loss=27.8777 temp=0.87 total_env_steps=6147 t=0.11s
Ep  120: len= 43 黑胜 loss=27.8524 temp=0.86 total_env_steps=6190 t=0.14s
Ep  121: len= 64 白胜 loss=27.8344 temp=0.85 total_env_steps=6254 t=0.19s
Ep  122: len= 67 黑胜 loss=27.5854 temp=0.84 total_env_steps=6321 t=0.19s
Ep  123: len= 60 白胜 loss=27.8066 temp=0.84 total_env_steps=6381 t=0.17s
Ep  124: len= 52 白胜 loss=27.8965 temp=0.83 total_env_steps=6433 t=0.16s
Ep  125: len= 36 白胜 loss=27.6493 temp=0.82 total_env_steps=6469 t=0.12s
Ep  126: len= 51 黑胜 loss=27.8784 temp=0.81 total_env_steps=6520 t=0.16s
Ep  127: len= 58 白胜 loss=27.8523 temp=0.81 total_env_steps=6578 t=0.17s
Ep  128: len= 64 白胜 loss=28.0368 temp=0.80 total_env_steps=6642 t=0.19s
Ep  129: len= 42 白胜 loss=27.8065 temp=0.79 total_env_steps=6684 t=0.15s
Ep  130: len= 42 白胜 loss=27.7394 temp=0.78 total_env_steps=6726 t=0.15s
Ep  131: len= 42 白胜 loss=27.8266 temp=0.77 total_env_steps=6768 t=0.13s
Ep  132: len= 51 黑胜 loss=27.7924 temp=0.77 total_env_steps=6819 t=0.15s
Ep  133: len= 46 白胜 loss=27.8129 temp=0.76 total_env_steps=6865 t=0.15s
Ep  134: len= 52 白胜 loss=27.7542 temp=0.75 total_env_steps=6917 t=0.17s
Ep  135: len= 42 白胜 loss=27.7089 temp=0.75 total_env_steps=6959 t=0.14s
Ep  136: len= 43 黑胜 loss=27.7556 temp=0.74 total_env_steps=7002 t=0.14s
Ep  137: len= 49 黑胜 loss=28.1304 temp=0.73 total_env_steps=7051 t=0.15s
Ep  138: len= 38 白胜 loss=27.8636 temp=0.72 total_env_steps=7089 t=0.12s
Ep  139: len= 56 白胜 loss=27.8888 temp=0.72 total_env_steps=7145 t=0.17s
Ep  140: len= 43 黑胜 loss=28.1737 temp=0.71 total_env_steps=7188 t=0.13s
Ep  141: len= 59 黑胜 loss=27.9906 temp=0.70 total_env_steps=7247 t=0.17s
Ep  142: len= 54 白胜 loss=27.7525 temp=0.69 total_env_steps=7301 t=0.16s
Ep  143: len= 52 白胜 loss=27.8262 temp=0.69 total_env_steps=7353 t=0.15s
Ep  144: len= 41 黑胜 loss=27.9186 temp=0.68 total_env_steps=7394 t=0.13s
Ep  145: len= 23 黑胜 loss=27.7036 temp=0.67 total_env_steps=7417 t=0.09s
Ep  146: len= 52 白胜 loss=27.7293 temp=0.66 total_env_steps=7469 t=0.16s
Ep  147: len= 42 白胜 loss=27.7561 temp=0.65 total_env_steps=7511 t=0.13s
Ep  148: len= 35 黑胜 loss=27.8732 temp=0.65 total_env_steps=7546 t=0.12s
Ep  149: len= 51 黑胜 loss=27.8104 temp=0.64 total_env_steps=7597 t=0.16s
Ep  150: len= 48 白胜 loss=27.8867 temp=0.63 total_env_steps=7645 t=0.15s
  eval vs Gomoku-random-v0: win_rate=1.00 mean_return=1.00（20 局，total_env_steps=7645）
  ✅ 达标 ep=150 total_env_steps=7645
Ep  151: len= 57 黑胜 loss=27.6500 temp=0.62 total_env_steps=7702 t=0.17s
Ep  152: len= 46 白胜 loss=27.6801 temp=0.62 total_env_steps=7748 t=0.15s
Ep  153: len= 38 白胜 loss=27.9639 temp=0.61 total_env_steps=7786 t=0.12s
Ep  154: len= 31 黑胜 loss=27.8900 temp=0.60 total_env_steps=7817 t=0.11s
Ep  155: len= 38 白胜 loss=27.8127 temp=0.59 total_env_steps=7855 t=0.13s
Ep  156: len= 57 黑胜 loss=27.8659 temp=0.59 total_env_steps=7912 t=0.19s
Ep  157: len= 35 黑胜 loss=27.8552 temp=0.58 total_env_steps=7947 t=0.12s
Ep  158: len= 64 白胜 loss=27.6209 temp=0.57 total_env_steps=8011 t=0.18s
Ep  159: len= 31 黑胜 loss=28.1094 temp=0.56 total_env_steps=8042 t=0.11s
Ep  160: len= 39 黑胜 loss=27.7810 temp=0.56 total_env_steps=8081 t=0.12s
Ep  161: len= 63 黑胜 loss=27.9863 temp=0.55 total_env_steps=8144 t=0.18s
Ep  162: len= 43 黑胜 loss=27.7765 temp=0.54 total_env_steps=8187 t=0.14s
Ep  163: len= 56 白胜 loss=28.1463 temp=0.53 total_env_steps=8243 t=0.16s
Ep  164: len= 38 白胜 loss=27.7832 temp=0.53 total_env_steps=8281 t=0.12s
Ep  165: len= 56 白胜 loss=27.9410 temp=0.52 total_env_steps=8337 t=0.16s
Ep  166: len= 52 白胜 loss=27.8832 temp=0.51 total_env_steps=8389 t=0.15s
Ep  167: len= 34 白胜 loss=27.9289 temp=0.50 total_env_steps=8423 t=0.12s
Ep  168: len= 68 白胜 loss=27.9618 temp=0.50 total_env_steps=8491 t=0.23s
Ep  169: len= 36 白胜 loss=27.8566 temp=0.49 total_env_steps=8527 t=0.12s
Ep  170: len= 45 黑胜 loss=27.9058 temp=0.48 total_env_steps=8572 t=0.14s
Ep  171: len= 34 白胜 loss=27.9283 temp=0.48 total_env_steps=8606 t=0.11s
Ep  172: len= 48 白胜 loss=27.8994 temp=0.47 total_env_steps=8654 t=0.15s
Ep  173: len= 61 黑胜 loss=27.6926 temp=0.46 total_env_steps=8715 t=0.17s
Ep  174: len= 45 黑胜 loss=28.0437 temp=0.45 total_env_steps=8760 t=0.14s
Ep  175: len= 45 黑胜 loss=27.7561 temp=0.44 total_env_steps=8805 t=0.14s
Ep  176: len= 42 白胜 loss=27.7591 temp=0.44 total_env_steps=8847 t=0.13s
Ep  177: len= 36 白胜 loss=27.5149 temp=0.43 total_env_steps=8883 t=0.12s
Ep  178: len= 55 黑胜 loss=27.7354 temp=0.42 total_env_steps=8938 t=0.16s
Ep  179: len= 34 白胜 loss=27.6962 temp=0.42 total_env_steps=8972 t=0.12s
Ep  180: len= 49 黑胜 loss=27.8837 temp=0.41 total_env_steps=9021 t=0.15s
Ep  181: len= 55 黑胜 loss=28.0890 temp=0.40 total_env_steps=9076 t=0.16s
Ep  182: len= 33 黑胜 loss=27.8664 temp=0.39 total_env_steps=9109 t=0.12s
Ep  183: len= 44 白胜 loss=28.0293 temp=0.38 total_env_steps=9153 t=0.13s
Ep  184: len= 33 黑胜 loss=27.6545 temp=0.38 total_env_steps=9186 t=0.12s
Ep  185: len= 51 黑胜 loss=27.5281 temp=0.37 total_env_steps=9237 t=0.15s
Ep  186: len= 52 白胜 loss=27.8454 temp=0.36 total_env_steps=9289 t=0.15s
Ep  187: len= 61 黑胜 loss=27.8093 temp=0.36 total_env_steps=9350 t=0.21s
Ep  188: len= 42 白胜 loss=28.0269 temp=0.35 total_env_steps=9392 t=0.14s
Ep  189: len= 47 黑胜 loss=27.8200 temp=0.34 total_env_steps=9439 t=0.16s
Ep  190: len= 34 白胜 loss=27.6983 temp=0.33 total_env_steps=9473 t=0.12s
Ep  191: len= 44 白胜 loss=27.8693 temp=0.33 total_env_steps=9517 t=0.13s
Ep  192: len= 56 白胜 loss=27.6772 temp=0.32 total_env_steps=9573 t=0.16s
Ep  193: len= 44 白胜 loss=27.6168 temp=0.31 total_env_steps=9617 t=0.14s
Ep  194: len= 74 白胜 loss=27.7671 temp=0.30 total_env_steps=9691 t=0.20s
Ep  195: len= 55 黑胜 loss=27.8825 temp=0.30 total_env_steps=9746 t=0.16s
Ep  196: len= 50 白胜 loss=27.7728 temp=0.29 total_env_steps=9796 t=0.14s
Ep  197: len= 38 白胜 loss=27.8480 temp=0.28 total_env_steps=9834 t=0.13s
Ep  198: len= 39 黑胜 loss=27.6199 temp=0.27 total_env_steps=9873 t=0.13s
Ep  199: len= 31 黑胜 loss=27.8095 temp=0.26 total_env_steps=9904 t=0.10s
Ep  200: len= 42 白胜 loss=27.7765 temp=0.26 total_env_steps=9946 t=0.13s
  eval vs Gomoku-random-v0: win_rate=1.00 mean_return=1.00（20 局，total_env_steps=9946）
  📸 已拍权重快照（ep=200，gating 对弈基准）
Ep  201: len= 38 白胜 loss=27.7557 temp=0.25 total_env_steps=9984 t=0.13s
Ep  202: len= 55 黑胜 loss=28.0735 temp=0.25 total_env_steps=10039 t=0.16s
Ep  203: len= 43 黑胜 loss=27.6065 temp=0.25 total_env_steps=10082 t=0.14s
Ep  204: len= 53 黑胜 loss=27.9143 temp=0.25 total_env_steps=10135 t=0.16s
Ep  205: len= 44 白胜 loss=27.8115 temp=0.25 total_env_steps=10179 t=0.14s
Ep  206: len= 56 白胜 loss=27.8442 temp=0.25 total_env_steps=10235 t=0.16s
Ep  207: len= 41 黑胜 loss=27.8295 temp=0.25 total_env_steps=10276 t=0.14s
Ep  208: len= 50 白胜 loss=27.8761 temp=0.25 total_env_steps=10326 t=0.16s
Ep  209: len= 45 黑胜 loss=27.9767 temp=0.25 total_env_steps=10371 t=0.14s
Ep  210: len= 60 白胜 loss=27.7138 temp=0.25 total_env_steps=10431 t=0.20s
Ep  211: len= 32 白胜 loss=27.7875 temp=0.25 total_env_steps=10463 t=0.12s
Ep  212: len= 59 黑胜 loss=27.8590 temp=0.25 total_env_steps=10522 t=0.18s
Ep  213: len= 45 黑胜 loss=27.6890 temp=0.25 total_env_steps=10567 t=0.14s
Ep  214: len= 32 白胜 loss=27.9354 temp=0.25 total_env_steps=10599 t=0.12s
Ep  215: len= 31 黑胜 loss=27.7450 temp=0.25 total_env_steps=10630 t=0.12s
Ep  216: len= 37 黑胜 loss=27.7395 temp=0.25 total_env_steps=10667 t=0.13s
Ep  217: len= 51 黑胜 loss=27.9260 temp=0.25 total_env_steps=10718 t=0.16s
Ep  218: len= 45 黑胜 loss=27.6040 temp=0.25 total_env_steps=10763 t=0.15s
Ep  219: len= 57 黑胜 loss=27.8163 temp=0.25 total_env_steps=10820 t=0.19s
Ep  220: len= 47 黑胜 loss=27.7510 temp=0.25 total_env_steps=10867 t=0.15s
Ep  221: len= 52 白胜 loss=27.9707 temp=0.25 total_env_steps=10919 t=0.16s
Ep  222: len= 40 白胜 loss=27.7132 temp=0.25 total_env_steps=10959 t=0.13s
Ep  223: len= 45 黑胜 loss=27.8127 temp=0.25 total_env_steps=11004 t=0.15s
Ep  224: len= 40 白胜 loss=27.7543 temp=0.25 total_env_steps=11044 t=0.13s
Ep  225: len= 61 黑胜 loss=27.9166 temp=0.25 total_env_steps=11105 t=0.19s
Ep  226: len= 75 黑胜 loss=27.7100 temp=0.25 total_env_steps=11180 t=0.21s
Ep  227: len= 74 白胜 loss=27.9031 temp=0.25 total_env_steps=11254 t=0.22s
Ep  228: len= 27 黑胜 loss=27.7605 temp=0.25 total_env_steps=11281 t=0.13s
Ep  229: len= 37 黑胜 loss=27.7003 temp=0.25 total_env_steps=11318 t=0.14s
Ep  230: len= 38 白胜 loss=27.7957 temp=0.25 total_env_steps=11356 t=0.13s
Ep  231: len= 52 白胜 loss=27.7839 temp=0.25 total_env_steps=11408 t=0.16s
Ep  232: len= 54 白胜 loss=27.7751 temp=0.25 total_env_steps=11462 t=0.16s
Ep  233: len= 49 黑胜 loss=27.7939 temp=0.25 total_env_steps=11511 t=0.15s
Ep  234: len= 38 白胜 loss=27.5557 temp=0.25 total_env_steps=11549 t=0.14s
Ep  235: len= 42 白胜 loss=27.7946 temp=0.25 total_env_steps=11591 t=0.14s
Ep  236: len= 69 黑胜 loss=27.5430 temp=0.25 total_env_steps=11660 t=0.20s
Ep  237: len= 46 白胜 loss=27.6580 temp=0.25 total_env_steps=11706 t=0.15s
Ep  238: len= 23 黑胜 loss=27.5309 temp=0.25 total_env_steps=11729 t=0.10s
Ep  239: len= 38 白胜 loss=27.9235 temp=0.25 total_env_steps=11767 t=0.13s
Ep  240: len= 43 黑胜 loss=27.7004 temp=0.25 total_env_steps=11810 t=0.15s
Ep  241: len= 53 黑胜 loss=27.6664 temp=0.25 total_env_steps=11863 t=0.17s
Ep  242: len= 57 黑胜 loss=27.3908 temp=0.25 total_env_steps=11920 t=0.17s
Ep  243: len= 44 白胜 loss=27.7433 temp=0.25 total_env_steps=11964 t=0.15s
Ep  244: len= 61 黑胜 loss=27.4481 temp=0.25 total_env_steps=12025 t=0.20s
Ep  245: len= 19 黑胜 loss=27.6224 temp=0.25 total_env_steps=12044 t=0.09s
Ep  246: len= 48 白胜 loss=27.5710 temp=0.25 total_env_steps=12092 t=0.15s
Ep  247: len= 58 白胜 loss=27.8140 temp=0.25 total_env_steps=12150 t=0.17s
Ep  248: len= 35 黑胜 loss=27.5701 temp=0.25 total_env_steps=12185 t=0.12s
Ep  249: len= 47 黑胜 loss=27.6427 temp=0.25 total_env_steps=12232 t=0.15s
Ep  250: len= 30 白胜 loss=27.5524 temp=0.25 total_env_steps=12262 t=0.12s
  eval vs Gomoku-random-v0: win_rate=1.00 mean_return=1.00（20 局，total_env_steps=12262）
Ep  251: len= 47 黑胜 loss=27.6109 temp=0.25 total_env_steps=12309 t=0.14s
Ep  252: len= 60 白胜 loss=27.8070 temp=0.25 total_env_steps=12369 t=0.18s
Ep  253: len= 35 黑胜 loss=27.7813 temp=0.25 total_env_steps=12404 t=0.13s
Ep  254: len= 54 白胜 loss=27.6716 temp=0.25 total_env_steps=12458 t=0.18s
Ep  255: len= 19 黑胜 loss=27.4903 temp=0.25 total_env_steps=12477 t=0.09s
Ep  256: len= 66 白胜 loss=27.6109 temp=0.25 total_env_steps=12543 t=0.20s
Ep  257: len= 57 黑胜 loss=27.6203 temp=0.25 total_env_steps=12600 t=0.17s
Ep  258: len= 49 黑胜 loss=27.6036 temp=0.25 total_env_steps=12649 t=0.16s
Ep  259: len= 73 黑胜 loss=27.5864 temp=0.25 total_env_steps=12722 t=0.22s
Ep  260: len= 41 黑胜 loss=27.7618 temp=0.25 total_env_steps=12763 t=0.14s
Ep  261: len= 37 黑胜 loss=27.7419 temp=0.25 total_env_steps=12800 t=0.14s
Ep  262: len= 29 黑胜 loss=27.4603 temp=0.25 total_env_steps=12829 t=0.12s
Ep  263: len= 52 白胜 loss=27.7043 temp=0.25 total_env_steps=12881 t=0.17s
Ep  264: len= 55 黑胜 loss=27.6852 temp=0.25 total_env_steps=12936 t=0.17s
Ep  265: len= 35 黑胜 loss=27.5903 temp=0.25 total_env_steps=12971 t=0.13s
Ep  266: len= 26 白胜 loss=27.5007 temp=0.25 total_env_steps=12997 t=0.11s
Ep  267: len= 44 白胜 loss=27.3677 temp=0.25 total_env_steps=13041 t=0.15s
Ep  268: len= 43 黑胜 loss=27.8181 temp=0.25 total_env_steps=13084 t=0.15s
Ep  269: len= 55 黑胜 loss=27.9515 temp=0.25 total_env_steps=13139 t=0.17s
Ep  270: len= 41 黑胜 loss=27.6970 temp=0.25 total_env_steps=13180 t=0.14s
Ep  271: len= 55 黑胜 loss=27.8572 temp=0.25 total_env_steps=13235 t=0.17s
Ep  272: len= 36 白胜 loss=28.0223 temp=0.25 total_env_steps=13271 t=0.12s
Ep  273: len= 29 黑胜 loss=27.8779 temp=0.25 total_env_steps=13300 t=0.12s
Ep  274: len= 67 黑胜 loss=27.4267 temp=0.25 total_env_steps=13367 t=0.20s
Ep  275: len= 56 白胜 loss=27.9124 temp=0.25 total_env_steps=13423 t=0.17s
Ep  276: len= 29 黑胜 loss=27.5394 temp=0.25 total_env_steps=13452 t=0.12s
Ep  277: len= 53 黑胜 loss=27.7381 temp=0.25 total_env_steps=13505 t=0.16s
Ep  278: len= 35 黑胜 loss=27.2988 temp=0.25 total_env_steps=13540 t=0.13s
Ep  279: len= 30 白胜 loss=27.7641 temp=0.25 total_env_steps=13570 t=0.12s
Ep  280: len= 56 白胜 loss=27.4883 temp=0.25 total_env_steps=13626 t=0.17s
Ep  281: len= 34 白胜 loss=27.3527 temp=0.25 total_env_steps=13660 t=0.12s
Ep  282: len= 61 黑胜 loss=27.1976 temp=0.25 total_env_steps=13721 t=0.18s
Ep  283: len= 65 黑胜 loss=27.5861 temp=0.25 total_env_steps=13786 t=0.19s
Ep  284: len= 40 白胜 loss=27.4465 temp=0.25 total_env_steps=13826 t=0.14s
Ep  285: len= 59 黑胜 loss=27.3545 temp=0.25 total_env_steps=13885 t=0.18s
Ep  286: len= 17 黑胜 loss=27.5425 temp=0.25 total_env_steps=13902 t=0.09s
Ep  287: len= 45 黑胜 loss=27.2801 temp=0.25 total_env_steps=13947 t=0.17s
Ep  288: len= 71 黑胜 loss=27.3417 temp=0.25 total_env_steps=14018 t=0.20s
Ep  289: len= 36 白胜 loss=27.6125 temp=0.25 total_env_steps=14054 t=0.14s
Ep  290: len= 48 白胜 loss=27.2716 temp=0.25 total_env_steps=14102 t=0.16s
Ep  291: len= 37 黑胜 loss=27.5677 temp=0.25 total_env_steps=14139 t=0.13s
Ep  292: len= 57 黑胜 loss=27.1266 temp=0.25 total_env_steps=14196 t=0.17s
Ep  293: len= 56 白胜 loss=27.7272 temp=0.25 total_env_steps=14252 t=0.16s
Ep  294: len= 41 黑胜 loss=27.7495 temp=0.25 total_env_steps=14293 t=0.14s
Ep  295: len= 36 白胜 loss=27.5701 temp=0.25 total_env_steps=14329 t=0.13s
Ep  296: len= 52 白胜 loss=27.4234 temp=0.25 total_env_steps=14381 t=0.16s
Ep  297: len= 47 黑胜 loss=27.7329 temp=0.25 total_env_steps=14428 t=0.17s
Ep  298: len= 55 黑胜 loss=27.3090 temp=0.25 total_env_steps=14483 t=0.16s
Ep  299: len= 49 黑胜 loss=27.2953 temp=0.25 total_env_steps=14532 t=0.16s
Ep  300: len= 27 黑胜 loss=27.6613 temp=0.25 total_env_steps=14559 t=0.10s
  eval vs Gomoku-random-v0: win_rate=0.90 mean_return=0.80（20 局，total_env_steps=14559）
Ep  301: len= 23 黑胜 loss=27.5612 temp=0.25 total_env_steps=14582 t=0.10s
Ep  302: len= 33 黑胜 loss=27.2784 temp=0.25 total_env_steps=14615 t=0.12s
Ep  303: len= 18 白胜 loss=27.5668 temp=0.25 total_env_steps=14633 t=0.08s
Ep  304: len= 26 白胜 loss=27.4277 temp=0.25 total_env_steps=14659 t=0.10s
Ep  305: len= 36 白胜 loss=27.8113 temp=0.25 total_env_steps=14695 t=0.12s
Ep  306: len= 49 黑胜 loss=27.0631 temp=0.25 total_env_steps=14744 t=0.16s
Ep  307: len= 51 黑胜 loss=27.2293 temp=0.25 total_env_steps=14795 t=0.17s
Ep  308: len= 35 黑胜 loss=27.4601 temp=0.25 total_env_steps=14830 t=0.12s
Ep  309: len= 25 黑胜 loss=27.4503 temp=0.25 total_env_steps=14855 t=0.10s
Ep  310: len= 41 黑胜 loss=27.2910 temp=0.25 total_env_steps=14896 t=0.13s
Ep  311: len= 42 白胜 loss=27.4036 temp=0.25 total_env_steps=14938 t=0.14s
Ep  312: len= 47 黑胜 loss=27.3153 temp=0.25 total_env_steps=14985 t=0.15s
Ep  313: len= 32 白胜 loss=27.2623 temp=0.25 total_env_steps=15017 t=0.11s
Ep  314: len= 42 白胜 loss=27.4659 temp=0.25 total_env_steps=15059 t=0.14s
Ep  315: len= 36 白胜 loss=27.2021 temp=0.25 total_env_steps=15095 t=0.13s
Ep  316: len= 43 黑胜 loss=27.3652 temp=0.25 total_env_steps=15138 t=0.15s
Ep  317: len= 42 白胜 loss=27.2076 temp=0.25 total_env_steps=15180 t=0.14s
Ep  318: len= 49 黑胜 loss=27.3684 temp=0.25 total_env_steps=15229 t=0.17s
Ep  319: len= 47 黑胜 loss=27.4973 temp=0.25 total_env_steps=15276 t=0.15s
Ep  320: len= 45 黑胜 loss=27.3240 temp=0.25 total_env_steps=15321 t=0.15s
Ep  321: len= 22 白胜 loss=27.5156 temp=0.25 total_env_steps=15343 t=0.10s
Ep  322: len= 31 黑胜 loss=27.4810 temp=0.25 total_env_steps=15374 t=0.12s
Ep  323: len= 31 黑胜 loss=27.2711 temp=0.25 total_env_steps=15405 t=0.12s
Ep  324: len= 43 黑胜 loss=27.2348 temp=0.25 total_env_steps=15448 t=0.15s
Ep  325: len= 35 黑胜 loss=27.4288 temp=0.25 total_env_steps=15483 t=0.13s
Ep  326: len= 55 黑胜 loss=27.2711 temp=0.25 total_env_steps=15538 t=0.17s
Ep  327: len= 44 白胜 loss=27.3186 temp=0.25 total_env_steps=15582 t=0.15s
Ep  328: len= 31 黑胜 loss=27.3344 temp=0.25 total_env_steps=15613 t=0.12s
Ep  329: len= 41 黑胜 loss=27.0443 temp=0.25 total_env_steps=15654 t=0.15s
Ep  330: len= 28 白胜 loss=27.1345 temp=0.25 total_env_steps=15682 t=0.11s
Ep  331: len= 25 黑胜 loss=27.2111 temp=0.25 total_env_steps=15707 t=0.11s
Ep  332: len= 57 黑胜 loss=27.3870 temp=0.25 total_env_steps=15764 t=0.19s
Ep  333: len= 52 白胜 loss=27.4993 temp=0.25 total_env_steps=15816 t=0.16s
Ep  334: len= 76 白胜 loss=27.1855 temp=0.25 total_env_steps=15892 t=0.21s
Ep  335: len= 39 黑胜 loss=27.0374 temp=0.25 total_env_steps=15931 t=0.13s
Ep  336: len= 50 白胜 loss=27.2464 temp=0.25 total_env_steps=15981 t=0.17s
Ep  337: len= 39 黑胜 loss=27.4763 temp=0.25 total_env_steps=16020 t=0.14s
Ep  338: len= 46 白胜 loss=26.9709 temp=0.25 total_env_steps=16066 t=0.16s
Ep  339: len= 45 黑胜 loss=27.5245 temp=0.25 total_env_steps=16111 t=0.16s
Ep  340: len= 30 白胜 loss=27.2164 temp=0.25 total_env_steps=16141 t=0.12s
Ep  341: len= 19 黑胜 loss=26.8290 temp=0.25 total_env_steps=16160 t=0.09s
Ep  342: len= 42 白胜 loss=26.8870 temp=0.25 total_env_steps=16202 t=0.16s
Ep  343: len= 42 白胜 loss=26.8893 temp=0.25 total_env_steps=16244 t=0.15s
Ep  344: len= 38 白胜 loss=27.4550 temp=0.25 total_env_steps=16282 t=0.13s
Ep  345: len= 36 白胜 loss=27.2983 temp=0.25 total_env_steps=16318 t=0.13s
Ep  346: len= 44 白胜 loss=27.0888 temp=0.25 total_env_steps=16362 t=0.15s
Ep  347: len= 48 白胜 loss=26.9266 temp=0.25 total_env_steps=16410 t=0.15s
Ep  348: len= 40 白胜 loss=26.6929 temp=0.25 total_env_steps=16450 t=0.13s
Ep  349: len= 28 白胜 loss=27.2261 temp=0.25 total_env_steps=16478 t=0.11s
Ep  350: len= 47 黑胜 loss=26.2608 temp=0.25 total_env_steps=16525 t=0.16s
  eval vs Gomoku-random-v0: win_rate=1.00 mean_return=1.00（20 局，total_env_steps=16525）
Ep  351: len= 43 黑胜 loss=27.3293 temp=0.25 total_env_steps=16568 t=0.14s
Ep  352: len= 36 白胜 loss=27.3795 temp=0.25 total_env_steps=16604 t=0.13s
Ep  353: len= 22 白胜 loss=27.1432 temp=0.25 total_env_steps=16626 t=0.10s
Ep  354: len= 27 黑胜 loss=27.0769 temp=0.25 total_env_steps=16653 t=0.11s
Ep  355: len= 59 黑胜 loss=27.1937 temp=0.25 total_env_steps=16712 t=0.18s
Ep  356: len= 52 白胜 loss=27.3140 temp=0.25 total_env_steps=16764 t=0.17s
Ep  357: len= 47 黑胜 loss=27.1660 temp=0.25 total_env_steps=16811 t=0.16s
Ep  358: len= 35 黑胜 loss=26.7871 temp=0.25 total_env_steps=16846 t=0.12s
Ep  359: len= 45 黑胜 loss=27.2637 temp=0.25 total_env_steps=16891 t=0.15s
Ep  360: len= 60 白胜 loss=27.4110 temp=0.25 total_env_steps=16951 t=0.19s
Ep  361: len= 42 白胜 loss=26.7909 temp=0.25 total_env_steps=16993 t=0.15s
Ep  362: len= 31 黑胜 loss=27.4089 temp=0.25 total_env_steps=17024 t=0.12s
Ep  363: len= 42 白胜 loss=26.9788 temp=0.25 total_env_steps=17066 t=0.17s
Ep  364: len= 37 黑胜 loss=26.5457 temp=0.25 total_env_steps=17103 t=0.13s
Ep  365: len= 46 白胜 loss=27.3010 temp=0.25 total_env_steps=17149 t=0.15s
Ep  366: len= 44 白胜 loss=26.9722 temp=0.25 total_env_steps=17193 t=0.15s
Ep  367: len= 22 白胜 loss=26.3431 temp=0.25 total_env_steps=17215 t=0.10s
Ep  368: len= 29 黑胜 loss=26.5038 temp=0.25 total_env_steps=17244 t=0.11s
Ep  369: len= 61 黑胜 loss=26.6455 temp=0.25 total_env_steps=17305 t=0.19s
Ep  370: len= 75 黑胜 loss=27.1368 temp=0.25 total_env_steps=17380 t=0.23s
Ep  371: len= 40 白胜 loss=26.8929 temp=0.25 total_env_steps=17420 t=0.14s
Ep  372: len= 55 黑胜 loss=26.9204 temp=0.25 total_env_steps=17475 t=0.20s
Ep  373: len= 42 白胜 loss=27.1159 temp=0.25 total_env_steps=17517 t=0.15s
Ep  374: len= 49 黑胜 loss=27.1616 temp=0.25 total_env_steps=17566 t=0.16s
Ep  375: len= 53 黑胜 loss=26.9863 temp=0.25 total_env_steps=17619 t=0.16s
Ep  376: len= 19 黑胜 loss=26.3666 temp=0.25 total_env_steps=17638 t=0.09s
Ep  377: len= 42 白胜 loss=26.8733 temp=0.25 total_env_steps=17680 t=0.14s
Ep  378: len= 42 白胜 loss=26.9594 temp=0.25 total_env_steps=17722 t=0.14s
Ep  379: len= 33 黑胜 loss=26.5341 temp=0.25 total_env_steps=17755 t=0.12s
Ep  380: len= 35 黑胜 loss=26.3176 temp=0.25 total_env_steps=17790 t=0.12s
Ep  381: len= 41 黑胜 loss=26.8031 temp=0.25 total_env_steps=17831 t=0.14s
Ep  382: len= 55 黑胜 loss=27.0370 temp=0.25 total_env_steps=17886 t=0.18s
Ep  383: len= 36 白胜 loss=26.6263 temp=0.25 total_env_steps=17922 t=0.12s
Ep  384: len= 38 白胜 loss=26.9484 temp=0.25 total_env_steps=17960 t=0.13s
Ep  385: len= 64 白胜 loss=26.7088 temp=0.25 total_env_steps=18024 t=0.19s
Ep  386: len= 21 黑胜 loss=26.6839 temp=0.25 total_env_steps=18045 t=0.09s
Ep  387: len= 45 黑胜 loss=26.3500 temp=0.25 total_env_steps=18090 t=0.15s
Ep  388: len= 36 白胜 loss=27.0260 temp=0.25 total_env_steps=18126 t=0.13s
Ep  389: len= 35 黑胜 loss=26.8243 temp=0.25 total_env_steps=18161 t=0.13s
Ep  390: len= 48 白胜 loss=27.3136 temp=0.25 total_env_steps=18209 t=0.17s
Ep  391: len= 47 黑胜 loss=26.8262 temp=0.25 total_env_steps=18256 t=0.16s
Ep  392: len= 43 黑胜 loss=26.8215 temp=0.25 total_env_steps=18299 t=0.14s
Ep  393: len= 31 黑胜 loss=26.5343 temp=0.25 total_env_steps=18330 t=0.11s
Ep  394: len= 32 白胜 loss=26.9898 temp=0.25 total_env_steps=18362 t=0.12s
Ep  395: len= 37 黑胜 loss=26.6339 temp=0.25 total_env_steps=18399 t=0.13s
Ep  396: len= 51 黑胜 loss=26.2980 temp=0.25 total_env_steps=18450 t=0.16s
Ep  397: len= 37 黑胜 loss=26.9280 temp=0.25 total_env_steps=18487 t=0.14s
Ep  398: len= 27 黑胜 loss=26.2410 temp=0.25 total_env_steps=18514 t=0.10s
Ep  399: len= 27 黑胜 loss=26.8276 temp=0.25 total_env_steps=18541 t=0.11s
Ep  400: len= 44 白胜 loss=26.7912 temp=0.25 total_env_steps=18585 t=0.15s
  eval vs Gomoku-random-v0: win_rate=1.00 mean_return=1.00（20 局，total_env_steps=18585）
[闸门] vs random（40 局）: win_rate=1.000
[闸门] vs 半程快照（40 局，黑白各半）: score=0.775
[梯队] vs naive0（20 局，观察性）: win_rate=0.10
[梯队] vs naive1（20 局，观察性）: win_rate=0.00
[梯队] vs naive2（20 局，观察性）: win_rate=0.00
[梯队] vs naive3（20 局，观察性）: win_rate=0.00
📈 Gomoku-selfplay-v0 win_rate=1.00（best 1.00）| 门槛 0.95 | 72.9s

--- M3 arm=cnn_repr 汇总（base 对照见 bench 头注释）---
  seed=42 vs_random=0.850 vs_snapshot=0.750 | 梯队 naive0=0.00 naive1=0.00 naive2=0.00 naive3=0.00 | env_steps=17793 wall=70s
  seed=43 vs_random=0.950 vs_snapshot=0.750 | 梯队 naive0=0.05 naive1=0.00 naive2=0.00 naive3=0.00 | env_steps=17727 wall=70s
  seed=44 vs_random=1.000 vs_snapshot=0.775 | 梯队 naive0=0.10 naive1=0.00 naive2=0.00 naive3=0.00 | env_steps=18585 wall=73s
ok

test result: ok. 1 passed; 0 failed; 0 ignored; 0 measured; 3417 filtered out; finished in 213.06s

     Running tests\cse_dedup.rs (target\release\deps\cse_dedup-7a657e998c2a0176.exe)

running 0 tests

test result: ok. 0 passed; 0 failed; 0 ignored; 0 measured; 1 filtered out; finished in 0.00s

     Running tests\mode_invariants.rs (target\release\deps\mode_invariants-12496c59841ba5c8.exe)

running 0 tests

test result: ok. 0 passed; 0 failed; 0 ignored; 0 measured; 9 filtered out; finished in 0.00s

     Running tests\onnx_otm_load_bench.rs (target\release\deps\onnx_otm_load_bench-39da60dd6dcd2511.exe)

running 0 tests

test result: ok. 0 passed; 0 failed; 0 ignored; 0 measured; 1 filtered out; finished in 0.00s

     Running tests\yolov5_xiangqi_import.rs (target\release\deps\yolov5_xiangqi_import-5a55f6b67c0e8a85.exe)

running 0 tests

test result: ok. 0 passed; 0 failed; 0 ignored; 0 measured; 6 filtered out; finished in 0.00s

