   Compiling only_torch v0.25.0 (D:\DATA\BaiduSyncdisk\project\personal\only_torch)
    Finished `release` profile [optimized] target(s) in 1m 21s
     Running unittests src\lib.rs (target\release\deps\only_torch-45d502c1e61c3f90.exe)

running 1 test
test rl::algo::my_zero::tests::gomoku_m3_bench::gomoku_m3_replay32 ... 
--- arm=replay32 seed=42 sims=100 ---
[MyZero-board Gomoku-selfplay-v0] obs=243(3×9²) |A|=81 sims=100 γ=1.0 negamax
Ep    1: len= 52 白胜 loss=0.0000 temp=1.00 total_env_steps=52 t=0.25s
Ep    2: len= 35 黑胜 loss=0.0000 temp=1.00 total_env_steps=87 t=0.12s
Ep    3: len= 54 白胜 loss=0.0000 temp=1.00 total_env_steps=141 t=0.20s
Ep    4: len= 58 白胜 loss=0.0000 temp=1.00 total_env_steps=199 t=0.17s
Ep    5: len= 57 黑胜 loss=0.0000 temp=1.00 total_env_steps=256 t=0.18s
Ep    6: len= 67 黑胜 loss=0.0000 temp=1.00 total_env_steps=323 t=0.18s
Ep    7: len= 35 黑胜 loss=0.0000 temp=1.00 total_env_steps=358 t=0.10s
Ep    8: len= 73 黑胜 loss=0.0000 temp=1.00 total_env_steps=431 t=0.22s
Ep    9: len= 43 黑胜 loss=0.0000 temp=1.00 total_env_steps=474 t=0.12s
Ep   10: len= 59 黑胜 loss=29.3581 temp=1.00 total_env_steps=533 t=0.29s
Ep   11: len= 39 黑胜 loss=27.9975 temp=1.00 total_env_steps=572 t=0.22s
Ep   12: len= 45 黑胜 loss=28.0932 temp=1.00 total_env_steps=617 t=0.25s
Ep   13: len= 59 黑胜 loss=27.8884 temp=1.00 total_env_steps=676 t=0.26s
Ep   14: len= 71 黑胜 loss=27.7535 temp=1.00 total_env_steps=747 t=0.28s
Ep   15: len= 38 白胜 loss=27.5525 temp=1.00 total_env_steps=785 t=0.18s
Ep   16: len= 62 白胜 loss=27.4169 temp=1.00 total_env_steps=847 t=0.25s
Ep   17: len= 76 白胜 loss=27.3579 temp=1.00 total_env_steps=923 t=0.27s
Ep   18: len= 35 黑胜 loss=27.2315 temp=1.00 total_env_steps=958 t=0.19s
Ep   19: len= 53 黑胜 loss=27.0713 temp=1.00 total_env_steps=1011 t=0.24s
Ep   20: len= 65 黑胜 loss=27.1878 temp=1.00 total_env_steps=1076 t=0.26s
Ep   21: len= 51 黑胜 loss=27.2170 temp=1.00 total_env_steps=1127 t=0.23s
Ep   22: len= 60 白胜 loss=27.0902 temp=1.00 total_env_steps=1187 t=0.24s
Ep   23: len= 58 白胜 loss=27.0504 temp=1.00 total_env_steps=1245 t=0.25s
Ep   24: len= 35 黑胜 loss=27.0193 temp=1.00 total_env_steps=1280 t=0.19s
Ep   25: len= 51 黑胜 loss=27.0569 temp=1.00 total_env_steps=1331 t=0.21s
Ep   26: len= 42 白胜 loss=26.9915 temp=1.00 total_env_steps=1373 t=0.25s
Ep   27: len= 54 白胜 loss=27.0240 temp=1.00 total_env_steps=1427 t=0.28s
Ep   28: len= 65 黑胜 loss=26.9188 temp=1.00 total_env_steps=1492 t=0.27s
Ep   29: len= 63 黑胜 loss=27.0000 temp=1.00 total_env_steps=1555 t=0.28s
Ep   30: len= 60 白胜 loss=26.9163 temp=1.00 total_env_steps=1615 t=0.25s
Ep   31: len= 65 黑胜 loss=26.8748 temp=1.00 total_env_steps=1680 t=0.28s
Ep   32: len= 36 白胜 loss=27.1183 temp=1.00 total_env_steps=1716 t=0.19s
Ep   33: len= 39 黑胜 loss=26.8054 temp=1.00 total_env_steps=1755 t=0.23s
Ep   34: len= 61 黑胜 loss=26.9291 temp=1.00 total_env_steps=1816 t=0.27s
Ep   35: len= 37 黑胜 loss=26.8873 temp=1.00 total_env_steps=1853 t=0.23s
Ep   36: len= 46 白胜 loss=26.8483 temp=1.00 total_env_steps=1899 t=0.25s
Ep   37: len= 63 黑胜 loss=26.9967 temp=1.00 total_env_steps=1962 t=0.30s
Ep   38: len= 63 黑胜 loss=26.9508 temp=1.00 total_env_steps=2025 t=0.31s
Ep   39: len= 74 白胜 loss=26.8814 temp=1.00 total_env_steps=2099 t=0.32s
Ep   40: len= 57 黑胜 loss=26.8849 temp=1.00 total_env_steps=2156 t=0.28s
Ep   41: len= 54 白胜 loss=26.8831 temp=1.00 total_env_steps=2210 t=0.29s
Ep   42: len= 64 白胜 loss=26.9611 temp=1.00 total_env_steps=2274 t=0.30s
Ep   43: len= 47 黑胜 loss=26.9342 temp=1.00 total_env_steps=2321 t=0.27s
Ep   44: len= 69 黑胜 loss=26.7482 temp=1.00 total_env_steps=2390 t=0.31s
Ep   45: len= 32 白胜 loss=26.9489 temp=1.00 total_env_steps=2422 t=0.22s
Ep   46: len= 43 黑胜 loss=26.8694 temp=1.00 total_env_steps=2465 t=0.25s
Ep   47: len= 55 黑胜 loss=26.7678 temp=1.00 total_env_steps=2520 t=0.30s
Ep   48: len= 65 黑胜 loss=26.9340 temp=1.00 total_env_steps=2585 t=0.31s
Ep   49: len= 69 黑胜 loss=26.9155 temp=1.00 total_env_steps=2654 t=0.34s
Ep   50: len= 60 白胜 loss=26.8572 temp=1.00 total_env_steps=2714 t=0.31s
  eval vs Gomoku-random-v0: win_rate=0.45 mean_return=-0.10（20 局，total_env_steps=2714）
Ep   51: len= 37 黑胜 loss=26.7869 temp=1.00 total_env_steps=2751 t=0.24s
Ep   52: len= 64 白胜 loss=26.7781 temp=1.00 total_env_steps=2815 t=0.33s
Ep   53: len= 28 白胜 loss=26.9684 temp=1.00 total_env_steps=2843 t=0.22s
Ep   54: len= 81 黑胜 loss=26.9321 temp=1.00 total_env_steps=2924 t=0.34s
Ep   55: len= 59 黑胜 loss=26.8625 temp=1.00 total_env_steps=2983 t=0.30s
Ep   56: len= 54 白胜 loss=26.8653 temp=1.00 total_env_steps=3037 t=0.29s
Ep   57: len= 67 黑胜 loss=26.8460 temp=1.00 total_env_steps=3104 t=0.33s
Ep   58: len= 58 白胜 loss=26.8301 temp=1.00 total_env_steps=3162 t=0.30s
Ep   59: len= 46 白胜 loss=26.8359 temp=1.00 total_env_steps=3208 t=0.30s
Ep   60: len= 44 白胜 loss=26.8497 temp=1.00 total_env_steps=3252 t=0.25s
Ep   61: len= 66 白胜 loss=26.8652 temp=1.00 total_env_steps=3318 t=0.30s
Ep   62: len= 37 黑胜 loss=26.8112 temp=1.00 total_env_steps=3355 t=0.24s
Ep   63: len= 61 黑胜 loss=26.8607 temp=1.00 total_env_steps=3416 t=0.30s
Ep   64: len= 43 黑胜 loss=26.8880 temp=1.00 total_env_steps=3459 t=0.26s
Ep   65: len= 62 白胜 loss=26.9159 temp=1.00 total_env_steps=3521 t=0.29s
Ep   66: len= 39 黑胜 loss=26.8913 temp=1.00 total_env_steps=3560 t=0.25s
Ep   67: len= 43 黑胜 loss=26.7848 temp=1.00 total_env_steps=3603 t=0.25s
Ep   68: len= 55 黑胜 loss=27.0621 temp=1.00 total_env_steps=3658 t=0.29s
Ep   69: len= 56 白胜 loss=26.8056 temp=1.00 total_env_steps=3714 t=0.28s
Ep   70: len= 59 黑胜 loss=26.8300 temp=1.00 total_env_steps=3773 t=0.29s
Ep   71: len= 70 白胜 loss=26.8362 temp=1.00 total_env_steps=3843 t=0.33s
Ep   72: len= 39 黑胜 loss=26.7708 temp=1.00 total_env_steps=3882 t=0.27s
Ep   73: len= 51 黑胜 loss=26.8103 temp=1.00 total_env_steps=3933 t=0.28s
Ep   74: len= 47 黑胜 loss=26.8918 temp=1.00 total_env_steps=3980 t=0.26s
Ep   75: len= 47 黑胜 loss=26.7717 temp=1.00 total_env_steps=4027 t=0.27s
Ep   76: len= 45 黑胜 loss=26.8342 temp=1.00 total_env_steps=4072 t=0.27s
Ep   77: len= 44 白胜 loss=26.8263 temp=1.00 total_env_steps=4116 t=0.27s
Ep   78: len= 62 白胜 loss=26.9577 temp=1.00 total_env_steps=4178 t=0.32s
Ep   79: len= 37 黑胜 loss=26.7504 temp=1.00 total_env_steps=4215 t=0.25s
Ep   80: len= 49 黑胜 loss=26.8443 temp=1.00 total_env_steps=4264 t=0.27s
Ep   81: len= 38 白胜 loss=26.8679 temp=1.00 total_env_steps=4302 t=0.27s
Ep   82: len= 73 黑胜 loss=26.7598 temp=1.00 total_env_steps=4375 t=0.34s
Ep   83: len= 59 黑胜 loss=26.7451 temp=1.00 total_env_steps=4434 t=0.29s
Ep   84: len= 61 黑胜 loss=26.7579 temp=1.00 total_env_steps=4495 t=0.28s
Ep   85: len= 49 黑胜 loss=26.8472 temp=1.00 total_env_steps=4544 t=0.28s
Ep   86: len= 39 黑胜 loss=26.7649 temp=1.00 total_env_steps=4583 t=0.24s
Ep   87: len= 45 黑胜 loss=26.7813 temp=1.00 total_env_steps=4628 t=0.25s
Ep   88: len= 56 白胜 loss=26.8383 temp=1.00 total_env_steps=4684 t=0.29s
Ep   89: len= 63 黑胜 loss=26.7504 temp=1.00 total_env_steps=4747 t=0.29s
Ep   90: len= 54 白胜 loss=26.8614 temp=1.00 total_env_steps=4801 t=0.28s
Ep   91: len= 45 黑胜 loss=26.8589 temp=1.00 total_env_steps=4846 t=0.26s
Ep   92: len= 42 白胜 loss=26.7840 temp=1.00 total_env_steps=4888 t=0.26s
Ep   93: len= 41 黑胜 loss=26.7521 temp=1.00 total_env_steps=4929 t=0.25s
Ep   94: len= 51 黑胜 loss=26.8391 temp=1.00 total_env_steps=4980 t=0.27s
Ep   95: len= 64 白胜 loss=26.8861 temp=1.00 total_env_steps=5044 t=0.30s
Ep   96: len= 44 白胜 loss=26.8759 temp=1.00 total_env_steps=5088 t=0.29s
Ep   97: len= 60 白胜 loss=26.8834 temp=1.00 total_env_steps=5148 t=0.30s
Ep   98: len= 77 黑胜 loss=26.8334 temp=1.00 total_env_steps=5225 t=0.34s
Ep   99: len= 55 黑胜 loss=26.7224 temp=1.00 total_env_steps=5280 t=0.28s
Ep  100: len= 62 白胜 loss=26.7208 temp=1.00 total_env_steps=5342 t=0.31s
  eval vs Gomoku-random-v0: win_rate=0.50 mean_return=0.00（20 局，total_env_steps=5342）
Ep  101: len= 43 黑胜 loss=26.7879 temp=1.00 total_env_steps=5385 t=0.28s
Ep  102: len= 56 白胜 loss=26.7833 temp=0.99 total_env_steps=5441 t=0.29s
Ep  103: len= 40 白胜 loss=26.9187 temp=0.99 total_env_steps=5481 t=0.25s
Ep  104: len= 40 白胜 loss=26.7754 temp=0.98 total_env_steps=5521 t=0.25s
Ep  105: len= 54 白胜 loss=26.8191 temp=0.97 total_env_steps=5575 t=0.30s
Ep  106: len= 46 白胜 loss=26.6794 temp=0.96 total_env_steps=5621 t=0.29s
Ep  107: len= 53 黑胜 loss=26.7785 temp=0.95 total_env_steps=5674 t=0.34s
Ep  108: len= 54 白胜 loss=26.9076 temp=0.95 total_env_steps=5728 t=0.31s
Ep  109: len= 28 白胜 loss=26.8288 temp=0.94 total_env_steps=5756 t=0.22s
Ep  110: len= 53 黑胜 loss=26.6971 temp=0.93 total_env_steps=5809 t=0.28s
Ep  111: len= 38 白胜 loss=26.7530 temp=0.93 total_env_steps=5847 t=0.24s
Ep  112: len= 50 白胜 loss=26.8938 temp=0.92 total_env_steps=5897 t=0.26s
Ep  113: len= 48 白胜 loss=26.7600 temp=0.91 total_env_steps=5945 t=0.27s
Ep  114: len= 53 黑胜 loss=26.7434 temp=0.90 total_env_steps=5998 t=0.27s
Ep  115: len= 45 黑胜 loss=26.8464 temp=0.89 total_env_steps=6043 t=0.26s
Ep  116: len= 77 黑胜 loss=26.6563 temp=0.89 total_env_steps=6120 t=0.31s
Ep  117: len= 49 黑胜 loss=26.6827 temp=0.88 total_env_steps=6169 t=0.26s
Ep  118: len= 79 黑胜 loss=26.7579 temp=0.87 total_env_steps=6248 t=0.33s
Ep  119: len= 53 黑胜 loss=26.8010 temp=0.87 total_env_steps=6301 t=0.29s
Ep  120: len= 58 白胜 loss=26.8508 temp=0.86 total_env_steps=6359 t=0.35s
Ep  121: len= 32 白胜 loss=26.8412 temp=0.85 total_env_steps=6391 t=0.24s
Ep  122: len= 55 黑胜 loss=26.7922 temp=0.84 total_env_steps=6446 t=0.28s
Ep  123: len= 73 黑胜 loss=26.8579 temp=0.84 total_env_steps=6519 t=0.36s
Ep  124: len= 60 白胜 loss=26.8115 temp=0.83 total_env_steps=6579 t=0.31s
Ep  125: len= 72 白胜 loss=26.9876 temp=0.82 total_env_steps=6651 t=0.34s
Ep  126: len= 49 黑胜 loss=26.8335 temp=0.81 total_env_steps=6700 t=0.27s
Ep  127: len= 55 黑胜 loss=26.7075 temp=0.81 total_env_steps=6755 t=0.28s
Ep  128: len= 59 黑胜 loss=26.8762 temp=0.80 total_env_steps=6814 t=0.31s
Ep  129: len= 44 白胜 loss=26.7979 temp=0.79 total_env_steps=6858 t=0.28s
Ep  130: len= 56 白胜 loss=26.7298 temp=0.78 total_env_steps=6914 t=0.30s
Ep  131: len= 49 黑胜 loss=26.8313 temp=0.77 total_env_steps=6963 t=0.27s
Ep  132: len= 49 黑胜 loss=26.7813 temp=0.77 total_env_steps=7012 t=0.27s
Ep  133: len= 57 黑胜 loss=26.7655 temp=0.76 total_env_steps=7069 t=0.29s
Ep  134: len= 58 白胜 loss=26.8133 temp=0.75 total_env_steps=7127 t=0.34s
Ep  135: len= 45 黑胜 loss=26.7864 temp=0.75 total_env_steps=7172 t=0.26s
Ep  136: len= 65 黑胜 loss=26.8427 temp=0.74 total_env_steps=7237 t=0.31s
Ep  137: len= 42 白胜 loss=26.7510 temp=0.73 total_env_steps=7279 t=0.25s
Ep  138: len= 42 白胜 loss=26.7865 temp=0.72 total_env_steps=7321 t=0.26s
Ep  139: len= 61 黑胜 loss=26.6137 temp=0.72 total_env_steps=7382 t=0.29s
Ep  140: len= 58 白胜 loss=26.8296 temp=0.71 total_env_steps=7440 t=0.30s
Ep  141: len= 56 白胜 loss=26.7865 temp=0.70 total_env_steps=7496 t=0.29s
Ep  142: len= 37 黑胜 loss=26.7970 temp=0.69 total_env_steps=7533 t=0.24s
Ep  143: len= 58 白胜 loss=26.7313 temp=0.69 total_env_steps=7591 t=0.29s
Ep  144: len= 61 黑胜 loss=26.8365 temp=0.68 total_env_steps=7652 t=0.30s
Ep  145: len= 57 黑胜 loss=26.9032 temp=0.67 total_env_steps=7709 t=0.29s
Ep  146: len= 60 白胜 loss=26.8535 temp=0.66 total_env_steps=7769 t=0.31s
Ep  147: len= 56 白胜 loss=26.8651 temp=0.65 total_env_steps=7825 t=0.30s
Ep  148: len= 44 白胜 loss=26.9176 temp=0.65 total_env_steps=7869 t=0.26s
Ep  149: len= 46 白胜 loss=26.9489 temp=0.64 total_env_steps=7915 t=0.27s
Ep  150: len= 45 黑胜 loss=26.7442 temp=0.63 total_env_steps=7960 t=0.28s
  eval vs Gomoku-random-v0: win_rate=0.55 mean_return=0.10（20 局，total_env_steps=7960）
Ep  151: len= 53 黑胜 loss=26.7862 temp=0.62 total_env_steps=8013 t=0.29s
Ep  152: len= 53 黑胜 loss=26.8235 temp=0.62 total_env_steps=8066 t=0.29s
Ep  153: len= 63 黑胜 loss=26.9060 temp=0.61 total_env_steps=8129 t=0.31s
Ep  154: len= 52 白胜 loss=26.7824 temp=0.60 total_env_steps=8181 t=0.28s
Ep  155: len= 53 黑胜 loss=26.8221 temp=0.59 total_env_steps=8234 t=0.29s
Ep  156: len= 58 白胜 loss=26.7778 temp=0.59 total_env_steps=8292 t=0.31s
Ep  157: len= 46 白胜 loss=26.8342 temp=0.58 total_env_steps=8338 t=0.27s
Ep  158: len= 65 黑胜 loss=26.8332 temp=0.57 total_env_steps=8403 t=0.31s
Ep  159: len= 43 黑胜 loss=26.7736 temp=0.56 total_env_steps=8446 t=0.25s
Ep  160: len= 62 白胜 loss=26.7322 temp=0.56 total_env_steps=8508 t=0.30s
Ep  161: len= 39 黑胜 loss=26.7652 temp=0.55 total_env_steps=8547 t=0.24s
Ep  162: len= 61 黑胜 loss=26.7289 temp=0.54 total_env_steps=8608 t=0.29s
Ep  163: len= 49 黑胜 loss=26.6993 temp=0.53 total_env_steps=8657 t=0.28s
Ep  164: len= 56 白胜 loss=26.7291 temp=0.53 total_env_steps=8713 t=0.28s
Ep  165: len= 63 黑胜 loss=26.7657 temp=0.52 total_env_steps=8776 t=0.31s
Ep  166: len= 23 黑胜 loss=26.7154 temp=0.51 total_env_steps=8799 t=0.21s
Ep  167: len= 49 黑胜 loss=26.6838 temp=0.50 total_env_steps=8848 t=0.29s
Ep  168: len= 59 黑胜 loss=26.7282 temp=0.50 total_env_steps=8907 t=0.31s
Ep  169: len= 68 白胜 loss=26.8122 temp=0.49 total_env_steps=8975 t=0.37s
Ep  170: len= 63 黑胜 loss=26.9075 temp=0.48 total_env_steps=9038 t=0.31s
Ep  171: len= 19 黑胜 loss=26.8315 temp=0.48 total_env_steps=9057 t=0.21s
Ep  172: len= 32 白胜 loss=26.8002 temp=0.47 total_env_steps=9089 t=0.24s
Ep  173: len= 52 白胜 loss=26.7805 temp=0.46 total_env_steps=9141 t=0.30s
Ep  174: len= 62 白胜 loss=26.8521 temp=0.45 total_env_steps=9203 t=0.31s
Ep  175: len= 54 白胜 loss=26.7790 temp=0.44 total_env_steps=9257 t=0.30s
Ep  176: len= 55 黑胜 loss=26.7084 temp=0.44 total_env_steps=9312 t=0.31s
Ep  177: len= 49 黑胜 loss=26.8196 temp=0.43 total_env_steps=9361 t=0.29s
Ep  178: len= 49 黑胜 loss=26.7219 temp=0.42 total_env_steps=9410 t=0.28s
Ep  179: len= 64 白胜 loss=26.7188 temp=0.42 total_env_steps=9474 t=0.31s
Ep  180: len= 62 白胜 loss=26.8074 temp=0.41 total_env_steps=9536 t=0.30s
Ep  181: len= 45 黑胜 loss=26.7842 temp=0.40 total_env_steps=9581 t=0.27s
Ep  182: len= 38 白胜 loss=26.7710 temp=0.39 total_env_steps=9619 t=0.24s
Ep  183: len= 47 黑胜 loss=26.7424 temp=0.38 total_env_steps=9666 t=0.25s
Ep  184: len= 45 黑胜 loss=26.7638 temp=0.38 total_env_steps=9711 t=0.25s
Ep  185: len= 72 白胜 loss=26.8459 temp=0.37 total_env_steps=9783 t=0.34s
Ep  186: len= 52 白胜 loss=26.7201 temp=0.36 total_env_steps=9835 t=0.28s
Ep  187: len= 47 黑胜 loss=26.7456 temp=0.36 total_env_steps=9882 t=0.26s
Ep  188: len= 42 白胜 loss=26.6895 temp=0.35 total_env_steps=9924 t=0.27s
Ep  189: len= 53 黑胜 loss=26.8116 temp=0.34 total_env_steps=9977 t=0.30s
Ep  190: len= 35 黑胜 loss=26.6998 temp=0.33 total_env_steps=10012 t=0.23s
Ep  191: len= 57 黑胜 loss=26.8214 temp=0.33 total_env_steps=10069 t=0.30s
Ep  192: len= 17 黑胜 loss=26.7285 temp=0.32 total_env_steps=10086 t=0.20s
Ep  193: len= 57 黑胜 loss=26.8378 temp=0.31 total_env_steps=10143 t=0.29s
Ep  194: len= 48 白胜 loss=26.7721 temp=0.30 total_env_steps=10191 t=0.27s
Ep  195: len= 61 黑胜 loss=26.7828 temp=0.30 total_env_steps=10252 t=0.31s
Ep  196: len= 50 白胜 loss=26.8347 temp=0.29 total_env_steps=10302 t=0.28s
Ep  197: len= 48 白胜 loss=26.8474 temp=0.28 total_env_steps=10350 t=0.29s
Ep  198: len= 36 白胜 loss=26.8419 temp=0.27 total_env_steps=10386 t=0.25s
Ep  199: len= 26 白胜 loss=26.7827 temp=0.26 total_env_steps=10412 t=0.22s
Ep  200: len= 61 黑胜 loss=26.7809 temp=0.26 total_env_steps=10473 t=0.31s
  eval vs Gomoku-random-v0: win_rate=0.70 mean_return=0.40（20 局，total_env_steps=10473）
  📸 已拍权重快照（ep=200，gating 对弈基准）
Ep  201: len= 67 黑胜 loss=26.6173 temp=0.25 total_env_steps=10540 t=0.33s
Ep  202: len= 56 白胜 loss=26.8145 temp=0.25 total_env_steps=10596 t=0.30s
Ep  203: len= 40 白胜 loss=26.8156 temp=0.25 total_env_steps=10636 t=0.29s
Ep  204: len= 57 黑胜 loss=26.7338 temp=0.25 total_env_steps=10693 t=0.28s
Ep  205: len= 56 白胜 loss=26.8310 temp=0.25 total_env_steps=10749 t=0.29s
Ep  206: len= 46 白胜 loss=26.8683 temp=0.25 total_env_steps=10795 t=0.27s
Ep  207: len= 56 白胜 loss=26.6989 temp=0.25 total_env_steps=10851 t=0.30s
Ep  208: len= 53 黑胜 loss=26.7295 temp=0.25 total_env_steps=10904 t=0.29s
Ep  209: len= 47 黑胜 loss=26.6856 temp=0.25 total_env_steps=10951 t=0.27s
Ep  210: len= 63 黑胜 loss=26.5758 temp=0.25 total_env_steps=11014 t=0.30s
Ep  211: len= 50 白胜 loss=26.7075 temp=0.25 total_env_steps=11064 t=0.27s
Ep  212: len= 49 黑胜 loss=26.7566 temp=0.25 total_env_steps=11113 t=0.29s
Ep  213: len= 38 白胜 loss=26.7106 temp=0.25 total_env_steps=11151 t=0.26s
Ep  214: len= 64 白胜 loss=26.6873 temp=0.25 total_env_steps=11215 t=0.30s
Ep  215: len= 53 黑胜 loss=26.6387 temp=0.25 total_env_steps=11268 t=0.30s
Ep  216: len= 55 黑胜 loss=26.8015 temp=0.25 total_env_steps=11323 t=0.29s
Ep  217: len= 43 黑胜 loss=26.7866 temp=0.25 total_env_steps=11366 t=0.27s
Ep  218: len= 65 黑胜 loss=26.7188 temp=0.25 total_env_steps=11431 t=0.31s
Ep  219: len= 58 白胜 loss=26.6400 temp=0.25 total_env_steps=11489 t=0.33s
Ep  220: len= 27 黑胜 loss=26.6245 temp=0.25 total_env_steps=11516 t=0.25s
Ep  221: len= 34 白胜 loss=26.6873 temp=0.25 total_env_steps=11550 t=0.23s
Ep  222: len= 51 黑胜 loss=26.7445 temp=0.25 total_env_steps=11601 t=0.29s
Ep  223: len= 68 白胜 loss=26.7683 temp=0.25 total_env_steps=11669 t=0.33s
Ep  224: len= 51 黑胜 loss=26.6695 temp=0.25 total_env_steps=11720 t=0.30s
Ep  225: len= 51 黑胜 loss=26.5669 temp=0.25 total_env_steps=11771 t=0.28s
Ep  226: len= 51 黑胜 loss=26.7185 temp=0.25 total_env_steps=11822 t=0.29s
Ep  227: len= 49 黑胜 loss=26.7266 temp=0.25 total_env_steps=11871 t=0.28s
Ep  228: len= 38 白胜 loss=26.5240 temp=0.25 total_env_steps=11909 t=0.25s
Ep  229: len= 53 黑胜 loss=26.6943 temp=0.25 total_env_steps=11962 t=0.29s
Ep  230: len= 43 黑胜 loss=26.4940 temp=0.25 total_env_steps=12005 t=0.26s
Ep  231: len= 34 白胜 loss=26.6731 temp=0.25 total_env_steps=12039 t=0.23s
Ep  232: len= 53 黑胜 loss=26.3575 temp=0.25 total_env_steps=12092 t=0.27s
Ep  233: len= 61 黑胜 loss=26.6718 temp=0.25 total_env_steps=12153 t=0.32s
Ep  234: len= 77 黑胜 loss=26.6406 temp=0.25 total_env_steps=12230 t=0.33s
Ep  235: len= 64 白胜 loss=26.4873 temp=0.25 total_env_steps=12294 t=0.30s
Ep  236: len= 48 白胜 loss=26.7414 temp=0.25 total_env_steps=12342 t=0.27s
Ep  237: len= 53 黑胜 loss=26.5998 temp=0.25 total_env_steps=12395 t=0.28s
Ep  238: len= 66 白胜 loss=26.5361 temp=0.25 total_env_steps=12461 t=0.31s
Ep  239: len= 31 黑胜 loss=26.5747 temp=0.25 total_env_steps=12492 t=0.24s
Ep  240: len= 50 白胜 loss=26.5160 temp=0.25 total_env_steps=12542 t=0.30s
Ep  241: len= 49 黑胜 loss=26.5047 temp=0.25 total_env_steps=12591 t=0.37s
Ep  242: len= 55 黑胜 loss=26.5887 temp=0.25 total_env_steps=12646 t=0.33s
Ep  243: len= 47 黑胜 loss=26.6789 temp=0.25 total_env_steps=12693 t=0.30s
Ep  244: len= 37 黑胜 loss=26.5074 temp=0.25 total_env_steps=12730 t=0.29s
Ep  245: len= 40 白胜 loss=26.3867 temp=0.25 total_env_steps=12770 t=0.29s
Ep  246: len= 42 白胜 loss=26.3764 temp=0.25 total_env_steps=12812 t=0.28s
Ep  247: len= 64 白胜 loss=26.4174 temp=0.25 total_env_steps=12876 t=0.35s
Ep  248: len= 48 白胜 loss=26.5170 temp=0.25 total_env_steps=12924 t=0.32s
Ep  249: len= 51 黑胜 loss=26.5448 temp=0.25 total_env_steps=12975 t=0.34s
Ep  250: len= 45 黑胜 loss=26.5045 temp=0.25 total_env_steps=13020 t=0.30s
  eval vs Gomoku-random-v0: win_rate=0.70 mean_return=0.40（20 局，total_env_steps=13020）
Ep  251: len= 36 白胜 loss=26.4136 temp=0.25 total_env_steps=13056 t=0.29s
Ep  252: len= 43 黑胜 loss=26.5072 temp=0.25 total_env_steps=13099 t=0.39s
Ep  253: len= 81 黑胜 loss=26.5985 temp=0.25 total_env_steps=13180 t=0.38s
Ep  254: len= 61 黑胜 loss=26.5488 temp=0.25 total_env_steps=13241 t=0.31s
Ep  255: len= 58 白胜 loss=26.3648 temp=0.25 total_env_steps=13299 t=0.32s
Ep  256: len= 46 白胜 loss=26.3949 temp=0.25 total_env_steps=13345 t=0.26s
Ep  257: len= 56 白胜 loss=26.4810 temp=0.25 total_env_steps=13401 t=0.32s
Ep  258: len= 54 白胜 loss=26.3160 temp=0.25 total_env_steps=13455 t=0.36s
Ep  259: len= 62 白胜 loss=26.3893 temp=0.25 total_env_steps=13517 t=0.35s
Ep  260: len= 39 黑胜 loss=26.3686 temp=0.25 total_env_steps=13556 t=0.29s
Ep  261: len= 50 白胜 loss=26.4947 temp=0.25 total_env_steps=13606 t=0.30s
Ep  262: len= 66 白胜 loss=26.4443 temp=0.25 total_env_steps=13672 t=0.34s
Ep  263: len= 62 白胜 loss=26.3600 temp=0.25 total_env_steps=13734 t=0.34s
Ep  264: len= 57 黑胜 loss=26.2756 temp=0.25 total_env_steps=13791 t=0.34s
Ep  265: len= 31 黑胜 loss=26.4049 temp=0.25 total_env_steps=13822 t=0.27s
Ep  266: len= 51 黑胜 loss=26.2922 temp=0.25 total_env_steps=13873 t=0.30s
Ep  267: len= 26 白胜 loss=26.2495 temp=0.25 total_env_steps=13899 t=0.25s
Ep  268: len= 31 黑胜 loss=26.3150 temp=0.25 total_env_steps=13930 t=0.27s
Ep  269: len= 55 黑胜 loss=26.3363 temp=0.25 total_env_steps=13985 t=0.33s
Ep  270: len= 47 黑胜 loss=26.1853 temp=0.25 total_env_steps=14032 t=0.30s
Ep  271: len= 44 白胜 loss=26.4387 temp=0.25 total_env_steps=14076 t=0.30s
Ep  272: len= 49 黑胜 loss=26.3977 temp=0.25 total_env_steps=14125 t=0.30s
Ep  273: len= 57 黑胜 loss=26.3700 temp=0.25 total_env_steps=14182 t=0.35s
Ep  274: len= 41 黑胜 loss=26.1864 temp=0.25 total_env_steps=14223 t=0.26s
Ep  275: len= 41 黑胜 loss=26.2863 temp=0.25 total_env_steps=14264 t=0.27s
Ep  276: len= 40 白胜 loss=26.2289 temp=0.25 total_env_steps=14304 t=0.28s
Ep  277: len= 39 黑胜 loss=26.2828 temp=0.25 total_env_steps=14343 t=0.29s
Ep  278: len= 51 黑胜 loss=26.3120 temp=0.25 total_env_steps=14394 t=0.32s
Ep  279: len= 43 黑胜 loss=26.2382 temp=0.25 total_env_steps=14437 t=0.30s
Ep  280: len= 41 黑胜 loss=26.3457 temp=0.25 total_env_steps=14478 t=0.28s
Ep  281: len= 56 白胜 loss=26.0130 temp=0.25 total_env_steps=14534 t=0.33s
Ep  282: len= 37 黑胜 loss=26.3590 temp=0.25 total_env_steps=14571 t=0.26s
Ep  283: len= 61 黑胜 loss=26.0963 temp=0.25 total_env_steps=14632 t=0.34s
Ep  284: len= 46 白胜 loss=26.2223 temp=0.25 total_env_steps=14678 t=0.28s
Ep  285: len= 47 黑胜 loss=26.0659 temp=0.25 total_env_steps=14725 t=0.29s
Ep  286: len= 81 平局 loss=26.2456 temp=0.25 total_env_steps=14806 t=0.36s
Ep  287: len= 31 黑胜 loss=26.0466 temp=0.25 total_env_steps=14837 t=0.26s
Ep  288: len= 45 黑胜 loss=25.9964 temp=0.25 total_env_steps=14882 t=0.28s
Ep  289: len= 35 黑胜 loss=26.2967 temp=0.25 total_env_steps=14917 t=0.25s
Ep  290: len= 28 白胜 loss=26.0188 temp=0.25 total_env_steps=14945 t=0.25s
Ep  291: len= 50 白胜 loss=26.0259 temp=0.25 total_env_steps=14995 t=0.31s
Ep  292: len= 55 黑胜 loss=26.0408 temp=0.25 total_env_steps=15050 t=0.30s
Ep  293: len= 33 黑胜 loss=26.2664 temp=0.25 total_env_steps=15083 t=0.25s
Ep  294: len= 47 黑胜 loss=25.9390 temp=0.25 total_env_steps=15130 t=0.33s
Ep  295: len= 50 白胜 loss=26.1711 temp=0.25 total_env_steps=15180 t=0.30s
Ep  296: len= 31 黑胜 loss=25.8341 temp=0.25 total_env_steps=15211 t=0.26s
Ep  297: len= 65 黑胜 loss=25.9552 temp=0.25 total_env_steps=15276 t=0.34s
Ep  298: len= 63 黑胜 loss=26.0372 temp=0.25 total_env_steps=15339 t=0.38s
Ep  299: len= 33 黑胜 loss=25.7975 temp=0.25 total_env_steps=15372 t=0.29s
Ep  300: len= 51 黑胜 loss=25.7781 temp=0.25 total_env_steps=15423 t=0.32s
  eval vs Gomoku-random-v0: win_rate=0.75 mean_return=0.50（20 局，total_env_steps=15423）
Ep  301: len= 52 白胜 loss=25.9066 temp=0.25 total_env_steps=15475 t=0.29s
Ep  302: len= 17 黑胜 loss=25.7794 temp=0.25 total_env_steps=15492 t=0.21s
Ep  303: len= 43 黑胜 loss=25.6921 temp=0.25 total_env_steps=15535 t=0.29s
Ep  304: len= 29 黑胜 loss=25.9083 temp=0.25 total_env_steps=15564 t=0.26s
Ep  305: len= 36 白胜 loss=25.8467 temp=0.25 total_env_steps=15600 t=0.27s
Ep  306: len= 39 黑胜 loss=25.8476 temp=0.25 total_env_steps=15639 t=0.28s
Ep  307: len= 42 白胜 loss=25.6082 temp=0.25 total_env_steps=15681 t=0.28s
Ep  308: len= 51 黑胜 loss=25.8710 temp=0.25 total_env_steps=15732 t=0.30s
Ep  309: len= 31 黑胜 loss=25.7704 temp=0.25 total_env_steps=15763 t=0.25s
Ep  310: len= 56 白胜 loss=25.8057 temp=0.25 total_env_steps=15819 t=0.36s
Ep  311: len= 35 黑胜 loss=25.6247 temp=0.25 total_env_steps=15854 t=0.30s
Ep  312: len= 53 黑胜 loss=26.0315 temp=0.25 total_env_steps=15907 t=0.38s
Ep  313: len= 48 白胜 loss=25.8330 temp=0.25 total_env_steps=15955 t=0.32s
Ep  314: len= 35 黑胜 loss=25.6049 temp=0.25 total_env_steps=15990 t=0.28s
Ep  315: len= 68 白胜 loss=25.5652 temp=0.25 total_env_steps=16058 t=0.39s
Ep  316: len= 44 白胜 loss=25.7849 temp=0.25 total_env_steps=16102 t=0.30s
Ep  317: len= 39 黑胜 loss=25.7954 temp=0.25 total_env_steps=16141 t=0.28s
Ep  318: len= 43 黑胜 loss=25.4181 temp=0.25 total_env_steps=16184 t=0.29s
Ep  319: len= 72 白胜 loss=25.6108 temp=0.25 total_env_steps=16256 t=0.39s
Ep  320: len= 69 黑胜 loss=25.4510 temp=0.25 total_env_steps=16325 t=0.40s
Ep  321: len= 44 白胜 loss=25.6946 temp=0.25 total_env_steps=16369 t=0.33s
Ep  322: len= 61 黑胜 loss=25.7141 temp=0.25 total_env_steps=16430 t=0.32s
Ep  323: len= 33 黑胜 loss=25.4319 temp=0.25 total_env_steps=16463 t=0.27s
Ep  324: len= 29 黑胜 loss=25.6565 temp=0.25 total_env_steps=16492 t=0.25s
Ep  325: len= 76 白胜 loss=25.4540 temp=0.25 total_env_steps=16568 t=0.36s
Ep  326: len= 31 黑胜 loss=25.5915 temp=0.25 total_env_steps=16599 t=0.25s
Ep  327: len= 38 白胜 loss=25.5299 temp=0.25 total_env_steps=16637 t=0.26s
Ep  328: len= 65 黑胜 loss=25.4546 temp=0.25 total_env_steps=16702 t=0.33s
Ep  329: len= 55 黑胜 loss=25.1494 temp=0.25 total_env_steps=16757 t=0.34s
Ep  330: len= 35 黑胜 loss=25.0252 temp=0.25 total_env_steps=16792 t=0.28s
Ep  331: len= 43 黑胜 loss=25.3962 temp=0.25 total_env_steps=16835 t=0.31s
Ep  332: len= 53 黑胜 loss=25.0940 temp=0.25 total_env_steps=16888 t=0.35s
Ep  333: len= 29 黑胜 loss=25.6055 temp=0.25 total_env_steps=16917 t=0.30s
Ep  334: len= 37 黑胜 loss=25.2025 temp=0.25 total_env_steps=16954 t=0.27s
Ep  335: len= 39 黑胜 loss=25.2303 temp=0.25 total_env_steps=16993 t=0.30s
Ep  336: len= 51 黑胜 loss=25.1020 temp=0.25 total_env_steps=17044 t=0.29s
Ep  337: len= 29 黑胜 loss=25.2932 temp=0.25 total_env_steps=17073 t=0.24s
Ep  338: len= 19 黑胜 loss=25.2788 temp=0.25 total_env_steps=17092 t=0.23s
Ep  339: len= 35 黑胜 loss=25.0665 temp=0.25 total_env_steps=17127 t=0.26s
Ep  340: len= 59 黑胜 loss=24.9803 temp=0.25 total_env_steps=17186 t=0.32s
Ep  341: len= 30 白胜 loss=25.2218 temp=0.25 total_env_steps=17216 t=0.24s
Ep  342: len= 29 黑胜 loss=24.8367 temp=0.25 total_env_steps=17245 t=0.26s
Ep  343: len= 34 白胜 loss=24.9403 temp=0.25 total_env_steps=17279 t=0.25s
Ep  344: len= 49 黑胜 loss=25.1362 temp=0.25 total_env_steps=17328 t=0.30s
Ep  345: len= 33 黑胜 loss=25.0359 temp=0.25 total_env_steps=17361 t=0.29s
Ep  346: len= 28 白胜 loss=24.9954 temp=0.25 total_env_steps=17389 t=0.29s
Ep  347: len= 49 黑胜 loss=24.8176 temp=0.25 total_env_steps=17438 t=0.35s
Ep  348: len= 48 白胜 loss=25.0527 temp=0.25 total_env_steps=17486 t=0.32s
Ep  349: len= 64 白胜 loss=24.8007 temp=0.25 total_env_steps=17550 t=0.32s
Ep  350: len= 72 白胜 loss=25.2633 temp=0.25 total_env_steps=17622 t=0.40s
  eval vs Gomoku-random-v0: win_rate=0.80 mean_return=0.60（20 局，total_env_steps=17622）
Ep  351: len= 67 黑胜 loss=24.8092 temp=0.25 total_env_steps=17689 t=0.40s
Ep  352: len= 36 白胜 loss=24.9401 temp=0.25 total_env_steps=17725 t=0.31s
Ep  353: len= 28 白胜 loss=24.7789 temp=0.25 total_env_steps=17753 t=0.30s
Ep  354: len= 61 黑胜 loss=24.7666 temp=0.25 total_env_steps=17814 t=0.38s
Ep  355: len= 12 白胜 loss=25.1811 temp=0.25 total_env_steps=17826 t=0.24s
Ep  356: len= 39 黑胜 loss=24.7841 temp=0.25 total_env_steps=17865 t=0.30s
Ep  357: len= 28 白胜 loss=24.4681 temp=0.25 total_env_steps=17893 t=0.29s
Ep  358: len= 41 黑胜 loss=24.4826 temp=0.25 total_env_steps=17934 t=0.32s
Ep  359: len= 51 黑胜 loss=24.9202 temp=0.25 total_env_steps=17985 t=0.29s
Ep  360: len= 45 黑胜 loss=24.5482 temp=0.25 total_env_steps=18030 t=0.30s
Ep  361: len= 43 黑胜 loss=24.8910 temp=0.25 total_env_steps=18073 t=0.30s
Ep  362: len= 34 白胜 loss=24.9381 temp=0.25 total_env_steps=18107 t=0.26s
Ep  363: len= 54 白胜 loss=24.5123 temp=0.25 total_env_steps=18161 t=0.30s
Ep  364: len= 39 黑胜 loss=24.9198 temp=0.25 total_env_steps=18200 t=0.27s
Ep  365: len= 39 黑胜 loss=24.4856 temp=0.25 total_env_steps=18239 t=0.30s
Ep  366: len= 29 黑胜 loss=24.6382 temp=0.25 total_env_steps=18268 t=0.26s
Ep  367: len= 39 黑胜 loss=24.2565 temp=0.25 total_env_steps=18307 t=0.29s
Ep  368: len= 33 黑胜 loss=24.3677 temp=0.25 total_env_steps=18340 t=0.26s
Ep  369: len= 55 黑胜 loss=24.4028 temp=0.25 total_env_steps=18395 t=0.31s
Ep  370: len= 33 黑胜 loss=24.4071 temp=0.25 total_env_steps=18428 t=0.26s
Ep  371: len= 63 黑胜 loss=24.5250 temp=0.25 total_env_steps=18491 t=0.35s
Ep  372: len= 50 白胜 loss=24.3850 temp=0.25 total_env_steps=18541 t=0.29s
Ep  373: len= 45 黑胜 loss=24.3277 temp=0.25 total_env_steps=18586 t=0.30s
Ep  374: len= 57 黑胜 loss=24.4756 temp=0.25 total_env_steps=18643 t=0.35s
Ep  375: len= 21 黑胜 loss=24.4613 temp=0.25 total_env_steps=18664 t=0.23s
Ep  376: len= 29 黑胜 loss=23.6891 temp=0.25 total_env_steps=18693 t=0.25s
Ep  377: len= 12 白胜 loss=23.9938 temp=0.25 total_env_steps=18705 t=0.21s
Ep  378: len= 17 黑胜 loss=24.2192 temp=0.25 total_env_steps=18722 t=0.23s
Ep  379: len= 53 黑胜 loss=24.3757 temp=0.25 total_env_steps=18775 t=0.33s
Ep  380: len= 45 黑胜 loss=24.3113 temp=0.25 total_env_steps=18820 t=0.29s
Ep  381: len= 12 白胜 loss=24.1301 temp=0.25 total_env_steps=18832 t=0.22s
Ep  382: len= 44 白胜 loss=24.3008 temp=0.25 total_env_steps=18876 t=0.31s
Ep  383: len= 11 黑胜 loss=23.8697 temp=0.25 total_env_steps=18887 t=0.21s
Ep  384: len= 13 黑胜 loss=24.5595 temp=0.25 total_env_steps=18900 t=0.20s
Ep  385: len= 47 黑胜 loss=24.0291 temp=0.25 total_env_steps=18947 t=0.29s
Ep  386: len= 19 黑胜 loss=24.1292 temp=0.25 total_env_steps=18966 t=0.23s
Ep  387: len= 31 黑胜 loss=23.6966 temp=0.25 total_env_steps=18997 t=0.26s
Ep  388: len= 53 黑胜 loss=24.3563 temp=0.25 total_env_steps=19050 t=0.30s
Ep  389: len= 14 白胜 loss=24.4252 temp=0.25 total_env_steps=19064 t=0.23s
Ep  390: len= 72 白胜 loss=23.6805 temp=0.25 total_env_steps=19136 t=0.37s
Ep  391: len= 41 黑胜 loss=23.9177 temp=0.25 total_env_steps=19177 t=0.27s
Ep  392: len= 31 黑胜 loss=23.9151 temp=0.25 total_env_steps=19208 t=0.25s
Ep  393: len= 48 白胜 loss=23.9461 temp=0.25 total_env_steps=19256 t=0.32s
Ep  394: len= 59 黑胜 loss=24.0611 temp=0.25 total_env_steps=19315 t=0.33s
Ep  395: len= 40 白胜 loss=24.2005 temp=0.25 total_env_steps=19355 t=0.28s
Ep  396: len= 47 黑胜 loss=23.3908 temp=0.25 total_env_steps=19402 t=0.28s
Ep  397: len= 35 黑胜 loss=23.4975 temp=0.25 total_env_steps=19437 t=0.29s
Ep  398: len= 45 黑胜 loss=23.6718 temp=0.25 total_env_steps=19482 t=0.27s
Ep  399: len= 11 黑胜 loss=23.6860 temp=0.25 total_env_steps=19493 t=0.20s
Ep  400: len= 21 黑胜 loss=23.3824 temp=0.25 total_env_steps=19514 t=0.24s
  eval vs Gomoku-random-v0: win_rate=0.90 mean_return=0.80（20 局，total_env_steps=19514）
[闸门] vs random（40 局）: win_rate=0.975
[闸门] vs 半程快照（40 局，黑白各半）: score=0.875
[梯队] vs naive0（20 局，观察性）: win_rate=0.00
[梯队] vs naive1（20 局，观察性）: win_rate=0.00
[梯队] vs naive2（20 局，观察性）: win_rate=0.00
[梯队] vs naive3（20 局，观察性）: win_rate=0.00
📈 Gomoku-selfplay-v0 win_rate=0.90（best 0.90）| 门槛 0.95 | 131.3s

--- arm=replay32 seed=43 sims=100 ---
[MyZero-board Gomoku-selfplay-v0] obs=243(3×9²) |A|=81 sims=100 γ=1.0 negamax
Ep    1: len= 80 白胜 loss=0.0000 temp=1.00 total_env_steps=80 t=0.20s
Ep    2: len= 38 白胜 loss=0.0000 temp=1.00 total_env_steps=118 t=0.10s
Ep    3: len= 69 黑胜 loss=0.0000 temp=1.00 total_env_steps=187 t=0.19s
Ep    4: len= 51 黑胜 loss=0.0000 temp=1.00 total_env_steps=238 t=0.13s
Ep    5: len= 55 黑胜 loss=0.0000 temp=1.00 total_env_steps=293 t=0.14s
Ep    6: len= 36 白胜 loss=0.0000 temp=1.00 total_env_steps=329 t=0.10s
Ep    7: len= 51 黑胜 loss=0.0000 temp=1.00 total_env_steps=380 t=0.14s
Ep    8: len= 55 黑胜 loss=0.0000 temp=1.00 total_env_steps=435 t=0.16s
Ep    9: len= 65 黑胜 loss=0.0000 temp=1.00 total_env_steps=500 t=0.18s
Ep   10: len= 68 白胜 loss=29.1888 temp=1.00 total_env_steps=568 t=0.26s
Ep   11: len= 46 白胜 loss=28.1244 temp=1.00 total_env_steps=614 t=0.22s
Ep   12: len= 40 白胜 loss=27.8782 temp=1.00 total_env_steps=654 t=0.21s
Ep   13: len= 48 白胜 loss=27.6071 temp=1.00 total_env_steps=702 t=0.22s
Ep   14: len= 40 白胜 loss=27.5639 temp=1.00 total_env_steps=742 t=0.19s
Ep   15: len= 62 白胜 loss=27.4882 temp=1.00 total_env_steps=804 t=0.26s
Ep   16: len= 65 黑胜 loss=27.4157 temp=1.00 total_env_steps=869 t=0.25s
Ep   17: len= 39 黑胜 loss=27.2545 temp=1.00 total_env_steps=908 t=0.19s
Ep   18: len= 59 黑胜 loss=27.1649 temp=1.00 total_env_steps=967 t=0.25s
Ep   19: len= 64 白胜 loss=27.1126 temp=1.00 total_env_steps=1031 t=0.26s
Ep   20: len= 39 黑胜 loss=27.0883 temp=1.00 total_env_steps=1070 t=0.20s
Ep   21: len= 62 白胜 loss=27.0634 temp=1.00 total_env_steps=1132 t=0.26s
Ep   22: len= 58 白胜 loss=26.8257 temp=1.00 total_env_steps=1190 t=0.25s
Ep   23: len= 55 黑胜 loss=26.8914 temp=1.00 total_env_steps=1245 t=0.25s
Ep   24: len= 47 黑胜 loss=26.9724 temp=1.00 total_env_steps=1292 t=0.25s
Ep   25: len= 55 黑胜 loss=26.8210 temp=1.00 total_env_steps=1347 t=0.26s
Ep   26: len= 70 白胜 loss=26.8159 temp=1.00 total_env_steps=1417 t=0.28s
Ep   27: len= 64 白胜 loss=26.9205 temp=1.00 total_env_steps=1481 t=0.26s
Ep   28: len= 47 黑胜 loss=26.9112 temp=1.00 total_env_steps=1528 t=0.21s
Ep   29: len= 30 白胜 loss=26.8278 temp=1.00 total_env_steps=1558 t=0.19s
Ep   30: len= 47 黑胜 loss=26.7569 temp=1.00 total_env_steps=1605 t=0.24s
Ep   31: len= 63 黑胜 loss=26.7474 temp=1.00 total_env_steps=1668 t=0.24s
Ep   32: len= 33 黑胜 loss=26.7530 temp=1.00 total_env_steps=1701 t=0.19s
Ep   33: len= 36 白胜 loss=26.9155 temp=1.00 total_env_steps=1737 t=0.22s
Ep   34: len= 40 白胜 loss=26.9346 temp=1.00 total_env_steps=1777 t=0.24s
Ep   35: len= 51 黑胜 loss=26.8324 temp=1.00 total_env_steps=1828 t=0.30s
Ep   36: len= 49 黑胜 loss=26.6081 temp=1.00 total_env_steps=1877 t=0.31s
Ep   37: len= 48 白胜 loss=26.8284 temp=1.00 total_env_steps=1925 t=0.32s
Ep   38: len= 51 黑胜 loss=26.7115 temp=1.00 total_env_steps=1976 t=0.32s
Ep   39: len= 52 白胜 loss=26.7843 temp=1.00 total_env_steps=2028 t=0.29s
Ep   40: len= 54 白胜 loss=26.6620 temp=1.00 total_env_steps=2082 t=0.30s
Ep   41: len= 56 白胜 loss=26.4621 temp=1.00 total_env_steps=2138 t=0.31s
Ep   42: len= 57 黑胜 loss=26.6329 temp=1.00 total_env_steps=2195 t=0.30s
Ep   43: len= 52 白胜 loss=26.5373 temp=1.00 total_env_steps=2247 t=0.29s
Ep   44: len= 61 黑胜 loss=26.6500 temp=1.00 total_env_steps=2308 t=0.32s
Ep   45: len= 51 黑胜 loss=26.6970 temp=1.00 total_env_steps=2359 t=0.33s
Ep   46: len= 66 白胜 loss=26.6492 temp=1.00 total_env_steps=2425 t=0.34s
Ep   47: len= 41 黑胜 loss=26.6703 temp=1.00 total_env_steps=2466 t=0.29s
Ep   48: len= 53 黑胜 loss=26.6984 temp=1.00 total_env_steps=2519 t=0.40s
Ep   49: len= 39 黑胜 loss=26.6314 temp=1.00 total_env_steps=2558 t=0.30s
Ep   50: len= 47 黑胜 loss=26.5706 temp=1.00 total_env_steps=2605 t=0.36s
  eval vs Gomoku-random-v0: win_rate=0.70 mean_return=0.40（20 局，total_env_steps=2605）
Ep   51: len= 62 白胜 loss=26.6872 temp=1.00 total_env_steps=2667 t=0.33s
Ep   52: len= 46 白胜 loss=26.5338 temp=1.00 total_env_steps=2713 t=0.32s
Ep   53: len= 46 白胜 loss=26.7469 temp=1.00 total_env_steps=2759 t=0.30s
Ep   54: len= 50 白胜 loss=26.6279 temp=1.00 total_env_steps=2809 t=0.31s
Ep   55: len= 71 黑胜 loss=26.7514 temp=1.00 total_env_steps=2880 t=0.36s
Ep   56: len= 50 白胜 loss=26.7273 temp=1.00 total_env_steps=2930 t=0.30s
Ep   57: len= 54 白胜 loss=26.5909 temp=1.00 total_env_steps=2984 t=0.33s
Ep   58: len= 48 白胜 loss=26.6310 temp=1.00 total_env_steps=3032 t=0.37s
Ep   59: len= 27 黑胜 loss=26.6011 temp=1.00 total_env_steps=3059 t=0.65s
Ep   60: len= 38 白胜 loss=26.5836 temp=1.00 total_env_steps=3097 t=0.67s
Ep   61: len= 64 白胜 loss=26.5740 temp=1.00 total_env_steps=3161 t=0.76s
Ep   62: len= 38 白胜 loss=26.6853 temp=1.00 total_env_steps=3199 t=0.67s
Ep   63: len= 42 白胜 loss=26.5413 temp=1.00 total_env_steps=3241 t=0.71s
Ep   64: len= 37 黑胜 loss=26.6396 temp=1.00 total_env_steps=3278 t=0.68s
Ep   65: len= 41 黑胜 loss=26.6414 temp=1.00 total_env_steps=3319 t=0.71s
Ep   66: len= 35 黑胜 loss=26.5412 temp=1.00 total_env_steps=3354 t=0.67s
Ep   67: len= 59 黑胜 loss=26.6814 temp=1.00 total_env_steps=3413 t=0.74s
Ep   68: len= 45 黑胜 loss=26.6097 temp=1.00 total_env_steps=3458 t=0.76s
Ep   69: len= 57 黑胜 loss=26.8347 temp=1.00 total_env_steps=3515 t=0.88s
Ep   70: len= 39 黑胜 loss=26.7173 temp=1.00 total_env_steps=3554 t=0.74s
Ep   71: len= 69 黑胜 loss=26.5028 temp=1.00 total_env_steps=3623 t=0.88s
Ep   72: len= 56 白胜 loss=26.6236 temp=1.00 total_env_steps=3679 t=0.80s
Ep   73: len= 61 黑胜 loss=26.5756 temp=1.00 total_env_steps=3740 t=0.90s
Ep   74: len= 47 黑胜 loss=26.6568 temp=1.00 total_env_steps=3787 t=0.72s
Ep   75: len= 47 黑胜 loss=26.5578 temp=1.00 total_env_steps=3834 t=0.72s
Ep   76: len= 39 黑胜 loss=26.5765 temp=1.00 total_env_steps=3873 t=0.73s
Ep   77: len= 42 白胜 loss=26.6474 temp=1.00 total_env_steps=3915 t=0.71s
Ep   78: len= 54 白胜 loss=26.4901 temp=1.00 total_env_steps=3969 t=0.73s
Ep   79: len= 49 黑胜 loss=26.6575 temp=1.00 total_env_steps=4018 t=0.74s
Ep   80: len= 58 白胜 loss=26.5821 temp=1.00 total_env_steps=4076 t=0.77s
Ep   81: len= 34 白胜 loss=26.6520 temp=1.00 total_env_steps=4110 t=0.67s
Ep   82: len= 50 白胜 loss=26.4862 temp=1.00 total_env_steps=4160 t=0.72s
Ep   83: len= 34 白胜 loss=26.5820 temp=1.00 total_env_steps=4194 t=0.70s
Ep   84: len= 77 黑胜 loss=26.6390 temp=1.00 total_env_steps=4271 t=0.82s
Ep   85: len= 70 白胜 loss=26.7217 temp=1.00 total_env_steps=4341 t=0.78s
Ep   86: len= 31 黑胜 loss=26.6114 temp=1.00 total_env_steps=4372 t=0.69s
Ep   87: len= 50 白胜 loss=26.7384 temp=1.00 total_env_steps=4422 t=0.73s
Ep   88: len= 40 白胜 loss=26.5185 temp=1.00 total_env_steps=4462 t=0.71s
Ep   89: len= 62 白胜 loss=26.5162 temp=1.00 total_env_steps=4524 t=0.82s
Ep   90: len= 39 黑胜 loss=26.5200 temp=1.00 total_env_steps=4563 t=0.70s
Ep   91: len= 55 黑胜 loss=26.5119 temp=1.00 total_env_steps=4618 t=0.77s
Ep   92: len= 55 黑胜 loss=26.5634 temp=1.00 total_env_steps=4673 t=0.72s
Ep   93: len= 48 白胜 loss=26.5868 temp=1.00 total_env_steps=4721 t=0.77s
Ep   94: len= 45 黑胜 loss=26.6598 temp=1.00 total_env_steps=4766 t=0.74s
Ep   95: len= 50 白胜 loss=26.7076 temp=1.00 total_env_steps=4816 t=0.74s
Ep   96: len= 60 白胜 loss=26.6071 temp=1.00 total_env_steps=4876 t=0.79s
Ep   97: len= 67 黑胜 loss=26.7447 temp=1.00 total_env_steps=4943 t=0.84s
Ep   98: len= 44 白胜 loss=26.6895 temp=1.00 total_env_steps=4987 t=0.74s
Ep   99: len= 37 黑胜 loss=26.6334 temp=1.00 total_env_steps=5024 t=0.68s
Ep  100: len= 52 白胜 loss=26.5980 temp=1.00 total_env_steps=5076 t=0.77s
  eval vs Gomoku-random-v0: win_rate=0.95 mean_return=0.90（20 局，total_env_steps=5076）
  ✅ 达标 ep=100 total_env_steps=5076
Ep  101: len= 66 白胜 loss=26.7473 temp=1.00 total_env_steps=5142 t=0.83s
Ep  102: len= 49 黑胜 loss=26.8353 temp=0.99 total_env_steps=5191 t=0.78s
Ep  103: len= 53 黑胜 loss=26.6690 temp=0.99 total_env_steps=5244 t=0.78s
Ep  104: len= 47 黑胜 loss=26.4512 temp=0.98 total_env_steps=5291 t=0.78s
Ep  105: len= 51 黑胜 loss=26.4780 temp=0.97 total_env_steps=5342 t=0.79s
Ep  106: len= 53 黑胜 loss=26.5828 temp=0.96 total_env_steps=5395 t=0.79s
Ep  107: len= 59 黑胜 loss=26.6581 temp=0.95 total_env_steps=5454 t=0.83s
Ep  108: len= 56 白胜 loss=26.8096 temp=0.95 total_env_steps=5510 t=0.83s
Ep  109: len= 70 白胜 loss=26.5359 temp=0.94 total_env_steps=5580 t=0.84s
Ep  110: len= 59 黑胜 loss=26.7162 temp=0.93 total_env_steps=5639 t=0.81s
Ep  111: len= 60 白胜 loss=26.6945 temp=0.93 total_env_steps=5699 t=0.79s
Ep  112: len= 43 黑胜 loss=26.5202 temp=0.92 total_env_steps=5742 t=0.75s
Ep  113: len= 37 黑胜 loss=26.5164 temp=0.91 total_env_steps=5779 t=0.72s
Ep  114: len= 60 白胜 loss=26.7624 temp=0.90 total_env_steps=5839 t=0.79s
Ep  115: len= 72 白胜 loss=26.6330 temp=0.89 total_env_steps=5911 t=0.82s
Ep  116: len= 30 白胜 loss=26.5830 temp=0.89 total_env_steps=5941 t=0.66s
Ep  117: len= 55 黑胜 loss=26.6075 temp=0.88 total_env_steps=5996 t=0.76s
Ep  118: len= 63 黑胜 loss=26.5911 temp=0.87 total_env_steps=6059 t=0.79s
Ep  119: len= 33 黑胜 loss=26.7207 temp=0.87 total_env_steps=6092 t=0.70s
Ep  120: len= 43 黑胜 loss=26.7515 temp=0.86 total_env_steps=6135 t=0.77s
Ep  121: len= 48 白胜 loss=26.6079 temp=0.85 total_env_steps=6183 t=0.77s
Ep  122: len= 52 白胜 loss=26.6770 temp=0.84 total_env_steps=6235 t=0.75s
Ep  123: len= 35 黑胜 loss=26.5158 temp=0.84 total_env_steps=6270 t=0.71s
Ep  124: len= 32 白胜 loss=26.7656 temp=0.83 total_env_steps=6302 t=0.69s
Ep  125: len= 52 白胜 loss=26.5771 temp=0.82 total_env_steps=6354 t=0.79s
Ep  126: len= 43 黑胜 loss=26.6697 temp=0.81 total_env_steps=6397 t=0.75s
Ep  127: len= 41 黑胜 loss=26.4581 temp=0.81 total_env_steps=6438 t=0.70s
Ep  128: len= 54 白胜 loss=26.6020 temp=0.80 total_env_steps=6492 t=0.80s
Ep  129: len= 39 黑胜 loss=26.6244 temp=0.79 total_env_steps=6531 t=0.71s
Ep  130: len= 32 白胜 loss=26.6174 temp=0.78 total_env_steps=6563 t=0.72s
Ep  131: len= 52 白胜 loss=26.7034 temp=0.77 total_env_steps=6615 t=0.73s
Ep  132: len= 51 黑胜 loss=26.5008 temp=0.77 total_env_steps=6666 t=0.75s
Ep  133: len= 36 白胜 loss=26.5665 temp=0.76 total_env_steps=6702 t=0.75s
Ep  134: len= 50 白胜 loss=26.8255 temp=0.75 total_env_steps=6752 t=0.74s
Ep  135: len= 41 黑胜 loss=26.7116 temp=0.75 total_env_steps=6793 t=0.74s
Ep  136: len= 50 白胜 loss=26.7016 temp=0.74 total_env_steps=6843 t=0.81s
Ep  137: len= 44 白胜 loss=26.5894 temp=0.73 total_env_steps=6887 t=0.73s
Ep  138: len= 45 黑胜 loss=26.5676 temp=0.72 total_env_steps=6932 t=0.78s
Ep  139: len= 42 白胜 loss=26.6660 temp=0.72 total_env_steps=6974 t=0.73s
Ep  140: len= 48 白胜 loss=26.5825 temp=0.71 total_env_steps=7022 t=0.78s
Ep  141: len= 52 白胜 loss=26.6027 temp=0.70 total_env_steps=7074 t=0.78s
Ep  142: len= 50 白胜 loss=26.7324 temp=0.69 total_env_steps=7124 t=0.76s
Ep  143: len= 53 黑胜 loss=26.6825 temp=0.69 total_env_steps=7177 t=0.88s
Ep  144: len= 58 白胜 loss=26.7470 temp=0.68 total_env_steps=7235 t=0.83s
Ep  145: len= 41 黑胜 loss=26.4841 temp=0.67 total_env_steps=7276 t=0.80s
Ep  146: len= 51 黑胜 loss=26.5697 temp=0.66 total_env_steps=7327 t=0.78s
Ep  147: len= 33 黑胜 loss=26.6668 temp=0.65 total_env_steps=7360 t=0.77s
Ep  148: len= 58 白胜 loss=26.7139 temp=0.65 total_env_steps=7418 t=0.83s
Ep  149: len= 54 白胜 loss=26.5729 temp=0.64 total_env_steps=7472 t=0.79s
Ep  150: len= 36 白胜 loss=26.7703 temp=0.63 total_env_steps=7508 t=0.75s
  eval vs Gomoku-random-v0: win_rate=0.70 mean_return=0.40（20 局，total_env_steps=7508）
Ep  151: len= 58 白胜 loss=26.6356 temp=0.62 total_env_steps=7566 t=0.82s
Ep  152: len= 54 白胜 loss=26.7037 temp=0.62 total_env_steps=7620 t=0.84s
Ep  153: len= 42 白胜 loss=26.5605 temp=0.61 total_env_steps=7662 t=0.76s
Ep  154: len= 25 黑胜 loss=26.5541 temp=0.60 total_env_steps=7687 t=0.70s
Ep  155: len= 36 白胜 loss=26.5003 temp=0.59 total_env_steps=7723 t=0.73s
Ep  156: len= 52 白胜 loss=26.6490 temp=0.59 total_env_steps=7775 t=0.79s
Ep  157: len= 41 黑胜 loss=26.5188 temp=0.58 total_env_steps=7816 t=0.77s
Ep  158: len= 53 黑胜 loss=26.6689 temp=0.57 total_env_steps=7869 t=0.81s
Ep  159: len= 57 黑胜 loss=26.6856 temp=0.56 total_env_steps=7926 t=0.84s
Ep  160: len= 67 黑胜 loss=26.5572 temp=0.56 total_env_steps=7993 t=0.84s
Ep  161: len= 38 白胜 loss=26.5352 temp=0.55 total_env_steps=8031 t=0.76s
Ep  162: len= 47 黑胜 loss=26.6609 temp=0.54 total_env_steps=8078 t=0.77s
Ep  163: len= 60 白胜 loss=26.6781 temp=0.53 total_env_steps=8138 t=0.87s
Ep  164: len= 36 白胜 loss=26.6119 temp=0.53 total_env_steps=8174 t=0.77s
Ep  165: len= 48 白胜 loss=26.4105 temp=0.52 total_env_steps=8222 t=0.80s
Ep  166: len= 50 白胜 loss=26.6485 temp=0.51 total_env_steps=8272 t=0.78s
Ep  167: len= 64 白胜 loss=26.6596 temp=0.50 total_env_steps=8336 t=0.85s
Ep  168: len= 36 白胜 loss=26.5115 temp=0.50 total_env_steps=8372 t=0.78s
Ep  169: len= 42 白胜 loss=26.5975 temp=0.49 total_env_steps=8414 t=0.79s
Ep  170: len= 41 黑胜 loss=26.5742 temp=0.48 total_env_steps=8455 t=0.79s
Ep  171: len= 71 黑胜 loss=26.5119 temp=0.48 total_env_steps=8526 t=0.86s
Ep  172: len= 50 白胜 loss=26.5353 temp=0.47 total_env_steps=8576 t=0.87s
Ep  173: len= 60 白胜 loss=26.6636 temp=0.46 total_env_steps=8636 t=0.85s
Ep  174: len= 45 黑胜 loss=26.4534 temp=0.45 total_env_steps=8681 t=0.83s
Ep  175: len= 58 白胜 loss=26.5227 temp=0.44 total_env_steps=8739 t=0.85s
Ep  176: len= 68 白胜 loss=26.4909 temp=0.44 total_env_steps=8807 t=0.86s
Ep  177: len= 45 黑胜 loss=26.5821 temp=0.43 total_env_steps=8852 t=0.82s
Ep  178: len= 51 黑胜 loss=26.6196 temp=0.42 total_env_steps=8903 t=0.81s
Ep  179: len= 62 白胜 loss=26.5200 temp=0.42 total_env_steps=8965 t=0.90s
Ep  180: len= 51 黑胜 loss=26.4310 temp=0.41 total_env_steps=9016 t=0.86s
Ep  181: len= 52 白胜 loss=26.5268 temp=0.40 total_env_steps=9068 t=0.88s
Ep  182: len= 55 黑胜 loss=26.4385 temp=0.39 total_env_steps=9123 t=0.88s
Ep  183: len= 57 黑胜 loss=26.4618 temp=0.38 total_env_steps=9180 t=0.89s
Ep  184: len= 56 白胜 loss=26.6400 temp=0.38 total_env_steps=9236 t=0.86s
Ep  185: len= 56 白胜 loss=26.5824 temp=0.37 total_env_steps=9292 t=0.87s
Ep  186: len= 52 白胜 loss=26.4268 temp=0.36 total_env_steps=9344 t=0.87s
Ep  187: len= 51 黑胜 loss=26.6013 temp=0.36 total_env_steps=9395 t=0.84s
Ep  188: len= 39 黑胜 loss=26.4693 temp=0.35 total_env_steps=9434 t=0.85s
Ep  189: len= 33 黑胜 loss=26.5681 temp=0.34 total_env_steps=9467 t=0.77s
Ep  190: len= 40 白胜 loss=26.6975 temp=0.33 total_env_steps=9507 t=0.83s
Ep  191: len= 49 黑胜 loss=26.6101 temp=0.33 total_env_steps=9556 t=0.83s
Ep  192: len= 57 黑胜 loss=26.5591 temp=0.32 total_env_steps=9613 t=0.89s
Ep  193: len= 57 黑胜 loss=26.5628 temp=0.31 total_env_steps=9670 t=0.91s
Ep  194: len= 27 黑胜 loss=26.4225 temp=0.30 total_env_steps=9697 t=0.76s
Ep  195: len= 43 黑胜 loss=26.5570 temp=0.30 total_env_steps=9740 t=0.82s
Ep  196: len= 49 黑胜 loss=26.4483 temp=0.29 total_env_steps=9789 t=0.84s
Ep  197: len= 64 白胜 loss=26.5824 temp=0.28 total_env_steps=9853 t=0.96s
Ep  198: len= 41 黑胜 loss=26.5267 temp=0.27 total_env_steps=9894 t=0.82s
Ep  199: len= 38 白胜 loss=26.5915 temp=0.26 total_env_steps=9932 t=0.81s
Ep  200: len= 55 黑胜 loss=26.4613 temp=0.26 total_env_steps=9987 t=0.86s
  eval vs Gomoku-random-v0: win_rate=0.80 mean_return=0.60（20 局，total_env_steps=9987）
  📸 已拍权重快照（ep=200，gating 对弈基准）
Ep  201: len= 61 黑胜 loss=26.4726 temp=0.25 total_env_steps=10048 t=0.92s
Ep  202: len= 58 白胜 loss=26.6021 temp=0.25 total_env_steps=10106 t=0.89s
Ep  203: len= 61 黑胜 loss=26.5344 temp=0.25 total_env_steps=10167 t=0.94s
Ep  204: len= 47 黑胜 loss=26.4736 temp=0.25 total_env_steps=10214 t=0.86s
Ep  205: len= 35 黑胜 loss=26.6284 temp=0.25 total_env_steps=10249 t=0.79s
Ep  206: len= 51 黑胜 loss=26.5428 temp=0.25 total_env_steps=10300 t=0.85s
Ep  207: len= 34 白胜 loss=26.6119 temp=0.25 total_env_steps=10334 t=0.80s
Ep  208: len= 42 白胜 loss=26.4164 temp=0.25 total_env_steps=10376 t=0.84s
Ep  209: len= 63 黑胜 loss=26.4238 temp=0.25 total_env_steps=10439 t=0.91s
Ep  210: len= 59 黑胜 loss=26.4726 temp=0.25 total_env_steps=10498 t=0.91s
Ep  211: len= 37 黑胜 loss=26.3586 temp=0.25 total_env_steps=10535 t=0.83s
Ep  212: len= 65 黑胜 loss=26.5231 temp=0.25 total_env_steps=10600 t=0.95s
Ep  213: len= 39 黑胜 loss=26.3812 temp=0.25 total_env_steps=10639 t=0.86s
Ep  214: len= 32 白胜 loss=26.4630 temp=0.25 total_env_steps=10671 t=0.87s
Ep  215: len= 49 黑胜 loss=26.3710 temp=0.25 total_env_steps=10720 t=0.88s
Ep  216: len= 56 白胜 loss=26.3840 temp=0.25 total_env_steps=10776 t=0.92s
Ep  217: len= 34 白胜 loss=26.2854 temp=0.25 total_env_steps=10810 t=0.85s
Ep  218: len= 42 白胜 loss=26.2882 temp=0.25 total_env_steps=10852 t=0.87s
Ep  219: len= 48 白胜 loss=26.4760 temp=0.25 total_env_steps=10900 t=0.96s
Ep  220: len= 59 黑胜 loss=26.2521 temp=0.25 total_env_steps=10959 t=0.96s
Ep  221: len= 31 黑胜 loss=26.3308 temp=0.25 total_env_steps=10990 t=0.85s
Ep  222: len= 48 白胜 loss=26.5422 temp=0.25 total_env_steps=11038 t=0.91s
Ep  223: len= 54 白胜 loss=26.2921 temp=0.25 total_env_steps=11092 t=0.96s
Ep  224: len= 36 白胜 loss=26.2728 temp=0.25 total_env_steps=11128 t=0.87s
Ep  225: len= 35 黑胜 loss=26.3213 temp=0.25 total_env_steps=11163 t=0.94s
Ep  226: len= 56 白胜 loss=26.1946 temp=0.25 total_env_steps=11219 t=0.90s
Ep  227: len= 26 白胜 loss=26.1139 temp=0.25 total_env_steps=11245 t=0.83s
Ep  228: len= 46 白胜 loss=26.4038 temp=0.25 total_env_steps=11291 t=0.93s
Ep  229: len= 66 白胜 loss=26.3518 temp=0.25 total_env_steps=11357 t=1.02s
Ep  230: len= 38 白胜 loss=26.3226 temp=0.25 total_env_steps=11395 t=0.93s
Ep  231: len= 39 黑胜 loss=26.3904 temp=0.25 total_env_steps=11434 t=0.89s
Ep  232: len= 54 白胜 loss=26.3031 temp=0.25 total_env_steps=11488 t=0.97s
Ep  233: len= 38 白胜 loss=26.1616 temp=0.25 total_env_steps=11526 t=0.89s
Ep  234: len= 68 白胜 loss=26.2112 temp=0.25 total_env_steps=11594 t=1.06s
Ep  235: len= 49 黑胜 loss=26.4042 temp=0.25 total_env_steps=11643 t=0.95s
Ep  236: len= 49 黑胜 loss=26.1898 temp=0.25 total_env_steps=11692 t=1.03s
Ep  237: len= 49 黑胜 loss=26.3111 temp=0.25 total_env_steps=11741 t=0.98s
Ep  238: len= 28 白胜 loss=26.1369 temp=0.25 total_env_steps=11769 t=0.96s
Ep  239: len= 52 白胜 loss=26.2920 temp=0.25 total_env_steps=11821 t=1.02s
Ep  240: len= 52 白胜 loss=26.2527 temp=0.25 total_env_steps=11873 t=1.06s
Ep  241: len= 26 白胜 loss=26.2911 temp=0.25 total_env_steps=11899 t=0.97s
Ep  242: len= 40 白胜 loss=26.0311 temp=0.25 total_env_steps=11939 t=0.96s
Ep  243: len= 55 黑胜 loss=26.1259 temp=0.25 total_env_steps=11994 t=1.05s
Ep  244: len= 41 黑胜 loss=26.2777 temp=0.25 total_env_steps=12035 t=0.91s
Ep  245: len= 48 白胜 loss=26.1776 temp=0.25 total_env_steps=12083 t=0.96s
Ep  246: len= 37 黑胜 loss=26.1933 temp=0.25 total_env_steps=12120 t=0.89s
Ep  247: len= 45 黑胜 loss=26.1679 temp=0.25 total_env_steps=12165 t=0.99s
Ep  248: len= 37 黑胜 loss=26.1258 temp=0.25 total_env_steps=12202 t=0.92s
Ep  249: len= 52 白胜 loss=26.1620 temp=0.25 total_env_steps=12254 t=1.01s
Ep  250: len= 41 黑胜 loss=26.1729 temp=0.25 total_env_steps=12295 t=0.96s
  eval vs Gomoku-random-v0: win_rate=0.95 mean_return=0.90（20 局，total_env_steps=12295）
Ep  251: len= 41 黑胜 loss=26.0919 temp=0.25 total_env_steps=12336 t=0.97s
Ep  252: len= 63 黑胜 loss=26.2257 temp=0.25 total_env_steps=12399 t=1.10s
Ep  253: len= 41 黑胜 loss=26.1414 temp=0.25 total_env_steps=12440 t=0.96s
Ep  254: len= 35 黑胜 loss=26.1325 temp=0.25 total_env_steps=12475 t=0.96s
Ep  255: len= 22 白胜 loss=25.9869 temp=0.25 total_env_steps=12497 t=0.93s
Ep  256: len= 45 黑胜 loss=26.1425 temp=0.25 total_env_steps=12542 t=1.02s
Ep  257: len= 22 白胜 loss=26.0395 temp=0.25 total_env_steps=12564 t=0.98s
Ep  258: len= 36 白胜 loss=26.1867 temp=0.25 total_env_steps=12600 t=1.01s
Ep  259: len= 65 黑胜 loss=26.0727 temp=0.25 total_env_steps=12665 t=1.08s
Ep  260: len= 51 黑胜 loss=25.8657 temp=0.25 total_env_steps=12716 t=1.05s
Ep  261: len= 58 白胜 loss=26.2322 temp=0.25 total_env_steps=12774 t=1.11s
Ep  262: len= 47 黑胜 loss=26.0584 temp=0.25 total_env_steps=12821 t=1.07s
Ep  263: len= 37 黑胜 loss=25.9607 temp=0.25 total_env_steps=12858 t=1.03s
Ep  264: len= 47 黑胜 loss=26.0865 temp=0.25 total_env_steps=12905 t=1.02s
Ep  265: len= 51 黑胜 loss=26.1609 temp=0.25 total_env_steps=12956 t=1.04s
Ep  266: len= 42 白胜 loss=26.0132 temp=0.25 total_env_steps=12998 t=1.07s
Ep  267: len= 45 黑胜 loss=25.9289 temp=0.25 total_env_steps=13043 t=1.10s
Ep  268: len= 40 白胜 loss=26.1043 temp=0.25 total_env_steps=13083 t=1.08s
Ep  269: len= 52 白胜 loss=26.0780 temp=0.25 total_env_steps=13135 t=1.32s
Ep  270: len= 55 黑胜 loss=25.8446 temp=0.25 total_env_steps=13190 t=1.17s
Ep  271: len= 31 黑胜 loss=25.9192 temp=0.25 total_env_steps=13221 t=1.01s
Ep  272: len= 34 白胜 loss=25.9643 temp=0.25 total_env_steps=13255 t=1.07s
Ep  273: len= 52 白胜 loss=25.7751 temp=0.25 total_env_steps=13307 t=1.06s
Ep  274: len= 33 黑胜 loss=25.9232 temp=0.25 total_env_steps=13340 t=1.02s
Ep  275: len= 40 白胜 loss=25.8876 temp=0.25 total_env_steps=13380 t=1.01s
Ep  276: len= 50 白胜 loss=25.9139 temp=0.25 total_env_steps=13430 t=1.07s
Ep  277: len= 28 白胜 loss=25.7807 temp=0.25 total_env_steps=13458 t=1.09s
Ep  278: len= 31 黑胜 loss=25.8591 temp=0.25 total_env_steps=13489 t=1.06s
Ep  279: len= 49 黑胜 loss=25.9105 temp=0.25 total_env_steps=13538 t=1.08s
Ep  280: len= 57 黑胜 loss=25.9195 temp=0.25 total_env_steps=13595 t=1.04s
Ep  281: len= 51 黑胜 loss=26.0038 temp=0.25 total_env_steps=13646 t=1.07s
Ep  282: len= 76 白胜 loss=25.9696 temp=0.25 total_env_steps=13722 t=1.22s
Ep  283: len= 39 黑胜 loss=25.8986 temp=0.25 total_env_steps=13761 t=1.04s
Ep  284: len= 36 白胜 loss=25.5803 temp=0.25 total_env_steps=13797 t=1.06s
Ep  285: len= 56 白胜 loss=25.6908 temp=0.25 total_env_steps=13853 t=1.20s
Ep  286: len= 57 黑胜 loss=25.6611 temp=0.25 total_env_steps=13910 t=1.19s
Ep  287: len= 24 白胜 loss=25.8660 temp=0.25 total_env_steps=13934 t=1.01s
Ep  288: len= 58 白胜 loss=25.7662 temp=0.25 total_env_steps=13992 t=1.20s
Ep  289: len= 37 黑胜 loss=25.7007 temp=0.25 total_env_steps=14029 t=1.12s
Ep  290: len= 35 黑胜 loss=25.6221 temp=0.25 total_env_steps=14064 t=1.04s
Ep  291: len= 78 白胜 loss=25.7929 temp=0.25 total_env_steps=14142 t=1.17s
Ep  292: len= 46 白胜 loss=25.8663 temp=0.25 total_env_steps=14188 t=1.12s
Ep  293: len= 49 黑胜 loss=25.8800 temp=0.25 total_env_steps=14237 t=1.16s
Ep  294: len= 43 黑胜 loss=25.7353 temp=0.25 total_env_steps=14280 t=1.06s
Ep  295: len= 47 黑胜 loss=25.6654 temp=0.25 total_env_steps=14327 t=1.16s
Ep  296: len= 65 黑胜 loss=25.8911 temp=0.25 total_env_steps=14392 t=1.19s
Ep  297: len= 46 白胜 loss=25.6614 temp=0.25 total_env_steps=14438 t=1.18s
Ep  298: len= 39 黑胜 loss=25.5214 temp=0.25 total_env_steps=14477 t=1.13s
Ep  299: len= 47 黑胜 loss=25.7269 temp=0.25 total_env_steps=14524 t=1.16s
Ep  300: len= 33 黑胜 loss=25.6319 temp=0.25 total_env_steps=14557 t=1.12s
  eval vs Gomoku-random-v0: win_rate=0.90 mean_return=0.80（20 局，total_env_steps=14557）
Ep  301: len= 40 白胜 loss=25.5278 temp=0.25 total_env_steps=14597 t=1.07s
Ep  302: len= 45 黑胜 loss=25.4868 temp=0.25 total_env_steps=14642 t=1.16s
Ep  303: len= 34 白胜 loss=25.5116 temp=0.25 total_env_steps=14676 t=1.15s
Ep  304: len= 40 白胜 loss=25.4636 temp=0.25 total_env_steps=14716 t=1.09s
Ep  305: len= 58 白胜 loss=25.6451 temp=0.25 total_env_steps=14774 t=1.20s
Ep  306: len= 25 黑胜 loss=25.4180 temp=0.25 total_env_steps=14799 t=1.00s
Ep  307: len= 42 白胜 loss=25.6256 temp=0.25 total_env_steps=14841 t=1.08s
Ep  308: len= 43 黑胜 loss=25.2329 temp=0.25 total_env_steps=14884 t=1.17s
Ep  309: len= 20 白胜 loss=25.3211 temp=0.25 total_env_steps=14904 t=1.02s
Ep  310: len= 19 黑胜 loss=25.5852 temp=0.25 total_env_steps=14923 t=1.06s
Ep  311: len= 60 白胜 loss=25.5979 temp=0.25 total_env_steps=14983 t=1.22s
Ep  312: len= 25 黑胜 loss=25.4098 temp=0.25 total_env_steps=15008 t=1.04s
Ep  313: len= 47 黑胜 loss=25.3139 temp=0.25 total_env_steps=15055 t=1.15s
Ep  314: len= 61 黑胜 loss=25.2707 temp=0.25 total_env_steps=15116 t=1.21s
Ep  315: len= 60 白胜 loss=25.3778 temp=0.25 total_env_steps=15176 t=1.33s
Ep  316: len= 24 白胜 loss=25.2848 temp=0.25 total_env_steps=15200 t=1.09s
Ep  317: len= 24 白胜 loss=25.2939 temp=0.25 total_env_steps=15224 t=1.10s
Ep  318: len= 29 黑胜 loss=25.2955 temp=0.25 total_env_steps=15253 t=1.07s
Ep  319: len= 67 黑胜 loss=25.3733 temp=0.25 total_env_steps=15320 t=1.25s
Ep  320: len= 57 黑胜 loss=25.2149 temp=0.25 total_env_steps=15377 t=1.25s
Ep  321: len= 32 白胜 loss=25.2754 temp=0.25 total_env_steps=15409 t=1.17s
Ep  322: len= 51 黑胜 loss=25.1821 temp=0.25 total_env_steps=15460 t=1.17s
Ep  323: len= 66 白胜 loss=24.9941 temp=0.25 total_env_steps=15526 t=1.28s
Ep  324: len= 56 白胜 loss=24.9731 temp=0.25 total_env_steps=15582 t=1.16s
Ep  325: len= 52 白胜 loss=25.1359 temp=0.25 total_env_steps=15634 t=1.25s
Ep  326: len= 21 黑胜 loss=25.2578 temp=0.25 total_env_steps=15655 t=1.10s
Ep  327: len= 34 白胜 loss=25.2155 temp=0.25 total_env_steps=15689 t=1.12s
Ep  328: len= 24 白胜 loss=25.1465 temp=0.25 total_env_steps=15713 t=1.15s
Ep  329: len= 32 白胜 loss=25.0862 temp=0.25 total_env_steps=15745 t=1.15s
Ep  330: len= 44 白胜 loss=25.1627 temp=0.25 total_env_steps=15789 t=1.20s
Ep  331: len= 74 白胜 loss=25.0961 temp=0.25 total_env_steps=15863 t=1.30s
Ep  332: len= 49 黑胜 loss=25.0566 temp=0.25 total_env_steps=15912 t=1.25s
Ep  333: len= 55 黑胜 loss=24.8781 temp=0.25 total_env_steps=15967 t=1.21s
Ep  334: len= 52 白胜 loss=25.4246 temp=0.25 total_env_steps=16019 t=1.24s
Ep  335: len= 27 黑胜 loss=25.2529 temp=0.25 total_env_steps=16046 t=1.17s
Ep  336: len= 48 白胜 loss=24.9388 temp=0.25 total_env_steps=16094 t=1.23s
Ep  337: len= 30 白胜 loss=25.1008 temp=0.25 total_env_steps=16124 t=1.19s
Ep  338: len= 66 白胜 loss=24.9159 temp=0.25 total_env_steps=16190 t=1.36s
Ep  339: len= 19 黑胜 loss=25.0124 temp=0.25 total_env_steps=16209 t=1.12s
Ep  340: len= 49 黑胜 loss=25.0605 temp=0.25 total_env_steps=16258 t=1.24s
Ep  341: len= 27 黑胜 loss=24.8886 temp=0.25 total_env_steps=16285 t=1.14s
Ep  342: len= 37 黑胜 loss=24.8760 temp=0.25 total_env_steps=16322 t=1.21s
Ep  343: len= 39 黑胜 loss=24.9019 temp=0.25 total_env_steps=16361 t=1.24s
Ep  344: len= 30 白胜 loss=24.8518 temp=0.25 total_env_steps=16391 t=1.17s
Ep  345: len= 46 白胜 loss=25.0783 temp=0.25 total_env_steps=16437 t=1.23s
Ep  346: len= 57 黑胜 loss=25.0980 temp=0.25 total_env_steps=16494 t=1.24s
Ep  347: len= 29 黑胜 loss=24.8116 temp=0.25 total_env_steps=16523 t=1.14s
Ep  348: len= 19 黑胜 loss=24.8908 temp=0.25 total_env_steps=16542 t=1.11s
Ep  349: len= 60 白胜 loss=24.5979 temp=0.25 total_env_steps=16602 t=1.29s
Ep  350: len= 41 黑胜 loss=24.9266 temp=0.25 total_env_steps=16643 t=1.35s
  eval vs Gomoku-random-v0: win_rate=1.00 mean_return=1.00（20 局，total_env_steps=16643）
Ep  351: len= 58 白胜 loss=24.7694 temp=0.25 total_env_steps=16701 t=1.32s
Ep  352: len= 25 黑胜 loss=24.5362 temp=0.25 total_env_steps=16726 t=1.12s
Ep  353: len= 23 黑胜 loss=24.6836 temp=0.25 total_env_steps=16749 t=1.17s
Ep  354: len= 29 黑胜 loss=24.7412 temp=0.25 total_env_steps=16778 t=1.07s
Ep  355: len= 28 白胜 loss=24.5640 temp=0.25 total_env_steps=16806 t=1.15s
Ep  356: len= 32 白胜 loss=24.6514 temp=0.25 total_env_steps=16838 t=1.14s
Ep  357: len= 52 白胜 loss=24.7584 temp=0.25 total_env_steps=16890 t=1.31s
Ep  358: len= 76 白胜 loss=24.5021 temp=0.25 total_env_steps=16966 t=1.32s
Ep  359: len= 62 白胜 loss=24.5277 temp=0.25 total_env_steps=17028 t=1.35s
Ep  360: len= 35 黑胜 loss=24.6548 temp=0.25 total_env_steps=17063 t=1.16s
Ep  361: len= 27 黑胜 loss=24.4671 temp=0.25 total_env_steps=17090 t=1.13s
Ep  362: len= 60 白胜 loss=24.6743 temp=0.25 total_env_steps=17150 t=1.29s
Ep  363: len= 68 白胜 loss=24.7621 temp=0.25 total_env_steps=17218 t=1.32s
Ep  364: len= 46 白胜 loss=24.6025 temp=0.25 total_env_steps=17264 t=1.22s
Ep  365: len= 48 白胜 loss=24.5279 temp=0.25 total_env_steps=17312 t=1.27s
Ep  366: len= 32 白胜 loss=24.4483 temp=0.25 total_env_steps=17344 t=1.19s
Ep  367: len= 27 黑胜 loss=24.5425 temp=0.25 total_env_steps=17371 t=1.14s
Ep  368: len= 38 白胜 loss=24.4038 temp=0.25 total_env_steps=17409 t=1.20s
Ep  369: len= 51 黑胜 loss=24.4035 temp=0.25 total_env_steps=17460 t=1.28s
Ep  370: len= 48 白胜 loss=24.5478 temp=0.25 total_env_steps=17508 t=1.30s
Ep  371: len= 37 黑胜 loss=24.2952 temp=0.25 total_env_steps=17545 t=1.24s
Ep  372: len= 37 黑胜 loss=24.3346 temp=0.25 total_env_steps=17582 t=1.24s
Ep  373: len= 58 白胜 loss=24.3539 temp=0.25 total_env_steps=17640 t=1.32s
Ep  374: len= 37 黑胜 loss=24.2873 temp=0.25 total_env_steps=17677 t=1.25s
Ep  375: len= 37 黑胜 loss=24.4732 temp=0.25 total_env_steps=17714 t=1.15s
Ep  376: len= 28 白胜 loss=24.1459 temp=0.25 total_env_steps=17742 t=1.28s
Ep  377: len= 25 黑胜 loss=24.5195 temp=0.25 total_env_steps=17767 t=1.15s
Ep  378: len= 35 黑胜 loss=24.2881 temp=0.25 total_env_steps=17802 t=1.26s
Ep  379: len= 27 黑胜 loss=24.5202 temp=0.25 total_env_steps=17829 t=1.24s
Ep  380: len= 47 黑胜 loss=24.3356 temp=0.25 total_env_steps=17876 t=1.25s
Ep  381: len= 38 白胜 loss=24.3133 temp=0.25 total_env_steps=17914 t=1.20s
Ep  382: len= 41 黑胜 loss=24.0031 temp=0.25 total_env_steps=17955 t=1.20s
Ep  383: len= 74 白胜 loss=24.0397 temp=0.25 total_env_steps=18029 t=1.37s
Ep  384: len= 52 白胜 loss=24.0650 temp=0.25 total_env_steps=18081 t=1.33s
Ep  385: len= 44 白胜 loss=23.7823 temp=0.25 total_env_steps=18125 t=1.24s
Ep  386: len= 55 黑胜 loss=24.3283 temp=0.25 total_env_steps=18180 t=1.24s
Ep  387: len= 29 黑胜 loss=24.1172 temp=0.25 total_env_steps=18209 t=1.17s
Ep  388: len= 61 黑胜 loss=23.9671 temp=0.25 total_env_steps=18270 t=1.33s
Ep  389: len= 52 白胜 loss=23.9860 temp=0.25 total_env_steps=18322 t=1.28s
Ep  390: len= 27 黑胜 loss=23.9299 temp=0.25 total_env_steps=18349 t=1.17s
Ep  391: len= 25 黑胜 loss=23.8687 temp=0.25 total_env_steps=18374 t=1.21s
Ep  392: len= 41 黑胜 loss=24.0466 temp=0.25 total_env_steps=18415 t=1.26s
Ep  393: len= 25 黑胜 loss=24.1784 temp=0.25 total_env_steps=18440 t=1.17s
Ep  394: len= 25 黑胜 loss=24.1461 temp=0.25 total_env_steps=18465 t=1.18s
Ep  395: len= 39 黑胜 loss=24.0397 temp=0.25 total_env_steps=18504 t=1.30s
Ep  396: len= 51 黑胜 loss=23.8298 temp=0.25 total_env_steps=18555 t=1.33s
Ep  397: len= 41 黑胜 loss=23.8099 temp=0.25 total_env_steps=18596 t=1.29s
Ep  398: len= 34 白胜 loss=24.0270 temp=0.25 total_env_steps=18630 t=1.22s
Ep  399: len= 36 白胜 loss=23.8473 temp=0.25 total_env_steps=18666 t=1.27s
Ep  400: len= 41 黑胜 loss=23.6085 temp=0.25 total_env_steps=18707 t=1.25s
  eval vs Gomoku-random-v0: win_rate=0.90 mean_return=0.80（20 局，total_env_steps=18707）
[闸门] vs random（40 局）: win_rate=0.850
[闸门] vs 半程快照（40 局，黑白各半）: score=0.587
[梯队] vs naive0（20 局，观察性）: win_rate=0.00
[梯队] vs naive1（20 局，观察性）: win_rate=0.00
[梯队] vs naive2（20 局，观察性）: win_rate=0.00
[梯队] vs naive3（20 局，观察性）: win_rate=0.00
📈 Gomoku-selfplay-v0 win_rate=0.90（best 1.00）| 门槛 0.95 | 374.9s

--- arm=replay32 seed=44 sims=100 ---
[MyZero-board Gomoku-selfplay-v0] obs=243(3×9²) |A|=81 sims=100 γ=1.0 negamax
Ep    1: len= 44 白胜 loss=0.0000 temp=1.00 total_env_steps=44 t=0.17s
Ep    2: len= 59 黑胜 loss=0.0000 temp=1.00 total_env_steps=103 t=0.25s
Ep    3: len= 55 黑胜 loss=0.0000 temp=1.00 total_env_steps=158 t=0.22s
Ep    4: len= 71 黑胜 loss=0.0000 temp=1.00 total_env_steps=229 t=0.28s
Ep    5: len= 60 白胜 loss=0.0000 temp=1.00 total_env_steps=289 t=0.22s
Ep    6: len= 41 黑胜 loss=0.0000 temp=1.00 total_env_steps=330 t=0.15s
Ep    7: len= 47 黑胜 loss=0.0000 temp=1.00 total_env_steps=377 t=0.18s
Ep    8: len= 66 白胜 loss=0.0000 temp=1.00 total_env_steps=443 t=0.26s
Ep    9: len= 63 黑胜 loss=0.0000 temp=1.00 total_env_steps=506 t=0.24s
Ep   10: len= 48 白胜 loss=29.6215 temp=1.00 total_env_steps=554 t=0.33s
Ep   11: len= 38 白胜 loss=28.0523 temp=1.00 total_env_steps=592 t=0.34s
Ep   12: len= 39 黑胜 loss=28.0224 temp=1.00 total_env_steps=631 t=0.32s
Ep   13: len= 72 白胜 loss=27.8456 temp=1.00 total_env_steps=703 t=0.42s
Ep   14: len= 58 白胜 loss=27.6033 temp=1.00 total_env_steps=761 t=0.40s
Ep   15: len= 50 白胜 loss=27.3880 temp=1.00 total_env_steps=811 t=0.34s
Ep   16: len= 47 黑胜 loss=27.2912 temp=1.00 total_env_steps=858 t=0.35s
Ep   17: len= 37 黑胜 loss=27.1521 temp=1.00 total_env_steps=895 t=0.36s
Ep   18: len= 61 黑胜 loss=27.1227 temp=1.00 total_env_steps=956 t=0.40s
Ep   19: len= 41 黑胜 loss=26.9404 temp=1.00 total_env_steps=997 t=0.41s
Ep   20: len= 46 白胜 loss=26.8741 temp=1.00 total_env_steps=1043 t=0.37s
Ep   21: len= 61 黑胜 loss=26.9056 temp=1.00 total_env_steps=1104 t=0.37s
Ep   22: len= 57 黑胜 loss=26.9323 temp=1.00 total_env_steps=1161 t=0.35s
Ep   23: len= 60 白胜 loss=26.8836 temp=1.00 total_env_steps=1221 t=0.32s
Ep   24: len= 56 白胜 loss=26.7958 temp=1.00 total_env_steps=1277 t=0.31s
Ep   25: len= 33 黑胜 loss=26.9847 temp=1.00 total_env_steps=1310 t=0.22s
Ep   26: len= 47 黑胜 loss=27.0818 temp=1.00 total_env_steps=1357 t=0.25s
Ep   27: len= 54 白胜 loss=26.9099 temp=1.00 total_env_steps=1411 t=0.31s
Ep   28: len= 61 黑胜 loss=26.8924 temp=1.00 total_env_steps=1472 t=0.34s
Ep   29: len= 61 黑胜 loss=26.8334 temp=1.00 total_env_steps=1533 t=0.31s
Ep   30: len= 58 白胜 loss=26.9925 temp=1.00 total_env_steps=1591 t=0.32s
Ep   31: len= 63 黑胜 loss=26.7989 temp=1.00 total_env_steps=1654 t=0.32s
Ep   32: len= 22 白胜 loss=26.9241 temp=1.00 total_env_steps=1676 t=0.19s
Ep   33: len= 51 黑胜 loss=26.9153 temp=1.00 total_env_steps=1727 t=0.31s
Ep   34: len= 62 白胜 loss=27.0205 temp=1.00 total_env_steps=1789 t=0.33s
Ep   35: len= 47 黑胜 loss=26.8792 temp=1.00 total_env_steps=1836 t=0.35s
Ep   36: len= 70 白胜 loss=26.9719 temp=1.00 total_env_steps=1906 t=0.39s
Ep   37: len= 52 白胜 loss=26.7922 temp=1.00 total_env_steps=1958 t=0.34s
Ep   38: len= 60 白胜 loss=26.9414 temp=1.00 total_env_steps=2018 t=0.37s
Ep   39: len= 61 黑胜 loss=26.9411 temp=1.00 total_env_steps=2079 t=0.37s
Ep   40: len= 56 白胜 loss=26.6607 temp=1.00 total_env_steps=2135 t=0.34s
Ep   41: len= 81 黑胜 loss=26.7075 temp=1.00 total_env_steps=2216 t=0.40s
Ep   42: len= 63 黑胜 loss=26.9490 temp=1.00 total_env_steps=2279 t=0.36s
Ep   43: len= 49 黑胜 loss=26.8091 temp=1.00 total_env_steps=2328 t=0.37s
Ep   44: len= 52 白胜 loss=26.7667 temp=1.00 total_env_steps=2380 t=0.42s
Ep   45: len= 63 黑胜 loss=26.6552 temp=1.00 total_env_steps=2443 t=0.40s
Ep   46: len= 46 白胜 loss=26.8487 temp=1.00 total_env_steps=2489 t=0.30s
Ep   47: len= 55 黑胜 loss=26.7669 temp=1.00 total_env_steps=2544 t=0.33s
Ep   48: len= 45 黑胜 loss=26.7737 temp=1.00 total_env_steps=2589 t=0.31s
Ep   49: len= 63 黑胜 loss=26.7699 temp=1.00 total_env_steps=2652 t=0.38s
Ep   50: len= 33 黑胜 loss=26.6766 temp=1.00 total_env_steps=2685 t=0.27s
  eval vs Gomoku-random-v0: win_rate=0.50 mean_return=0.00（20 局，total_env_steps=2685）
Ep   51: len= 56 白胜 loss=26.6974 temp=1.00 total_env_steps=2741 t=0.35s
Ep   52: len= 68 白胜 loss=26.7822 temp=1.00 total_env_steps=2809 t=0.41s
Ep   53: len= 47 黑胜 loss=26.8860 temp=1.00 total_env_steps=2856 t=0.31s
Ep   54: len= 53 黑胜 loss=26.7797 temp=1.00 total_env_steps=2909 t=0.31s
Ep   55: len= 47 黑胜 loss=26.6607 temp=1.00 total_env_steps=2956 t=0.32s
Ep   56: len= 52 白胜 loss=26.7022 temp=1.00 total_env_steps=3008 t=0.31s
Ep   57: len= 49 黑胜 loss=26.7073 temp=1.00 total_env_steps=3057 t=0.31s
Ep   58: len= 57 黑胜 loss=26.6163 temp=1.00 total_env_steps=3114 t=0.34s
Ep   59: len= 44 白胜 loss=26.7597 temp=1.00 total_env_steps=3158 t=0.31s
Ep   60: len= 45 黑胜 loss=26.7368 temp=1.00 total_env_steps=3203 t=0.29s
Ep   61: len= 42 白胜 loss=26.6273 temp=1.00 total_env_steps=3245 t=0.29s
Ep   62: len= 46 白胜 loss=26.7046 temp=1.00 total_env_steps=3291 t=0.31s
Ep   63: len= 58 白胜 loss=26.6754 temp=1.00 total_env_steps=3349 t=0.35s
Ep   64: len= 19 黑胜 loss=26.8294 temp=1.00 total_env_steps=3368 t=0.24s
Ep   65: len= 55 黑胜 loss=26.7612 temp=1.00 total_env_steps=3423 t=0.33s
Ep   66: len= 50 白胜 loss=26.6073 temp=1.00 total_env_steps=3473 t=0.31s
Ep   67: len= 58 白胜 loss=26.8382 temp=1.00 total_env_steps=3531 t=0.34s
Ep   68: len= 48 白胜 loss=26.7496 temp=1.00 total_env_steps=3579 t=0.32s
Ep   69: len= 51 黑胜 loss=26.6958 temp=1.00 total_env_steps=3630 t=0.30s
Ep   70: len= 45 黑胜 loss=26.7113 temp=1.00 total_env_steps=3675 t=0.31s
Ep   71: len= 60 白胜 loss=26.7365 temp=1.00 total_env_steps=3735 t=0.36s
Ep   72: len= 53 黑胜 loss=26.6984 temp=1.00 total_env_steps=3788 t=0.35s
Ep   73: len= 28 白胜 loss=26.7857 temp=1.00 total_env_steps=3816 t=0.28s
Ep   74: len= 56 白胜 loss=26.7056 temp=1.00 total_env_steps=3872 t=0.39s
Ep   75: len= 39 黑胜 loss=26.7354 temp=1.00 total_env_steps=3911 t=0.29s
Ep   76: len= 60 白胜 loss=26.6718 temp=1.00 total_env_steps=3971 t=0.36s
Ep   77: len= 63 黑胜 loss=26.7540 temp=1.00 total_env_steps=4034 t=0.40s
Ep   78: len= 65 黑胜 loss=26.6889 temp=1.00 total_env_steps=4099 t=0.37s
Ep   79: len= 58 白胜 loss=26.6977 temp=1.00 total_env_steps=4157 t=0.36s
Ep   80: len= 35 黑胜 loss=26.7602 temp=1.00 total_env_steps=4192 t=0.30s
Ep   81: len= 54 白胜 loss=26.7117 temp=1.00 total_env_steps=4246 t=0.33s
Ep   82: len= 34 白胜 loss=26.7360 temp=1.00 total_env_steps=4280 t=0.25s
Ep   83: len= 70 白胜 loss=26.7800 temp=1.00 total_env_steps=4350 t=0.38s
Ep   84: len= 23 黑胜 loss=26.8107 temp=1.00 total_env_steps=4373 t=0.27s
Ep   85: len= 55 黑胜 loss=26.6064 temp=1.00 total_env_steps=4428 t=0.37s
Ep   86: len= 46 白胜 loss=26.7696 temp=1.00 total_env_steps=4474 t=0.35s
Ep   87: len= 38 白胜 loss=26.8050 temp=1.00 total_env_steps=4512 t=0.29s
Ep   88: len= 43 黑胜 loss=26.7553 temp=1.00 total_env_steps=4555 t=0.30s
Ep   89: len= 29 黑胜 loss=26.8204 temp=1.00 total_env_steps=4584 t=0.25s
Ep   90: len= 31 黑胜 loss=26.6700 temp=1.00 total_env_steps=4615 t=0.25s
Ep   91: len= 70 白胜 loss=26.7680 temp=1.00 total_env_steps=4685 t=0.39s
Ep   92: len= 56 白胜 loss=26.6944 temp=1.00 total_env_steps=4741 t=0.33s
Ep   93: len= 67 黑胜 loss=26.6923 temp=1.00 total_env_steps=4808 t=0.35s
Ep   94: len= 54 白胜 loss=26.7652 temp=1.00 total_env_steps=4862 t=0.38s
Ep   95: len= 59 黑胜 loss=26.6895 temp=1.00 total_env_steps=4921 t=0.34s
Ep   96: len= 55 黑胜 loss=26.7580 temp=1.00 total_env_steps=4976 t=0.34s
Ep   97: len= 51 黑胜 loss=26.7944 temp=1.00 total_env_steps=5027 t=0.33s
Ep   98: len= 54 白胜 loss=26.7505 temp=1.00 total_env_steps=5081 t=0.33s
Ep   99: len= 55 黑胜 loss=26.6727 temp=1.00 total_env_steps=5136 t=0.33s
Ep  100: len= 24 白胜 loss=26.6267 temp=1.00 total_env_steps=5160 t=0.24s
  eval vs Gomoku-random-v0: win_rate=0.45 mean_return=-0.10（20 局，total_env_steps=5160）
Ep  101: len= 38 白胜 loss=26.8630 temp=1.00 total_env_steps=5198 t=0.28s
Ep  102: len= 55 黑胜 loss=26.8509 temp=0.99 total_env_steps=5253 t=0.35s
Ep  103: len= 35 黑胜 loss=26.7859 temp=0.99 total_env_steps=5288 t=0.29s
Ep  104: len= 53 黑胜 loss=26.7697 temp=0.98 total_env_steps=5341 t=0.34s
Ep  105: len= 47 黑胜 loss=26.8117 temp=0.97 total_env_steps=5388 t=0.29s
Ep  106: len= 65 黑胜 loss=26.9628 temp=0.96 total_env_steps=5453 t=0.37s
Ep  107: len= 54 白胜 loss=26.7582 temp=0.95 total_env_steps=5507 t=0.32s
Ep  108: len= 65 黑胜 loss=26.5904 temp=0.95 total_env_steps=5572 t=0.34s
Ep  109: len= 29 黑胜 loss=26.7334 temp=0.94 total_env_steps=5601 t=0.26s
Ep  110: len= 62 白胜 loss=26.6545 temp=0.93 total_env_steps=5663 t=0.36s
Ep  111: len= 54 白胜 loss=26.7771 temp=0.93 total_env_steps=5717 t=0.33s
Ep  112: len= 68 白胜 loss=26.8187 temp=0.92 total_env_steps=5785 t=0.41s
Ep  113: len= 56 白胜 loss=26.7011 temp=0.91 total_env_steps=5841 t=0.35s
Ep  114: len= 34 白胜 loss=26.7456 temp=0.90 total_env_steps=5875 t=0.28s
Ep  115: len= 42 白胜 loss=26.8026 temp=0.89 total_env_steps=5917 t=0.32s
Ep  116: len= 55 黑胜 loss=26.6368 temp=0.89 total_env_steps=5972 t=0.37s
Ep  117: len= 49 黑胜 loss=26.7106 temp=0.88 total_env_steps=6021 t=0.33s
Ep  118: len= 51 黑胜 loss=26.7775 temp=0.87 total_env_steps=6072 t=0.34s
Ep  119: len= 81 平局 loss=26.6251 temp=0.87 total_env_steps=6153 t=0.42s
Ep  120: len= 62 白胜 loss=26.7514 temp=0.86 total_env_steps=6215 t=0.36s
Ep  121: len= 45 黑胜 loss=26.6165 temp=0.85 total_env_steps=6260 t=0.32s
Ep  122: len= 43 黑胜 loss=26.7332 temp=0.84 total_env_steps=6303 t=0.31s
Ep  123: len= 38 白胜 loss=26.6802 temp=0.84 total_env_steps=6341 t=0.30s
Ep  124: len= 48 白胜 loss=26.7683 temp=0.83 total_env_steps=6389 t=0.33s
Ep  125: len= 49 黑胜 loss=26.7178 temp=0.82 total_env_steps=6438 t=0.31s
Ep  126: len= 56 白胜 loss=26.7099 temp=0.81 total_env_steps=6494 t=0.33s
Ep  127: len= 59 黑胜 loss=26.8483 temp=0.81 total_env_steps=6553 t=0.36s
Ep  128: len= 36 白胜 loss=26.8193 temp=0.80 total_env_steps=6589 t=0.27s
Ep  129: len= 54 白胜 loss=26.7089 temp=0.79 total_env_steps=6643 t=0.35s
Ep  130: len= 47 黑胜 loss=26.7471 temp=0.78 total_env_steps=6690 t=0.32s
Ep  131: len= 46 白胜 loss=26.6987 temp=0.77 total_env_steps=6736 t=0.32s
Ep  132: len= 19 黑胜 loss=26.7105 temp=0.77 total_env_steps=6755 t=0.24s
Ep  133: len= 57 黑胜 loss=26.7856 temp=0.76 total_env_steps=6812 t=0.34s
Ep  134: len= 40 白胜 loss=26.7311 temp=0.75 total_env_steps=6852 t=0.28s
Ep  135: len= 63 黑胜 loss=26.7237 temp=0.75 total_env_steps=6915 t=0.36s
Ep  136: len= 51 黑胜 loss=26.6839 temp=0.74 total_env_steps=6966 t=0.34s
Ep  137: len= 41 黑胜 loss=26.8501 temp=0.73 total_env_steps=7007 t=0.32s
Ep  138: len= 73 黑胜 loss=26.6771 temp=0.72 total_env_steps=7080 t=0.36s
Ep  139: len= 53 黑胜 loss=26.6991 temp=0.72 total_env_steps=7133 t=0.35s
Ep  140: len= 63 黑胜 loss=26.7658 temp=0.71 total_env_steps=7196 t=0.36s
Ep  141: len= 56 白胜 loss=26.7689 temp=0.70 total_env_steps=7252 t=0.32s
Ep  142: len= 59 黑胜 loss=26.6726 temp=0.69 total_env_steps=7311 t=0.36s
Ep  143: len= 45 黑胜 loss=26.7765 temp=0.69 total_env_steps=7356 t=0.30s
Ep  144: len= 49 黑胜 loss=26.6601 temp=0.68 total_env_steps=7405 t=0.32s
Ep  145: len= 39 黑胜 loss=26.6975 temp=0.67 total_env_steps=7444 t=0.27s
Ep  146: len= 58 白胜 loss=26.7451 temp=0.66 total_env_steps=7502 t=0.35s
Ep  147: len= 43 黑胜 loss=26.8295 temp=0.65 total_env_steps=7545 t=0.29s
Ep  148: len= 57 黑胜 loss=26.6691 temp=0.65 total_env_steps=7602 t=0.34s
Ep  149: len= 46 白胜 loss=26.7577 temp=0.64 total_env_steps=7648 t=0.30s
Ep  150: len= 55 黑胜 loss=26.6668 temp=0.63 total_env_steps=7703 t=0.32s
  eval vs Gomoku-random-v0: win_rate=0.75 mean_return=0.50（20 局，total_env_steps=7703）
Ep  151: len= 32 白胜 loss=26.6732 temp=0.62 total_env_steps=7735 t=0.28s
Ep  152: len= 48 白胜 loss=26.7408 temp=0.62 total_env_steps=7783 t=0.28s
Ep  153: len= 44 白胜 loss=26.5877 temp=0.61 total_env_steps=7827 t=0.30s
Ep  154: len= 77 黑胜 loss=26.7575 temp=0.60 total_env_steps=7904 t=0.43s
Ep  155: len= 65 黑胜 loss=26.7794 temp=0.59 total_env_steps=7969 t=0.35s
Ep  156: len= 49 黑胜 loss=26.8064 temp=0.59 total_env_steps=8018 t=0.34s
Ep  157: len= 62 白胜 loss=26.7412 temp=0.58 total_env_steps=8080 t=0.34s
Ep  158: len= 62 白胜 loss=26.7805 temp=0.57 total_env_steps=8142 t=0.36s
Ep  159: len= 52 白胜 loss=26.8858 temp=0.56 total_env_steps=8194 t=0.31s
Ep  160: len= 60 白胜 loss=26.7268 temp=0.56 total_env_steps=8254 t=0.36s
Ep  161: len= 53 黑胜 loss=26.7138 temp=0.55 total_env_steps=8307 t=0.33s
Ep  162: len= 32 白胜 loss=26.8545 temp=0.54 total_env_steps=8339 t=0.27s
Ep  163: len= 41 黑胜 loss=26.8271 temp=0.53 total_env_steps=8380 t=0.29s
Ep  164: len= 52 白胜 loss=26.7440 temp=0.53 total_env_steps=8432 t=0.32s
Ep  165: len= 67 黑胜 loss=26.7211 temp=0.52 total_env_steps=8499 t=0.36s
Ep  166: len= 59 黑胜 loss=26.6491 temp=0.51 total_env_steps=8558 t=0.33s
Ep  167: len= 36 白胜 loss=26.8602 temp=0.50 total_env_steps=8594 t=0.28s
Ep  168: len= 70 白胜 loss=26.7338 temp=0.50 total_env_steps=8664 t=0.36s
Ep  169: len= 28 白胜 loss=26.7879 temp=0.49 total_env_steps=8692 t=0.27s
Ep  170: len= 55 黑胜 loss=26.7055 temp=0.48 total_env_steps=8747 t=0.32s
Ep  171: len= 24 白胜 loss=26.8042 temp=0.48 total_env_steps=8771 t=0.24s
Ep  172: len= 45 黑胜 loss=26.7975 temp=0.47 total_env_steps=8816 t=0.30s
Ep  173: len= 53 黑胜 loss=26.6935 temp=0.46 total_env_steps=8869 t=0.33s
Ep  174: len= 61 黑胜 loss=26.7674 temp=0.45 total_env_steps=8930 t=0.36s
Ep  175: len= 57 黑胜 loss=26.7540 temp=0.44 total_env_steps=8987 t=0.36s
Ep  176: len= 32 白胜 loss=26.6068 temp=0.44 total_env_steps=9019 t=0.27s
Ep  177: len= 65 黑胜 loss=26.7353 temp=0.43 total_env_steps=9084 t=0.35s
Ep  178: len= 40 白胜 loss=26.5914 temp=0.42 total_env_steps=9124 t=0.30s
Ep  179: len= 29 黑胜 loss=26.6907 temp=0.42 total_env_steps=9153 t=0.26s
Ep  180: len= 43 黑胜 loss=26.8208 temp=0.41 total_env_steps=9196 t=0.29s
Ep  181: len= 38 白胜 loss=26.6390 temp=0.40 total_env_steps=9234 t=0.28s
Ep  182: len= 68 白胜 loss=26.7818 temp=0.39 total_env_steps=9302 t=0.38s
Ep  183: len= 48 白胜 loss=26.7913 temp=0.38 total_env_steps=9350 t=0.33s
Ep  184: len= 55 黑胜 loss=26.8690 temp=0.38 total_env_steps=9405 t=0.32s
Ep  185: len= 53 黑胜 loss=26.7503 temp=0.37 total_env_steps=9458 t=0.35s
Ep  186: len= 47 黑胜 loss=26.6623 temp=0.36 total_env_steps=9505 t=0.32s
Ep  187: len= 38 白胜 loss=26.6577 temp=0.36 total_env_steps=9543 t=0.28s
Ep  188: len= 21 黑胜 loss=26.7229 temp=0.35 total_env_steps=9564 t=0.26s
Ep  189: len= 35 黑胜 loss=26.5857 temp=0.34 total_env_steps=9599 t=0.29s
Ep  190: len= 37 黑胜 loss=26.7081 temp=0.33 total_env_steps=9636 t=0.29s
Ep  191: len= 51 黑胜 loss=26.8374 temp=0.33 total_env_steps=9687 t=0.35s
Ep  192: len= 49 黑胜 loss=26.8263 temp=0.32 total_env_steps=9736 t=0.37s
Ep  193: len= 33 黑胜 loss=26.5904 temp=0.31 total_env_steps=9769 t=0.28s
Ep  194: len= 63 黑胜 loss=26.6324 temp=0.30 total_env_steps=9832 t=0.37s
Ep  195: len= 59 黑胜 loss=26.7044 temp=0.30 total_env_steps=9891 t=0.33s
Ep  196: len= 40 白胜 loss=26.6651 temp=0.29 total_env_steps=9931 t=0.30s
Ep  197: len= 60 白胜 loss=26.7014 temp=0.28 total_env_steps=9991 t=0.35s
Ep  198: len= 64 白胜 loss=26.8309 temp=0.27 total_env_steps=10055 t=0.37s
Ep  199: len= 50 白胜 loss=26.7633 temp=0.26 total_env_steps=10105 t=0.31s
Ep  200: len= 49 黑胜 loss=26.6102 temp=0.26 total_env_steps=10154 t=0.32s
  eval vs Gomoku-random-v0: win_rate=0.65 mean_return=0.30（20 局，total_env_steps=10154）
  📸 已拍权重快照（ep=200，gating 对弈基准）
Ep  201: len= 38 白胜 loss=26.6008 temp=0.25 total_env_steps=10192 t=0.29s
Ep  202: len= 41 黑胜 loss=26.4049 temp=0.25 total_env_steps=10233 t=0.32s
Ep  203: len= 49 黑胜 loss=26.6191 temp=0.25 total_env_steps=10282 t=0.32s
Ep  204: len= 51 黑胜 loss=26.4505 temp=0.25 total_env_steps=10333 t=0.32s
Ep  205: len= 34 白胜 loss=26.6042 temp=0.25 total_env_steps=10367 t=0.28s
Ep  206: len= 38 白胜 loss=26.5675 temp=0.25 total_env_steps=10405 t=0.30s
Ep  207: len= 61 黑胜 loss=26.6566 temp=0.25 total_env_steps=10466 t=0.34s
Ep  208: len= 50 白胜 loss=26.6111 temp=0.25 total_env_steps=10516 t=0.34s
Ep  209: len= 66 白胜 loss=26.5390 temp=0.25 total_env_steps=10582 t=0.39s
Ep  210: len= 44 白胜 loss=26.5292 temp=0.25 total_env_steps=10626 t=0.32s
Ep  211: len= 55 黑胜 loss=26.6344 temp=0.25 total_env_steps=10681 t=0.35s
Ep  212: len= 49 黑胜 loss=26.7847 temp=0.25 total_env_steps=10730 t=0.32s
Ep  213: len= 49 黑胜 loss=26.6394 temp=0.25 total_env_steps=10779 t=0.31s
Ep  214: len= 55 黑胜 loss=26.5048 temp=0.25 total_env_steps=10834 t=0.36s
Ep  215: len= 55 黑胜 loss=26.6006 temp=0.25 total_env_steps=10889 t=0.34s
Ep  216: len= 37 黑胜 loss=26.6407 temp=0.25 total_env_steps=10926 t=0.28s
Ep  217: len= 67 黑胜 loss=26.4940 temp=0.25 total_env_steps=10993 t=0.37s
Ep  218: len= 55 黑胜 loss=26.5576 temp=0.25 total_env_steps=11048 t=0.34s
Ep  219: len= 53 黑胜 loss=26.4500 temp=0.25 total_env_steps=11101 t=0.34s
Ep  220: len= 43 黑胜 loss=26.2334 temp=0.25 total_env_steps=11144 t=0.30s
Ep  221: len= 52 白胜 loss=26.5434 temp=0.25 total_env_steps=11196 t=0.36s
Ep  222: len= 33 黑胜 loss=26.4654 temp=0.25 total_env_steps=11229 t=0.28s
Ep  223: len= 38 白胜 loss=26.4387 temp=0.25 total_env_steps=11267 t=0.30s
Ep  224: len= 41 黑胜 loss=26.5670 temp=0.25 total_env_steps=11308 t=0.30s
Ep  225: len= 21 黑胜 loss=26.5118 temp=0.25 total_env_steps=11329 t=0.24s
Ep  226: len= 39 黑胜 loss=26.5093 temp=0.25 total_env_steps=11368 t=0.30s
Ep  227: len= 42 白胜 loss=26.3752 temp=0.25 total_env_steps=11410 t=0.30s
Ep  228: len= 43 黑胜 loss=26.3665 temp=0.25 total_env_steps=11453 t=0.31s
Ep  229: len= 41 黑胜 loss=26.3865 temp=0.25 total_env_steps=11494 t=0.31s
Ep  230: len= 31 黑胜 loss=26.5612 temp=0.25 total_env_steps=11525 t=0.27s
Ep  231: len= 55 黑胜 loss=26.5021 temp=0.25 total_env_steps=11580 t=0.33s
Ep  232: len= 34 白胜 loss=26.3689 temp=0.25 total_env_steps=11614 t=0.29s
Ep  233: len= 64 白胜 loss=26.4929 temp=0.25 total_env_steps=11678 t=0.35s
Ep  234: len= 72 白胜 loss=26.3852 temp=0.25 total_env_steps=11750 t=0.40s
Ep  235: len= 48 白胜 loss=26.5037 temp=0.25 total_env_steps=11798 t=0.32s
Ep  236: len= 31 黑胜 loss=26.4348 temp=0.25 total_env_steps=11829 t=0.32s
Ep  237: len= 54 白胜 loss=26.3975 temp=0.25 total_env_steps=11883 t=0.39s
Ep  238: len= 29 黑胜 loss=26.5819 temp=0.25 total_env_steps=11912 t=0.31s
Ep  239: len= 27 黑胜 loss=26.3683 temp=0.25 total_env_steps=11939 t=0.30s
Ep  240: len= 39 黑胜 loss=26.3174 temp=0.25 total_env_steps=11978 t=0.37s
Ep  241: len= 43 黑胜 loss=26.3921 temp=0.25 total_env_steps=12021 t=0.35s
Ep  242: len= 37 黑胜 loss=26.4218 temp=0.25 total_env_steps=12058 t=0.31s
Ep  243: len= 63 黑胜 loss=26.4362 temp=0.25 total_env_steps=12121 t=0.40s
Ep  244: len= 65 黑胜 loss=26.2276 temp=0.25 total_env_steps=12186 t=0.40s
Ep  245: len= 63 黑胜 loss=26.3449 temp=0.25 total_env_steps=12249 t=0.42s
Ep  246: len= 61 黑胜 loss=26.4684 temp=0.25 total_env_steps=12310 t=0.37s
Ep  247: len= 75 黑胜 loss=26.4261 temp=0.25 total_env_steps=12385 t=0.44s
Ep  248: len= 42 白胜 loss=26.3043 temp=0.25 total_env_steps=12427 t=0.30s
Ep  249: len= 32 白胜 loss=26.1563 temp=0.25 total_env_steps=12459 t=0.28s
Ep  250: len= 45 黑胜 loss=26.5350 temp=0.25 total_env_steps=12504 t=0.31s
  eval vs Gomoku-random-v0: win_rate=0.90 mean_return=0.80（20 局，total_env_steps=12504）
Ep  251: len= 70 白胜 loss=26.4016 temp=0.25 total_env_steps=12574 t=0.45s
Ep  252: len= 45 黑胜 loss=26.1960 temp=0.25 total_env_steps=12619 t=0.34s
Ep  253: len= 18 白胜 loss=26.2858 temp=0.25 total_env_steps=12637 t=0.26s
Ep  254: len= 58 白胜 loss=26.2150 temp=0.25 total_env_steps=12695 t=0.39s
Ep  255: len= 21 黑胜 loss=26.2331 temp=0.25 total_env_steps=12716 t=0.28s
Ep  256: len= 55 黑胜 loss=26.1971 temp=0.25 total_env_steps=12771 t=0.38s
Ep  257: len= 39 黑胜 loss=26.1866 temp=0.25 total_env_steps=12810 t=0.31s
Ep  258: len= 47 黑胜 loss=26.2324 temp=0.25 total_env_steps=12857 t=0.37s
Ep  259: len= 42 白胜 loss=26.1437 temp=0.25 total_env_steps=12899 t=0.37s
Ep  260: len= 68 白胜 loss=26.2731 temp=0.25 total_env_steps=12967 t=0.37s
Ep  261: len= 34 白胜 loss=26.0296 temp=0.25 total_env_steps=13001 t=0.30s
Ep  262: len= 17 黑胜 loss=26.2115 temp=0.25 total_env_steps=13018 t=0.28s
Ep  263: len= 49 黑胜 loss=26.1593 temp=0.25 total_env_steps=13067 t=0.36s
Ep  264: len= 31 黑胜 loss=26.0700 temp=0.25 total_env_steps=13098 t=0.29s
Ep  265: len= 39 黑胜 loss=26.0502 temp=0.25 total_env_steps=13137 t=0.32s
Ep  266: len= 19 黑胜 loss=26.2474 temp=0.25 total_env_steps=13156 t=0.24s
Ep  267: len= 61 黑胜 loss=26.1545 temp=0.25 total_env_steps=13217 t=0.36s
Ep  268: len= 59 黑胜 loss=25.9051 temp=0.25 total_env_steps=13276 t=0.35s
Ep  269: len= 25 黑胜 loss=26.1645 temp=0.25 total_env_steps=13301 t=0.27s
Ep  270: len= 47 黑胜 loss=26.0469 temp=0.25 total_env_steps=13348 t=0.31s
Ep  271: len= 39 黑胜 loss=25.9901 temp=0.25 total_env_steps=13387 t=0.31s
Ep  272: len= 69 黑胜 loss=26.0139 temp=0.25 total_env_steps=13456 t=0.38s
Ep  273: len= 54 白胜 loss=25.8699 temp=0.25 total_env_steps=13510 t=0.47s
Ep  274: len= 29 黑胜 loss=25.8188 temp=0.25 total_env_steps=13539 t=0.30s
Ep  275: len= 46 白胜 loss=25.9977 temp=0.25 total_env_steps=13585 t=0.35s
Ep  276: len= 29 黑胜 loss=26.0228 temp=0.25 total_env_steps=13614 t=0.27s
Ep  277: len= 67 黑胜 loss=25.9734 temp=0.25 total_env_steps=13681 t=0.42s
Ep  278: len= 18 白胜 loss=25.9705 temp=0.25 total_env_steps=13699 t=0.30s
Ep  279: len= 41 黑胜 loss=25.8502 temp=0.25 total_env_steps=13740 t=0.38s
Ep  280: len= 67 黑胜 loss=26.0394 temp=0.25 total_env_steps=13807 t=0.41s
Ep  281: len= 67 黑胜 loss=25.9366 temp=0.25 total_env_steps=13874 t=0.39s
Ep  282: len= 62 白胜 loss=25.8084 temp=0.25 total_env_steps=13936 t=0.40s
Ep  283: len= 67 黑胜 loss=25.6746 temp=0.25 total_env_steps=14003 t=0.42s
Ep  284: len= 65 黑胜 loss=25.8903 temp=0.25 total_env_steps=14068 t=0.42s
Ep  285: len= 49 黑胜 loss=25.9583 temp=0.25 total_env_steps=14117 t=0.37s
Ep  286: len= 25 黑胜 loss=26.0199 temp=0.25 total_env_steps=14142 t=0.28s
Ep  287: len= 41 黑胜 loss=25.9909 temp=0.25 total_env_steps=14183 t=0.32s
Ep  288: len= 54 白胜 loss=25.7038 temp=0.25 total_env_steps=14237 t=0.36s
Ep  289: len= 47 黑胜 loss=25.7483 temp=0.25 total_env_steps=14284 t=0.32s
Ep  290: len= 52 白胜 loss=25.7864 temp=0.25 total_env_steps=14336 t=0.35s
Ep  291: len= 21 黑胜 loss=25.8733 temp=0.25 total_env_steps=14357 t=0.27s
Ep  292: len= 45 黑胜 loss=25.8705 temp=0.25 total_env_steps=14402 t=0.31s
Ep  293: len= 47 黑胜 loss=25.5043 temp=0.25 total_env_steps=14449 t=0.31s
Ep  294: len= 55 黑胜 loss=25.7504 temp=0.25 total_env_steps=14504 t=0.37s
Ep  295: len= 19 黑胜 loss=25.6028 temp=0.25 total_env_steps=14523 t=0.25s
Ep  296: len= 47 黑胜 loss=25.6931 temp=0.25 total_env_steps=14570 t=0.31s
Ep  297: len= 45 黑胜 loss=25.7479 temp=0.25 total_env_steps=14615 t=0.35s
Ep  298: len= 35 黑胜 loss=25.5902 temp=0.25 total_env_steps=14650 t=0.27s
Ep  299: len= 29 黑胜 loss=25.6001 temp=0.25 total_env_steps=14679 t=0.30s
Ep  300: len= 43 黑胜 loss=25.6066 temp=0.25 total_env_steps=14722 t=0.32s
  eval vs Gomoku-random-v0: win_rate=0.85 mean_return=0.70（20 局，total_env_steps=14722）
Ep  301: len= 33 黑胜 loss=25.2170 temp=0.25 total_env_steps=14755 t=0.27s
Ep  302: len= 37 黑胜 loss=25.3859 temp=0.25 total_env_steps=14792 t=0.29s
Ep  303: len= 43 黑胜 loss=25.5612 temp=0.25 total_env_steps=14835 t=0.31s
Ep  304: len= 41 黑胜 loss=25.1976 temp=0.25 total_env_steps=14876 t=0.29s
Ep  305: len= 45 黑胜 loss=25.3393 temp=0.25 total_env_steps=14921 t=0.29s
Ep  306: len= 57 黑胜 loss=25.1601 temp=0.25 total_env_steps=14978 t=0.36s
Ep  307: len= 51 黑胜 loss=25.4181 temp=0.25 total_env_steps=15029 t=0.34s
Ep  308: len= 21 黑胜 loss=25.2076 temp=0.25 total_env_steps=15050 t=0.25s
Ep  309: len= 63 黑胜 loss=24.9837 temp=0.25 total_env_steps=15113 t=0.41s
Ep  310: len= 27 黑胜 loss=25.0360 temp=0.25 total_env_steps=15140 t=0.27s
Ep  311: len= 21 黑胜 loss=25.3670 temp=0.25 total_env_steps=15161 t=0.26s
Ep  312: len= 19 黑胜 loss=25.5268 temp=0.25 total_env_steps=15180 t=0.24s
Ep  313: len= 34 白胜 loss=24.8967 temp=0.25 total_env_steps=15214 t=0.29s
Ep  314: len= 31 黑胜 loss=25.0888 temp=0.25 total_env_steps=15245 t=0.30s
Ep  315: len= 41 黑胜 loss=24.8227 temp=0.25 total_env_steps=15286 t=0.31s
Ep  316: len= 47 黑胜 loss=24.9116 temp=0.25 total_env_steps=15333 t=0.38s
Ep  317: len= 25 黑胜 loss=25.3389 temp=0.25 total_env_steps=15358 t=0.26s
Ep  318: len= 43 黑胜 loss=24.8574 temp=0.25 total_env_steps=15401 t=0.32s
Ep  319: len= 51 黑胜 loss=25.1339 temp=0.25 total_env_steps=15452 t=0.32s
Ep  320: len= 39 黑胜 loss=24.7525 temp=0.25 total_env_steps=15491 t=0.32s
Ep  321: len= 29 黑胜 loss=25.2817 temp=0.25 total_env_steps=15520 t=0.25s
Ep  322: len= 23 黑胜 loss=24.8216 temp=0.25 total_env_steps=15543 t=0.27s
Ep  323: len= 53 黑胜 loss=24.7860 temp=0.25 total_env_steps=15596 t=0.34s
Ep  324: len= 55 黑胜 loss=24.8055 temp=0.25 total_env_steps=15651 t=0.33s
Ep  325: len= 35 黑胜 loss=24.8933 temp=0.25 total_env_steps=15686 t=0.29s
Ep  326: len= 29 黑胜 loss=24.8110 temp=0.25 total_env_steps=15715 t=0.28s
Ep  327: len= 75 黑胜 loss=24.8787 temp=0.25 total_env_steps=15790 t=0.39s
Ep  328: len= 56 白胜 loss=24.9841 temp=0.25 total_env_steps=15846 t=0.39s
Ep  329: len= 40 白胜 loss=24.7491 temp=0.25 total_env_steps=15886 t=0.33s
Ep  330: len= 59 黑胜 loss=24.8825 temp=0.25 total_env_steps=15945 t=0.34s
Ep  331: len= 35 黑胜 loss=24.6996 temp=0.25 total_env_steps=15980 t=0.31s
Ep  332: len= 26 白胜 loss=24.6449 temp=0.25 total_env_steps=16006 t=0.28s
Ep  333: len= 50 白胜 loss=24.7222 temp=0.25 total_env_steps=16056 t=0.35s
Ep  334: len= 33 黑胜 loss=24.3444 temp=0.25 total_env_steps=16089 t=0.29s
Ep  335: len= 27 黑胜 loss=24.7673 temp=0.25 total_env_steps=16116 t=0.29s
Ep  336: len= 42 白胜 loss=24.6065 temp=0.25 total_env_steps=16158 t=0.32s
Ep  337: len= 43 黑胜 loss=24.3078 temp=0.25 total_env_steps=16201 t=0.34s
Ep  338: len= 21 黑胜 loss=24.6580 temp=0.25 total_env_steps=16222 t=0.26s
Ep  339: len= 37 黑胜 loss=24.5347 temp=0.25 total_env_steps=16259 t=0.31s
Ep  340: len= 39 黑胜 loss=24.3186 temp=0.25 total_env_steps=16298 t=0.32s
Ep  341: len= 42 白胜 loss=24.5928 temp=0.25 total_env_steps=16340 t=0.34s
Ep  342: len= 23 黑胜 loss=24.3677 temp=0.25 total_env_steps=16363 t=0.28s
Ep  343: len= 35 黑胜 loss=24.0886 temp=0.25 total_env_steps=16398 t=0.32s
Ep  344: len= 25 黑胜 loss=24.0937 temp=0.25 total_env_steps=16423 t=0.27s
Ep  345: len= 21 黑胜 loss=24.1417 temp=0.25 total_env_steps=16444 t=0.28s
Ep  346: len= 53 黑胜 loss=24.1142 temp=0.25 total_env_steps=16497 t=0.39s
Ep  347: len= 39 黑胜 loss=23.8347 temp=0.25 total_env_steps=16536 t=0.30s
Ep  348: len= 25 黑胜 loss=24.1218 temp=0.25 total_env_steps=16561 t=0.26s
Ep  349: len= 27 黑胜 loss=23.9551 temp=0.25 total_env_steps=16588 t=0.28s
Ep  350: len= 35 黑胜 loss=24.1852 temp=0.25 total_env_steps=16623 t=0.33s
  eval vs Gomoku-random-v0: win_rate=0.80 mean_return=0.60（20 局，total_env_steps=16623）
Ep  351: len= 31 黑胜 loss=23.7043 temp=0.25 total_env_steps=16654 t=0.33s
Ep  352: len= 33 黑胜 loss=24.1160 temp=0.25 total_env_steps=16687 t=0.30s
Ep  353: len= 35 黑胜 loss=23.8537 temp=0.25 total_env_steps=16722 t=0.32s
Ep  354: len= 23 黑胜 loss=24.0648 temp=0.25 total_env_steps=16745 t=0.32s
Ep  355: len= 65 黑胜 loss=23.4915 temp=0.25 total_env_steps=16810 t=0.41s
Ep  356: len= 27 黑胜 loss=23.8375 temp=0.25 total_env_steps=16837 t=0.34s
Ep  357: len= 35 黑胜 loss=23.6744 temp=0.25 total_env_steps=16872 t=0.46s
Ep  358: len= 21 黑胜 loss=23.5372 temp=0.25 total_env_steps=16893 t=0.30s
Ep  359: len= 56 白胜 loss=23.4297 temp=0.25 total_env_steps=16949 t=0.41s
Ep  360: len= 41 黑胜 loss=23.5957 temp=0.25 total_env_steps=16990 t=0.32s
Ep  361: len= 64 白胜 loss=23.9230 temp=0.25 total_env_steps=17054 t=0.39s
Ep  362: len= 57 黑胜 loss=23.5221 temp=0.25 total_env_steps=17111 t=0.37s
Ep  363: len= 21 黑胜 loss=23.7451 temp=0.25 total_env_steps=17132 t=0.28s
Ep  364: len= 35 黑胜 loss=23.8639 temp=0.25 total_env_steps=17167 t=0.31s
Ep  365: len= 41 黑胜 loss=23.2246 temp=0.25 total_env_steps=17208 t=0.32s
Ep  366: len= 31 黑胜 loss=23.5636 temp=0.25 total_env_steps=17239 t=0.29s
Ep  367: len= 35 黑胜 loss=23.4120 temp=0.25 total_env_steps=17274 t=0.28s
Ep  368: len= 23 黑胜 loss=23.3005 temp=0.25 total_env_steps=17297 t=0.29s
Ep  369: len= 39 黑胜 loss=23.0317 temp=0.25 total_env_steps=17336 t=0.34s
Ep  370: len= 25 黑胜 loss=23.7741 temp=0.25 total_env_steps=17361 t=0.27s
Ep  371: len= 47 黑胜 loss=23.0061 temp=0.25 total_env_steps=17408 t=0.32s
Ep  372: len= 45 黑胜 loss=23.3545 temp=0.25 total_env_steps=17453 t=0.39s
Ep  373: len= 23 黑胜 loss=22.6870 temp=0.25 total_env_steps=17476 t=0.28s
Ep  374: len= 33 黑胜 loss=22.9564 temp=0.25 total_env_steps=17509 t=0.30s
Ep  375: len= 39 黑胜 loss=22.9306 temp=0.25 total_env_steps=17548 t=0.32s
Ep  376: len= 38 白胜 loss=23.3934 temp=0.25 total_env_steps=17586 t=0.32s
Ep  377: len= 23 黑胜 loss=23.1982 temp=0.25 total_env_steps=17609 t=0.26s
Ep  378: len= 36 白胜 loss=23.1129 temp=0.25 total_env_steps=17645 t=0.30s
Ep  379: len= 54 白胜 loss=23.0722 temp=0.25 total_env_steps=17699 t=0.34s
Ep  380: len= 23 黑胜 loss=22.7872 temp=0.25 total_env_steps=17722 t=0.26s
Ep  381: len= 27 黑胜 loss=22.3041 temp=0.25 total_env_steps=17749 t=0.29s
Ep  382: len= 25 黑胜 loss=22.6393 temp=0.25 total_env_steps=17774 t=0.27s
Ep  383: len= 23 黑胜 loss=22.3703 temp=0.25 total_env_steps=17797 t=0.28s
Ep  384: len= 29 黑胜 loss=22.9381 temp=0.25 total_env_steps=17826 t=0.28s
Ep  385: len= 21 黑胜 loss=22.9958 temp=0.25 total_env_steps=17847 t=0.27s
Ep  386: len= 21 黑胜 loss=22.3436 temp=0.25 total_env_steps=17868 t=0.28s
Ep  387: len= 41 黑胜 loss=22.2738 temp=0.25 total_env_steps=17909 t=0.31s
Ep  388: len= 39 黑胜 loss=22.8386 temp=0.25 total_env_steps=17948 t=0.33s
Ep  389: len= 35 黑胜 loss=22.4137 temp=0.25 total_env_steps=17983 t=0.28s
Ep  390: len= 47 黑胜 loss=22.9111 temp=0.25 total_env_steps=18030 t=0.32s
Ep  391: len= 21 黑胜 loss=21.8949 temp=0.25 total_env_steps=18051 t=0.25s
Ep  392: len= 21 黑胜 loss=21.8138 temp=0.25 total_env_steps=18072 t=0.29s
Ep  393: len= 29 黑胜 loss=21.8390 temp=0.25 total_env_steps=18101 t=0.28s
Ep  394: len= 37 黑胜 loss=22.1220 temp=0.25 total_env_steps=18138 t=0.29s
Ep  395: len= 21 黑胜 loss=21.7966 temp=0.25 total_env_steps=18159 t=0.26s
Ep  396: len= 37 黑胜 loss=22.1152 temp=0.25 total_env_steps=18196 t=0.29s
Ep  397: len= 39 黑胜 loss=22.5137 temp=0.25 total_env_steps=18235 t=0.30s
Ep  398: len= 21 黑胜 loss=21.7398 temp=0.25 total_env_steps=18256 t=0.24s
Ep  399: len= 19 黑胜 loss=21.8833 temp=0.25 total_env_steps=18275 t=0.25s
Ep  400: len= 19 黑胜 loss=21.8201 temp=0.25 total_env_steps=18294 t=0.24s
  eval vs Gomoku-random-v0: win_rate=1.00 mean_return=1.00（20 局，total_env_steps=18294）
  ✅ 达标 ep=400 total_env_steps=18294
[闸门] vs random（40 局）: win_rate=0.875
[闸门] vs 半程快照（40 局，黑白各半）: score=0.825
[梯队] vs naive0（20 局，观察性）: win_rate=0.05
[梯队] vs naive1（20 局，观察性）: win_rate=0.00
[梯队] vs naive2（20 局，观察性）: win_rate=0.00
[梯队] vs naive3（20 局，观察性）: win_rate=0.00
📈 Gomoku-selfplay-v0 win_rate=1.00（best 1.00）| 门槛 0.95 | 148.2s

--- M3 arm=replay32 汇总（base 对照见 bench 头注释）---
  seed=42 vs_random=0.975 vs_snapshot=0.875 | 梯队 naive0=0.00 naive1=0.00 naive2=0.00 naive3=0.00 | env_steps=19514 wall=131s
  seed=43 vs_random=0.850 vs_snapshot=0.587 | 梯队 naive0=0.00 naive1=0.00 naive2=0.00 naive3=0.00 | env_steps=18707 wall=375s
  seed=44 vs_random=0.875 vs_snapshot=0.825 | 梯队 naive0=0.05 naive1=0.00 naive2=0.00 naive3=0.00 | env_steps=18294 wall=148s
ok

test result: ok. 1 passed; 0 failed; 0 ignored; 0 measured; 3419 filtered out; finished in 654.47s

     Running tests\cse_dedup.rs (target\release\deps\cse_dedup-7a657e998c2a0176.exe)

running 0 tests

test result: ok. 0 passed; 0 failed; 0 ignored; 0 measured; 1 filtered out; finished in 0.00s

     Running tests\mode_invariants.rs (target\release\deps\mode_invariants-12496c59841ba5c8.exe)

running 0 tests

test result: ok. 0 passed; 0 failed; 0 ignored; 0 measured; 9 filtered out; finished in 0.00s

     Running tests\onnx_otm_load_bench.rs (target\release\deps\onnx_otm_load_bench-39da60dd6dcd2511.exe)

running 0 tests

test result: ok. 0 passed; 0 failed; 0 ignored; 0 measured; 1 filtered out; finished in 0.00s

     Running tests\yolov5_xiangqi_import.rs (target\release\deps\yolov5_xiangqi_import-5a55f6b67c0e8a85.exe)

running 0 tests

test result: ok. 0 passed; 0 failed; 0 ignored; 0 measured; 6 filtered out; finished in 0.00s

