   Compiling only_torch v0.25.0 (D:\DATA\BaiduSyncdisk\project\personal\only_torch)
    Finished `release` profile [optimized] target(s) in 2m 18s
     Running unittests src\lib.rs (target\release\deps\only_torch-45d502c1e61c3f90.exe)

running 1 test
test rl::algo::my_zero::tests::gomoku_m3_bench::gomoku_m3_gumbel ... 
--- arm=gumbel_standard seed=42 ---
[MyZero-board] 组件: Gumbel + completedQ
[MyZero-board Gomoku-selfplay-v0] obs=243(3×9²) |A|=81 sims=100 γ=1.0 negamax
Ep    1: len= 43 黑胜 loss=0.0000 temp=1.00 total_env_steps=43 t=0.18s
Ep    2: len= 61 黑胜 loss=0.0000 temp=1.00 total_env_steps=104 t=0.23s
Ep    3: len= 40 白胜 loss=0.0000 temp=1.00 total_env_steps=144 t=0.15s
Ep    4: len= 46 白胜 loss=0.0000 temp=1.00 total_env_steps=190 t=0.18s
Ep    5: len= 73 黑胜 loss=0.0000 temp=1.00 total_env_steps=263 t=0.28s
Ep    6: len= 46 白胜 loss=0.0000 temp=1.00 total_env_steps=309 t=0.18s
Ep    7: len= 55 黑胜 loss=0.0000 temp=1.00 total_env_steps=364 t=0.22s
Ep    8: len= 31 黑胜 loss=0.0000 temp=1.00 total_env_steps=395 t=0.12s
Ep    9: len= 48 白胜 loss=0.0000 temp=1.00 total_env_steps=443 t=0.18s
Ep   10: len= 46 白胜 loss=35.8065 temp=1.00 total_env_steps=489 t=0.19s
Ep   11: len= 46 白胜 loss=28.2425 temp=1.00 total_env_steps=535 t=0.20s
Ep   12: len= 57 黑胜 loss=27.1869 temp=1.00 total_env_steps=592 t=0.23s
Ep   13: len= 72 白胜 loss=26.6909 temp=1.00 total_env_steps=664 t=0.30s
Ep   14: len= 37 黑胜 loss=27.5716 temp=1.00 total_env_steps=701 t=0.16s
Ep   15: len= 64 白胜 loss=27.3877 temp=1.00 total_env_steps=765 t=0.25s
Ep   16: len= 49 黑胜 loss=27.7845 temp=1.00 total_env_steps=814 t=0.20s
Ep   17: len= 50 白胜 loss=27.6089 temp=1.00 total_env_steps=864 t=0.21s
Ep   18: len= 58 白胜 loss=27.1302 temp=1.00 total_env_steps=922 t=0.23s
Ep   19: len= 52 白胜 loss=27.5061 temp=1.00 total_env_steps=974 t=0.21s
Ep   20: len= 55 黑胜 loss=27.8974 temp=1.00 total_env_steps=1029 t=0.25s
Ep   21: len= 55 黑胜 loss=27.7146 temp=1.00 total_env_steps=1084 t=0.22s
Ep   22: len= 58 白胜 loss=27.7012 temp=1.00 total_env_steps=1142 t=0.25s
Ep   23: len= 36 白胜 loss=27.3570 temp=1.00 total_env_steps=1178 t=0.14s
Ep   24: len= 41 黑胜 loss=27.4908 temp=1.00 total_env_steps=1219 t=0.15s
Ep   25: len= 41 黑胜 loss=27.1021 temp=1.00 total_env_steps=1260 t=0.16s
Ep   26: len= 46 白胜 loss=27.6565 temp=1.00 total_env_steps=1306 t=0.18s
Ep   27: len= 54 白胜 loss=27.3580 temp=1.00 total_env_steps=1360 t=0.21s
Ep   28: len= 37 黑胜 loss=26.8192 temp=1.00 total_env_steps=1397 t=0.14s
Ep   29: len= 44 白胜 loss=27.0285 temp=1.00 total_env_steps=1441 t=0.17s
Ep   30: len= 63 黑胜 loss=27.3130 temp=1.00 total_env_steps=1504 t=0.23s
Ep   31: len= 50 白胜 loss=27.4788 temp=1.00 total_env_steps=1554 t=0.18s
Ep   32: len= 53 黑胜 loss=27.0913 temp=1.00 total_env_steps=1607 t=0.20s
Ep   33: len= 60 白胜 loss=27.3421 temp=1.00 total_env_steps=1667 t=0.22s
Ep   34: len= 45 黑胜 loss=26.8567 temp=1.00 total_env_steps=1712 t=0.16s
Ep   35: len= 46 白胜 loss=27.3023 temp=1.00 total_env_steps=1758 t=0.17s
Ep   36: len= 47 黑胜 loss=27.4246 temp=1.00 total_env_steps=1805 t=0.17s
Ep   37: len= 31 黑胜 loss=27.2004 temp=1.00 total_env_steps=1836 t=0.12s
Ep   38: len= 35 黑胜 loss=27.0675 temp=1.00 total_env_steps=1871 t=0.13s
Ep   39: len= 53 黑胜 loss=26.7370 temp=1.00 total_env_steps=1924 t=0.23s
Ep   40: len= 67 黑胜 loss=27.2062 temp=1.00 total_env_steps=1991 t=0.29s
Ep   41: len= 47 黑胜 loss=27.0966 temp=1.00 total_env_steps=2038 t=0.23s
Ep   42: len= 37 黑胜 loss=27.0282 temp=1.00 total_env_steps=2075 t=0.19s
Ep   43: len= 50 白胜 loss=27.2697 temp=1.00 total_env_steps=2125 t=0.25s
Ep   44: len= 57 黑胜 loss=27.4863 temp=1.00 total_env_steps=2182 t=0.28s
Ep   45: len= 32 白胜 loss=26.9511 temp=1.00 total_env_steps=2214 t=0.17s
Ep   46: len= 76 白胜 loss=27.4057 temp=1.00 total_env_steps=2290 t=0.36s
Ep   47: len= 54 白胜 loss=26.9584 temp=1.00 total_env_steps=2344 t=0.25s
Ep   48: len= 37 黑胜 loss=27.2775 temp=1.00 total_env_steps=2381 t=0.19s
Ep   49: len= 27 黑胜 loss=27.1154 temp=1.00 total_env_steps=2408 t=0.14s
Ep   50: len= 48 白胜 loss=26.9476 temp=1.00 total_env_steps=2456 t=0.23s
  eval vs Gomoku-random-v0: win_rate=0.95 mean_return=0.90（20 局，total_env_steps=2456）
  ✅ 达标 ep=50 total_env_steps=2456
Ep   51: len= 62 白胜 loss=27.2974 temp=1.00 total_env_steps=2518 t=0.29s
Ep   52: len= 61 黑胜 loss=27.0688 temp=1.00 total_env_steps=2579 t=0.26s
Ep   53: len= 56 白胜 loss=27.2619 temp=1.00 total_env_steps=2635 t=0.24s
Ep   54: len= 43 黑胜 loss=27.2532 temp=1.00 total_env_steps=2678 t=0.17s
Ep   55: len= 54 白胜 loss=27.2520 temp=1.00 total_env_steps=2732 t=0.23s
Ep   56: len= 47 黑胜 loss=27.1987 temp=1.00 total_env_steps=2779 t=0.20s
Ep   57: len= 47 黑胜 loss=26.8352 temp=1.00 total_env_steps=2826 t=0.16s
Ep   58: len= 36 白胜 loss=27.0985 temp=1.00 total_env_steps=2862 t=0.13s
Ep   59: len= 60 白胜 loss=27.1740 temp=1.00 total_env_steps=2922 t=0.24s
Ep   60: len= 63 黑胜 loss=26.8193 temp=1.00 total_env_steps=2985 t=0.24s
Ep   61: len= 41 黑胜 loss=26.9196 temp=1.00 total_env_steps=3026 t=0.15s
Ep   62: len= 31 黑胜 loss=26.9495 temp=1.00 total_env_steps=3057 t=0.13s
Ep   63: len= 42 白胜 loss=26.8958 temp=1.00 total_env_steps=3099 t=0.16s
Ep   64: len= 67 黑胜 loss=26.5260 temp=1.00 total_env_steps=3166 t=0.23s
Ep   65: len= 51 黑胜 loss=26.6839 temp=1.00 total_env_steps=3217 t=0.21s
Ep   66: len= 57 黑胜 loss=27.2044 temp=1.00 total_env_steps=3274 t=0.22s
Ep   67: len= 52 白胜 loss=26.8221 temp=1.00 total_env_steps=3326 t=0.21s
Ep   68: len= 43 黑胜 loss=27.2758 temp=1.00 total_env_steps=3369 t=0.20s
Ep   69: len= 35 黑胜 loss=26.4033 temp=1.00 total_env_steps=3404 t=0.14s
Ep   70: len= 78 白胜 loss=26.6774 temp=1.00 total_env_steps=3482 t=0.31s
Ep   71: len= 43 黑胜 loss=26.9065 temp=1.00 total_env_steps=3525 t=0.18s
Ep   72: len= 34 白胜 loss=27.2830 temp=1.00 total_env_steps=3559 t=0.13s
Ep   73: len= 58 白胜 loss=26.3921 temp=1.00 total_env_steps=3617 t=0.21s
Ep   74: len= 70 白胜 loss=27.4270 temp=1.00 total_env_steps=3687 t=0.26s
Ep   75: len= 43 黑胜 loss=26.9663 temp=1.00 total_env_steps=3730 t=0.18s
Ep   76: len= 42 白胜 loss=27.0692 temp=1.00 total_env_steps=3772 t=0.17s
Ep   77: len= 72 白胜 loss=26.4946 temp=1.00 total_env_steps=3844 t=0.26s
Ep   78: len= 33 黑胜 loss=27.0757 temp=1.00 total_env_steps=3877 t=0.15s
Ep   79: len= 27 黑胜 loss=26.8580 temp=1.00 total_env_steps=3904 t=0.11s
Ep   80: len= 41 黑胜 loss=26.6830 temp=1.00 total_env_steps=3945 t=0.14s
Ep   81: len= 37 黑胜 loss=27.1267 temp=1.00 total_env_steps=3982 t=0.15s
Ep   82: len= 34 白胜 loss=27.2112 temp=1.00 total_env_steps=4016 t=0.14s
Ep   83: len= 42 白胜 loss=26.8456 temp=1.00 total_env_steps=4058 t=0.15s
Ep   84: len= 40 白胜 loss=27.1650 temp=1.00 total_env_steps=4098 t=0.16s
Ep   85: len= 29 黑胜 loss=27.1936 temp=1.00 total_env_steps=4127 t=0.12s
Ep   86: len= 33 黑胜 loss=27.1803 temp=1.00 total_env_steps=4160 t=0.14s
Ep   87: len= 75 黑胜 loss=27.0919 temp=1.00 total_env_steps=4235 t=0.28s
Ep   88: len= 55 黑胜 loss=27.2602 temp=1.00 total_env_steps=4290 t=0.20s
Ep   89: len= 32 白胜 loss=27.1771 temp=1.00 total_env_steps=4322 t=0.15s
Ep   90: len= 48 白胜 loss=26.9420 temp=1.00 total_env_steps=4370 t=0.20s
Ep   91: len= 37 黑胜 loss=26.9341 temp=1.00 total_env_steps=4407 t=0.18s
Ep   92: len= 44 白胜 loss=26.5456 temp=1.00 total_env_steps=4451 t=0.23s
Ep   93: len= 32 白胜 loss=26.9867 temp=1.00 total_env_steps=4483 t=0.17s
Ep   94: len= 39 黑胜 loss=27.1368 temp=1.00 total_env_steps=4522 t=0.16s
Ep   95: len= 45 黑胜 loss=26.6680 temp=1.00 total_env_steps=4567 t=0.21s
Ep   96: len= 40 白胜 loss=26.6945 temp=1.00 total_env_steps=4607 t=0.18s
Ep   97: len= 44 白胜 loss=26.4249 temp=1.00 total_env_steps=4651 t=0.19s
Ep   98: len= 53 黑胜 loss=27.0770 temp=1.00 total_env_steps=4704 t=0.23s
Ep   99: len= 71 黑胜 loss=26.7998 temp=1.00 total_env_steps=4775 t=0.24s
Ep  100: len= 40 白胜 loss=26.8736 temp=1.00 total_env_steps=4815 t=0.16s
  eval vs Gomoku-random-v0: win_rate=0.85 mean_return=0.70（20 局，total_env_steps=4815）
Ep  101: len= 38 白胜 loss=26.5865 temp=1.00 total_env_steps=4853 t=0.17s
Ep  102: len= 28 白胜 loss=26.9054 temp=0.99 total_env_steps=4881 t=0.12s
Ep  103: len= 21 黑胜 loss=26.9989 temp=0.99 total_env_steps=4902 t=0.10s
Ep  104: len= 69 黑胜 loss=26.3694 temp=0.98 total_env_steps=4971 t=0.29s
Ep  105: len= 56 白胜 loss=26.5794 temp=0.97 total_env_steps=5027 t=0.21s
Ep  106: len= 74 白胜 loss=27.2943 temp=0.96 total_env_steps=5101 t=0.30s
Ep  107: len= 45 黑胜 loss=27.0073 temp=0.95 total_env_steps=5146 t=0.22s
Ep  108: len= 60 白胜 loss=26.9229 temp=0.95 total_env_steps=5206 t=0.25s
Ep  109: len= 20 白胜 loss=26.5330 temp=0.94 total_env_steps=5226 t=0.09s
Ep  110: len= 47 黑胜 loss=26.7886 temp=0.93 total_env_steps=5273 t=0.19s
Ep  111: len= 54 白胜 loss=27.0672 temp=0.93 total_env_steps=5327 t=0.27s
Ep  112: len= 47 黑胜 loss=26.6836 temp=0.92 total_env_steps=5374 t=0.23s
Ep  113: len= 53 黑胜 loss=26.8815 temp=0.91 total_env_steps=5427 t=0.22s
Ep  114: len= 54 白胜 loss=26.9799 temp=0.90 total_env_steps=5481 t=0.20s
Ep  115: len= 37 黑胜 loss=26.8164 temp=0.89 total_env_steps=5518 t=0.16s
Ep  116: len= 35 黑胜 loss=26.5212 temp=0.89 total_env_steps=5553 t=0.13s
Ep  117: len= 53 黑胜 loss=26.6409 temp=0.88 total_env_steps=5606 t=0.23s
Ep  118: len= 31 黑胜 loss=27.2999 temp=0.87 total_env_steps=5637 t=0.13s
Ep  119: len= 70 白胜 loss=26.6031 temp=0.87 total_env_steps=5707 t=0.26s
Ep  120: len= 31 黑胜 loss=26.8364 temp=0.86 total_env_steps=5738 t=0.13s
Ep  121: len= 21 黑胜 loss=27.0480 temp=0.85 total_env_steps=5759 t=0.10s
Ep  122: len= 34 白胜 loss=27.2249 temp=0.84 total_env_steps=5793 t=0.14s
Ep  123: len= 47 黑胜 loss=26.5452 temp=0.84 total_env_steps=5840 t=0.18s
Ep  124: len= 62 白胜 loss=27.1828 temp=0.83 total_env_steps=5902 t=0.22s
Ep  125: len= 38 白胜 loss=27.1468 temp=0.82 total_env_steps=5940 t=0.14s
Ep  126: len= 30 白胜 loss=26.9898 temp=0.81 total_env_steps=5970 t=0.12s
Ep  127: len= 30 白胜 loss=27.4244 temp=0.81 total_env_steps=6000 t=0.12s
Ep  128: len= 44 白胜 loss=26.6938 temp=0.80 total_env_steps=6044 t=0.17s
Ep  129: len= 50 白胜 loss=26.7907 temp=0.79 total_env_steps=6094 t=0.23s
Ep  130: len= 54 白胜 loss=26.6752 temp=0.78 total_env_steps=6148 t=0.21s
Ep  131: len= 54 白胜 loss=26.7289 temp=0.77 total_env_steps=6202 t=0.22s
Ep  132: len= 55 黑胜 loss=26.6757 temp=0.77 total_env_steps=6257 t=0.21s
Ep  133: len= 52 白胜 loss=26.9161 temp=0.76 total_env_steps=6309 t=0.19s
Ep  134: len= 33 黑胜 loss=27.0428 temp=0.75 total_env_steps=6342 t=0.13s
Ep  135: len= 35 黑胜 loss=26.5242 temp=0.75 total_env_steps=6377 t=0.13s
Ep  136: len= 46 白胜 loss=26.4229 temp=0.74 total_env_steps=6423 t=0.18s
Ep  137: len= 52 白胜 loss=26.4857 temp=0.73 total_env_steps=6475 t=0.19s
Ep  138: len= 33 黑胜 loss=26.7955 temp=0.72 total_env_steps=6508 t=0.12s
Ep  139: len= 33 黑胜 loss=26.5313 temp=0.72 total_env_steps=6541 t=0.15s
Ep  140: len= 26 白胜 loss=26.4636 temp=0.71 total_env_steps=6567 t=0.10s
Ep  141: len= 29 黑胜 loss=26.8888 temp=0.70 total_env_steps=6596 t=0.12s
Ep  142: len= 50 白胜 loss=26.8187 temp=0.69 total_env_steps=6646 t=0.19s
Ep  143: len= 30 白胜 loss=26.3993 temp=0.69 total_env_steps=6676 t=0.12s
Ep  144: len= 37 黑胜 loss=26.3679 temp=0.68 total_env_steps=6713 t=0.14s
Ep  145: len= 37 黑胜 loss=26.5739 temp=0.67 total_env_steps=6750 t=0.18s
Ep  146: len= 48 白胜 loss=27.1942 temp=0.66 total_env_steps=6798 t=0.18s
Ep  147: len= 41 黑胜 loss=26.7855 temp=0.65 total_env_steps=6839 t=0.15s
Ep  148: len= 21 黑胜 loss=26.3995 temp=0.65 total_env_steps=6860 t=0.08s
Ep  149: len= 22 白胜 loss=26.6797 temp=0.64 total_env_steps=6882 t=0.11s
Ep  150: len= 39 黑胜 loss=26.7678 temp=0.63 total_env_steps=6921 t=0.20s
  eval vs Gomoku-random-v0: win_rate=0.95 mean_return=0.90（20 局，total_env_steps=6921）
Ep  151: len= 29 黑胜 loss=26.4890 temp=0.62 total_env_steps=6950 t=0.12s
Ep  152: len= 32 白胜 loss=26.3829 temp=0.62 total_env_steps=6982 t=0.15s
Ep  153: len= 78 白胜 loss=26.4787 temp=0.61 total_env_steps=7060 t=0.30s
Ep  154: len= 62 白胜 loss=27.1051 temp=0.60 total_env_steps=7122 t=0.25s
Ep  155: len= 33 黑胜 loss=26.8035 temp=0.59 total_env_steps=7155 t=0.13s
Ep  156: len= 26 白胜 loss=26.7745 temp=0.59 total_env_steps=7181 t=0.13s
Ep  157: len= 28 白胜 loss=26.5411 temp=0.58 total_env_steps=7209 t=0.13s
Ep  158: len= 49 黑胜 loss=26.2931 temp=0.57 total_env_steps=7258 t=0.20s
Ep  159: len= 67 黑胜 loss=26.7122 temp=0.56 total_env_steps=7325 t=0.24s
Ep  160: len= 30 白胜 loss=26.8925 temp=0.56 total_env_steps=7355 t=0.10s
Ep  161: len= 24 白胜 loss=26.6191 temp=0.55 total_env_steps=7379 t=0.09s
Ep  162: len= 67 黑胜 loss=26.3299 temp=0.54 total_env_steps=7446 t=0.22s
Ep  163: len= 63 黑胜 loss=26.6122 temp=0.53 total_env_steps=7509 t=0.24s
Ep  164: len= 51 黑胜 loss=26.3966 temp=0.53 total_env_steps=7560 t=0.17s
Ep  165: len= 57 黑胜 loss=26.7586 temp=0.52 total_env_steps=7617 t=0.19s
Ep  166: len= 42 白胜 loss=27.0422 temp=0.51 total_env_steps=7659 t=0.15s
Ep  167: len= 26 白胜 loss=26.7835 temp=0.50 total_env_steps=7685 t=0.09s
Ep  168: len= 35 黑胜 loss=27.1022 temp=0.50 total_env_steps=7720 t=0.12s
Ep  169: len= 67 黑胜 loss=26.8306 temp=0.49 total_env_steps=7787 t=0.22s
Ep  170: len= 60 白胜 loss=26.4265 temp=0.48 total_env_steps=7847 t=0.21s
Ep  171: len= 33 黑胜 loss=26.5368 temp=0.48 total_env_steps=7880 t=0.11s
Ep  172: len= 51 黑胜 loss=26.7176 temp=0.47 total_env_steps=7931 t=0.19s
Ep  173: len= 31 黑胜 loss=26.4324 temp=0.46 total_env_steps=7962 t=0.12s
Ep  174: len= 69 黑胜 loss=26.3041 temp=0.45 total_env_steps=8031 t=0.23s
Ep  175: len= 48 白胜 loss=26.5819 temp=0.44 total_env_steps=8079 t=0.19s
Ep  176: len= 48 白胜 loss=26.2996 temp=0.44 total_env_steps=8127 t=0.18s
Ep  177: len= 45 黑胜 loss=25.8341 temp=0.43 total_env_steps=8172 t=0.17s
Ep  178: len= 47 黑胜 loss=26.3981 temp=0.42 total_env_steps=8219 t=0.17s
Ep  179: len= 36 白胜 loss=26.4197 temp=0.42 total_env_steps=8255 t=0.14s
Ep  180: len= 51 黑胜 loss=26.5247 temp=0.41 total_env_steps=8306 t=0.18s
Ep  181: len= 27 黑胜 loss=26.5193 temp=0.40 total_env_steps=8333 t=0.11s
Ep  182: len= 55 黑胜 loss=26.7188 temp=0.39 total_env_steps=8388 t=0.20s
Ep  183: len= 63 黑胜 loss=26.9464 temp=0.38 total_env_steps=8451 t=0.22s
Ep  184: len= 48 白胜 loss=26.1547 temp=0.38 total_env_steps=8499 t=0.18s
Ep  185: len= 34 白胜 loss=26.4972 temp=0.37 total_env_steps=8533 t=0.13s
Ep  186: len= 34 白胜 loss=26.6962 temp=0.36 total_env_steps=8567 t=0.14s
Ep  187: len= 65 黑胜 loss=26.6925 temp=0.36 total_env_steps=8632 t=0.26s
Ep  188: len= 39 黑胜 loss=26.8686 temp=0.35 total_env_steps=8671 t=0.16s
Ep  189: len= 35 黑胜 loss=26.1843 temp=0.34 total_env_steps=8706 t=0.15s
Ep  190: len= 64 白胜 loss=26.1942 temp=0.33 total_env_steps=8770 t=0.23s
Ep  191: len= 46 白胜 loss=25.5037 temp=0.33 total_env_steps=8816 t=0.18s
Ep  192: len= 52 白胜 loss=26.4094 temp=0.32 total_env_steps=8868 t=0.19s
Ep  193: len= 27 黑胜 loss=26.5410 temp=0.31 total_env_steps=8895 t=0.11s
Ep  194: len= 45 黑胜 loss=26.4524 temp=0.30 total_env_steps=8940 t=0.17s
Ep  195: len= 16 白胜 loss=26.6544 temp=0.30 total_env_steps=8956 t=0.06s
Ep  196: len= 47 黑胜 loss=26.6103 temp=0.29 total_env_steps=9003 t=0.18s
Ep  197: len= 49 黑胜 loss=26.3096 temp=0.28 total_env_steps=9052 t=0.18s
Ep  198: len= 62 白胜 loss=26.6220 temp=0.27 total_env_steps=9114 t=0.20s
Ep  199: len= 49 黑胜 loss=26.7588 temp=0.26 total_env_steps=9163 t=0.20s
Ep  200: len= 52 白胜 loss=26.4123 temp=0.26 total_env_steps=9215 t=0.18s
  eval vs Gomoku-random-v0: win_rate=0.95 mean_return=0.90（20 局，total_env_steps=9215）
  📸 已拍权重快照（ep=200，gating 对弈基准）
Ep  201: len= 55 黑胜 loss=26.7282 temp=0.25 total_env_steps=9270 t=0.20s
Ep  202: len= 25 黑胜 loss=26.6915 temp=0.25 total_env_steps=9295 t=0.11s
Ep  203: len= 31 黑胜 loss=26.5106 temp=0.25 total_env_steps=9326 t=0.15s
Ep  204: len= 17 黑胜 loss=26.7509 temp=0.25 total_env_steps=9343 t=0.08s
Ep  205: len= 68 白胜 loss=26.7037 temp=0.25 total_env_steps=9411 t=0.24s
Ep  206: len= 49 黑胜 loss=26.4157 temp=0.25 total_env_steps=9460 t=0.17s
Ep  207: len= 46 白胜 loss=27.0465 temp=0.25 total_env_steps=9506 t=0.19s
Ep  208: len= 52 白胜 loss=26.5797 temp=0.25 total_env_steps=9558 t=0.20s
Ep  209: len= 44 白胜 loss=26.6178 temp=0.25 total_env_steps=9602 t=0.19s
Ep  210: len= 61 黑胜 loss=26.7174 temp=0.25 total_env_steps=9663 t=0.21s
Ep  211: len= 81 平局 loss=27.1626 temp=0.25 total_env_steps=9744 t=0.29s
Ep  212: len= 31 黑胜 loss=26.9701 temp=0.25 total_env_steps=9775 t=0.11s
Ep  213: len= 57 黑胜 loss=26.6518 temp=0.25 total_env_steps=9832 t=0.21s
Ep  214: len= 25 黑胜 loss=26.3784 temp=0.25 total_env_steps=9857 t=0.12s
Ep  215: len= 48 白胜 loss=26.6538 temp=0.25 total_env_steps=9905 t=0.20s
Ep  216: len= 34 白胜 loss=26.7790 temp=0.25 total_env_steps=9939 t=0.14s
Ep  217: len= 62 白胜 loss=26.5871 temp=0.25 total_env_steps=10001 t=0.22s
Ep  218: len= 42 白胜 loss=26.7933 temp=0.25 total_env_steps=10043 t=0.15s
Ep  219: len= 29 黑胜 loss=26.7231 temp=0.25 total_env_steps=10072 t=0.15s
Ep  220: len= 55 黑胜 loss=25.9093 temp=0.25 total_env_steps=10127 t=0.23s
Ep  221: len= 35 黑胜 loss=26.1995 temp=0.25 total_env_steps=10162 t=0.14s
Ep  222: len= 42 白胜 loss=26.4438 temp=0.25 total_env_steps=10204 t=0.16s
Ep  223: len= 48 白胜 loss=26.3992 temp=0.25 total_env_steps=10252 t=0.18s
Ep  224: len= 74 白胜 loss=26.3209 temp=0.25 total_env_steps=10326 t=0.26s
Ep  225: len= 58 白胜 loss=26.5220 temp=0.25 total_env_steps=10384 t=0.21s
Ep  226: len= 37 黑胜 loss=26.8459 temp=0.25 total_env_steps=10421 t=0.15s
Ep  227: len= 28 白胜 loss=26.6705 temp=0.25 total_env_steps=10449 t=0.12s
Ep  228: len= 30 白胜 loss=25.6599 temp=0.25 total_env_steps=10479 t=0.14s
Ep  229: len= 22 白胜 loss=25.9396 temp=0.25 total_env_steps=10501 t=0.09s
Ep  230: len= 32 白胜 loss=26.4141 temp=0.25 total_env_steps=10533 t=0.12s
Ep  231: len= 63 黑胜 loss=26.6430 temp=0.25 total_env_steps=10596 t=0.28s
Ep  232: len= 19 黑胜 loss=26.2339 temp=0.25 total_env_steps=10615 t=0.09s
Ep  233: len= 27 黑胜 loss=25.8656 temp=0.25 total_env_steps=10642 t=0.11s
Ep  234: len= 39 黑胜 loss=26.4555 temp=0.25 total_env_steps=10681 t=0.15s
Ep  235: len= 41 黑胜 loss=26.0577 temp=0.25 total_env_steps=10722 t=0.16s
Ep  236: len= 46 白胜 loss=26.4409 temp=0.25 total_env_steps=10768 t=0.19s
Ep  237: len= 40 白胜 loss=26.1484 temp=0.25 total_env_steps=10808 t=0.16s
Ep  238: len= 31 黑胜 loss=26.0446 temp=0.25 total_env_steps=10839 t=0.14s
Ep  239: len= 40 白胜 loss=25.9637 temp=0.25 total_env_steps=10879 t=0.16s
Ep  240: len= 38 白胜 loss=25.9555 temp=0.25 total_env_steps=10917 t=0.14s
Ep  241: len= 23 黑胜 loss=26.0388 temp=0.25 total_env_steps=10940 t=0.09s
Ep  242: len= 39 黑胜 loss=25.9670 temp=0.25 total_env_steps=10979 t=0.14s
Ep  243: len= 36 白胜 loss=26.0701 temp=0.25 total_env_steps=11015 t=0.13s
Ep  244: len= 38 白胜 loss=26.0018 temp=0.25 total_env_steps=11053 t=0.14s
Ep  245: len= 65 黑胜 loss=26.1655 temp=0.25 total_env_steps=11118 t=0.23s
Ep  246: len= 51 黑胜 loss=25.8784 temp=0.25 total_env_steps=11169 t=0.19s
Ep  247: len= 47 黑胜 loss=26.5117 temp=0.25 total_env_steps=11216 t=0.19s
Ep  248: len= 32 白胜 loss=26.2203 temp=0.25 total_env_steps=11248 t=0.14s
Ep  249: len= 30 白胜 loss=26.1812 temp=0.25 total_env_steps=11278 t=0.13s
Ep  250: len= 40 白胜 loss=26.0781 temp=0.25 total_env_steps=11318 t=0.19s
  eval vs Gomoku-random-v0: win_rate=0.90 mean_return=0.80（20 局，total_env_steps=11318）
Ep  251: len= 45 黑胜 loss=26.7412 temp=0.25 total_env_steps=11363 t=0.19s
Ep  252: len= 33 黑胜 loss=25.9247 temp=0.25 total_env_steps=11396 t=0.17s
Ep  253: len= 34 白胜 loss=25.9514 temp=0.25 total_env_steps=11430 t=0.16s
Ep  254: len= 34 白胜 loss=26.5963 temp=0.25 total_env_steps=11464 t=0.15s
Ep  255: len= 66 白胜 loss=25.8631 temp=0.25 total_env_steps=11530 t=0.30s
Ep  256: len= 48 白胜 loss=25.9786 temp=0.25 total_env_steps=11578 t=0.20s
Ep  257: len= 49 黑胜 loss=26.0009 temp=0.25 total_env_steps=11627 t=0.24s
Ep  258: len= 36 白胜 loss=25.4773 temp=0.25 total_env_steps=11663 t=0.15s
Ep  259: len= 35 黑胜 loss=25.9230 temp=0.25 total_env_steps=11698 t=0.15s
Ep  260: len= 25 黑胜 loss=25.7541 temp=0.25 total_env_steps=11723 t=0.12s
Ep  261: len= 50 白胜 loss=25.7704 temp=0.25 total_env_steps=11773 t=0.20s
Ep  262: len= 38 白胜 loss=26.2722 temp=0.25 total_env_steps=11811 t=0.17s
Ep  263: len= 42 白胜 loss=25.5492 temp=0.25 total_env_steps=11853 t=0.17s
Ep  264: len= 46 白胜 loss=26.0300 temp=0.25 total_env_steps=11899 t=0.17s
Ep  265: len= 39 黑胜 loss=25.7969 temp=0.25 total_env_steps=11938 t=0.15s
Ep  266: len= 42 白胜 loss=26.0829 temp=0.25 total_env_steps=11980 t=0.17s
Ep  267: len= 59 黑胜 loss=26.1643 temp=0.25 total_env_steps=12039 t=0.24s
Ep  268: len= 67 黑胜 loss=25.5586 temp=0.25 total_env_steps=12106 t=0.25s
Ep  269: len= 48 白胜 loss=25.7005 temp=0.25 total_env_steps=12154 t=0.18s
Ep  270: len= 63 黑胜 loss=26.2487 temp=0.25 total_env_steps=12217 t=0.23s
Ep  271: len= 64 白胜 loss=25.9935 temp=0.25 total_env_steps=12281 t=0.24s
Ep  272: len= 80 白胜 loss=25.7430 temp=0.25 total_env_steps=12361 t=0.27s
Ep  273: len= 62 白胜 loss=26.0745 temp=0.25 total_env_steps=12423 t=0.22s
Ep  274: len= 29 黑胜 loss=25.8481 temp=0.25 total_env_steps=12452 t=0.12s
Ep  275: len= 28 白胜 loss=25.6157 temp=0.25 total_env_steps=12480 t=0.11s
Ep  276: len= 50 白胜 loss=26.0869 temp=0.25 total_env_steps=12530 t=0.19s
Ep  277: len= 54 白胜 loss=26.4149 temp=0.25 total_env_steps=12584 t=0.20s
Ep  278: len= 26 白胜 loss=25.6712 temp=0.25 total_env_steps=12610 t=0.11s
Ep  279: len= 46 白胜 loss=25.8839 temp=0.25 total_env_steps=12656 t=0.17s
Ep  280: len= 35 黑胜 loss=25.3068 temp=0.25 total_env_steps=12691 t=0.13s
Ep  281: len= 19 黑胜 loss=26.3013 temp=0.25 total_env_steps=12710 t=0.08s
Ep  282: len= 49 黑胜 loss=25.2441 temp=0.25 total_env_steps=12759 t=0.19s
Ep  283: len= 33 黑胜 loss=25.8398 temp=0.25 total_env_steps=12792 t=0.13s
Ep  284: len= 18 白胜 loss=25.7951 temp=0.25 total_env_steps=12810 t=0.08s
Ep  285: len= 42 白胜 loss=25.6793 temp=0.25 total_env_steps=12852 t=0.17s
Ep  286: len= 42 白胜 loss=25.9549 temp=0.25 total_env_steps=12894 t=0.15s
Ep  287: len= 59 黑胜 loss=25.4763 temp=0.25 total_env_steps=12953 t=0.23s
Ep  288: len= 37 黑胜 loss=25.8323 temp=0.25 total_env_steps=12990 t=0.14s
Ep  289: len= 61 黑胜 loss=25.1648 temp=0.25 total_env_steps=13051 t=0.22s
Ep  290: len= 31 黑胜 loss=24.8785 temp=0.25 total_env_steps=13082 t=0.12s
Ep  291: len= 31 黑胜 loss=25.8138 temp=0.25 total_env_steps=13113 t=0.13s
Ep  292: len= 51 黑胜 loss=25.7839 temp=0.25 total_env_steps=13164 t=0.19s
Ep  293: len= 22 白胜 loss=25.5880 temp=0.25 total_env_steps=13186 t=0.10s
Ep  294: len= 37 黑胜 loss=25.7998 temp=0.25 total_env_steps=13223 t=0.14s
Ep  295: len= 32 白胜 loss=25.3183 temp=0.25 total_env_steps=13255 t=0.13s
Ep  296: len= 43 黑胜 loss=26.2233 temp=0.25 total_env_steps=13298 t=0.16s
Ep  297: len= 34 白胜 loss=25.8503 temp=0.25 total_env_steps=13332 t=0.12s
Ep  298: len= 28 白胜 loss=25.0876 temp=0.25 total_env_steps=13360 t=0.12s
Ep  299: len= 52 白胜 loss=25.4810 temp=0.25 total_env_steps=13412 t=0.18s
Ep  300: len= 44 白胜 loss=25.4362 temp=0.25 total_env_steps=13456 t=0.15s
  eval vs Gomoku-random-v0: win_rate=0.80 mean_return=0.60（20 局，total_env_steps=13456）
Ep  301: len= 51 黑胜 loss=25.3777 temp=0.25 total_env_steps=13507 t=0.19s
Ep  302: len= 30 白胜 loss=25.7465 temp=0.25 total_env_steps=13537 t=0.12s
Ep  303: len= 63 黑胜 loss=26.0790 temp=0.25 total_env_steps=13600 t=0.23s
Ep  304: len= 39 黑胜 loss=25.9934 temp=0.25 total_env_steps=13639 t=0.16s
Ep  305: len= 45 黑胜 loss=25.6159 temp=0.25 total_env_steps=13684 t=0.18s
Ep  306: len= 53 黑胜 loss=26.1339 temp=0.25 total_env_steps=13737 t=0.19s
Ep  307: len= 33 黑胜 loss=25.3087 temp=0.25 total_env_steps=13770 t=0.14s
Ep  308: len= 34 白胜 loss=25.8810 temp=0.25 total_env_steps=13804 t=0.13s
Ep  309: len= 32 白胜 loss=24.9105 temp=0.25 total_env_steps=13836 t=0.12s
Ep  310: len= 54 白胜 loss=25.0393 temp=0.25 total_env_steps=13890 t=0.18s
Ep  311: len= 30 白胜 loss=25.6039 temp=0.25 total_env_steps=13920 t=0.11s
Ep  312: len= 57 黑胜 loss=25.9647 temp=0.25 total_env_steps=13977 t=0.21s
Ep  313: len= 55 黑胜 loss=24.9491 temp=0.25 total_env_steps=14032 t=0.19s
Ep  314: len= 43 黑胜 loss=25.2366 temp=0.25 total_env_steps=14075 t=0.16s
Ep  315: len= 44 白胜 loss=25.0246 temp=0.25 total_env_steps=14119 t=0.17s
Ep  316: len= 23 黑胜 loss=26.1001 temp=0.25 total_env_steps=14142 t=0.10s
Ep  317: len= 29 黑胜 loss=25.6292 temp=0.25 total_env_steps=14171 t=0.11s
Ep  318: len= 16 白胜 loss=25.8755 temp=0.25 total_env_steps=14187 t=0.08s
Ep  319: len= 61 黑胜 loss=25.3894 temp=0.25 total_env_steps=14248 t=0.23s
Ep  320: len= 40 白胜 loss=26.0659 temp=0.25 total_env_steps=14288 t=0.16s
Ep  321: len= 81 黑胜 loss=25.1811 temp=0.25 total_env_steps=14369 t=0.28s
Ep  322: len= 61 黑胜 loss=24.9637 temp=0.25 total_env_steps=14430 t=0.22s
Ep  323: len= 28 白胜 loss=25.8138 temp=0.25 total_env_steps=14458 t=0.11s
Ep  324: len= 34 白胜 loss=25.6129 temp=0.25 total_env_steps=14492 t=0.13s
Ep  325: len= 49 黑胜 loss=25.6118 temp=0.25 total_env_steps=14541 t=0.18s
Ep  326: len= 21 黑胜 loss=25.9301 temp=0.25 total_env_steps=14562 t=0.09s
Ep  327: len= 27 黑胜 loss=25.6085 temp=0.25 total_env_steps=14589 t=0.11s
Ep  328: len= 67 黑胜 loss=25.0897 temp=0.25 total_env_steps=14656 t=0.23s
Ep  329: len= 41 黑胜 loss=25.4171 temp=0.25 total_env_steps=14697 t=0.16s
Ep  330: len= 44 白胜 loss=25.5789 temp=0.25 total_env_steps=14741 t=0.16s
Ep  331: len= 15 黑胜 loss=25.8542 temp=0.25 total_env_steps=14756 t=0.07s
Ep  332: len= 25 黑胜 loss=25.4825 temp=0.25 total_env_steps=14781 t=0.10s
Ep  333: len= 34 白胜 loss=25.7219 temp=0.25 total_env_steps=14815 t=0.13s
Ep  334: len= 48 白胜 loss=26.0442 temp=0.25 total_env_steps=14863 t=0.19s
Ep  335: len= 19 黑胜 loss=25.1184 temp=0.25 total_env_steps=14882 t=0.08s
Ep  336: len= 18 白胜 loss=25.6863 temp=0.25 total_env_steps=14900 t=0.08s
Ep  337: len= 42 白胜 loss=25.4215 temp=0.25 total_env_steps=14942 t=0.16s
Ep  338: len= 34 白胜 loss=25.1357 temp=0.25 total_env_steps=14976 t=0.14s
Ep  339: len= 35 黑胜 loss=25.4509 temp=0.25 total_env_steps=15011 t=0.14s
Ep  340: len= 30 白胜 loss=25.4542 temp=0.25 total_env_steps=15041 t=0.12s
Ep  341: len= 60 白胜 loss=25.1844 temp=0.25 total_env_steps=15101 t=0.21s
Ep  342: len= 39 黑胜 loss=25.9963 temp=0.25 total_env_steps=15140 t=0.15s
Ep  343: len= 25 黑胜 loss=25.7361 temp=0.25 total_env_steps=15165 t=0.10s
Ep  344: len= 42 白胜 loss=25.4677 temp=0.25 total_env_steps=15207 t=0.15s
Ep  345: len= 16 白胜 loss=24.9939 temp=0.25 total_env_steps=15223 t=0.08s
Ep  346: len= 47 黑胜 loss=25.1367 temp=0.25 total_env_steps=15270 t=0.17s
Ep  347: len= 44 白胜 loss=25.0359 temp=0.25 total_env_steps=15314 t=0.15s
Ep  348: len= 56 白胜 loss=25.4481 temp=0.25 total_env_steps=15370 t=0.21s
Ep  349: len= 21 黑胜 loss=25.0507 temp=0.25 total_env_steps=15391 t=0.09s
Ep  350: len= 54 白胜 loss=24.9956 temp=0.25 total_env_steps=15445 t=0.20s
  eval vs Gomoku-random-v0: win_rate=0.90 mean_return=0.80（20 局，total_env_steps=15445）
Ep  351: len= 54 白胜 loss=25.7234 temp=0.25 total_env_steps=15499 t=0.19s
Ep  352: len= 50 白胜 loss=25.5991 temp=0.25 total_env_steps=15549 t=0.18s
Ep  353: len= 17 黑胜 loss=24.9266 temp=0.25 total_env_steps=15566 t=0.08s
Ep  354: len= 41 黑胜 loss=25.1820 temp=0.25 total_env_steps=15607 t=0.16s
Ep  355: len= 36 白胜 loss=24.9423 temp=0.25 total_env_steps=15643 t=0.14s
Ep  356: len= 29 黑胜 loss=25.3702 temp=0.25 total_env_steps=15672 t=0.12s
Ep  357: len= 24 白胜 loss=24.9068 temp=0.25 total_env_steps=15696 t=0.11s
Ep  358: len= 41 黑胜 loss=25.2518 temp=0.25 total_env_steps=15737 t=0.16s
Ep  359: len= 31 黑胜 loss=24.8482 temp=0.25 total_env_steps=15768 t=0.14s
Ep  360: len= 37 黑胜 loss=25.2065 temp=0.25 total_env_steps=15805 t=0.14s
Ep  361: len= 34 白胜 loss=25.7416 temp=0.25 total_env_steps=15839 t=0.12s
Ep  362: len= 43 黑胜 loss=25.0492 temp=0.25 total_env_steps=15882 t=0.17s
Ep  363: len= 64 白胜 loss=24.7644 temp=0.25 total_env_steps=15946 t=0.23s
Ep  364: len= 56 白胜 loss=24.8463 temp=0.25 total_env_steps=16002 t=0.20s
Ep  365: len= 50 白胜 loss=24.5413 temp=0.25 total_env_steps=16052 t=0.18s
Ep  366: len= 41 黑胜 loss=25.2666 temp=0.25 total_env_steps=16093 t=0.14s
Ep  367: len= 64 白胜 loss=24.6771 temp=0.25 total_env_steps=16157 t=0.23s
Ep  368: len= 28 白胜 loss=25.4253 temp=0.25 total_env_steps=16185 t=0.12s
Ep  369: len= 37 黑胜 loss=25.3130 temp=0.25 total_env_steps=16222 t=0.14s
Ep  370: len= 69 黑胜 loss=25.2244 temp=0.25 total_env_steps=16291 t=0.25s
Ep  371: len= 46 白胜 loss=24.6046 temp=0.25 total_env_steps=16337 t=0.17s
Ep  372: len= 34 白胜 loss=24.7716 temp=0.25 total_env_steps=16371 t=0.13s
Ep  373: len= 42 白胜 loss=24.8693 temp=0.25 total_env_steps=16413 t=0.15s
Ep  374: len= 46 白胜 loss=24.5514 temp=0.25 total_env_steps=16459 t=0.17s
Ep  375: len= 22 白胜 loss=24.5252 temp=0.25 total_env_steps=16481 t=0.10s
Ep  376: len= 47 黑胜 loss=24.9311 temp=0.25 total_env_steps=16528 t=0.18s
Ep  377: len= 50 白胜 loss=24.9820 temp=0.25 total_env_steps=16578 t=0.18s
Ep  378: len= 53 黑胜 loss=24.7048 temp=0.25 total_env_steps=16631 t=0.20s
Ep  379: len= 56 白胜 loss=25.6370 temp=0.25 total_env_steps=16687 t=0.21s
Ep  380: len= 30 白胜 loss=24.7347 temp=0.25 total_env_steps=16717 t=0.11s
Ep  381: len= 47 黑胜 loss=24.9612 temp=0.25 total_env_steps=16764 t=0.17s
Ep  382: len= 61 黑胜 loss=24.9448 temp=0.25 total_env_steps=16825 t=0.23s
Ep  383: len= 47 黑胜 loss=24.6648 temp=0.25 total_env_steps=16872 t=0.18s
Ep  384: len= 59 黑胜 loss=24.3760 temp=0.25 total_env_steps=16931 t=0.22s
Ep  385: len= 37 黑胜 loss=24.3056 temp=0.25 total_env_steps=16968 t=0.15s
Ep  386: len= 39 黑胜 loss=25.2475 temp=0.25 total_env_steps=17007 t=0.15s
Ep  387: len= 41 黑胜 loss=24.8898 temp=0.25 total_env_steps=17048 t=0.16s
Ep  388: len= 43 黑胜 loss=25.3521 temp=0.25 total_env_steps=17091 t=0.18s
Ep  389: len= 42 白胜 loss=24.9544 temp=0.25 total_env_steps=17133 t=0.16s
Ep  390: len= 41 黑胜 loss=24.3881 temp=0.25 total_env_steps=17174 t=0.16s
Ep  391: len= 44 白胜 loss=24.2293 temp=0.25 total_env_steps=17218 t=0.18s
Ep  392: len= 38 白胜 loss=25.0246 temp=0.25 total_env_steps=17256 t=0.14s
Ep  393: len= 22 白胜 loss=24.3830 temp=0.25 total_env_steps=17278 t=0.10s
Ep  394: len= 39 黑胜 loss=25.5695 temp=0.25 total_env_steps=17317 t=0.14s
Ep  395: len= 52 白胜 loss=24.7380 temp=0.25 total_env_steps=17369 t=0.19s
Ep  396: len= 40 白胜 loss=24.7219 temp=0.25 total_env_steps=17409 t=0.14s
Ep  397: len= 16 白胜 loss=25.3230 temp=0.25 total_env_steps=17425 t=0.07s
Ep  398: len= 61 黑胜 loss=25.1007 temp=0.25 total_env_steps=17486 t=0.22s
Ep  399: len= 54 白胜 loss=24.5913 temp=0.25 total_env_steps=17540 t=0.19s
Ep  400: len= 53 黑胜 loss=24.8453 temp=0.25 total_env_steps=17593 t=0.19s
  eval vs Gomoku-random-v0: win_rate=0.95 mean_return=0.90（20 局，total_env_steps=17593）
[闸门] vs random（40 局）: win_rate=0.925
[闸门] vs 半程快照（40 局，黑白各半）: score=0.525
[梯队] vs naive0（20 局，观察性）: win_rate=0.05
[梯队] vs naive1（20 局，观察性）: win_rate=0.00
[梯队] vs naive2（20 局，观察性）: win_rate=0.00
[梯队] vs naive3（20 局，观察性）: win_rate=0.00
📈 Gomoku-selfplay-v0 win_rate=0.95（best 0.95）| 门槛 0.95 | 91.1s

--- arm=gumbel_standard seed=43 ---
[MyZero-board] 组件: Gumbel + completedQ
[MyZero-board Gomoku-selfplay-v0] obs=243(3×9²) |A|=81 sims=100 γ=1.0 negamax
Ep    1: len= 60 白胜 loss=0.0000 temp=1.00 total_env_steps=60 t=0.19s
Ep    2: len= 47 黑胜 loss=0.0000 temp=1.00 total_env_steps=107 t=0.16s
Ep    3: len= 53 黑胜 loss=0.0000 temp=1.00 total_env_steps=160 t=0.16s
Ep    4: len= 59 黑胜 loss=0.0000 temp=1.00 total_env_steps=219 t=0.19s
Ep    5: len= 56 白胜 loss=0.0000 temp=1.00 total_env_steps=275 t=0.18s
Ep    6: len= 68 白胜 loss=0.0000 temp=1.00 total_env_steps=343 t=0.21s
Ep    7: len= 64 白胜 loss=0.0000 temp=1.00 total_env_steps=407 t=0.19s
Ep    8: len= 61 黑胜 loss=0.0000 temp=1.00 total_env_steps=468 t=0.19s
Ep    9: len= 36 白胜 loss=0.0000 temp=1.00 total_env_steps=504 t=0.11s
Ep   10: len= 60 白胜 loss=35.1247 temp=1.00 total_env_steps=564 t=0.22s
Ep   11: len= 52 白胜 loss=28.5391 temp=1.00 total_env_steps=616 t=0.18s
Ep   12: len= 69 黑胜 loss=28.3205 temp=1.00 total_env_steps=685 t=0.23s
Ep   13: len= 64 白胜 loss=27.8016 temp=1.00 total_env_steps=749 t=0.23s
Ep   14: len= 56 白胜 loss=27.7962 temp=1.00 total_env_steps=805 t=0.19s
Ep   15: len= 51 黑胜 loss=28.0231 temp=1.00 total_env_steps=856 t=0.18s
Ep   16: len= 59 黑胜 loss=27.4494 temp=1.00 total_env_steps=915 t=0.20s
Ep   17: len= 39 黑胜 loss=27.9283 temp=1.00 total_env_steps=954 t=0.14s
Ep   18: len= 66 白胜 loss=27.2169 temp=1.00 total_env_steps=1020 t=0.22s
Ep   19: len= 66 白胜 loss=27.7328 temp=1.00 total_env_steps=1086 t=0.22s
Ep   20: len= 45 黑胜 loss=27.9795 temp=1.00 total_env_steps=1131 t=0.15s
Ep   21: len= 35 黑胜 loss=27.8700 temp=1.00 total_env_steps=1166 t=0.12s
Ep   22: len= 53 黑胜 loss=27.8861 temp=1.00 total_env_steps=1219 t=0.19s
Ep   23: len= 65 黑胜 loss=27.5864 temp=1.00 total_env_steps=1284 t=0.22s
Ep   24: len= 45 黑胜 loss=27.9399 temp=1.00 total_env_steps=1329 t=0.14s
Ep   25: len= 52 白胜 loss=27.9488 temp=1.00 total_env_steps=1381 t=0.17s
Ep   26: len= 52 白胜 loss=27.8974 temp=1.00 total_env_steps=1433 t=0.18s
Ep   27: len= 36 白胜 loss=27.6977 temp=1.00 total_env_steps=1469 t=0.14s
Ep   28: len= 57 黑胜 loss=27.7653 temp=1.00 total_env_steps=1526 t=0.20s
Ep   29: len= 55 黑胜 loss=27.5250 temp=1.00 total_env_steps=1581 t=0.17s
Ep   30: len= 57 黑胜 loss=27.6430 temp=1.00 total_env_steps=1638 t=0.19s
Ep   31: len= 38 白胜 loss=27.6511 temp=1.00 total_env_steps=1676 t=0.14s
Ep   32: len= 47 黑胜 loss=27.7568 temp=1.00 total_env_steps=1723 t=0.15s
Ep   33: len= 53 黑胜 loss=28.2197 temp=1.00 total_env_steps=1776 t=0.17s
Ep   34: len= 49 黑胜 loss=28.3019 temp=1.00 total_env_steps=1825 t=0.16s
Ep   35: len= 55 黑胜 loss=28.1347 temp=1.00 total_env_steps=1880 t=0.19s
Ep   36: len= 38 白胜 loss=27.9389 temp=1.00 total_env_steps=1918 t=0.14s
Ep   37: len= 59 黑胜 loss=27.9965 temp=1.00 total_env_steps=1977 t=0.19s
Ep   38: len= 56 白胜 loss=27.7803 temp=1.00 total_env_steps=2033 t=0.17s
Ep   39: len= 35 黑胜 loss=27.9105 temp=1.00 total_env_steps=2068 t=0.13s
Ep   40: len= 53 黑胜 loss=27.9405 temp=1.00 total_env_steps=2121 t=0.18s
Ep   41: len= 75 黑胜 loss=27.8640 temp=1.00 total_env_steps=2196 t=0.27s
Ep   42: len= 73 黑胜 loss=27.7024 temp=1.00 total_env_steps=2269 t=0.25s
Ep   43: len= 45 黑胜 loss=27.5348 temp=1.00 total_env_steps=2314 t=0.16s
Ep   44: len= 61 黑胜 loss=28.0026 temp=1.00 total_env_steps=2375 t=0.20s
Ep   45: len= 65 黑胜 loss=28.0304 temp=1.00 total_env_steps=2440 t=0.22s
Ep   46: len= 38 白胜 loss=27.9608 temp=1.00 total_env_steps=2478 t=0.14s
Ep   47: len= 64 白胜 loss=27.5514 temp=1.00 total_env_steps=2542 t=0.21s
Ep   48: len= 48 白胜 loss=27.7809 temp=1.00 total_env_steps=2590 t=0.15s
Ep   49: len= 55 黑胜 loss=27.7208 temp=1.00 total_env_steps=2645 t=0.18s
Ep   50: len= 66 白胜 loss=27.5995 temp=1.00 total_env_steps=2711 t=0.22s
  eval vs Gomoku-random-v0: win_rate=0.55 mean_return=0.10（20 局，total_env_steps=2711）
Ep   51: len= 78 白胜 loss=27.4953 temp=1.00 total_env_steps=2789 t=0.26s
Ep   52: len= 50 白胜 loss=27.5694 temp=1.00 total_env_steps=2839 t=0.18s
Ep   53: len= 61 黑胜 loss=27.5429 temp=1.00 total_env_steps=2900 t=0.19s
Ep   54: len= 58 白胜 loss=27.4226 temp=1.00 total_env_steps=2958 t=0.18s
Ep   55: len= 43 黑胜 loss=27.4419 temp=1.00 total_env_steps=3001 t=0.14s
Ep   56: len= 48 白胜 loss=27.7129 temp=1.00 total_env_steps=3049 t=0.16s
Ep   57: len= 58 白胜 loss=27.5868 temp=1.00 total_env_steps=3107 t=0.20s
Ep   58: len= 35 黑胜 loss=27.4690 temp=1.00 total_env_steps=3142 t=0.12s
Ep   59: len= 35 黑胜 loss=27.4851 temp=1.00 total_env_steps=3177 t=0.14s
Ep   60: len= 79 黑胜 loss=27.1565 temp=1.00 total_env_steps=3256 t=0.27s
Ep   61: len= 49 黑胜 loss=27.4682 temp=1.00 total_env_steps=3305 t=0.16s
Ep   62: len= 55 黑胜 loss=27.8185 temp=1.00 total_env_steps=3360 t=0.18s
Ep   63: len= 57 黑胜 loss=27.5176 temp=1.00 total_env_steps=3417 t=0.19s
Ep   64: len= 62 白胜 loss=27.4897 temp=1.00 total_env_steps=3479 t=0.21s
Ep   65: len= 47 黑胜 loss=27.5272 temp=1.00 total_env_steps=3526 t=0.16s
Ep   66: len= 52 白胜 loss=27.6136 temp=1.00 total_env_steps=3578 t=0.18s
Ep   67: len= 49 黑胜 loss=27.7094 temp=1.00 total_env_steps=3627 t=0.17s
Ep   68: len= 46 白胜 loss=27.5096 temp=1.00 total_env_steps=3673 t=0.16s
Ep   69: len= 51 黑胜 loss=27.4904 temp=1.00 total_env_steps=3724 t=0.18s
Ep   70: len= 53 黑胜 loss=27.3303 temp=1.00 total_env_steps=3777 t=0.18s
Ep   71: len= 49 黑胜 loss=27.5287 temp=1.00 total_env_steps=3826 t=0.16s
Ep   72: len= 49 黑胜 loss=27.4521 temp=1.00 total_env_steps=3875 t=0.16s
Ep   73: len= 30 白胜 loss=27.5332 temp=1.00 total_env_steps=3905 t=0.11s
Ep   74: len= 72 白胜 loss=27.5380 temp=1.00 total_env_steps=3977 t=0.24s
Ep   75: len= 54 白胜 loss=27.9019 temp=1.00 total_env_steps=4031 t=0.19s
Ep   76: len= 51 黑胜 loss=27.4175 temp=1.00 total_env_steps=4082 t=0.18s
Ep   77: len= 51 黑胜 loss=27.3917 temp=1.00 total_env_steps=4133 t=0.16s
Ep   78: len= 42 白胜 loss=27.6848 temp=1.00 total_env_steps=4175 t=0.16s
Ep   79: len= 43 黑胜 loss=27.8249 temp=1.00 total_env_steps=4218 t=0.15s
Ep   80: len= 54 白胜 loss=27.8501 temp=1.00 total_env_steps=4272 t=0.18s
Ep   81: len= 47 黑胜 loss=27.4166 temp=1.00 total_env_steps=4319 t=0.16s
Ep   82: len= 46 白胜 loss=27.0397 temp=1.00 total_env_steps=4365 t=0.17s
Ep   83: len= 69 黑胜 loss=27.6141 temp=1.00 total_env_steps=4434 t=0.23s
Ep   84: len= 47 黑胜 loss=27.6659 temp=1.00 total_env_steps=4481 t=0.16s
Ep   85: len= 56 白胜 loss=27.3236 temp=1.00 total_env_steps=4537 t=0.19s
Ep   86: len= 53 黑胜 loss=27.8991 temp=1.00 total_env_steps=4590 t=0.18s
Ep   87: len= 38 白胜 loss=27.5792 temp=1.00 total_env_steps=4628 t=0.13s
Ep   88: len= 45 黑胜 loss=27.4290 temp=1.00 total_env_steps=4673 t=0.15s
Ep   89: len= 77 黑胜 loss=27.6490 temp=1.00 total_env_steps=4750 t=0.25s
Ep   90: len= 58 白胜 loss=27.3841 temp=1.00 total_env_steps=4808 t=0.19s
Ep   91: len= 46 白胜 loss=27.2644 temp=1.00 total_env_steps=4854 t=0.15s
Ep   92: len= 49 黑胜 loss=27.6156 temp=1.00 total_env_steps=4903 t=0.18s
Ep   93: len= 46 白胜 loss=27.6607 temp=1.00 total_env_steps=4949 t=0.15s
Ep   94: len= 50 白胜 loss=27.7629 temp=1.00 total_env_steps=4999 t=0.15s
Ep   95: len= 70 白胜 loss=27.5448 temp=1.00 total_env_steps=5069 t=0.22s
Ep   96: len= 56 白胜 loss=27.5744 temp=1.00 total_env_steps=5125 t=0.18s
Ep   97: len= 62 白胜 loss=27.7226 temp=1.00 total_env_steps=5187 t=0.20s
Ep   98: len= 52 白胜 loss=27.5440 temp=1.00 total_env_steps=5239 t=0.17s
Ep   99: len= 46 白胜 loss=27.5776 temp=1.00 total_env_steps=5285 t=0.16s
Ep  100: len= 46 白胜 loss=27.2826 temp=1.00 total_env_steps=5331 t=0.17s
  eval vs Gomoku-random-v0: win_rate=0.75 mean_return=0.50（20 局，total_env_steps=5331）
Ep  101: len= 69 黑胜 loss=27.4181 temp=1.00 total_env_steps=5400 t=0.25s
Ep  102: len= 64 白胜 loss=27.4742 temp=0.99 total_env_steps=5464 t=0.21s
Ep  103: len= 39 黑胜 loss=27.4410 temp=0.99 total_env_steps=5503 t=0.15s
Ep  104: len= 71 黑胜 loss=27.2434 temp=0.98 total_env_steps=5574 t=0.22s
Ep  105: len= 36 白胜 loss=27.0314 temp=0.97 total_env_steps=5610 t=0.13s
Ep  106: len= 53 黑胜 loss=27.3386 temp=0.96 total_env_steps=5663 t=0.18s
Ep  107: len= 63 黑胜 loss=27.2874 temp=0.95 total_env_steps=5726 t=0.21s
Ep  108: len= 54 白胜 loss=27.2885 temp=0.95 total_env_steps=5780 t=0.19s
Ep  109: len= 55 黑胜 loss=27.5276 temp=0.94 total_env_steps=5835 t=0.19s
Ep  110: len= 26 白胜 loss=27.5011 temp=0.93 total_env_steps=5861 t=0.10s
Ep  111: len= 52 白胜 loss=27.1707 temp=0.93 total_env_steps=5913 t=0.18s
Ep  112: len= 31 黑胜 loss=27.3924 temp=0.92 total_env_steps=5944 t=0.11s
Ep  113: len= 61 黑胜 loss=27.4117 temp=0.91 total_env_steps=6005 t=0.20s
Ep  114: len= 70 白胜 loss=27.4015 temp=0.90 total_env_steps=6075 t=0.23s
Ep  115: len= 46 白胜 loss=27.0318 temp=0.89 total_env_steps=6121 t=0.16s
Ep  116: len= 34 白胜 loss=27.3575 temp=0.89 total_env_steps=6155 t=0.11s
Ep  117: len= 49 黑胜 loss=27.3967 temp=0.88 total_env_steps=6204 t=0.15s
Ep  118: len= 42 白胜 loss=27.6954 temp=0.87 total_env_steps=6246 t=0.14s
Ep  119: len= 19 黑胜 loss=27.3534 temp=0.87 total_env_steps=6265 t=0.08s
Ep  120: len= 56 白胜 loss=27.7689 temp=0.86 total_env_steps=6321 t=0.18s
Ep  121: len= 34 白胜 loss=27.6767 temp=0.85 total_env_steps=6355 t=0.12s
Ep  122: len= 39 黑胜 loss=27.7496 temp=0.84 total_env_steps=6394 t=0.14s
Ep  123: len= 30 白胜 loss=27.1946 temp=0.84 total_env_steps=6424 t=0.10s
Ep  124: len= 55 黑胜 loss=27.0576 temp=0.83 total_env_steps=6479 t=0.17s
Ep  125: len= 41 黑胜 loss=27.7410 temp=0.82 total_env_steps=6520 t=0.15s
Ep  126: len= 59 黑胜 loss=27.0171 temp=0.81 total_env_steps=6579 t=0.20s
Ep  127: len= 41 黑胜 loss=26.9416 temp=0.81 total_env_steps=6620 t=0.14s
Ep  128: len= 31 黑胜 loss=27.6225 temp=0.80 total_env_steps=6651 t=0.11s
Ep  129: len= 41 黑胜 loss=27.3718 temp=0.79 total_env_steps=6692 t=0.13s
Ep  130: len= 38 白胜 loss=27.1836 temp=0.78 total_env_steps=6730 t=0.13s
Ep  131: len= 45 黑胜 loss=27.1708 temp=0.77 total_env_steps=6775 t=0.15s
Ep  132: len= 56 白胜 loss=27.2359 temp=0.77 total_env_steps=6831 t=0.18s
Ep  133: len= 49 黑胜 loss=27.5188 temp=0.76 total_env_steps=6880 t=0.17s
Ep  134: len= 45 黑胜 loss=27.5167 temp=0.75 total_env_steps=6925 t=0.16s
Ep  135: len= 49 黑胜 loss=27.0243 temp=0.75 total_env_steps=6974 t=0.16s
Ep  136: len= 47 黑胜 loss=27.4504 temp=0.74 total_env_steps=7021 t=0.16s
Ep  137: len= 45 黑胜 loss=27.6320 temp=0.73 total_env_steps=7066 t=0.15s
Ep  138: len= 36 白胜 loss=27.3252 temp=0.72 total_env_steps=7102 t=0.12s
Ep  139: len= 46 白胜 loss=27.3317 temp=0.72 total_env_steps=7148 t=0.15s
Ep  140: len= 25 黑胜 loss=27.2580 temp=0.71 total_env_steps=7173 t=0.08s
Ep  141: len= 34 白胜 loss=27.1855 temp=0.70 total_env_steps=7207 t=0.12s
Ep  142: len= 66 白胜 loss=27.0248 temp=0.69 total_env_steps=7273 t=0.22s
Ep  143: len= 65 黑胜 loss=27.4082 temp=0.69 total_env_steps=7338 t=0.22s
Ep  144: len= 44 白胜 loss=27.1298 temp=0.68 total_env_steps=7382 t=0.15s
Ep  145: len= 60 白胜 loss=27.5119 temp=0.67 total_env_steps=7442 t=0.21s
Ep  146: len= 40 白胜 loss=27.0963 temp=0.66 total_env_steps=7482 t=0.13s
Ep  147: len= 43 黑胜 loss=27.3291 temp=0.65 total_env_steps=7525 t=0.15s
Ep  148: len= 73 黑胜 loss=27.0741 temp=0.65 total_env_steps=7598 t=0.23s
Ep  149: len= 42 白胜 loss=27.1770 temp=0.64 total_env_steps=7640 t=0.15s
Ep  150: len= 58 白胜 loss=27.1147 temp=0.63 total_env_steps=7698 t=0.20s
  eval vs Gomoku-random-v0: win_rate=0.95 mean_return=0.90（20 局，total_env_steps=7698）
  ✅ 达标 ep=150 total_env_steps=7698
Ep  151: len= 49 黑胜 loss=27.2142 temp=0.62 total_env_steps=7747 t=0.17s
Ep  152: len= 58 白胜 loss=26.9832 temp=0.62 total_env_steps=7805 t=0.20s
Ep  153: len= 49 黑胜 loss=26.8148 temp=0.61 total_env_steps=7854 t=0.17s
Ep  154: len= 22 白胜 loss=26.7484 temp=0.60 total_env_steps=7876 t=0.08s
Ep  155: len= 57 黑胜 loss=27.4078 temp=0.59 total_env_steps=7933 t=0.19s
Ep  156: len= 56 白胜 loss=26.8445 temp=0.59 total_env_steps=7989 t=0.19s
Ep  157: len= 26 白胜 loss=27.2911 temp=0.58 total_env_steps=8015 t=0.10s
Ep  158: len= 37 黑胜 loss=27.2469 temp=0.57 total_env_steps=8052 t=0.13s
Ep  159: len= 20 白胜 loss=27.0011 temp=0.56 total_env_steps=8072 t=0.07s
Ep  160: len= 64 白胜 loss=27.0498 temp=0.56 total_env_steps=8136 t=0.22s
Ep  161: len= 56 白胜 loss=27.4834 temp=0.55 total_env_steps=8192 t=0.18s
Ep  162: len= 61 黑胜 loss=26.9350 temp=0.54 total_env_steps=8253 t=0.20s
Ep  163: len= 22 白胜 loss=27.7074 temp=0.53 total_env_steps=8275 t=0.08s
Ep  164: len= 34 白胜 loss=26.9155 temp=0.53 total_env_steps=8309 t=0.11s
Ep  165: len= 55 黑胜 loss=27.3843 temp=0.52 total_env_steps=8364 t=0.18s
Ep  166: len= 45 黑胜 loss=26.9816 temp=0.51 total_env_steps=8409 t=0.16s
Ep  167: len= 69 黑胜 loss=26.7741 temp=0.50 total_env_steps=8478 t=0.23s
Ep  168: len= 45 黑胜 loss=26.9977 temp=0.50 total_env_steps=8523 t=0.15s
Ep  169: len= 40 白胜 loss=27.5060 temp=0.49 total_env_steps=8563 t=0.14s
Ep  170: len= 53 黑胜 loss=27.1577 temp=0.48 total_env_steps=8616 t=0.18s
Ep  171: len= 38 白胜 loss=26.9340 temp=0.48 total_env_steps=8654 t=0.12s
Ep  172: len= 66 白胜 loss=26.9678 temp=0.47 total_env_steps=8720 t=0.22s
Ep  173: len= 55 黑胜 loss=27.2339 temp=0.46 total_env_steps=8775 t=0.19s
Ep  174: len= 65 黑胜 loss=27.3035 temp=0.45 total_env_steps=8840 t=0.23s
Ep  175: len= 54 白胜 loss=27.2567 temp=0.44 total_env_steps=8894 t=0.18s
Ep  176: len= 41 黑胜 loss=26.6134 temp=0.44 total_env_steps=8935 t=0.14s
Ep  177: len= 36 白胜 loss=26.9452 temp=0.43 total_env_steps=8971 t=0.13s
Ep  178: len= 42 白胜 loss=27.1704 temp=0.42 total_env_steps=9013 t=0.13s
Ep  179: len= 30 白胜 loss=27.3361 temp=0.42 total_env_steps=9043 t=0.10s
Ep  180: len= 62 白胜 loss=26.5514 temp=0.41 total_env_steps=9105 t=0.19s
Ep  181: len= 38 白胜 loss=26.9414 temp=0.40 total_env_steps=9143 t=0.13s
Ep  182: len= 41 黑胜 loss=27.8721 temp=0.39 total_env_steps=9184 t=0.14s
Ep  183: len= 53 黑胜 loss=27.1409 temp=0.38 total_env_steps=9237 t=0.17s
Ep  184: len= 46 白胜 loss=26.9600 temp=0.38 total_env_steps=9283 t=0.16s
Ep  185: len= 30 白胜 loss=27.5269 temp=0.37 total_env_steps=9313 t=0.11s
Ep  186: len= 32 白胜 loss=27.2634 temp=0.36 total_env_steps=9345 t=0.11s
Ep  187: len= 57 黑胜 loss=26.8641 temp=0.36 total_env_steps=9402 t=0.19s
Ep  188: len= 52 白胜 loss=27.2088 temp=0.35 total_env_steps=9454 t=0.18s
Ep  189: len= 51 黑胜 loss=27.4236 temp=0.34 total_env_steps=9505 t=0.18s
Ep  190: len= 55 黑胜 loss=27.1419 temp=0.33 total_env_steps=9560 t=0.20s
Ep  191: len= 38 白胜 loss=26.8979 temp=0.33 total_env_steps=9598 t=0.13s
Ep  192: len= 28 白胜 loss=27.0368 temp=0.32 total_env_steps=9626 t=0.11s
Ep  193: len= 32 白胜 loss=26.5282 temp=0.31 total_env_steps=9658 t=0.11s
Ep  194: len= 41 黑胜 loss=27.1198 temp=0.30 total_env_steps=9699 t=0.15s
Ep  195: len= 39 黑胜 loss=26.5149 temp=0.30 total_env_steps=9738 t=0.14s
Ep  196: len= 31 黑胜 loss=27.2249 temp=0.29 total_env_steps=9769 t=0.11s
Ep  197: len= 42 白胜 loss=26.5483 temp=0.28 total_env_steps=9811 t=0.16s
Ep  198: len= 67 黑胜 loss=26.9525 temp=0.27 total_env_steps=9878 t=0.24s
Ep  199: len= 33 黑胜 loss=27.4807 temp=0.26 total_env_steps=9911 t=0.12s
Ep  200: len= 65 黑胜 loss=26.6444 temp=0.26 total_env_steps=9976 t=0.21s
  eval vs Gomoku-random-v0: win_rate=0.90 mean_return=0.80（20 局，total_env_steps=9976）
  📸 已拍权重快照（ep=200，gating 对弈基准）
Ep  201: len= 56 白胜 loss=26.6843 temp=0.25 total_env_steps=10032 t=0.23s
Ep  202: len= 67 黑胜 loss=27.0485 temp=0.25 total_env_steps=10099 t=0.23s
Ep  203: len= 29 黑胜 loss=26.9093 temp=0.25 total_env_steps=10128 t=0.11s
Ep  204: len= 41 黑胜 loss=26.7509 temp=0.25 total_env_steps=10169 t=0.16s
Ep  205: len= 41 黑胜 loss=26.8841 temp=0.25 total_env_steps=10210 t=0.18s
Ep  206: len= 51 黑胜 loss=26.9603 temp=0.25 total_env_steps=10261 t=0.20s
Ep  207: len= 53 黑胜 loss=26.9872 temp=0.25 total_env_steps=10314 t=0.23s
Ep  208: len= 48 白胜 loss=27.0230 temp=0.25 total_env_steps=10362 t=0.17s
Ep  209: len= 38 白胜 loss=26.6593 temp=0.25 total_env_steps=10400 t=0.16s
Ep  210: len= 20 白胜 loss=26.8433 temp=0.25 total_env_steps=10420 t=0.10s
Ep  211: len= 43 黑胜 loss=26.8166 temp=0.25 total_env_steps=10463 t=0.17s
Ep  212: len= 50 白胜 loss=26.6722 temp=0.25 total_env_steps=10513 t=0.19s
Ep  213: len= 56 白胜 loss=27.1157 temp=0.25 total_env_steps=10569 t=0.23s
Ep  214: len= 68 白胜 loss=27.2237 temp=0.25 total_env_steps=10637 t=0.27s
Ep  215: len= 39 黑胜 loss=26.8278 temp=0.25 total_env_steps=10676 t=0.16s
Ep  216: len= 46 白胜 loss=27.0355 temp=0.25 total_env_steps=10722 t=0.18s
Ep  217: len= 60 白胜 loss=26.6368 temp=0.25 total_env_steps=10782 t=0.22s
Ep  218: len= 37 黑胜 loss=26.7243 temp=0.25 total_env_steps=10819 t=0.16s
Ep  219: len= 71 黑胜 loss=27.0667 temp=0.25 total_env_steps=10890 t=0.26s
Ep  220: len= 62 白胜 loss=27.0068 temp=0.25 total_env_steps=10952 t=0.26s
Ep  221: len= 56 白胜 loss=26.7586 temp=0.25 total_env_steps=11008 t=0.24s
Ep  222: len= 47 黑胜 loss=26.7221 temp=0.25 total_env_steps=11055 t=0.20s
Ep  223: len= 59 黑胜 loss=26.6919 temp=0.25 total_env_steps=11114 t=0.22s
Ep  224: len= 43 黑胜 loss=26.7408 temp=0.25 total_env_steps=11157 t=0.18s
Ep  225: len= 53 黑胜 loss=26.3194 temp=0.25 total_env_steps=11210 t=0.22s
Ep  226: len= 49 黑胜 loss=27.1165 temp=0.25 total_env_steps=11259 t=0.19s
Ep  227: len= 43 黑胜 loss=26.7924 temp=0.25 total_env_steps=11302 t=0.18s
Ep  228: len= 41 黑胜 loss=26.6723 temp=0.25 total_env_steps=11343 t=0.16s
Ep  229: len= 50 白胜 loss=26.6175 temp=0.25 total_env_steps=11393 t=0.20s
Ep  230: len= 55 黑胜 loss=26.6939 temp=0.25 total_env_steps=11448 t=0.21s
Ep  231: len= 43 黑胜 loss=26.6135 temp=0.25 total_env_steps=11491 t=0.18s
Ep  232: len= 33 黑胜 loss=26.7562 temp=0.25 total_env_steps=11524 t=0.13s
Ep  233: len= 58 白胜 loss=26.6118 temp=0.25 total_env_steps=11582 t=0.25s
Ep  234: len= 44 白胜 loss=26.5654 temp=0.25 total_env_steps=11626 t=0.18s
Ep  235: len= 43 黑胜 loss=26.5990 temp=0.25 total_env_steps=11669 t=0.18s
Ep  236: len= 35 黑胜 loss=26.9560 temp=0.25 total_env_steps=11704 t=0.14s
Ep  237: len= 51 黑胜 loss=25.8319 temp=0.25 total_env_steps=11755 t=0.20s
Ep  238: len= 33 黑胜 loss=26.6665 temp=0.25 total_env_steps=11788 t=0.14s
Ep  239: len= 35 黑胜 loss=26.3239 temp=0.25 total_env_steps=11823 t=0.16s
Ep  240: len= 42 白胜 loss=26.9733 temp=0.25 total_env_steps=11865 t=0.17s
Ep  241: len= 33 黑胜 loss=26.2371 temp=0.25 total_env_steps=11898 t=0.13s
Ep  242: len= 38 白胜 loss=26.6573 temp=0.25 total_env_steps=11936 t=0.15s
Ep  243: len= 57 黑胜 loss=26.2689 temp=0.25 total_env_steps=11993 t=0.23s
Ep  244: len= 25 黑胜 loss=26.5929 temp=0.25 total_env_steps=12018 t=0.12s
Ep  245: len= 48 白胜 loss=26.3156 temp=0.25 total_env_steps=12066 t=0.18s
Ep  246: len= 53 黑胜 loss=26.7877 temp=0.25 total_env_steps=12119 t=0.22s
Ep  247: len= 39 黑胜 loss=26.1121 temp=0.25 total_env_steps=12158 t=0.16s
Ep  248: len= 18 白胜 loss=26.2511 temp=0.25 total_env_steps=12176 t=0.09s
Ep  249: len= 55 黑胜 loss=26.5942 temp=0.25 total_env_steps=12231 t=0.22s
Ep  250: len= 19 黑胜 loss=26.4539 temp=0.25 total_env_steps=12250 t=0.09s
  eval vs Gomoku-random-v0: win_rate=1.00 mean_return=1.00（20 局，total_env_steps=12250）
Ep  251: len= 31 黑胜 loss=26.4354 temp=0.25 total_env_steps=12281 t=0.14s
Ep  252: len= 42 白胜 loss=26.6231 temp=0.25 total_env_steps=12323 t=0.19s
Ep  253: len= 51 黑胜 loss=26.6429 temp=0.25 total_env_steps=12374 t=0.24s
Ep  254: len= 38 白胜 loss=26.5007 temp=0.25 total_env_steps=12412 t=0.19s
Ep  255: len= 66 白胜 loss=26.4299 temp=0.25 total_env_steps=12478 t=0.28s
Ep  256: len= 55 黑胜 loss=26.2257 temp=0.25 total_env_steps=12533 t=0.21s
Ep  257: len= 20 白胜 loss=26.3861 temp=0.25 total_env_steps=12553 t=0.09s
Ep  258: len= 41 黑胜 loss=26.4868 temp=0.25 total_env_steps=12594 t=0.17s
Ep  259: len= 66 白胜 loss=26.2045 temp=0.25 total_env_steps=12660 t=0.23s
Ep  260: len= 30 白胜 loss=25.9926 temp=0.25 total_env_steps=12690 t=0.13s
Ep  261: len= 41 黑胜 loss=26.1268 temp=0.25 total_env_steps=12731 t=0.16s
Ep  262: len= 58 白胜 loss=27.1427 temp=0.25 total_env_steps=12789 t=0.23s
Ep  263: len= 40 白胜 loss=26.5563 temp=0.25 total_env_steps=12829 t=0.18s
Ep  264: len= 71 黑胜 loss=26.4660 temp=0.25 total_env_steps=12900 t=0.26s
Ep  265: len= 49 黑胜 loss=25.7434 temp=0.25 total_env_steps=12949 t=0.19s
Ep  266: len= 47 黑胜 loss=26.8235 temp=0.25 total_env_steps=12996 t=0.19s
Ep  267: len= 40 白胜 loss=25.9928 temp=0.25 total_env_steps=13036 t=0.16s
Ep  268: len= 52 白胜 loss=26.3379 temp=0.25 total_env_steps=13088 t=0.21s
Ep  269: len= 66 白胜 loss=26.1458 temp=0.25 total_env_steps=13154 t=0.26s
Ep  270: len= 26 白胜 loss=26.1279 temp=0.25 total_env_steps=13180 t=0.12s
Ep  271: len= 33 黑胜 loss=25.8845 temp=0.25 total_env_steps=13213 t=0.13s
Ep  272: len= 51 黑胜 loss=25.8317 temp=0.25 total_env_steps=13264 t=0.21s
Ep  273: len= 38 白胜 loss=26.2286 temp=0.25 total_env_steps=13302 t=0.16s
Ep  274: len= 37 黑胜 loss=26.1624 temp=0.25 total_env_steps=13339 t=0.16s
Ep  275: len= 58 白胜 loss=26.0528 temp=0.25 total_env_steps=13397 t=0.22s
Ep  276: len= 27 黑胜 loss=26.0091 temp=0.25 total_env_steps=13424 t=0.11s
Ep  277: len= 37 黑胜 loss=26.3099 temp=0.25 total_env_steps=13461 t=0.16s
Ep  278: len= 42 白胜 loss=25.8719 temp=0.25 total_env_steps=13503 t=0.16s
Ep  279: len= 40 白胜 loss=26.7329 temp=0.25 total_env_steps=13543 t=0.16s
Ep  280: len= 33 黑胜 loss=26.5114 temp=0.25 total_env_steps=13576 t=0.13s
Ep  281: len= 45 黑胜 loss=26.5429 temp=0.25 total_env_steps=13621 t=0.18s
Ep  282: len= 65 黑胜 loss=26.5124 temp=0.25 total_env_steps=13686 t=0.24s
Ep  283: len= 31 黑胜 loss=26.2851 temp=0.25 total_env_steps=13717 t=0.13s
Ep  284: len= 34 白胜 loss=26.0080 temp=0.25 total_env_steps=13751 t=0.13s
Ep  285: len= 41 黑胜 loss=26.2366 temp=0.25 total_env_steps=13792 t=0.16s
Ep  286: len= 52 白胜 loss=26.2108 temp=0.25 total_env_steps=13844 t=0.20s
Ep  287: len= 35 黑胜 loss=25.9394 temp=0.25 total_env_steps=13879 t=0.15s
Ep  288: len= 56 白胜 loss=26.2122 temp=0.25 total_env_steps=13935 t=0.23s
Ep  289: len= 43 黑胜 loss=26.1771 temp=0.25 total_env_steps=13978 t=0.19s
Ep  290: len= 42 白胜 loss=25.9179 temp=0.25 total_env_steps=14020 t=0.17s
Ep  291: len= 29 黑胜 loss=25.7387 temp=0.25 total_env_steps=14049 t=0.12s
Ep  292: len= 48 白胜 loss=26.4329 temp=0.25 total_env_steps=14097 t=0.18s
Ep  293: len= 35 黑胜 loss=25.9550 temp=0.25 total_env_steps=14132 t=0.14s
Ep  294: len= 30 白胜 loss=25.9594 temp=0.25 total_env_steps=14162 t=0.13s
Ep  295: len= 29 黑胜 loss=25.8528 temp=0.25 total_env_steps=14191 t=0.12s
Ep  296: len= 45 黑胜 loss=26.0416 temp=0.25 total_env_steps=14236 t=0.19s
Ep  297: len= 22 白胜 loss=26.3661 temp=0.25 total_env_steps=14258 t=0.11s
Ep  298: len= 48 白胜 loss=26.4535 temp=0.25 total_env_steps=14306 t=0.19s
Ep  299: len= 32 白胜 loss=26.2606 temp=0.25 total_env_steps=14338 t=0.14s
Ep  300: len= 77 黑胜 loss=25.5906 temp=0.25 total_env_steps=14415 t=0.31s
  eval vs Gomoku-random-v0: win_rate=1.00 mean_return=1.00（20 局，total_env_steps=14415）
Ep  301: len= 45 黑胜 loss=26.0816 temp=0.25 total_env_steps=14460 t=0.18s
Ep  302: len= 34 白胜 loss=25.6660 temp=0.25 total_env_steps=14494 t=0.16s
Ep  303: len= 42 白胜 loss=26.3750 temp=0.25 total_env_steps=14536 t=0.16s
Ep  304: len= 37 黑胜 loss=25.3539 temp=0.25 total_env_steps=14573 t=0.14s
Ep  305: len= 50 白胜 loss=25.8822 temp=0.25 total_env_steps=14623 t=0.19s
Ep  306: len= 45 黑胜 loss=25.8047 temp=0.25 total_env_steps=14668 t=0.17s
Ep  307: len= 41 黑胜 loss=25.8300 temp=0.25 total_env_steps=14709 t=0.18s
Ep  308: len= 47 黑胜 loss=25.9138 temp=0.25 total_env_steps=14756 t=0.19s
Ep  309: len= 40 白胜 loss=26.0412 temp=0.25 total_env_steps=14796 t=0.17s
Ep  310: len= 40 白胜 loss=26.4395 temp=0.25 total_env_steps=14836 t=0.16s
Ep  311: len= 38 白胜 loss=25.2669 temp=0.25 total_env_steps=14874 t=0.17s
Ep  312: len= 34 白胜 loss=25.3377 temp=0.25 total_env_steps=14908 t=0.14s
Ep  313: len= 39 黑胜 loss=25.3825 temp=0.25 total_env_steps=14947 t=0.17s
Ep  314: len= 41 黑胜 loss=25.5825 temp=0.25 total_env_steps=14988 t=0.18s
Ep  315: len= 31 黑胜 loss=26.4977 temp=0.25 total_env_steps=15019 t=0.12s
Ep  316: len= 37 黑胜 loss=26.1937 temp=0.25 total_env_steps=15056 t=0.15s
Ep  317: len= 52 白胜 loss=26.0256 temp=0.25 total_env_steps=15108 t=0.20s
Ep  318: len= 60 白胜 loss=25.5263 temp=0.25 total_env_steps=15168 t=0.22s
Ep  319: len= 59 黑胜 loss=26.0194 temp=0.25 total_env_steps=15227 t=0.22s
Ep  320: len= 42 白胜 loss=25.5656 temp=0.25 total_env_steps=15269 t=0.17s
Ep  321: len= 34 白胜 loss=25.6997 temp=0.25 total_env_steps=15303 t=0.15s
Ep  322: len= 42 白胜 loss=25.8273 temp=0.25 total_env_steps=15345 t=0.17s
Ep  323: len= 47 黑胜 loss=25.9760 temp=0.25 total_env_steps=15392 t=0.17s
Ep  324: len= 37 黑胜 loss=26.3996 temp=0.25 total_env_steps=15429 t=0.15s
Ep  325: len= 34 白胜 loss=25.8528 temp=0.25 total_env_steps=15463 t=0.17s
Ep  326: len= 36 白胜 loss=25.6498 temp=0.25 total_env_steps=15499 t=0.16s
Ep  327: len= 35 黑胜 loss=25.8554 temp=0.25 total_env_steps=15534 t=0.15s
Ep  328: len= 35 黑胜 loss=25.5641 temp=0.25 total_env_steps=15569 t=0.15s
Ep  329: len= 28 白胜 loss=25.8988 temp=0.25 total_env_steps=15597 t=0.13s
Ep  330: len= 50 白胜 loss=26.3566 temp=0.25 total_env_steps=15647 t=0.20s
Ep  331: len= 19 黑胜 loss=26.5606 temp=0.25 total_env_steps=15666 t=0.09s
Ep  332: len= 29 黑胜 loss=25.5189 temp=0.25 total_env_steps=15695 t=0.15s
Ep  333: len= 34 白胜 loss=25.4646 temp=0.25 total_env_steps=15729 t=0.15s
Ep  334: len= 65 黑胜 loss=25.6389 temp=0.25 total_env_steps=15794 t=0.23s
Ep  335: len= 40 白胜 loss=25.9405 temp=0.25 total_env_steps=15834 t=0.16s
Ep  336: len= 51 黑胜 loss=25.3796 temp=0.25 total_env_steps=15885 t=0.19s
Ep  337: len= 60 白胜 loss=26.0356 temp=0.25 total_env_steps=15945 t=0.25s
Ep  338: len= 44 白胜 loss=26.2149 temp=0.25 total_env_steps=15989 t=0.17s
Ep  339: len= 62 白胜 loss=25.7596 temp=0.25 total_env_steps=16051 t=0.24s
Ep  340: len= 48 白胜 loss=24.9813 temp=0.25 total_env_steps=16099 t=0.19s
Ep  341: len= 32 白胜 loss=26.1085 temp=0.25 total_env_steps=16131 t=0.14s
Ep  342: len= 38 白胜 loss=25.2529 temp=0.25 total_env_steps=16169 t=0.16s
Ep  343: len= 65 黑胜 loss=25.2641 temp=0.25 total_env_steps=16234 t=0.26s
Ep  344: len= 24 白胜 loss=26.3016 temp=0.25 total_env_steps=16258 t=0.10s
Ep  345: len= 46 白胜 loss=25.5787 temp=0.25 total_env_steps=16304 t=0.19s
Ep  346: len= 44 白胜 loss=25.3840 temp=0.25 total_env_steps=16348 t=0.19s
Ep  347: len= 52 白胜 loss=25.7632 temp=0.25 total_env_steps=16400 t=0.19s
Ep  348: len= 50 白胜 loss=25.8237 temp=0.25 total_env_steps=16450 t=0.21s
Ep  349: len= 39 黑胜 loss=25.5442 temp=0.25 total_env_steps=16489 t=0.15s
Ep  350: len= 39 黑胜 loss=25.9300 temp=0.25 total_env_steps=16528 t=0.16s
  eval vs Gomoku-random-v0: win_rate=0.80 mean_return=0.60（20 局，total_env_steps=16528）
Ep  351: len= 27 黑胜 loss=25.3347 temp=0.25 total_env_steps=16555 t=0.13s
Ep  352: len= 24 白胜 loss=25.7550 temp=0.25 total_env_steps=16579 t=0.15s
Ep  353: len= 45 黑胜 loss=26.0435 temp=0.25 total_env_steps=16624 t=0.21s
Ep  354: len= 50 白胜 loss=25.6444 temp=0.25 total_env_steps=16674 t=0.20s
Ep  355: len= 51 黑胜 loss=25.8722 temp=0.25 total_env_steps=16725 t=0.20s
Ep  356: len= 30 白胜 loss=25.7719 temp=0.25 total_env_steps=16755 t=0.12s
Ep  357: len= 41 黑胜 loss=25.6227 temp=0.25 total_env_steps=16796 t=0.16s
Ep  358: len= 48 白胜 loss=25.1817 temp=0.25 total_env_steps=16844 t=0.19s
Ep  359: len= 34 白胜 loss=25.3334 temp=0.25 total_env_steps=16878 t=0.13s
Ep  360: len= 49 黑胜 loss=25.8957 temp=0.25 total_env_steps=16927 t=0.20s
Ep  361: len= 49 黑胜 loss=25.3471 temp=0.25 total_env_steps=16976 t=0.19s
Ep  362: len= 42 白胜 loss=24.8655 temp=0.25 total_env_steps=17018 t=0.22s
Ep  363: len= 36 白胜 loss=25.3144 temp=0.25 total_env_steps=17054 t=0.15s
Ep  364: len= 21 黑胜 loss=25.6450 temp=0.25 total_env_steps=17075 t=0.10s
Ep  365: len= 29 黑胜 loss=25.5319 temp=0.25 total_env_steps=17104 t=0.13s
Ep  366: len= 19 黑胜 loss=25.9849 temp=0.25 total_env_steps=17123 t=0.09s
Ep  367: len= 51 黑胜 loss=25.5863 temp=0.25 total_env_steps=17174 t=0.22s
Ep  368: len= 25 黑胜 loss=25.3655 temp=0.25 total_env_steps=17199 t=0.11s
Ep  369: len= 33 黑胜 loss=25.1827 temp=0.25 total_env_steps=17232 t=0.15s
Ep  370: len= 34 白胜 loss=25.3999 temp=0.25 total_env_steps=17266 t=0.19s
Ep  371: len= 34 白胜 loss=25.2512 temp=0.25 total_env_steps=17300 t=0.20s
Ep  372: len= 19 黑胜 loss=25.4206 temp=0.25 total_env_steps=17319 t=0.10s
Ep  373: len= 27 黑胜 loss=25.2847 temp=0.25 total_env_steps=17346 t=0.12s
Ep  374: len= 41 黑胜 loss=25.2331 temp=0.25 total_env_steps=17387 t=0.16s
Ep  375: len= 43 黑胜 loss=25.2496 temp=0.25 total_env_steps=17430 t=0.16s
Ep  376: len= 35 黑胜 loss=25.0815 temp=0.25 total_env_steps=17465 t=0.16s
Ep  377: len= 29 黑胜 loss=25.3962 temp=0.25 total_env_steps=17494 t=0.11s
Ep  378: len= 35 黑胜 loss=24.7754 temp=0.25 total_env_steps=17529 t=0.14s
Ep  379: len= 48 白胜 loss=25.3641 temp=0.25 total_env_steps=17577 t=0.20s
Ep  380: len= 38 白胜 loss=25.7045 temp=0.25 total_env_steps=17615 t=0.16s
Ep  381: len= 46 白胜 loss=25.5864 temp=0.25 total_env_steps=17661 t=0.19s
Ep  382: len= 43 黑胜 loss=25.4820 temp=0.25 total_env_steps=17704 t=0.19s
Ep  383: len= 40 白胜 loss=25.6030 temp=0.25 total_env_steps=17744 t=0.18s
Ep  384: len= 45 黑胜 loss=24.9516 temp=0.25 total_env_steps=17789 t=0.21s
Ep  385: len= 29 黑胜 loss=25.2495 temp=0.25 total_env_steps=17818 t=0.14s
Ep  386: len= 47 黑胜 loss=24.9809 temp=0.25 total_env_steps=17865 t=0.17s
Ep  387: len= 18 白胜 loss=25.2980 temp=0.25 total_env_steps=17883 t=0.10s
Ep  388: len= 81 平局 loss=25.3475 temp=0.25 total_env_steps=17964 t=0.33s
Ep  389: len= 44 白胜 loss=25.7267 temp=0.25 total_env_steps=18008 t=0.17s
Ep  390: len= 44 白胜 loss=25.4072 temp=0.25 total_env_steps=18052 t=0.19s
Ep  391: len= 49 黑胜 loss=24.9621 temp=0.25 total_env_steps=18101 t=0.21s
Ep  392: len= 29 黑胜 loss=25.0360 temp=0.25 total_env_steps=18130 t=0.14s
Ep  393: len= 43 黑胜 loss=24.9655 temp=0.25 total_env_steps=18173 t=0.20s
Ep  394: len= 53 黑胜 loss=24.8307 temp=0.25 total_env_steps=18226 t=0.24s
Ep  395: len= 36 白胜 loss=25.0189 temp=0.25 total_env_steps=18262 t=0.16s
Ep  396: len= 37 黑胜 loss=25.4085 temp=0.25 total_env_steps=18299 t=0.16s
Ep  397: len= 32 白胜 loss=25.0186 temp=0.25 total_env_steps=18331 t=0.15s
Ep  398: len= 37 黑胜 loss=24.8994 temp=0.25 total_env_steps=18368 t=0.17s
Ep  399: len= 31 黑胜 loss=24.7490 temp=0.25 total_env_steps=18399 t=0.12s
Ep  400: len= 36 白胜 loss=25.4232 temp=0.25 total_env_steps=18435 t=0.15s
  eval vs Gomoku-random-v0: win_rate=1.00 mean_return=1.00（20 局，total_env_steps=18435）
[闸门] vs random（40 局）: win_rate=1.000
[闸门] vs 半程快照（40 局，黑白各半）: score=0.950
[梯队] vs naive0（20 局，观察性）: win_rate=0.05
[梯队] vs naive1（20 局，观察性）: win_rate=0.00
[梯队] vs naive2（20 局，观察性）: win_rate=0.00
[梯队] vs naive3（20 局，观察性）: win_rate=0.00
📈 Gomoku-selfplay-v0 win_rate=1.00（best 1.00）| 门槛 0.95 | 88.7s

--- arm=gumbel_standard seed=44 ---
[MyZero-board] 组件: Gumbel + completedQ
[MyZero-board Gomoku-selfplay-v0] obs=243(3×9²) |A|=81 sims=100 γ=1.0 negamax
Ep    1: len= 39 黑胜 loss=0.0000 temp=1.00 total_env_steps=39 t=0.16s
Ep    2: len= 41 黑胜 loss=0.0000 temp=1.00 total_env_steps=80 t=0.14s
Ep    3: len= 58 白胜 loss=0.0000 temp=1.00 total_env_steps=138 t=0.22s
Ep    4: len= 43 黑胜 loss=0.0000 temp=1.00 total_env_steps=181 t=0.17s
Ep    5: len= 67 黑胜 loss=0.0000 temp=1.00 total_env_steps=248 t=0.26s
Ep    6: len= 52 白胜 loss=0.0000 temp=1.00 total_env_steps=300 t=0.20s
Ep    7: len= 49 黑胜 loss=0.0000 temp=1.00 total_env_steps=349 t=0.18s
Ep    8: len= 81 平局 loss=0.0000 temp=1.00 total_env_steps=430 t=0.29s
Ep    9: len= 79 黑胜 loss=0.0000 temp=1.00 total_env_steps=509 t=0.26s
Ep   10: len= 64 白胜 loss=38.6678 temp=1.00 total_env_steps=573 t=0.31s
Ep   11: len= 46 白胜 loss=28.7758 temp=1.00 total_env_steps=619 t=0.22s
Ep   12: len= 39 黑胜 loss=27.9205 temp=1.00 total_env_steps=658 t=0.20s
Ep   13: len= 60 白胜 loss=27.8454 temp=1.00 total_env_steps=718 t=0.26s
Ep   14: len= 47 黑胜 loss=27.3957 temp=1.00 total_env_steps=765 t=0.19s
Ep   15: len= 45 黑胜 loss=28.5714 temp=1.00 total_env_steps=810 t=0.16s
Ep   16: len= 61 黑胜 loss=28.0486 temp=1.00 total_env_steps=871 t=0.24s
Ep   17: len= 39 黑胜 loss=28.1552 temp=1.00 total_env_steps=910 t=0.18s
Ep   18: len= 41 黑胜 loss=27.6455 temp=1.00 total_env_steps=951 t=0.17s
Ep   19: len= 36 白胜 loss=28.2074 temp=1.00 total_env_steps=987 t=0.16s
Ep   20: len= 42 白胜 loss=27.9312 temp=1.00 total_env_steps=1029 t=0.19s
Ep   21: len= 44 白胜 loss=28.0769 temp=1.00 total_env_steps=1073 t=0.18s
Ep   22: len= 48 白胜 loss=28.0259 temp=1.00 total_env_steps=1121 t=0.20s
Ep   23: len= 76 白胜 loss=27.6863 temp=1.00 total_env_steps=1197 t=0.30s
Ep   24: len= 63 黑胜 loss=27.7945 temp=1.00 total_env_steps=1260 t=0.24s
Ep   25: len= 40 白胜 loss=27.8114 temp=1.00 total_env_steps=1300 t=0.15s
Ep   26: len= 61 黑胜 loss=27.6789 temp=1.00 total_env_steps=1361 t=0.25s
Ep   27: len= 41 黑胜 loss=27.6406 temp=1.00 total_env_steps=1402 t=0.18s
Ep   28: len= 36 白胜 loss=27.8304 temp=1.00 total_env_steps=1438 t=0.13s
Ep   29: len= 39 黑胜 loss=27.9821 temp=1.00 total_env_steps=1477 t=0.20s
Ep   30: len= 32 白胜 loss=27.9805 temp=1.00 total_env_steps=1509 t=0.12s
Ep   31: len= 63 黑胜 loss=27.8861 temp=1.00 total_env_steps=1572 t=0.25s
Ep   32: len= 50 白胜 loss=27.9925 temp=1.00 total_env_steps=1622 t=0.19s
Ep   33: len= 58 白胜 loss=27.5061 temp=1.00 total_env_steps=1680 t=0.22s
Ep   34: len= 37 黑胜 loss=27.9024 temp=1.00 total_env_steps=1717 t=0.16s
Ep   35: len= 54 白胜 loss=27.9813 temp=1.00 total_env_steps=1771 t=0.20s
Ep   36: len= 36 白胜 loss=27.8710 temp=1.00 total_env_steps=1807 t=0.15s
Ep   37: len= 48 白胜 loss=27.7667 temp=1.00 total_env_steps=1855 t=0.19s
Ep   38: len= 65 黑胜 loss=27.7241 temp=1.00 total_env_steps=1920 t=0.27s
Ep   39: len= 62 白胜 loss=27.7403 temp=1.00 total_env_steps=1982 t=0.24s
Ep   40: len= 61 黑胜 loss=27.9815 temp=1.00 total_env_steps=2043 t=0.24s
Ep   41: len= 60 白胜 loss=27.9389 temp=1.00 total_env_steps=2103 t=0.23s
Ep   42: len= 37 黑胜 loss=27.6798 temp=1.00 total_env_steps=2140 t=0.16s
Ep   43: len= 47 黑胜 loss=27.8464 temp=1.00 total_env_steps=2187 t=0.20s
Ep   44: len= 38 白胜 loss=27.7522 temp=1.00 total_env_steps=2225 t=0.15s
Ep   45: len= 52 白胜 loss=27.4450 temp=1.00 total_env_steps=2277 t=0.22s
Ep   46: len= 39 黑胜 loss=27.5698 temp=1.00 total_env_steps=2316 t=0.15s
Ep   47: len= 45 黑胜 loss=27.6305 temp=1.00 total_env_steps=2361 t=0.18s
Ep   48: len= 39 黑胜 loss=27.6203 temp=1.00 total_env_steps=2400 t=0.16s
Ep   49: len= 35 黑胜 loss=27.9101 temp=1.00 total_env_steps=2435 t=0.16s
Ep   50: len= 42 白胜 loss=27.4882 temp=1.00 total_env_steps=2477 t=0.18s
  eval vs Gomoku-random-v0: win_rate=0.75 mean_return=0.50（20 局，total_env_steps=2477）
Ep   51: len= 37 黑胜 loss=27.8526 temp=1.00 total_env_steps=2514 t=0.16s
Ep   52: len= 30 白胜 loss=27.7337 temp=1.00 total_env_steps=2544 t=0.12s
Ep   53: len= 50 白胜 loss=27.3340 temp=1.00 total_env_steps=2594 t=0.20s
Ep   54: len= 47 黑胜 loss=27.5022 temp=1.00 total_env_steps=2641 t=0.19s
Ep   55: len= 44 白胜 loss=27.4041 temp=1.00 total_env_steps=2685 t=0.19s
Ep   56: len= 51 黑胜 loss=27.2004 temp=1.00 total_env_steps=2736 t=0.24s
Ep   57: len= 35 黑胜 loss=27.2523 temp=1.00 total_env_steps=2771 t=0.17s
Ep   58: len= 45 黑胜 loss=27.0583 temp=1.00 total_env_steps=2816 t=0.19s
Ep   59: len= 38 白胜 loss=27.3127 temp=1.00 total_env_steps=2854 t=0.15s
Ep   60: len= 56 白胜 loss=26.9026 temp=1.00 total_env_steps=2910 t=0.23s
Ep   61: len= 63 黑胜 loss=27.2598 temp=1.00 total_env_steps=2973 t=0.26s
Ep   62: len= 24 白胜 loss=27.3482 temp=1.00 total_env_steps=2997 t=0.11s
Ep   63: len= 35 黑胜 loss=27.3835 temp=1.00 total_env_steps=3032 t=0.14s
Ep   64: len= 57 黑胜 loss=27.1593 temp=1.00 total_env_steps=3089 t=0.23s
Ep   65: len= 15 黑胜 loss=27.1627 temp=1.00 total_env_steps=3104 t=0.08s
Ep   66: len= 66 白胜 loss=27.1440 temp=1.00 total_env_steps=3170 t=0.28s
Ep   67: len= 34 白胜 loss=27.3290 temp=1.00 total_env_steps=3204 t=0.14s
Ep   68: len= 51 黑胜 loss=27.2077 temp=1.00 total_env_steps=3255 t=0.22s
Ep   69: len= 62 白胜 loss=27.1816 temp=1.00 total_env_steps=3317 t=0.24s
Ep   70: len= 29 黑胜 loss=27.4930 temp=1.00 total_env_steps=3346 t=0.13s
Ep   71: len= 35 黑胜 loss=26.9530 temp=1.00 total_env_steps=3381 t=0.16s
Ep   72: len= 50 白胜 loss=27.0262 temp=1.00 total_env_steps=3431 t=0.20s
Ep   73: len= 39 黑胜 loss=26.9977 temp=1.00 total_env_steps=3470 t=0.19s
Ep   74: len= 54 白胜 loss=26.9174 temp=1.00 total_env_steps=3524 t=0.23s
Ep   75: len= 36 白胜 loss=26.9900 temp=1.00 total_env_steps=3560 t=0.16s
Ep   76: len= 29 黑胜 loss=26.8677 temp=1.00 total_env_steps=3589 t=0.14s
Ep   77: len= 51 黑胜 loss=26.8097 temp=1.00 total_env_steps=3640 t=0.21s
Ep   78: len= 50 白胜 loss=27.3515 temp=1.00 total_env_steps=3690 t=0.20s
Ep   79: len= 33 黑胜 loss=27.2313 temp=1.00 total_env_steps=3723 t=0.13s
Ep   80: len= 50 白胜 loss=26.7091 temp=1.00 total_env_steps=3773 t=0.20s
Ep   81: len= 70 白胜 loss=26.8440 temp=1.00 total_env_steps=3843 t=0.27s
Ep   82: len= 61 黑胜 loss=27.1063 temp=1.00 total_env_steps=3904 t=0.22s
Ep   83: len= 38 白胜 loss=26.9024 temp=1.00 total_env_steps=3942 t=0.17s
Ep   84: len= 35 黑胜 loss=27.0440 temp=1.00 total_env_steps=3977 t=0.18s
Ep   85: len= 36 白胜 loss=27.1191 temp=1.00 total_env_steps=4013 t=0.15s
Ep   86: len= 29 黑胜 loss=27.2368 temp=1.00 total_env_steps=4042 t=0.13s
Ep   87: len= 68 白胜 loss=27.3142 temp=1.00 total_env_steps=4110 t=0.28s
Ep   88: len= 37 黑胜 loss=27.3315 temp=1.00 total_env_steps=4147 t=0.15s
Ep   89: len= 48 白胜 loss=26.9051 temp=1.00 total_env_steps=4195 t=0.19s
Ep   90: len= 23 黑胜 loss=27.0956 temp=1.00 total_env_steps=4218 t=0.12s
Ep   91: len= 51 黑胜 loss=27.2956 temp=1.00 total_env_steps=4269 t=0.19s
Ep   92: len= 49 黑胜 loss=27.1248 temp=1.00 total_env_steps=4318 t=0.20s
Ep   93: len= 42 白胜 loss=27.0567 temp=1.00 total_env_steps=4360 t=0.16s
Ep   94: len= 40 白胜 loss=27.6725 temp=1.00 total_env_steps=4400 t=0.16s
Ep   95: len= 45 黑胜 loss=27.2634 temp=1.00 total_env_steps=4445 t=0.19s
Ep   96: len= 32 白胜 loss=26.8105 temp=1.00 total_env_steps=4477 t=0.15s
Ep   97: len= 36 白胜 loss=26.6793 temp=1.00 total_env_steps=4513 t=0.16s
Ep   98: len= 70 白胜 loss=26.9367 temp=1.00 total_env_steps=4583 t=0.24s
Ep   99: len= 52 白胜 loss=27.0405 temp=1.00 total_env_steps=4635 t=0.21s
Ep  100: len= 64 白胜 loss=26.7480 temp=1.00 total_env_steps=4699 t=0.28s
  eval vs Gomoku-random-v0: win_rate=1.00 mean_return=1.00（20 局，total_env_steps=4699）
  ✅ 达标 ep=100 total_env_steps=4699
Ep  101: len= 47 黑胜 loss=27.3064 temp=1.00 total_env_steps=4746 t=0.19s
Ep  102: len= 79 黑胜 loss=26.8004 temp=0.99 total_env_steps=4825 t=0.31s
Ep  103: len= 56 白胜 loss=26.9394 temp=0.99 total_env_steps=4881 t=0.24s
Ep  104: len= 51 黑胜 loss=26.9887 temp=0.98 total_env_steps=4932 t=0.20s
Ep  105: len= 64 白胜 loss=26.9898 temp=0.97 total_env_steps=4996 t=0.25s
Ep  106: len= 28 白胜 loss=26.8883 temp=0.96 total_env_steps=5024 t=0.12s
Ep  107: len= 39 黑胜 loss=26.9316 temp=0.95 total_env_steps=5063 t=0.17s
Ep  108: len= 45 黑胜 loss=26.9395 temp=0.95 total_env_steps=5108 t=0.17s
Ep  109: len= 51 黑胜 loss=26.6510 temp=0.94 total_env_steps=5159 t=0.22s
Ep  110: len= 47 黑胜 loss=27.0538 temp=0.93 total_env_steps=5206 t=0.17s
Ep  111: len= 78 白胜 loss=26.5861 temp=0.93 total_env_steps=5284 t=0.32s
Ep  112: len= 63 黑胜 loss=26.8789 temp=0.92 total_env_steps=5347 t=0.24s
Ep  113: len= 45 黑胜 loss=27.5528 temp=0.91 total_env_steps=5392 t=0.17s
Ep  114: len= 26 白胜 loss=26.3100 temp=0.90 total_env_steps=5418 t=0.09s
Ep  115: len= 33 黑胜 loss=26.7135 temp=0.89 total_env_steps=5451 t=0.13s
Ep  116: len= 40 白胜 loss=26.6955 temp=0.89 total_env_steps=5491 t=0.16s
Ep  117: len= 53 黑胜 loss=27.0502 temp=0.88 total_env_steps=5544 t=0.20s
Ep  118: len= 41 黑胜 loss=26.6482 temp=0.87 total_env_steps=5585 t=0.16s
Ep  119: len= 46 白胜 loss=26.6924 temp=0.87 total_env_steps=5631 t=0.18s
Ep  120: len= 54 白胜 loss=26.9561 temp=0.86 total_env_steps=5685 t=0.25s
Ep  121: len= 55 黑胜 loss=26.9084 temp=0.85 total_env_steps=5740 t=0.27s
Ep  122: len= 34 白胜 loss=26.5981 temp=0.84 total_env_steps=5774 t=0.14s
Ep  123: len= 37 黑胜 loss=26.2519 temp=0.84 total_env_steps=5811 t=0.15s
Ep  124: len= 38 白胜 loss=27.1292 temp=0.83 total_env_steps=5849 t=0.14s
Ep  125: len= 77 黑胜 loss=26.7759 temp=0.82 total_env_steps=5926 t=0.31s
Ep  126: len= 32 白胜 loss=26.5350 temp=0.81 total_env_steps=5958 t=0.12s
Ep  127: len= 49 黑胜 loss=26.6234 temp=0.81 total_env_steps=6007 t=0.18s
Ep  128: len= 37 黑胜 loss=26.7894 temp=0.80 total_env_steps=6044 t=0.15s
Ep  129: len= 48 白胜 loss=26.6572 temp=0.79 total_env_steps=6092 t=0.19s
Ep  130: len= 47 黑胜 loss=26.5493 temp=0.78 total_env_steps=6139 t=0.19s
Ep  131: len= 40 白胜 loss=26.7721 temp=0.77 total_env_steps=6179 t=0.15s
Ep  132: len= 19 黑胜 loss=26.9418 temp=0.77 total_env_steps=6198 t=0.08s
Ep  133: len= 61 黑胜 loss=26.3561 temp=0.76 total_env_steps=6259 t=0.25s
Ep  134: len= 63 黑胜 loss=27.0127 temp=0.75 total_env_steps=6322 t=0.25s
Ep  135: len= 41 黑胜 loss=26.5406 temp=0.75 total_env_steps=6363 t=0.18s
Ep  136: len= 46 白胜 loss=26.2329 temp=0.74 total_env_steps=6409 t=0.18s
Ep  137: len= 48 白胜 loss=26.8275 temp=0.73 total_env_steps=6457 t=0.21s
Ep  138: len= 32 白胜 loss=26.1590 temp=0.72 total_env_steps=6489 t=0.21s
Ep  139: len= 44 白胜 loss=26.8650 temp=0.72 total_env_steps=6533 t=0.25s
Ep  140: len= 50 白胜 loss=26.4786 temp=0.71 total_env_steps=6583 t=0.19s
Ep  141: len= 37 黑胜 loss=26.6519 temp=0.70 total_env_steps=6620 t=0.14s
Ep  142: len= 40 白胜 loss=26.7520 temp=0.69 total_env_steps=6660 t=0.16s
Ep  143: len= 28 白胜 loss=26.5302 temp=0.69 total_env_steps=6688 t=0.10s
Ep  144: len= 29 黑胜 loss=26.2700 temp=0.68 total_env_steps=6717 t=0.12s
Ep  145: len= 39 黑胜 loss=26.6887 temp=0.67 total_env_steps=6756 t=0.16s
Ep  146: len= 51 黑胜 loss=26.3724 temp=0.66 total_env_steps=6807 t=0.20s
Ep  147: len= 66 白胜 loss=26.5733 temp=0.65 total_env_steps=6873 t=0.25s
Ep  148: len= 26 白胜 loss=26.6249 temp=0.65 total_env_steps=6899 t=0.12s
Ep  149: len= 53 黑胜 loss=26.7026 temp=0.64 total_env_steps=6952 t=0.20s
Ep  150: len= 32 白胜 loss=26.6354 temp=0.63 total_env_steps=6984 t=0.14s
  eval vs Gomoku-random-v0: win_rate=0.90 mean_return=0.80（20 局，total_env_steps=6984）
Ep  151: len= 41 黑胜 loss=26.7290 temp=0.62 total_env_steps=7025 t=0.16s
Ep  152: len= 33 黑胜 loss=26.7505 temp=0.62 total_env_steps=7058 t=0.12s
Ep  153: len= 48 白胜 loss=26.3568 temp=0.61 total_env_steps=7106 t=0.15s
Ep  154: len= 33 黑胜 loss=26.6241 temp=0.60 total_env_steps=7139 t=0.12s
Ep  155: len= 35 黑胜 loss=26.0230 temp=0.59 total_env_steps=7174 t=0.12s
Ep  156: len= 60 白胜 loss=26.3576 temp=0.59 total_env_steps=7234 t=0.20s
Ep  157: len= 43 黑胜 loss=26.4937 temp=0.58 total_env_steps=7277 t=0.18s
Ep  158: len= 41 黑胜 loss=26.5430 temp=0.57 total_env_steps=7318 t=0.14s
Ep  159: len= 39 黑胜 loss=26.5899 temp=0.56 total_env_steps=7357 t=0.14s
Ep  160: len= 45 黑胜 loss=26.4311 temp=0.56 total_env_steps=7402 t=0.15s
Ep  161: len= 35 黑胜 loss=26.4653 temp=0.55 total_env_steps=7437 t=0.12s
Ep  162: len= 40 白胜 loss=27.0489 temp=0.54 total_env_steps=7477 t=0.13s
Ep  163: len= 57 黑胜 loss=26.4628 temp=0.53 total_env_steps=7534 t=0.18s
Ep  164: len= 37 黑胜 loss=26.4012 temp=0.53 total_env_steps=7571 t=0.14s
Ep  165: len= 49 黑胜 loss=26.3005 temp=0.52 total_env_steps=7620 t=0.16s
Ep  166: len= 45 黑胜 loss=26.9717 temp=0.51 total_env_steps=7665 t=0.15s
Ep  167: len= 54 白胜 loss=27.0109 temp=0.50 total_env_steps=7719 t=0.17s
Ep  168: len= 40 白胜 loss=26.7631 temp=0.50 total_env_steps=7759 t=0.14s
Ep  169: len= 43 黑胜 loss=26.6961 temp=0.49 total_env_steps=7802 t=0.14s
Ep  170: len= 55 黑胜 loss=26.3702 temp=0.48 total_env_steps=7857 t=0.18s
Ep  171: len= 38 白胜 loss=25.9267 temp=0.48 total_env_steps=7895 t=0.12s
Ep  172: len= 29 黑胜 loss=26.5616 temp=0.47 total_env_steps=7924 t=0.10s
Ep  173: len= 46 白胜 loss=26.8753 temp=0.46 total_env_steps=7970 t=0.15s
Ep  174: len= 33 黑胜 loss=26.5486 temp=0.45 total_env_steps=8003 t=0.11s
Ep  175: len= 46 白胜 loss=26.7816 temp=0.44 total_env_steps=8049 t=0.14s
Ep  176: len= 55 黑胜 loss=26.3835 temp=0.44 total_env_steps=8104 t=0.17s
Ep  177: len= 25 黑胜 loss=26.0904 temp=0.43 total_env_steps=8129 t=0.08s
Ep  178: len= 63 黑胜 loss=27.0013 temp=0.42 total_env_steps=8192 t=0.21s
Ep  179: len= 53 黑胜 loss=26.4439 temp=0.42 total_env_steps=8245 t=0.16s
Ep  180: len= 42 白胜 loss=26.7352 temp=0.41 total_env_steps=8287 t=0.13s
Ep  181: len= 43 黑胜 loss=26.1821 temp=0.40 total_env_steps=8330 t=0.14s
Ep  182: len= 39 黑胜 loss=26.5809 temp=0.39 total_env_steps=8369 t=0.13s
Ep  183: len= 35 黑胜 loss=26.3226 temp=0.38 total_env_steps=8404 t=0.11s
Ep  184: len= 19 黑胜 loss=26.4280 temp=0.38 total_env_steps=8423 t=0.07s
Ep  185: len= 41 黑胜 loss=25.6477 temp=0.37 total_env_steps=8464 t=0.14s
Ep  186: len= 60 白胜 loss=26.6954 temp=0.36 total_env_steps=8524 t=0.19s
Ep  187: len= 39 黑胜 loss=26.5273 temp=0.36 total_env_steps=8563 t=0.12s
Ep  188: len= 41 黑胜 loss=25.9029 temp=0.35 total_env_steps=8604 t=0.12s
Ep  189: len= 59 黑胜 loss=26.1036 temp=0.34 total_env_steps=8663 t=0.18s
Ep  190: len= 41 黑胜 loss=25.9416 temp=0.33 total_env_steps=8704 t=0.13s
Ep  191: len= 58 白胜 loss=25.7646 temp=0.33 total_env_steps=8762 t=0.18s
Ep  192: len= 38 白胜 loss=26.1436 temp=0.32 total_env_steps=8800 t=0.12s
Ep  193: len= 42 白胜 loss=26.4591 temp=0.31 total_env_steps=8842 t=0.13s
Ep  194: len= 53 黑胜 loss=26.5816 temp=0.30 total_env_steps=8895 t=0.18s
Ep  195: len= 16 白胜 loss=26.1758 temp=0.30 total_env_steps=8911 t=0.06s
Ep  196: len= 29 黑胜 loss=26.0603 temp=0.29 total_env_steps=8940 t=0.10s
Ep  197: len= 75 黑胜 loss=26.4880 temp=0.28 total_env_steps=9015 t=0.23s
Ep  198: len= 47 黑胜 loss=26.0596 temp=0.27 total_env_steps=9062 t=0.15s
Ep  199: len= 32 白胜 loss=26.1031 temp=0.26 total_env_steps=9094 t=0.11s
Ep  200: len= 57 黑胜 loss=26.5132 temp=0.26 total_env_steps=9151 t=0.18s
  eval vs Gomoku-random-v0: win_rate=0.90 mean_return=0.80（20 局，total_env_steps=9151）
  📸 已拍权重快照（ep=200，gating 对弈基准）
Ep  201: len= 54 白胜 loss=26.5631 temp=0.25 total_env_steps=9205 t=0.17s
Ep  202: len= 53 黑胜 loss=26.2105 temp=0.25 total_env_steps=9258 t=0.19s
Ep  203: len= 49 黑胜 loss=26.1102 temp=0.25 total_env_steps=9307 t=0.20s
Ep  204: len= 50 白胜 loss=26.4476 temp=0.25 total_env_steps=9357 t=0.17s
Ep  205: len= 58 白胜 loss=25.9232 temp=0.25 total_env_steps=9415 t=0.19s
Ep  206: len= 52 白胜 loss=26.5420 temp=0.25 total_env_steps=9467 t=0.17s
Ep  207: len= 59 黑胜 loss=26.5698 temp=0.25 total_env_steps=9526 t=0.19s
Ep  208: len= 40 白胜 loss=25.6878 temp=0.25 total_env_steps=9566 t=0.15s
Ep  209: len= 53 黑胜 loss=26.3463 temp=0.25 total_env_steps=9619 t=0.18s
Ep  210: len= 46 白胜 loss=25.8563 temp=0.25 total_env_steps=9665 t=0.16s
Ep  211: len= 29 黑胜 loss=26.6290 temp=0.25 total_env_steps=9694 t=0.12s
Ep  212: len= 38 白胜 loss=26.4400 temp=0.25 total_env_steps=9732 t=0.13s
Ep  213: len= 36 白胜 loss=25.9898 temp=0.25 total_env_steps=9768 t=0.14s
Ep  214: len= 29 黑胜 loss=25.9705 temp=0.25 total_env_steps=9797 t=0.11s
Ep  215: len= 38 白胜 loss=25.8954 temp=0.25 total_env_steps=9835 t=0.14s
Ep  216: len= 30 白胜 loss=26.2555 temp=0.25 total_env_steps=9865 t=0.12s
Ep  217: len= 53 黑胜 loss=26.6127 temp=0.25 total_env_steps=9918 t=0.19s
Ep  218: len= 58 白胜 loss=26.5005 temp=0.25 total_env_steps=9976 t=0.21s
Ep  219: len= 69 黑胜 loss=25.8017 temp=0.25 total_env_steps=10045 t=0.28s
Ep  220: len= 35 黑胜 loss=25.2995 temp=0.25 total_env_steps=10080 t=0.14s
Ep  221: len= 41 黑胜 loss=26.0443 temp=0.25 total_env_steps=10121 t=0.14s
Ep  222: len= 34 白胜 loss=25.8902 temp=0.25 total_env_steps=10155 t=0.13s
Ep  223: len= 56 白胜 loss=25.5911 temp=0.25 total_env_steps=10211 t=0.21s
Ep  224: len= 58 白胜 loss=25.7209 temp=0.25 total_env_steps=10269 t=0.21s
Ep  225: len= 47 黑胜 loss=26.0089 temp=0.25 total_env_steps=10316 t=0.16s
Ep  226: len= 54 白胜 loss=25.5023 temp=0.25 total_env_steps=10370 t=0.18s
Ep  227: len= 39 黑胜 loss=25.2335 temp=0.25 total_env_steps=10409 t=0.14s
Ep  228: len= 44 白胜 loss=26.4023 temp=0.25 total_env_steps=10453 t=0.16s
Ep  229: len= 80 白胜 loss=26.1398 temp=0.25 total_env_steps=10533 t=0.26s
Ep  230: len= 16 白胜 loss=26.4656 temp=0.25 total_env_steps=10549 t=0.07s
Ep  231: len= 52 白胜 loss=26.1776 temp=0.25 total_env_steps=10601 t=0.18s
Ep  232: len= 35 黑胜 loss=25.4069 temp=0.25 total_env_steps=10636 t=0.12s
Ep  233: len= 26 白胜 loss=26.2257 temp=0.25 total_env_steps=10662 t=0.10s
Ep  234: len= 39 黑胜 loss=26.3944 temp=0.25 total_env_steps=10701 t=0.14s
Ep  235: len= 49 黑胜 loss=25.9005 temp=0.25 total_env_steps=10750 t=0.18s
Ep  236: len= 33 黑胜 loss=25.9085 temp=0.25 total_env_steps=10783 t=0.12s
Ep  237: len= 41 黑胜 loss=25.0198 temp=0.25 total_env_steps=10824 t=0.14s
Ep  238: len= 42 白胜 loss=25.6674 temp=0.25 total_env_steps=10866 t=0.14s
Ep  239: len= 46 白胜 loss=25.3399 temp=0.25 total_env_steps=10912 t=0.15s
Ep  240: len= 46 白胜 loss=25.7259 temp=0.25 total_env_steps=10958 t=0.15s
Ep  241: len= 46 白胜 loss=26.0206 temp=0.25 total_env_steps=11004 t=0.15s
Ep  242: len= 48 白胜 loss=25.9606 temp=0.25 total_env_steps=11052 t=0.17s
Ep  243: len= 28 白胜 loss=25.7760 temp=0.25 total_env_steps=11080 t=0.11s
Ep  244: len= 23 黑胜 loss=25.1429 temp=0.25 total_env_steps=11103 t=0.09s
Ep  245: len= 42 白胜 loss=26.0182 temp=0.25 total_env_steps=11145 t=0.14s
Ep  246: len= 42 白胜 loss=25.7313 temp=0.25 total_env_steps=11187 t=0.14s
Ep  247: len= 56 白胜 loss=26.2471 temp=0.25 total_env_steps=11243 t=0.19s
Ep  248: len= 51 黑胜 loss=25.6580 temp=0.25 total_env_steps=11294 t=0.17s
Ep  249: len= 60 白胜 loss=25.9958 temp=0.25 total_env_steps=11354 t=0.21s
Ep  250: len= 31 黑胜 loss=25.5347 temp=0.25 total_env_steps=11385 t=0.12s
  eval vs Gomoku-random-v0: win_rate=1.00 mean_return=1.00（20 局，total_env_steps=11385）
Ep  251: len= 33 黑胜 loss=25.4128 temp=0.25 total_env_steps=11418 t=0.13s
Ep  252: len= 38 白胜 loss=25.6338 temp=0.25 total_env_steps=11456 t=0.15s
Ep  253: len= 33 黑胜 loss=25.2809 temp=0.25 total_env_steps=11489 t=0.12s
Ep  254: len= 40 白胜 loss=25.4050 temp=0.25 total_env_steps=11529 t=0.14s
Ep  255: len= 43 黑胜 loss=25.8670 temp=0.25 total_env_steps=11572 t=0.15s
Ep  256: len= 44 白胜 loss=25.2009 temp=0.25 total_env_steps=11616 t=0.15s
Ep  257: len= 32 白胜 loss=25.5804 temp=0.25 total_env_steps=11648 t=0.12s
Ep  258: len= 62 白胜 loss=25.4698 temp=0.25 total_env_steps=11710 t=0.21s
Ep  259: len= 25 黑胜 loss=25.4354 temp=0.25 total_env_steps=11735 t=0.09s
Ep  260: len= 43 黑胜 loss=25.9542 temp=0.25 total_env_steps=11778 t=0.15s
Ep  261: len= 26 白胜 loss=25.0490 temp=0.25 total_env_steps=11804 t=0.11s
Ep  262: len= 34 白胜 loss=25.1006 temp=0.25 total_env_steps=11838 t=0.12s
Ep  263: len= 35 黑胜 loss=25.3389 temp=0.25 total_env_steps=11873 t=0.12s
Ep  264: len= 47 黑胜 loss=25.4435 temp=0.25 total_env_steps=11920 t=0.16s
Ep  265: len= 43 黑胜 loss=25.4537 temp=0.25 total_env_steps=11963 t=0.16s
Ep  266: len= 16 白胜 loss=25.9322 temp=0.25 total_env_steps=11979 t=0.07s
Ep  267: len= 29 黑胜 loss=25.5265 temp=0.25 total_env_steps=12008 t=0.11s
Ep  268: len= 16 白胜 loss=25.7504 temp=0.25 total_env_steps=12024 t=0.11s
Ep  269: len= 37 黑胜 loss=25.9015 temp=0.25 total_env_steps=12061 t=0.25s
Ep  270: len= 35 黑胜 loss=25.9140 temp=0.25 total_env_steps=12096 t=0.22s
Ep  271: len= 25 黑胜 loss=25.8469 temp=0.25 total_env_steps=12121 t=0.16s
Ep  272: len= 55 黑胜 loss=25.4775 temp=0.25 total_env_steps=12176 t=0.33s
Ep  273: len= 60 白胜 loss=25.8903 temp=0.25 total_env_steps=12236 t=0.34s
Ep  274: len= 31 黑胜 loss=25.7005 temp=0.25 total_env_steps=12267 t=0.19s
Ep  275: len= 30 白胜 loss=24.9564 temp=0.25 total_env_steps=12297 t=0.13s
Ep  276: len= 31 黑胜 loss=25.0883 temp=0.25 total_env_steps=12328 t=0.22s
Ep  277: len= 49 黑胜 loss=25.6368 temp=0.25 total_env_steps=12377 t=0.34s
Ep  278: len= 29 黑胜 loss=25.1675 temp=0.25 total_env_steps=12406 t=0.19s
Ep  279: len= 39 黑胜 loss=26.3467 temp=0.25 total_env_steps=12445 t=0.17s
Ep  280: len= 55 黑胜 loss=25.8409 temp=0.25 total_env_steps=12500 t=0.22s
Ep  281: len= 81 平局 loss=25.9535 temp=0.25 total_env_steps=12581 t=0.31s
Ep  282: len= 22 白胜 loss=25.6132 temp=0.25 total_env_steps=12603 t=0.10s
Ep  283: len= 41 黑胜 loss=24.8577 temp=0.25 total_env_steps=12644 t=0.15s
Ep  284: len= 51 黑胜 loss=25.4555 temp=0.25 total_env_steps=12695 t=0.18s
Ep  285: len= 50 白胜 loss=25.0603 temp=0.25 total_env_steps=12745 t=0.17s
Ep  286: len= 44 白胜 loss=24.8662 temp=0.25 total_env_steps=12789 t=0.17s
Ep  287: len= 37 黑胜 loss=25.3745 temp=0.25 total_env_steps=12826 t=0.14s
Ep  288: len= 51 黑胜 loss=25.1720 temp=0.25 total_env_steps=12877 t=0.18s
Ep  289: len= 59 黑胜 loss=25.2278 temp=0.25 total_env_steps=12936 t=0.21s
Ep  290: len= 34 白胜 loss=24.7187 temp=0.25 total_env_steps=12970 t=0.13s
Ep  291: len= 28 白胜 loss=25.0205 temp=0.25 total_env_steps=12998 t=0.11s
Ep  292: len= 37 黑胜 loss=25.8019 temp=0.25 total_env_steps=13035 t=0.14s
Ep  293: len= 58 白胜 loss=24.9948 temp=0.25 total_env_steps=13093 t=0.21s
Ep  294: len= 39 黑胜 loss=25.2891 temp=0.25 total_env_steps=13132 t=0.14s
Ep  295: len= 36 白胜 loss=24.8431 temp=0.25 total_env_steps=13168 t=0.13s
Ep  296: len= 36 白胜 loss=25.7114 temp=0.25 total_env_steps=13204 t=0.14s
Ep  297: len= 37 黑胜 loss=24.8882 temp=0.25 total_env_steps=13241 t=0.14s
Ep  298: len= 44 白胜 loss=24.8963 temp=0.25 total_env_steps=13285 t=0.15s
Ep  299: len= 27 黑胜 loss=25.3042 temp=0.25 total_env_steps=13312 t=0.11s
Ep  300: len= 27 黑胜 loss=25.4873 temp=0.25 total_env_steps=13339 t=0.11s
  eval vs Gomoku-random-v0: win_rate=1.00 mean_return=1.00（20 局，total_env_steps=13339）
Ep  301: len= 31 黑胜 loss=24.7240 temp=0.25 total_env_steps=13370 t=0.12s
Ep  302: len= 53 黑胜 loss=25.3887 temp=0.25 total_env_steps=13423 t=0.21s
Ep  303: len= 38 白胜 loss=24.8753 temp=0.25 total_env_steps=13461 t=0.16s
Ep  304: len= 47 黑胜 loss=24.9422 temp=0.25 total_env_steps=13508 t=0.17s
Ep  305: len= 35 黑胜 loss=25.3810 temp=0.25 total_env_steps=13543 t=0.14s
Ep  306: len= 39 黑胜 loss=24.2540 temp=0.25 total_env_steps=13582 t=0.15s
Ep  307: len= 35 黑胜 loss=25.0180 temp=0.25 total_env_steps=13617 t=0.14s
Ep  308: len= 38 白胜 loss=25.1319 temp=0.25 total_env_steps=13655 t=0.14s
Ep  309: len= 59 黑胜 loss=25.3222 temp=0.25 total_env_steps=13714 t=0.23s
Ep  310: len= 63 黑胜 loss=25.1105 temp=0.25 total_env_steps=13777 t=0.26s
Ep  311: len= 45 黑胜 loss=24.9056 temp=0.25 total_env_steps=13822 t=0.17s
Ep  312: len= 34 白胜 loss=25.0054 temp=0.25 total_env_steps=13856 t=0.13s
Ep  313: len= 29 黑胜 loss=25.1220 temp=0.25 total_env_steps=13885 t=0.11s
Ep  314: len= 41 黑胜 loss=25.1116 temp=0.25 total_env_steps=13926 t=0.17s
Ep  315: len= 28 白胜 loss=24.8866 temp=0.25 total_env_steps=13954 t=0.12s
Ep  316: len= 55 黑胜 loss=25.4749 temp=0.25 total_env_steps=14009 t=0.21s
Ep  317: len= 30 白胜 loss=25.3251 temp=0.25 total_env_steps=14039 t=0.12s
Ep  318: len= 31 黑胜 loss=24.9249 temp=0.25 total_env_steps=14070 t=0.14s
Ep  319: len= 56 白胜 loss=25.0599 temp=0.25 total_env_steps=14126 t=0.21s
Ep  320: len= 30 白胜 loss=24.0860 temp=0.25 total_env_steps=14156 t=0.11s
Ep  321: len= 41 黑胜 loss=25.0182 temp=0.25 total_env_steps=14197 t=0.17s
Ep  322: len= 36 白胜 loss=25.3928 temp=0.25 total_env_steps=14233 t=0.14s
Ep  323: len= 37 黑胜 loss=24.8368 temp=0.25 total_env_steps=14270 t=0.15s
Ep  324: len= 27 黑胜 loss=24.9378 temp=0.25 total_env_steps=14297 t=0.12s
Ep  325: len= 52 白胜 loss=25.4236 temp=0.25 total_env_steps=14349 t=0.20s
Ep  326: len= 38 白胜 loss=25.2159 temp=0.25 total_env_steps=14387 t=0.15s
Ep  327: len= 28 白胜 loss=25.2132 temp=0.25 total_env_steps=14415 t=0.12s
Ep  328: len= 32 白胜 loss=24.7234 temp=0.25 total_env_steps=14447 t=0.13s
Ep  329: len= 34 白胜 loss=24.9609 temp=0.25 total_env_steps=14481 t=0.13s
Ep  330: len= 57 黑胜 loss=25.1575 temp=0.25 total_env_steps=14538 t=0.22s
Ep  331: len= 25 黑胜 loss=25.2132 temp=0.25 total_env_steps=14563 t=0.10s
Ep  332: len= 40 白胜 loss=24.6958 temp=0.25 total_env_steps=14603 t=0.16s
Ep  333: len= 41 黑胜 loss=25.0533 temp=0.25 total_env_steps=14644 t=0.15s
Ep  334: len= 41 黑胜 loss=25.2291 temp=0.25 total_env_steps=14685 t=0.16s
Ep  335: len= 33 黑胜 loss=24.7829 temp=0.25 total_env_steps=14718 t=0.14s
Ep  336: len= 67 黑胜 loss=25.2335 temp=0.25 total_env_steps=14785 t=0.26s
Ep  337: len= 28 白胜 loss=24.7229 temp=0.25 total_env_steps=14813 t=0.12s
Ep  338: len= 18 白胜 loss=24.7006 temp=0.25 total_env_steps=14831 t=0.09s
Ep  339: len= 51 黑胜 loss=24.5757 temp=0.25 total_env_steps=14882 t=0.20s
Ep  340: len= 53 黑胜 loss=25.0018 temp=0.25 total_env_steps=14935 t=0.22s
Ep  341: len= 37 黑胜 loss=24.3346 temp=0.25 total_env_steps=14972 t=0.15s
Ep  342: len= 65 黑胜 loss=24.6000 temp=0.25 total_env_steps=15037 t=0.23s
Ep  343: len= 31 黑胜 loss=25.2026 temp=0.25 total_env_steps=15068 t=0.17s
Ep  344: len= 25 黑胜 loss=24.9777 temp=0.25 total_env_steps=15093 t=0.12s
Ep  345: len= 32 白胜 loss=24.7417 temp=0.25 total_env_steps=15125 t=0.13s
Ep  346: len= 62 白胜 loss=24.7681 temp=0.25 total_env_steps=15187 t=0.24s
Ep  347: len= 34 白胜 loss=24.5026 temp=0.25 total_env_steps=15221 t=0.14s
Ep  348: len= 31 黑胜 loss=25.1687 temp=0.25 total_env_steps=15252 t=0.12s
Ep  349: len= 77 黑胜 loss=25.1087 temp=0.25 total_env_steps=15329 t=0.28s
Ep  350: len= 47 黑胜 loss=25.1593 temp=0.25 total_env_steps=15376 t=0.19s
  eval vs Gomoku-random-v0: win_rate=0.85 mean_return=0.70（20 局，total_env_steps=15376）
Ep  351: len= 56 白胜 loss=24.6908 temp=0.25 total_env_steps=15432 t=0.22s
Ep  352: len= 59 黑胜 loss=25.0130 temp=0.25 total_env_steps=15491 t=0.26s
Ep  353: len= 34 白胜 loss=25.1220 temp=0.25 total_env_steps=15525 t=0.16s
Ep  354: len= 71 黑胜 loss=24.9778 temp=0.25 total_env_steps=15596 t=0.29s
Ep  355: len= 45 黑胜 loss=24.8127 temp=0.25 total_env_steps=15641 t=0.17s
Ep  356: len= 40 白胜 loss=25.3269 temp=0.25 total_env_steps=15681 t=0.20s
Ep  357: len= 23 黑胜 loss=24.4210 temp=0.25 total_env_steps=15704 t=0.11s
Ep  358: len= 28 白胜 loss=25.1636 temp=0.25 total_env_steps=15732 t=0.14s
Ep  359: len= 51 黑胜 loss=24.5514 temp=0.25 total_env_steps=15783 t=0.22s
Ep  360: len= 26 白胜 loss=24.4223 temp=0.25 total_env_steps=15809 t=0.11s
Ep  361: len= 27 黑胜 loss=24.9543 temp=0.25 total_env_steps=15836 t=0.12s
Ep  362: len= 35 黑胜 loss=24.6973 temp=0.25 total_env_steps=15871 t=0.16s
Ep  363: len= 71 黑胜 loss=24.6768 temp=0.25 total_env_steps=15942 t=0.29s
Ep  364: len= 35 黑胜 loss=24.1277 temp=0.25 total_env_steps=15977 t=0.18s
Ep  365: len= 47 黑胜 loss=24.6080 temp=0.25 total_env_steps=16024 t=0.22s
Ep  366: len= 24 白胜 loss=24.6599 temp=0.25 total_env_steps=16048 t=0.10s
Ep  367: len= 52 白胜 loss=24.5645 temp=0.25 total_env_steps=16100 t=0.20s
Ep  368: len= 52 白胜 loss=24.1992 temp=0.25 total_env_steps=16152 t=0.22s
Ep  369: len= 33 黑胜 loss=25.1543 temp=0.25 total_env_steps=16185 t=0.15s
Ep  370: len= 42 白胜 loss=25.2085 temp=0.25 total_env_steps=16227 t=0.19s
Ep  371: len= 50 白胜 loss=24.6704 temp=0.25 total_env_steps=16277 t=0.21s
Ep  372: len= 36 白胜 loss=24.3909 temp=0.25 total_env_steps=16313 t=0.14s
Ep  373: len= 32 白胜 loss=25.2033 temp=0.25 total_env_steps=16345 t=0.14s
Ep  374: len= 30 白胜 loss=24.2202 temp=0.25 total_env_steps=16375 t=0.13s
Ep  375: len= 42 白胜 loss=24.8875 temp=0.25 total_env_steps=16417 t=0.16s
Ep  376: len= 36 白胜 loss=24.6713 temp=0.25 total_env_steps=16453 t=0.14s
Ep  377: len= 36 白胜 loss=24.1060 temp=0.25 total_env_steps=16489 t=0.17s
Ep  378: len= 27 黑胜 loss=24.2199 temp=0.25 total_env_steps=16516 t=0.12s
Ep  379: len= 28 白胜 loss=24.4356 temp=0.25 total_env_steps=16544 t=0.13s
Ep  380: len= 23 黑胜 loss=24.6291 temp=0.25 total_env_steps=16567 t=0.10s
Ep  381: len= 39 黑胜 loss=25.1829 temp=0.25 total_env_steps=16606 t=0.15s
Ep  382: len= 22 白胜 loss=24.2855 temp=0.25 total_env_steps=16628 t=0.10s
Ep  383: len= 27 黑胜 loss=24.6727 temp=0.25 total_env_steps=16655 t=0.12s
Ep  384: len= 41 黑胜 loss=25.4483 temp=0.25 total_env_steps=16696 t=0.16s
Ep  385: len= 51 黑胜 loss=24.2295 temp=0.25 total_env_steps=16747 t=0.23s
Ep  386: len= 25 黑胜 loss=24.5934 temp=0.25 total_env_steps=16772 t=0.13s
Ep  387: len= 46 白胜 loss=24.4110 temp=0.25 total_env_steps=16818 t=0.19s
Ep  388: len= 81 平局 loss=24.3180 temp=0.25 total_env_steps=16899 t=0.30s
Ep  389: len= 24 白胜 loss=24.3891 temp=0.25 total_env_steps=16923 t=0.12s
Ep  390: len= 22 白胜 loss=24.5720 temp=0.25 total_env_steps=16945 t=0.10s
Ep  391: len= 26 白胜 loss=24.2019 temp=0.25 total_env_steps=16971 t=0.14s
Ep  392: len= 15 黑胜 loss=24.0966 temp=0.25 total_env_steps=16986 t=0.08s
Ep  393: len= 67 黑胜 loss=24.5716 temp=0.25 total_env_steps=17053 t=0.26s
Ep  394: len= 29 黑胜 loss=24.3309 temp=0.25 total_env_steps=17082 t=0.12s
Ep  395: len= 43 黑胜 loss=25.1049 temp=0.25 total_env_steps=17125 t=0.18s
Ep  396: len= 41 黑胜 loss=24.8757 temp=0.25 total_env_steps=17166 t=0.18s
Ep  397: len= 25 黑胜 loss=24.2752 temp=0.25 total_env_steps=17191 t=0.12s
Ep  398: len= 50 白胜 loss=24.0935 temp=0.25 total_env_steps=17241 t=0.21s
Ep  399: len= 47 黑胜 loss=24.4939 temp=0.25 total_env_steps=17288 t=0.18s
Ep  400: len= 31 黑胜 loss=25.0170 temp=0.25 total_env_steps=17319 t=0.14s
  eval vs Gomoku-random-v0: win_rate=1.00 mean_return=1.00（20 局，total_env_steps=17319）
[闸门] vs random（40 局）: win_rate=1.000
[闸门] vs 半程快照（40 局，黑白各半）: score=0.875
[梯队] vs naive0（20 局，观察性）: win_rate=0.10
[梯队] vs naive1（20 局，观察性）: win_rate=0.00
[梯队] vs naive2（20 局，观察性）: win_rate=0.00
[梯队] vs naive3（20 局，观察性）: win_rate=0.00
📈 Gomoku-selfplay-v0 win_rate=1.00（best 1.00）| 门槛 0.95 | 92.6s

--- M3 arm=gumbel_standard 汇总（base 对照见 bench 头注释）---
  seed=42 vs_random=0.925 vs_snapshot=0.525 | 梯队 naive0=0.05 naive1=0.00 naive2=0.00 naive3=0.00 | env_steps=17593 wall=91s
  seed=43 vs_random=1.000 vs_snapshot=0.950 | 梯队 naive0=0.05 naive1=0.00 naive2=0.00 naive3=0.00 | env_steps=18435 wall=89s
  seed=44 vs_random=1.000 vs_snapshot=0.875 | 梯队 naive0=0.10 naive1=0.00 naive2=0.00 naive3=0.00 | env_steps=17319 wall=93s
ok

test result: ok. 1 passed; 0 failed; 0 ignored; 0 measured; 3412 filtered out; finished in 272.62s

     Running tests\cse_dedup.rs (target\release\deps\cse_dedup-7a657e998c2a0176.exe)

running 0 tests

test result: ok. 0 passed; 0 failed; 0 ignored; 0 measured; 1 filtered out; finished in 0.00s

     Running tests\mode_invariants.rs (target\release\deps\mode_invariants-12496c59841ba5c8.exe)

running 0 tests

test result: ok. 0 passed; 0 failed; 0 ignored; 0 measured; 9 filtered out; finished in 0.00s

     Running tests\onnx_otm_load_bench.rs (target\release\deps\onnx_otm_load_bench-39da60dd6dcd2511.exe)

running 0 tests

test result: ok. 0 passed; 0 failed; 0 ignored; 0 measured; 1 filtered out; finished in 0.00s

     Running tests\yolov5_xiangqi_import.rs (target\release\deps\yolov5_xiangqi_import-5a55f6b67c0e8a85.exe)

running 0 tests

test result: ok. 0 passed; 0 failed; 0 ignored; 0 measured; 6 filtered out; finished in 0.00s

