   Compiling only_torch v0.25.0 (D:\DATA\BaiduSyncdisk\project\personal\only_torch)
    Finished `release` profile [optimized] target(s) in 53.52s
     Running unittests src\lib.rs (target\release\deps\only_torch-45d502c1e61c3f90.exe)

running 1 test
test rl::algo::my_zero::tests::gomoku_m3_bench::gomoku_naive0_batch256 ... 
--- arm=batch256 seed=42 sims=100 ---
[MyZero-board Gomoku-selfplay-v0] obs=243(3×9²) |A|=81 sims=100 γ=1.0 negamax
Ep    1: len= 52 白胜 loss=0.0000 temp=1.00 total_env_steps=52 t=0.14s
Ep    2: len= 35 黑胜 loss=0.0000 temp=1.00 total_env_steps=87 t=0.09s
Ep    3: len= 54 白胜 loss=0.0000 temp=1.00 total_env_steps=141 t=0.14s
Ep    4: len= 58 白胜 loss=0.0000 temp=1.00 total_env_steps=199 t=0.17s
Ep    5: len= 57 黑胜 loss=0.0000 temp=1.00 total_env_steps=256 t=0.14s
Ep    6: len= 67 黑胜 loss=0.0000 temp=1.00 total_env_steps=323 t=0.16s
Ep    7: len= 35 黑胜 loss=0.0000 temp=1.00 total_env_steps=358 t=0.09s
Ep    8: len= 73 黑胜 loss=0.0000 temp=1.00 total_env_steps=431 t=0.17s
Ep    9: len= 43 黑胜 loss=0.0000 temp=1.00 total_env_steps=474 t=0.10s
Ep   10: len= 59 黑胜 loss=36.0601 temp=1.00 total_env_steps=533 t=0.23s
Ep   11: len= 58 白胜 loss=28.6518 temp=1.00 total_env_steps=591 t=0.22s
Ep   12: len= 53 黑胜 loss=28.3914 temp=1.00 total_env_steps=644 t=0.19s
Ep   13: len= 53 黑胜 loss=28.2702 temp=1.00 total_env_steps=697 t=0.19s
Ep   14: len= 71 黑胜 loss=28.3206 temp=1.00 total_env_steps=768 t=0.23s
Ep   15: len= 57 黑胜 loss=28.0619 temp=1.00 total_env_steps=825 t=0.22s
Ep   16: len= 48 白胜 loss=28.0607 temp=1.00 total_env_steps=873 t=0.17s
Ep   17: len= 48 白胜 loss=28.0309 temp=1.00 total_env_steps=921 t=0.17s
Ep   18: len= 59 黑胜 loss=28.1396 temp=1.00 total_env_steps=980 t=0.23s
Ep   19: len= 70 白胜 loss=28.0179 temp=1.00 total_env_steps=1050 t=0.22s
Ep   20: len= 59 黑胜 loss=28.0950 temp=1.00 total_env_steps=1109 t=0.21s
Ep   21: len= 50 白胜 loss=28.0018 temp=1.00 total_env_steps=1159 t=0.17s
Ep   22: len= 78 白胜 loss=28.0519 temp=1.00 total_env_steps=1237 t=0.23s
Ep   23: len= 48 白胜 loss=28.0433 temp=1.00 total_env_steps=1285 t=0.17s
Ep   24: len= 74 白胜 loss=28.0127 temp=1.00 total_env_steps=1359 t=0.23s
Ep   25: len= 55 黑胜 loss=28.0875 temp=1.00 total_env_steps=1414 t=0.18s
Ep   26: len= 55 黑胜 loss=28.0484 temp=1.00 total_env_steps=1469 t=0.19s
Ep   27: len= 42 白胜 loss=27.9899 temp=1.00 total_env_steps=1511 t=0.17s
Ep   28: len= 59 黑胜 loss=27.9665 temp=1.00 total_env_steps=1570 t=0.19s
Ep   29: len= 66 白胜 loss=27.9272 temp=1.00 total_env_steps=1636 t=0.22s
Ep   30: len= 55 黑胜 loss=27.9799 temp=1.00 total_env_steps=1691 t=0.17s
Ep   31: len= 26 白胜 loss=27.8358 temp=1.00 total_env_steps=1717 t=0.12s
Ep   32: len= 43 黑胜 loss=27.9518 temp=1.00 total_env_steps=1760 t=0.16s
Ep   33: len= 34 白胜 loss=27.8154 temp=1.00 total_env_steps=1794 t=0.13s
Ep   34: len= 47 黑胜 loss=27.8134 temp=1.00 total_env_steps=1841 t=0.16s
Ep   35: len= 57 黑胜 loss=27.7885 temp=1.00 total_env_steps=1898 t=0.18s
Ep   36: len= 57 黑胜 loss=27.7428 temp=1.00 total_env_steps=1955 t=0.18s
Ep   37: len= 62 白胜 loss=27.7533 temp=1.00 total_env_steps=2017 t=0.19s
Ep   38: len= 34 白胜 loss=27.7305 temp=1.00 total_env_steps=2051 t=0.15s
Ep   39: len= 43 黑胜 loss=27.6177 temp=1.00 total_env_steps=2094 t=0.15s
Ep   40: len= 46 白胜 loss=27.5319 temp=1.00 total_env_steps=2140 t=0.15s
Ep   41: len= 52 白胜 loss=27.4747 temp=1.00 total_env_steps=2192 t=0.16s
Ep   42: len= 72 白胜 loss=27.5237 temp=1.00 total_env_steps=2264 t=0.19s
Ep   43: len= 43 黑胜 loss=27.4349 temp=1.00 total_env_steps=2307 t=0.15s
Ep   44: len= 23 黑胜 loss=27.4449 temp=1.00 total_env_steps=2330 t=0.11s
Ep   45: len= 61 黑胜 loss=27.4611 temp=1.00 total_env_steps=2391 t=0.18s
Ep   46: len= 52 白胜 loss=27.3792 temp=1.00 total_env_steps=2443 t=0.16s
Ep   47: len= 40 白胜 loss=27.3750 temp=1.00 total_env_steps=2483 t=0.14s
Ep   48: len= 39 黑胜 loss=27.4024 temp=1.00 total_env_steps=2522 t=0.14s
Ep   49: len= 21 黑胜 loss=27.3427 temp=1.00 total_env_steps=2543 t=0.11s
Ep   50: len= 38 白胜 loss=27.3357 temp=1.00 total_env_steps=2581 t=0.14s
  eval vs Gomoku-random-v0: win_rate=1.00 mean_return=1.00（20 局，total_env_steps=2581）
  ✅ 达标 ep=50 total_env_steps=2581
Ep   51: len= 28 白胜 loss=27.2996 temp=1.00 total_env_steps=2609 t=0.13s
Ep   52: len= 49 黑胜 loss=27.2562 temp=1.00 total_env_steps=2658 t=0.16s
Ep   53: len= 56 白胜 loss=27.1972 temp=1.00 total_env_steps=2714 t=0.17s
Ep   54: len= 50 白胜 loss=27.2055 temp=1.00 total_env_steps=2764 t=0.15s
Ep   55: len= 41 黑胜 loss=27.1338 temp=1.00 total_env_steps=2805 t=0.14s
Ep   56: len= 41 黑胜 loss=27.0324 temp=1.00 total_env_steps=2846 t=0.14s
Ep   57: len= 56 白胜 loss=27.0782 temp=1.00 total_env_steps=2902 t=0.17s
Ep   58: len= 61 黑胜 loss=27.0883 temp=1.00 total_env_steps=2963 t=0.18s
Ep   59: len= 48 白胜 loss=26.9766 temp=1.00 total_env_steps=3011 t=0.16s
Ep   60: len= 54 白胜 loss=26.9770 temp=1.00 total_env_steps=3065 t=0.17s
Ep   61: len= 70 白胜 loss=26.9730 temp=1.00 total_env_steps=3135 t=0.20s
Ep   62: len= 56 白胜 loss=27.0019 temp=1.00 total_env_steps=3191 t=0.17s
Ep   63: len= 35 黑胜 loss=26.9003 temp=1.00 total_env_steps=3226 t=0.13s
Ep   64: len= 32 白胜 loss=26.9610 temp=1.00 total_env_steps=3258 t=0.13s
Ep   65: len= 45 黑胜 loss=26.9368 temp=1.00 total_env_steps=3303 t=0.16s
Ep   66: len= 52 白胜 loss=26.7877 temp=1.00 total_env_steps=3355 t=0.16s
Ep   67: len= 40 白胜 loss=26.9321 temp=1.00 total_env_steps=3395 t=0.15s
Ep   68: len= 28 白胜 loss=26.8441 temp=1.00 total_env_steps=3423 t=0.12s
Ep   69: len= 23 黑胜 loss=26.8860 temp=1.00 total_env_steps=3446 t=0.10s
Ep   70: len= 27 黑胜 loss=26.7579 temp=1.00 total_env_steps=3473 t=0.12s
Ep   71: len= 42 白胜 loss=26.7264 temp=1.00 total_env_steps=3515 t=0.14s
Ep   72: len= 60 白胜 loss=26.8507 temp=1.00 total_env_steps=3575 t=0.18s
Ep   73: len= 49 黑胜 loss=26.8034 temp=1.00 total_env_steps=3624 t=0.17s
Ep   74: len= 49 黑胜 loss=26.7679 temp=1.00 total_env_steps=3673 t=0.17s
Ep   75: len= 43 黑胜 loss=26.6726 temp=1.00 total_env_steps=3716 t=0.15s
Ep   76: len= 53 黑胜 loss=26.7299 temp=1.00 total_env_steps=3769 t=0.17s
Ep   77: len= 47 黑胜 loss=26.6395 temp=1.00 total_env_steps=3816 t=0.16s
Ep   78: len= 53 黑胜 loss=26.7529 temp=1.00 total_env_steps=3869 t=0.19s
Ep   79: len= 60 白胜 loss=26.6589 temp=1.00 total_env_steps=3929 t=0.19s
Ep   80: len= 21 黑胜 loss=26.5952 temp=1.00 total_env_steps=3950 t=0.11s
Ep   81: len= 49 黑胜 loss=26.6058 temp=1.00 total_env_steps=3999 t=0.16s
Ep   82: len= 54 白胜 loss=26.5862 temp=1.00 total_env_steps=4053 t=0.16s
Ep   83: len= 54 白胜 loss=26.6491 temp=1.00 total_env_steps=4107 t=0.16s
Ep   84: len= 49 黑胜 loss=26.5050 temp=1.00 total_env_steps=4156 t=0.15s
Ep   85: len= 57 黑胜 loss=26.4674 temp=1.00 total_env_steps=4213 t=0.17s
Ep   86: len= 41 黑胜 loss=26.5002 temp=1.00 total_env_steps=4254 t=0.15s
Ep   87: len= 55 黑胜 loss=26.5526 temp=1.00 total_env_steps=4309 t=0.17s
Ep   88: len= 41 黑胜 loss=26.5028 temp=1.00 total_env_steps=4350 t=0.15s
Ep   89: len= 32 白胜 loss=26.5224 temp=1.00 total_env_steps=4382 t=0.13s
Ep   90: len= 66 白胜 loss=26.5006 temp=1.00 total_env_steps=4448 t=0.19s
Ep   91: len= 47 黑胜 loss=26.4896 temp=1.00 total_env_steps=4495 t=0.16s
Ep   92: len= 39 黑胜 loss=26.3801 temp=1.00 total_env_steps=4534 t=0.14s
Ep   93: len= 43 黑胜 loss=26.4067 temp=1.00 total_env_steps=4577 t=0.14s
Ep   94: len= 71 黑胜 loss=26.3186 temp=1.00 total_env_steps=4648 t=0.21s
Ep   95: len= 29 黑胜 loss=26.2677 temp=1.00 total_env_steps=4677 t=0.12s
Ep   96: len= 31 黑胜 loss=26.3076 temp=1.00 total_env_steps=4708 t=0.12s
Ep   97: len= 29 黑胜 loss=26.3188 temp=1.00 total_env_steps=4737 t=0.12s
Ep   98: len= 49 黑胜 loss=26.2689 temp=1.00 total_env_steps=4786 t=0.16s
Ep   99: len= 21 黑胜 loss=26.3362 temp=1.00 total_env_steps=4807 t=0.10s
Ep  100: len= 33 黑胜 loss=26.2156 temp=1.00 total_env_steps=4840 t=0.13s
  eval vs Gomoku-random-v0: win_rate=0.90 mean_return=0.80（20 局，total_env_steps=4840）
Ep  101: len= 23 黑胜 loss=26.2434 temp=1.00 total_env_steps=4863 t=0.12s
Ep  102: len= 44 白胜 loss=26.1918 temp=0.99 total_env_steps=4907 t=0.14s
Ep  103: len= 51 黑胜 loss=26.1384 temp=0.99 total_env_steps=4958 t=0.17s
Ep  104: len= 35 黑胜 loss=26.1696 temp=0.98 total_env_steps=4993 t=0.12s
Ep  105: len= 46 白胜 loss=26.0761 temp=0.97 total_env_steps=5039 t=0.15s
Ep  106: len= 59 黑胜 loss=26.0976 temp=0.96 total_env_steps=5098 t=0.17s
Ep  107: len= 53 黑胜 loss=26.0618 temp=0.95 total_env_steps=5151 t=0.17s
Ep  108: len= 33 黑胜 loss=26.1873 temp=0.95 total_env_steps=5184 t=0.14s
Ep  109: len= 55 黑胜 loss=25.9821 temp=0.94 total_env_steps=5239 t=0.18s
Ep  110: len= 21 黑胜 loss=25.9535 temp=0.93 total_env_steps=5260 t=0.10s
Ep  111: len= 49 黑胜 loss=25.9285 temp=0.93 total_env_steps=5309 t=0.16s
Ep  112: len= 41 黑胜 loss=25.9270 temp=0.92 total_env_steps=5350 t=0.14s
Ep  113: len= 25 黑胜 loss=25.8533 temp=0.91 total_env_steps=5375 t=0.12s
Ep  114: len= 55 黑胜 loss=25.8701 temp=0.90 total_env_steps=5430 t=0.16s
Ep  115: len= 31 黑胜 loss=25.8141 temp=0.89 total_env_steps=5461 t=0.13s
Ep  116: len= 40 白胜 loss=25.8275 temp=0.89 total_env_steps=5501 t=0.14s
Ep  117: len= 59 黑胜 loss=25.6589 temp=0.88 total_env_steps=5560 t=0.17s
Ep  118: len= 31 黑胜 loss=25.8916 temp=0.87 total_env_steps=5591 t=0.12s
Ep  119: len= 29 黑胜 loss=25.8430 temp=0.87 total_env_steps=5620 t=0.13s
Ep  120: len= 69 黑胜 loss=25.7194 temp=0.86 total_env_steps=5689 t=0.20s
Ep  121: len= 45 黑胜 loss=25.8196 temp=0.85 total_env_steps=5734 t=0.15s
Ep  122: len= 31 黑胜 loss=25.7105 temp=0.84 total_env_steps=5765 t=0.13s
Ep  123: len= 29 黑胜 loss=25.6167 temp=0.84 total_env_steps=5794 t=0.12s
Ep  124: len= 33 黑胜 loss=25.5966 temp=0.83 total_env_steps=5827 t=0.13s
Ep  125: len= 21 黑胜 loss=25.5772 temp=0.82 total_env_steps=5848 t=0.11s
Ep  126: len= 32 白胜 loss=25.6088 temp=0.81 total_env_steps=5880 t=0.13s
Ep  127: len= 59 黑胜 loss=25.5811 temp=0.81 total_env_steps=5939 t=0.18s
Ep  128: len= 27 黑胜 loss=25.4159 temp=0.80 total_env_steps=5966 t=0.11s
Ep  129: len= 52 白胜 loss=25.4677 temp=0.79 total_env_steps=6018 t=0.16s
Ep  130: len= 35 黑胜 loss=25.5787 temp=0.78 total_env_steps=6053 t=0.14s
Ep  131: len= 49 黑胜 loss=25.5160 temp=0.77 total_env_steps=6102 t=0.16s
Ep  132: len= 19 黑胜 loss=25.5587 temp=0.77 total_env_steps=6121 t=0.10s
Ep  133: len= 41 黑胜 loss=25.3722 temp=0.76 total_env_steps=6162 t=0.13s
Ep  134: len= 33 黑胜 loss=25.2546 temp=0.75 total_env_steps=6195 t=0.13s
Ep  135: len= 31 黑胜 loss=25.2533 temp=0.75 total_env_steps=6226 t=0.14s
Ep  136: len= 37 黑胜 loss=25.2994 temp=0.74 total_env_steps=6263 t=0.12s
Ep  137: len= 31 黑胜 loss=25.2582 temp=0.73 total_env_steps=6294 t=0.12s
Ep  138: len= 41 黑胜 loss=25.1983 temp=0.72 total_env_steps=6335 t=0.15s
Ep  139: len= 27 黑胜 loss=25.1888 temp=0.72 total_env_steps=6362 t=0.12s
Ep  140: len= 31 黑胜 loss=25.2516 temp=0.71 total_env_steps=6393 t=0.13s
Ep  141: len= 52 白胜 loss=25.2285 temp=0.70 total_env_steps=6445 t=0.16s
Ep  142: len= 19 黑胜 loss=25.3004 temp=0.69 total_env_steps=6464 t=0.10s
Ep  143: len= 29 黑胜 loss=25.2099 temp=0.69 total_env_steps=6493 t=0.12s
Ep  144: len= 69 黑胜 loss=25.0770 temp=0.68 total_env_steps=6562 t=0.20s
Ep  145: len= 39 黑胜 loss=25.2967 temp=0.67 total_env_steps=6601 t=0.13s
Ep  146: len= 25 黑胜 loss=25.2255 temp=0.66 total_env_steps=6626 t=0.11s
Ep  147: len= 54 白胜 loss=25.2763 temp=0.65 total_env_steps=6680 t=0.17s
Ep  148: len= 44 白胜 loss=25.2101 temp=0.65 total_env_steps=6724 t=0.15s
Ep  149: len= 41 黑胜 loss=25.2327 temp=0.64 total_env_steps=6765 t=0.15s
Ep  150: len= 61 黑胜 loss=25.1609 temp=0.63 total_env_steps=6826 t=0.18s
  eval vs Gomoku-random-v0: win_rate=1.00 mean_return=1.00（20 局，total_env_steps=6826）
Ep  151: len= 23 黑胜 loss=25.2116 temp=0.62 total_env_steps=6849 t=0.11s
Ep  152: len= 48 白胜 loss=25.0219 temp=0.62 total_env_steps=6897 t=0.15s
Ep  153: len= 27 黑胜 loss=25.1777 temp=0.61 total_env_steps=6924 t=0.11s
Ep  154: len= 39 黑胜 loss=25.0279 temp=0.60 total_env_steps=6963 t=0.14s
Ep  155: len= 43 黑胜 loss=25.0912 temp=0.59 total_env_steps=7006 t=0.14s
Ep  156: len= 47 黑胜 loss=24.9946 temp=0.59 total_env_steps=7053 t=0.17s
Ep  157: len= 21 黑胜 loss=24.7669 temp=0.58 total_env_steps=7074 t=0.10s
Ep  158: len= 43 黑胜 loss=24.9790 temp=0.57 total_env_steps=7117 t=0.16s
Ep  159: len= 23 黑胜 loss=24.9328 temp=0.56 total_env_steps=7140 t=0.11s
Ep  160: len= 56 白胜 loss=25.0554 temp=0.56 total_env_steps=7196 t=0.17s
Ep  161: len= 55 黑胜 loss=24.8976 temp=0.55 total_env_steps=7251 t=0.17s
Ep  162: len= 25 黑胜 loss=24.9616 temp=0.54 total_env_steps=7276 t=0.12s
Ep  163: len= 27 黑胜 loss=24.8676 temp=0.53 total_env_steps=7303 t=0.12s
Ep  164: len= 37 黑胜 loss=24.9148 temp=0.53 total_env_steps=7340 t=0.15s
Ep  165: len= 43 黑胜 loss=24.9090 temp=0.52 total_env_steps=7383 t=0.14s
Ep  166: len= 31 黑胜 loss=24.9619 temp=0.51 total_env_steps=7414 t=0.13s
Ep  167: len= 29 黑胜 loss=24.8059 temp=0.50 total_env_steps=7443 t=0.12s
Ep  168: len= 70 白胜 loss=24.8775 temp=0.50 total_env_steps=7513 t=0.19s
Ep  169: len= 25 黑胜 loss=24.8478 temp=0.49 total_env_steps=7538 t=0.11s
Ep  170: len= 53 黑胜 loss=24.7148 temp=0.48 total_env_steps=7591 t=0.16s
Ep  171: len= 75 黑胜 loss=24.7527 temp=0.48 total_env_steps=7666 t=0.20s
Ep  172: len= 38 白胜 loss=24.7670 temp=0.47 total_env_steps=7704 t=0.14s
Ep  173: len= 23 黑胜 loss=25.0158 temp=0.46 total_env_steps=7727 t=0.11s
Ep  174: len= 36 白胜 loss=24.7383 temp=0.45 total_env_steps=7763 t=0.13s
Ep  175: len= 27 黑胜 loss=24.7830 temp=0.44 total_env_steps=7790 t=0.11s
Ep  176: len= 35 黑胜 loss=24.9598 temp=0.44 total_env_steps=7825 t=0.13s
Ep  177: len= 56 白胜 loss=24.6040 temp=0.43 total_env_steps=7881 t=0.17s
Ep  178: len= 25 黑胜 loss=24.7792 temp=0.42 total_env_steps=7906 t=0.12s
Ep  179: len= 75 黑胜 loss=24.6844 temp=0.42 total_env_steps=7981 t=0.21s
Ep  180: len= 39 黑胜 loss=24.6294 temp=0.41 total_env_steps=8020 t=0.15s
Ep  181: len= 27 黑胜 loss=24.9288 temp=0.40 total_env_steps=8047 t=0.11s
Ep  182: len= 23 黑胜 loss=24.5296 temp=0.39 total_env_steps=8070 t=0.11s
Ep  183: len= 41 黑胜 loss=24.6057 temp=0.38 total_env_steps=8111 t=0.14s
Ep  184: len= 59 黑胜 loss=24.6117 temp=0.38 total_env_steps=8170 t=0.18s
Ep  185: len= 17 黑胜 loss=24.6551 temp=0.37 total_env_steps=8187 t=0.10s
Ep  186: len= 53 黑胜 loss=24.4009 temp=0.36 total_env_steps=8240 t=0.16s
Ep  187: len= 49 黑胜 loss=24.4788 temp=0.36 total_env_steps=8289 t=0.16s
Ep  188: len= 23 黑胜 loss=24.6255 temp=0.35 total_env_steps=8312 t=0.11s
Ep  189: len= 27 黑胜 loss=24.5566 temp=0.34 total_env_steps=8339 t=0.12s
Ep  190: len= 43 黑胜 loss=24.4200 temp=0.33 total_env_steps=8382 t=0.15s
Ep  191: len= 36 白胜 loss=24.5143 temp=0.33 total_env_steps=8418 t=0.14s
Ep  192: len= 23 黑胜 loss=24.4939 temp=0.32 total_env_steps=8441 t=0.11s
Ep  193: len= 58 白胜 loss=24.4647 temp=0.31 total_env_steps=8499 t=0.17s
Ep  194: len= 21 黑胜 loss=24.3408 temp=0.30 total_env_steps=8520 t=0.11s
Ep  195: len= 56 白胜 loss=24.4568 temp=0.30 total_env_steps=8576 t=0.17s
Ep  196: len= 44 白胜 loss=24.2737 temp=0.29 total_env_steps=8620 t=0.15s
Ep  197: len= 45 黑胜 loss=24.5624 temp=0.28 total_env_steps=8665 t=0.15s
Ep  198: len= 27 黑胜 loss=24.3323 temp=0.27 total_env_steps=8692 t=0.12s
Ep  199: len= 21 黑胜 loss=24.3467 temp=0.26 total_env_steps=8713 t=0.11s
Ep  200: len= 56 白胜 loss=24.2579 temp=0.26 total_env_steps=8769 t=0.17s
  eval vs Gomoku-random-v0: win_rate=1.00 mean_return=1.00（20 局，total_env_steps=8769）
  📸 已拍权重快照（ep=200，gating 对弈基准）
Ep  201: len= 51 黑胜 loss=24.3379 temp=0.25 total_env_steps=8820 t=0.16s
Ep  202: len= 52 白胜 loss=24.2490 temp=0.25 total_env_steps=8872 t=0.16s
Ep  203: len= 21 黑胜 loss=24.3431 temp=0.25 total_env_steps=8893 t=0.11s
Ep  204: len= 37 黑胜 loss=24.2689 temp=0.25 total_env_steps=8930 t=0.14s
Ep  205: len= 36 白胜 loss=24.1881 temp=0.25 total_env_steps=8966 t=0.15s
Ep  206: len= 52 白胜 loss=24.1363 temp=0.25 total_env_steps=9018 t=0.18s
Ep  207: len= 62 白胜 loss=24.3389 temp=0.25 total_env_steps=9080 t=0.19s
Ep  208: len= 25 黑胜 loss=24.0500 temp=0.25 total_env_steps=9105 t=0.13s
Ep  209: len= 52 白胜 loss=24.1252 temp=0.25 total_env_steps=9157 t=0.18s
Ep  210: len= 61 黑胜 loss=24.0187 temp=0.25 total_env_steps=9218 t=0.20s
Ep  211: len= 48 白胜 loss=23.9399 temp=0.25 total_env_steps=9266 t=0.17s
Ep  212: len= 61 黑胜 loss=24.0907 temp=0.25 total_env_steps=9327 t=0.19s
Ep  213: len= 62 白胜 loss=23.9257 temp=0.25 total_env_steps=9389 t=0.20s
Ep  214: len= 25 黑胜 loss=23.7833 temp=0.25 total_env_steps=9414 t=0.12s
Ep  215: len= 25 黑胜 loss=23.8691 temp=0.25 total_env_steps=9439 t=0.12s
Ep  216: len= 19 黑胜 loss=23.7205 temp=0.25 total_env_steps=9458 t=0.11s
Ep  217: len= 37 黑胜 loss=23.9631 temp=0.25 total_env_steps=9495 t=0.14s
Ep  218: len= 45 黑胜 loss=23.9076 temp=0.25 total_env_steps=9540 t=0.16s
Ep  219: len= 51 黑胜 loss=23.8258 temp=0.25 total_env_steps=9591 t=0.16s
Ep  220: len= 59 黑胜 loss=23.8777 temp=0.25 total_env_steps=9650 t=0.18s
Ep  221: len= 35 黑胜 loss=23.6267 temp=0.25 total_env_steps=9685 t=0.15s
Ep  222: len= 44 白胜 loss=23.4862 temp=0.25 total_env_steps=9729 t=0.17s
Ep  223: len= 43 黑胜 loss=23.6359 temp=0.25 total_env_steps=9772 t=0.15s
Ep  224: len= 19 黑胜 loss=23.6722 temp=0.25 total_env_steps=9791 t=0.11s
Ep  225: len= 45 黑胜 loss=23.3690 temp=0.25 total_env_steps=9836 t=0.17s
Ep  226: len= 40 白胜 loss=23.4211 temp=0.25 total_env_steps=9876 t=0.16s
Ep  227: len= 32 白胜 loss=23.6442 temp=0.25 total_env_steps=9908 t=0.13s
Ep  228: len= 37 黑胜 loss=23.3803 temp=0.25 total_env_steps=9945 t=0.14s
Ep  229: len= 51 黑胜 loss=23.5806 temp=0.25 total_env_steps=9996 t=0.16s
Ep  230: len= 36 白胜 loss=23.4320 temp=0.25 total_env_steps=10032 t=0.14s
Ep  231: len= 58 白胜 loss=23.0515 temp=0.25 total_env_steps=10090 t=0.18s
Ep  232: len= 56 白胜 loss=23.3398 temp=0.25 total_env_steps=10146 t=0.18s
Ep  233: len= 44 白胜 loss=23.3995 temp=0.25 total_env_steps=10190 t=0.16s
Ep  234: len= 45 黑胜 loss=23.2116 temp=0.25 total_env_steps=10235 t=0.16s
Ep  235: len= 51 黑胜 loss=23.2735 temp=0.25 total_env_steps=10286 t=0.17s
Ep  236: len= 35 黑胜 loss=23.3286 temp=0.25 total_env_steps=10321 t=0.13s
Ep  237: len= 45 黑胜 loss=23.2504 temp=0.25 total_env_steps=10366 t=0.15s
Ep  238: len= 45 黑胜 loss=23.3331 temp=0.25 total_env_steps=10411 t=0.15s
Ep  239: len= 41 黑胜 loss=22.9931 temp=0.25 total_env_steps=10452 t=0.15s
Ep  240: len= 39 黑胜 loss=22.7784 temp=0.25 total_env_steps=10491 t=0.14s
Ep  241: len= 52 白胜 loss=23.0915 temp=0.25 total_env_steps=10543 t=0.17s
Ep  242: len= 66 白胜 loss=23.0733 temp=0.25 total_env_steps=10609 t=0.19s
Ep  243: len= 33 黑胜 loss=23.2456 temp=0.25 total_env_steps=10642 t=0.14s
Ep  244: len= 40 白胜 loss=22.8379 temp=0.25 total_env_steps=10682 t=0.16s
Ep  245: len= 35 黑胜 loss=22.8965 temp=0.25 total_env_steps=10717 t=0.14s
Ep  246: len= 61 黑胜 loss=22.9368 temp=0.25 total_env_steps=10778 t=0.18s
Ep  247: len= 21 黑胜 loss=22.7770 temp=0.25 total_env_steps=10799 t=0.11s
Ep  248: len= 45 黑胜 loss=22.5557 temp=0.25 total_env_steps=10844 t=0.15s
Ep  249: len= 17 黑胜 loss=22.7488 temp=0.25 total_env_steps=10861 t=0.11s
Ep  250: len= 39 黑胜 loss=22.8701 temp=0.25 total_env_steps=10900 t=0.15s
  eval vs Gomoku-random-v0: win_rate=0.95 mean_return=0.90（20 局，total_env_steps=10900）
Ep  251: len= 46 白胜 loss=22.8727 temp=0.25 total_env_steps=10946 t=0.16s
Ep  252: len= 57 黑胜 loss=22.8366 temp=0.25 total_env_steps=11003 t=0.17s
Ep  253: len= 31 黑胜 loss=22.6534 temp=0.25 total_env_steps=11034 t=0.14s
Ep  254: len= 42 白胜 loss=22.4006 temp=0.25 total_env_steps=11076 t=0.14s
Ep  255: len= 30 白胜 loss=22.6798 temp=0.25 total_env_steps=11106 t=0.13s
Ep  256: len= 28 白胜 loss=22.3421 temp=0.25 total_env_steps=11134 t=0.13s
Ep  257: len= 37 黑胜 loss=22.2000 temp=0.25 total_env_steps=11171 t=0.15s
Ep  258: len= 32 白胜 loss=22.2438 temp=0.25 total_env_steps=11203 t=0.13s
Ep  259: len= 21 黑胜 loss=22.0806 temp=0.25 total_env_steps=11224 t=0.12s
Ep  260: len= 19 黑胜 loss=22.1332 temp=0.25 total_env_steps=11243 t=0.11s
Ep  261: len= 39 黑胜 loss=22.3647 temp=0.25 total_env_steps=11282 t=0.14s
Ep  262: len= 52 白胜 loss=21.9394 temp=0.25 total_env_steps=11334 t=0.17s
Ep  263: len= 57 黑胜 loss=22.1489 temp=0.25 total_env_steps=11391 t=0.19s
Ep  264: len= 37 黑胜 loss=21.9724 temp=0.25 total_env_steps=11428 t=0.14s
Ep  265: len= 47 黑胜 loss=22.0906 temp=0.25 total_env_steps=11475 t=0.17s
Ep  266: len= 54 白胜 loss=21.9072 temp=0.25 total_env_steps=11529 t=0.19s
Ep  267: len= 74 白胜 loss=21.9132 temp=0.25 total_env_steps=11603 t=0.20s
Ep  268: len= 44 白胜 loss=22.0264 temp=0.25 total_env_steps=11647 t=0.16s
Ep  269: len= 27 黑胜 loss=22.0732 temp=0.25 total_env_steps=11674 t=0.12s
Ep  270: len= 19 黑胜 loss=21.6148 temp=0.25 total_env_steps=11693 t=0.12s
Ep  271: len= 41 黑胜 loss=21.8333 temp=0.25 total_env_steps=11734 t=0.14s
Ep  272: len= 58 白胜 loss=21.4201 temp=0.25 total_env_steps=11792 t=0.18s
Ep  273: len= 35 黑胜 loss=21.7526 temp=0.25 total_env_steps=11827 t=0.14s
Ep  274: len= 21 黑胜 loss=21.6049 temp=0.25 total_env_steps=11848 t=0.11s
Ep  275: len= 50 白胜 loss=21.5443 temp=0.25 total_env_steps=11898 t=0.17s
Ep  276: len= 46 白胜 loss=21.5178 temp=0.25 total_env_steps=11944 t=0.15s
Ep  277: len= 17 黑胜 loss=21.3329 temp=0.25 total_env_steps=11961 t=0.10s
Ep  278: len= 69 黑胜 loss=21.3629 temp=0.25 total_env_steps=12030 t=0.20s
Ep  279: len= 23 黑胜 loss=21.5358 temp=0.25 total_env_steps=12053 t=0.11s
Ep  280: len= 35 黑胜 loss=21.2495 temp=0.25 total_env_steps=12088 t=0.14s
Ep  281: len= 23 黑胜 loss=21.2647 temp=0.25 total_env_steps=12111 t=0.12s
Ep  282: len= 19 黑胜 loss=21.3705 temp=0.25 total_env_steps=12130 t=0.10s
Ep  283: len= 15 黑胜 loss=21.3717 temp=0.25 total_env_steps=12145 t=0.10s
Ep  284: len= 17 黑胜 loss=20.8060 temp=0.25 total_env_steps=12162 t=0.11s
Ep  285: len= 47 黑胜 loss=20.8762 temp=0.25 total_env_steps=12209 t=0.15s
Ep  286: len= 19 黑胜 loss=21.1506 temp=0.25 total_env_steps=12228 t=0.10s
Ep  287: len= 35 黑胜 loss=20.7902 temp=0.25 total_env_steps=12263 t=0.13s
Ep  288: len= 23 黑胜 loss=20.8610 temp=0.25 total_env_steps=12286 t=0.12s
Ep  289: len= 44 白胜 loss=20.5247 temp=0.25 total_env_steps=12330 t=0.16s
Ep  290: len= 33 黑胜 loss=20.6986 temp=0.25 total_env_steps=12363 t=0.13s
Ep  291: len= 19 黑胜 loss=20.6075 temp=0.25 total_env_steps=12382 t=0.10s
Ep  292: len= 43 黑胜 loss=21.0197 temp=0.25 total_env_steps=12425 t=0.15s
Ep  293: len= 31 黑胜 loss=20.7226 temp=0.25 total_env_steps=12456 t=0.13s
Ep  294: len= 35 黑胜 loss=20.6171 temp=0.25 total_env_steps=12491 t=0.13s
Ep  295: len= 21 黑胜 loss=20.3615 temp=0.25 total_env_steps=12512 t=0.11s
Ep  296: len= 19 黑胜 loss=20.4156 temp=0.25 total_env_steps=12531 t=0.11s
Ep  297: len= 19 黑胜 loss=20.4538 temp=0.25 total_env_steps=12550 t=0.11s
Ep  298: len= 19 黑胜 loss=20.0072 temp=0.25 total_env_steps=12569 t=0.10s
Ep  299: len= 19 黑胜 loss=20.2599 temp=0.25 total_env_steps=12588 t=0.10s
Ep  300: len= 66 白胜 loss=20.0149 temp=0.25 total_env_steps=12654 t=0.19s
  eval vs Gomoku-random-v0: win_rate=1.00 mean_return=1.00（20 局，total_env_steps=12654）
Ep  301: len= 53 黑胜 loss=20.1318 temp=0.25 total_env_steps=12707 t=0.16s
Ep  302: len= 51 黑胜 loss=20.0655 temp=0.25 total_env_steps=12758 t=0.16s
Ep  303: len= 55 黑胜 loss=20.0551 temp=0.25 total_env_steps=12813 t=0.18s
Ep  304: len= 45 黑胜 loss=19.9733 temp=0.25 total_env_steps=12858 t=0.16s
Ep  305: len= 19 黑胜 loss=19.9134 temp=0.25 total_env_steps=12877 t=0.11s
Ep  306: len= 19 黑胜 loss=20.1619 temp=0.25 total_env_steps=12896 t=0.11s
Ep  307: len= 19 黑胜 loss=20.0201 temp=0.25 total_env_steps=12915 t=0.11s
Ep  308: len= 19 黑胜 loss=19.7689 temp=0.25 total_env_steps=12934 t=0.11s
Ep  309: len= 17 黑胜 loss=19.5776 temp=0.25 total_env_steps=12951 t=0.11s
Ep  310: len= 21 黑胜 loss=19.4427 temp=0.25 total_env_steps=12972 t=0.11s
Ep  311: len= 19 黑胜 loss=19.5325 temp=0.25 total_env_steps=12991 t=0.11s
Ep  312: len= 19 黑胜 loss=19.6377 temp=0.25 total_env_steps=13010 t=0.11s
Ep  313: len= 21 黑胜 loss=19.5448 temp=0.25 total_env_steps=13031 t=0.11s
Ep  314: len= 21 黑胜 loss=19.0509 temp=0.25 total_env_steps=13052 t=0.11s
Ep  315: len= 21 黑胜 loss=19.3510 temp=0.25 total_env_steps=13073 t=0.11s
Ep  316: len= 23 黑胜 loss=19.2785 temp=0.25 total_env_steps=13096 t=0.12s
Ep  317: len= 19 黑胜 loss=19.0288 temp=0.25 total_env_steps=13115 t=0.11s
Ep  318: len= 19 黑胜 loss=18.6448 temp=0.25 total_env_steps=13134 t=0.10s
Ep  319: len= 21 黑胜 loss=18.7928 temp=0.25 total_env_steps=13155 t=0.11s
Ep  320: len= 64 白胜 loss=18.7837 temp=0.25 total_env_steps=13219 t=0.19s
Ep  321: len= 19 黑胜 loss=18.8793 temp=0.25 total_env_steps=13238 t=0.11s
Ep  322: len= 19 黑胜 loss=18.4969 temp=0.25 total_env_steps=13257 t=0.11s
Ep  323: len= 31 黑胜 loss=18.3796 temp=0.25 total_env_steps=13288 t=0.13s
Ep  324: len= 19 黑胜 loss=18.5054 temp=0.25 total_env_steps=13307 t=0.11s
Ep  325: len= 19 黑胜 loss=18.7282 temp=0.25 total_env_steps=13326 t=0.11s
Ep  326: len= 19 黑胜 loss=18.6316 temp=0.25 total_env_steps=13345 t=0.12s
Ep  327: len= 19 黑胜 loss=18.4059 temp=0.25 total_env_steps=13364 t=0.10s
Ep  328: len= 21 黑胜 loss=18.1207 temp=0.25 total_env_steps=13385 t=0.10s
Ep  329: len= 17 黑胜 loss=18.1845 temp=0.25 total_env_steps=13402 t=0.10s
Ep  330: len= 19 黑胜 loss=18.3134 temp=0.25 total_env_steps=13421 t=0.11s
Ep  331: len= 19 黑胜 loss=18.1702 temp=0.25 total_env_steps=13440 t=0.10s
Ep  332: len= 19 黑胜 loss=17.8317 temp=0.25 total_env_steps=13459 t=0.10s
Ep  333: len= 19 黑胜 loss=17.8662 temp=0.25 total_env_steps=13478 t=0.11s
Ep  334: len= 19 黑胜 loss=17.7787 temp=0.25 total_env_steps=13497 t=0.10s
Ep  335: len= 19 黑胜 loss=17.6305 temp=0.25 total_env_steps=13516 t=0.11s
Ep  336: len= 19 黑胜 loss=16.9908 temp=0.25 total_env_steps=13535 t=0.10s
Ep  337: len= 19 黑胜 loss=17.3946 temp=0.25 total_env_steps=13554 t=0.10s
Ep  338: len= 19 黑胜 loss=17.7198 temp=0.25 total_env_steps=13573 t=0.10s
Ep  339: len= 19 黑胜 loss=17.2361 temp=0.25 total_env_steps=13592 t=0.10s
Ep  340: len= 19 黑胜 loss=16.5674 temp=0.25 total_env_steps=13611 t=0.10s
Ep  341: len= 19 黑胜 loss=16.8870 temp=0.25 total_env_steps=13630 t=0.11s
Ep  342: len= 19 黑胜 loss=16.7785 temp=0.25 total_env_steps=13649 t=0.10s
Ep  343: len= 19 黑胜 loss=16.5351 temp=0.25 total_env_steps=13668 t=0.10s
Ep  344: len= 19 黑胜 loss=16.8456 temp=0.25 total_env_steps=13687 t=0.10s
Ep  345: len= 19 黑胜 loss=16.2116 temp=0.25 total_env_steps=13706 t=0.11s
Ep  346: len= 19 黑胜 loss=16.3292 temp=0.25 total_env_steps=13725 t=0.10s
Ep  347: len= 19 黑胜 loss=16.1224 temp=0.25 total_env_steps=13744 t=0.10s
Ep  348: len= 19 黑胜 loss=15.9437 temp=0.25 total_env_steps=13763 t=0.09s
Ep  349: len= 19 黑胜 loss=15.8168 temp=0.25 total_env_steps=13782 t=0.10s
Ep  350: len= 19 黑胜 loss=15.7919 temp=0.25 total_env_steps=13801 t=0.10s
  eval vs Gomoku-random-v0: win_rate=0.90 mean_return=0.80（20 局，total_env_steps=13801）
Ep  351: len= 19 黑胜 loss=15.6184 temp=0.25 total_env_steps=13820 t=0.09s
Ep  352: len= 19 黑胜 loss=15.8252 temp=0.25 total_env_steps=13839 t=0.10s
Ep  353: len= 19 黑胜 loss=15.6460 temp=0.25 total_env_steps=13858 t=0.11s
Ep  354: len= 44 白胜 loss=16.1951 temp=0.25 total_env_steps=13902 t=0.15s
Ep  355: len= 19 黑胜 loss=15.7420 temp=0.25 total_env_steps=13921 t=0.11s
Ep  356: len= 37 黑胜 loss=15.6554 temp=0.25 total_env_steps=13958 t=0.14s
Ep  357: len= 19 黑胜 loss=15.8505 temp=0.25 total_env_steps=13977 t=0.10s
Ep  358: len= 19 黑胜 loss=15.4498 temp=0.25 total_env_steps=13996 t=0.11s
Ep  359: len= 19 黑胜 loss=15.5172 temp=0.25 total_env_steps=14015 t=0.11s
Ep  360: len= 45 黑胜 loss=15.6874 temp=0.25 total_env_steps=14060 t=0.16s
Ep  361: len= 19 黑胜 loss=14.9284 temp=0.25 total_env_steps=14079 t=0.10s
Ep  362: len= 19 黑胜 loss=15.5348 temp=0.25 total_env_steps=14098 t=0.10s
Ep  363: len= 19 黑胜 loss=15.1124 temp=0.25 total_env_steps=14117 t=0.11s
Ep  364: len= 19 黑胜 loss=15.0279 temp=0.25 total_env_steps=14136 t=0.11s
Ep  365: len= 19 黑胜 loss=14.6244 temp=0.25 total_env_steps=14155 t=0.11s
Ep  366: len= 19 黑胜 loss=14.4840 temp=0.25 total_env_steps=14174 t=0.10s
Ep  367: len= 19 黑胜 loss=14.6673 temp=0.25 total_env_steps=14193 t=0.11s
Ep  368: len= 19 黑胜 loss=14.8976 temp=0.25 total_env_steps=14212 t=0.11s
Ep  369: len= 19 黑胜 loss=14.5292 temp=0.25 total_env_steps=14231 t=0.11s
Ep  370: len= 52 白胜 loss=14.3057 temp=0.25 total_env_steps=14283 t=0.16s
Ep  371: len= 19 黑胜 loss=14.6930 temp=0.25 total_env_steps=14302 t=0.10s
Ep  372: len= 17 黑胜 loss=14.4179 temp=0.25 total_env_steps=14319 t=0.10s
Ep  373: len= 19 黑胜 loss=13.7257 temp=0.25 total_env_steps=14338 t=0.11s
Ep  374: len= 19 黑胜 loss=13.8383 temp=0.25 total_env_steps=14357 t=0.10s
Ep  375: len= 19 黑胜 loss=14.3831 temp=0.25 total_env_steps=14376 t=0.10s
Ep  376: len= 19 黑胜 loss=13.9943 temp=0.25 total_env_steps=14395 t=0.11s
Ep  377: len= 19 黑胜 loss=13.5914 temp=0.25 total_env_steps=14414 t=0.11s
Ep  378: len= 37 黑胜 loss=14.1945 temp=0.25 total_env_steps=14451 t=0.15s
Ep  379: len= 19 黑胜 loss=13.6822 temp=0.25 total_env_steps=14470 t=0.11s
Ep  380: len= 19 黑胜 loss=13.8925 temp=0.25 total_env_steps=14489 t=0.10s
Ep  381: len= 19 黑胜 loss=13.1129 temp=0.25 total_env_steps=14508 t=0.10s
Ep  382: len= 19 黑胜 loss=13.8757 temp=0.25 total_env_steps=14527 t=0.11s
Ep  383: len= 21 黑胜 loss=13.8993 temp=0.25 total_env_steps=14548 t=0.10s
Ep  384: len= 19 黑胜 loss=13.2829 temp=0.25 total_env_steps=14567 t=0.10s
Ep  385: len= 19 黑胜 loss=13.1674 temp=0.25 total_env_steps=14586 t=0.11s
Ep  386: len= 19 黑胜 loss=13.3252 temp=0.25 total_env_steps=14605 t=0.11s
Ep  387: len= 19 黑胜 loss=13.5808 temp=0.25 total_env_steps=14624 t=0.10s
Ep  388: len= 19 黑胜 loss=13.1148 temp=0.25 total_env_steps=14643 t=0.11s
Ep  389: len= 19 黑胜 loss=13.0910 temp=0.25 total_env_steps=14662 t=0.10s
Ep  390: len= 19 黑胜 loss=12.8484 temp=0.25 total_env_steps=14681 t=0.10s
Ep  391: len= 19 黑胜 loss=12.8584 temp=0.25 total_env_steps=14700 t=0.10s
Ep  392: len= 17 黑胜 loss=12.8737 temp=0.25 total_env_steps=14717 t=0.11s
Ep  393: len= 19 黑胜 loss=12.7326 temp=0.25 total_env_steps=14736 t=0.11s
Ep  394: len= 19 黑胜 loss=12.4972 temp=0.25 total_env_steps=14755 t=0.11s
Ep  395: len= 19 黑胜 loss=12.7522 temp=0.25 total_env_steps=14774 t=0.11s
Ep  396: len= 17 黑胜 loss=12.2672 temp=0.25 total_env_steps=14791 t=0.10s
Ep  397: len= 19 黑胜 loss=12.3863 temp=0.25 total_env_steps=14810 t=0.10s
Ep  398: len= 19 黑胜 loss=11.7855 temp=0.25 total_env_steps=14829 t=0.11s
Ep  399: len= 19 黑胜 loss=11.8785 temp=0.25 total_env_steps=14848 t=0.10s
Ep  400: len= 36 白胜 loss=12.4817 temp=0.25 total_env_steps=14884 t=0.14s
  eval vs Gomoku-random-v0: win_rate=1.00 mean_return=1.00（20 局，total_env_steps=14884）
[闸门] vs random（40 局）: win_rate=0.925
[闸门] vs 半程快照（40 局，黑白各半）: score=0.700
[梯队] vs naive0（20 局，观察性）: win_rate=0.00
[梯队] vs naive1（20 局，观察性）: win_rate=0.00
[梯队] vs naive2（20 局，观察性）: win_rate=0.00
[梯队] vs naive3（20 局，观察性）: win_rate=0.00
📈 Gomoku-selfplay-v0 win_rate=1.00（best 1.00）| 门槛 0.95 | 67.4s

--- arm=batch256 seed=43 sims=100 ---
[MyZero-board Gomoku-selfplay-v0] obs=243(3×9²) |A|=81 sims=100 γ=1.0 negamax
Ep    1: len= 80 白胜 loss=0.0000 temp=1.00 total_env_steps=80 t=0.16s
Ep    2: len= 38 白胜 loss=0.0000 temp=1.00 total_env_steps=118 t=0.07s
Ep    3: len= 69 黑胜 loss=0.0000 temp=1.00 total_env_steps=187 t=0.14s
Ep    4: len= 51 黑胜 loss=0.0000 temp=1.00 total_env_steps=238 t=0.10s
Ep    5: len= 55 黑胜 loss=0.0000 temp=1.00 total_env_steps=293 t=0.10s
Ep    6: len= 36 白胜 loss=0.0000 temp=1.00 total_env_steps=329 t=0.07s
Ep    7: len= 51 黑胜 loss=0.0000 temp=1.00 total_env_steps=380 t=0.10s
Ep    8: len= 55 黑胜 loss=0.0000 temp=1.00 total_env_steps=435 t=0.11s
Ep    9: len= 65 黑胜 loss=0.0000 temp=1.00 total_env_steps=500 t=0.12s
Ep   10: len= 68 白胜 loss=35.2084 temp=1.00 total_env_steps=568 t=0.18s
Ep   11: len= 62 白胜 loss=28.6063 temp=1.00 total_env_steps=630 t=0.18s
Ep   12: len= 47 黑胜 loss=28.2031 temp=1.00 total_env_steps=677 t=0.17s
Ep   13: len= 41 黑胜 loss=28.0930 temp=1.00 total_env_steps=718 t=0.13s
Ep   14: len= 72 白胜 loss=28.0826 temp=1.00 total_env_steps=790 t=0.19s
Ep   15: len= 59 黑胜 loss=28.0181 temp=1.00 total_env_steps=849 t=0.18s
Ep   16: len= 55 黑胜 loss=28.0927 temp=1.00 total_env_steps=904 t=0.16s
Ep   17: len= 61 黑胜 loss=27.9837 temp=1.00 total_env_steps=965 t=0.18s
Ep   18: len= 45 黑胜 loss=28.0572 temp=1.00 total_env_steps=1010 t=0.14s
Ep   19: len= 47 黑胜 loss=27.9940 temp=1.00 total_env_steps=1057 t=0.15s
Ep   20: len= 68 白胜 loss=28.0674 temp=1.00 total_env_steps=1125 t=0.18s
Ep   21: len= 44 白胜 loss=28.0466 temp=1.00 total_env_steps=1169 t=0.14s
Ep   22: len= 50 白胜 loss=28.0647 temp=1.00 total_env_steps=1219 t=0.14s
Ep   23: len= 65 黑胜 loss=28.0799 temp=1.00 total_env_steps=1284 t=0.17s
Ep   24: len= 39 黑胜 loss=28.0667 temp=1.00 total_env_steps=1323 t=0.14s
Ep   25: len= 51 黑胜 loss=28.1053 temp=1.00 total_env_steps=1374 t=0.15s
Ep   26: len= 54 白胜 loss=28.0339 temp=1.00 total_env_steps=1428 t=0.17s
Ep   27: len= 59 黑胜 loss=28.0497 temp=1.00 total_env_steps=1487 t=0.17s
Ep   28: len= 36 白胜 loss=28.0782 temp=1.00 total_env_steps=1523 t=0.13s
Ep   29: len= 46 白胜 loss=27.9797 temp=1.00 total_env_steps=1569 t=0.15s
Ep   30: len= 54 白胜 loss=28.0099 temp=1.00 total_env_steps=1623 t=0.17s
Ep   31: len= 58 白胜 loss=27.9548 temp=1.00 total_env_steps=1681 t=0.17s
Ep   32: len= 39 黑胜 loss=27.8962 temp=1.00 total_env_steps=1720 t=0.13s
Ep   33: len= 52 白胜 loss=27.8894 temp=1.00 total_env_steps=1772 t=0.16s
Ep   34: len= 53 黑胜 loss=27.8575 temp=1.00 total_env_steps=1825 t=0.16s
Ep   35: len= 54 白胜 loss=27.8883 temp=1.00 total_env_steps=1879 t=0.16s
Ep   36: len= 48 白胜 loss=27.7841 temp=1.00 total_env_steps=1927 t=0.14s
Ep   37: len= 45 黑胜 loss=27.7671 temp=1.00 total_env_steps=1972 t=0.14s
Ep   38: len= 50 白胜 loss=27.6976 temp=1.00 total_env_steps=2022 t=0.15s
Ep   39: len= 34 白胜 loss=27.7543 temp=1.00 total_env_steps=2056 t=0.12s
Ep   40: len= 45 黑胜 loss=27.7009 temp=1.00 total_env_steps=2101 t=0.15s
Ep   41: len= 55 黑胜 loss=27.6723 temp=1.00 total_env_steps=2156 t=0.18s
Ep   42: len= 55 黑胜 loss=27.6030 temp=1.00 total_env_steps=2211 t=0.16s
Ep   43: len= 71 黑胜 loss=27.6612 temp=1.00 total_env_steps=2282 t=0.20s
Ep   44: len= 61 黑胜 loss=27.6039 temp=1.00 total_env_steps=2343 t=0.18s
Ep   45: len= 49 黑胜 loss=27.5956 temp=1.00 total_env_steps=2392 t=0.16s
Ep   46: len= 47 黑胜 loss=27.5962 temp=1.00 total_env_steps=2439 t=0.15s
Ep   47: len= 54 白胜 loss=27.5877 temp=1.00 total_env_steps=2493 t=0.16s
Ep   48: len= 27 黑胜 loss=27.5564 temp=1.00 total_env_steps=2520 t=0.12s
Ep   49: len= 66 白胜 loss=27.5721 temp=1.00 total_env_steps=2586 t=0.19s
Ep   50: len= 44 白胜 loss=27.5922 temp=1.00 total_env_steps=2630 t=0.15s
  eval vs Gomoku-random-v0: win_rate=0.80 mean_return=0.60（20 局，total_env_steps=2630）
Ep   51: len= 58 白胜 loss=27.4960 temp=1.00 total_env_steps=2688 t=0.17s
Ep   52: len= 61 黑胜 loss=27.5293 temp=1.00 total_env_steps=2749 t=0.16s
Ep   53: len= 28 白胜 loss=27.4927 temp=1.00 total_env_steps=2777 t=0.10s
Ep   54: len= 66 白胜 loss=27.4239 temp=1.00 total_env_steps=2843 t=0.18s
Ep   55: len= 29 黑胜 loss=27.3312 temp=1.00 total_env_steps=2872 t=0.11s
Ep   56: len= 23 黑胜 loss=27.3244 temp=1.00 total_env_steps=2895 t=0.10s
Ep   57: len= 43 黑胜 loss=27.2850 temp=1.00 total_env_steps=2938 t=0.14s
Ep   58: len= 65 黑胜 loss=27.2543 temp=1.00 total_env_steps=3003 t=0.19s
Ep   59: len= 35 黑胜 loss=27.2053 temp=1.00 total_env_steps=3038 t=0.13s
Ep   60: len= 41 黑胜 loss=27.2238 temp=1.00 total_env_steps=3079 t=0.14s
Ep   61: len= 52 白胜 loss=27.3031 temp=1.00 total_env_steps=3131 t=0.16s
Ep   62: len= 49 黑胜 loss=27.2316 temp=1.00 total_env_steps=3180 t=0.15s
Ep   63: len= 62 白胜 loss=27.2958 temp=1.00 total_env_steps=3242 t=0.18s
Ep   64: len= 62 白胜 loss=27.2576 temp=1.00 total_env_steps=3304 t=0.18s
Ep   65: len= 57 黑胜 loss=27.2608 temp=1.00 total_env_steps=3361 t=0.16s
Ep   66: len= 39 黑胜 loss=27.2100 temp=1.00 total_env_steps=3400 t=0.13s
Ep   67: len= 29 黑胜 loss=27.2144 temp=1.00 total_env_steps=3429 t=0.12s
Ep   68: len= 56 白胜 loss=27.1771 temp=1.00 total_env_steps=3485 t=0.16s
Ep   69: len= 62 白胜 loss=27.1963 temp=1.00 total_env_steps=3547 t=0.17s
Ep   70: len= 39 黑胜 loss=27.2506 temp=1.00 total_env_steps=3586 t=0.13s
Ep   71: len= 44 白胜 loss=27.2028 temp=1.00 total_env_steps=3630 t=0.13s
Ep   72: len= 51 黑胜 loss=27.2321 temp=1.00 total_env_steps=3681 t=0.15s
Ep   73: len= 61 黑胜 loss=27.2763 temp=1.00 total_env_steps=3742 t=0.18s
Ep   74: len= 45 黑胜 loss=27.2202 temp=1.00 total_env_steps=3787 t=0.15s
Ep   75: len= 61 黑胜 loss=27.2297 temp=1.00 total_env_steps=3848 t=0.18s
Ep   76: len= 55 黑胜 loss=27.1884 temp=1.00 total_env_steps=3903 t=0.16s
Ep   77: len= 51 黑胜 loss=27.1130 temp=1.00 total_env_steps=3954 t=0.16s
Ep   78: len= 37 黑胜 loss=27.1358 temp=1.00 total_env_steps=3991 t=0.13s
Ep   79: len= 52 白胜 loss=27.1478 temp=1.00 total_env_steps=4043 t=0.16s
Ep   80: len= 27 黑胜 loss=27.1597 temp=1.00 total_env_steps=4070 t=0.11s
Ep   81: len= 68 白胜 loss=27.1122 temp=1.00 total_env_steps=4138 t=0.18s
Ep   82: len= 49 黑胜 loss=27.0690 temp=1.00 total_env_steps=4187 t=0.16s
Ep   83: len= 63 黑胜 loss=27.0296 temp=1.00 total_env_steps=4250 t=0.18s
Ep   84: len= 53 黑胜 loss=27.1042 temp=1.00 total_env_steps=4303 t=0.16s
Ep   85: len= 57 黑胜 loss=27.1373 temp=1.00 total_env_steps=4360 t=0.16s
Ep   86: len= 57 黑胜 loss=27.1259 temp=1.00 total_env_steps=4417 t=0.16s
Ep   87: len= 62 白胜 loss=27.0755 temp=1.00 total_env_steps=4479 t=0.16s
Ep   88: len= 55 黑胜 loss=26.9706 temp=1.00 total_env_steps=4534 t=0.16s
Ep   89: len= 37 黑胜 loss=27.0887 temp=1.00 total_env_steps=4571 t=0.12s
Ep   90: len= 53 黑胜 loss=27.0649 temp=1.00 total_env_steps=4624 t=0.16s
Ep   91: len= 45 黑胜 loss=27.0091 temp=1.00 total_env_steps=4669 t=0.15s
Ep   92: len= 45 黑胜 loss=27.0191 temp=1.00 total_env_steps=4714 t=0.17s
Ep   93: len= 49 黑胜 loss=27.0012 temp=1.00 total_env_steps=4763 t=0.16s
Ep   94: len= 47 黑胜 loss=27.0159 temp=1.00 total_env_steps=4810 t=0.15s
Ep   95: len= 43 黑胜 loss=27.0098 temp=1.00 total_env_steps=4853 t=0.15s
Ep   96: len= 39 黑胜 loss=27.0529 temp=1.00 total_env_steps=4892 t=0.13s
Ep   97: len= 33 黑胜 loss=26.9608 temp=1.00 total_env_steps=4925 t=0.12s
Ep   98: len= 35 黑胜 loss=26.9720 temp=1.00 total_env_steps=4960 t=0.14s
Ep   99: len= 45 黑胜 loss=26.9488 temp=1.00 total_env_steps=5005 t=0.14s
Ep  100: len= 60 白胜 loss=26.9118 temp=1.00 total_env_steps=5065 t=0.16s
  eval vs Gomoku-random-v0: win_rate=0.80 mean_return=0.60（20 局，total_env_steps=5065）
Ep  101: len= 46 白胜 loss=26.9367 temp=1.00 total_env_steps=5111 t=0.14s
Ep  102: len= 49 黑胜 loss=26.9762 temp=0.99 total_env_steps=5160 t=0.15s
Ep  103: len= 76 白胜 loss=26.9971 temp=0.99 total_env_steps=5236 t=0.19s
Ep  104: len= 38 白胜 loss=26.9712 temp=0.98 total_env_steps=5274 t=0.13s
Ep  105: len= 63 黑胜 loss=26.9344 temp=0.97 total_env_steps=5337 t=0.17s
Ep  106: len= 60 白胜 loss=26.9234 temp=0.96 total_env_steps=5397 t=0.17s
Ep  107: len= 63 黑胜 loss=26.9700 temp=0.95 total_env_steps=5460 t=0.17s
Ep  108: len= 50 白胜 loss=26.9764 temp=0.95 total_env_steps=5510 t=0.14s
Ep  109: len= 44 白胜 loss=26.8546 temp=0.94 total_env_steps=5554 t=0.14s
Ep  110: len= 53 黑胜 loss=26.8823 temp=0.93 total_env_steps=5607 t=0.16s
Ep  111: len= 57 黑胜 loss=26.8482 temp=0.93 total_env_steps=5664 t=0.17s
Ep  112: len= 44 白胜 loss=26.7823 temp=0.92 total_env_steps=5708 t=0.15s
Ep  113: len= 58 白胜 loss=26.7674 temp=0.91 total_env_steps=5766 t=0.18s
Ep  114: len= 43 黑胜 loss=26.7796 temp=0.90 total_env_steps=5809 t=0.15s
Ep  115: len= 45 黑胜 loss=26.7841 temp=0.89 total_env_steps=5854 t=0.15s
Ep  116: len= 43 黑胜 loss=26.8525 temp=0.89 total_env_steps=5897 t=0.15s
Ep  117: len= 66 白胜 loss=26.7746 temp=0.88 total_env_steps=5963 t=0.19s
Ep  118: len= 42 白胜 loss=26.6903 temp=0.87 total_env_steps=6005 t=0.15s
Ep  119: len= 49 黑胜 loss=26.7548 temp=0.87 total_env_steps=6054 t=0.16s
Ep  120: len= 60 白胜 loss=26.7414 temp=0.86 total_env_steps=6114 t=0.19s
Ep  121: len= 47 黑胜 loss=26.8200 temp=0.85 total_env_steps=6161 t=0.16s
Ep  122: len= 61 黑胜 loss=26.7393 temp=0.84 total_env_steps=6222 t=0.18s
Ep  123: len= 66 白胜 loss=26.7101 temp=0.84 total_env_steps=6288 t=0.19s
Ep  124: len= 35 黑胜 loss=26.6898 temp=0.83 total_env_steps=6323 t=0.14s
Ep  125: len= 65 黑胜 loss=26.7445 temp=0.82 total_env_steps=6388 t=0.18s
Ep  126: len= 53 黑胜 loss=26.7066 temp=0.81 total_env_steps=6441 t=0.17s
Ep  127: len= 49 黑胜 loss=26.7045 temp=0.81 total_env_steps=6490 t=0.15s
Ep  128: len= 55 黑胜 loss=26.7870 temp=0.80 total_env_steps=6545 t=0.18s
Ep  129: len= 43 黑胜 loss=26.7069 temp=0.79 total_env_steps=6588 t=0.15s
Ep  130: len= 58 白胜 loss=26.6663 temp=0.78 total_env_steps=6646 t=0.17s
Ep  131: len= 55 黑胜 loss=26.5604 temp=0.77 total_env_steps=6701 t=0.16s
Ep  132: len= 37 黑胜 loss=26.5521 temp=0.77 total_env_steps=6738 t=0.14s
Ep  133: len= 51 黑胜 loss=26.7018 temp=0.76 total_env_steps=6789 t=0.16s
Ep  134: len= 47 黑胜 loss=26.6274 temp=0.75 total_env_steps=6836 t=0.14s
Ep  135: len= 15 黑胜 loss=26.5974 temp=0.75 total_env_steps=6851 t=0.08s
Ep  136: len= 45 黑胜 loss=26.5844 temp=0.74 total_env_steps=6896 t=0.16s
Ep  137: len= 59 黑胜 loss=26.6308 temp=0.73 total_env_steps=6955 t=0.17s
Ep  138: len= 45 黑胜 loss=26.6472 temp=0.72 total_env_steps=7000 t=0.14s
Ep  139: len= 47 黑胜 loss=26.5371 temp=0.72 total_env_steps=7047 t=0.14s
Ep  140: len= 63 黑胜 loss=26.4518 temp=0.71 total_env_steps=7110 t=0.17s
Ep  141: len= 54 白胜 loss=26.4372 temp=0.70 total_env_steps=7164 t=0.15s
Ep  142: len= 47 黑胜 loss=26.4295 temp=0.69 total_env_steps=7211 t=0.15s
Ep  143: len= 39 黑胜 loss=26.5313 temp=0.69 total_env_steps=7250 t=0.13s
Ep  144: len= 24 白胜 loss=26.6216 temp=0.68 total_env_steps=7274 t=0.10s
Ep  145: len= 49 黑胜 loss=26.4297 temp=0.67 total_env_steps=7323 t=0.16s
Ep  146: len= 55 黑胜 loss=26.4006 temp=0.66 total_env_steps=7378 t=0.16s
Ep  147: len= 52 白胜 loss=26.4643 temp=0.65 total_env_steps=7430 t=0.15s
Ep  148: len= 71 黑胜 loss=26.4112 temp=0.65 total_env_steps=7501 t=0.19s
Ep  149: len= 39 黑胜 loss=26.4235 temp=0.64 total_env_steps=7540 t=0.13s
Ep  150: len= 27 黑胜 loss=26.3148 temp=0.63 total_env_steps=7567 t=0.11s
  eval vs Gomoku-random-v0: win_rate=0.90 mean_return=0.80（20 局，total_env_steps=7567）
Ep  151: len= 43 黑胜 loss=26.2464 temp=0.62 total_env_steps=7610 t=0.15s
Ep  152: len= 54 白胜 loss=26.3008 temp=0.62 total_env_steps=7664 t=0.16s
Ep  153: len= 47 黑胜 loss=26.1933 temp=0.61 total_env_steps=7711 t=0.15s
Ep  154: len= 57 黑胜 loss=26.4170 temp=0.60 total_env_steps=7768 t=0.16s
Ep  155: len= 45 黑胜 loss=26.4037 temp=0.59 total_env_steps=7813 t=0.14s
Ep  156: len= 50 白胜 loss=26.2471 temp=0.59 total_env_steps=7863 t=0.15s
Ep  157: len= 62 白胜 loss=26.3576 temp=0.58 total_env_steps=7925 t=0.17s
Ep  158: len= 51 黑胜 loss=26.2900 temp=0.57 total_env_steps=7976 t=0.15s
Ep  159: len= 60 白胜 loss=26.2554 temp=0.56 total_env_steps=8036 t=0.18s
Ep  160: len= 64 白胜 loss=26.2600 temp=0.56 total_env_steps=8100 t=0.18s
Ep  161: len= 73 黑胜 loss=26.2734 temp=0.55 total_env_steps=8173 t=0.19s
Ep  162: len= 50 白胜 loss=26.3928 temp=0.54 total_env_steps=8223 t=0.16s
Ep  163: len= 59 黑胜 loss=26.5340 temp=0.53 total_env_steps=8282 t=0.17s
Ep  164: len= 52 白胜 loss=26.3145 temp=0.53 total_env_steps=8334 t=0.17s
Ep  165: len= 62 白胜 loss=26.2910 temp=0.52 total_env_steps=8396 t=0.17s
Ep  166: len= 59 黑胜 loss=26.1563 temp=0.51 total_env_steps=8455 t=0.18s
Ep  167: len= 81 平局 loss=26.2839 temp=0.50 total_env_steps=8536 t=0.21s
Ep  168: len= 47 黑胜 loss=26.2368 temp=0.50 total_env_steps=8583 t=0.16s
Ep  169: len= 73 黑胜 loss=26.2370 temp=0.49 total_env_steps=8656 t=0.20s
Ep  170: len= 29 黑胜 loss=26.2573 temp=0.48 total_env_steps=8685 t=0.12s
Ep  171: len= 45 黑胜 loss=26.1027 temp=0.48 total_env_steps=8730 t=0.15s
Ep  172: len= 59 黑胜 loss=26.1092 temp=0.47 total_env_steps=8789 t=0.17s
Ep  173: len= 61 黑胜 loss=26.1928 temp=0.46 total_env_steps=8850 t=0.16s
Ep  174: len= 45 黑胜 loss=26.1737 temp=0.45 total_env_steps=8895 t=0.15s
Ep  175: len= 31 黑胜 loss=26.0873 temp=0.44 total_env_steps=8926 t=0.12s
Ep  176: len= 65 黑胜 loss=26.0726 temp=0.44 total_env_steps=8991 t=0.20s
Ep  177: len= 42 白胜 loss=26.0127 temp=0.43 total_env_steps=9033 t=0.15s
Ep  178: len= 51 黑胜 loss=26.1088 temp=0.42 total_env_steps=9084 t=0.16s
Ep  179: len= 67 黑胜 loss=26.0627 temp=0.42 total_env_steps=9151 t=0.18s
Ep  180: len= 27 黑胜 loss=26.0644 temp=0.41 total_env_steps=9178 t=0.11s
Ep  181: len= 48 白胜 loss=26.2671 temp=0.40 total_env_steps=9226 t=0.14s
Ep  182: len= 49 黑胜 loss=26.1052 temp=0.39 total_env_steps=9275 t=0.16s
Ep  183: len= 41 黑胜 loss=26.0915 temp=0.38 total_env_steps=9316 t=0.13s
Ep  184: len= 29 黑胜 loss=25.9969 temp=0.38 total_env_steps=9345 t=0.11s
Ep  185: len= 37 黑胜 loss=25.9976 temp=0.37 total_env_steps=9382 t=0.12s
Ep  186: len= 38 白胜 loss=26.0058 temp=0.36 total_env_steps=9420 t=0.13s
Ep  187: len= 48 白胜 loss=25.9875 temp=0.36 total_env_steps=9468 t=0.15s
Ep  188: len= 39 黑胜 loss=25.8978 temp=0.35 total_env_steps=9507 t=0.14s
Ep  189: len= 43 黑胜 loss=26.0528 temp=0.34 total_env_steps=9550 t=0.15s
Ep  190: len= 52 白胜 loss=25.9209 temp=0.33 total_env_steps=9602 t=0.16s
Ep  191: len= 37 黑胜 loss=25.8066 temp=0.33 total_env_steps=9639 t=0.14s
Ep  192: len= 21 黑胜 loss=25.7073 temp=0.32 total_env_steps=9660 t=0.11s
Ep  193: len= 53 黑胜 loss=25.9389 temp=0.31 total_env_steps=9713 t=0.16s
Ep  194: len= 63 黑胜 loss=25.8644 temp=0.30 total_env_steps=9776 t=0.18s
Ep  195: len= 55 黑胜 loss=25.8385 temp=0.30 total_env_steps=9831 t=0.17s
Ep  196: len= 48 白胜 loss=25.8604 temp=0.29 total_env_steps=9879 t=0.15s
Ep  197: len= 55 黑胜 loss=25.7704 temp=0.28 total_env_steps=9934 t=0.16s
Ep  198: len= 25 黑胜 loss=25.8257 temp=0.27 total_env_steps=9959 t=0.11s
Ep  199: len= 41 黑胜 loss=25.6779 temp=0.26 total_env_steps=10000 t=0.14s
Ep  200: len= 47 黑胜 loss=25.8130 temp=0.26 total_env_steps=10047 t=0.16s
  eval vs Gomoku-random-v0: win_rate=0.85 mean_return=0.70（20 局，total_env_steps=10047）
  📸 已拍权重快照（ep=200，gating 对弈基准）
Ep  201: len= 39 黑胜 loss=25.7494 temp=0.25 total_env_steps=10086 t=0.14s
Ep  202: len= 35 黑胜 loss=25.8298 temp=0.25 total_env_steps=10121 t=0.13s
Ep  203: len= 21 黑胜 loss=25.5517 temp=0.25 total_env_steps=10142 t=0.10s
Ep  204: len= 22 白胜 loss=25.7110 temp=0.25 total_env_steps=10164 t=0.11s
Ep  205: len= 60 白胜 loss=25.4699 temp=0.25 total_env_steps=10224 t=0.18s
Ep  206: len= 56 白胜 loss=25.6073 temp=0.25 total_env_steps=10280 t=0.18s
Ep  207: len= 31 黑胜 loss=25.5858 temp=0.25 total_env_steps=10311 t=0.13s
Ep  208: len= 61 黑胜 loss=25.4853 temp=0.25 total_env_steps=10372 t=0.18s
Ep  209: len= 35 黑胜 loss=25.5244 temp=0.25 total_env_steps=10407 t=0.14s
Ep  210: len= 25 黑胜 loss=25.2912 temp=0.25 total_env_steps=10432 t=0.12s
Ep  211: len= 21 黑胜 loss=25.4862 temp=0.25 total_env_steps=10453 t=0.10s
Ep  212: len= 41 黑胜 loss=25.3889 temp=0.25 total_env_steps=10494 t=0.15s
Ep  213: len= 51 黑胜 loss=25.4815 temp=0.25 total_env_steps=10545 t=0.17s
Ep  214: len= 59 黑胜 loss=25.3725 temp=0.25 total_env_steps=10604 t=0.18s
Ep  215: len= 76 白胜 loss=25.2970 temp=0.25 total_env_steps=10680 t=0.21s
Ep  216: len= 61 黑胜 loss=25.3190 temp=0.25 total_env_steps=10741 t=0.19s
Ep  217: len= 57 黑胜 loss=25.1820 temp=0.25 total_env_steps=10798 t=0.18s
Ep  218: len= 23 黑胜 loss=25.1029 temp=0.25 total_env_steps=10821 t=0.11s
Ep  219: len= 21 黑胜 loss=25.0336 temp=0.25 total_env_steps=10842 t=0.11s
Ep  220: len= 21 黑胜 loss=24.9943 temp=0.25 total_env_steps=10863 t=0.11s
Ep  221: len= 17 黑胜 loss=25.1794 temp=0.25 total_env_steps=10880 t=0.10s
Ep  222: len= 39 黑胜 loss=25.2791 temp=0.25 total_env_steps=10919 t=0.15s
Ep  223: len= 55 黑胜 loss=25.0219 temp=0.25 total_env_steps=10974 t=0.18s
Ep  224: len= 33 黑胜 loss=24.9593 temp=0.25 total_env_steps=11007 t=0.13s
Ep  225: len= 32 白胜 loss=24.9104 temp=0.25 total_env_steps=11039 t=0.13s
Ep  226: len= 33 黑胜 loss=25.0627 temp=0.25 total_env_steps=11072 t=0.13s
Ep  227: len= 33 黑胜 loss=24.8672 temp=0.25 total_env_steps=11105 t=0.14s
Ep  228: len= 19 黑胜 loss=24.7957 temp=0.25 total_env_steps=11124 t=0.10s
Ep  229: len= 17 黑胜 loss=24.7125 temp=0.25 total_env_steps=11141 t=0.10s
Ep  230: len= 35 黑胜 loss=24.7401 temp=0.25 total_env_steps=11176 t=0.13s
Ep  231: len= 29 黑胜 loss=24.7561 temp=0.25 total_env_steps=11205 t=0.12s
Ep  232: len= 59 黑胜 loss=24.6781 temp=0.25 total_env_steps=11264 t=0.19s
Ep  233: len= 17 黑胜 loss=24.5184 temp=0.25 total_env_steps=11281 t=0.10s
Ep  234: len= 19 黑胜 loss=24.6067 temp=0.25 total_env_steps=11300 t=0.11s
Ep  235: len= 15 黑胜 loss=24.2886 temp=0.25 total_env_steps=11315 t=0.09s
Ep  236: len= 40 白胜 loss=24.4720 temp=0.25 total_env_steps=11355 t=0.14s
Ep  237: len= 37 黑胜 loss=24.1390 temp=0.25 total_env_steps=11392 t=0.13s
Ep  238: len= 19 黑胜 loss=24.3723 temp=0.25 total_env_steps=11411 t=0.11s
Ep  239: len= 15 黑胜 loss=24.0255 temp=0.25 total_env_steps=11426 t=0.10s
Ep  240: len= 15 黑胜 loss=24.0779 temp=0.25 total_env_steps=11441 t=0.09s
Ep  241: len= 13 黑胜 loss=23.9602 temp=0.25 total_env_steps=11454 t=0.09s
Ep  242: len= 29 黑胜 loss=24.0286 temp=0.25 total_env_steps=11483 t=0.12s
Ep  243: len= 13 黑胜 loss=24.0776 temp=0.25 total_env_steps=11496 t=0.09s
Ep  244: len= 13 黑胜 loss=23.7915 temp=0.25 total_env_steps=11509 t=0.09s
Ep  245: len= 11 黑胜 loss=23.6046 temp=0.25 total_env_steps=11520 t=0.09s
Ep  246: len= 13 黑胜 loss=23.6080 temp=0.25 total_env_steps=11533 t=0.09s
Ep  247: len= 27 黑胜 loss=23.8817 temp=0.25 total_env_steps=11560 t=0.12s
Ep  248: len= 46 白胜 loss=23.6458 temp=0.25 total_env_steps=11606 t=0.15s
Ep  249: len= 13 黑胜 loss=23.5998 temp=0.25 total_env_steps=11619 t=0.09s
Ep  250: len= 13 黑胜 loss=23.2252 temp=0.25 total_env_steps=11632 t=0.09s
  eval vs Gomoku-random-v0: win_rate=0.65 mean_return=0.30（20 局，total_env_steps=11632）
Ep  251: len= 13 黑胜 loss=23.6196 temp=0.25 total_env_steps=11645 t=0.09s
Ep  252: len= 28 白胜 loss=23.4737 temp=0.25 total_env_steps=11673 t=0.12s
Ep  253: len= 13 黑胜 loss=23.2377 temp=0.25 total_env_steps=11686 t=0.09s
Ep  254: len= 13 黑胜 loss=23.1655 temp=0.25 total_env_steps=11699 t=0.10s
Ep  255: len= 19 黑胜 loss=23.3147 temp=0.25 total_env_steps=11718 t=0.10s
Ep  256: len= 13 黑胜 loss=23.1565 temp=0.25 total_env_steps=11731 t=0.09s
Ep  257: len= 13 黑胜 loss=22.8244 temp=0.25 total_env_steps=11744 t=0.09s
Ep  258: len= 27 黑胜 loss=22.6030 temp=0.25 total_env_steps=11771 t=0.12s
Ep  259: len= 27 黑胜 loss=22.6971 temp=0.25 total_env_steps=11798 t=0.11s
Ep  260: len= 19 黑胜 loss=22.5409 temp=0.25 total_env_steps=11817 t=0.10s
Ep  261: len= 38 白胜 loss=22.7366 temp=0.25 total_env_steps=11855 t=0.14s
Ep  262: len= 46 白胜 loss=22.7553 temp=0.25 total_env_steps=11901 t=0.15s
Ep  263: len= 41 黑胜 loss=22.8435 temp=0.25 total_env_steps=11942 t=0.14s
Ep  264: len= 13 黑胜 loss=22.3562 temp=0.25 total_env_steps=11955 t=0.09s
Ep  265: len= 23 黑胜 loss=22.4162 temp=0.25 total_env_steps=11978 t=0.12s
Ep  266: len= 13 黑胜 loss=21.9750 temp=0.25 total_env_steps=11991 t=0.09s
Ep  267: len= 13 黑胜 loss=21.5766 temp=0.25 total_env_steps=12004 t=0.09s
Ep  268: len= 46 白胜 loss=22.1750 temp=0.25 total_env_steps=12050 t=0.15s
Ep  269: len= 13 黑胜 loss=21.7619 temp=0.25 total_env_steps=12063 t=0.09s
Ep  270: len= 19 黑胜 loss=21.8914 temp=0.25 total_env_steps=12082 t=0.11s
Ep  271: len= 21 黑胜 loss=21.8565 temp=0.25 total_env_steps=12103 t=0.12s
Ep  272: len= 15 黑胜 loss=22.0850 temp=0.25 total_env_steps=12118 t=0.09s
Ep  273: len= 13 黑胜 loss=21.4231 temp=0.25 total_env_steps=12131 t=0.08s
Ep  274: len= 13 黑胜 loss=21.5009 temp=0.25 total_env_steps=12144 t=0.09s
Ep  275: len= 39 黑胜 loss=21.2880 temp=0.25 total_env_steps=12183 t=0.15s
Ep  276: len= 13 黑胜 loss=21.0750 temp=0.25 total_env_steps=12196 t=0.09s
Ep  277: len= 17 黑胜 loss=20.9517 temp=0.25 total_env_steps=12213 t=0.10s
Ep  278: len= 13 黑胜 loss=20.9490 temp=0.25 total_env_steps=12226 t=0.09s
Ep  279: len= 25 黑胜 loss=21.2567 temp=0.25 total_env_steps=12251 t=0.11s
Ep  280: len= 13 黑胜 loss=21.2276 temp=0.25 total_env_steps=12264 t=0.09s
Ep  281: len= 13 黑胜 loss=20.3752 temp=0.25 total_env_steps=12277 t=0.09s
Ep  282: len= 31 黑胜 loss=21.1496 temp=0.25 total_env_steps=12308 t=0.13s
Ep  283: len= 13 黑胜 loss=20.5676 temp=0.25 total_env_steps=12321 t=0.08s
Ep  284: len= 43 黑胜 loss=20.7782 temp=0.25 total_env_steps=12364 t=0.14s
Ep  285: len= 13 黑胜 loss=20.4961 temp=0.25 total_env_steps=12377 t=0.09s
Ep  286: len= 58 白胜 loss=20.4421 temp=0.25 total_env_steps=12435 t=0.18s
Ep  287: len= 13 黑胜 loss=20.4757 temp=0.25 total_env_steps=12448 t=0.10s
Ep  288: len= 45 黑胜 loss=20.2270 temp=0.25 total_env_steps=12493 t=0.15s
Ep  289: len= 13 黑胜 loss=20.0862 temp=0.25 total_env_steps=12506 t=0.09s
Ep  290: len= 13 黑胜 loss=20.0940 temp=0.25 total_env_steps=12519 t=0.10s
Ep  291: len= 13 黑胜 loss=20.6081 temp=0.25 total_env_steps=12532 t=0.09s
Ep  292: len= 19 黑胜 loss=19.8952 temp=0.25 total_env_steps=12551 t=0.11s
Ep  293: len= 21 黑胜 loss=19.9829 temp=0.25 total_env_steps=12572 t=0.11s
Ep  294: len= 57 黑胜 loss=20.0038 temp=0.25 total_env_steps=12629 t=0.18s
Ep  295: len= 13 黑胜 loss=20.0043 temp=0.25 total_env_steps=12642 t=0.09s
Ep  296: len= 13 黑胜 loss=19.8379 temp=0.25 total_env_steps=12655 t=0.09s
Ep  297: len= 13 黑胜 loss=20.0533 temp=0.25 total_env_steps=12668 t=0.09s
Ep  298: len= 13 黑胜 loss=19.3767 temp=0.25 total_env_steps=12681 t=0.09s
Ep  299: len= 15 黑胜 loss=19.8368 temp=0.25 total_env_steps=12696 t=0.10s
Ep  300: len= 17 黑胜 loss=19.1020 temp=0.25 total_env_steps=12713 t=0.10s
  eval vs Gomoku-random-v0: win_rate=0.80 mean_return=0.60（20 局，total_env_steps=12713）
Ep  301: len= 21 黑胜 loss=19.2146 temp=0.25 total_env_steps=12734 t=0.11s
Ep  302: len= 13 黑胜 loss=19.3910 temp=0.25 total_env_steps=12747 t=0.09s
Ep  303: len= 48 白胜 loss=19.1537 temp=0.25 total_env_steps=12795 t=0.15s
Ep  304: len= 19 黑胜 loss=18.6135 temp=0.25 total_env_steps=12814 t=0.10s
Ep  305: len= 55 黑胜 loss=19.5766 temp=0.25 total_env_steps=12869 t=0.17s
Ep  306: len= 19 黑胜 loss=18.8541 temp=0.25 total_env_steps=12888 t=0.10s
Ep  307: len= 13 黑胜 loss=18.4875 temp=0.25 total_env_steps=12901 t=0.09s
Ep  308: len= 25 黑胜 loss=19.1761 temp=0.25 total_env_steps=12926 t=0.12s
Ep  309: len= 15 黑胜 loss=18.7844 temp=0.25 total_env_steps=12941 t=0.09s
Ep  310: len= 40 白胜 loss=19.0603 temp=0.25 total_env_steps=12981 t=0.14s
Ep  311: len= 13 黑胜 loss=18.6360 temp=0.25 total_env_steps=12994 t=0.09s
Ep  312: len= 13 黑胜 loss=18.4111 temp=0.25 total_env_steps=13007 t=0.09s
Ep  313: len= 13 黑胜 loss=18.4747 temp=0.25 total_env_steps=13020 t=0.08s
Ep  314: len= 29 黑胜 loss=18.2252 temp=0.25 total_env_steps=13049 t=0.12s
Ep  315: len= 13 黑胜 loss=18.1908 temp=0.25 total_env_steps=13062 t=0.10s
Ep  316: len= 24 白胜 loss=18.1391 temp=0.25 total_env_steps=13086 t=0.11s
Ep  317: len= 13 黑胜 loss=17.7896 temp=0.25 total_env_steps=13099 t=0.09s
Ep  318: len= 11 黑胜 loss=17.8304 temp=0.25 total_env_steps=13110 t=0.09s
Ep  319: len= 13 黑胜 loss=17.4393 temp=0.25 total_env_steps=13123 t=0.08s
Ep  320: len= 13 黑胜 loss=17.4989 temp=0.25 total_env_steps=13136 t=0.09s
Ep  321: len= 13 黑胜 loss=17.1012 temp=0.25 total_env_steps=13149 t=0.09s
Ep  322: len= 13 黑胜 loss=17.5769 temp=0.25 total_env_steps=13162 t=0.09s
Ep  323: len= 13 黑胜 loss=17.4885 temp=0.25 total_env_steps=13175 t=0.09s
Ep  324: len= 13 黑胜 loss=17.3017 temp=0.25 total_env_steps=13188 t=0.09s
Ep  325: len= 13 黑胜 loss=17.0590 temp=0.25 total_env_steps=13201 t=0.10s
Ep  326: len= 23 黑胜 loss=17.2685 temp=0.25 total_env_steps=13224 t=0.10s
Ep  327: len= 13 黑胜 loss=16.7505 temp=0.25 total_env_steps=13237 t=0.09s
Ep  328: len= 13 黑胜 loss=16.7112 temp=0.25 total_env_steps=13250 t=0.09s
Ep  329: len= 13 黑胜 loss=16.9268 temp=0.25 total_env_steps=13263 t=0.09s
Ep  330: len= 13 黑胜 loss=16.6893 temp=0.25 total_env_steps=13276 t=0.10s
Ep  331: len= 19 黑胜 loss=16.8104 temp=0.25 total_env_steps=13295 t=0.10s
Ep  332: len= 13 黑胜 loss=16.1299 temp=0.25 total_env_steps=13308 t=0.13s
Ep  333: len= 13 黑胜 loss=16.8718 temp=0.25 total_env_steps=13321 t=0.09s
Ep  334: len= 13 黑胜 loss=16.3752 temp=0.25 total_env_steps=13334 t=0.09s
Ep  335: len= 13 黑胜 loss=16.3110 temp=0.25 total_env_steps=13347 t=0.09s
Ep  336: len= 37 黑胜 loss=16.6455 temp=0.25 total_env_steps=13384 t=0.13s
Ep  337: len= 25 黑胜 loss=16.0791 temp=0.25 total_env_steps=13409 t=0.12s
Ep  338: len= 13 黑胜 loss=16.3668 temp=0.25 total_env_steps=13422 t=0.09s
Ep  339: len= 13 黑胜 loss=16.3246 temp=0.25 total_env_steps=13435 t=0.09s
Ep  340: len= 13 黑胜 loss=16.2644 temp=0.25 total_env_steps=13448 t=0.10s
Ep  341: len= 11 黑胜 loss=16.0153 temp=0.25 total_env_steps=13459 t=0.09s
Ep  342: len= 13 黑胜 loss=16.0454 temp=0.25 total_env_steps=13472 t=0.09s
Ep  343: len= 13 黑胜 loss=15.4469 temp=0.25 total_env_steps=13485 t=0.09s
Ep  344: len= 15 黑胜 loss=16.0544 temp=0.25 total_env_steps=13500 t=0.09s
Ep  345: len= 13 黑胜 loss=15.3843 temp=0.25 total_env_steps=13513 t=0.09s
Ep  346: len= 23 黑胜 loss=15.1374 temp=0.25 total_env_steps=13536 t=0.12s
Ep  347: len= 13 黑胜 loss=14.8248 temp=0.25 total_env_steps=13549 t=0.09s
Ep  348: len= 23 黑胜 loss=15.3089 temp=0.25 total_env_steps=13572 t=0.11s
Ep  349: len= 13 黑胜 loss=14.5845 temp=0.25 total_env_steps=13585 t=0.09s
Ep  350: len= 13 黑胜 loss=15.1419 temp=0.25 total_env_steps=13598 t=0.09s
  eval vs Gomoku-random-v0: win_rate=0.90 mean_return=0.80（20 局，total_env_steps=13598）
Ep  351: len= 13 黑胜 loss=14.4977 temp=0.25 total_env_steps=13611 t=0.09s
Ep  352: len= 13 黑胜 loss=15.3169 temp=0.25 total_env_steps=13624 t=0.09s
Ep  353: len= 19 黑胜 loss=14.1700 temp=0.25 total_env_steps=13643 t=0.10s
Ep  354: len= 13 黑胜 loss=14.5008 temp=0.25 total_env_steps=13656 t=0.09s
Ep  355: len= 13 黑胜 loss=14.6741 temp=0.25 total_env_steps=13669 t=0.09s
Ep  356: len= 13 黑胜 loss=14.7784 temp=0.25 total_env_steps=13682 t=0.09s
Ep  357: len= 13 黑胜 loss=14.5667 temp=0.25 total_env_steps=13695 t=0.09s
Ep  358: len= 13 黑胜 loss=14.3478 temp=0.25 total_env_steps=13708 t=0.09s
Ep  359: len= 13 黑胜 loss=13.6566 temp=0.25 total_env_steps=13721 t=0.08s
Ep  360: len= 13 黑胜 loss=13.8098 temp=0.25 total_env_steps=13734 t=0.09s
Ep  361: len= 13 黑胜 loss=13.9028 temp=0.25 total_env_steps=13747 t=0.09s
Ep  362: len= 23 黑胜 loss=14.0472 temp=0.25 total_env_steps=13770 t=0.11s
Ep  363: len= 17 黑胜 loss=13.5135 temp=0.25 total_env_steps=13787 t=0.10s
Ep  364: len= 13 黑胜 loss=13.4487 temp=0.25 total_env_steps=13800 t=0.09s
Ep  365: len= 13 黑胜 loss=13.5298 temp=0.25 total_env_steps=13813 t=0.09s
Ep  366: len= 17 黑胜 loss=13.2827 temp=0.25 total_env_steps=13830 t=0.10s
Ep  367: len= 13 黑胜 loss=13.1948 temp=0.25 total_env_steps=13843 t=0.09s
Ep  368: len= 13 黑胜 loss=12.9394 temp=0.25 total_env_steps=13856 t=0.08s
Ep  369: len= 13 黑胜 loss=13.4819 temp=0.25 total_env_steps=13869 t=0.09s
Ep  370: len= 13 黑胜 loss=13.0970 temp=0.25 total_env_steps=13882 t=0.09s
Ep  371: len= 13 黑胜 loss=12.6657 temp=0.25 total_env_steps=13895 t=0.09s
Ep  372: len= 13 黑胜 loss=13.1183 temp=0.25 total_env_steps=13908 t=0.09s
Ep  373: len= 17 黑胜 loss=12.5313 temp=0.25 total_env_steps=13925 t=0.10s
Ep  374: len= 13 黑胜 loss=12.5719 temp=0.25 total_env_steps=13938 t=0.09s
Ep  375: len= 15 黑胜 loss=12.4824 temp=0.25 total_env_steps=13953 t=0.09s
Ep  376: len= 13 黑胜 loss=12.2976 temp=0.25 total_env_steps=13966 t=0.09s
Ep  377: len= 13 黑胜 loss=12.7506 temp=0.25 total_env_steps=13979 t=0.08s
Ep  378: len= 13 黑胜 loss=12.4920 temp=0.25 total_env_steps=13992 t=0.09s
Ep  379: len= 13 黑胜 loss=12.4439 temp=0.25 total_env_steps=14005 t=0.09s
Ep  380: len= 13 黑胜 loss=11.9786 temp=0.25 total_env_steps=14018 t=0.10s
Ep  381: len= 13 黑胜 loss=12.2324 temp=0.25 total_env_steps=14031 t=0.09s
Ep  382: len= 13 黑胜 loss=11.9599 temp=0.25 total_env_steps=14044 t=0.09s
Ep  383: len= 13 黑胜 loss=11.7565 temp=0.25 total_env_steps=14057 t=0.09s
Ep  384: len= 13 黑胜 loss=12.0117 temp=0.25 total_env_steps=14070 t=0.09s
Ep  385: len= 11 黑胜 loss=11.5769 temp=0.25 total_env_steps=14081 t=0.09s
Ep  386: len= 13 黑胜 loss=11.4727 temp=0.25 total_env_steps=14094 t=0.08s
Ep  387: len= 13 黑胜 loss=11.6176 temp=0.25 total_env_steps=14107 t=0.08s
Ep  388: len= 13 黑胜 loss=11.4047 temp=0.25 total_env_steps=14120 t=0.09s
Ep  389: len= 13 黑胜 loss=11.3603 temp=0.25 total_env_steps=14133 t=0.09s
Ep  390: len= 13 黑胜 loss=11.2659 temp=0.25 total_env_steps=14146 t=0.09s
Ep  391: len= 13 黑胜 loss=11.3238 temp=0.25 total_env_steps=14159 t=0.10s
Ep  392: len= 13 黑胜 loss=10.9143 temp=0.25 total_env_steps=14172 t=0.09s
Ep  393: len= 13 黑胜 loss=10.9689 temp=0.25 total_env_steps=14185 t=0.10s
Ep  394: len= 13 黑胜 loss=11.0959 temp=0.25 total_env_steps=14198 t=0.10s
Ep  395: len= 13 黑胜 loss=10.7149 temp=0.25 total_env_steps=14211 t=0.10s
Ep  396: len= 13 黑胜 loss=10.3876 temp=0.25 total_env_steps=14224 t=0.09s
Ep  397: len= 13 黑胜 loss=10.3985 temp=0.25 total_env_steps=14237 t=0.09s
Ep  398: len= 13 黑胜 loss=10.8070 temp=0.25 total_env_steps=14250 t=0.09s
Ep  399: len= 13 黑胜 loss=10.6676 temp=0.25 total_env_steps=14263 t=0.09s
Ep  400: len= 13 黑胜 loss=10.4067 temp=0.25 total_env_steps=14276 t=0.09s
  eval vs Gomoku-random-v0: win_rate=0.85 mean_return=0.70（20 局，total_env_steps=14276）
[闸门] vs random（40 局）: win_rate=0.900
[闸门] vs 半程快照（40 局，黑白各半）: score=0.650
[梯队] vs naive0（20 局，观察性）: win_rate=0.00
[梯队] vs naive1（20 局，观察性）: win_rate=0.00
[梯队] vs naive2（20 局，观察性）: win_rate=0.00
[梯队] vs naive3（20 局，观察性）: win_rate=0.00
📈 Gomoku-selfplay-v0 win_rate=0.85（best 0.90）| 门槛 0.95 | 64.3s

--- arm=batch256 seed=44 sims=100 ---
[MyZero-board Gomoku-selfplay-v0] obs=243(3×9²) |A|=81 sims=100 γ=1.0 negamax
Ep    1: len= 44 白胜 loss=0.0000 temp=1.00 total_env_steps=44 t=0.09s
Ep    2: len= 59 黑胜 loss=0.0000 temp=1.00 total_env_steps=103 t=0.11s
Ep    3: len= 55 黑胜 loss=0.0000 temp=1.00 total_env_steps=158 t=0.10s
Ep    4: len= 71 黑胜 loss=0.0000 temp=1.00 total_env_steps=229 t=0.15s
Ep    5: len= 60 白胜 loss=0.0000 temp=1.00 total_env_steps=289 t=0.12s
Ep    6: len= 41 黑胜 loss=0.0000 temp=1.00 total_env_steps=330 t=0.08s
Ep    7: len= 47 黑胜 loss=0.0000 temp=1.00 total_env_steps=377 t=0.09s
Ep    8: len= 66 白胜 loss=0.0000 temp=1.00 total_env_steps=443 t=0.13s
Ep    9: len= 63 黑胜 loss=0.0000 temp=1.00 total_env_steps=506 t=0.12s
Ep   10: len= 48 白胜 loss=36.9941 temp=1.00 total_env_steps=554 t=0.15s
Ep   11: len= 34 白胜 loss=28.8011 temp=1.00 total_env_steps=588 t=0.12s
Ep   12: len= 54 白胜 loss=28.3741 temp=1.00 total_env_steps=642 t=0.16s
Ep   13: len= 67 黑胜 loss=28.2862 temp=1.00 total_env_steps=709 t=0.20s
Ep   14: len= 41 黑胜 loss=28.0869 temp=1.00 total_env_steps=750 t=0.15s
Ep   15: len= 57 黑胜 loss=28.1349 temp=1.00 total_env_steps=807 t=0.19s
Ep   16: len= 44 白胜 loss=28.0325 temp=1.00 total_env_steps=851 t=0.15s
Ep   17: len= 32 白胜 loss=28.0486 temp=1.00 total_env_steps=883 t=0.12s
Ep   18: len= 61 黑胜 loss=28.0280 temp=1.00 total_env_steps=944 t=0.18s
Ep   19: len= 44 白胜 loss=27.9961 temp=1.00 total_env_steps=988 t=0.15s
Ep   20: len= 62 白胜 loss=28.0186 temp=1.00 total_env_steps=1050 t=0.18s
Ep   21: len= 37 黑胜 loss=27.9237 temp=1.00 total_env_steps=1087 t=0.13s
Ep   22: len= 69 黑胜 loss=27.8976 temp=1.00 total_env_steps=1156 t=0.20s
Ep   23: len= 56 白胜 loss=27.9286 temp=1.00 total_env_steps=1212 t=0.18s
Ep   24: len= 55 黑胜 loss=27.9301 temp=1.00 total_env_steps=1267 t=0.17s
Ep   25: len= 46 白胜 loss=27.9101 temp=1.00 total_env_steps=1313 t=0.15s
Ep   26: len= 52 白胜 loss=27.8930 temp=1.00 total_env_steps=1365 t=0.16s
Ep   27: len= 41 黑胜 loss=27.8529 temp=1.00 total_env_steps=1406 t=0.15s
Ep   28: len= 56 白胜 loss=27.8664 temp=1.00 total_env_steps=1462 t=0.17s
Ep   29: len= 54 白胜 loss=27.7987 temp=1.00 total_env_steps=1516 t=0.17s
Ep   30: len= 40 白胜 loss=27.7653 temp=1.00 total_env_steps=1556 t=0.15s
Ep   31: len= 40 白胜 loss=27.7792 temp=1.00 total_env_steps=1596 t=0.14s
Ep   32: len= 33 黑胜 loss=27.7967 temp=1.00 total_env_steps=1629 t=0.13s
Ep   33: len= 23 黑胜 loss=27.7577 temp=1.00 total_env_steps=1652 t=0.10s
Ep   34: len= 30 白胜 loss=27.7251 temp=1.00 total_env_steps=1682 t=0.12s
Ep   35: len= 47 黑胜 loss=27.6692 temp=1.00 total_env_steps=1729 t=0.15s
Ep   36: len= 60 白胜 loss=27.6663 temp=1.00 total_env_steps=1789 t=0.18s
Ep   37: len= 58 白胜 loss=27.6493 temp=1.00 total_env_steps=1847 t=0.17s
Ep   38: len= 61 黑胜 loss=27.5623 temp=1.00 total_env_steps=1908 t=0.18s
Ep   39: len= 37 黑胜 loss=27.5185 temp=1.00 total_env_steps=1945 t=0.14s
Ep   40: len= 48 白胜 loss=27.5848 temp=1.00 total_env_steps=1993 t=0.15s
Ep   41: len= 51 黑胜 loss=27.5243 temp=1.00 total_env_steps=2044 t=0.17s
Ep   42: len= 57 黑胜 loss=27.4561 temp=1.00 total_env_steps=2101 t=0.18s
Ep   43: len= 44 白胜 loss=27.5295 temp=1.00 total_env_steps=2145 t=0.16s
Ep   44: len= 61 黑胜 loss=27.4961 temp=1.00 total_env_steps=2206 t=0.19s
Ep   45: len= 61 黑胜 loss=27.4538 temp=1.00 total_env_steps=2267 t=0.21s
Ep   46: len= 35 黑胜 loss=27.3935 temp=1.00 total_env_steps=2302 t=0.14s
Ep   47: len= 45 黑胜 loss=27.3970 temp=1.00 total_env_steps=2347 t=0.14s
Ep   48: len= 28 白胜 loss=27.3724 temp=1.00 total_env_steps=2375 t=0.11s
Ep   49: len= 45 黑胜 loss=27.3572 temp=1.00 total_env_steps=2420 t=0.15s
Ep   50: len= 53 黑胜 loss=27.2576 temp=1.00 total_env_steps=2473 t=0.17s
  eval vs Gomoku-random-v0: win_rate=0.60 mean_return=0.20（20 局，total_env_steps=2473）
Ep   51: len= 64 白胜 loss=27.2659 temp=1.00 total_env_steps=2537 t=0.20s
Ep   52: len= 63 黑胜 loss=27.2613 temp=1.00 total_env_steps=2600 t=0.19s
Ep   53: len= 51 黑胜 loss=27.1691 temp=1.00 total_env_steps=2651 t=0.16s
Ep   54: len= 52 白胜 loss=27.1423 temp=1.00 total_env_steps=2703 t=0.17s
Ep   55: len= 53 黑胜 loss=27.2348 temp=1.00 total_env_steps=2756 t=0.16s
Ep   56: len= 41 黑胜 loss=27.1958 temp=1.00 total_env_steps=2797 t=0.15s
Ep   57: len= 37 黑胜 loss=27.2296 temp=1.00 total_env_steps=2834 t=0.14s
Ep   58: len= 29 黑胜 loss=27.1805 temp=1.00 total_env_steps=2863 t=0.13s
Ep   59: len= 65 黑胜 loss=27.1706 temp=1.00 total_env_steps=2928 t=0.19s
Ep   60: len= 62 白胜 loss=27.1736 temp=1.00 total_env_steps=2990 t=0.21s
Ep   61: len= 40 白胜 loss=27.1535 temp=1.00 total_env_steps=3030 t=0.16s
Ep   62: len= 51 黑胜 loss=27.0408 temp=1.00 total_env_steps=3081 t=0.19s
Ep   63: len= 35 黑胜 loss=27.0851 temp=1.00 total_env_steps=3116 t=0.14s
Ep   64: len= 55 黑胜 loss=27.0670 temp=1.00 total_env_steps=3171 t=0.18s
Ep   65: len= 27 黑胜 loss=27.1484 temp=1.00 total_env_steps=3198 t=0.12s
Ep   66: len= 59 黑胜 loss=27.0835 temp=1.00 total_env_steps=3257 t=0.18s
Ep   67: len= 36 白胜 loss=27.0993 temp=1.00 total_env_steps=3293 t=0.14s
Ep   68: len= 63 黑胜 loss=27.1095 temp=1.00 total_env_steps=3356 t=0.18s
Ep   69: len= 29 黑胜 loss=27.0902 temp=1.00 total_env_steps=3385 t=0.12s
Ep   70: len= 38 白胜 loss=27.0704 temp=1.00 total_env_steps=3423 t=0.14s
Ep   71: len= 30 白胜 loss=26.9742 temp=1.00 total_env_steps=3453 t=0.12s
Ep   72: len= 42 白胜 loss=26.9780 temp=1.00 total_env_steps=3495 t=0.15s
Ep   73: len= 29 黑胜 loss=26.9890 temp=1.00 total_env_steps=3524 t=0.13s
Ep   74: len= 51 黑胜 loss=26.9459 temp=1.00 total_env_steps=3575 t=0.18s
Ep   75: len= 37 黑胜 loss=26.9068 temp=1.00 total_env_steps=3612 t=0.15s
Ep   76: len= 40 白胜 loss=27.0047 temp=1.00 total_env_steps=3652 t=0.14s
Ep   77: len= 53 黑胜 loss=27.0108 temp=1.00 total_env_steps=3705 t=0.17s
Ep   78: len= 50 白胜 loss=26.9238 temp=1.00 total_env_steps=3755 t=0.16s
Ep   79: len= 65 黑胜 loss=26.8938 temp=1.00 total_env_steps=3820 t=0.19s
Ep   80: len= 33 黑胜 loss=26.9218 temp=1.00 total_env_steps=3853 t=0.14s
Ep   81: len= 52 白胜 loss=26.9134 temp=1.00 total_env_steps=3905 t=0.17s
Ep   82: len= 54 白胜 loss=26.9111 temp=1.00 total_env_steps=3959 t=0.18s
Ep   83: len= 69 黑胜 loss=26.9366 temp=1.00 total_env_steps=4028 t=0.22s
Ep   84: len= 53 黑胜 loss=26.9142 temp=1.00 total_env_steps=4081 t=0.18s
Ep   85: len= 43 黑胜 loss=26.9514 temp=1.00 total_env_steps=4124 t=0.16s
Ep   86: len= 56 白胜 loss=26.8698 temp=1.00 total_env_steps=4180 t=0.19s
Ep   87: len= 67 黑胜 loss=26.8526 temp=1.00 total_env_steps=4247 t=0.21s
Ep   88: len= 59 黑胜 loss=26.8972 temp=1.00 total_env_steps=4306 t=0.19s
Ep   89: len= 49 黑胜 loss=26.8845 temp=1.00 total_env_steps=4355 t=0.16s
Ep   90: len= 64 白胜 loss=26.9204 temp=1.00 total_env_steps=4419 t=0.23s
Ep   91: len= 46 白胜 loss=26.8423 temp=1.00 total_env_steps=4465 t=0.17s
Ep   92: len= 55 黑胜 loss=26.7850 temp=1.00 total_env_steps=4520 t=0.18s
Ep   93: len= 64 白胜 loss=26.8336 temp=1.00 total_env_steps=4584 t=0.19s
Ep   94: len= 66 白胜 loss=26.8489 temp=1.00 total_env_steps=4650 t=0.20s
Ep   95: len= 45 黑胜 loss=26.8404 temp=1.00 total_env_steps=4695 t=0.16s
Ep   96: len= 29 黑胜 loss=26.8337 temp=1.00 total_env_steps=4724 t=0.12s
Ep   97: len= 51 黑胜 loss=26.8865 temp=1.00 total_env_steps=4775 t=0.19s
Ep   98: len= 40 白胜 loss=26.8416 temp=1.00 total_env_steps=4815 t=0.17s
Ep   99: len= 50 白胜 loss=26.8369 temp=1.00 total_env_steps=4865 t=0.19s
Ep  100: len= 65 黑胜 loss=26.8505 temp=1.00 total_env_steps=4930 t=0.21s
  eval vs Gomoku-random-v0: win_rate=0.80 mean_return=0.60（20 局，total_env_steps=4930）
Ep  101: len= 39 黑胜 loss=26.8141 temp=1.00 total_env_steps=4969 t=0.15s
Ep  102: len= 57 黑胜 loss=26.8130 temp=0.99 total_env_steps=5026 t=0.17s
Ep  103: len= 47 黑胜 loss=26.7560 temp=0.99 total_env_steps=5073 t=0.16s
Ep  104: len= 28 白胜 loss=26.7262 temp=0.98 total_env_steps=5101 t=0.12s
Ep  105: len= 55 黑胜 loss=26.7021 temp=0.97 total_env_steps=5156 t=0.17s
Ep  106: len= 49 黑胜 loss=26.7184 temp=0.96 total_env_steps=5205 t=0.15s
Ep  107: len= 33 黑胜 loss=26.7428 temp=0.95 total_env_steps=5238 t=0.12s
Ep  108: len= 54 白胜 loss=26.6941 temp=0.95 total_env_steps=5292 t=0.17s
Ep  109: len= 67 黑胜 loss=26.7476 temp=0.94 total_env_steps=5359 t=0.21s
Ep  110: len= 46 白胜 loss=26.6840 temp=0.93 total_env_steps=5405 t=0.16s
Ep  111: len= 39 黑胜 loss=26.7104 temp=0.93 total_env_steps=5444 t=0.15s
Ep  112: len= 45 黑胜 loss=26.6971 temp=0.92 total_env_steps=5489 t=0.15s
Ep  113: len= 59 黑胜 loss=26.7271 temp=0.91 total_env_steps=5548 t=0.19s
Ep  114: len= 35 黑胜 loss=26.7068 temp=0.90 total_env_steps=5583 t=0.14s
Ep  115: len= 39 黑胜 loss=26.6578 temp=0.89 total_env_steps=5622 t=0.14s
Ep  116: len= 55 黑胜 loss=26.6453 temp=0.89 total_env_steps=5677 t=0.17s
Ep  117: len= 35 黑胜 loss=26.5370 temp=0.88 total_env_steps=5712 t=0.13s
Ep  118: len= 55 黑胜 loss=26.6742 temp=0.87 total_env_steps=5767 t=0.16s
Ep  119: len= 39 黑胜 loss=26.6458 temp=0.87 total_env_steps=5806 t=0.14s
Ep  120: len= 43 黑胜 loss=26.6955 temp=0.86 total_env_steps=5849 t=0.15s
Ep  121: len= 64 白胜 loss=26.7298 temp=0.85 total_env_steps=5913 t=0.19s
Ep  122: len= 54 白胜 loss=26.5761 temp=0.84 total_env_steps=5967 t=0.20s
Ep  123: len= 50 白胜 loss=26.5452 temp=0.84 total_env_steps=6017 t=0.17s
Ep  124: len= 54 白胜 loss=26.4570 temp=0.83 total_env_steps=6071 t=0.17s
Ep  125: len= 55 黑胜 loss=26.5201 temp=0.82 total_env_steps=6126 t=0.18s
Ep  126: len= 47 黑胜 loss=26.4977 temp=0.81 total_env_steps=6173 t=0.16s
Ep  127: len= 61 黑胜 loss=26.4862 temp=0.81 total_env_steps=6234 t=0.20s
Ep  128: len= 27 黑胜 loss=26.4854 temp=0.80 total_env_steps=6261 t=0.11s
Ep  129: len= 21 黑胜 loss=26.5042 temp=0.79 total_env_steps=6282 t=0.11s
Ep  130: len= 63 黑胜 loss=26.5836 temp=0.78 total_env_steps=6345 t=0.20s
Ep  131: len= 39 黑胜 loss=26.4981 temp=0.77 total_env_steps=6384 t=0.13s
Ep  132: len= 46 白胜 loss=26.4194 temp=0.77 total_env_steps=6430 t=0.15s
Ep  133: len= 51 黑胜 loss=26.5419 temp=0.76 total_env_steps=6481 t=0.17s
Ep  134: len= 37 黑胜 loss=26.4818 temp=0.75 total_env_steps=6518 t=0.14s
Ep  135: len= 29 黑胜 loss=26.4803 temp=0.75 total_env_steps=6547 t=0.12s
Ep  136: len= 50 白胜 loss=26.4901 temp=0.74 total_env_steps=6597 t=0.18s
Ep  137: len= 11 黑胜 loss=26.3942 temp=0.73 total_env_steps=6608 t=0.08s
Ep  138: len= 23 黑胜 loss=26.3768 temp=0.72 total_env_steps=6631 t=0.11s
Ep  139: len= 41 黑胜 loss=26.4128 temp=0.72 total_env_steps=6672 t=0.14s
Ep  140: len= 53 黑胜 loss=26.3179 temp=0.71 total_env_steps=6725 t=0.16s
Ep  141: len= 59 黑胜 loss=26.4284 temp=0.70 total_env_steps=6784 t=0.17s
Ep  142: len= 49 黑胜 loss=26.3271 temp=0.69 total_env_steps=6833 t=0.16s
Ep  143: len= 45 黑胜 loss=26.3715 temp=0.69 total_env_steps=6878 t=0.16s
Ep  144: len= 38 白胜 loss=26.3984 temp=0.68 total_env_steps=6916 t=0.14s
Ep  145: len= 60 白胜 loss=26.3345 temp=0.67 total_env_steps=6976 t=0.18s
Ep  146: len= 49 黑胜 loss=26.3059 temp=0.66 total_env_steps=7025 t=0.16s
Ep  147: len= 35 黑胜 loss=26.2748 temp=0.65 total_env_steps=7060 t=0.13s
Ep  148: len= 53 黑胜 loss=26.3028 temp=0.65 total_env_steps=7113 t=0.17s
Ep  149: len= 53 黑胜 loss=26.2418 temp=0.64 total_env_steps=7166 t=0.17s
Ep  150: len= 49 黑胜 loss=26.2257 temp=0.63 total_env_steps=7215 t=0.17s
  eval vs Gomoku-random-v0: win_rate=0.80 mean_return=0.60（20 局，total_env_steps=7215）
Ep  151: len= 52 白胜 loss=26.2514 temp=0.62 total_env_steps=7267 t=0.17s
Ep  152: len= 67 黑胜 loss=26.1789 temp=0.62 total_env_steps=7334 t=0.19s
Ep  153: len= 79 黑胜 loss=26.2509 temp=0.61 total_env_steps=7413 t=0.21s
Ep  154: len= 25 黑胜 loss=26.2905 temp=0.60 total_env_steps=7438 t=0.11s
Ep  155: len= 53 黑胜 loss=26.1571 temp=0.59 total_env_steps=7491 t=0.18s
Ep  156: len= 47 黑胜 loss=26.1515 temp=0.59 total_env_steps=7538 t=0.15s
Ep  157: len= 45 黑胜 loss=26.1075 temp=0.58 total_env_steps=7583 t=0.15s
Ep  158: len= 68 白胜 loss=26.1506 temp=0.57 total_env_steps=7651 t=0.20s
Ep  159: len= 53 黑胜 loss=26.1379 temp=0.56 total_env_steps=7704 t=0.17s
Ep  160: len= 63 黑胜 loss=26.0999 temp=0.56 total_env_steps=7767 t=0.20s
Ep  161: len= 51 黑胜 loss=26.1296 temp=0.55 total_env_steps=7818 t=0.17s
Ep  162: len= 49 黑胜 loss=26.1257 temp=0.54 total_env_steps=7867 t=0.17s
Ep  163: len= 65 黑胜 loss=26.0507 temp=0.53 total_env_steps=7932 t=0.19s
Ep  164: len= 64 白胜 loss=26.0540 temp=0.53 total_env_steps=7996 t=0.19s
Ep  165: len= 17 黑胜 loss=26.1114 temp=0.52 total_env_steps=8013 t=0.10s
Ep  166: len= 29 黑胜 loss=26.1117 temp=0.51 total_env_steps=8042 t=0.12s
Ep  167: len= 59 黑胜 loss=26.0953 temp=0.50 total_env_steps=8101 t=0.19s
Ep  168: len= 57 黑胜 loss=25.9941 temp=0.50 total_env_steps=8158 t=0.18s
Ep  169: len= 63 黑胜 loss=26.1602 temp=0.49 total_env_steps=8221 t=0.20s
Ep  170: len= 75 黑胜 loss=25.9922 temp=0.48 total_env_steps=8296 t=0.22s
Ep  171: len= 41 黑胜 loss=26.0954 temp=0.48 total_env_steps=8337 t=0.14s
Ep  172: len= 39 黑胜 loss=26.0538 temp=0.47 total_env_steps=8376 t=0.14s
Ep  173: len= 47 黑胜 loss=25.9101 temp=0.46 total_env_steps=8423 t=0.16s
Ep  174: len= 51 黑胜 loss=26.1324 temp=0.45 total_env_steps=8474 t=0.17s
Ep  175: len= 25 黑胜 loss=26.0510 temp=0.44 total_env_steps=8499 t=0.12s
Ep  176: len= 45 黑胜 loss=25.9558 temp=0.44 total_env_steps=8544 t=0.16s
Ep  177: len= 30 白胜 loss=25.9517 temp=0.43 total_env_steps=8574 t=0.12s
Ep  178: len= 19 黑胜 loss=25.9254 temp=0.42 total_env_steps=8593 t=0.10s
Ep  179: len= 56 白胜 loss=25.9413 temp=0.42 total_env_steps=8649 t=0.18s
Ep  180: len= 53 黑胜 loss=25.8244 temp=0.41 total_env_steps=8702 t=0.16s
Ep  181: len= 17 黑胜 loss=25.7377 temp=0.40 total_env_steps=8719 t=0.10s
Ep  182: len= 43 黑胜 loss=25.8389 temp=0.39 total_env_steps=8762 t=0.15s
Ep  183: len= 37 黑胜 loss=25.7951 temp=0.38 total_env_steps=8799 t=0.14s
Ep  184: len= 45 黑胜 loss=25.7717 temp=0.38 total_env_steps=8844 t=0.16s
Ep  185: len= 33 黑胜 loss=25.8211 temp=0.37 total_env_steps=8877 t=0.14s
Ep  186: len= 61 黑胜 loss=25.7011 temp=0.36 total_env_steps=8938 t=0.18s
Ep  187: len= 25 黑胜 loss=25.8138 temp=0.36 total_env_steps=8963 t=0.12s
Ep  188: len= 27 黑胜 loss=25.8391 temp=0.35 total_env_steps=8990 t=0.12s
Ep  189: len= 38 白胜 loss=25.6354 temp=0.34 total_env_steps=9028 t=0.14s
Ep  190: len= 40 白胜 loss=25.7161 temp=0.33 total_env_steps=9068 t=0.15s
Ep  191: len= 58 白胜 loss=25.7421 temp=0.33 total_env_steps=9126 t=0.19s
Ep  192: len= 30 白胜 loss=25.6470 temp=0.32 total_env_steps=9156 t=0.13s
Ep  193: len= 21 黑胜 loss=25.6502 temp=0.31 total_env_steps=9177 t=0.10s
Ep  194: len= 31 黑胜 loss=25.6696 temp=0.30 total_env_steps=9208 t=0.13s
Ep  195: len= 23 黑胜 loss=25.6262 temp=0.30 total_env_steps=9231 t=0.12s
Ep  196: len= 62 白胜 loss=25.5550 temp=0.29 total_env_steps=9293 t=0.18s
Ep  197: len= 78 白胜 loss=25.6108 temp=0.28 total_env_steps=9371 t=0.23s
Ep  198: len= 29 黑胜 loss=25.4387 temp=0.27 total_env_steps=9400 t=0.12s
Ep  199: len= 21 黑胜 loss=25.4507 temp=0.26 total_env_steps=9421 t=0.11s
Ep  200: len= 52 白胜 loss=25.3803 temp=0.26 total_env_steps=9473 t=0.19s
  eval vs Gomoku-random-v0: win_rate=0.70 mean_return=0.40（20 局，total_env_steps=9473）
  📸 已拍权重快照（ep=200，gating 对弈基准）
Ep  201: len= 61 黑胜 loss=25.4653 temp=0.25 total_env_steps=9534 t=0.19s
Ep  202: len= 49 黑胜 loss=25.3700 temp=0.25 total_env_steps=9583 t=0.17s
Ep  203: len= 45 黑胜 loss=25.5808 temp=0.25 total_env_steps=9628 t=0.15s
Ep  204: len= 41 黑胜 loss=25.5126 temp=0.25 total_env_steps=9669 t=0.15s
Ep  205: len= 40 白胜 loss=25.4558 temp=0.25 total_env_steps=9709 t=0.14s
Ep  206: len= 48 白胜 loss=25.3085 temp=0.25 total_env_steps=9757 t=0.17s
Ep  207: len= 41 黑胜 loss=25.4901 temp=0.25 total_env_steps=9798 t=0.19s
Ep  208: len= 25 黑胜 loss=25.3958 temp=0.25 total_env_steps=9823 t=0.13s
Ep  209: len= 43 黑胜 loss=25.3309 temp=0.25 total_env_steps=9866 t=0.21s
Ep  210: len= 63 黑胜 loss=25.3174 temp=0.25 total_env_steps=9929 t=0.21s
Ep  211: len= 32 白胜 loss=25.2275 temp=0.25 total_env_steps=9961 t=0.14s
Ep  212: len= 39 黑胜 loss=25.2767 temp=0.25 total_env_steps=10000 t=0.14s
Ep  213: len= 41 黑胜 loss=25.3215 temp=0.25 total_env_steps=10041 t=0.17s
Ep  214: len= 30 白胜 loss=25.0797 temp=0.25 total_env_steps=10071 t=0.14s
Ep  215: len= 58 白胜 loss=25.1464 temp=0.25 total_env_steps=10129 t=0.20s
Ep  216: len= 57 黑胜 loss=25.2626 temp=0.25 total_env_steps=10186 t=0.22s
Ep  217: len= 68 白胜 loss=25.1373 temp=0.25 total_env_steps=10254 t=0.21s
Ep  218: len= 60 白胜 loss=25.2855 temp=0.25 total_env_steps=10314 t=0.20s
Ep  219: len= 50 白胜 loss=25.1958 temp=0.25 total_env_steps=10364 t=0.18s
Ep  220: len= 59 黑胜 loss=25.1354 temp=0.25 total_env_steps=10423 t=0.19s
Ep  221: len= 68 白胜 loss=25.0885 temp=0.25 total_env_steps=10491 t=0.21s
Ep  222: len= 37 黑胜 loss=25.2979 temp=0.25 total_env_steps=10528 t=0.15s
Ep  223: len= 20 白胜 loss=25.2139 temp=0.25 total_env_steps=10548 t=0.11s
Ep  224: len= 60 白胜 loss=24.9926 temp=0.25 total_env_steps=10608 t=0.19s
Ep  225: len= 24 白胜 loss=24.9436 temp=0.25 total_env_steps=10632 t=0.13s
Ep  226: len= 49 黑胜 loss=25.1534 temp=0.25 total_env_steps=10681 t=0.18s
Ep  227: len= 21 黑胜 loss=24.9491 temp=0.25 total_env_steps=10702 t=0.11s
Ep  228: len= 25 黑胜 loss=24.7591 temp=0.25 total_env_steps=10727 t=0.12s
Ep  229: len= 51 黑胜 loss=24.8143 temp=0.25 total_env_steps=10778 t=0.17s
Ep  230: len= 46 白胜 loss=24.9639 temp=0.25 total_env_steps=10824 t=0.17s
Ep  231: len= 46 白胜 loss=24.9477 temp=0.25 total_env_steps=10870 t=0.16s
Ep  232: len= 40 白胜 loss=24.9580 temp=0.25 total_env_steps=10910 t=0.15s
Ep  233: len= 27 黑胜 loss=24.9544 temp=0.25 total_env_steps=10937 t=0.12s
Ep  234: len= 30 白胜 loss=24.9237 temp=0.25 total_env_steps=10967 t=0.13s
Ep  235: len= 55 黑胜 loss=24.6101 temp=0.25 total_env_steps=11022 t=0.18s
Ep  236: len= 28 白胜 loss=24.6489 temp=0.25 total_env_steps=11050 t=0.12s
Ep  237: len= 39 黑胜 loss=24.7329 temp=0.25 total_env_steps=11089 t=0.16s
Ep  238: len= 47 黑胜 loss=24.5953 temp=0.25 total_env_steps=11136 t=0.17s
Ep  239: len= 56 白胜 loss=24.5897 temp=0.25 total_env_steps=11192 t=0.18s
Ep  240: len= 31 黑胜 loss=24.5880 temp=0.25 total_env_steps=11223 t=0.14s
Ep  241: len= 62 白胜 loss=24.4907 temp=0.25 total_env_steps=11285 t=0.19s
Ep  242: len= 33 黑胜 loss=24.3688 temp=0.25 total_env_steps=11318 t=0.13s
Ep  243: len= 44 白胜 loss=24.6239 temp=0.25 total_env_steps=11362 t=0.16s
Ep  244: len= 26 白胜 loss=24.6523 temp=0.25 total_env_steps=11388 t=0.12s
Ep  245: len= 41 黑胜 loss=24.2924 temp=0.25 total_env_steps=11429 t=0.17s
Ep  246: len= 23 黑胜 loss=24.3634 temp=0.25 total_env_steps=11452 t=0.12s
Ep  247: len= 49 黑胜 loss=24.5002 temp=0.25 total_env_steps=11501 t=0.17s
Ep  248: len= 32 白胜 loss=24.4091 temp=0.25 total_env_steps=11533 t=0.15s
Ep  249: len= 27 黑胜 loss=24.4979 temp=0.25 total_env_steps=11560 t=0.13s
Ep  250: len= 16 白胜 loss=24.2009 temp=0.25 total_env_steps=11576 t=0.10s
  eval vs Gomoku-random-v0: win_rate=0.90 mean_return=0.80（20 局，total_env_steps=11576）
Ep  251: len= 25 黑胜 loss=24.3337 temp=0.25 total_env_steps=11601 t=0.16s
Ep  252: len= 23 黑胜 loss=24.2595 temp=0.25 total_env_steps=11624 t=0.14s
Ep  253: len= 64 白胜 loss=24.1577 temp=0.25 total_env_steps=11688 t=0.23s
Ep  254: len= 19 黑胜 loss=24.2249 temp=0.25 total_env_steps=11707 t=0.12s
Ep  255: len= 27 黑胜 loss=24.1370 temp=0.25 total_env_steps=11734 t=0.13s
Ep  256: len= 17 黑胜 loss=23.9898 temp=0.25 total_env_steps=11751 t=0.11s
Ep  257: len= 27 黑胜 loss=23.9106 temp=0.25 total_env_steps=11778 t=0.14s
Ep  258: len= 29 黑胜 loss=23.8403 temp=0.25 total_env_steps=11807 t=0.14s
Ep  259: len= 27 黑胜 loss=23.9870 temp=0.25 total_env_steps=11834 t=0.13s
Ep  260: len= 25 黑胜 loss=23.7333 temp=0.25 total_env_steps=11859 t=0.11s
Ep  261: len= 53 黑胜 loss=23.8582 temp=0.25 total_env_steps=11912 t=0.18s
Ep  262: len= 50 白胜 loss=23.3223 temp=0.25 total_env_steps=11962 t=0.18s
Ep  263: len= 17 黑胜 loss=23.7910 temp=0.25 total_env_steps=11979 t=0.11s
Ep  264: len= 58 白胜 loss=24.0005 temp=0.25 total_env_steps=12037 t=0.19s
Ep  265: len= 35 黑胜 loss=23.8624 temp=0.25 total_env_steps=12072 t=0.14s
Ep  266: len= 51 黑胜 loss=23.8937 temp=0.25 total_env_steps=12123 t=0.16s
Ep  267: len= 21 黑胜 loss=23.5010 temp=0.25 total_env_steps=12144 t=0.11s
Ep  268: len= 31 黑胜 loss=23.6100 temp=0.25 total_env_steps=12175 t=0.13s
Ep  269: len= 23 黑胜 loss=23.5298 temp=0.25 total_env_steps=12198 t=0.12s
Ep  270: len= 24 白胜 loss=23.2658 temp=0.25 total_env_steps=12222 t=0.14s
Ep  271: len= 25 黑胜 loss=23.2151 temp=0.25 total_env_steps=12247 t=0.13s
Ep  272: len= 25 黑胜 loss=23.2729 temp=0.25 total_env_steps=12272 t=0.12s
Ep  273: len= 33 黑胜 loss=23.1728 temp=0.25 total_env_steps=12305 t=0.14s
Ep  274: len= 29 黑胜 loss=23.2298 temp=0.25 total_env_steps=12334 t=0.12s
Ep  275: len= 29 黑胜 loss=23.1687 temp=0.25 total_env_steps=12363 t=0.13s
Ep  276: len= 29 黑胜 loss=23.0749 temp=0.25 total_env_steps=12392 t=0.13s
Ep  277: len= 32 白胜 loss=23.3650 temp=0.25 total_env_steps=12424 t=0.14s
Ep  278: len= 29 黑胜 loss=23.1861 temp=0.25 total_env_steps=12453 t=0.14s
Ep  279: len= 21 黑胜 loss=23.0440 temp=0.25 total_env_steps=12474 t=0.12s
Ep  280: len= 74 白胜 loss=22.5282 temp=0.25 total_env_steps=12548 t=0.22s
Ep  281: len= 58 白胜 loss=23.1958 temp=0.25 total_env_steps=12606 t=0.19s
Ep  282: len= 27 黑胜 loss=22.8547 temp=0.25 total_env_steps=12633 t=0.13s
Ep  283: len= 21 黑胜 loss=22.9418 temp=0.25 total_env_steps=12654 t=0.12s
Ep  284: len= 31 黑胜 loss=22.9269 temp=0.25 total_env_steps=12685 t=0.14s
Ep  285: len= 27 黑胜 loss=23.1108 temp=0.25 total_env_steps=12712 t=0.12s
Ep  286: len= 19 黑胜 loss=22.5334 temp=0.25 total_env_steps=12731 t=0.11s
Ep  287: len= 45 黑胜 loss=22.7590 temp=0.25 total_env_steps=12776 t=0.16s
Ep  288: len= 43 黑胜 loss=22.6534 temp=0.25 total_env_steps=12819 t=0.16s
Ep  289: len= 25 黑胜 loss=22.3501 temp=0.25 total_env_steps=12844 t=0.12s
Ep  290: len= 29 黑胜 loss=22.6063 temp=0.25 total_env_steps=12873 t=0.13s
Ep  291: len= 21 黑胜 loss=22.2516 temp=0.25 total_env_steps=12894 t=0.12s
Ep  292: len= 25 黑胜 loss=22.5120 temp=0.25 total_env_steps=12919 t=0.12s
Ep  293: len= 15 黑胜 loss=22.4308 temp=0.25 total_env_steps=12934 t=0.10s
Ep  294: len= 17 黑胜 loss=22.0580 temp=0.25 total_env_steps=12951 t=0.11s
Ep  295: len= 39 黑胜 loss=21.9943 temp=0.25 total_env_steps=12990 t=0.14s
Ep  296: len= 25 黑胜 loss=22.1007 temp=0.25 total_env_steps=13015 t=0.13s
Ep  297: len= 25 黑胜 loss=21.8083 temp=0.25 total_env_steps=13040 t=0.12s
Ep  298: len= 23 黑胜 loss=22.0982 temp=0.25 total_env_steps=13063 t=0.11s
Ep  299: len= 31 黑胜 loss=21.7818 temp=0.25 total_env_steps=13094 t=0.13s
Ep  300: len= 21 黑胜 loss=21.6356 temp=0.25 total_env_steps=13115 t=0.11s
  eval vs Gomoku-random-v0: win_rate=0.95 mean_return=0.90（20 局，total_env_steps=13115）
  ✅ 达标 ep=300 total_env_steps=13115
Ep  301: len= 21 黑胜 loss=21.7593 temp=0.25 total_env_steps=13136 t=0.12s
Ep  302: len= 45 黑胜 loss=21.6599 temp=0.25 total_env_steps=13181 t=0.16s
Ep  303: len= 17 黑胜 loss=21.6000 temp=0.25 total_env_steps=13198 t=0.11s
Ep  304: len= 21 黑胜 loss=21.5687 temp=0.25 total_env_steps=13219 t=0.12s
Ep  305: len= 21 黑胜 loss=21.5711 temp=0.25 total_env_steps=13240 t=0.12s
Ep  306: len= 21 黑胜 loss=21.5652 temp=0.25 total_env_steps=13261 t=0.11s
Ep  307: len= 27 黑胜 loss=21.5448 temp=0.25 total_env_steps=13288 t=0.13s
Ep  308: len= 21 黑胜 loss=20.9069 temp=0.25 total_env_steps=13309 t=0.11s
Ep  309: len= 27 黑胜 loss=21.0839 temp=0.25 total_env_steps=13336 t=0.14s
Ep  310: len= 19 黑胜 loss=20.9438 temp=0.25 total_env_steps=13355 t=0.11s
Ep  311: len= 19 黑胜 loss=21.3336 temp=0.25 total_env_steps=13374 t=0.12s
Ep  312: len= 19 黑胜 loss=21.0324 temp=0.25 total_env_steps=13393 t=0.11s
Ep  313: len= 23 黑胜 loss=20.9036 temp=0.25 total_env_steps=13416 t=0.12s
Ep  314: len= 21 黑胜 loss=20.6463 temp=0.25 total_env_steps=13437 t=0.11s
Ep  315: len= 17 黑胜 loss=20.5452 temp=0.25 total_env_steps=13454 t=0.11s
Ep  316: len= 23 黑胜 loss=20.6248 temp=0.25 total_env_steps=13477 t=0.13s
Ep  317: len= 21 黑胜 loss=20.2321 temp=0.25 total_env_steps=13498 t=0.12s
Ep  318: len= 19 黑胜 loss=20.1809 temp=0.25 total_env_steps=13517 t=0.11s
Ep  319: len= 21 黑胜 loss=20.6084 temp=0.25 total_env_steps=13538 t=0.11s
Ep  320: len= 19 黑胜 loss=20.0658 temp=0.25 total_env_steps=13557 t=0.11s
Ep  321: len= 19 黑胜 loss=20.3044 temp=0.25 total_env_steps=13576 t=0.14s
Ep  322: len= 21 黑胜 loss=20.3214 temp=0.25 total_env_steps=13597 t=0.13s
Ep  323: len= 23 黑胜 loss=20.1141 temp=0.25 total_env_steps=13620 t=0.13s
Ep  324: len= 21 黑胜 loss=19.9934 temp=0.25 total_env_steps=13641 t=0.14s
Ep  325: len= 19 黑胜 loss=19.9442 temp=0.25 total_env_steps=13660 t=0.11s
Ep  326: len= 27 黑胜 loss=19.8763 temp=0.25 total_env_steps=13687 t=0.13s
Ep  327: len= 19 黑胜 loss=19.2970 temp=0.25 total_env_steps=13706 t=0.12s
Ep  328: len= 19 黑胜 loss=19.3674 temp=0.25 total_env_steps=13725 t=0.11s
Ep  329: len= 19 黑胜 loss=19.3929 temp=0.25 total_env_steps=13744 t=0.10s
Ep  330: len= 19 黑胜 loss=19.3205 temp=0.25 total_env_steps=13763 t=0.11s
Ep  331: len= 19 黑胜 loss=19.5842 temp=0.25 total_env_steps=13782 t=0.11s
Ep  332: len= 21 黑胜 loss=18.9847 temp=0.25 total_env_steps=13803 t=0.12s
Ep  333: len= 21 黑胜 loss=18.4600 temp=0.25 total_env_steps=13824 t=0.11s
Ep  334: len= 19 黑胜 loss=18.3041 temp=0.25 total_env_steps=13843 t=0.11s
Ep  335: len= 21 黑胜 loss=18.7487 temp=0.25 total_env_steps=13864 t=0.12s
Ep  336: len= 21 黑胜 loss=18.5828 temp=0.25 total_env_steps=13885 t=0.11s
Ep  337: len= 19 黑胜 loss=18.7474 temp=0.25 total_env_steps=13904 t=0.11s
Ep  338: len= 19 黑胜 loss=18.5552 temp=0.25 total_env_steps=13923 t=0.11s
Ep  339: len= 21 黑胜 loss=18.4185 temp=0.25 total_env_steps=13944 t=0.11s
Ep  340: len= 21 黑胜 loss=18.4233 temp=0.25 total_env_steps=13965 t=0.11s
Ep  341: len= 21 黑胜 loss=18.2442 temp=0.25 total_env_steps=13986 t=0.12s
Ep  342: len= 21 黑胜 loss=18.5963 temp=0.25 total_env_steps=14007 t=0.12s
Ep  343: len= 19 黑胜 loss=18.2886 temp=0.25 total_env_steps=14026 t=0.10s
Ep  344: len= 19 黑胜 loss=18.3278 temp=0.25 total_env_steps=14045 t=0.11s
Ep  345: len= 21 黑胜 loss=17.9600 temp=0.25 total_env_steps=14066 t=0.11s
Ep  346: len= 21 黑胜 loss=17.7752 temp=0.25 total_env_steps=14087 t=0.11s
Ep  347: len= 21 黑胜 loss=17.4308 temp=0.25 total_env_steps=14108 t=0.11s
Ep  348: len= 19 黑胜 loss=17.7064 temp=0.25 total_env_steps=14127 t=0.11s
Ep  349: len= 19 黑胜 loss=17.7456 temp=0.25 total_env_steps=14146 t=0.10s
Ep  350: len= 21 黑胜 loss=17.1621 temp=0.25 total_env_steps=14167 t=0.12s
  eval vs Gomoku-random-v0: win_rate=0.90 mean_return=0.80（20 局，total_env_steps=14167）
Ep  351: len= 19 黑胜 loss=17.4542 temp=0.25 total_env_steps=14186 t=0.11s
Ep  352: len= 21 黑胜 loss=17.1529 temp=0.25 total_env_steps=14207 t=0.11s
Ep  353: len= 19 黑胜 loss=17.0398 temp=0.25 total_env_steps=14226 t=0.11s
Ep  354: len= 19 黑胜 loss=17.2502 temp=0.25 total_env_steps=14245 t=0.10s
Ep  355: len= 21 黑胜 loss=16.6898 temp=0.25 total_env_steps=14266 t=0.11s
Ep  356: len= 19 黑胜 loss=16.8625 temp=0.25 total_env_steps=14285 t=0.10s
Ep  357: len= 21 黑胜 loss=17.0617 temp=0.25 total_env_steps=14306 t=0.10s
Ep  358: len= 19 黑胜 loss=16.7338 temp=0.25 total_env_steps=14325 t=0.11s
Ep  359: len= 21 黑胜 loss=16.9963 temp=0.25 total_env_steps=14346 t=0.12s
Ep  360: len= 19 黑胜 loss=16.6214 temp=0.25 total_env_steps=14365 t=0.11s
Ep  361: len= 19 黑胜 loss=16.2047 temp=0.25 total_env_steps=14384 t=0.11s
Ep  362: len= 21 黑胜 loss=16.4702 temp=0.25 total_env_steps=14405 t=0.12s
Ep  363: len= 21 黑胜 loss=15.4850 temp=0.25 total_env_steps=14426 t=0.11s
Ep  364: len= 21 黑胜 loss=16.3669 temp=0.25 total_env_steps=14447 t=0.12s
Ep  365: len= 19 黑胜 loss=15.8644 temp=0.25 total_env_steps=14466 t=0.11s
Ep  366: len= 21 黑胜 loss=15.7140 temp=0.25 total_env_steps=14487 t=0.11s
Ep  367: len= 21 黑胜 loss=16.0593 temp=0.25 total_env_steps=14508 t=0.12s
Ep  368: len= 19 黑胜 loss=15.9542 temp=0.25 total_env_steps=14527 t=0.11s
Ep  369: len= 21 黑胜 loss=15.3005 temp=0.25 total_env_steps=14548 t=0.12s
Ep  370: len= 21 黑胜 loss=15.4627 temp=0.25 total_env_steps=14569 t=0.11s
Ep  371: len= 21 黑胜 loss=15.2486 temp=0.25 total_env_steps=14590 t=0.11s
Ep  372: len= 21 黑胜 loss=14.9224 temp=0.25 total_env_steps=14611 t=0.11s
Ep  373: len= 21 黑胜 loss=15.2461 temp=0.25 total_env_steps=14632 t=0.12s
Ep  374: len= 21 黑胜 loss=14.6786 temp=0.25 total_env_steps=14653 t=0.12s
Ep  375: len= 19 黑胜 loss=14.9198 temp=0.25 total_env_steps=14672 t=0.11s
Ep  376: len= 21 黑胜 loss=15.2162 temp=0.25 total_env_steps=14693 t=0.11s
Ep  377: len= 21 黑胜 loss=14.7270 temp=0.25 total_env_steps=14714 t=0.12s
Ep  378: len= 21 黑胜 loss=14.6768 temp=0.25 total_env_steps=14735 t=0.12s
Ep  379: len= 19 黑胜 loss=14.6220 temp=0.25 total_env_steps=14754 t=0.11s
Ep  380: len= 19 黑胜 loss=14.5838 temp=0.25 total_env_steps=14773 t=0.11s
Ep  381: len= 21 黑胜 loss=14.2918 temp=0.25 total_env_steps=14794 t=0.12s
Ep  382: len= 21 黑胜 loss=14.6490 temp=0.25 total_env_steps=14815 t=0.12s
Ep  383: len= 21 黑胜 loss=14.3194 temp=0.25 total_env_steps=14836 t=0.11s
Ep  384: len= 21 黑胜 loss=14.5392 temp=0.25 total_env_steps=14857 t=0.12s
Ep  385: len= 21 黑胜 loss=13.5791 temp=0.25 total_env_steps=14878 t=0.12s
Ep  386: len= 19 黑胜 loss=13.9142 temp=0.25 total_env_steps=14897 t=0.10s
Ep  387: len= 21 黑胜 loss=13.3682 temp=0.25 total_env_steps=14918 t=0.14s
Ep  388: len= 21 黑胜 loss=13.3735 temp=0.25 total_env_steps=14939 t=0.12s
Ep  389: len= 21 黑胜 loss=13.6556 temp=0.25 total_env_steps=14960 t=0.12s
Ep  390: len= 21 黑胜 loss=13.4513 temp=0.25 total_env_steps=14981 t=0.12s
Ep  391: len= 21 黑胜 loss=13.0694 temp=0.25 total_env_steps=15002 t=0.12s
Ep  392: len= 21 黑胜 loss=13.1911 temp=0.25 total_env_steps=15023 t=0.11s
Ep  393: len= 21 黑胜 loss=13.3043 temp=0.25 total_env_steps=15044 t=0.12s
Ep  394: len= 21 黑胜 loss=13.4351 temp=0.25 total_env_steps=15065 t=0.13s
Ep  395: len= 21 黑胜 loss=13.2710 temp=0.25 total_env_steps=15086 t=0.12s
Ep  396: len= 21 黑胜 loss=12.4493 temp=0.25 total_env_steps=15107 t=0.12s
Ep  397: len= 21 黑胜 loss=12.8149 temp=0.25 total_env_steps=15128 t=0.11s
Ep  398: len= 21 黑胜 loss=12.5636 temp=0.25 total_env_steps=15149 t=0.12s
Ep  399: len= 21 黑胜 loss=12.7895 temp=0.25 total_env_steps=15170 t=0.11s
Ep  400: len= 21 黑胜 loss=12.2740 temp=0.25 total_env_steps=15191 t=0.11s
  eval vs Gomoku-random-v0: win_rate=0.90 mean_return=0.80（20 局，total_env_steps=15191）
[闸门] vs random（40 局）: win_rate=0.950
[闸门] vs 半程快照（40 局，黑白各半）: score=0.750
[梯队] vs naive0（20 局，观察性）: win_rate=0.15
[梯队] vs naive1（20 局，观察性）: win_rate=0.05
[梯队] vs naive2（20 局，观察性）: win_rate=0.00
[梯队] vs naive3（20 局，观察性）: win_rate=0.00
📈 Gomoku-selfplay-v0 win_rate=0.90（best 0.95）| 门槛 0.95 | 70.6s

--- M3 arm=batch256 汇总（base 对照见 bench 头注释）---
  seed=42 vs_random=0.925 vs_snapshot=0.700 | 梯队 naive0=0.00 naive1=0.00 naive2=0.00 naive3=0.00 | env_steps=14884 wall=67s
  seed=43 vs_random=0.900 vs_snapshot=0.650 | 梯队 naive0=0.00 naive1=0.00 naive2=0.00 naive3=0.00 | env_steps=14276 wall=64s
  seed=44 vs_random=0.950 vs_snapshot=0.750 | 梯队 naive0=0.15 naive1=0.05 naive2=0.00 naive3=0.00 | env_steps=15191 wall=71s
ok

test result: ok. 1 passed; 0 failed; 0 ignored; 0 measured; 3435 filtered out; finished in 202.36s

     Running tests\cse_dedup.rs (target\release\deps\cse_dedup-7a657e998c2a0176.exe)

running 0 tests

test result: ok. 0 passed; 0 failed; 0 ignored; 0 measured; 1 filtered out; finished in 0.00s

     Running tests\mode_invariants.rs (target\release\deps\mode_invariants-12496c59841ba5c8.exe)

running 0 tests

test result: ok. 0 passed; 0 failed; 0 ignored; 0 measured; 9 filtered out; finished in 0.00s

     Running tests\onnx_otm_load_bench.rs (target\release\deps\onnx_otm_load_bench-39da60dd6dcd2511.exe)

running 0 tests

test result: ok. 0 passed; 0 failed; 0 ignored; 0 measured; 1 filtered out; finished in 0.00s

     Running tests\yolov5_xiangqi_import.rs (target\release\deps\yolov5_xiangqi_import-5a55f6b67c0e8a85.exe)

running 0 tests

test result: ok. 0 passed; 0 failed; 0 ignored; 0 measured; 6 filtered out; finished in 0.00s

