   Compiling only_torch v0.25.0 (D:\DATA\BaiduSyncdisk\project\personal\only_torch)
    Finished `release` profile [optimized] target(s) in 1m 50s
     Running unittests src\lib.rs (target\release\deps\only_torch-45d502c1e61c3f90.exe)

running 1 test
test rl::algo::my_zero::tests::gomoku_m3_bench::gomoku_m3_base_s16 ... 
--- arm=base_s16 seed=42 sims=16 ---
[MyZero-board Gomoku-selfplay-v0] obs=243(3×9²) |A|=81 sims=16 γ=1.0 negamax
Ep    1: len= 59 黑胜 loss=0.0000 temp=1.00 total_env_steps=59 t=0.04s
Ep    2: len= 37 黑胜 loss=0.0000 temp=1.00 total_env_steps=96 t=0.03s
Ep    3: len= 53 黑胜 loss=0.0000 temp=1.00 total_env_steps=149 t=0.06s
Ep    4: len= 69 黑胜 loss=0.0000 temp=1.00 total_env_steps=218 t=0.06s
Ep    5: len= 38 白胜 loss=0.0000 temp=1.00 total_env_steps=256 t=0.03s
Ep    6: len= 81 黑胜 loss=0.0000 temp=1.00 total_env_steps=337 t=0.06s
Ep    7: len= 38 白胜 loss=0.0000 temp=1.00 total_env_steps=375 t=0.03s
Ep    8: len= 38 白胜 loss=0.0000 temp=1.00 total_env_steps=413 t=0.02s
Ep    9: len= 63 黑胜 loss=0.0000 temp=1.00 total_env_steps=476 t=0.04s
Ep   10: len= 67 黑胜 loss=36.2381 temp=1.00 total_env_steps=543 t=0.08s
Ep   11: len= 46 白胜 loss=28.2751 temp=1.00 total_env_steps=589 t=0.06s
Ep   12: len= 39 黑胜 loss=28.0674 temp=1.00 total_env_steps=628 t=0.04s
Ep   13: len= 43 黑胜 loss=28.2448 temp=1.00 total_env_steps=671 t=0.05s
Ep   14: len= 49 黑胜 loss=28.0125 temp=1.00 total_env_steps=720 t=0.05s
Ep   15: len= 70 白胜 loss=28.1362 temp=1.00 total_env_steps=790 t=0.06s
Ep   16: len= 35 黑胜 loss=28.3865 temp=1.00 total_env_steps=825 t=0.04s
Ep   17: len= 50 白胜 loss=28.2219 temp=1.00 total_env_steps=875 t=0.05s
Ep   18: len= 54 白胜 loss=27.8732 temp=1.00 total_env_steps=929 t=0.06s
Ep   19: len= 52 白胜 loss=27.9984 temp=1.00 total_env_steps=981 t=0.05s
Ep   20: len= 58 白胜 loss=28.0784 temp=1.00 total_env_steps=1039 t=0.05s
Ep   21: len= 51 黑胜 loss=27.9708 temp=1.00 total_env_steps=1090 t=0.05s
Ep   22: len= 67 黑胜 loss=28.4989 temp=1.00 total_env_steps=1157 t=0.06s
Ep   23: len= 71 黑胜 loss=28.2463 temp=1.00 total_env_steps=1228 t=0.07s
Ep   24: len= 58 白胜 loss=27.9366 temp=1.00 total_env_steps=1286 t=0.06s
Ep   25: len= 44 白胜 loss=28.2931 temp=1.00 total_env_steps=1330 t=0.05s
Ep   26: len= 52 白胜 loss=28.0050 temp=1.00 total_env_steps=1382 t=0.05s
Ep   27: len= 45 黑胜 loss=27.8438 temp=1.00 total_env_steps=1427 t=0.05s
Ep   28: len= 27 黑胜 loss=28.1505 temp=1.00 total_env_steps=1454 t=0.04s
Ep   29: len= 46 白胜 loss=28.1849 temp=1.00 total_env_steps=1500 t=0.04s
Ep   30: len= 33 黑胜 loss=27.9760 temp=1.00 total_env_steps=1533 t=0.04s
Ep   31: len= 55 黑胜 loss=27.8244 temp=1.00 total_env_steps=1588 t=0.05s
Ep   32: len= 58 白胜 loss=27.7540 temp=1.00 total_env_steps=1646 t=0.05s
Ep   33: len= 69 黑胜 loss=27.9329 temp=1.00 total_env_steps=1715 t=0.06s
Ep   34: len= 42 白胜 loss=28.1025 temp=1.00 total_env_steps=1757 t=0.05s
Ep   35: len= 37 黑胜 loss=27.9232 temp=1.00 total_env_steps=1794 t=0.04s
Ep   36: len= 48 白胜 loss=27.6974 temp=1.00 total_env_steps=1842 t=0.04s
Ep   37: len= 33 黑胜 loss=28.2104 temp=1.00 total_env_steps=1875 t=0.03s
Ep   38: len= 59 黑胜 loss=27.6066 temp=1.00 total_env_steps=1934 t=0.05s
Ep   39: len= 47 黑胜 loss=27.4892 temp=1.00 total_env_steps=1981 t=0.05s
Ep   40: len= 35 黑胜 loss=27.8371 temp=1.00 total_env_steps=2016 t=0.04s
Ep   41: len= 24 白胜 loss=27.8016 temp=1.00 total_env_steps=2040 t=0.03s
Ep   42: len= 78 白胜 loss=27.7856 temp=1.00 total_env_steps=2118 t=0.06s
Ep   43: len= 60 白胜 loss=27.9147 temp=1.00 total_env_steps=2178 t=0.06s
Ep   44: len= 41 黑胜 loss=27.6737 temp=1.00 total_env_steps=2219 t=0.04s
Ep   45: len= 58 白胜 loss=27.2926 temp=1.00 total_env_steps=2277 t=0.07s
Ep   46: len= 48 白胜 loss=27.5146 temp=1.00 total_env_steps=2325 t=0.05s
Ep   47: len= 61 黑胜 loss=27.7039 temp=1.00 total_env_steps=2386 t=0.05s
Ep   48: len= 74 白胜 loss=27.3483 temp=1.00 total_env_steps=2460 t=0.06s
Ep   49: len= 52 白胜 loss=27.6582 temp=1.00 total_env_steps=2512 t=0.06s
Ep   50: len= 42 白胜 loss=27.4050 temp=1.00 total_env_steps=2554 t=0.05s
  eval vs Gomoku-random-v0: win_rate=0.75 mean_return=0.50（20 局，total_env_steps=2554）
Ep   51: len= 67 黑胜 loss=27.9256 temp=1.00 total_env_steps=2621 t=0.06s
Ep   52: len= 60 白胜 loss=27.4469 temp=1.00 total_env_steps=2681 t=0.05s
Ep   53: len= 48 白胜 loss=27.6704 temp=1.00 total_env_steps=2729 t=0.05s
Ep   54: len= 53 黑胜 loss=27.5881 temp=1.00 total_env_steps=2782 t=0.06s
Ep   55: len= 74 白胜 loss=27.6994 temp=1.00 total_env_steps=2856 t=0.07s
Ep   56: len= 41 黑胜 loss=27.9409 temp=1.00 total_env_steps=2897 t=0.04s
Ep   57: len= 52 白胜 loss=27.3622 temp=1.00 total_env_steps=2949 t=0.05s
Ep   58: len= 31 黑胜 loss=27.5059 temp=1.00 total_env_steps=2980 t=0.03s
Ep   59: len= 61 黑胜 loss=27.3072 temp=1.00 total_env_steps=3041 t=0.05s
Ep   60: len= 33 黑胜 loss=27.3520 temp=1.00 total_env_steps=3074 t=0.04s
Ep   61: len= 55 黑胜 loss=27.5226 temp=1.00 total_env_steps=3129 t=0.05s
Ep   62: len= 30 白胜 loss=27.1914 temp=1.00 total_env_steps=3159 t=0.04s
Ep   63: len= 61 黑胜 loss=27.5859 temp=1.00 total_env_steps=3220 t=0.06s
Ep   64: len= 54 白胜 loss=27.1642 temp=1.00 total_env_steps=3274 t=0.06s
Ep   65: len= 65 黑胜 loss=27.4822 temp=1.00 total_env_steps=3339 t=0.06s
Ep   66: len= 47 黑胜 loss=27.1141 temp=1.00 total_env_steps=3386 t=0.05s
Ep   67: len= 76 白胜 loss=27.5626 temp=1.00 total_env_steps=3462 t=0.07s
Ep   68: len= 65 黑胜 loss=27.6007 temp=1.00 total_env_steps=3527 t=0.06s
Ep   69: len= 43 黑胜 loss=27.0585 temp=1.00 total_env_steps=3570 t=0.05s
Ep   70: len= 60 白胜 loss=27.3834 temp=1.00 total_env_steps=3630 t=0.06s
Ep   71: len= 69 黑胜 loss=27.6060 temp=1.00 total_env_steps=3699 t=0.06s
Ep   72: len= 41 黑胜 loss=27.6754 temp=1.00 total_env_steps=3740 t=0.04s
Ep   73: len= 68 白胜 loss=27.3924 temp=1.00 total_env_steps=3808 t=0.06s
Ep   74: len= 30 白胜 loss=27.4987 temp=1.00 total_env_steps=3838 t=0.03s
Ep   75: len= 37 黑胜 loss=27.4987 temp=1.00 total_env_steps=3875 t=0.04s
Ep   76: len= 55 黑胜 loss=27.2900 temp=1.00 total_env_steps=3930 t=0.05s
Ep   77: len= 56 白胜 loss=27.1161 temp=1.00 total_env_steps=3986 t=0.05s
Ep   78: len= 60 白胜 loss=27.4013 temp=1.00 total_env_steps=4046 t=0.06s
Ep   79: len= 66 白胜 loss=27.6139 temp=1.00 total_env_steps=4112 t=0.06s
Ep   80: len= 47 黑胜 loss=27.1075 temp=1.00 total_env_steps=4159 t=0.05s
Ep   81: len= 38 白胜 loss=27.3496 temp=1.00 total_env_steps=4197 t=0.04s
Ep   82: len= 56 白胜 loss=27.4425 temp=1.00 total_env_steps=4253 t=0.05s
Ep   83: len= 71 黑胜 loss=27.2098 temp=1.00 total_env_steps=4324 t=0.06s
Ep   84: len= 49 黑胜 loss=27.4893 temp=1.00 total_env_steps=4373 t=0.05s
Ep   85: len= 57 黑胜 loss=27.5235 temp=1.00 total_env_steps=4430 t=0.05s
Ep   86: len= 72 白胜 loss=27.3556 temp=1.00 total_env_steps=4502 t=0.07s
Ep   87: len= 81 平局 loss=27.3326 temp=1.00 total_env_steps=4583 t=0.07s
Ep   88: len= 54 白胜 loss=27.7249 temp=1.00 total_env_steps=4637 t=0.05s
Ep   89: len= 52 白胜 loss=27.4055 temp=1.00 total_env_steps=4689 t=0.05s
Ep   90: len= 44 白胜 loss=27.1891 temp=1.00 total_env_steps=4733 t=0.05s
Ep   91: len= 75 黑胜 loss=27.1908 temp=1.00 total_env_steps=4808 t=0.05s
Ep   92: len= 56 白胜 loss=27.2376 temp=1.00 total_env_steps=4864 t=0.05s
Ep   93: len= 54 白胜 loss=27.1398 temp=1.00 total_env_steps=4918 t=0.04s
Ep   94: len= 64 白胜 loss=27.0910 temp=1.00 total_env_steps=4982 t=0.05s
Ep   95: len= 63 黑胜 loss=27.2581 temp=1.00 total_env_steps=5045 t=0.05s
Ep   96: len= 49 黑胜 loss=27.3961 temp=1.00 total_env_steps=5094 t=0.04s
Ep   97: len= 40 白胜 loss=27.4649 temp=1.00 total_env_steps=5134 t=0.04s
Ep   98: len= 52 白胜 loss=26.9103 temp=1.00 total_env_steps=5186 t=0.04s
Ep   99: len= 61 黑胜 loss=27.5335 temp=1.00 total_env_steps=5247 t=0.05s
Ep  100: len= 62 白胜 loss=27.3290 temp=1.00 total_env_steps=5309 t=0.05s
  eval vs Gomoku-random-v0: win_rate=0.85 mean_return=0.70（20 局，total_env_steps=5309）
Ep  101: len= 58 白胜 loss=27.2858 temp=1.00 total_env_steps=5367 t=0.05s
Ep  102: len= 49 黑胜 loss=27.1250 temp=0.99 total_env_steps=5416 t=0.04s
Ep  103: len= 46 白胜 loss=27.3243 temp=0.99 total_env_steps=5462 t=0.04s
Ep  104: len= 35 黑胜 loss=27.3615 temp=0.98 total_env_steps=5497 t=0.04s
Ep  105: len= 50 白胜 loss=26.9293 temp=0.97 total_env_steps=5547 t=0.05s
Ep  106: len= 62 白胜 loss=27.5249 temp=0.96 total_env_steps=5609 t=0.05s
Ep  107: len= 50 白胜 loss=27.1935 temp=0.95 total_env_steps=5659 t=0.05s
Ep  108: len= 66 白胜 loss=27.2477 temp=0.95 total_env_steps=5725 t=0.05s
Ep  109: len= 30 白胜 loss=27.5308 temp=0.94 total_env_steps=5755 t=0.03s
Ep  110: len= 48 白胜 loss=27.3667 temp=0.93 total_env_steps=5803 t=0.05s
Ep  111: len= 57 黑胜 loss=27.3461 temp=0.93 total_env_steps=5860 t=0.05s
Ep  112: len= 40 白胜 loss=27.3212 temp=0.92 total_env_steps=5900 t=0.04s
Ep  113: len= 70 白胜 loss=27.3549 temp=0.91 total_env_steps=5970 t=0.05s
Ep  114: len= 72 白胜 loss=27.0222 temp=0.90 total_env_steps=6042 t=0.06s
Ep  115: len= 30 白胜 loss=27.1981 temp=0.89 total_env_steps=6072 t=0.03s
Ep  116: len= 79 黑胜 loss=26.8872 temp=0.89 total_env_steps=6151 t=0.06s
Ep  117: len= 58 白胜 loss=27.1928 temp=0.88 total_env_steps=6209 t=0.05s
Ep  118: len= 29 黑胜 loss=27.1189 temp=0.87 total_env_steps=6238 t=0.03s
Ep  119: len= 73 黑胜 loss=27.5913 temp=0.87 total_env_steps=6311 t=0.07s
Ep  120: len= 47 黑胜 loss=27.1458 temp=0.86 total_env_steps=6358 t=0.06s
Ep  121: len= 36 白胜 loss=27.1148 temp=0.85 total_env_steps=6394 t=0.04s
Ep  122: len= 50 白胜 loss=27.3728 temp=0.84 total_env_steps=6444 t=0.05s
Ep  123: len= 32 白胜 loss=27.1343 temp=0.84 total_env_steps=6476 t=0.04s
Ep  124: len= 52 白胜 loss=27.2880 temp=0.83 total_env_steps=6528 t=0.05s
Ep  125: len= 57 黑胜 loss=27.5132 temp=0.82 total_env_steps=6585 t=0.05s
Ep  126: len= 62 白胜 loss=27.1633 temp=0.81 total_env_steps=6647 t=0.06s
Ep  127: len= 35 黑胜 loss=27.3359 temp=0.81 total_env_steps=6682 t=0.04s
Ep  128: len= 43 黑胜 loss=27.1947 temp=0.80 total_env_steps=6725 t=0.05s
Ep  129: len= 51 黑胜 loss=27.3919 temp=0.79 total_env_steps=6776 t=0.06s
Ep  130: len= 65 黑胜 loss=27.2240 temp=0.78 total_env_steps=6841 t=0.06s
Ep  131: len= 68 白胜 loss=27.4725 temp=0.77 total_env_steps=6909 t=0.06s
Ep  132: len= 49 黑胜 loss=27.3769 temp=0.77 total_env_steps=6958 t=0.05s
Ep  133: len= 50 白胜 loss=27.2082 temp=0.76 total_env_steps=7008 t=0.06s
Ep  134: len= 60 白胜 loss=27.1563 temp=0.75 total_env_steps=7068 t=0.05s
Ep  135: len= 55 黑胜 loss=27.1073 temp=0.75 total_env_steps=7123 t=0.05s
Ep  136: len= 51 黑胜 loss=27.0503 temp=0.74 total_env_steps=7174 t=0.05s
Ep  137: len= 40 白胜 loss=27.1779 temp=0.73 total_env_steps=7214 t=0.04s
Ep  138: len= 68 白胜 loss=27.2088 temp=0.72 total_env_steps=7282 t=0.06s
Ep  139: len= 66 白胜 loss=26.9401 temp=0.72 total_env_steps=7348 t=0.06s
Ep  140: len= 29 黑胜 loss=27.2304 temp=0.71 total_env_steps=7377 t=0.04s
Ep  141: len= 52 白胜 loss=27.1063 temp=0.70 total_env_steps=7429 t=0.05s
Ep  142: len= 48 白胜 loss=27.2933 temp=0.69 total_env_steps=7477 t=0.05s
Ep  143: len= 60 白胜 loss=27.1985 temp=0.69 total_env_steps=7537 t=0.07s
Ep  144: len= 51 黑胜 loss=27.2514 temp=0.68 total_env_steps=7588 t=0.06s
Ep  145: len= 69 黑胜 loss=26.9103 temp=0.67 total_env_steps=7657 t=0.06s
Ep  146: len= 50 白胜 loss=27.1704 temp=0.66 total_env_steps=7707 t=0.05s
Ep  147: len= 55 黑胜 loss=27.1821 temp=0.65 total_env_steps=7762 t=0.05s
Ep  148: len= 60 白胜 loss=26.9620 temp=0.65 total_env_steps=7822 t=0.05s
Ep  149: len= 54 白胜 loss=27.0822 temp=0.64 total_env_steps=7876 t=0.05s
Ep  150: len= 55 黑胜 loss=26.9978 temp=0.63 total_env_steps=7931 t=0.05s
  eval vs Gomoku-random-v0: win_rate=0.80 mean_return=0.60（20 局，total_env_steps=7931）
Ep  151: len= 68 白胜 loss=27.3134 temp=0.62 total_env_steps=7999 t=0.07s
Ep  152: len= 49 黑胜 loss=27.4196 temp=0.62 total_env_steps=8048 t=0.05s
Ep  153: len= 45 黑胜 loss=27.0256 temp=0.61 total_env_steps=8093 t=0.06s
Ep  154: len= 45 黑胜 loss=27.2583 temp=0.60 total_env_steps=8138 t=0.05s
Ep  155: len= 54 白胜 loss=27.0419 temp=0.59 total_env_steps=8192 t=0.05s
Ep  156: len= 50 白胜 loss=27.3006 temp=0.59 total_env_steps=8242 t=0.05s
Ep  157: len= 65 黑胜 loss=27.1419 temp=0.58 total_env_steps=8307 t=0.06s
Ep  158: len= 55 黑胜 loss=26.9979 temp=0.57 total_env_steps=8362 t=0.05s
Ep  159: len= 57 黑胜 loss=27.5834 temp=0.56 total_env_steps=8419 t=0.05s
Ep  160: len= 40 白胜 loss=27.2218 temp=0.56 total_env_steps=8459 t=0.04s
Ep  161: len= 46 白胜 loss=27.2370 temp=0.55 total_env_steps=8505 t=0.04s
Ep  162: len= 47 黑胜 loss=26.9958 temp=0.54 total_env_steps=8552 t=0.04s
Ep  163: len= 39 黑胜 loss=26.8527 temp=0.53 total_env_steps=8591 t=0.04s
Ep  164: len= 61 黑胜 loss=27.0749 temp=0.53 total_env_steps=8652 t=0.05s
Ep  165: len= 54 白胜 loss=26.9018 temp=0.52 total_env_steps=8706 t=0.04s
Ep  166: len= 47 黑胜 loss=27.0235 temp=0.51 total_env_steps=8753 t=0.04s
Ep  167: len= 56 白胜 loss=27.4190 temp=0.50 total_env_steps=8809 t=0.05s
Ep  168: len= 52 白胜 loss=26.9997 temp=0.50 total_env_steps=8861 t=0.05s
Ep  169: len= 71 黑胜 loss=27.3518 temp=0.49 total_env_steps=8932 t=0.06s
Ep  170: len= 59 黑胜 loss=27.4136 temp=0.48 total_env_steps=8991 t=0.05s
Ep  171: len= 37 黑胜 loss=27.0496 temp=0.48 total_env_steps=9028 t=0.04s
Ep  172: len= 74 白胜 loss=27.0455 temp=0.47 total_env_steps=9102 t=0.07s
Ep  173: len= 55 黑胜 loss=27.2531 temp=0.46 total_env_steps=9157 t=0.05s
Ep  174: len= 32 白胜 loss=26.6306 temp=0.45 total_env_steps=9189 t=0.04s
Ep  175: len= 29 黑胜 loss=26.9863 temp=0.44 total_env_steps=9218 t=0.04s
Ep  176: len= 40 白胜 loss=26.6004 temp=0.44 total_env_steps=9258 t=0.04s
Ep  177: len= 55 黑胜 loss=27.0127 temp=0.43 total_env_steps=9313 t=0.05s
Ep  178: len= 62 白胜 loss=27.1762 temp=0.42 total_env_steps=9375 t=0.05s
Ep  179: len= 60 白胜 loss=26.8657 temp=0.42 total_env_steps=9435 t=0.05s
Ep  180: len= 37 黑胜 loss=26.7843 temp=0.41 total_env_steps=9472 t=0.04s
Ep  181: len= 60 白胜 loss=27.3034 temp=0.40 total_env_steps=9532 t=0.06s
Ep  182: len= 40 白胜 loss=26.9844 temp=0.39 total_env_steps=9572 t=0.04s
Ep  183: len= 33 黑胜 loss=26.9591 temp=0.38 total_env_steps=9605 t=0.04s
Ep  184: len= 32 白胜 loss=26.7392 temp=0.38 total_env_steps=9637 t=0.03s
Ep  185: len= 68 白胜 loss=26.9116 temp=0.37 total_env_steps=9705 t=0.05s
Ep  186: len= 59 黑胜 loss=26.8142 temp=0.36 total_env_steps=9764 t=0.05s
Ep  187: len= 57 黑胜 loss=26.7994 temp=0.36 total_env_steps=9821 t=0.05s
Ep  188: len= 60 白胜 loss=27.3157 temp=0.35 total_env_steps=9881 t=0.05s
Ep  189: len= 50 白胜 loss=26.7662 temp=0.34 total_env_steps=9931 t=0.05s
Ep  190: len= 57 黑胜 loss=26.5086 temp=0.33 total_env_steps=9988 t=0.05s
Ep  191: len= 53 黑胜 loss=26.6073 temp=0.33 total_env_steps=10041 t=0.05s
Ep  192: len= 49 黑胜 loss=26.8758 temp=0.32 total_env_steps=10090 t=0.05s
Ep  193: len= 34 白胜 loss=26.7444 temp=0.31 total_env_steps=10124 t=0.05s
Ep  194: len= 38 白胜 loss=27.0961 temp=0.30 total_env_steps=10162 t=0.04s
Ep  195: len= 39 黑胜 loss=26.9827 temp=0.30 total_env_steps=10201 t=0.04s
Ep  196: len= 35 黑胜 loss=26.9776 temp=0.29 total_env_steps=10236 t=0.04s
Ep  197: len= 51 黑胜 loss=27.2222 temp=0.28 total_env_steps=10287 t=0.05s
Ep  198: len= 57 黑胜 loss=26.9125 temp=0.27 total_env_steps=10344 t=0.05s
Ep  199: len= 44 白胜 loss=26.9565 temp=0.26 total_env_steps=10388 t=0.05s
Ep  200: len= 59 黑胜 loss=26.9403 temp=0.26 total_env_steps=10447 t=0.06s
  eval vs Gomoku-random-v0: win_rate=0.65 mean_return=0.30（20 局，total_env_steps=10447）
  📸 已拍权重快照（ep=200，gating 对弈基准）
Ep  201: len= 77 黑胜 loss=26.8564 temp=0.25 total_env_steps=10524 t=0.07s
Ep  202: len= 51 黑胜 loss=27.1396 temp=0.25 total_env_steps=10575 t=0.05s
Ep  203: len= 49 黑胜 loss=26.6308 temp=0.25 total_env_steps=10624 t=0.05s
Ep  204: len= 29 黑胜 loss=27.1329 temp=0.25 total_env_steps=10653 t=0.04s
Ep  205: len= 71 黑胜 loss=26.8124 temp=0.25 total_env_steps=10724 t=0.07s
Ep  206: len= 40 白胜 loss=26.3014 temp=0.25 total_env_steps=10764 t=0.06s
Ep  207: len= 47 黑胜 loss=26.9545 temp=0.25 total_env_steps=10811 t=0.06s
Ep  208: len= 31 黑胜 loss=26.8095 temp=0.25 total_env_steps=10842 t=0.05s
Ep  209: len= 34 白胜 loss=26.9844 temp=0.25 total_env_steps=10876 t=0.05s
Ep  210: len= 42 白胜 loss=26.9750 temp=0.25 total_env_steps=10918 t=0.05s
Ep  211: len= 53 黑胜 loss=26.6671 temp=0.25 total_env_steps=10971 t=0.06s
Ep  212: len= 38 白胜 loss=26.8584 temp=0.25 total_env_steps=11009 t=0.05s
Ep  213: len= 44 白胜 loss=26.9797 temp=0.25 total_env_steps=11053 t=0.05s
Ep  214: len= 73 黑胜 loss=26.7711 temp=0.25 total_env_steps=11126 t=0.07s
Ep  215: len= 41 黑胜 loss=26.9422 temp=0.25 total_env_steps=11167 t=0.06s
Ep  216: len= 77 黑胜 loss=26.7914 temp=0.25 total_env_steps=11244 t=0.07s
Ep  217: len= 35 黑胜 loss=26.7916 temp=0.25 total_env_steps=11279 t=0.05s
Ep  218: len= 61 黑胜 loss=26.3866 temp=0.25 total_env_steps=11340 t=0.06s
Ep  219: len= 57 黑胜 loss=26.6786 temp=0.25 total_env_steps=11397 t=0.06s
Ep  220: len= 46 白胜 loss=26.0103 temp=0.25 total_env_steps=11443 t=0.06s
Ep  221: len= 55 黑胜 loss=26.9103 temp=0.25 total_env_steps=11498 t=0.06s
Ep  222: len= 71 黑胜 loss=26.2398 temp=0.25 total_env_steps=11569 t=0.08s
Ep  223: len= 49 黑胜 loss=26.9145 temp=0.25 total_env_steps=11618 t=0.07s
Ep  224: len= 45 黑胜 loss=26.5553 temp=0.25 total_env_steps=11663 t=0.06s
Ep  225: len= 62 白胜 loss=26.9443 temp=0.25 total_env_steps=11725 t=0.06s
Ep  226: len= 79 黑胜 loss=26.6177 temp=0.25 total_env_steps=11804 t=0.08s
Ep  227: len= 63 黑胜 loss=26.9964 temp=0.25 total_env_steps=11867 t=0.07s
Ep  228: len= 46 白胜 loss=26.6146 temp=0.25 total_env_steps=11913 t=0.06s
Ep  229: len= 47 黑胜 loss=26.8324 temp=0.25 total_env_steps=11960 t=0.06s
Ep  230: len= 67 黑胜 loss=26.7421 temp=0.25 total_env_steps=12027 t=0.07s
Ep  231: len= 48 白胜 loss=26.8215 temp=0.25 total_env_steps=12075 t=0.05s
Ep  232: len= 40 白胜 loss=26.1570 temp=0.25 total_env_steps=12115 t=0.05s
Ep  233: len= 53 黑胜 loss=26.7253 temp=0.25 total_env_steps=12168 t=0.06s
Ep  234: len= 49 黑胜 loss=26.5187 temp=0.25 total_env_steps=12217 t=0.06s
Ep  235: len= 48 白胜 loss=26.8657 temp=0.25 total_env_steps=12265 t=0.06s
Ep  236: len= 54 白胜 loss=26.6450 temp=0.25 total_env_steps=12319 t=0.06s
Ep  237: len= 66 白胜 loss=26.2162 temp=0.25 total_env_steps=12385 t=0.07s
Ep  238: len= 60 白胜 loss=26.3121 temp=0.25 total_env_steps=12445 t=0.07s
Ep  239: len= 34 白胜 loss=26.8416 temp=0.25 total_env_steps=12479 t=0.06s
Ep  240: len= 72 白胜 loss=26.4517 temp=0.25 total_env_steps=12551 t=0.08s
Ep  241: len= 41 黑胜 loss=26.8944 temp=0.25 total_env_steps=12592 t=0.06s
Ep  242: len= 63 黑胜 loss=26.4088 temp=0.25 total_env_steps=12655 t=0.06s
Ep  243: len= 40 白胜 loss=26.6874 temp=0.25 total_env_steps=12695 t=0.05s
Ep  244: len= 53 黑胜 loss=26.3717 temp=0.25 total_env_steps=12748 t=0.06s
Ep  245: len= 31 黑胜 loss=26.0836 temp=0.25 total_env_steps=12779 t=0.04s
Ep  246: len= 59 黑胜 loss=26.4054 temp=0.25 total_env_steps=12838 t=0.06s
Ep  247: len= 36 白胜 loss=26.0873 temp=0.25 total_env_steps=12874 t=0.05s
Ep  248: len= 51 黑胜 loss=26.3529 temp=0.25 total_env_steps=12925 t=0.05s
Ep  249: len= 51 黑胜 loss=26.4910 temp=0.25 total_env_steps=12976 t=0.06s
Ep  250: len= 54 白胜 loss=26.5760 temp=0.25 total_env_steps=13030 t=0.06s
  eval vs Gomoku-random-v0: win_rate=0.85 mean_return=0.70（20 局，total_env_steps=13030）
Ep  251: len= 26 白胜 loss=26.7135 temp=0.25 total_env_steps=13056 t=0.05s
Ep  252: len= 23 黑胜 loss=26.6602 temp=0.25 total_env_steps=13079 t=0.04s
Ep  253: len= 49 黑胜 loss=26.8900 temp=0.25 total_env_steps=13128 t=0.06s
Ep  254: len= 70 白胜 loss=26.7393 temp=0.25 total_env_steps=13198 t=0.06s
Ep  255: len= 49 黑胜 loss=26.5721 temp=0.25 total_env_steps=13247 t=0.06s
Ep  256: len= 45 黑胜 loss=26.7405 temp=0.25 total_env_steps=13292 t=0.05s
Ep  257: len= 45 黑胜 loss=26.5851 temp=0.25 total_env_steps=13337 t=0.06s
Ep  258: len= 37 黑胜 loss=26.3317 temp=0.25 total_env_steps=13374 t=0.05s
Ep  259: len= 56 白胜 loss=26.3633 temp=0.25 total_env_steps=13430 t=0.07s
Ep  260: len= 48 白胜 loss=26.5205 temp=0.25 total_env_steps=13478 t=0.06s
Ep  261: len= 33 黑胜 loss=26.6720 temp=0.25 total_env_steps=13511 t=0.05s
Ep  262: len= 45 黑胜 loss=26.3700 temp=0.25 total_env_steps=13556 t=0.06s
Ep  263: len= 35 黑胜 loss=26.4327 temp=0.25 total_env_steps=13591 t=0.05s
Ep  264: len= 36 白胜 loss=26.1605 temp=0.25 total_env_steps=13627 t=0.05s
Ep  265: len= 35 黑胜 loss=25.9946 temp=0.25 total_env_steps=13662 t=0.05s
Ep  266: len= 25 黑胜 loss=26.9317 temp=0.25 total_env_steps=13687 t=0.04s
Ep  267: len= 44 白胜 loss=26.4135 temp=0.25 total_env_steps=13731 t=0.05s
Ep  268: len= 78 白胜 loss=26.3184 temp=0.25 total_env_steps=13809 t=0.08s
Ep  269: len= 31 黑胜 loss=26.5438 temp=0.25 total_env_steps=13840 t=0.05s
Ep  270: len= 61 黑胜 loss=26.5033 temp=0.25 total_env_steps=13901 t=0.08s
Ep  271: len= 47 黑胜 loss=26.5641 temp=0.25 total_env_steps=13948 t=0.06s
Ep  272: len= 48 白胜 loss=26.4519 temp=0.25 total_env_steps=13996 t=0.06s
Ep  273: len= 21 黑胜 loss=26.3298 temp=0.25 total_env_steps=14017 t=0.04s
Ep  274: len= 36 白胜 loss=26.6951 temp=0.25 total_env_steps=14053 t=0.05s
Ep  275: len= 58 白胜 loss=26.4220 temp=0.25 total_env_steps=14111 t=0.07s
Ep  276: len= 36 白胜 loss=26.1593 temp=0.25 total_env_steps=14147 t=0.05s
Ep  277: len= 38 白胜 loss=25.7428 temp=0.25 total_env_steps=14185 t=0.05s
Ep  278: len= 46 白胜 loss=26.2936 temp=0.25 total_env_steps=14231 t=0.06s
Ep  279: len= 61 黑胜 loss=26.0231 temp=0.25 total_env_steps=14292 t=0.07s
Ep  280: len= 60 白胜 loss=26.0143 temp=0.25 total_env_steps=14352 t=0.07s
Ep  281: len= 37 黑胜 loss=26.5865 temp=0.25 total_env_steps=14389 t=0.05s
Ep  282: len= 73 黑胜 loss=26.2353 temp=0.25 total_env_steps=14462 t=0.06s
Ep  283: len= 54 白胜 loss=26.2402 temp=0.25 total_env_steps=14516 t=0.06s
Ep  284: len= 51 黑胜 loss=25.9758 temp=0.25 total_env_steps=14567 t=0.06s
Ep  285: len= 38 白胜 loss=26.2529 temp=0.25 total_env_steps=14605 t=0.05s
Ep  286: len= 38 白胜 loss=26.5977 temp=0.25 total_env_steps=14643 t=0.06s
Ep  287: len= 60 白胜 loss=26.4379 temp=0.25 total_env_steps=14703 t=0.07s
Ep  288: len= 36 白胜 loss=26.2179 temp=0.25 total_env_steps=14739 t=0.06s
Ep  289: len= 74 白胜 loss=26.2784 temp=0.25 total_env_steps=14813 t=0.07s
Ep  290: len= 33 黑胜 loss=26.2444 temp=0.25 total_env_steps=14846 t=0.05s
Ep  291: len= 36 白胜 loss=26.5054 temp=0.25 total_env_steps=14882 t=0.05s
Ep  292: len= 68 白胜 loss=25.6638 temp=0.25 total_env_steps=14950 t=0.08s
Ep  293: len= 31 黑胜 loss=25.8854 temp=0.25 total_env_steps=14981 t=0.06s
Ep  294: len= 51 黑胜 loss=25.8489 temp=0.25 total_env_steps=15032 t=0.06s
Ep  295: len= 55 黑胜 loss=25.8616 temp=0.25 total_env_steps=15087 t=0.07s
Ep  296: len= 49 黑胜 loss=26.5001 temp=0.25 total_env_steps=15136 t=0.06s
Ep  297: len= 42 白胜 loss=26.0743 temp=0.25 total_env_steps=15178 t=0.06s
Ep  298: len= 50 白胜 loss=26.1515 temp=0.25 total_env_steps=15228 t=0.06s
Ep  299: len= 25 黑胜 loss=26.0351 temp=0.25 total_env_steps=15253 t=0.04s
Ep  300: len= 43 黑胜 loss=26.0057 temp=0.25 total_env_steps=15296 t=0.05s
  eval vs Gomoku-random-v0: win_rate=0.90 mean_return=0.80（20 局，total_env_steps=15296）
Ep  301: len= 32 白胜 loss=25.9549 temp=0.25 total_env_steps=15328 t=0.05s
Ep  302: len= 48 白胜 loss=26.3189 temp=0.25 total_env_steps=15376 t=0.06s
Ep  303: len= 42 白胜 loss=25.9879 temp=0.25 total_env_steps=15418 t=0.05s
Ep  304: len= 59 黑胜 loss=26.1874 temp=0.25 total_env_steps=15477 t=0.06s
Ep  305: len= 54 白胜 loss=26.2206 temp=0.25 total_env_steps=15531 t=0.06s
Ep  306: len= 51 黑胜 loss=26.2367 temp=0.25 total_env_steps=15582 t=0.06s
Ep  307: len= 63 黑胜 loss=25.5231 temp=0.25 total_env_steps=15645 t=0.07s
Ep  308: len= 29 黑胜 loss=26.6856 temp=0.25 total_env_steps=15674 t=0.05s
Ep  309: len= 44 白胜 loss=26.0923 temp=0.25 total_env_steps=15718 t=0.06s
Ep  310: len= 25 黑胜 loss=26.0173 temp=0.25 total_env_steps=15743 t=0.05s
Ep  311: len= 51 黑胜 loss=26.2276 temp=0.25 total_env_steps=15794 t=0.06s
Ep  312: len= 36 白胜 loss=26.2895 temp=0.25 total_env_steps=15830 t=0.06s
Ep  313: len= 43 黑胜 loss=25.9225 temp=0.25 total_env_steps=15873 t=0.06s
Ep  314: len= 32 白胜 loss=26.4289 temp=0.25 total_env_steps=15905 t=0.05s
Ep  315: len= 41 黑胜 loss=26.4996 temp=0.25 total_env_steps=15946 t=0.05s
Ep  316: len= 47 黑胜 loss=26.1032 temp=0.25 total_env_steps=15993 t=0.06s
Ep  317: len= 55 黑胜 loss=25.8605 temp=0.25 total_env_steps=16048 t=0.06s
Ep  318: len= 21 黑胜 loss=25.8362 temp=0.25 total_env_steps=16069 t=0.05s
Ep  319: len= 50 白胜 loss=26.2689 temp=0.25 total_env_steps=16119 t=0.06s
Ep  320: len= 49 黑胜 loss=25.5355 temp=0.25 total_env_steps=16168 t=0.06s
Ep  321: len= 39 黑胜 loss=25.6809 temp=0.25 total_env_steps=16207 t=0.06s
Ep  322: len= 36 白胜 loss=26.4618 temp=0.25 total_env_steps=16243 t=0.06s
Ep  323: len= 43 黑胜 loss=26.3471 temp=0.25 total_env_steps=16286 t=0.06s
Ep  324: len= 54 白胜 loss=25.7171 temp=0.25 total_env_steps=16340 t=0.07s
Ep  325: len= 36 白胜 loss=25.5680 temp=0.25 total_env_steps=16376 t=0.05s
Ep  326: len= 41 黑胜 loss=26.5479 temp=0.25 total_env_steps=16417 t=0.06s
Ep  327: len= 55 黑胜 loss=26.2261 temp=0.25 total_env_steps=16472 t=0.06s
Ep  328: len= 42 白胜 loss=26.2773 temp=0.25 total_env_steps=16514 t=0.06s
Ep  329: len= 47 黑胜 loss=25.7480 temp=0.25 total_env_steps=16561 t=0.06s
Ep  330: len= 41 黑胜 loss=25.6103 temp=0.25 total_env_steps=16602 t=0.06s
Ep  331: len= 65 黑胜 loss=25.3446 temp=0.25 total_env_steps=16667 t=0.07s
Ep  332: len= 53 黑胜 loss=25.6640 temp=0.25 total_env_steps=16720 t=0.06s
Ep  333: len= 67 黑胜 loss=26.2293 temp=0.25 total_env_steps=16787 t=0.08s
Ep  334: len= 50 白胜 loss=25.7735 temp=0.25 total_env_steps=16837 t=0.06s
Ep  335: len= 52 白胜 loss=25.7867 temp=0.25 total_env_steps=16889 t=0.06s
Ep  336: len= 67 黑胜 loss=26.1677 temp=0.25 total_env_steps=16956 t=0.07s
Ep  337: len= 51 黑胜 loss=25.7897 temp=0.25 total_env_steps=17007 t=0.06s
Ep  338: len= 57 黑胜 loss=25.5805 temp=0.25 total_env_steps=17064 t=0.07s
Ep  339: len= 55 黑胜 loss=25.5502 temp=0.25 total_env_steps=17119 t=0.07s
Ep  340: len= 29 黑胜 loss=26.0017 temp=0.25 total_env_steps=17148 t=0.05s
Ep  341: len= 35 黑胜 loss=26.1036 temp=0.25 total_env_steps=17183 t=0.05s
Ep  342: len= 38 白胜 loss=25.8786 temp=0.25 total_env_steps=17221 t=0.06s
Ep  343: len= 40 白胜 loss=25.8748 temp=0.25 total_env_steps=17261 t=0.05s
Ep  344: len= 47 黑胜 loss=25.5465 temp=0.25 total_env_steps=17308 t=0.07s
Ep  345: len= 38 白胜 loss=26.0790 temp=0.25 total_env_steps=17346 t=0.05s
Ep  346: len= 27 黑胜 loss=26.0330 temp=0.25 total_env_steps=17373 t=0.05s
Ep  347: len= 55 黑胜 loss=25.8468 temp=0.25 total_env_steps=17428 t=0.07s
Ep  348: len= 33 黑胜 loss=25.5566 temp=0.25 total_env_steps=17461 t=0.05s
Ep  349: len= 44 白胜 loss=25.8515 temp=0.25 total_env_steps=17505 t=0.06s
Ep  350: len= 64 白胜 loss=25.8556 temp=0.25 total_env_steps=17569 t=0.09s
  eval vs Gomoku-random-v0: win_rate=0.95 mean_return=0.90（20 局，total_env_steps=17569）
  ✅ 达标 ep=350 total_env_steps=17569
Ep  351: len= 40 白胜 loss=25.5367 temp=0.25 total_env_steps=17609 t=0.06s
Ep  352: len= 53 黑胜 loss=25.8933 temp=0.25 total_env_steps=17662 t=0.06s
Ep  353: len= 53 黑胜 loss=25.8526 temp=0.25 total_env_steps=17715 t=0.06s
Ep  354: len= 42 白胜 loss=25.9792 temp=0.25 total_env_steps=17757 t=0.05s
Ep  355: len= 47 黑胜 loss=25.6348 temp=0.25 total_env_steps=17804 t=0.06s
Ep  356: len= 49 黑胜 loss=26.0325 temp=0.25 total_env_steps=17853 t=0.06s
Ep  357: len= 56 白胜 loss=25.6223 temp=0.25 total_env_steps=17909 t=0.06s
Ep  358: len= 34 白胜 loss=25.8000 temp=0.25 total_env_steps=17943 t=0.05s
Ep  359: len= 40 白胜 loss=25.6512 temp=0.25 total_env_steps=17983 t=0.05s
Ep  360: len= 27 黑胜 loss=25.7096 temp=0.25 total_env_steps=18010 t=0.04s
Ep  361: len= 45 黑胜 loss=25.6643 temp=0.25 total_env_steps=18055 t=0.05s
Ep  362: len= 26 白胜 loss=26.3525 temp=0.25 total_env_steps=18081 t=0.05s
Ep  363: len= 23 黑胜 loss=25.9669 temp=0.25 total_env_steps=18104 t=0.05s
Ep  364: len= 18 白胜 loss=25.8749 temp=0.25 total_env_steps=18122 t=0.04s
Ep  365: len= 38 白胜 loss=26.2646 temp=0.25 total_env_steps=18160 t=0.05s
Ep  366: len= 44 白胜 loss=25.3616 temp=0.25 total_env_steps=18204 t=0.05s
Ep  367: len= 39 黑胜 loss=25.6305 temp=0.25 total_env_steps=18243 t=0.05s
Ep  368: len= 48 白胜 loss=25.6081 temp=0.25 total_env_steps=18291 t=0.06s
Ep  369: len= 51 黑胜 loss=25.1522 temp=0.25 total_env_steps=18342 t=0.06s
Ep  370: len= 39 黑胜 loss=25.8863 temp=0.25 total_env_steps=18381 t=0.05s
Ep  371: len= 38 白胜 loss=26.5088 temp=0.25 total_env_steps=18419 t=0.06s
Ep  372: len= 51 黑胜 loss=25.5734 temp=0.25 total_env_steps=18470 t=0.07s
Ep  373: len= 61 黑胜 loss=25.6225 temp=0.25 total_env_steps=18531 t=0.07s
Ep  374: len= 52 白胜 loss=25.9013 temp=0.25 total_env_steps=18583 t=0.07s
Ep  375: len= 58 白胜 loss=25.2445 temp=0.25 total_env_steps=18641 t=0.06s
Ep  376: len= 45 黑胜 loss=25.8413 temp=0.25 total_env_steps=18686 t=0.06s
Ep  377: len= 40 白胜 loss=26.0853 temp=0.25 total_env_steps=18726 t=0.06s
Ep  378: len= 48 白胜 loss=25.0761 temp=0.25 total_env_steps=18774 t=0.06s
Ep  379: len= 45 黑胜 loss=25.8226 temp=0.25 total_env_steps=18819 t=0.06s
Ep  380: len= 53 黑胜 loss=25.7545 temp=0.25 total_env_steps=18872 t=0.07s
Ep  381: len= 26 白胜 loss=25.7468 temp=0.25 total_env_steps=18898 t=0.05s
Ep  382: len= 47 黑胜 loss=25.7972 temp=0.25 total_env_steps=18945 t=0.06s
Ep  383: len= 39 黑胜 loss=25.7220 temp=0.25 total_env_steps=18984 t=0.05s
Ep  384: len= 67 黑胜 loss=25.5001 temp=0.25 total_env_steps=19051 t=0.07s
Ep  385: len= 28 白胜 loss=25.7076 temp=0.25 total_env_steps=19079 t=0.05s
Ep  386: len= 44 白胜 loss=25.6480 temp=0.25 total_env_steps=19123 t=0.05s
Ep  387: len= 42 白胜 loss=25.3775 temp=0.25 total_env_steps=19165 t=0.05s
Ep  388: len= 59 黑胜 loss=25.0159 temp=0.25 total_env_steps=19224 t=0.06s
Ep  389: len= 51 黑胜 loss=25.0457 temp=0.25 total_env_steps=19275 t=0.06s
Ep  390: len= 51 黑胜 loss=25.6315 temp=0.25 total_env_steps=19326 t=0.06s
Ep  391: len= 54 白胜 loss=25.1545 temp=0.25 total_env_steps=19380 t=0.07s
Ep  392: len= 45 黑胜 loss=25.4267 temp=0.25 total_env_steps=19425 t=0.06s
Ep  393: len= 34 白胜 loss=25.5466 temp=0.25 total_env_steps=19459 t=0.05s
Ep  394: len= 46 白胜 loss=25.1494 temp=0.25 total_env_steps=19505 t=0.06s
Ep  395: len= 40 白胜 loss=24.9984 temp=0.25 total_env_steps=19545 t=0.06s
Ep  396: len= 46 白胜 loss=25.7170 temp=0.25 total_env_steps=19591 t=0.06s
Ep  397: len= 55 黑胜 loss=25.4721 temp=0.25 total_env_steps=19646 t=0.06s
Ep  398: len= 25 黑胜 loss=26.1536 temp=0.25 total_env_steps=19671 t=0.05s
Ep  399: len= 24 白胜 loss=25.3528 temp=0.25 total_env_steps=19695 t=0.04s
Ep  400: len= 43 黑胜 loss=25.6927 temp=0.25 total_env_steps=19738 t=0.06s
  eval vs Gomoku-random-v0: win_rate=0.90 mean_return=0.80（20 局，total_env_steps=19738）
[闸门] vs random（40 局）: win_rate=0.875
[闸门] vs 半程快照（40 局，黑白各半）: score=0.925
[梯队] vs naive0（20 局，观察性）: win_rate=0.00
[梯队] vs naive1（20 局，观察性）: win_rate=0.00
[梯队] vs naive2（20 局，观察性）: win_rate=0.00
[梯队] vs naive3（20 局，观察性）: win_rate=0.00
📈 Gomoku-selfplay-v0 win_rate=0.90（best 0.95）| 门槛 0.95 | 27.2s

--- arm=base_s16 seed=43 sims=16 ---
[MyZero-board Gomoku-selfplay-v0] obs=243(3×9²) |A|=81 sims=16 γ=1.0 negamax
Ep    1: len= 79 黑胜 loss=0.0000 temp=1.00 total_env_steps=79 t=0.06s
Ep    2: len= 63 黑胜 loss=0.0000 temp=1.00 total_env_steps=142 t=0.04s
Ep    3: len= 66 白胜 loss=0.0000 temp=1.00 total_env_steps=208 t=0.04s
Ep    4: len= 61 黑胜 loss=0.0000 temp=1.00 total_env_steps=269 t=0.04s
Ep    5: len= 53 黑胜 loss=0.0000 temp=1.00 total_env_steps=322 t=0.03s
Ep    6: len= 49 黑胜 loss=0.0000 temp=1.00 total_env_steps=371 t=0.03s
Ep    7: len= 52 白胜 loss=0.0000 temp=1.00 total_env_steps=423 t=0.03s
Ep    8: len= 36 白胜 loss=0.0000 temp=1.00 total_env_steps=459 t=0.02s
Ep    9: len= 65 黑胜 loss=0.0000 temp=1.00 total_env_steps=524 t=0.04s
Ep   10: len= 48 白胜 loss=35.2063 temp=1.00 total_env_steps=572 t=0.05s
Ep   11: len= 51 黑胜 loss=28.5237 temp=1.00 total_env_steps=623 t=0.05s
Ep   12: len= 46 白胜 loss=28.7730 temp=1.00 total_env_steps=669 t=0.05s
Ep   13: len= 34 白胜 loss=28.0394 temp=1.00 total_env_steps=703 t=0.04s
Ep   14: len= 75 黑胜 loss=28.2223 temp=1.00 total_env_steps=778 t=0.06s
Ep   15: len= 23 黑胜 loss=28.1961 temp=1.00 total_env_steps=801 t=0.03s
Ep   16: len= 71 黑胜 loss=28.2780 temp=1.00 total_env_steps=872 t=0.07s
Ep   17: len= 27 黑胜 loss=28.2025 temp=1.00 total_env_steps=899 t=0.03s
Ep   18: len= 54 白胜 loss=28.5437 temp=1.00 total_env_steps=953 t=0.05s
Ep   19: len= 55 黑胜 loss=28.2375 temp=1.00 total_env_steps=1008 t=0.05s
Ep   20: len= 40 白胜 loss=28.2348 temp=1.00 total_env_steps=1048 t=0.04s
Ep   21: len= 35 黑胜 loss=28.3674 temp=1.00 total_env_steps=1083 t=0.05s
Ep   22: len= 48 白胜 loss=28.3688 temp=1.00 total_env_steps=1131 t=0.05s
Ep   23: len= 58 白胜 loss=28.2365 temp=1.00 total_env_steps=1189 t=0.05s
Ep   24: len= 60 白胜 loss=28.7880 temp=1.00 total_env_steps=1249 t=0.05s
Ep   25: len= 46 白胜 loss=28.2447 temp=1.00 total_env_steps=1295 t=0.04s
Ep   26: len= 48 白胜 loss=28.1900 temp=1.00 total_env_steps=1343 t=0.04s
Ep   27: len= 73 黑胜 loss=28.0925 temp=1.00 total_env_steps=1416 t=0.06s
Ep   28: len= 69 黑胜 loss=28.1195 temp=1.00 total_env_steps=1485 t=0.06s
Ep   29: len= 59 黑胜 loss=28.3636 temp=1.00 total_env_steps=1544 t=0.06s
Ep   30: len= 45 黑胜 loss=28.2288 temp=1.00 total_env_steps=1589 t=0.05s
Ep   31: len= 51 黑胜 loss=28.0124 temp=1.00 total_env_steps=1640 t=0.06s
Ep   32: len= 19 黑胜 loss=28.0134 temp=1.00 total_env_steps=1659 t=0.03s
Ep   33: len= 59 黑胜 loss=28.2684 temp=1.00 total_env_steps=1718 t=0.05s
Ep   34: len= 46 白胜 loss=27.7618 temp=1.00 total_env_steps=1764 t=0.04s
Ep   35: len= 62 白胜 loss=28.3197 temp=1.00 total_env_steps=1826 t=0.06s
Ep   36: len= 65 黑胜 loss=28.0709 temp=1.00 total_env_steps=1891 t=0.06s
Ep   37: len= 36 白胜 loss=28.2647 temp=1.00 total_env_steps=1927 t=0.04s
Ep   38: len= 31 黑胜 loss=28.5192 temp=1.00 total_env_steps=1958 t=0.04s
Ep   39: len= 56 白胜 loss=28.0497 temp=1.00 total_env_steps=2014 t=0.05s
Ep   40: len= 44 白胜 loss=28.4478 temp=1.00 total_env_steps=2058 t=0.04s
Ep   41: len= 31 黑胜 loss=28.1480 temp=1.00 total_env_steps=2089 t=0.04s
Ep   42: len= 49 黑胜 loss=28.6218 temp=1.00 total_env_steps=2138 t=0.06s
Ep   43: len= 57 黑胜 loss=28.0453 temp=1.00 total_env_steps=2195 t=0.05s
Ep   44: len= 62 白胜 loss=28.2941 temp=1.00 total_env_steps=2257 t=0.06s
Ep   45: len= 49 黑胜 loss=28.4882 temp=1.00 total_env_steps=2306 t=0.05s
Ep   46: len= 41 黑胜 loss=28.2295 temp=1.00 total_env_steps=2347 t=0.05s
Ep   47: len= 57 黑胜 loss=28.0498 temp=1.00 total_env_steps=2404 t=0.05s
Ep   48: len= 50 白胜 loss=28.0334 temp=1.00 total_env_steps=2454 t=0.05s
Ep   49: len= 52 白胜 loss=28.5293 temp=1.00 total_env_steps=2506 t=0.05s
Ep   50: len= 32 白胜 loss=27.8972 temp=1.00 total_env_steps=2538 t=0.03s
  eval vs Gomoku-random-v0: win_rate=0.90 mean_return=0.80（20 局，total_env_steps=2538）
Ep   51: len= 49 黑胜 loss=28.1078 temp=1.00 total_env_steps=2587 t=0.05s
Ep   52: len= 55 黑胜 loss=28.1226 temp=1.00 total_env_steps=2642 t=0.06s
Ep   53: len= 45 黑胜 loss=28.1790 temp=1.00 total_env_steps=2687 t=0.05s
Ep   54: len= 48 白胜 loss=28.3155 temp=1.00 total_env_steps=2735 t=0.05s
Ep   55: len= 57 黑胜 loss=28.1707 temp=1.00 total_env_steps=2792 t=0.06s
Ep   56: len= 71 黑胜 loss=27.8090 temp=1.00 total_env_steps=2863 t=0.08s
Ep   57: len= 59 黑胜 loss=27.9412 temp=1.00 total_env_steps=2922 t=0.06s
Ep   58: len= 46 白胜 loss=28.0224 temp=1.00 total_env_steps=2968 t=0.04s
Ep   59: len= 51 黑胜 loss=27.8070 temp=1.00 total_env_steps=3019 t=0.05s
Ep   60: len= 56 白胜 loss=28.1785 temp=1.00 total_env_steps=3075 t=0.05s
Ep   61: len= 61 黑胜 loss=27.9159 temp=1.00 total_env_steps=3136 t=0.06s
Ep   62: len= 49 黑胜 loss=27.9483 temp=1.00 total_env_steps=3185 t=0.05s
Ep   63: len= 69 黑胜 loss=27.8635 temp=1.00 total_env_steps=3254 t=0.06s
Ep   64: len= 81 平局 loss=28.2993 temp=1.00 total_env_steps=3335 t=0.07s
Ep   65: len= 55 黑胜 loss=28.3899 temp=1.00 total_env_steps=3390 t=0.05s
Ep   66: len= 35 黑胜 loss=28.1167 temp=1.00 total_env_steps=3425 t=0.04s
Ep   67: len= 62 白胜 loss=28.1274 temp=1.00 total_env_steps=3487 t=0.06s
Ep   68: len= 62 白胜 loss=27.9593 temp=1.00 total_env_steps=3549 t=0.07s
Ep   69: len= 41 黑胜 loss=27.9481 temp=1.00 total_env_steps=3590 t=0.05s
Ep   70: len= 53 黑胜 loss=28.3845 temp=1.00 total_env_steps=3643 t=0.05s
Ep   71: len= 55 黑胜 loss=28.2519 temp=1.00 total_env_steps=3698 t=0.05s
Ep   72: len= 50 白胜 loss=27.6799 temp=1.00 total_env_steps=3748 t=0.05s
Ep   73: len= 55 黑胜 loss=27.9989 temp=1.00 total_env_steps=3803 t=0.05s
Ep   74: len= 56 白胜 loss=27.7762 temp=1.00 total_env_steps=3859 t=0.06s
Ep   75: len= 37 黑胜 loss=28.0301 temp=1.00 total_env_steps=3896 t=0.04s
Ep   76: len= 71 黑胜 loss=27.8673 temp=1.00 total_env_steps=3967 t=0.06s
Ep   77: len= 43 黑胜 loss=27.9394 temp=1.00 total_env_steps=4010 t=0.05s
Ep   78: len= 37 黑胜 loss=27.7867 temp=1.00 total_env_steps=4047 t=0.05s
Ep   79: len= 50 白胜 loss=27.8246 temp=1.00 total_env_steps=4097 t=0.06s
Ep   80: len= 60 白胜 loss=27.6763 temp=1.00 total_env_steps=4157 t=0.06s
Ep   81: len= 66 白胜 loss=27.9589 temp=1.00 total_env_steps=4223 t=0.06s
Ep   82: len= 61 黑胜 loss=27.9752 temp=1.00 total_env_steps=4284 t=0.06s
Ep   83: len= 49 黑胜 loss=27.7895 temp=1.00 total_env_steps=4333 t=0.05s
Ep   84: len= 37 黑胜 loss=27.9448 temp=1.00 total_env_steps=4370 t=0.05s
Ep   85: len= 51 黑胜 loss=27.7833 temp=1.00 total_env_steps=4421 t=0.05s
Ep   86: len= 70 白胜 loss=27.4641 temp=1.00 total_env_steps=4491 t=0.06s
Ep   87: len= 37 黑胜 loss=28.2992 temp=1.00 total_env_steps=4528 t=0.04s
Ep   88: len= 67 黑胜 loss=28.1154 temp=1.00 total_env_steps=4595 t=0.05s
Ep   89: len= 47 黑胜 loss=27.6856 temp=1.00 total_env_steps=4642 t=0.05s
Ep   90: len= 47 黑胜 loss=28.3500 temp=1.00 total_env_steps=4689 t=0.05s
Ep   91: len= 53 黑胜 loss=28.0614 temp=1.00 total_env_steps=4742 t=0.06s
Ep   92: len= 41 黑胜 loss=27.8564 temp=1.00 total_env_steps=4783 t=0.04s
Ep   93: len= 48 白胜 loss=27.6711 temp=1.00 total_env_steps=4831 t=0.05s
Ep   94: len= 58 白胜 loss=28.2837 temp=1.00 total_env_steps=4889 t=0.05s
Ep   95: len= 56 白胜 loss=27.7658 temp=1.00 total_env_steps=4945 t=0.06s
Ep   96: len= 60 白胜 loss=28.0461 temp=1.00 total_env_steps=5005 t=0.06s
Ep   97: len= 58 白胜 loss=27.9922 temp=1.00 total_env_steps=5063 t=0.06s
Ep   98: len= 59 黑胜 loss=28.1112 temp=1.00 total_env_steps=5122 t=0.06s
Ep   99: len= 48 白胜 loss=27.8271 temp=1.00 total_env_steps=5170 t=0.05s
Ep  100: len= 44 白胜 loss=27.9584 temp=1.00 total_env_steps=5214 t=0.04s
  eval vs Gomoku-random-v0: win_rate=0.95 mean_return=0.90（20 局，total_env_steps=5214）
  ✅ 达标 ep=100 total_env_steps=5214
Ep  101: len= 45 黑胜 loss=27.9276 temp=1.00 total_env_steps=5259 t=0.05s
Ep  102: len= 64 白胜 loss=27.8725 temp=0.99 total_env_steps=5323 t=0.06s
Ep  103: len= 51 黑胜 loss=27.6340 temp=0.99 total_env_steps=5374 t=0.05s
Ep  104: len= 19 黑胜 loss=27.7636 temp=0.98 total_env_steps=5393 t=0.03s
Ep  105: len= 58 白胜 loss=27.8853 temp=0.97 total_env_steps=5451 t=0.06s
Ep  106: len= 55 黑胜 loss=27.9130 temp=0.96 total_env_steps=5506 t=0.06s
Ep  107: len= 33 黑胜 loss=27.7049 temp=0.95 total_env_steps=5539 t=0.04s
Ep  108: len= 58 白胜 loss=27.7816 temp=0.95 total_env_steps=5597 t=0.06s
Ep  109: len= 81 平局 loss=27.3684 temp=0.94 total_env_steps=5678 t=0.07s
Ep  110: len= 50 白胜 loss=27.8110 temp=0.93 total_env_steps=5728 t=0.05s
Ep  111: len= 61 黑胜 loss=27.9526 temp=0.93 total_env_steps=5789 t=0.05s
Ep  112: len= 64 白胜 loss=27.8027 temp=0.92 total_env_steps=5853 t=0.06s
Ep  113: len= 63 黑胜 loss=27.9339 temp=0.91 total_env_steps=5916 t=0.06s
Ep  114: len= 63 黑胜 loss=28.0942 temp=0.90 total_env_steps=5979 t=0.06s
Ep  115: len= 41 黑胜 loss=28.2470 temp=0.89 total_env_steps=6020 t=0.04s
Ep  116: len= 47 黑胜 loss=28.0244 temp=0.89 total_env_steps=6067 t=0.04s
Ep  117: len= 66 白胜 loss=27.9679 temp=0.88 total_env_steps=6133 t=0.05s
Ep  118: len= 55 黑胜 loss=27.7047 temp=0.87 total_env_steps=6188 t=0.05s
Ep  119: len= 62 白胜 loss=28.0971 temp=0.87 total_env_steps=6250 t=0.06s
Ep  120: len= 51 黑胜 loss=28.0589 temp=0.86 total_env_steps=6301 t=0.04s
Ep  121: len= 46 白胜 loss=27.6438 temp=0.85 total_env_steps=6347 t=0.04s
Ep  122: len= 42 白胜 loss=28.0476 temp=0.84 total_env_steps=6389 t=0.04s
Ep  123: len= 50 白胜 loss=28.0506 temp=0.84 total_env_steps=6439 t=0.05s
Ep  124: len= 50 白胜 loss=28.0911 temp=0.83 total_env_steps=6489 t=0.06s
Ep  125: len= 62 白胜 loss=27.4766 temp=0.82 total_env_steps=6551 t=0.08s
Ep  126: len= 56 白胜 loss=27.9449 temp=0.81 total_env_steps=6607 t=0.05s
Ep  127: len= 57 黑胜 loss=27.5377 temp=0.81 total_env_steps=6664 t=0.05s
Ep  128: len= 53 黑胜 loss=27.6253 temp=0.80 total_env_steps=6717 t=0.05s
Ep  129: len= 65 黑胜 loss=27.8046 temp=0.79 total_env_steps=6782 t=0.05s
Ep  130: len= 49 黑胜 loss=27.9554 temp=0.78 total_env_steps=6831 t=0.04s
Ep  131: len= 62 白胜 loss=27.6878 temp=0.77 total_env_steps=6893 t=0.06s
Ep  132: len= 48 白胜 loss=27.8241 temp=0.77 total_env_steps=6941 t=0.04s
Ep  133: len= 50 白胜 loss=28.0804 temp=0.76 total_env_steps=6991 t=0.04s
Ep  134: len= 66 白胜 loss=27.7887 temp=0.75 total_env_steps=7057 t=0.06s
Ep  135: len= 38 白胜 loss=27.7096 temp=0.75 total_env_steps=7095 t=0.04s
Ep  136: len= 59 黑胜 loss=27.5376 temp=0.74 total_env_steps=7154 t=0.05s
Ep  137: len= 53 黑胜 loss=27.7916 temp=0.73 total_env_steps=7207 t=0.05s
Ep  138: len= 52 白胜 loss=28.1430 temp=0.72 total_env_steps=7259 t=0.05s
Ep  139: len= 58 白胜 loss=27.8637 temp=0.72 total_env_steps=7317 t=0.06s
Ep  140: len= 28 白胜 loss=27.7852 temp=0.71 total_env_steps=7345 t=0.04s
Ep  141: len= 65 黑胜 loss=27.7981 temp=0.70 total_env_steps=7410 t=0.07s
Ep  142: len= 48 白胜 loss=27.6368 temp=0.69 total_env_steps=7458 t=0.04s
Ep  143: len= 51 黑胜 loss=27.7482 temp=0.69 total_env_steps=7509 t=0.05s
Ep  144: len= 52 白胜 loss=27.6220 temp=0.68 total_env_steps=7561 t=0.05s
Ep  145: len= 54 白胜 loss=27.5400 temp=0.67 total_env_steps=7615 t=0.06s
Ep  146: len= 42 白胜 loss=27.5812 temp=0.66 total_env_steps=7657 t=0.04s
Ep  147: len= 47 黑胜 loss=27.8551 temp=0.65 total_env_steps=7704 t=0.05s
Ep  148: len= 67 黑胜 loss=27.9858 temp=0.65 total_env_steps=7771 t=0.07s
Ep  149: len= 35 黑胜 loss=28.0484 temp=0.64 total_env_steps=7806 t=0.05s
Ep  150: len= 45 黑胜 loss=27.5646 temp=0.63 total_env_steps=7851 t=0.06s
  eval vs Gomoku-random-v0: win_rate=0.85 mean_return=0.70（20 局，total_env_steps=7851）
Ep  151: len= 70 白胜 loss=28.1545 temp=0.62 total_env_steps=7921 t=0.06s
Ep  152: len= 72 白胜 loss=27.6404 temp=0.62 total_env_steps=7993 t=0.06s
Ep  153: len= 37 黑胜 loss=27.5931 temp=0.61 total_env_steps=8030 t=0.04s
Ep  154: len= 22 白胜 loss=27.8341 temp=0.60 total_env_steps=8052 t=0.03s
Ep  155: len= 28 白胜 loss=27.8913 temp=0.59 total_env_steps=8080 t=0.03s
Ep  156: len= 45 黑胜 loss=27.8958 temp=0.59 total_env_steps=8125 t=0.05s
Ep  157: len= 61 黑胜 loss=27.5670 temp=0.58 total_env_steps=8186 t=0.06s
Ep  158: len= 64 白胜 loss=28.2384 temp=0.57 total_env_steps=8250 t=0.05s
Ep  159: len= 60 白胜 loss=28.0971 temp=0.56 total_env_steps=8310 t=0.05s
Ep  160: len= 56 白胜 loss=27.7478 temp=0.56 total_env_steps=8366 t=0.05s
Ep  161: len= 63 黑胜 loss=27.9980 temp=0.55 total_env_steps=8429 t=0.06s
Ep  162: len= 81 平局 loss=27.8173 temp=0.54 total_env_steps=8510 t=0.07s
Ep  163: len= 67 黑胜 loss=27.6535 temp=0.53 total_env_steps=8577 t=0.07s
Ep  164: len= 19 黑胜 loss=27.9087 temp=0.53 total_env_steps=8596 t=0.03s
Ep  165: len= 40 白胜 loss=27.8707 temp=0.52 total_env_steps=8636 t=0.04s
Ep  166: len= 39 黑胜 loss=27.9673 temp=0.51 total_env_steps=8675 t=0.04s
Ep  167: len= 30 白胜 loss=27.4129 temp=0.50 total_env_steps=8705 t=0.04s
Ep  168: len= 45 黑胜 loss=27.8366 temp=0.50 total_env_steps=8750 t=0.06s
Ep  169: len= 44 白胜 loss=27.8789 temp=0.49 total_env_steps=8794 t=0.05s
Ep  170: len= 50 白胜 loss=27.6499 temp=0.48 total_env_steps=8844 t=0.05s
Ep  171: len= 51 黑胜 loss=27.9088 temp=0.48 total_env_steps=8895 t=0.05s
Ep  172: len= 57 黑胜 loss=27.5823 temp=0.47 total_env_steps=8952 t=0.05s
Ep  173: len= 58 白胜 loss=27.7281 temp=0.46 total_env_steps=9010 t=0.06s
Ep  174: len= 52 白胜 loss=27.9097 temp=0.45 total_env_steps=9062 t=0.04s
Ep  175: len= 38 白胜 loss=27.6351 temp=0.44 total_env_steps=9100 t=0.04s
Ep  176: len= 42 白胜 loss=27.8044 temp=0.44 total_env_steps=9142 t=0.04s
Ep  177: len= 32 白胜 loss=27.7865 temp=0.43 total_env_steps=9174 t=0.04s
Ep  178: len= 60 白胜 loss=27.7439 temp=0.42 total_env_steps=9234 t=0.06s
Ep  179: len= 39 黑胜 loss=27.6305 temp=0.42 total_env_steps=9273 t=0.05s
Ep  180: len= 65 黑胜 loss=27.8588 temp=0.41 total_env_steps=9338 t=0.06s
Ep  181: len= 61 黑胜 loss=28.3363 temp=0.40 total_env_steps=9399 t=0.06s
Ep  182: len= 36 白胜 loss=28.0278 temp=0.39 total_env_steps=9435 t=0.04s
Ep  183: len= 44 白胜 loss=28.1954 temp=0.38 total_env_steps=9479 t=0.05s
Ep  184: len= 57 黑胜 loss=27.6847 temp=0.38 total_env_steps=9536 t=0.06s
Ep  185: len= 46 白胜 loss=27.7699 temp=0.37 total_env_steps=9582 t=0.06s
Ep  186: len= 53 黑胜 loss=27.3851 temp=0.36 total_env_steps=9635 t=0.06s
Ep  187: len= 48 白胜 loss=27.9556 temp=0.36 total_env_steps=9683 t=0.05s
Ep  188: len= 40 白胜 loss=27.4324 temp=0.35 total_env_steps=9723 t=0.05s
Ep  189: len= 63 黑胜 loss=27.7293 temp=0.34 total_env_steps=9786 t=0.06s
Ep  190: len= 49 黑胜 loss=27.6342 temp=0.33 total_env_steps=9835 t=0.05s
Ep  191: len= 78 白胜 loss=27.8337 temp=0.33 total_env_steps=9913 t=0.07s
Ep  192: len= 31 黑胜 loss=27.6298 temp=0.32 total_env_steps=9944 t=0.04s
Ep  193: len= 44 白胜 loss=28.1178 temp=0.31 total_env_steps=9988 t=0.04s
Ep  194: len= 78 白胜 loss=27.5770 temp=0.30 total_env_steps=10066 t=0.09s
Ep  195: len= 39 黑胜 loss=27.5534 temp=0.30 total_env_steps=10105 t=0.06s
Ep  196: len= 59 黑胜 loss=28.0379 temp=0.29 total_env_steps=10164 t=0.07s
Ep  197: len= 43 黑胜 loss=27.5479 temp=0.28 total_env_steps=10207 t=0.05s
Ep  198: len= 49 黑胜 loss=27.8332 temp=0.27 total_env_steps=10256 t=0.05s
Ep  199: len= 46 白胜 loss=27.7376 temp=0.26 total_env_steps=10302 t=0.05s
Ep  200: len= 31 黑胜 loss=27.6105 temp=0.26 total_env_steps=10333 t=0.04s
  eval vs Gomoku-random-v0: win_rate=0.60 mean_return=0.20（20 局，total_env_steps=10333）
  📸 已拍权重快照（ep=200，gating 对弈基准）
Ep  201: len= 41 黑胜 loss=27.8911 temp=0.25 total_env_steps=10374 t=0.06s
Ep  202: len= 40 白胜 loss=27.8283 temp=0.25 total_env_steps=10414 t=0.05s
Ep  203: len= 54 白胜 loss=27.7919 temp=0.25 total_env_steps=10468 t=0.06s
Ep  204: len= 48 白胜 loss=27.5883 temp=0.25 total_env_steps=10516 t=0.07s
Ep  205: len= 43 黑胜 loss=28.0103 temp=0.25 total_env_steps=10559 t=0.06s
Ep  206: len= 35 黑胜 loss=27.6584 temp=0.25 total_env_steps=10594 t=0.05s
Ep  207: len= 51 黑胜 loss=28.1176 temp=0.25 total_env_steps=10645 t=0.06s
Ep  208: len= 47 黑胜 loss=27.8779 temp=0.25 total_env_steps=10692 t=0.06s
Ep  209: len= 30 白胜 loss=27.7817 temp=0.25 total_env_steps=10722 t=0.05s
Ep  210: len= 65 黑胜 loss=27.6789 temp=0.25 total_env_steps=10787 t=0.07s
Ep  211: len= 45 黑胜 loss=27.4932 temp=0.25 total_env_steps=10832 t=0.05s
Ep  212: len= 56 白胜 loss=27.9003 temp=0.25 total_env_steps=10888 t=0.06s
Ep  213: len= 44 白胜 loss=27.5451 temp=0.25 total_env_steps=10932 t=0.05s
Ep  214: len= 62 白胜 loss=27.5872 temp=0.25 total_env_steps=10994 t=0.07s
Ep  215: len= 39 黑胜 loss=28.0168 temp=0.25 total_env_steps=11033 t=0.05s
Ep  216: len= 40 白胜 loss=27.6590 temp=0.25 total_env_steps=11073 t=0.05s
Ep  217: len= 69 黑胜 loss=27.9067 temp=0.25 total_env_steps=11142 t=0.08s
Ep  218: len= 46 白胜 loss=27.7946 temp=0.25 total_env_steps=11188 t=0.06s
Ep  219: len= 30 白胜 loss=27.4657 temp=0.25 total_env_steps=11218 t=0.05s
Ep  220: len= 38 白胜 loss=27.6149 temp=0.25 total_env_steps=11256 t=0.05s
Ep  221: len= 62 白胜 loss=27.9608 temp=0.25 total_env_steps=11318 t=0.07s
Ep  222: len= 54 白胜 loss=27.4685 temp=0.25 total_env_steps=11372 t=0.06s
Ep  223: len= 50 白胜 loss=27.6676 temp=0.25 total_env_steps=11422 t=0.07s
Ep  224: len= 40 白胜 loss=27.7394 temp=0.25 total_env_steps=11462 t=0.06s
Ep  225: len= 60 白胜 loss=27.5819 temp=0.25 total_env_steps=11522 t=0.08s
Ep  226: len= 43 黑胜 loss=28.0172 temp=0.25 total_env_steps=11565 t=0.06s
Ep  227: len= 44 白胜 loss=27.5648 temp=0.25 total_env_steps=11609 t=0.06s
Ep  228: len= 38 白胜 loss=28.0201 temp=0.25 total_env_steps=11647 t=0.05s
Ep  229: len= 59 黑胜 loss=27.3665 temp=0.25 total_env_steps=11706 t=0.08s
Ep  230: len= 33 黑胜 loss=27.5903 temp=0.25 total_env_steps=11739 t=0.05s
Ep  231: len= 35 黑胜 loss=27.9369 temp=0.25 total_env_steps=11774 t=0.06s
Ep  232: len= 37 黑胜 loss=28.1517 temp=0.25 total_env_steps=11811 t=0.06s
Ep  233: len= 47 黑胜 loss=27.6953 temp=0.25 total_env_steps=11858 t=0.06s
Ep  234: len= 36 白胜 loss=27.4682 temp=0.25 total_env_steps=11894 t=0.05s
Ep  235: len= 34 白胜 loss=27.6830 temp=0.25 total_env_steps=11928 t=0.05s
Ep  236: len= 50 白胜 loss=27.2053 temp=0.25 total_env_steps=11978 t=0.06s
Ep  237: len= 45 黑胜 loss=27.2213 temp=0.25 total_env_steps=12023 t=0.06s
Ep  238: len= 35 黑胜 loss=27.4700 temp=0.25 total_env_steps=12058 t=0.05s
Ep  239: len= 40 白胜 loss=27.3303 temp=0.25 total_env_steps=12098 t=0.07s
Ep  240: len= 55 黑胜 loss=27.7423 temp=0.25 total_env_steps=12153 t=0.07s
Ep  241: len= 49 黑胜 loss=27.5822 temp=0.25 total_env_steps=12202 t=0.06s
Ep  242: len= 51 黑胜 loss=27.2991 temp=0.25 total_env_steps=12253 t=0.07s
Ep  243: len= 35 黑胜 loss=27.1048 temp=0.25 total_env_steps=12288 t=0.06s
Ep  244: len= 75 黑胜 loss=27.3347 temp=0.25 total_env_steps=12363 t=0.08s
Ep  245: len= 52 白胜 loss=27.2675 temp=0.25 total_env_steps=12415 t=0.06s
Ep  246: len= 34 白胜 loss=27.7211 temp=0.25 total_env_steps=12449 t=0.05s
Ep  247: len= 44 白胜 loss=27.3025 temp=0.25 total_env_steps=12493 t=0.06s
Ep  248: len= 37 黑胜 loss=27.5403 temp=0.25 total_env_steps=12530 t=0.05s
Ep  249: len= 41 黑胜 loss=27.2100 temp=0.25 total_env_steps=12571 t=0.05s
Ep  250: len= 33 黑胜 loss=27.3293 temp=0.25 total_env_steps=12604 t=0.05s
  eval vs Gomoku-random-v0: win_rate=0.95 mean_return=0.90（20 局，total_env_steps=12604）
Ep  251: len= 62 白胜 loss=27.4977 temp=0.25 total_env_steps=12666 t=0.08s
Ep  252: len= 37 黑胜 loss=27.0964 temp=0.25 total_env_steps=12703 t=0.06s
Ep  253: len= 51 黑胜 loss=27.4374 temp=0.25 total_env_steps=12754 t=0.06s
Ep  254: len= 43 黑胜 loss=27.3130 temp=0.25 total_env_steps=12797 t=0.06s
Ep  255: len= 60 白胜 loss=27.2965 temp=0.25 total_env_steps=12857 t=0.07s
Ep  256: len= 66 白胜 loss=27.2302 temp=0.25 total_env_steps=12923 t=0.07s
Ep  257: len= 53 黑胜 loss=27.3396 temp=0.25 total_env_steps=12976 t=0.06s
Ep  258: len= 36 白胜 loss=27.5860 temp=0.25 total_env_steps=13012 t=0.05s
Ep  259: len= 35 黑胜 loss=27.5641 temp=0.25 total_env_steps=13047 t=0.05s
Ep  260: len= 32 白胜 loss=27.5283 temp=0.25 total_env_steps=13079 t=0.05s
Ep  261: len= 40 白胜 loss=27.3881 temp=0.25 total_env_steps=13119 t=0.05s
Ep  262: len= 36 白胜 loss=27.1359 temp=0.25 total_env_steps=13155 t=0.05s
Ep  263: len= 48 白胜 loss=27.2154 temp=0.25 total_env_steps=13203 t=0.05s
Ep  264: len= 54 白胜 loss=27.1870 temp=0.25 total_env_steps=13257 t=0.06s
Ep  265: len= 35 黑胜 loss=27.3185 temp=0.25 total_env_steps=13292 t=0.06s
Ep  266: len= 37 黑胜 loss=27.3485 temp=0.25 total_env_steps=13329 t=0.05s
Ep  267: len= 47 黑胜 loss=27.2193 temp=0.25 total_env_steps=13376 t=0.06s
Ep  268: len= 49 黑胜 loss=27.0408 temp=0.25 total_env_steps=13425 t=0.06s
Ep  269: len= 58 白胜 loss=27.1481 temp=0.25 total_env_steps=13483 t=0.06s
Ep  270: len= 31 黑胜 loss=27.3485 temp=0.25 total_env_steps=13514 t=0.05s
Ep  271: len= 45 黑胜 loss=27.1485 temp=0.25 total_env_steps=13559 t=0.05s
Ep  272: len= 52 白胜 loss=26.9483 temp=0.25 total_env_steps=13611 t=0.08s
Ep  273: len= 47 黑胜 loss=27.1861 temp=0.25 total_env_steps=13658 t=0.08s
Ep  274: len= 35 黑胜 loss=27.0476 temp=0.25 total_env_steps=13693 t=0.06s
Ep  275: len= 45 黑胜 loss=27.2567 temp=0.25 total_env_steps=13738 t=0.06s
Ep  276: len= 35 黑胜 loss=27.0422 temp=0.25 total_env_steps=13773 t=0.05s
Ep  277: len= 52 白胜 loss=27.1867 temp=0.25 total_env_steps=13825 t=0.07s
Ep  278: len= 45 黑胜 loss=27.1215 temp=0.25 total_env_steps=13870 t=0.06s
Ep  279: len= 73 黑胜 loss=27.3322 temp=0.25 total_env_steps=13943 t=0.07s
Ep  280: len= 44 白胜 loss=27.2522 temp=0.25 total_env_steps=13987 t=0.05s
Ep  281: len= 53 黑胜 loss=27.0868 temp=0.25 total_env_steps=14040 t=0.06s
Ep  282: len= 64 白胜 loss=27.0267 temp=0.25 total_env_steps=14104 t=0.07s
Ep  283: len= 51 黑胜 loss=27.6649 temp=0.25 total_env_steps=14155 t=0.06s
Ep  284: len= 38 白胜 loss=27.1424 temp=0.25 total_env_steps=14193 t=0.05s
Ep  285: len= 42 白胜 loss=27.2554 temp=0.25 total_env_steps=14235 t=0.06s
Ep  286: len= 38 白胜 loss=27.0567 temp=0.25 total_env_steps=14273 t=0.05s
Ep  287: len= 43 黑胜 loss=26.8518 temp=0.25 total_env_steps=14316 t=0.05s
Ep  288: len= 60 白胜 loss=27.6955 temp=0.25 total_env_steps=14376 t=0.06s
Ep  289: len= 45 黑胜 loss=27.5473 temp=0.25 total_env_steps=14421 t=0.06s
Ep  290: len= 36 白胜 loss=27.2807 temp=0.25 total_env_steps=14457 t=0.05s
Ep  291: len= 69 黑胜 loss=27.1767 temp=0.25 total_env_steps=14526 t=0.08s
Ep  292: len= 28 白胜 loss=26.9885 temp=0.25 total_env_steps=14554 t=0.04s
Ep  293: len= 44 白胜 loss=27.3132 temp=0.25 total_env_steps=14598 t=0.05s
Ep  294: len= 44 白胜 loss=27.4116 temp=0.25 total_env_steps=14642 t=0.06s
Ep  295: len= 48 白胜 loss=27.2416 temp=0.25 total_env_steps=14690 t=0.06s
Ep  296: len= 27 黑胜 loss=27.3116 temp=0.25 total_env_steps=14717 t=0.05s
Ep  297: len= 47 黑胜 loss=27.0859 temp=0.25 total_env_steps=14764 t=0.06s
Ep  298: len= 31 黑胜 loss=27.1111 temp=0.25 total_env_steps=14795 t=0.05s
Ep  299: len= 61 黑胜 loss=27.0783 temp=0.25 total_env_steps=14856 t=0.07s
Ep  300: len= 41 黑胜 loss=26.7619 temp=0.25 total_env_steps=14897 t=0.05s
  eval vs Gomoku-random-v0: win_rate=0.95 mean_return=0.90（20 局，total_env_steps=14897）
Ep  301: len= 57 黑胜 loss=27.1546 temp=0.25 total_env_steps=14954 t=0.07s
Ep  302: len= 37 黑胜 loss=27.1162 temp=0.25 total_env_steps=14991 t=0.06s
Ep  303: len= 65 黑胜 loss=27.3602 temp=0.25 total_env_steps=15056 t=0.08s
Ep  304: len= 41 黑胜 loss=27.1132 temp=0.25 total_env_steps=15097 t=0.06s
Ep  305: len= 40 白胜 loss=27.3582 temp=0.25 total_env_steps=15137 t=0.05s
Ep  306: len= 25 黑胜 loss=27.2200 temp=0.25 total_env_steps=15162 t=0.04s
Ep  307: len= 45 黑胜 loss=26.9517 temp=0.25 total_env_steps=15207 t=0.05s
Ep  308: len= 40 白胜 loss=26.9527 temp=0.25 total_env_steps=15247 t=0.06s
Ep  309: len= 48 白胜 loss=27.2432 temp=0.25 total_env_steps=15295 t=0.06s
Ep  310: len= 47 黑胜 loss=27.0691 temp=0.25 total_env_steps=15342 t=0.06s
Ep  311: len= 44 白胜 loss=27.1282 temp=0.25 total_env_steps=15386 t=0.05s
Ep  312: len= 40 白胜 loss=27.5052 temp=0.25 total_env_steps=15426 t=0.05s
Ep  313: len= 22 白胜 loss=26.9334 temp=0.25 total_env_steps=15448 t=0.05s
Ep  314: len= 41 黑胜 loss=27.1393 temp=0.25 total_env_steps=15489 t=0.06s
Ep  315: len= 71 黑胜 loss=27.2628 temp=0.25 total_env_steps=15560 t=0.08s
Ep  316: len= 64 白胜 loss=27.1568 temp=0.25 total_env_steps=15624 t=0.07s
Ep  317: len= 41 黑胜 loss=26.8415 temp=0.25 total_env_steps=15665 t=0.05s
Ep  318: len= 33 黑胜 loss=27.4616 temp=0.25 total_env_steps=15698 t=0.05s
Ep  319: len= 40 白胜 loss=26.9677 temp=0.25 total_env_steps=15738 t=0.05s
Ep  320: len= 58 白胜 loss=26.9134 temp=0.25 total_env_steps=15796 t=0.07s
Ep  321: len= 36 白胜 loss=27.0161 temp=0.25 total_env_steps=15832 t=0.05s
Ep  322: len= 53 黑胜 loss=26.9975 temp=0.25 total_env_steps=15885 t=0.06s
Ep  323: len= 27 黑胜 loss=26.9880 temp=0.25 total_env_steps=15912 t=0.04s
Ep  324: len= 33 黑胜 loss=26.8373 temp=0.25 total_env_steps=15945 t=0.05s
Ep  325: len= 35 黑胜 loss=26.7135 temp=0.25 total_env_steps=15980 t=0.05s
Ep  326: len= 58 白胜 loss=26.8927 temp=0.25 total_env_steps=16038 t=0.07s
Ep  327: len= 46 白胜 loss=27.3644 temp=0.25 total_env_steps=16084 t=0.06s
Ep  328: len= 48 白胜 loss=27.1467 temp=0.25 total_env_steps=16132 t=0.06s
Ep  329: len= 58 白胜 loss=27.3270 temp=0.25 total_env_steps=16190 t=0.07s
Ep  330: len= 42 白胜 loss=27.0110 temp=0.25 total_env_steps=16232 t=0.07s
Ep  331: len= 55 黑胜 loss=26.7520 temp=0.25 total_env_steps=16287 t=0.07s
Ep  332: len= 55 黑胜 loss=26.8998 temp=0.25 total_env_steps=16342 t=0.07s
Ep  333: len= 49 黑胜 loss=26.9968 temp=0.25 total_env_steps=16391 t=0.06s
Ep  334: len= 46 白胜 loss=26.8959 temp=0.25 total_env_steps=16437 t=0.05s
Ep  335: len= 67 黑胜 loss=27.1497 temp=0.25 total_env_steps=16504 t=0.07s
Ep  336: len= 47 黑胜 loss=27.2375 temp=0.25 total_env_steps=16551 t=0.06s
Ep  337: len= 20 白胜 loss=26.9744 temp=0.25 total_env_steps=16571 t=0.04s
Ep  338: len= 59 黑胜 loss=27.2838 temp=0.25 total_env_steps=16630 t=0.06s
Ep  339: len= 40 白胜 loss=27.0800 temp=0.25 total_env_steps=16670 t=0.06s
Ep  340: len= 54 白胜 loss=27.0300 temp=0.25 total_env_steps=16724 t=0.06s
Ep  341: len= 62 白胜 loss=26.9309 temp=0.25 total_env_steps=16786 t=0.07s
Ep  342: len= 35 黑胜 loss=27.2074 temp=0.25 total_env_steps=16821 t=0.05s
Ep  343: len= 33 黑胜 loss=26.9200 temp=0.25 total_env_steps=16854 t=0.08s
Ep  344: len= 51 黑胜 loss=27.0707 temp=0.25 total_env_steps=16905 t=0.06s
Ep  345: len= 41 黑胜 loss=27.1838 temp=0.25 total_env_steps=16946 t=0.06s
Ep  346: len= 60 白胜 loss=26.7570 temp=0.25 total_env_steps=17006 t=0.08s
Ep  347: len= 41 黑胜 loss=27.2029 temp=0.25 total_env_steps=17047 t=0.07s
Ep  348: len= 58 白胜 loss=26.8882 temp=0.25 total_env_steps=17105 t=0.08s
Ep  349: len= 33 黑胜 loss=26.9194 temp=0.25 total_env_steps=17138 t=0.06s
Ep  350: len= 62 白胜 loss=27.0535 temp=0.25 total_env_steps=17200 t=0.07s
  eval vs Gomoku-random-v0: win_rate=0.95 mean_return=0.90（20 局，total_env_steps=17200）
Ep  351: len= 52 白胜 loss=26.8931 temp=0.25 total_env_steps=17252 t=0.06s
Ep  352: len= 41 黑胜 loss=26.8791 temp=0.25 total_env_steps=17293 t=0.05s
Ep  353: len= 41 黑胜 loss=26.7853 temp=0.25 total_env_steps=17334 t=0.06s
Ep  354: len= 53 黑胜 loss=26.8834 temp=0.25 total_env_steps=17387 t=0.06s
Ep  355: len= 21 黑胜 loss=26.7566 temp=0.25 total_env_steps=17408 t=0.04s
Ep  356: len= 33 黑胜 loss=26.9024 temp=0.25 total_env_steps=17441 t=0.05s
Ep  357: len= 52 白胜 loss=26.9069 temp=0.25 total_env_steps=17493 t=0.06s
Ep  358: len= 54 白胜 loss=27.0296 temp=0.25 total_env_steps=17547 t=0.07s
Ep  359: len= 58 白胜 loss=27.3240 temp=0.25 total_env_steps=17605 t=0.08s
Ep  360: len= 38 白胜 loss=26.8767 temp=0.25 total_env_steps=17643 t=0.06s
Ep  361: len= 30 白胜 loss=27.0641 temp=0.25 total_env_steps=17673 t=0.05s
Ep  362: len= 52 白胜 loss=27.0193 temp=0.25 total_env_steps=17725 t=0.06s
Ep  363: len= 45 黑胜 loss=26.9916 temp=0.25 total_env_steps=17770 t=0.06s
Ep  364: len= 32 白胜 loss=27.2354 temp=0.25 total_env_steps=17802 t=0.05s
Ep  365: len= 17 黑胜 loss=27.0046 temp=0.25 total_env_steps=17819 t=0.04s
Ep  366: len= 58 白胜 loss=26.9900 temp=0.25 total_env_steps=17877 t=0.07s
Ep  367: len= 47 黑胜 loss=26.6057 temp=0.25 total_env_steps=17924 t=0.06s
Ep  368: len= 34 白胜 loss=27.0120 temp=0.25 total_env_steps=17958 t=0.05s
Ep  369: len= 29 黑胜 loss=26.6994 temp=0.25 total_env_steps=17987 t=0.05s
Ep  370: len= 38 白胜 loss=27.0309 temp=0.25 total_env_steps=18025 t=0.05s
Ep  371: len= 27 黑胜 loss=26.7362 temp=0.25 total_env_steps=18052 t=0.04s
Ep  372: len= 31 黑胜 loss=26.7788 temp=0.25 total_env_steps=18083 t=0.05s
Ep  373: len= 18 白胜 loss=26.8946 temp=0.25 total_env_steps=18101 t=0.04s
Ep  374: len= 45 黑胜 loss=26.7175 temp=0.25 total_env_steps=18146 t=0.06s
Ep  375: len= 47 黑胜 loss=27.0148 temp=0.25 total_env_steps=18193 t=0.06s
Ep  376: len= 43 黑胜 loss=26.5310 temp=0.25 total_env_steps=18236 t=0.06s
Ep  377: len= 52 白胜 loss=27.0099 temp=0.25 total_env_steps=18288 t=0.07s
Ep  378: len= 19 黑胜 loss=26.7471 temp=0.25 total_env_steps=18307 t=0.04s
Ep  379: len= 36 白胜 loss=27.3564 temp=0.25 total_env_steps=18343 t=0.05s
Ep  380: len= 44 白胜 loss=27.1290 temp=0.25 total_env_steps=18387 t=0.05s
Ep  381: len= 30 白胜 loss=27.0364 temp=0.25 total_env_steps=18417 t=0.05s
Ep  382: len= 23 黑胜 loss=26.7181 temp=0.25 total_env_steps=18440 t=0.04s
Ep  383: len= 33 黑胜 loss=26.7375 temp=0.25 total_env_steps=18473 t=0.05s
Ep  384: len= 48 白胜 loss=26.9019 temp=0.25 total_env_steps=18521 t=0.06s
Ep  385: len= 40 白胜 loss=26.7736 temp=0.25 total_env_steps=18561 t=0.07s
Ep  386: len= 40 白胜 loss=27.0437 temp=0.25 total_env_steps=18601 t=0.06s
Ep  387: len= 49 黑胜 loss=26.7575 temp=0.25 total_env_steps=18650 t=0.06s
Ep  388: len= 37 黑胜 loss=26.7420 temp=0.25 total_env_steps=18687 t=0.06s
Ep  389: len= 32 白胜 loss=27.0118 temp=0.25 total_env_steps=18719 t=0.05s
Ep  390: len= 55 黑胜 loss=26.7643 temp=0.25 total_env_steps=18774 t=0.07s
Ep  391: len= 37 黑胜 loss=26.8426 temp=0.25 total_env_steps=18811 t=0.05s
Ep  392: len= 71 黑胜 loss=26.8804 temp=0.25 total_env_steps=18882 t=0.08s
Ep  393: len= 59 黑胜 loss=27.0440 temp=0.25 total_env_steps=18941 t=0.08s
Ep  394: len= 59 黑胜 loss=27.0047 temp=0.25 total_env_steps=19000 t=0.08s
Ep  395: len= 62 白胜 loss=26.9082 temp=0.25 total_env_steps=19062 t=0.07s
Ep  396: len= 49 黑胜 loss=27.0042 temp=0.25 total_env_steps=19111 t=0.06s
Ep  397: len= 25 黑胜 loss=26.7455 temp=0.25 total_env_steps=19136 t=0.04s
Ep  398: len= 37 黑胜 loss=26.6200 temp=0.25 total_env_steps=19173 t=0.05s
Ep  399: len= 44 白胜 loss=26.7814 temp=0.25 total_env_steps=19217 t=0.06s
Ep  400: len= 66 白胜 loss=26.5882 temp=0.25 total_env_steps=19283 t=0.07s
  eval vs Gomoku-random-v0: win_rate=0.90 mean_return=0.80（20 局，total_env_steps=19283）
[闸门] vs random（40 局）: win_rate=0.975
[闸门] vs 半程快照（40 局，黑白各半）: score=0.900
[梯队] vs naive0（20 局，观察性）: win_rate=0.00
[梯队] vs naive1（20 局，观察性）: win_rate=0.00
[梯队] vs naive2（20 局，观察性）: win_rate=0.00
[梯队] vs naive3（20 局，观察性）: win_rate=0.00
📈 Gomoku-selfplay-v0 win_rate=0.90（best 0.95）| 门槛 0.95 | 27.0s

--- arm=base_s16 seed=44 sims=16 ---
[MyZero-board Gomoku-selfplay-v0] obs=243(3×9²) |A|=81 sims=16 γ=1.0 negamax
Ep    1: len= 49 黑胜 loss=0.0000 temp=1.00 total_env_steps=49 t=0.03s
Ep    2: len= 35 黑胜 loss=0.0000 temp=1.00 total_env_steps=84 t=0.02s
Ep    3: len= 57 黑胜 loss=0.0000 temp=1.00 total_env_steps=141 t=0.03s
Ep    4: len= 39 黑胜 loss=0.0000 temp=1.00 total_env_steps=180 t=0.02s
Ep    5: len= 53 黑胜 loss=0.0000 temp=1.00 total_env_steps=233 t=0.03s
Ep    6: len= 61 黑胜 loss=0.0000 temp=1.00 total_env_steps=294 t=0.04s
Ep    7: len= 63 黑胜 loss=0.0000 temp=1.00 total_env_steps=357 t=0.04s
Ep    8: len= 64 白胜 loss=0.0000 temp=1.00 total_env_steps=421 t=0.05s
Ep    9: len= 69 黑胜 loss=0.0000 temp=1.00 total_env_steps=490 t=0.05s
Ep   10: len= 63 黑胜 loss=37.1341 temp=1.00 total_env_steps=553 t=0.06s
Ep   11: len= 45 黑胜 loss=28.9304 temp=1.00 total_env_steps=598 t=0.04s
Ep   12: len= 62 白胜 loss=28.6010 temp=1.00 total_env_steps=660 t=0.05s
Ep   13: len= 32 白胜 loss=28.2493 temp=1.00 total_env_steps=692 t=0.04s
Ep   14: len= 74 白胜 loss=28.1980 temp=1.00 total_env_steps=766 t=0.07s
Ep   15: len= 30 白胜 loss=28.2653 temp=1.00 total_env_steps=796 t=0.04s
Ep   16: len= 55 黑胜 loss=28.1840 temp=1.00 total_env_steps=851 t=0.05s
Ep   17: len= 55 黑胜 loss=28.0518 temp=1.00 total_env_steps=906 t=0.05s
Ep   18: len= 53 黑胜 loss=27.8749 temp=1.00 total_env_steps=959 t=0.05s
Ep   19: len= 49 黑胜 loss=28.0238 temp=1.00 total_env_steps=1008 t=0.04s
Ep   20: len= 28 白胜 loss=28.1540 temp=1.00 total_env_steps=1036 t=0.04s
Ep   21: len= 47 黑胜 loss=28.0997 temp=1.00 total_env_steps=1083 t=0.06s
Ep   22: len= 41 黑胜 loss=27.9612 temp=1.00 total_env_steps=1124 t=0.05s
Ep   23: len= 43 黑胜 loss=28.1521 temp=1.00 total_env_steps=1167 t=0.05s
Ep   24: len= 52 白胜 loss=27.8741 temp=1.00 total_env_steps=1219 t=0.05s
Ep   25: len= 42 白胜 loss=27.7609 temp=1.00 total_env_steps=1261 t=0.04s
Ep   26: len= 39 黑胜 loss=28.0107 temp=1.00 total_env_steps=1300 t=0.04s
Ep   27: len= 73 黑胜 loss=28.0734 temp=1.00 total_env_steps=1373 t=0.06s
Ep   28: len= 44 白胜 loss=28.0940 temp=1.00 total_env_steps=1417 t=0.04s
Ep   29: len= 72 白胜 loss=27.9301 temp=1.00 total_env_steps=1489 t=0.06s
Ep   30: len= 69 黑胜 loss=28.1459 temp=1.00 total_env_steps=1558 t=0.06s
Ep   31: len= 61 黑胜 loss=27.7757 temp=1.00 total_env_steps=1619 t=0.06s
Ep   32: len= 76 白胜 loss=28.1102 temp=1.00 total_env_steps=1695 t=0.07s
Ep   33: len= 43 黑胜 loss=27.9630 temp=1.00 total_env_steps=1738 t=0.05s
Ep   34: len= 49 黑胜 loss=27.9308 temp=1.00 total_env_steps=1787 t=0.05s
Ep   35: len= 46 白胜 loss=28.0888 temp=1.00 total_env_steps=1833 t=0.04s
Ep   36: len= 47 黑胜 loss=27.7047 temp=1.00 total_env_steps=1880 t=0.05s
Ep   37: len= 38 白胜 loss=28.0554 temp=1.00 total_env_steps=1918 t=0.04s
Ep   38: len= 39 黑胜 loss=27.8921 temp=1.00 total_env_steps=1957 t=0.04s
Ep   39: len= 23 黑胜 loss=27.9801 temp=1.00 total_env_steps=1980 t=0.03s
Ep   40: len= 34 白胜 loss=28.0787 temp=1.00 total_env_steps=2014 t=0.04s
Ep   41: len= 45 黑胜 loss=28.1333 temp=1.00 total_env_steps=2059 t=0.05s
Ep   42: len= 31 黑胜 loss=27.9463 temp=1.00 total_env_steps=2090 t=0.05s
Ep   43: len= 62 白胜 loss=27.8766 temp=1.00 total_env_steps=2152 t=0.08s
Ep   44: len= 60 白胜 loss=27.9311 temp=1.00 total_env_steps=2212 t=0.06s
Ep   45: len= 67 黑胜 loss=28.0366 temp=1.00 total_env_steps=2279 t=0.06s
Ep   46: len= 49 黑胜 loss=28.1278 temp=1.00 total_env_steps=2328 t=0.05s
Ep   47: len= 60 白胜 loss=27.8143 temp=1.00 total_env_steps=2388 t=0.06s
Ep   48: len= 58 白胜 loss=27.9118 temp=1.00 total_env_steps=2446 t=0.05s
Ep   49: len= 78 白胜 loss=27.6498 temp=1.00 total_env_steps=2524 t=0.06s
Ep   50: len= 50 白胜 loss=27.7370 temp=1.00 total_env_steps=2574 t=0.05s
  eval vs Gomoku-random-v0: win_rate=0.55 mean_return=0.10（20 局，total_env_steps=2574）
Ep   51: len= 41 黑胜 loss=27.8027 temp=1.00 total_env_steps=2615 t=0.05s
Ep   52: len= 66 白胜 loss=27.7711 temp=1.00 total_env_steps=2681 t=0.07s
Ep   53: len= 38 白胜 loss=27.9221 temp=1.00 total_env_steps=2719 t=0.05s
Ep   54: len= 37 黑胜 loss=27.8086 temp=1.00 total_env_steps=2756 t=0.05s
Ep   55: len= 71 黑胜 loss=27.9326 temp=1.00 total_env_steps=2827 t=0.07s
Ep   56: len= 47 黑胜 loss=27.6307 temp=1.00 total_env_steps=2874 t=0.05s
Ep   57: len= 60 白胜 loss=27.6897 temp=1.00 total_env_steps=2934 t=0.05s
Ep   58: len= 64 白胜 loss=27.8176 temp=1.00 total_env_steps=2998 t=0.06s
Ep   59: len= 35 黑胜 loss=27.5450 temp=1.00 total_env_steps=3033 t=0.04s
Ep   60: len= 67 黑胜 loss=27.7168 temp=1.00 total_env_steps=3100 t=0.07s
Ep   61: len= 56 白胜 loss=27.6316 temp=1.00 total_env_steps=3156 t=0.05s
Ep   62: len= 35 黑胜 loss=27.7014 temp=1.00 total_env_steps=3191 t=0.04s
Ep   63: len= 58 白胜 loss=27.7921 temp=1.00 total_env_steps=3249 t=0.06s
Ep   64: len= 20 白胜 loss=27.5552 temp=1.00 total_env_steps=3269 t=0.03s
Ep   65: len= 64 白胜 loss=27.5786 temp=1.00 total_env_steps=3333 t=0.06s
Ep   66: len= 35 黑胜 loss=27.4186 temp=1.00 total_env_steps=3368 t=0.04s
Ep   67: len= 51 黑胜 loss=27.9091 temp=1.00 total_env_steps=3419 t=0.05s
Ep   68: len= 36 白胜 loss=27.5224 temp=1.00 total_env_steps=3455 t=0.04s
Ep   69: len= 42 白胜 loss=27.7431 temp=1.00 total_env_steps=3497 t=0.04s
Ep   70: len= 67 黑胜 loss=27.3495 temp=1.00 total_env_steps=3564 t=0.06s
Ep   71: len= 53 黑胜 loss=27.8020 temp=1.00 total_env_steps=3617 t=0.06s
Ep   72: len= 69 黑胜 loss=27.6547 temp=1.00 total_env_steps=3686 t=0.09s
Ep   73: len= 71 黑胜 loss=27.6185 temp=1.00 total_env_steps=3757 t=0.07s
Ep   74: len= 32 白胜 loss=27.7738 temp=1.00 total_env_steps=3789 t=0.04s
Ep   75: len= 37 黑胜 loss=27.6618 temp=1.00 total_env_steps=3826 t=0.04s
Ep   76: len= 58 白胜 loss=27.7705 temp=1.00 total_env_steps=3884 t=0.05s
Ep   77: len= 61 黑胜 loss=27.6719 temp=1.00 total_env_steps=3945 t=0.06s
Ep   78: len= 68 白胜 loss=27.6906 temp=1.00 total_env_steps=4013 t=0.06s
Ep   79: len= 52 白胜 loss=27.6404 temp=1.00 total_env_steps=4065 t=0.06s
Ep   80: len= 41 黑胜 loss=27.6363 temp=1.00 total_env_steps=4106 t=0.05s
Ep   81: len= 52 白胜 loss=27.7431 temp=1.00 total_env_steps=4158 t=0.05s
Ep   82: len= 54 白胜 loss=27.4802 temp=1.00 total_env_steps=4212 t=0.06s
Ep   83: len= 76 白胜 loss=27.5895 temp=1.00 total_env_steps=4288 t=0.06s
Ep   84: len= 63 黑胜 loss=27.4537 temp=1.00 total_env_steps=4351 t=0.06s
Ep   85: len= 43 黑胜 loss=27.3872 temp=1.00 total_env_steps=4394 t=0.05s
Ep   86: len= 64 白胜 loss=27.6308 temp=1.00 total_env_steps=4458 t=0.06s
Ep   87: len= 29 黑胜 loss=27.5353 temp=1.00 total_env_steps=4487 t=0.04s
Ep   88: len= 47 黑胜 loss=27.3407 temp=1.00 total_env_steps=4534 t=0.05s
Ep   89: len= 57 黑胜 loss=27.1344 temp=1.00 total_env_steps=4591 t=0.07s
Ep   90: len= 41 黑胜 loss=27.6543 temp=1.00 total_env_steps=4632 t=0.05s
Ep   91: len= 39 黑胜 loss=27.3012 temp=1.00 total_env_steps=4671 t=0.05s
Ep   92: len= 59 黑胜 loss=27.2554 temp=1.00 total_env_steps=4730 t=0.06s
Ep   93: len= 38 白胜 loss=27.2908 temp=1.00 total_env_steps=4768 t=0.04s
Ep   94: len= 37 黑胜 loss=27.3008 temp=1.00 total_env_steps=4805 t=0.04s
Ep   95: len= 53 黑胜 loss=27.5168 temp=1.00 total_env_steps=4858 t=0.05s
Ep   96: len= 68 白胜 loss=27.4875 temp=1.00 total_env_steps=4926 t=0.06s
Ep   97: len= 35 黑胜 loss=27.6030 temp=1.00 total_env_steps=4961 t=0.04s
Ep   98: len= 54 白胜 loss=27.5779 temp=1.00 total_env_steps=5015 t=0.06s
Ep   99: len= 76 白胜 loss=27.7607 temp=1.00 total_env_steps=5091 t=0.07s
Ep  100: len= 51 黑胜 loss=27.2489 temp=1.00 total_env_steps=5142 t=0.05s
  eval vs Gomoku-random-v0: win_rate=1.00 mean_return=1.00（20 局，total_env_steps=5142）
  ✅ 达标 ep=100 total_env_steps=5142
Ep  101: len= 48 白胜 loss=27.0648 temp=1.00 total_env_steps=5190 t=0.05s
Ep  102: len= 60 白胜 loss=27.6285 temp=0.99 total_env_steps=5250 t=0.06s
Ep  103: len= 57 黑胜 loss=27.2615 temp=0.99 total_env_steps=5307 t=0.05s
Ep  104: len= 37 黑胜 loss=27.4644 temp=0.98 total_env_steps=5344 t=0.04s
Ep  105: len= 40 白胜 loss=27.4473 temp=0.97 total_env_steps=5384 t=0.05s
Ep  106: len= 20 白胜 loss=27.5796 temp=0.96 total_env_steps=5404 t=0.04s
Ep  107: len= 54 白胜 loss=27.3094 temp=0.95 total_env_steps=5458 t=0.06s
Ep  108: len= 38 白胜 loss=27.5993 temp=0.95 total_env_steps=5496 t=0.05s
Ep  109: len= 46 白胜 loss=27.7373 temp=0.94 total_env_steps=5542 t=0.05s
Ep  110: len= 46 白胜 loss=27.2451 temp=0.93 total_env_steps=5588 t=0.05s
Ep  111: len= 48 白胜 loss=27.4350 temp=0.93 total_env_steps=5636 t=0.05s
Ep  112: len= 52 白胜 loss=27.4698 temp=0.92 total_env_steps=5688 t=0.05s
Ep  113: len= 54 白胜 loss=27.3356 temp=0.91 total_env_steps=5742 t=0.05s
Ep  114: len= 48 白胜 loss=27.2885 temp=0.90 total_env_steps=5790 t=0.05s
Ep  115: len= 49 黑胜 loss=27.3480 temp=0.89 total_env_steps=5839 t=0.05s
Ep  116: len= 46 白胜 loss=27.4627 temp=0.89 total_env_steps=5885 t=0.05s
Ep  117: len= 36 白胜 loss=27.3513 temp=0.88 total_env_steps=5921 t=0.04s
Ep  118: len= 47 黑胜 loss=27.3970 temp=0.87 total_env_steps=5968 t=0.05s
Ep  119: len= 40 白胜 loss=27.6133 temp=0.87 total_env_steps=6008 t=0.04s
Ep  120: len= 49 黑胜 loss=27.2628 temp=0.86 total_env_steps=6057 t=0.05s
Ep  121: len= 62 白胜 loss=27.3156 temp=0.85 total_env_steps=6119 t=0.06s
Ep  122: len= 58 白胜 loss=27.1633 temp=0.84 total_env_steps=6177 t=0.06s
Ep  123: len= 64 白胜 loss=27.2815 temp=0.84 total_env_steps=6241 t=0.07s
Ep  124: len= 49 黑胜 loss=27.3183 temp=0.83 total_env_steps=6290 t=0.06s
Ep  125: len= 56 白胜 loss=27.3327 temp=0.82 total_env_steps=6346 t=0.07s
Ep  126: len= 17 黑胜 loss=27.4553 temp=0.81 total_env_steps=6363 t=0.04s
Ep  127: len= 30 白胜 loss=27.2649 temp=0.81 total_env_steps=6393 t=0.04s
Ep  128: len= 72 白胜 loss=27.1250 temp=0.80 total_env_steps=6465 t=0.07s
Ep  129: len= 51 黑胜 loss=27.2093 temp=0.79 total_env_steps=6516 t=0.05s
Ep  130: len= 28 白胜 loss=27.1189 temp=0.78 total_env_steps=6544 t=0.03s
Ep  131: len= 47 黑胜 loss=26.9956 temp=0.77 total_env_steps=6591 t=0.05s
Ep  132: len= 56 白胜 loss=27.5242 temp=0.77 total_env_steps=6647 t=0.05s
Ep  133: len= 58 白胜 loss=27.4541 temp=0.76 total_env_steps=6705 t=0.05s
Ep  134: len= 45 黑胜 loss=27.1022 temp=0.75 total_env_steps=6750 t=0.04s
Ep  135: len= 33 黑胜 loss=27.6048 temp=0.75 total_env_steps=6783 t=0.04s
Ep  136: len= 50 白胜 loss=27.1400 temp=0.74 total_env_steps=6833 t=0.05s
Ep  137: len= 33 黑胜 loss=27.4292 temp=0.73 total_env_steps=6866 t=0.04s
Ep  138: len= 46 白胜 loss=27.3101 temp=0.72 total_env_steps=6912 t=0.04s
Ep  139: len= 63 黑胜 loss=27.4732 temp=0.72 total_env_steps=6975 t=0.05s
Ep  140: len= 49 黑胜 loss=27.1019 temp=0.71 total_env_steps=7024 t=0.05s
Ep  141: len= 37 黑胜 loss=27.4690 temp=0.70 total_env_steps=7061 t=0.04s
Ep  142: len= 44 白胜 loss=27.1449 temp=0.69 total_env_steps=7105 t=0.04s
Ep  143: len= 65 黑胜 loss=27.3630 temp=0.69 total_env_steps=7170 t=0.05s
Ep  144: len= 68 白胜 loss=27.2188 temp=0.68 total_env_steps=7238 t=0.07s
Ep  145: len= 61 黑胜 loss=27.3109 temp=0.67 total_env_steps=7299 t=0.06s
Ep  146: len= 43 黑胜 loss=27.2777 temp=0.66 total_env_steps=7342 t=0.04s
Ep  147: len= 49 黑胜 loss=27.1638 temp=0.65 total_env_steps=7391 t=0.05s
Ep  148: len= 41 黑胜 loss=27.2026 temp=0.65 total_env_steps=7432 t=0.05s
Ep  149: len= 54 白胜 loss=27.0190 temp=0.64 total_env_steps=7486 t=0.06s
Ep  150: len= 38 白胜 loss=27.5675 temp=0.63 total_env_steps=7524 t=0.04s
  eval vs Gomoku-random-v0: win_rate=0.60 mean_return=0.20（20 局，total_env_steps=7524）
Ep  151: len= 40 白胜 loss=27.3224 temp=0.62 total_env_steps=7564 t=0.05s
Ep  152: len= 35 黑胜 loss=27.2036 temp=0.62 total_env_steps=7599 t=0.04s
Ep  153: len= 57 黑胜 loss=27.6216 temp=0.61 total_env_steps=7656 t=0.06s
Ep  154: len= 54 白胜 loss=26.9323 temp=0.60 total_env_steps=7710 t=0.05s
Ep  155: len= 46 白胜 loss=27.3493 temp=0.59 total_env_steps=7756 t=0.05s
Ep  156: len= 54 白胜 loss=27.3844 temp=0.59 total_env_steps=7810 t=0.06s
Ep  157: len= 61 黑胜 loss=27.3131 temp=0.58 total_env_steps=7871 t=0.07s
Ep  158: len= 59 黑胜 loss=27.1504 temp=0.57 total_env_steps=7930 t=0.06s
Ep  159: len= 33 黑胜 loss=27.1261 temp=0.56 total_env_steps=7963 t=0.05s
Ep  160: len= 45 黑胜 loss=27.0582 temp=0.56 total_env_steps=8008 t=0.04s
Ep  161: len= 46 白胜 loss=27.2051 temp=0.55 total_env_steps=8054 t=0.04s
Ep  162: len= 47 黑胜 loss=27.0591 temp=0.54 total_env_steps=8101 t=0.06s
Ep  163: len= 38 白胜 loss=26.8727 temp=0.53 total_env_steps=8139 t=0.04s
Ep  164: len= 52 白胜 loss=27.4582 temp=0.53 total_env_steps=8191 t=0.05s
Ep  165: len= 31 黑胜 loss=27.6185 temp=0.52 total_env_steps=8222 t=0.04s
Ep  166: len= 55 黑胜 loss=27.7552 temp=0.51 total_env_steps=8277 t=0.06s
Ep  167: len= 45 黑胜 loss=27.0926 temp=0.50 total_env_steps=8322 t=0.05s
Ep  168: len= 53 黑胜 loss=27.1685 temp=0.50 total_env_steps=8375 t=0.05s
Ep  169: len= 29 黑胜 loss=27.0201 temp=0.49 total_env_steps=8404 t=0.04s
Ep  170: len= 58 白胜 loss=27.0896 temp=0.48 total_env_steps=8462 t=0.05s
Ep  171: len= 39 黑胜 loss=26.8211 temp=0.48 total_env_steps=8501 t=0.04s
Ep  172: len= 22 白胜 loss=27.1443 temp=0.47 total_env_steps=8523 t=0.03s
Ep  173: len= 26 白胜 loss=26.8427 temp=0.46 total_env_steps=8549 t=0.03s
Ep  174: len= 62 白胜 loss=26.9900 temp=0.45 total_env_steps=8611 t=0.06s
Ep  175: len= 41 黑胜 loss=27.4395 temp=0.44 total_env_steps=8652 t=0.04s
Ep  176: len= 44 白胜 loss=27.1329 temp=0.44 total_env_steps=8696 t=0.04s
Ep  177: len= 37 黑胜 loss=26.9680 temp=0.43 total_env_steps=8733 t=0.04s
Ep  178: len= 55 黑胜 loss=26.9134 temp=0.42 total_env_steps=8788 t=0.04s
Ep  179: len= 57 黑胜 loss=27.0715 temp=0.42 total_env_steps=8845 t=0.06s
Ep  180: len= 53 黑胜 loss=27.0249 temp=0.41 total_env_steps=8898 t=0.05s
Ep  181: len= 45 黑胜 loss=26.9828 temp=0.40 total_env_steps=8943 t=0.05s
Ep  182: len= 30 白胜 loss=27.0561 temp=0.39 total_env_steps=8973 t=0.04s
Ep  183: len= 44 白胜 loss=27.0909 temp=0.38 total_env_steps=9017 t=0.05s
Ep  184: len= 44 白胜 loss=27.0200 temp=0.38 total_env_steps=9061 t=0.04s
Ep  185: len= 54 白胜 loss=27.0297 temp=0.37 total_env_steps=9115 t=0.05s
Ep  186: len= 70 白胜 loss=27.1657 temp=0.36 total_env_steps=9185 t=0.08s
Ep  187: len= 35 黑胜 loss=27.3754 temp=0.36 total_env_steps=9220 t=0.05s
Ep  188: len= 23 黑胜 loss=27.3487 temp=0.35 total_env_steps=9243 t=0.04s
Ep  189: len= 43 黑胜 loss=26.6922 temp=0.34 total_env_steps=9286 t=0.05s
Ep  190: len= 46 白胜 loss=27.4328 temp=0.33 total_env_steps=9332 t=0.05s
Ep  191: len= 32 白胜 loss=27.0936 temp=0.33 total_env_steps=9364 t=0.04s
Ep  192: len= 60 白胜 loss=26.9492 temp=0.32 total_env_steps=9424 t=0.06s
Ep  193: len= 58 白胜 loss=27.1683 temp=0.31 total_env_steps=9482 t=0.06s
Ep  194: len= 45 黑胜 loss=26.9679 temp=0.30 total_env_steps=9527 t=0.05s
Ep  195: len= 30 白胜 loss=26.8949 temp=0.30 total_env_steps=9557 t=0.04s
Ep  196: len= 52 白胜 loss=26.9555 temp=0.29 total_env_steps=9609 t=0.06s
Ep  197: len= 40 白胜 loss=27.0948 temp=0.28 total_env_steps=9649 t=0.05s
Ep  198: len= 45 黑胜 loss=26.9990 temp=0.27 total_env_steps=9694 t=0.07s
Ep  199: len= 63 黑胜 loss=26.8503 temp=0.26 total_env_steps=9757 t=0.08s
Ep  200: len= 41 黑胜 loss=27.1243 temp=0.26 total_env_steps=9798 t=0.06s
  eval vs Gomoku-random-v0: win_rate=0.75 mean_return=0.50（20 局，total_env_steps=9798）
  📸 已拍权重快照（ep=200，gating 对弈基准）
Ep  201: len= 44 白胜 loss=27.2492 temp=0.25 total_env_steps=9842 t=0.06s
Ep  202: len= 62 白胜 loss=27.3396 temp=0.25 total_env_steps=9904 t=0.06s
Ep  203: len= 48 白胜 loss=27.0118 temp=0.25 total_env_steps=9952 t=0.05s
Ep  204: len= 35 黑胜 loss=27.1266 temp=0.25 total_env_steps=9987 t=0.05s
Ep  205: len= 66 白胜 loss=26.8944 temp=0.25 total_env_steps=10053 t=0.07s
Ep  206: len= 43 黑胜 loss=27.1719 temp=0.25 total_env_steps=10096 t=0.05s
Ep  207: len= 53 黑胜 loss=26.7382 temp=0.25 total_env_steps=10149 t=0.06s
Ep  208: len= 32 白胜 loss=27.0092 temp=0.25 total_env_steps=10181 t=0.05s
Ep  209: len= 46 白胜 loss=26.8708 temp=0.25 total_env_steps=10227 t=0.06s
Ep  210: len= 54 白胜 loss=26.9121 temp=0.25 total_env_steps=10281 t=0.06s
Ep  211: len= 52 白胜 loss=27.2148 temp=0.25 total_env_steps=10333 t=0.06s
Ep  212: len= 24 白胜 loss=27.1157 temp=0.25 total_env_steps=10357 t=0.04s
Ep  213: len= 43 黑胜 loss=27.3134 temp=0.25 total_env_steps=10400 t=0.05s
Ep  214: len= 37 黑胜 loss=26.9853 temp=0.25 total_env_steps=10437 t=0.05s
Ep  215: len= 36 白胜 loss=26.8615 temp=0.25 total_env_steps=10473 t=0.05s
Ep  216: len= 64 白胜 loss=26.5655 temp=0.25 total_env_steps=10537 t=0.07s
Ep  217: len= 42 白胜 loss=26.7122 temp=0.25 total_env_steps=10579 t=0.06s
Ep  218: len= 58 白胜 loss=27.2030 temp=0.25 total_env_steps=10637 t=0.07s
Ep  219: len= 30 白胜 loss=26.6351 temp=0.25 total_env_steps=10667 t=0.05s
Ep  220: len= 64 白胜 loss=26.9605 temp=0.25 total_env_steps=10731 t=0.06s
Ep  221: len= 47 黑胜 loss=27.0320 temp=0.25 total_env_steps=10778 t=0.05s
Ep  222: len= 46 白胜 loss=26.7955 temp=0.25 total_env_steps=10824 t=0.06s
Ep  223: len= 41 黑胜 loss=26.9097 temp=0.25 total_env_steps=10865 t=0.05s
Ep  224: len= 46 白胜 loss=26.5085 temp=0.25 total_env_steps=10911 t=0.05s
Ep  225: len= 38 白胜 loss=27.0230 temp=0.25 total_env_steps=10949 t=0.06s
Ep  226: len= 70 白胜 loss=26.8105 temp=0.25 total_env_steps=11019 t=0.07s
Ep  227: len= 52 白胜 loss=26.9135 temp=0.25 total_env_steps=11071 t=0.06s
Ep  228: len= 70 白胜 loss=26.8608 temp=0.25 total_env_steps=11141 t=0.07s
Ep  229: len= 48 白胜 loss=27.0571 temp=0.25 total_env_steps=11189 t=0.06s
Ep  230: len= 26 白胜 loss=26.8810 temp=0.25 total_env_steps=11215 t=0.05s
Ep  231: len= 47 黑胜 loss=26.8065 temp=0.25 total_env_steps=11262 t=0.06s
Ep  232: len= 27 黑胜 loss=26.5660 temp=0.25 total_env_steps=11289 t=0.05s
Ep  233: len= 42 白胜 loss=26.8834 temp=0.25 total_env_steps=11331 t=0.06s
Ep  234: len= 62 白胜 loss=26.2820 temp=0.25 total_env_steps=11393 t=0.07s
Ep  235: len= 42 白胜 loss=26.9169 temp=0.25 total_env_steps=11435 t=0.07s
Ep  236: len= 55 黑胜 loss=26.6179 temp=0.25 total_env_steps=11490 t=0.07s
Ep  237: len= 12 白胜 loss=26.6951 temp=0.25 total_env_steps=11502 t=0.04s
Ep  238: len= 40 白胜 loss=26.7223 temp=0.25 total_env_steps=11542 t=0.06s
Ep  239: len= 31 黑胜 loss=26.7359 temp=0.25 total_env_steps=11573 t=0.06s
Ep  240: len= 41 黑胜 loss=26.7650 temp=0.25 total_env_steps=11614 t=0.06s
Ep  241: len= 23 黑胜 loss=27.1102 temp=0.25 total_env_steps=11637 t=0.05s
Ep  242: len= 29 黑胜 loss=26.7735 temp=0.25 total_env_steps=11666 t=0.06s
Ep  243: len= 34 白胜 loss=26.6550 temp=0.25 total_env_steps=11700 t=0.06s
Ep  244: len= 33 黑胜 loss=26.7778 temp=0.25 total_env_steps=11733 t=0.06s
Ep  245: len= 36 白胜 loss=26.7464 temp=0.25 total_env_steps=11769 t=0.06s
Ep  246: len= 56 白胜 loss=26.9823 temp=0.25 total_env_steps=11825 t=0.06s
Ep  247: len= 69 黑胜 loss=26.7833 temp=0.25 total_env_steps=11894 t=0.08s
Ep  248: len= 31 黑胜 loss=26.6155 temp=0.25 total_env_steps=11925 t=0.05s
Ep  249: len= 44 白胜 loss=26.5928 temp=0.25 total_env_steps=11969 t=0.06s
Ep  250: len= 35 黑胜 loss=26.0844 temp=0.25 total_env_steps=12004 t=0.05s
  eval vs Gomoku-random-v0: win_rate=0.90 mean_return=0.80（20 局，total_env_steps=12004）
Ep  251: len= 66 白胜 loss=26.1777 temp=0.25 total_env_steps=12070 t=0.07s
Ep  252: len= 58 白胜 loss=26.5712 temp=0.25 total_env_steps=12128 t=0.07s
Ep  253: len= 49 黑胜 loss=26.8106 temp=0.25 total_env_steps=12177 t=0.06s
Ep  254: len= 40 白胜 loss=26.3679 temp=0.25 total_env_steps=12217 t=0.06s
Ep  255: len= 62 白胜 loss=26.1468 temp=0.25 total_env_steps=12279 t=0.07s
Ep  256: len= 41 黑胜 loss=26.3873 temp=0.25 total_env_steps=12320 t=0.06s
Ep  257: len= 56 白胜 loss=26.2713 temp=0.25 total_env_steps=12376 t=0.08s
Ep  258: len= 23 黑胜 loss=26.7095 temp=0.25 total_env_steps=12399 t=0.05s
Ep  259: len= 38 白胜 loss=26.6903 temp=0.25 total_env_steps=12437 t=0.05s
Ep  260: len= 66 白胜 loss=26.8155 temp=0.25 total_env_steps=12503 t=0.08s
Ep  261: len= 49 黑胜 loss=26.3919 temp=0.25 total_env_steps=12552 t=0.06s
Ep  262: len= 33 黑胜 loss=25.9795 temp=0.25 total_env_steps=12585 t=0.05s
Ep  263: len= 30 白胜 loss=26.5128 temp=0.25 total_env_steps=12615 t=0.05s
Ep  264: len= 42 白胜 loss=26.3053 temp=0.25 total_env_steps=12657 t=0.05s
Ep  265: len= 38 白胜 loss=26.7475 temp=0.25 total_env_steps=12695 t=0.05s
Ep  266: len= 41 黑胜 loss=26.3773 temp=0.25 total_env_steps=12736 t=0.06s
Ep  267: len= 60 白胜 loss=26.2206 temp=0.25 total_env_steps=12796 t=0.06s
Ep  268: len= 34 白胜 loss=26.0228 temp=0.25 total_env_steps=12830 t=0.05s
Ep  269: len= 51 黑胜 loss=26.4118 temp=0.25 total_env_steps=12881 t=0.07s
Ep  270: len= 46 白胜 loss=26.8187 temp=0.25 total_env_steps=12927 t=0.07s
Ep  271: len= 47 黑胜 loss=26.2436 temp=0.25 total_env_steps=12974 t=0.06s
Ep  272: len= 29 黑胜 loss=26.4820 temp=0.25 total_env_steps=13003 t=0.04s
Ep  273: len= 70 白胜 loss=25.9205 temp=0.25 total_env_steps=13073 t=0.07s
Ep  274: len= 41 黑胜 loss=26.0110 temp=0.25 total_env_steps=13114 t=0.05s
Ep  275: len= 58 白胜 loss=25.8266 temp=0.25 total_env_steps=13172 t=0.06s
Ep  276: len= 45 黑胜 loss=26.2282 temp=0.25 total_env_steps=13217 t=0.05s
Ep  277: len= 43 黑胜 loss=26.2051 temp=0.25 total_env_steps=13260 t=0.05s
Ep  278: len= 48 白胜 loss=26.6119 temp=0.25 total_env_steps=13308 t=0.06s
Ep  279: len= 57 黑胜 loss=26.4074 temp=0.25 total_env_steps=13365 t=0.06s
Ep  280: len= 27 黑胜 loss=26.3400 temp=0.25 total_env_steps=13392 t=0.04s
Ep  281: len= 66 白胜 loss=26.5619 temp=0.25 total_env_steps=13458 t=0.06s
Ep  282: len= 66 白胜 loss=26.2968 temp=0.25 total_env_steps=13524 t=0.07s
Ep  283: len= 41 黑胜 loss=26.0763 temp=0.25 total_env_steps=13565 t=0.05s
Ep  284: len= 51 黑胜 loss=26.1753 temp=0.25 total_env_steps=13616 t=0.06s
Ep  285: len= 37 黑胜 loss=26.4378 temp=0.25 total_env_steps=13653 t=0.05s
Ep  286: len= 49 黑胜 loss=26.5208 temp=0.25 total_env_steps=13702 t=0.05s
Ep  287: len= 34 白胜 loss=26.2992 temp=0.25 total_env_steps=13736 t=0.05s
Ep  288: len= 70 白胜 loss=26.0322 temp=0.25 total_env_steps=13806 t=0.08s
Ep  289: len= 47 黑胜 loss=26.1128 temp=0.25 total_env_steps=13853 t=0.06s
Ep  290: len= 19 黑胜 loss=25.2283 temp=0.25 total_env_steps=13872 t=0.05s
Ep  291: len= 41 黑胜 loss=25.5302 temp=0.25 total_env_steps=13913 t=0.05s
Ep  292: len= 60 白胜 loss=26.0857 temp=0.25 total_env_steps=13973 t=0.07s
Ep  293: len= 37 黑胜 loss=25.9917 temp=0.25 total_env_steps=14010 t=0.05s
Ep  294: len= 49 黑胜 loss=26.0105 temp=0.25 total_env_steps=14059 t=0.06s
Ep  295: len= 33 黑胜 loss=26.1571 temp=0.25 total_env_steps=14092 t=0.05s
Ep  296: len= 25 黑胜 loss=26.9351 temp=0.25 total_env_steps=14117 t=0.04s
Ep  297: len= 61 黑胜 loss=26.1215 temp=0.25 total_env_steps=14178 t=0.07s
Ep  298: len= 48 白胜 loss=26.3324 temp=0.25 total_env_steps=14226 t=0.06s
Ep  299: len= 61 黑胜 loss=25.7722 temp=0.25 total_env_steps=14287 t=0.07s
Ep  300: len= 25 黑胜 loss=26.1548 temp=0.25 total_env_steps=14312 t=0.04s
  eval vs Gomoku-random-v0: win_rate=0.95 mean_return=0.90（20 局，total_env_steps=14312）
Ep  301: len= 53 黑胜 loss=26.0671 temp=0.25 total_env_steps=14365 t=0.06s
Ep  302: len= 65 黑胜 loss=25.4900 temp=0.25 total_env_steps=14430 t=0.07s
Ep  303: len= 40 白胜 loss=26.4266 temp=0.25 total_env_steps=14470 t=0.06s
Ep  304: len= 62 白胜 loss=25.9870 temp=0.25 total_env_steps=14532 t=0.06s
Ep  305: len= 27 黑胜 loss=25.9578 temp=0.25 total_env_steps=14559 t=0.04s
Ep  306: len= 41 黑胜 loss=25.9999 temp=0.25 total_env_steps=14600 t=0.05s
Ep  307: len= 62 白胜 loss=26.3750 temp=0.25 total_env_steps=14662 t=0.06s
Ep  308: len= 52 白胜 loss=26.5644 temp=0.25 total_env_steps=14714 t=0.05s
Ep  309: len= 55 黑胜 loss=25.4402 temp=0.25 total_env_steps=14769 t=0.06s
Ep  310: len= 45 黑胜 loss=26.6143 temp=0.25 total_env_steps=14814 t=0.06s
Ep  311: len= 45 黑胜 loss=26.5731 temp=0.25 total_env_steps=14859 t=0.05s
Ep  312: len= 44 白胜 loss=26.1679 temp=0.25 total_env_steps=14903 t=0.05s
Ep  313: len= 68 白胜 loss=26.4911 temp=0.25 total_env_steps=14971 t=0.08s
Ep  314: len= 53 黑胜 loss=26.6748 temp=0.25 total_env_steps=15024 t=0.06s
Ep  315: len= 33 黑胜 loss=26.7911 temp=0.25 total_env_steps=15057 t=0.05s
Ep  316: len= 27 黑胜 loss=25.9613 temp=0.25 total_env_steps=15084 t=0.05s
Ep  317: len= 21 黑胜 loss=25.6071 temp=0.25 total_env_steps=15105 t=0.05s
Ep  318: len= 46 白胜 loss=25.3359 temp=0.25 total_env_steps=15151 t=0.05s
Ep  319: len= 68 白胜 loss=25.8876 temp=0.25 total_env_steps=15219 t=0.07s
Ep  320: len= 23 黑胜 loss=26.0733 temp=0.25 total_env_steps=15242 t=0.04s
Ep  321: len= 60 白胜 loss=25.7030 temp=0.25 total_env_steps=15302 t=0.06s
Ep  322: len= 45 黑胜 loss=25.8039 temp=0.25 total_env_steps=15347 t=0.05s
Ep  323: len= 55 黑胜 loss=25.8266 temp=0.25 total_env_steps=15402 t=0.06s
Ep  324: len= 73 黑胜 loss=26.2292 temp=0.25 total_env_steps=15475 t=0.07s
Ep  325: len= 31 黑胜 loss=26.4468 temp=0.25 total_env_steps=15506 t=0.05s
Ep  326: len= 50 白胜 loss=25.8090 temp=0.25 total_env_steps=15556 t=0.06s
Ep  327: len= 42 白胜 loss=26.3239 temp=0.25 total_env_steps=15598 t=0.05s
Ep  328: len= 44 白胜 loss=25.9739 temp=0.25 total_env_steps=15642 t=0.05s
Ep  329: len= 40 白胜 loss=25.4413 temp=0.25 total_env_steps=15682 t=0.05s
Ep  330: len= 28 白胜 loss=26.1939 temp=0.25 total_env_steps=15710 t=0.05s
Ep  331: len= 64 白胜 loss=25.3956 temp=0.25 total_env_steps=15774 t=0.06s
Ep  332: len= 32 白胜 loss=26.1089 temp=0.25 total_env_steps=15806 t=0.05s
Ep  333: len= 81 平局 loss=26.2905 temp=0.25 total_env_steps=15887 t=0.07s
Ep  334: len= 39 黑胜 loss=25.5097 temp=0.25 total_env_steps=15926 t=0.05s
Ep  335: len= 49 黑胜 loss=25.7678 temp=0.25 total_env_steps=15975 t=0.05s
Ep  336: len= 42 白胜 loss=26.3659 temp=0.25 total_env_steps=16017 t=0.05s
Ep  337: len= 32 白胜 loss=25.4060 temp=0.25 total_env_steps=16049 t=0.04s
Ep  338: len= 41 黑胜 loss=25.6481 temp=0.25 total_env_steps=16090 t=0.05s
Ep  339: len= 45 黑胜 loss=25.5553 temp=0.25 total_env_steps=16135 t=0.05s
Ep  340: len= 72 白胜 loss=25.8920 temp=0.25 total_env_steps=16207 t=0.06s
Ep  341: len= 28 白胜 loss=25.4285 temp=0.25 total_env_steps=16235 t=0.04s
Ep  342: len= 38 白胜 loss=26.4809 temp=0.25 total_env_steps=16273 t=0.05s
Ep  343: len= 46 白胜 loss=26.2074 temp=0.25 total_env_steps=16319 t=0.05s
Ep  344: len= 40 白胜 loss=25.8106 temp=0.25 total_env_steps=16359 t=0.05s
Ep  345: len= 44 白胜 loss=26.1162 temp=0.25 total_env_steps=16403 t=0.05s
Ep  346: len= 21 黑胜 loss=25.9583 temp=0.25 total_env_steps=16424 t=0.04s
Ep  347: len= 18 白胜 loss=26.4744 temp=0.25 total_env_steps=16442 t=0.04s
Ep  348: len= 27 黑胜 loss=25.9692 temp=0.25 total_env_steps=16469 t=0.04s
Ep  349: len= 31 黑胜 loss=25.9078 temp=0.25 total_env_steps=16500 t=0.05s
Ep  350: len= 40 白胜 loss=25.6184 temp=0.25 total_env_steps=16540 t=0.05s
  eval vs Gomoku-random-v0: win_rate=0.95 mean_return=0.90（20 局，total_env_steps=16540）
Ep  351: len= 49 黑胜 loss=24.9620 temp=0.25 total_env_steps=16589 t=0.06s
Ep  352: len= 29 黑胜 loss=25.6291 temp=0.25 total_env_steps=16618 t=0.05s
Ep  353: len= 43 黑胜 loss=26.1833 temp=0.25 total_env_steps=16661 t=0.05s
Ep  354: len= 59 黑胜 loss=25.5249 temp=0.25 total_env_steps=16720 t=0.06s
Ep  355: len= 27 黑胜 loss=25.6107 temp=0.25 total_env_steps=16747 t=0.05s
Ep  356: len= 41 黑胜 loss=25.9851 temp=0.25 total_env_steps=16788 t=0.05s
Ep  357: len= 33 黑胜 loss=25.1162 temp=0.25 total_env_steps=16821 t=0.04s
Ep  358: len= 59 黑胜 loss=25.9230 temp=0.25 total_env_steps=16880 t=0.06s
Ep  359: len= 18 白胜 loss=24.9982 temp=0.25 total_env_steps=16898 t=0.04s
Ep  360: len= 38 白胜 loss=25.4058 temp=0.25 total_env_steps=16936 t=0.05s
Ep  361: len= 35 黑胜 loss=25.1860 temp=0.25 total_env_steps=16971 t=0.05s
Ep  362: len= 21 黑胜 loss=24.8996 temp=0.25 total_env_steps=16992 t=0.04s
Ep  363: len= 26 白胜 loss=25.4128 temp=0.25 total_env_steps=17018 t=0.04s
Ep  364: len= 46 白胜 loss=25.8500 temp=0.25 total_env_steps=17064 t=0.05s
Ep  365: len= 61 黑胜 loss=25.4229 temp=0.25 total_env_steps=17125 t=0.06s
Ep  366: len= 51 黑胜 loss=25.4995 temp=0.25 total_env_steps=17176 t=0.05s
Ep  367: len= 48 白胜 loss=26.2962 temp=0.25 total_env_steps=17224 t=0.05s
Ep  368: len= 27 黑胜 loss=25.3340 temp=0.25 total_env_steps=17251 t=0.04s
Ep  369: len= 30 白胜 loss=25.8424 temp=0.25 total_env_steps=17281 t=0.04s
Ep  370: len= 49 黑胜 loss=25.2137 temp=0.25 total_env_steps=17330 t=0.05s
Ep  371: len= 34 白胜 loss=25.5665 temp=0.25 total_env_steps=17364 t=0.05s
Ep  372: len= 36 白胜 loss=25.6975 temp=0.25 total_env_steps=17400 t=0.06s
Ep  373: len= 46 白胜 loss=25.4933 temp=0.25 total_env_steps=17446 t=0.06s
Ep  374: len= 46 白胜 loss=25.2740 temp=0.25 total_env_steps=17492 t=0.05s
Ep  375: len= 55 黑胜 loss=25.4123 temp=0.25 total_env_steps=17547 t=0.06s
Ep  376: len= 57 黑胜 loss=25.9757 temp=0.25 total_env_steps=17604 t=0.06s
Ep  377: len= 25 黑胜 loss=25.3275 temp=0.25 total_env_steps=17629 t=0.04s
Ep  378: len= 35 黑胜 loss=25.6707 temp=0.25 total_env_steps=17664 t=0.05s
Ep  379: len= 36 白胜 loss=25.4012 temp=0.25 total_env_steps=17700 t=0.05s
Ep  380: len= 32 白胜 loss=25.1997 temp=0.25 total_env_steps=17732 t=0.04s
Ep  381: len= 49 黑胜 loss=25.4106 temp=0.25 total_env_steps=17781 t=0.06s
Ep  382: len= 56 白胜 loss=25.7421 temp=0.25 total_env_steps=17837 t=0.06s
Ep  383: len= 33 黑胜 loss=26.0283 temp=0.25 total_env_steps=17870 t=0.05s
Ep  384: len= 24 白胜 loss=24.9660 temp=0.25 total_env_steps=17894 t=0.04s
Ep  385: len= 55 黑胜 loss=26.1795 temp=0.25 total_env_steps=17949 t=0.06s
Ep  386: len= 21 黑胜 loss=25.6840 temp=0.25 total_env_steps=17970 t=0.04s
Ep  387: len= 56 白胜 loss=25.1940 temp=0.25 total_env_steps=18026 t=0.06s
Ep  388: len= 62 白胜 loss=25.3394 temp=0.25 total_env_steps=18088 t=0.07s
Ep  389: len= 54 白胜 loss=25.3409 temp=0.25 total_env_steps=18142 t=0.06s
Ep  390: len= 67 黑胜 loss=25.0246 temp=0.25 total_env_steps=18209 t=0.06s
Ep  391: len= 67 黑胜 loss=25.1645 temp=0.25 total_env_steps=18276 t=0.07s
Ep  392: len= 41 黑胜 loss=25.7548 temp=0.25 total_env_steps=18317 t=0.06s
Ep  393: len= 56 白胜 loss=25.1980 temp=0.25 total_env_steps=18373 t=0.06s
Ep  394: len= 32 白胜 loss=26.4622 temp=0.25 total_env_steps=18405 t=0.05s
Ep  395: len= 27 黑胜 loss=25.2843 temp=0.25 total_env_steps=18432 t=0.04s
Ep  396: len= 41 黑胜 loss=25.1803 temp=0.25 total_env_steps=18473 t=0.05s
Ep  397: len= 24 白胜 loss=24.3306 temp=0.25 total_env_steps=18497 t=0.04s
Ep  398: len= 50 白胜 loss=25.9406 temp=0.25 total_env_steps=18547 t=0.06s
Ep  399: len= 19 黑胜 loss=24.9685 temp=0.25 total_env_steps=18566 t=0.11s
Ep  400: len= 39 黑胜 loss=25.2247 temp=0.25 total_env_steps=18605 t=0.12s
  eval vs Gomoku-random-v0: win_rate=0.95 mean_return=0.90（20 局，total_env_steps=18605）
[闸门] vs random（40 局）: win_rate=0.925
[闸门] vs 半程快照（40 局，黑白各半）: score=0.975
[梯队] vs naive0（20 局，观察性）: win_rate=0.10
[梯队] vs naive1（20 局，观察性）: win_rate=0.00
[梯队] vs naive2（20 局，观察性）: win_rate=0.00
[梯队] vs naive3（20 局，观察性）: win_rate=0.00
📈 Gomoku-selfplay-v0 win_rate=0.95（best 1.00）| 门槛 0.95 | 26.6s

--- M3 arm=base_s16 汇总（base 对照见 bench 头注释）---
  seed=42 vs_random=0.875 vs_snapshot=0.925 | 梯队 naive0=0.00 naive1=0.00 naive2=0.00 naive3=0.00 | env_steps=19738 wall=27s
  seed=43 vs_random=0.975 vs_snapshot=0.900 | 梯队 naive0=0.00 naive1=0.00 naive2=0.00 naive3=0.00 | env_steps=19283 wall=27s
  seed=44 vs_random=0.925 vs_snapshot=0.975 | 梯队 naive0=0.10 naive1=0.00 naive2=0.00 naive3=0.00 | env_steps=18605 wall=27s
ok

test result: ok. 1 passed; 0 failed; 0 ignored; 0 measured; 3414 filtered out; finished in 81.00s

     Running tests\cse_dedup.rs (target\release\deps\cse_dedup-7a657e998c2a0176.exe)

running 0 tests

test result: ok. 0 passed; 0 failed; 0 ignored; 0 measured; 1 filtered out; finished in 0.00s

     Running tests\mode_invariants.rs (target\release\deps\mode_invariants-12496c59841ba5c8.exe)

running 0 tests

test result: ok. 0 passed; 0 failed; 0 ignored; 0 measured; 9 filtered out; finished in 0.00s

     Running tests\onnx_otm_load_bench.rs (target\release\deps\onnx_otm_load_bench-39da60dd6dcd2511.exe)

running 0 tests

test result: ok. 0 passed; 0 failed; 0 ignored; 0 measured; 1 filtered out; finished in 0.00s

     Running tests\yolov5_xiangqi_import.rs (target\release\deps\yolov5_xiangqi_import-5a55f6b67c0e8a85.exe)

running 0 tests

test result: ok. 0 passed; 0 failed; 0 ignored; 0 measured; 6 filtered out; finished in 0.00s

