   Compiling only_torch v0.25.0 (D:\DATA\BaiduSyncdisk\project\personal\only_torch)
    Finished `release` profile [optimized] target(s) in 1m 05s
     Running unittests src\lib.rs (target\release\deps\only_torch-45d502c1e61c3f90.exe)

running 1 test
test rl::algo::my_zero::tests::gomoku_m3_bench::gomoku_m3_cons ... 
--- arm=cons seed=42 sims=100 ---
[MyZero-board] 组件: consistency
[MyZero-board Gomoku-selfplay-v0] obs=243(3×9²) |A|=81 sims=100 γ=1.0 negamax
Ep    1: len= 52 白胜 loss=0.0000 temp=1.00 total_env_steps=52 t=0.17s
Ep    2: len= 35 黑胜 loss=0.0000 temp=1.00 total_env_steps=87 t=0.11s
Ep    3: len= 54 白胜 loss=0.0000 temp=1.00 total_env_steps=141 t=0.17s
Ep    4: len= 58 白胜 loss=0.0000 temp=1.00 total_env_steps=199 t=0.17s
Ep    5: len= 57 黑胜 loss=0.0000 temp=1.00 total_env_steps=256 t=0.18s
Ep    6: len= 67 黑胜 loss=0.0000 temp=1.00 total_env_steps=323 t=0.22s
Ep    7: len= 35 黑胜 loss=0.0000 temp=1.00 total_env_steps=358 t=0.12s
Ep    8: len= 73 黑胜 loss=0.0000 temp=1.00 total_env_steps=431 t=0.22s
Ep    9: len= 43 黑胜 loss=0.0000 temp=1.00 total_env_steps=474 t=0.13s
Ep   10: len= 59 黑胜 loss=32.6870 temp=1.00 total_env_steps=533 t=0.21s
Ep   11: len= 39 黑胜 loss=20.2114 temp=1.00 total_env_steps=572 t=0.13s
Ep   12: len= 37 黑胜 loss=20.1951 temp=1.00 total_env_steps=609 t=0.14s
Ep   13: len= 30 白胜 loss=19.5004 temp=1.00 total_env_steps=639 t=0.21s
Ep   14: len= 40 白胜 loss=19.1269 temp=1.00 total_env_steps=679 t=0.15s
Ep   15: len= 32 白胜 loss=19.3170 temp=1.00 total_env_steps=711 t=0.13s
Ep   16: len= 69 黑胜 loss=18.9645 temp=1.00 total_env_steps=780 t=0.24s
Ep   17: len= 48 白胜 loss=19.5881 temp=1.00 total_env_steps=828 t=0.15s
Ep   18: len= 58 白胜 loss=18.7634 temp=1.00 total_env_steps=886 t=0.19s
Ep   19: len= 67 黑胜 loss=18.9840 temp=1.00 total_env_steps=953 t=0.26s
Ep   20: len= 44 白胜 loss=18.8271 temp=1.00 total_env_steps=997 t=0.17s
Ep   21: len= 36 白胜 loss=19.3485 temp=1.00 total_env_steps=1033 t=0.15s
Ep   22: len= 62 白胜 loss=18.2865 temp=1.00 total_env_steps=1095 t=0.21s
Ep   23: len= 48 白胜 loss=19.5696 temp=1.00 total_env_steps=1143 t=0.15s
Ep   24: len= 62 白胜 loss=18.8617 temp=1.00 total_env_steps=1205 t=0.20s
Ep   25: len= 63 黑胜 loss=18.9839 temp=1.00 total_env_steps=1268 t=0.21s
Ep   26: len= 36 白胜 loss=18.5070 temp=1.00 total_env_steps=1304 t=0.13s
Ep   27: len= 61 黑胜 loss=18.7199 temp=1.00 total_env_steps=1365 t=0.19s
Ep   28: len= 31 黑胜 loss=19.0681 temp=1.00 total_env_steps=1396 t=0.11s
Ep   29: len= 54 白胜 loss=18.7785 temp=1.00 total_env_steps=1450 t=0.17s
Ep   30: len= 59 黑胜 loss=18.5421 temp=1.00 total_env_steps=1509 t=0.20s
Ep   31: len= 56 白胜 loss=18.4089 temp=1.00 total_env_steps=1565 t=0.18s
Ep   32: len= 59 黑胜 loss=19.2801 temp=1.00 total_env_steps=1624 t=0.18s
Ep   33: len= 35 黑胜 loss=18.3063 temp=1.00 total_env_steps=1659 t=0.12s
Ep   34: len= 41 黑胜 loss=19.1144 temp=1.00 total_env_steps=1700 t=0.13s
Ep   35: len= 59 黑胜 loss=19.5987 temp=1.00 total_env_steps=1759 t=0.19s
Ep   36: len= 32 白胜 loss=18.4911 temp=1.00 total_env_steps=1791 t=0.12s
Ep   37: len= 53 黑胜 loss=18.6514 temp=1.00 total_env_steps=1844 t=0.19s
Ep   38: len= 68 白胜 loss=19.2152 temp=1.00 total_env_steps=1912 t=0.24s
Ep   39: len= 31 黑胜 loss=18.7214 temp=1.00 total_env_steps=1943 t=0.11s
Ep   40: len= 55 黑胜 loss=19.8392 temp=1.00 total_env_steps=1998 t=0.22s
Ep   41: len= 46 白胜 loss=19.1472 temp=1.00 total_env_steps=2044 t=0.16s
Ep   42: len= 29 黑胜 loss=18.6970 temp=1.00 total_env_steps=2073 t=0.11s
Ep   43: len= 48 白胜 loss=19.1497 temp=1.00 total_env_steps=2121 t=0.16s
Ep   44: len= 52 白胜 loss=19.2514 temp=1.00 total_env_steps=2173 t=0.17s
Ep   45: len= 54 白胜 loss=18.3755 temp=1.00 total_env_steps=2227 t=0.16s
Ep   46: len= 65 黑胜 loss=18.7326 temp=1.00 total_env_steps=2292 t=0.21s
Ep   47: len= 57 黑胜 loss=18.9770 temp=1.00 total_env_steps=2349 t=0.18s
Ep   48: len= 58 白胜 loss=19.2775 temp=1.00 total_env_steps=2407 t=0.19s
Ep   49: len= 49 黑胜 loss=18.4260 temp=1.00 total_env_steps=2456 t=0.15s
Ep   50: len= 64 白胜 loss=18.9282 temp=1.00 total_env_steps=2520 t=0.20s
  eval vs Gomoku-random-v0: win_rate=0.70 mean_return=0.40（20 局，total_env_steps=2520）
Ep   51: len= 57 黑胜 loss=18.6889 temp=1.00 total_env_steps=2577 t=0.20s
Ep   52: len= 55 黑胜 loss=19.1414 temp=1.00 total_env_steps=2632 t=0.19s
Ep   53: len= 50 白胜 loss=18.9446 temp=1.00 total_env_steps=2682 t=0.16s
Ep   54: len= 38 白胜 loss=19.6148 temp=1.00 total_env_steps=2720 t=0.13s
Ep   55: len= 42 白胜 loss=19.1476 temp=1.00 total_env_steps=2762 t=0.14s
Ep   56: len= 26 白胜 loss=19.0159 temp=1.00 total_env_steps=2788 t=0.10s
Ep   57: len= 57 黑胜 loss=18.9958 temp=1.00 total_env_steps=2845 t=0.19s
Ep   58: len= 54 白胜 loss=19.4213 temp=1.00 total_env_steps=2899 t=0.18s
Ep   59: len= 56 白胜 loss=18.8945 temp=1.00 total_env_steps=2955 t=0.17s
Ep   60: len= 49 黑胜 loss=18.5321 temp=1.00 total_env_steps=3004 t=0.15s
Ep   61: len= 50 白胜 loss=18.2165 temp=1.00 total_env_steps=3054 t=0.16s
Ep   62: len= 62 白胜 loss=18.4715 temp=1.00 total_env_steps=3116 t=0.18s
Ep   63: len= 60 白胜 loss=18.8404 temp=1.00 total_env_steps=3176 t=0.18s
Ep   64: len= 56 白胜 loss=19.1075 temp=1.00 total_env_steps=3232 t=0.18s
Ep   65: len= 43 黑胜 loss=18.3916 temp=1.00 total_env_steps=3275 t=0.14s
Ep   66: len= 35 黑胜 loss=18.2634 temp=1.00 total_env_steps=3310 t=0.11s
Ep   67: len= 56 白胜 loss=18.6994 temp=1.00 total_env_steps=3366 t=0.16s
Ep   68: len= 48 白胜 loss=18.1568 temp=1.00 total_env_steps=3414 t=0.15s
Ep   69: len= 44 白胜 loss=18.4154 temp=1.00 total_env_steps=3458 t=0.13s
Ep   70: len= 52 白胜 loss=18.3838 temp=1.00 total_env_steps=3510 t=0.16s
Ep   71: len= 60 白胜 loss=19.3964 temp=1.00 total_env_steps=3570 t=0.18s
Ep   72: len= 44 白胜 loss=19.0686 temp=1.00 total_env_steps=3614 t=0.14s
Ep   73: len= 32 白胜 loss=19.8353 temp=1.00 total_env_steps=3646 t=0.12s
Ep   74: len= 53 黑胜 loss=18.3242 temp=1.00 total_env_steps=3699 t=0.16s
Ep   75: len= 53 黑胜 loss=19.6840 temp=1.00 total_env_steps=3752 t=0.18s
Ep   76: len= 35 黑胜 loss=18.8378 temp=1.00 total_env_steps=3787 t=0.11s
Ep   77: len= 32 白胜 loss=19.8325 temp=1.00 total_env_steps=3819 t=0.12s
Ep   78: len= 65 黑胜 loss=19.0623 temp=1.00 total_env_steps=3884 t=0.19s
Ep   79: len= 37 黑胜 loss=19.7962 temp=1.00 total_env_steps=3921 t=0.12s
Ep   80: len= 40 白胜 loss=18.0595 temp=1.00 total_env_steps=3961 t=0.12s
Ep   81: len= 51 黑胜 loss=18.4786 temp=1.00 total_env_steps=4012 t=0.16s
Ep   82: len= 48 白胜 loss=19.3117 temp=1.00 total_env_steps=4060 t=0.17s
Ep   83: len= 70 白胜 loss=18.4261 temp=1.00 total_env_steps=4130 t=0.20s
Ep   84: len= 62 白胜 loss=18.8079 temp=1.00 total_env_steps=4192 t=0.18s
Ep   85: len= 59 黑胜 loss=19.2339 temp=1.00 total_env_steps=4251 t=0.18s
Ep   86: len= 48 白胜 loss=18.6075 temp=1.00 total_env_steps=4299 t=0.17s
Ep   87: len= 38 白胜 loss=19.1650 temp=1.00 total_env_steps=4337 t=0.13s
Ep   88: len= 37 黑胜 loss=18.9732 temp=1.00 total_env_steps=4374 t=0.12s
Ep   89: len= 55 黑胜 loss=18.5025 temp=1.00 total_env_steps=4429 t=0.16s
Ep   90: len= 80 白胜 loss=18.6692 temp=1.00 total_env_steps=4509 t=0.23s
Ep   91: len= 45 黑胜 loss=18.5333 temp=1.00 total_env_steps=4554 t=0.14s
Ep   92: len= 56 白胜 loss=18.6740 temp=1.00 total_env_steps=4610 t=0.17s
Ep   93: len= 47 黑胜 loss=18.6401 temp=1.00 total_env_steps=4657 t=0.15s
Ep   94: len= 42 白胜 loss=18.5536 temp=1.00 total_env_steps=4699 t=0.13s
Ep   95: len= 40 白胜 loss=18.5753 temp=1.00 total_env_steps=4739 t=0.13s
Ep   96: len= 31 黑胜 loss=17.9376 temp=1.00 total_env_steps=4770 t=0.10s
Ep   97: len= 25 黑胜 loss=18.1426 temp=1.00 total_env_steps=4795 t=0.08s
Ep   98: len= 30 白胜 loss=17.8163 temp=1.00 total_env_steps=4825 t=0.09s
Ep   99: len= 44 白胜 loss=18.2175 temp=1.00 total_env_steps=4869 t=0.13s
Ep  100: len= 39 黑胜 loss=18.8988 temp=1.00 total_env_steps=4908 t=0.13s
  eval vs Gomoku-random-v0: win_rate=0.85 mean_return=0.70（20 局，total_env_steps=4908）
Ep  101: len= 23 黑胜 loss=18.4211 temp=1.00 total_env_steps=4931 t=0.08s
Ep  102: len= 53 黑胜 loss=18.2454 temp=0.99 total_env_steps=4984 t=0.17s
Ep  103: len= 33 黑胜 loss=18.3658 temp=0.99 total_env_steps=5017 t=0.11s
Ep  104: len= 59 黑胜 loss=18.0029 temp=0.98 total_env_steps=5076 t=0.19s
Ep  105: len= 38 白胜 loss=18.3083 temp=0.97 total_env_steps=5114 t=0.13s
Ep  106: len= 57 黑胜 loss=17.9288 temp=0.96 total_env_steps=5171 t=0.19s
Ep  107: len= 49 黑胜 loss=17.9646 temp=0.95 total_env_steps=5220 t=0.16s
Ep  108: len= 39 黑胜 loss=18.3025 temp=0.95 total_env_steps=5259 t=0.13s
Ep  109: len= 43 黑胜 loss=17.8915 temp=0.94 total_env_steps=5302 t=0.15s
Ep  110: len= 17 黑胜 loss=18.8401 temp=0.93 total_env_steps=5319 t=0.08s
Ep  111: len= 53 黑胜 loss=18.9524 temp=0.93 total_env_steps=5372 t=0.17s
Ep  112: len= 51 黑胜 loss=18.5247 temp=0.92 total_env_steps=5423 t=0.15s
Ep  113: len= 53 黑胜 loss=18.0420 temp=0.91 total_env_steps=5476 t=0.16s
Ep  114: len= 31 黑胜 loss=18.4761 temp=0.90 total_env_steps=5507 t=0.11s
Ep  115: len= 45 黑胜 loss=19.0287 temp=0.89 total_env_steps=5552 t=0.15s
Ep  116: len= 67 黑胜 loss=18.3985 temp=0.89 total_env_steps=5619 t=0.21s
Ep  117: len= 45 黑胜 loss=18.1153 temp=0.88 total_env_steps=5664 t=0.16s
Ep  118: len= 54 白胜 loss=18.4187 temp=0.87 total_env_steps=5718 t=0.18s
Ep  119: len= 31 黑胜 loss=18.6503 temp=0.87 total_env_steps=5749 t=0.11s
Ep  120: len= 40 白胜 loss=17.9450 temp=0.86 total_env_steps=5789 t=0.12s
Ep  121: len= 31 黑胜 loss=18.5890 temp=0.85 total_env_steps=5820 t=0.10s
Ep  122: len= 27 黑胜 loss=18.2279 temp=0.84 total_env_steps=5847 t=0.09s
Ep  123: len= 51 黑胜 loss=18.5533 temp=0.84 total_env_steps=5898 t=0.16s
Ep  124: len= 68 白胜 loss=18.4170 temp=0.83 total_env_steps=5966 t=0.20s
Ep  125: len= 40 白胜 loss=18.0675 temp=0.82 total_env_steps=6006 t=0.12s
Ep  126: len= 59 黑胜 loss=18.3665 temp=0.81 total_env_steps=6065 t=0.17s
Ep  127: len= 45 黑胜 loss=18.0845 temp=0.81 total_env_steps=6110 t=0.13s
Ep  128: len= 54 白胜 loss=17.7361 temp=0.80 total_env_steps=6164 t=0.16s
Ep  129: len= 34 白胜 loss=18.2006 temp=0.79 total_env_steps=6198 t=0.11s
Ep  130: len= 59 黑胜 loss=19.0339 temp=0.78 total_env_steps=6257 t=0.17s
Ep  131: len= 31 黑胜 loss=18.6697 temp=0.77 total_env_steps=6288 t=0.10s
Ep  132: len= 33 黑胜 loss=18.2641 temp=0.77 total_env_steps=6321 t=0.11s
Ep  133: len= 45 黑胜 loss=18.0872 temp=0.76 total_env_steps=6366 t=0.14s
Ep  134: len= 67 黑胜 loss=17.4935 temp=0.75 total_env_steps=6433 t=0.18s
Ep  135: len= 35 黑胜 loss=18.3931 temp=0.75 total_env_steps=6468 t=0.11s
Ep  136: len= 60 白胜 loss=18.6634 temp=0.74 total_env_steps=6528 t=0.17s
Ep  137: len= 39 黑胜 loss=17.7371 temp=0.73 total_env_steps=6567 t=0.12s
Ep  138: len= 60 白胜 loss=18.2639 temp=0.72 total_env_steps=6627 t=0.19s
Ep  139: len= 66 白胜 loss=17.5223 temp=0.72 total_env_steps=6693 t=0.19s
Ep  140: len= 58 白胜 loss=18.7495 temp=0.71 total_env_steps=6751 t=0.17s
Ep  141: len= 56 白胜 loss=17.9783 temp=0.70 total_env_steps=6807 t=0.17s
Ep  142: len= 38 白胜 loss=17.9879 temp=0.69 total_env_steps=6845 t=0.12s
Ep  143: len= 51 黑胜 loss=18.9506 temp=0.69 total_env_steps=6896 t=0.16s
Ep  144: len= 39 黑胜 loss=18.4507 temp=0.68 total_env_steps=6935 t=0.13s
Ep  145: len= 58 白胜 loss=18.3593 temp=0.67 total_env_steps=6993 t=0.18s
Ep  146: len= 65 黑胜 loss=18.3925 temp=0.66 total_env_steps=7058 t=0.20s
Ep  147: len= 29 黑胜 loss=18.3950 temp=0.65 total_env_steps=7087 t=0.10s
Ep  148: len= 28 白胜 loss=18.1924 temp=0.65 total_env_steps=7115 t=0.09s
Ep  149: len= 28 白胜 loss=17.8726 temp=0.64 total_env_steps=7143 t=0.10s
Ep  150: len= 69 黑胜 loss=18.6633 temp=0.63 total_env_steps=7212 t=0.22s
  eval vs Gomoku-random-v0: win_rate=0.80 mean_return=0.60（20 局，total_env_steps=7212）
Ep  151: len= 63 黑胜 loss=18.3472 temp=0.62 total_env_steps=7275 t=0.20s
Ep  152: len= 63 黑胜 loss=17.8903 temp=0.62 total_env_steps=7338 t=0.20s
Ep  153: len= 36 白胜 loss=17.9968 temp=0.61 total_env_steps=7374 t=0.12s
Ep  154: len= 57 黑胜 loss=18.0681 temp=0.60 total_env_steps=7431 t=0.18s
Ep  155: len= 44 白胜 loss=18.4924 temp=0.59 total_env_steps=7475 t=0.15s
Ep  156: len= 59 黑胜 loss=17.7655 temp=0.59 total_env_steps=7534 t=0.17s
Ep  157: len= 42 白胜 loss=18.3861 temp=0.58 total_env_steps=7576 t=0.14s
Ep  158: len= 54 白胜 loss=18.1413 temp=0.57 total_env_steps=7630 t=0.16s
Ep  159: len= 57 黑胜 loss=18.6140 temp=0.56 total_env_steps=7687 t=0.17s
Ep  160: len= 43 黑胜 loss=19.0356 temp=0.56 total_env_steps=7730 t=0.14s
Ep  161: len= 50 白胜 loss=18.8698 temp=0.55 total_env_steps=7780 t=0.17s
Ep  162: len= 34 白胜 loss=18.6787 temp=0.54 total_env_steps=7814 t=0.11s
Ep  163: len= 39 黑胜 loss=18.1841 temp=0.53 total_env_steps=7853 t=0.12s
Ep  164: len= 61 黑胜 loss=17.6253 temp=0.53 total_env_steps=7914 t=0.17s
Ep  165: len= 21 黑胜 loss=18.2486 temp=0.52 total_env_steps=7935 t=0.08s
Ep  166: len= 32 白胜 loss=18.9249 temp=0.51 total_env_steps=7967 t=0.12s
Ep  167: len= 39 黑胜 loss=18.4892 temp=0.50 total_env_steps=8006 t=0.13s
Ep  168: len= 41 黑胜 loss=18.5722 temp=0.50 total_env_steps=8047 t=0.13s
Ep  169: len= 29 黑胜 loss=18.5217 temp=0.49 total_env_steps=8076 t=0.11s
Ep  170: len= 44 白胜 loss=18.7878 temp=0.48 total_env_steps=8120 t=0.15s
Ep  171: len= 39 黑胜 loss=18.4993 temp=0.48 total_env_steps=8159 t=0.13s
Ep  172: len= 46 白胜 loss=18.7819 temp=0.47 total_env_steps=8205 t=0.13s
Ep  173: len= 36 白胜 loss=18.0853 temp=0.46 total_env_steps=8241 t=0.11s
Ep  174: len= 34 白胜 loss=18.2458 temp=0.45 total_env_steps=8275 t=0.11s
Ep  175: len= 45 黑胜 loss=18.1892 temp=0.44 total_env_steps=8320 t=0.14s
Ep  176: len= 48 白胜 loss=18.4672 temp=0.44 total_env_steps=8368 t=0.15s
Ep  177: len= 41 黑胜 loss=18.1831 temp=0.43 total_env_steps=8409 t=0.14s
Ep  178: len= 55 黑胜 loss=18.0282 temp=0.42 total_env_steps=8464 t=0.16s
Ep  179: len= 34 白胜 loss=19.0033 temp=0.42 total_env_steps=8498 t=0.12s
Ep  180: len= 41 黑胜 loss=18.0693 temp=0.41 total_env_steps=8539 t=0.12s
Ep  181: len= 33 黑胜 loss=18.1773 temp=0.40 total_env_steps=8572 t=0.10s
Ep  182: len= 68 白胜 loss=17.9675 temp=0.39 total_env_steps=8640 t=0.19s
Ep  183: len= 30 白胜 loss=18.9981 temp=0.38 total_env_steps=8670 t=0.11s
Ep  184: len= 33 黑胜 loss=18.0351 temp=0.38 total_env_steps=8703 t=0.10s
Ep  185: len= 59 黑胜 loss=18.1198 temp=0.37 total_env_steps=8762 t=0.18s
Ep  186: len= 43 黑胜 loss=17.5398 temp=0.36 total_env_steps=8805 t=0.13s
Ep  187: len= 48 白胜 loss=18.3104 temp=0.36 total_env_steps=8853 t=0.15s
Ep  188: len= 34 白胜 loss=18.2942 temp=0.35 total_env_steps=8887 t=0.11s
Ep  189: len= 28 白胜 loss=18.4579 temp=0.34 total_env_steps=8915 t=0.10s
Ep  190: len= 49 黑胜 loss=18.5515 temp=0.33 total_env_steps=8964 t=0.15s
Ep  191: len= 40 白胜 loss=18.0214 temp=0.33 total_env_steps=9004 t=0.13s
Ep  192: len= 64 白胜 loss=19.0289 temp=0.32 total_env_steps=9068 t=0.20s
Ep  193: len= 48 白胜 loss=18.0893 temp=0.31 total_env_steps=9116 t=0.15s
Ep  194: len= 54 白胜 loss=18.6911 temp=0.30 total_env_steps=9170 t=0.17s
Ep  195: len= 37 黑胜 loss=18.2283 temp=0.30 total_env_steps=9207 t=0.12s
Ep  196: len= 36 白胜 loss=18.5383 temp=0.29 total_env_steps=9243 t=0.12s
Ep  197: len= 55 黑胜 loss=18.7968 temp=0.28 total_env_steps=9298 t=0.17s
Ep  198: len= 41 黑胜 loss=18.2894 temp=0.27 total_env_steps=9339 t=0.14s
Ep  199: len= 49 黑胜 loss=18.5569 temp=0.26 total_env_steps=9388 t=0.17s
Ep  200: len= 30 白胜 loss=18.1966 temp=0.26 total_env_steps=9418 t=0.13s
  eval vs Gomoku-random-v0: win_rate=0.80 mean_return=0.60（20 局，total_env_steps=9418）
  📸 已拍权重快照（ep=200，gating 对弈基准）
Ep  201: len= 57 黑胜 loss=18.3471 temp=0.25 total_env_steps=9475 t=0.18s
Ep  202: len= 26 白胜 loss=18.4937 temp=0.25 total_env_steps=9501 t=0.10s
Ep  203: len= 47 黑胜 loss=18.6403 temp=0.25 total_env_steps=9548 t=0.17s
Ep  204: len= 46 白胜 loss=18.7576 temp=0.25 total_env_steps=9594 t=0.15s
Ep  205: len= 27 黑胜 loss=18.9050 temp=0.25 total_env_steps=9621 t=0.10s
Ep  206: len= 14 白胜 loss=19.5649 temp=0.25 total_env_steps=9635 t=0.07s
Ep  207: len= 37 黑胜 loss=18.2997 temp=0.25 total_env_steps=9672 t=0.13s
Ep  208: len= 42 白胜 loss=18.0477 temp=0.25 total_env_steps=9714 t=0.13s
Ep  209: len= 45 黑胜 loss=18.8189 temp=0.25 total_env_steps=9759 t=0.14s
Ep  210: len= 26 白胜 loss=18.2837 temp=0.25 total_env_steps=9785 t=0.09s
Ep  211: len= 40 白胜 loss=19.1490 temp=0.25 total_env_steps=9825 t=0.14s
Ep  212: len= 60 白胜 loss=18.5263 temp=0.25 total_env_steps=9885 t=0.18s
Ep  213: len= 28 白胜 loss=18.0318 temp=0.25 total_env_steps=9913 t=0.10s
Ep  214: len= 55 黑胜 loss=18.4906 temp=0.25 total_env_steps=9968 t=0.17s
Ep  215: len= 55 黑胜 loss=18.1848 temp=0.25 total_env_steps=10023 t=0.17s
Ep  216: len= 39 黑胜 loss=18.1812 temp=0.25 total_env_steps=10062 t=0.13s
Ep  217: len= 52 白胜 loss=18.9482 temp=0.25 total_env_steps=10114 t=0.17s
Ep  218: len= 55 黑胜 loss=18.5598 temp=0.25 total_env_steps=10169 t=0.17s
Ep  219: len= 49 黑胜 loss=18.5864 temp=0.25 total_env_steps=10218 t=0.16s
Ep  220: len= 47 黑胜 loss=18.4861 temp=0.25 total_env_steps=10265 t=0.15s
Ep  221: len= 19 黑胜 loss=17.8788 temp=0.25 total_env_steps=10284 t=0.08s
Ep  222: len= 23 黑胜 loss=18.0931 temp=0.25 total_env_steps=10307 t=0.09s
Ep  223: len= 41 黑胜 loss=18.9242 temp=0.25 total_env_steps=10348 t=0.14s
Ep  224: len= 47 黑胜 loss=18.3675 temp=0.25 total_env_steps=10395 t=0.15s
Ep  225: len= 48 白胜 loss=18.0184 temp=0.25 total_env_steps=10443 t=0.16s
Ep  226: len= 25 黑胜 loss=18.8498 temp=0.25 total_env_steps=10468 t=0.10s
Ep  227: len= 62 白胜 loss=18.1547 temp=0.25 total_env_steps=10530 t=0.18s
Ep  228: len= 81 平局 loss=17.9903 temp=0.25 total_env_steps=10611 t=0.23s
Ep  229: len= 26 白胜 loss=18.3316 temp=0.25 total_env_steps=10637 t=0.10s
Ep  230: len= 51 黑胜 loss=18.3390 temp=0.25 total_env_steps=10688 t=0.17s
Ep  231: len= 47 黑胜 loss=18.0548 temp=0.25 total_env_steps=10735 t=0.16s
Ep  232: len= 41 黑胜 loss=18.0305 temp=0.25 total_env_steps=10776 t=0.14s
Ep  233: len= 23 黑胜 loss=17.9191 temp=0.25 total_env_steps=10799 t=0.10s
Ep  234: len= 38 白胜 loss=17.9371 temp=0.25 total_env_steps=10837 t=0.13s
Ep  235: len= 31 黑胜 loss=18.0348 temp=0.25 total_env_steps=10868 t=0.10s
Ep  236: len= 46 白胜 loss=18.1545 temp=0.25 total_env_steps=10914 t=0.15s
Ep  237: len= 35 黑胜 loss=18.7491 temp=0.25 total_env_steps=10949 t=0.13s
Ep  238: len= 48 白胜 loss=18.8413 temp=0.25 total_env_steps=10997 t=0.16s
Ep  239: len= 21 黑胜 loss=17.8229 temp=0.25 total_env_steps=11018 t=0.09s
Ep  240: len= 30 白胜 loss=18.0899 temp=0.25 total_env_steps=11048 t=0.12s
Ep  241: len= 33 黑胜 loss=17.6505 temp=0.25 total_env_steps=11081 t=0.12s
Ep  242: len= 45 黑胜 loss=17.8966 temp=0.25 total_env_steps=11126 t=0.16s
Ep  243: len= 33 黑胜 loss=17.4476 temp=0.25 total_env_steps=11159 t=0.12s
Ep  244: len= 28 白胜 loss=18.3337 temp=0.25 total_env_steps=11187 t=0.11s
Ep  245: len= 39 黑胜 loss=17.9143 temp=0.25 total_env_steps=11226 t=0.13s
Ep  246: len= 60 白胜 loss=18.3543 temp=0.25 total_env_steps=11286 t=0.20s
Ep  247: len= 39 黑胜 loss=17.6012 temp=0.25 total_env_steps=11325 t=0.14s
Ep  248: len= 41 黑胜 loss=17.7448 temp=0.25 total_env_steps=11366 t=0.15s
Ep  249: len= 65 黑胜 loss=17.9110 temp=0.25 total_env_steps=11431 t=0.20s
Ep  250: len= 22 白胜 loss=17.7211 temp=0.25 total_env_steps=11453 t=0.09s
  eval vs Gomoku-random-v0: win_rate=0.95 mean_return=0.90（20 局，total_env_steps=11453）
  ✅ 达标 ep=250 total_env_steps=11453
Ep  251: len= 61 黑胜 loss=17.9067 temp=0.25 total_env_steps=11514 t=0.18s
Ep  252: len= 51 黑胜 loss=18.1587 temp=0.25 total_env_steps=11565 t=0.16s
Ep  253: len= 27 黑胜 loss=18.3664 temp=0.25 total_env_steps=11592 t=0.11s
Ep  254: len= 41 黑胜 loss=18.2327 temp=0.25 total_env_steps=11633 t=0.14s
Ep  255: len= 66 白胜 loss=18.1522 temp=0.25 total_env_steps=11699 t=0.20s
Ep  256: len= 41 黑胜 loss=17.8956 temp=0.25 total_env_steps=11740 t=0.13s
Ep  257: len= 31 黑胜 loss=17.8920 temp=0.25 total_env_steps=11771 t=0.11s
Ep  258: len= 35 黑胜 loss=17.7974 temp=0.25 total_env_steps=11806 t=0.11s
Ep  259: len= 60 白胜 loss=17.6515 temp=0.25 total_env_steps=11866 t=0.19s
Ep  260: len= 41 黑胜 loss=17.7945 temp=0.25 total_env_steps=11907 t=0.13s
Ep  261: len= 53 黑胜 loss=18.7339 temp=0.25 total_env_steps=11960 t=0.18s
Ep  262: len= 47 黑胜 loss=18.2389 temp=0.25 total_env_steps=12007 t=0.15s
Ep  263: len= 55 黑胜 loss=18.3107 temp=0.25 total_env_steps=12062 t=0.18s
Ep  264: len= 42 白胜 loss=18.0601 temp=0.25 total_env_steps=12104 t=0.13s
Ep  265: len= 45 黑胜 loss=18.0009 temp=0.25 total_env_steps=12149 t=0.14s
Ep  266: len= 40 白胜 loss=17.8783 temp=0.25 total_env_steps=12189 t=0.15s
Ep  267: len= 57 黑胜 loss=18.4772 temp=0.25 total_env_steps=12246 t=0.19s
Ep  268: len= 55 黑胜 loss=18.2353 temp=0.25 total_env_steps=12301 t=0.22s
Ep  269: len= 39 黑胜 loss=17.1770 temp=0.25 total_env_steps=12340 t=0.16s
Ep  270: len= 41 黑胜 loss=17.7916 temp=0.25 total_env_steps=12381 t=0.15s
Ep  271: len= 57 黑胜 loss=17.4682 temp=0.25 total_env_steps=12438 t=0.18s
Ep  272: len= 47 黑胜 loss=18.3914 temp=0.25 total_env_steps=12485 t=0.17s
Ep  273: len= 39 黑胜 loss=17.5965 temp=0.25 total_env_steps=12524 t=0.15s
Ep  274: len= 46 白胜 loss=18.7149 temp=0.25 total_env_steps=12570 t=0.16s
Ep  275: len= 45 黑胜 loss=17.4937 temp=0.25 total_env_steps=12615 t=0.14s
Ep  276: len= 29 黑胜 loss=17.3575 temp=0.25 total_env_steps=12644 t=0.11s
Ep  277: len= 37 黑胜 loss=17.2472 temp=0.25 total_env_steps=12681 t=0.13s
Ep  278: len= 68 白胜 loss=18.2345 temp=0.25 total_env_steps=12749 t=0.23s
Ep  279: len= 37 黑胜 loss=17.9895 temp=0.25 total_env_steps=12786 t=0.15s
Ep  280: len= 33 黑胜 loss=17.7545 temp=0.25 total_env_steps=12819 t=0.13s
Ep  281: len= 49 黑胜 loss=17.4852 temp=0.25 total_env_steps=12868 t=0.16s
Ep  282: len= 26 白胜 loss=17.4325 temp=0.25 total_env_steps=12894 t=0.09s
Ep  283: len= 41 黑胜 loss=17.1301 temp=0.25 total_env_steps=12935 t=0.14s
Ep  284: len= 43 黑胜 loss=18.1532 temp=0.25 total_env_steps=12978 t=0.14s
Ep  285: len= 43 黑胜 loss=17.3504 temp=0.25 total_env_steps=13021 t=0.15s
Ep  286: len= 49 黑胜 loss=17.6490 temp=0.25 total_env_steps=13070 t=0.16s
Ep  287: len= 44 白胜 loss=17.2091 temp=0.25 total_env_steps=13114 t=0.16s
Ep  288: len= 35 黑胜 loss=17.8398 temp=0.25 total_env_steps=13149 t=0.12s
Ep  289: len= 59 黑胜 loss=17.2052 temp=0.25 total_env_steps=13208 t=0.21s
Ep  290: len= 51 黑胜 loss=17.5862 temp=0.25 total_env_steps=13259 t=0.18s
Ep  291: len= 74 白胜 loss=17.9389 temp=0.25 total_env_steps=13333 t=0.23s
Ep  292: len= 43 黑胜 loss=18.4946 temp=0.25 total_env_steps=13376 t=0.15s
Ep  293: len= 20 白胜 loss=17.7154 temp=0.25 total_env_steps=13396 t=0.09s
Ep  294: len= 32 白胜 loss=17.7504 temp=0.25 total_env_steps=13428 t=0.11s
Ep  295: len= 45 黑胜 loss=17.2927 temp=0.25 total_env_steps=13473 t=0.14s
Ep  296: len= 27 黑胜 loss=17.5069 temp=0.25 total_env_steps=13500 t=0.10s
Ep  297: len= 46 白胜 loss=17.2597 temp=0.25 total_env_steps=13546 t=0.16s
Ep  298: len= 37 黑胜 loss=18.2559 temp=0.25 total_env_steps=13583 t=0.13s
Ep  299: len= 37 黑胜 loss=17.0663 temp=0.25 total_env_steps=13620 t=0.13s
Ep  300: len= 44 白胜 loss=18.5642 temp=0.25 total_env_steps=13664 t=0.16s
  eval vs Gomoku-random-v0: win_rate=0.95 mean_return=0.90（20 局，total_env_steps=13664）
Ep  301: len= 17 黑胜 loss=16.5224 temp=0.25 total_env_steps=13681 t=0.08s
Ep  302: len= 53 黑胜 loss=17.8572 temp=0.25 total_env_steps=13734 t=0.16s
Ep  303: len= 44 白胜 loss=18.7052 temp=0.25 total_env_steps=13778 t=0.16s
Ep  304: len= 27 黑胜 loss=18.3432 temp=0.25 total_env_steps=13805 t=0.10s
Ep  305: len= 21 黑胜 loss=17.2577 temp=0.25 total_env_steps=13826 t=0.08s
Ep  306: len= 33 黑胜 loss=16.8391 temp=0.25 total_env_steps=13859 t=0.11s
Ep  307: len= 30 白胜 loss=16.5521 temp=0.25 total_env_steps=13889 t=0.10s
Ep  308: len= 37 黑胜 loss=17.5298 temp=0.25 total_env_steps=13926 t=0.12s
Ep  309: len= 25 黑胜 loss=16.7008 temp=0.25 total_env_steps=13951 t=0.09s
Ep  310: len= 23 黑胜 loss=16.8657 temp=0.25 total_env_steps=13974 t=0.09s
Ep  311: len= 48 白胜 loss=16.4857 temp=0.25 total_env_steps=14022 t=0.15s
Ep  312: len= 38 白胜 loss=17.3822 temp=0.25 total_env_steps=14060 t=0.13s
Ep  313: len= 67 黑胜 loss=17.7242 temp=0.25 total_env_steps=14127 t=0.20s
Ep  314: len= 45 黑胜 loss=16.5526 temp=0.25 total_env_steps=14172 t=0.15s
Ep  315: len= 37 黑胜 loss=16.3725 temp=0.25 total_env_steps=14209 t=0.12s
Ep  316: len= 23 黑胜 loss=16.9563 temp=0.25 total_env_steps=14232 t=0.09s
Ep  317: len= 53 黑胜 loss=16.2186 temp=0.25 total_env_steps=14285 t=0.16s
Ep  318: len= 41 黑胜 loss=17.3661 temp=0.25 total_env_steps=14326 t=0.14s
Ep  319: len= 62 白胜 loss=17.5815 temp=0.25 total_env_steps=14388 t=0.20s
Ep  320: len= 55 黑胜 loss=17.5292 temp=0.25 total_env_steps=14443 t=0.18s
Ep  321: len= 55 黑胜 loss=17.2642 temp=0.25 total_env_steps=14498 t=0.19s
Ep  322: len= 50 白胜 loss=17.4527 temp=0.25 total_env_steps=14548 t=0.17s
Ep  323: len= 32 白胜 loss=16.6195 temp=0.25 total_env_steps=14580 t=0.14s
Ep  324: len= 41 黑胜 loss=15.8932 temp=0.25 total_env_steps=14621 t=0.16s
Ep  325: len= 48 白胜 loss=17.7039 temp=0.25 total_env_steps=14669 t=0.19s
Ep  326: len= 40 白胜 loss=16.7024 temp=0.25 total_env_steps=14709 t=0.15s
Ep  327: len= 19 黑胜 loss=16.6508 temp=0.25 total_env_steps=14728 t=0.08s
Ep  328: len= 42 白胜 loss=16.8606 temp=0.25 total_env_steps=14770 t=0.15s
Ep  329: len= 20 白胜 loss=17.7611 temp=0.25 total_env_steps=14790 t=0.11s
Ep  330: len= 41 黑胜 loss=16.9821 temp=0.25 total_env_steps=14831 t=0.20s
Ep  331: len= 29 黑胜 loss=16.9376 temp=0.25 total_env_steps=14860 t=0.14s
Ep  332: len= 19 黑胜 loss=17.1749 temp=0.25 total_env_steps=14879 t=0.10s
Ep  333: len= 29 黑胜 loss=17.4080 temp=0.25 total_env_steps=14908 t=0.13s
Ep  334: len= 67 黑胜 loss=17.1409 temp=0.25 total_env_steps=14975 t=0.23s
Ep  335: len= 30 白胜 loss=17.0068 temp=0.25 total_env_steps=15005 t=0.12s
Ep  336: len= 36 白胜 loss=17.9528 temp=0.25 total_env_steps=15041 t=0.13s
Ep  337: len= 13 黑胜 loss=16.7112 temp=0.25 total_env_steps=15054 t=0.08s
Ep  338: len= 25 黑胜 loss=16.4089 temp=0.25 total_env_steps=15079 t=0.10s
Ep  339: len= 65 黑胜 loss=17.2335 temp=0.25 total_env_steps=15144 t=0.21s
Ep  340: len= 32 白胜 loss=17.2038 temp=0.25 total_env_steps=15176 t=0.11s
Ep  341: len= 47 黑胜 loss=16.9394 temp=0.25 total_env_steps=15223 t=0.16s
Ep  342: len= 21 黑胜 loss=16.4231 temp=0.25 total_env_steps=15244 t=0.10s
Ep  343: len= 23 黑胜 loss=15.9317 temp=0.25 total_env_steps=15267 t=0.10s
Ep  344: len= 33 黑胜 loss=16.3039 temp=0.25 total_env_steps=15300 t=0.13s
Ep  345: len= 37 黑胜 loss=15.9677 temp=0.25 total_env_steps=15337 t=0.14s
Ep  346: len= 37 黑胜 loss=17.2371 temp=0.25 total_env_steps=15374 t=0.14s
Ep  347: len= 38 白胜 loss=17.1050 temp=0.25 total_env_steps=15412 t=0.13s
Ep  348: len= 32 白胜 loss=16.9583 temp=0.25 total_env_steps=15444 t=0.11s
Ep  349: len= 49 黑胜 loss=16.3223 temp=0.25 total_env_steps=15493 t=0.16s
Ep  350: len= 30 白胜 loss=17.1532 temp=0.25 total_env_steps=15523 t=0.11s
  eval vs Gomoku-random-v0: win_rate=0.95 mean_return=0.90（20 局，total_env_steps=15523）
Ep  351: len= 43 黑胜 loss=16.1909 temp=0.25 total_env_steps=15566 t=0.14s
Ep  352: len= 27 黑胜 loss=16.1873 temp=0.25 total_env_steps=15593 t=0.11s
Ep  353: len= 43 黑胜 loss=16.9857 temp=0.25 total_env_steps=15636 t=0.16s
Ep  354: len= 17 黑胜 loss=16.3708 temp=0.25 total_env_steps=15653 t=0.09s
Ep  355: len= 49 黑胜 loss=16.6438 temp=0.25 total_env_steps=15702 t=0.18s
Ep  356: len= 19 黑胜 loss=16.6268 temp=0.25 total_env_steps=15721 t=0.08s
Ep  357: len= 45 黑胜 loss=16.5216 temp=0.25 total_env_steps=15766 t=0.15s
Ep  358: len= 31 黑胜 loss=17.2355 temp=0.25 total_env_steps=15797 t=0.11s
Ep  359: len= 42 白胜 loss=15.6356 temp=0.25 total_env_steps=15839 t=0.14s
Ep  360: len= 13 黑胜 loss=17.9059 temp=0.25 total_env_steps=15852 t=0.06s
Ep  361: len= 22 白胜 loss=15.2988 temp=0.25 total_env_steps=15874 t=0.08s
Ep  362: len= 31 黑胜 loss=15.7728 temp=0.25 total_env_steps=15905 t=0.12s
Ep  363: len= 27 黑胜 loss=16.8115 temp=0.25 total_env_steps=15932 t=0.12s
Ep  364: len= 37 黑胜 loss=16.3329 temp=0.25 total_env_steps=15969 t=0.14s
Ep  365: len= 53 黑胜 loss=17.4496 temp=0.25 total_env_steps=16022 t=0.19s
Ep  366: len= 53 黑胜 loss=15.4719 temp=0.25 total_env_steps=16075 t=0.17s
Ep  367: len= 62 白胜 loss=14.1646 temp=0.25 total_env_steps=16137 t=0.19s
Ep  368: len= 17 黑胜 loss=15.9426 temp=0.25 total_env_steps=16154 t=0.09s
Ep  369: len= 41 黑胜 loss=16.7003 temp=0.25 total_env_steps=16195 t=0.16s
Ep  370: len= 23 黑胜 loss=15.8583 temp=0.25 total_env_steps=16218 t=0.10s
Ep  371: len= 15 黑胜 loss=16.9733 temp=0.25 total_env_steps=16233 t=0.08s
Ep  372: len= 15 黑胜 loss=16.2734 temp=0.25 total_env_steps=16248 t=0.08s
Ep  373: len= 42 白胜 loss=17.7004 temp=0.25 total_env_steps=16290 t=0.17s
Ep  374: len= 30 白胜 loss=16.4833 temp=0.25 total_env_steps=16320 t=0.13s
Ep  375: len= 31 黑胜 loss=15.3159 temp=0.25 total_env_steps=16351 t=0.14s
Ep  376: len= 29 黑胜 loss=16.2828 temp=0.25 total_env_steps=16380 t=0.13s
Ep  377: len= 66 白胜 loss=15.7011 temp=0.25 total_env_steps=16446 t=0.22s
Ep  378: len= 15 黑胜 loss=16.0046 temp=0.25 total_env_steps=16461 t=0.08s
Ep  379: len= 31 黑胜 loss=14.1549 temp=0.25 total_env_steps=16492 t=0.11s
Ep  380: len= 17 黑胜 loss=14.9171 temp=0.25 total_env_steps=16509 t=0.08s
Ep  381: len= 38 白胜 loss=16.7276 temp=0.25 total_env_steps=16547 t=0.14s
Ep  382: len= 25 黑胜 loss=15.3384 temp=0.25 total_env_steps=16572 t=0.11s
Ep  383: len= 26 白胜 loss=15.2808 temp=0.25 total_env_steps=16598 t=0.12s
Ep  384: len= 40 白胜 loss=15.4282 temp=0.25 total_env_steps=16638 t=0.14s
Ep  385: len= 63 黑胜 loss=14.3904 temp=0.25 total_env_steps=16701 t=0.19s
Ep  386: len= 33 黑胜 loss=15.3083 temp=0.25 total_env_steps=16734 t=0.15s
Ep  387: len= 25 黑胜 loss=16.7461 temp=0.25 total_env_steps=16759 t=0.13s
Ep  388: len= 33 黑胜 loss=16.4127 temp=0.25 total_env_steps=16792 t=0.13s
Ep  389: len= 57 黑胜 loss=15.8468 temp=0.25 total_env_steps=16849 t=0.20s
Ep  390: len= 15 黑胜 loss=15.5521 temp=0.25 total_env_steps=16864 t=0.08s
Ep  391: len= 31 黑胜 loss=14.9606 temp=0.25 total_env_steps=16895 t=0.12s
Ep  392: len= 15 黑胜 loss=15.3504 temp=0.25 total_env_steps=16910 t=0.08s
Ep  393: len= 15 黑胜 loss=13.8762 temp=0.25 total_env_steps=16925 t=0.08s
Ep  394: len= 13 黑胜 loss=15.3169 temp=0.25 total_env_steps=16938 t=0.08s
Ep  395: len= 50 白胜 loss=14.7513 temp=0.25 total_env_steps=16988 t=0.18s
Ep  396: len= 26 白胜 loss=14.9744 temp=0.25 total_env_steps=17014 t=0.11s
Ep  397: len= 15 黑胜 loss=14.4205 temp=0.25 total_env_steps=17029 t=0.07s
Ep  398: len= 37 黑胜 loss=15.9180 temp=0.25 total_env_steps=17066 t=0.14s
Ep  399: len= 13 黑胜 loss=15.0667 temp=0.25 total_env_steps=17079 t=0.07s
Ep  400: len= 42 白胜 loss=14.8896 temp=0.25 total_env_steps=17121 t=0.14s
  eval vs Gomoku-random-v0: win_rate=1.00 mean_return=1.00（20 局，total_env_steps=17121）
[闸门] vs random（40 局）: win_rate=0.950
[闸门] vs 半程快照（40 局，黑白各半）: score=0.450
[梯队] vs naive0（20 局，观察性）: win_rate=0.10
[梯队] vs naive1（20 局，观察性）: win_rate=0.00
[梯队] vs naive2（20 局，观察性）: win_rate=0.00
[梯队] vs naive3（20 局，观察性）: win_rate=0.00
📈 Gomoku-selfplay-v0 win_rate=1.00（best 1.00）| 门槛 0.95 | 74.3s

--- arm=cons seed=43 sims=100 ---
[MyZero-board] 组件: consistency
[MyZero-board Gomoku-selfplay-v0] obs=243(3×9²) |A|=81 sims=100 γ=1.0 negamax
Ep    1: len= 80 白胜 loss=0.0000 temp=1.00 total_env_steps=80 t=0.23s
Ep    2: len= 38 白胜 loss=0.0000 temp=1.00 total_env_steps=118 t=0.11s
Ep    3: len= 69 黑胜 loss=0.0000 temp=1.00 total_env_steps=187 t=0.18s
Ep    4: len= 51 黑胜 loss=0.0000 temp=1.00 total_env_steps=238 t=0.16s
Ep    5: len= 55 黑胜 loss=0.0000 temp=1.00 total_env_steps=293 t=0.15s
Ep    6: len= 36 白胜 loss=0.0000 temp=1.00 total_env_steps=329 t=0.09s
Ep    7: len= 51 黑胜 loss=0.0000 temp=1.00 total_env_steps=380 t=0.15s
Ep    8: len= 55 黑胜 loss=0.0000 temp=1.00 total_env_steps=435 t=0.14s
Ep    9: len= 65 黑胜 loss=0.0000 temp=1.00 total_env_steps=500 t=0.16s
Ep   10: len= 68 白胜 loss=30.1150 temp=1.00 total_env_steps=568 t=0.19s
Ep   11: len= 62 白胜 loss=19.4789 temp=1.00 total_env_steps=630 t=0.18s
Ep   12: len= 45 黑胜 loss=19.9300 temp=1.00 total_env_steps=675 t=0.14s
Ep   13: len= 64 白胜 loss=19.9756 temp=1.00 total_env_steps=739 t=0.20s
Ep   14: len= 45 黑胜 loss=18.7581 temp=1.00 total_env_steps=784 t=0.15s
Ep   15: len= 70 白胜 loss=18.6672 temp=1.00 total_env_steps=854 t=0.22s
Ep   16: len= 44 白胜 loss=18.5757 temp=1.00 total_env_steps=898 t=0.15s
Ep   17: len= 61 黑胜 loss=18.3310 temp=1.00 total_env_steps=959 t=0.19s
Ep   18: len= 59 黑胜 loss=18.7761 temp=1.00 total_env_steps=1018 t=0.20s
Ep   19: len= 47 黑胜 loss=18.6217 temp=1.00 total_env_steps=1065 t=0.16s
Ep   20: len= 34 白胜 loss=19.5202 temp=1.00 total_env_steps=1099 t=0.12s
Ep   21: len= 59 黑胜 loss=18.8531 temp=1.00 total_env_steps=1158 t=0.18s
Ep   22: len= 48 白胜 loss=18.1045 temp=1.00 total_env_steps=1206 t=0.15s
Ep   23: len= 49 黑胜 loss=18.5533 temp=1.00 total_env_steps=1255 t=0.14s
Ep   24: len= 56 白胜 loss=18.3145 temp=1.00 total_env_steps=1311 t=0.16s
Ep   25: len= 58 白胜 loss=19.2475 temp=1.00 total_env_steps=1369 t=0.18s
Ep   26: len= 73 黑胜 loss=18.2696 temp=1.00 total_env_steps=1442 t=0.22s
Ep   27: len= 57 黑胜 loss=18.1866 temp=1.00 total_env_steps=1499 t=0.17s
Ep   28: len= 37 黑胜 loss=18.8604 temp=1.00 total_env_steps=1536 t=0.13s
Ep   29: len= 42 白胜 loss=20.3794 temp=1.00 total_env_steps=1578 t=0.14s
Ep   30: len= 57 黑胜 loss=19.1459 temp=1.00 total_env_steps=1635 t=0.17s
Ep   31: len= 54 白胜 loss=18.8888 temp=1.00 total_env_steps=1689 t=0.17s
Ep   32: len= 40 白胜 loss=19.3571 temp=1.00 total_env_steps=1729 t=0.13s
Ep   33: len= 66 白胜 loss=18.9921 temp=1.00 total_env_steps=1795 t=0.24s
Ep   34: len= 61 黑胜 loss=18.6575 temp=1.00 total_env_steps=1856 t=0.19s
Ep   35: len= 59 黑胜 loss=18.8589 temp=1.00 total_env_steps=1915 t=0.17s
Ep   36: len= 68 白胜 loss=18.4192 temp=1.00 total_env_steps=1983 t=0.23s
Ep   37: len= 64 白胜 loss=18.0646 temp=1.00 total_env_steps=2047 t=0.21s
Ep   38: len= 50 白胜 loss=18.4443 temp=1.00 total_env_steps=2097 t=0.16s
Ep   39: len= 59 黑胜 loss=19.1024 temp=1.00 total_env_steps=2156 t=0.19s
Ep   40: len= 58 白胜 loss=18.7714 temp=1.00 total_env_steps=2214 t=0.19s
Ep   41: len= 64 白胜 loss=19.2059 temp=1.00 total_env_steps=2278 t=0.19s
Ep   42: len= 69 黑胜 loss=18.7536 temp=1.00 total_env_steps=2347 t=0.21s
Ep   43: len= 42 白胜 loss=18.7020 temp=1.00 total_env_steps=2389 t=0.13s
Ep   44: len= 63 黑胜 loss=19.3913 temp=1.00 total_env_steps=2452 t=0.18s
Ep   45: len= 57 黑胜 loss=19.1068 temp=1.00 total_env_steps=2509 t=0.17s
Ep   46: len= 41 黑胜 loss=18.3883 temp=1.00 total_env_steps=2550 t=0.12s
Ep   47: len= 62 白胜 loss=17.6995 temp=1.00 total_env_steps=2612 t=0.18s
Ep   48: len= 42 白胜 loss=18.5987 temp=1.00 total_env_steps=2654 t=0.13s
Ep   49: len= 66 白胜 loss=18.6806 temp=1.00 total_env_steps=2720 t=0.19s
Ep   50: len= 76 白胜 loss=18.2496 temp=1.00 total_env_steps=2796 t=0.21s
  eval vs Gomoku-random-v0: win_rate=0.75 mean_return=0.50（20 局，total_env_steps=2796）
Ep   51: len= 43 黑胜 loss=19.0709 temp=1.00 total_env_steps=2839 t=0.13s
Ep   52: len= 58 白胜 loss=18.2809 temp=1.00 total_env_steps=2897 t=0.18s
Ep   53: len= 53 黑胜 loss=17.9690 temp=1.00 total_env_steps=2950 t=0.17s
Ep   54: len= 79 黑胜 loss=18.5256 temp=1.00 total_env_steps=3029 t=0.22s
Ep   55: len= 51 黑胜 loss=18.4696 temp=1.00 total_env_steps=3080 t=0.17s
Ep   56: len= 62 白胜 loss=18.1890 temp=1.00 total_env_steps=3142 t=0.19s
Ep   57: len= 65 黑胜 loss=18.9373 temp=1.00 total_env_steps=3207 t=0.23s
Ep   58: len= 48 白胜 loss=18.9014 temp=1.00 total_env_steps=3255 t=0.15s
Ep   59: len= 49 黑胜 loss=18.6476 temp=1.00 total_env_steps=3304 t=0.14s
Ep   60: len= 56 白胜 loss=19.2985 temp=1.00 total_env_steps=3360 t=0.17s
Ep   61: len= 58 白胜 loss=18.8133 temp=1.00 total_env_steps=3418 t=0.19s
Ep   62: len= 45 黑胜 loss=18.2907 temp=1.00 total_env_steps=3463 t=0.15s
Ep   63: len= 47 黑胜 loss=18.7716 temp=1.00 total_env_steps=3510 t=0.14s
Ep   64: len= 62 白胜 loss=18.6492 temp=1.00 total_env_steps=3572 t=0.20s
Ep   65: len= 51 黑胜 loss=18.1238 temp=1.00 total_env_steps=3623 t=0.16s
Ep   66: len= 53 黑胜 loss=18.7297 temp=1.00 total_env_steps=3676 t=0.17s
Ep   67: len= 74 白胜 loss=19.4205 temp=1.00 total_env_steps=3750 t=0.23s
Ep   68: len= 42 白胜 loss=19.2700 temp=1.00 total_env_steps=3792 t=0.13s
Ep   69: len= 17 黑胜 loss=19.2851 temp=1.00 total_env_steps=3809 t=0.08s
Ep   70: len= 78 白胜 loss=18.8170 temp=1.00 total_env_steps=3887 t=0.25s
Ep   71: len= 44 白胜 loss=18.5605 temp=1.00 total_env_steps=3931 t=0.15s
Ep   72: len= 47 黑胜 loss=18.6431 temp=1.00 total_env_steps=3978 t=0.16s
Ep   73: len= 59 黑胜 loss=18.5110 temp=1.00 total_env_steps=4037 t=0.18s
Ep   74: len= 75 黑胜 loss=19.0247 temp=1.00 total_env_steps=4112 t=0.24s
Ep   75: len= 39 黑胜 loss=18.6743 temp=1.00 total_env_steps=4151 t=0.12s
Ep   76: len= 46 白胜 loss=18.7033 temp=1.00 total_env_steps=4197 t=0.14s
Ep   77: len= 41 黑胜 loss=18.8582 temp=1.00 total_env_steps=4238 t=0.12s
Ep   78: len= 64 白胜 loss=18.3071 temp=1.00 total_env_steps=4302 t=0.18s
Ep   79: len= 46 白胜 loss=18.6241 temp=1.00 total_env_steps=4348 t=0.13s
Ep   80: len= 65 黑胜 loss=18.6543 temp=1.00 total_env_steps=4413 t=0.19s
Ep   81: len= 59 黑胜 loss=18.7968 temp=1.00 total_env_steps=4472 t=0.17s
Ep   82: len= 38 白胜 loss=18.7777 temp=1.00 total_env_steps=4510 t=0.12s
Ep   83: len= 58 白胜 loss=18.9668 temp=1.00 total_env_steps=4568 t=0.17s
Ep   84: len= 65 黑胜 loss=18.5374 temp=1.00 total_env_steps=4633 t=0.19s
Ep   85: len= 58 白胜 loss=18.9986 temp=1.00 total_env_steps=4691 t=0.16s
Ep   86: len= 61 黑胜 loss=18.7966 temp=1.00 total_env_steps=4752 t=0.21s
Ep   87: len= 67 黑胜 loss=17.9093 temp=1.00 total_env_steps=4819 t=0.19s
Ep   88: len= 43 黑胜 loss=18.8893 temp=1.00 total_env_steps=4862 t=0.13s
Ep   89: len= 55 黑胜 loss=18.4379 temp=1.00 total_env_steps=4917 t=0.16s
Ep   90: len= 47 黑胜 loss=19.1836 temp=1.00 total_env_steps=4964 t=0.14s
Ep   91: len= 33 黑胜 loss=17.7997 temp=1.00 total_env_steps=4997 t=0.11s
Ep   92: len= 49 黑胜 loss=18.0933 temp=1.00 total_env_steps=5046 t=0.14s
Ep   93: len= 47 黑胜 loss=18.1305 temp=1.00 total_env_steps=5093 t=0.15s
Ep   94: len= 54 白胜 loss=18.8481 temp=1.00 total_env_steps=5147 t=0.16s
Ep   95: len= 49 黑胜 loss=18.0265 temp=1.00 total_env_steps=5196 t=0.14s
Ep   96: len= 40 白胜 loss=18.5252 temp=1.00 total_env_steps=5236 t=0.12s
Ep   97: len= 66 白胜 loss=17.8947 temp=1.00 total_env_steps=5302 t=0.19s
Ep   98: len= 46 白胜 loss=18.8419 temp=1.00 total_env_steps=5348 t=0.14s
Ep   99: len= 57 黑胜 loss=18.5576 temp=1.00 total_env_steps=5405 t=0.18s
Ep  100: len= 57 黑胜 loss=19.1666 temp=1.00 total_env_steps=5462 t=0.18s
  eval vs Gomoku-random-v0: win_rate=0.85 mean_return=0.70（20 局，total_env_steps=5462）
Ep  101: len= 55 黑胜 loss=18.2752 temp=1.00 total_env_steps=5517 t=0.17s
Ep  102: len= 57 黑胜 loss=18.5529 temp=0.99 total_env_steps=5574 t=0.18s
Ep  103: len= 44 白胜 loss=19.1698 temp=0.99 total_env_steps=5618 t=0.15s
Ep  104: len= 26 白胜 loss=18.5141 temp=0.98 total_env_steps=5644 t=0.09s
Ep  105: len= 45 黑胜 loss=18.3462 temp=0.97 total_env_steps=5689 t=0.14s
Ep  106: len= 44 白胜 loss=18.8896 temp=0.96 total_env_steps=5733 t=0.14s
Ep  107: len= 50 白胜 loss=18.7435 temp=0.95 total_env_steps=5783 t=0.17s
Ep  108: len= 63 黑胜 loss=17.8701 temp=0.95 total_env_steps=5846 t=0.24s
Ep  109: len= 59 黑胜 loss=18.9117 temp=0.94 total_env_steps=5905 t=0.20s
Ep  110: len= 55 黑胜 loss=18.0490 temp=0.93 total_env_steps=5960 t=0.17s
Ep  111: len= 38 白胜 loss=18.9773 temp=0.93 total_env_steps=5998 t=0.12s
Ep  112: len= 34 白胜 loss=18.1490 temp=0.92 total_env_steps=6032 t=0.10s
Ep  113: len= 55 黑胜 loss=18.5889 temp=0.91 total_env_steps=6087 t=0.15s
Ep  114: len= 32 白胜 loss=18.7101 temp=0.90 total_env_steps=6119 t=0.10s
Ep  115: len= 41 黑胜 loss=18.5687 temp=0.89 total_env_steps=6160 t=0.13s
Ep  116: len= 26 白胜 loss=18.8703 temp=0.89 total_env_steps=6186 t=0.11s
Ep  117: len= 41 黑胜 loss=19.1250 temp=0.88 total_env_steps=6227 t=0.14s
Ep  118: len= 65 黑胜 loss=18.3982 temp=0.87 total_env_steps=6292 t=0.20s
Ep  119: len= 56 白胜 loss=18.3937 temp=0.87 total_env_steps=6348 t=0.17s
Ep  120: len= 67 黑胜 loss=18.4506 temp=0.86 total_env_steps=6415 t=0.19s
Ep  121: len= 53 黑胜 loss=18.5640 temp=0.85 total_env_steps=6468 t=0.16s
Ep  122: len= 59 黑胜 loss=18.5864 temp=0.84 total_env_steps=6527 t=0.17s
Ep  123: len= 53 黑胜 loss=18.1818 temp=0.84 total_env_steps=6580 t=0.15s
Ep  124: len= 38 白胜 loss=18.6642 temp=0.83 total_env_steps=6618 t=0.12s
Ep  125: len= 60 白胜 loss=19.6084 temp=0.82 total_env_steps=6678 t=0.17s
Ep  126: len= 45 黑胜 loss=18.7365 temp=0.81 total_env_steps=6723 t=0.13s
Ep  127: len= 37 黑胜 loss=18.6345 temp=0.81 total_env_steps=6760 t=0.11s
Ep  128: len= 64 白胜 loss=19.0350 temp=0.80 total_env_steps=6824 t=0.19s
Ep  129: len= 38 白胜 loss=18.2513 temp=0.79 total_env_steps=6862 t=0.13s
Ep  130: len= 57 黑胜 loss=18.3887 temp=0.78 total_env_steps=6919 t=0.18s
Ep  131: len= 55 黑胜 loss=19.0025 temp=0.77 total_env_steps=6974 t=0.16s
Ep  132: len= 46 白胜 loss=18.6007 temp=0.77 total_env_steps=7020 t=0.14s
Ep  133: len= 58 白胜 loss=18.7170 temp=0.76 total_env_steps=7078 t=0.17s
Ep  134: len= 56 白胜 loss=18.6847 temp=0.75 total_env_steps=7134 t=0.16s
Ep  135: len= 49 黑胜 loss=17.7829 temp=0.75 total_env_steps=7183 t=0.15s
Ep  136: len= 50 白胜 loss=19.8192 temp=0.74 total_env_steps=7233 t=0.15s
Ep  137: len= 38 白胜 loss=18.4682 temp=0.73 total_env_steps=7271 t=0.13s
Ep  138: len= 46 白胜 loss=18.1752 temp=0.72 total_env_steps=7317 t=0.14s
Ep  139: len= 36 白胜 loss=18.7353 temp=0.72 total_env_steps=7353 t=0.12s
Ep  140: len= 48 白胜 loss=18.1112 temp=0.71 total_env_steps=7401 t=0.15s
Ep  141: len= 45 黑胜 loss=19.1201 temp=0.70 total_env_steps=7446 t=0.14s
Ep  142: len= 46 白胜 loss=19.9041 temp=0.69 total_env_steps=7492 t=0.15s
Ep  143: len= 56 白胜 loss=18.9045 temp=0.69 total_env_steps=7548 t=0.18s
Ep  144: len= 56 白胜 loss=17.8577 temp=0.68 total_env_steps=7604 t=0.16s
Ep  145: len= 53 黑胜 loss=18.7146 temp=0.67 total_env_steps=7657 t=0.16s
Ep  146: len= 47 黑胜 loss=18.9132 temp=0.66 total_env_steps=7704 t=0.14s
Ep  147: len= 41 黑胜 loss=18.0655 temp=0.65 total_env_steps=7745 t=0.13s
Ep  148: len= 81 平局 loss=19.3741 temp=0.65 total_env_steps=7826 t=0.24s
Ep  149: len= 38 白胜 loss=19.1263 temp=0.64 total_env_steps=7864 t=0.15s
Ep  150: len= 38 白胜 loss=18.9919 temp=0.63 total_env_steps=7902 t=0.13s
  eval vs Gomoku-random-v0: win_rate=0.55 mean_return=0.10（20 局，total_env_steps=7902）
Ep  151: len= 59 黑胜 loss=17.7863 temp=0.62 total_env_steps=7961 t=0.18s
Ep  152: len= 48 白胜 loss=18.5777 temp=0.62 total_env_steps=8009 t=0.18s
Ep  153: len= 63 黑胜 loss=19.0413 temp=0.61 total_env_steps=8072 t=0.21s
Ep  154: len= 51 黑胜 loss=18.4830 temp=0.60 total_env_steps=8123 t=0.16s
Ep  155: len= 50 白胜 loss=18.2041 temp=0.59 total_env_steps=8173 t=0.17s
Ep  156: len= 46 白胜 loss=18.4342 temp=0.59 total_env_steps=8219 t=0.17s
Ep  157: len= 70 白胜 loss=18.3895 temp=0.58 total_env_steps=8289 t=0.23s
Ep  158: len= 65 黑胜 loss=18.6853 temp=0.57 total_env_steps=8354 t=0.21s
Ep  159: len= 48 白胜 loss=18.1251 temp=0.56 total_env_steps=8402 t=0.15s
Ep  160: len= 38 白胜 loss=18.6140 temp=0.56 total_env_steps=8440 t=0.13s
Ep  161: len= 63 黑胜 loss=18.5090 temp=0.55 total_env_steps=8503 t=0.18s
Ep  162: len= 53 黑胜 loss=19.0387 temp=0.54 total_env_steps=8556 t=0.17s
Ep  163: len= 58 白胜 loss=18.2658 temp=0.53 total_env_steps=8614 t=0.17s
Ep  164: len= 50 白胜 loss=18.3670 temp=0.53 total_env_steps=8664 t=0.16s
Ep  165: len= 48 白胜 loss=19.4020 temp=0.52 total_env_steps=8712 t=0.16s
Ep  166: len= 54 白胜 loss=19.2225 temp=0.51 total_env_steps=8766 t=0.18s
Ep  167: len= 58 白胜 loss=18.7210 temp=0.50 total_env_steps=8824 t=0.19s
Ep  168: len= 46 白胜 loss=18.1996 temp=0.50 total_env_steps=8870 t=0.15s
Ep  169: len= 32 白胜 loss=18.7074 temp=0.49 total_env_steps=8902 t=0.11s
Ep  170: len= 63 黑胜 loss=18.5027 temp=0.48 total_env_steps=8965 t=0.20s
Ep  171: len= 73 黑胜 loss=19.1421 temp=0.48 total_env_steps=9038 t=0.23s
Ep  172: len= 61 黑胜 loss=18.0228 temp=0.47 total_env_steps=9099 t=0.19s
Ep  173: len= 48 白胜 loss=18.3154 temp=0.46 total_env_steps=9147 t=0.16s
Ep  174: len= 41 黑胜 loss=18.5418 temp=0.45 total_env_steps=9188 t=0.14s
Ep  175: len= 58 白胜 loss=18.1438 temp=0.44 total_env_steps=9246 t=0.18s
Ep  176: len= 52 白胜 loss=18.9132 temp=0.44 total_env_steps=9298 t=0.16s
Ep  177: len= 47 黑胜 loss=17.8190 temp=0.43 total_env_steps=9345 t=0.14s
Ep  178: len= 49 黑胜 loss=19.4410 temp=0.42 total_env_steps=9394 t=0.16s
Ep  179: len= 40 白胜 loss=19.3487 temp=0.42 total_env_steps=9434 t=0.15s
Ep  180: len= 35 黑胜 loss=18.9949 temp=0.41 total_env_steps=9469 t=0.12s
Ep  181: len= 37 黑胜 loss=18.5375 temp=0.40 total_env_steps=9506 t=0.13s
Ep  182: len= 33 黑胜 loss=17.6332 temp=0.39 total_env_steps=9539 t=0.11s
Ep  183: len= 47 黑胜 loss=18.8542 temp=0.38 total_env_steps=9586 t=0.16s
Ep  184: len= 47 黑胜 loss=18.6617 temp=0.38 total_env_steps=9633 t=0.15s
Ep  185: len= 36 白胜 loss=18.2827 temp=0.37 total_env_steps=9669 t=0.14s
Ep  186: len= 66 白胜 loss=18.1342 temp=0.36 total_env_steps=9735 t=0.20s
Ep  187: len= 44 白胜 loss=18.2079 temp=0.36 total_env_steps=9779 t=0.14s
Ep  188: len= 45 黑胜 loss=19.0464 temp=0.35 total_env_steps=9824 t=0.17s
Ep  189: len= 50 白胜 loss=17.9022 temp=0.34 total_env_steps=9874 t=0.19s
Ep  190: len= 43 黑胜 loss=19.4097 temp=0.33 total_env_steps=9917 t=0.14s
Ep  191: len= 44 白胜 loss=18.5323 temp=0.33 total_env_steps=9961 t=0.14s
Ep  192: len= 58 白胜 loss=19.5515 temp=0.32 total_env_steps=10019 t=0.20s
Ep  193: len= 64 白胜 loss=18.2057 temp=0.31 total_env_steps=10083 t=0.21s
Ep  194: len= 59 黑胜 loss=18.1620 temp=0.30 total_env_steps=10142 t=0.20s
Ep  195: len= 41 黑胜 loss=18.3891 temp=0.30 total_env_steps=10183 t=0.14s
Ep  196: len= 53 黑胜 loss=19.0128 temp=0.29 total_env_steps=10236 t=0.17s
Ep  197: len= 52 白胜 loss=18.8586 temp=0.28 total_env_steps=10288 t=0.16s
Ep  198: len= 54 白胜 loss=18.1415 temp=0.27 total_env_steps=10342 t=0.22s
Ep  199: len= 49 黑胜 loss=19.0202 temp=0.26 total_env_steps=10391 t=0.19s
Ep  200: len= 36 白胜 loss=18.2840 temp=0.26 total_env_steps=10427 t=0.16s
  eval vs Gomoku-random-v0: win_rate=0.85 mean_return=0.70（20 局，total_env_steps=10427）
  📸 已拍权重快照（ep=200，gating 对弈基准）
Ep  201: len= 61 黑胜 loss=18.6252 temp=0.25 total_env_steps=10488 t=0.22s
Ep  202: len= 43 黑胜 loss=18.0777 temp=0.25 total_env_steps=10531 t=0.14s
Ep  203: len= 45 黑胜 loss=18.2667 temp=0.25 total_env_steps=10576 t=0.15s
Ep  204: len= 43 黑胜 loss=18.0235 temp=0.25 total_env_steps=10619 t=0.15s
Ep  205: len= 45 黑胜 loss=18.6588 temp=0.25 total_env_steps=10664 t=0.16s
Ep  206: len= 53 黑胜 loss=18.8516 temp=0.25 total_env_steps=10717 t=0.18s
Ep  207: len= 49 黑胜 loss=18.8243 temp=0.25 total_env_steps=10766 t=0.16s
Ep  208: len= 49 黑胜 loss=18.2266 temp=0.25 total_env_steps=10815 t=0.17s
Ep  209: len= 30 白胜 loss=18.7981 temp=0.25 total_env_steps=10845 t=0.11s
Ep  210: len= 55 黑胜 loss=18.8121 temp=0.25 total_env_steps=10900 t=0.19s
Ep  211: len= 59 黑胜 loss=19.6589 temp=0.25 total_env_steps=10959 t=0.20s
Ep  212: len= 60 白胜 loss=18.6442 temp=0.25 total_env_steps=11019 t=0.18s
Ep  213: len= 21 黑胜 loss=18.4330 temp=0.25 total_env_steps=11040 t=0.09s
Ep  214: len= 40 白胜 loss=18.7002 temp=0.25 total_env_steps=11080 t=0.15s
Ep  215: len= 44 白胜 loss=18.5419 temp=0.25 total_env_steps=11124 t=0.16s
Ep  216: len= 39 黑胜 loss=19.0883 temp=0.25 total_env_steps=11163 t=0.14s
Ep  217: len= 44 白胜 loss=18.5166 temp=0.25 total_env_steps=11207 t=0.16s
Ep  218: len= 36 白胜 loss=18.5110 temp=0.25 total_env_steps=11243 t=0.12s
Ep  219: len= 50 白胜 loss=18.5503 temp=0.25 total_env_steps=11293 t=0.18s
Ep  220: len= 58 白胜 loss=18.7904 temp=0.25 total_env_steps=11351 t=0.18s
Ep  221: len= 43 黑胜 loss=19.1872 temp=0.25 total_env_steps=11394 t=0.16s
Ep  222: len= 61 黑胜 loss=19.3991 temp=0.25 total_env_steps=11455 t=0.22s
Ep  223: len= 41 黑胜 loss=18.0116 temp=0.25 total_env_steps=11496 t=0.15s
Ep  224: len= 43 黑胜 loss=17.7447 temp=0.25 total_env_steps=11539 t=0.15s
Ep  225: len= 51 黑胜 loss=18.5630 temp=0.25 total_env_steps=11590 t=0.20s
Ep  226: len= 67 黑胜 loss=18.0994 temp=0.25 total_env_steps=11657 t=0.24s
Ep  227: len= 65 黑胜 loss=18.3417 temp=0.25 total_env_steps=11722 t=0.22s
Ep  228: len= 36 白胜 loss=18.5752 temp=0.25 total_env_steps=11758 t=0.14s
Ep  229: len= 36 白胜 loss=18.1957 temp=0.25 total_env_steps=11794 t=0.14s
Ep  230: len= 31 黑胜 loss=18.3309 temp=0.25 total_env_steps=11825 t=0.12s
Ep  231: len= 26 白胜 loss=18.7009 temp=0.25 total_env_steps=11851 t=0.11s
Ep  232: len= 43 黑胜 loss=17.9541 temp=0.25 total_env_steps=11894 t=0.14s
Ep  233: len= 28 白胜 loss=18.2209 temp=0.25 total_env_steps=11922 t=0.10s
Ep  234: len= 57 黑胜 loss=18.1463 temp=0.25 total_env_steps=11979 t=0.19s
Ep  235: len= 34 白胜 loss=18.6904 temp=0.25 total_env_steps=12013 t=0.12s
Ep  236: len= 56 白胜 loss=18.2726 temp=0.25 total_env_steps=12069 t=0.17s
Ep  237: len= 31 黑胜 loss=18.0692 temp=0.25 total_env_steps=12100 t=0.12s
Ep  238: len= 46 白胜 loss=19.2582 temp=0.25 total_env_steps=12146 t=0.17s
Ep  239: len= 53 黑胜 loss=18.3482 temp=0.25 total_env_steps=12199 t=0.17s
Ep  240: len= 46 白胜 loss=18.2405 temp=0.25 total_env_steps=12245 t=0.15s
Ep  241: len= 31 黑胜 loss=18.2642 temp=0.25 total_env_steps=12276 t=0.11s
Ep  242: len= 55 黑胜 loss=17.8914 temp=0.25 total_env_steps=12331 t=0.18s
Ep  243: len= 34 白胜 loss=18.6165 temp=0.25 total_env_steps=12365 t=0.13s
Ep  244: len= 64 白胜 loss=18.3795 temp=0.25 total_env_steps=12429 t=0.19s
Ep  245: len= 37 黑胜 loss=18.3732 temp=0.25 total_env_steps=12466 t=0.13s
Ep  246: len= 48 白胜 loss=18.1714 temp=0.25 total_env_steps=12514 t=0.16s
Ep  247: len= 48 白胜 loss=18.2012 temp=0.25 total_env_steps=12562 t=0.15s
Ep  248: len= 31 黑胜 loss=17.6523 temp=0.25 total_env_steps=12593 t=0.12s
Ep  249: len= 51 黑胜 loss=17.9668 temp=0.25 total_env_steps=12644 t=0.17s
Ep  250: len= 44 白胜 loss=18.0160 temp=0.25 total_env_steps=12688 t=0.15s
  eval vs Gomoku-random-v0: win_rate=0.90 mean_return=0.80（20 局，total_env_steps=12688）
Ep  251: len= 48 白胜 loss=18.4297 temp=0.25 total_env_steps=12736 t=0.17s
Ep  252: len= 30 白胜 loss=18.2294 temp=0.25 total_env_steps=12766 t=0.11s
Ep  253: len= 58 白胜 loss=18.8165 temp=0.25 total_env_steps=12824 t=0.19s
Ep  254: len= 48 白胜 loss=18.2467 temp=0.25 total_env_steps=12872 t=0.18s
Ep  255: len= 31 黑胜 loss=18.4695 temp=0.25 total_env_steps=12903 t=0.13s
Ep  256: len= 46 白胜 loss=17.8477 temp=0.25 total_env_steps=12949 t=0.15s
Ep  257: len= 70 白胜 loss=18.2145 temp=0.25 total_env_steps=13019 t=0.23s
Ep  258: len= 44 白胜 loss=18.1692 temp=0.25 total_env_steps=13063 t=0.15s
Ep  259: len= 59 黑胜 loss=18.2615 temp=0.25 total_env_steps=13122 t=0.19s
Ep  260: len= 65 黑胜 loss=18.4530 temp=0.25 total_env_steps=13187 t=0.23s
Ep  261: len= 57 黑胜 loss=18.5121 temp=0.25 total_env_steps=13244 t=0.20s
Ep  262: len= 61 黑胜 loss=18.4082 temp=0.25 total_env_steps=13305 t=0.21s
Ep  263: len= 37 黑胜 loss=17.1687 temp=0.25 total_env_steps=13342 t=0.13s
Ep  264: len= 41 黑胜 loss=17.6172 temp=0.25 total_env_steps=13383 t=0.13s
Ep  265: len= 37 黑胜 loss=18.1050 temp=0.25 total_env_steps=13420 t=0.13s
Ep  266: len= 41 黑胜 loss=18.7577 temp=0.25 total_env_steps=13461 t=0.15s
Ep  267: len= 28 白胜 loss=17.9978 temp=0.25 total_env_steps=13489 t=0.12s
Ep  268: len= 36 白胜 loss=18.3339 temp=0.25 total_env_steps=13525 t=0.14s
Ep  269: len= 54 白胜 loss=18.2675 temp=0.25 total_env_steps=13579 t=0.17s
Ep  270: len= 26 白胜 loss=18.6147 temp=0.25 total_env_steps=13605 t=0.12s
Ep  271: len= 41 黑胜 loss=17.5081 temp=0.25 total_env_steps=13646 t=0.13s
Ep  272: len= 53 黑胜 loss=17.7324 temp=0.25 total_env_steps=13699 t=0.16s
Ep  273: len= 30 白胜 loss=18.2998 temp=0.25 total_env_steps=13729 t=0.12s
Ep  274: len= 38 白胜 loss=18.3882 temp=0.25 total_env_steps=13767 t=0.14s
Ep  275: len= 41 黑胜 loss=18.6667 temp=0.25 total_env_steps=13808 t=0.14s
Ep  276: len= 32 白胜 loss=18.5074 temp=0.25 total_env_steps=13840 t=0.12s
Ep  277: len= 53 黑胜 loss=17.9363 temp=0.25 total_env_steps=13893 t=0.18s
Ep  278: len= 26 白胜 loss=17.8221 temp=0.25 total_env_steps=13919 t=0.10s
Ep  279: len= 50 白胜 loss=17.8818 temp=0.25 total_env_steps=13969 t=0.16s
Ep  280: len= 39 黑胜 loss=18.7655 temp=0.25 total_env_steps=14008 t=0.15s
Ep  281: len= 42 白胜 loss=17.6446 temp=0.25 total_env_steps=14050 t=0.15s
Ep  282: len= 53 黑胜 loss=18.1605 temp=0.25 total_env_steps=14103 t=0.18s
Ep  283: len= 57 黑胜 loss=17.8282 temp=0.25 total_env_steps=14160 t=0.23s
Ep  284: len= 42 白胜 loss=17.3047 temp=0.25 total_env_steps=14202 t=0.16s
Ep  285: len= 41 黑胜 loss=17.2440 temp=0.25 total_env_steps=14243 t=0.14s
Ep  286: len= 66 白胜 loss=17.9859 temp=0.25 total_env_steps=14309 t=0.22s
Ep  287: len= 55 黑胜 loss=17.7693 temp=0.25 total_env_steps=14364 t=0.18s
Ep  288: len= 25 黑胜 loss=18.1303 temp=0.25 total_env_steps=14389 t=0.10s
Ep  289: len= 53 黑胜 loss=18.3386 temp=0.25 total_env_steps=14442 t=0.18s
Ep  290: len= 24 白胜 loss=17.2960 temp=0.25 total_env_steps=14466 t=0.10s
Ep  291: len= 42 白胜 loss=17.8140 temp=0.25 total_env_steps=14508 t=0.15s
Ep  292: len= 31 黑胜 loss=17.8547 temp=0.25 total_env_steps=14539 t=0.12s
Ep  293: len= 63 黑胜 loss=18.0845 temp=0.25 total_env_steps=14602 t=0.22s
Ep  294: len= 66 白胜 loss=18.2002 temp=0.25 total_env_steps=14668 t=0.22s
Ep  295: len= 39 黑胜 loss=18.0310 temp=0.25 total_env_steps=14707 t=0.15s
Ep  296: len= 61 黑胜 loss=17.5122 temp=0.25 total_env_steps=14768 t=0.21s
Ep  297: len= 47 黑胜 loss=18.0667 temp=0.25 total_env_steps=14815 t=0.17s
Ep  298: len= 36 白胜 loss=18.7169 temp=0.25 total_env_steps=14851 t=0.15s
Ep  299: len= 28 白胜 loss=17.6551 temp=0.25 total_env_steps=14879 t=0.15s
Ep  300: len= 38 白胜 loss=17.8834 temp=0.25 total_env_steps=14917 t=0.17s
  eval vs Gomoku-random-v0: win_rate=0.85 mean_return=0.70（20 局，total_env_steps=14917）
Ep  301: len= 46 白胜 loss=17.4381 temp=0.25 total_env_steps=14963 t=0.16s
Ep  302: len= 60 白胜 loss=18.0405 temp=0.25 total_env_steps=15023 t=0.19s
Ep  303: len= 40 白胜 loss=17.6666 temp=0.25 total_env_steps=15063 t=0.14s
Ep  304: len= 40 白胜 loss=17.7495 temp=0.25 total_env_steps=15103 t=0.15s
Ep  305: len= 61 黑胜 loss=17.9436 temp=0.25 total_env_steps=15164 t=0.20s
Ep  306: len= 60 白胜 loss=17.6712 temp=0.25 total_env_steps=15224 t=0.22s
Ep  307: len= 29 黑胜 loss=18.2924 temp=0.25 total_env_steps=15253 t=0.13s
Ep  308: len= 62 白胜 loss=17.2114 temp=0.25 total_env_steps=15315 t=0.19s
Ep  309: len= 24 白胜 loss=18.0757 temp=0.25 total_env_steps=15339 t=0.10s
Ep  310: len= 47 黑胜 loss=17.9290 temp=0.25 total_env_steps=15386 t=0.16s
Ep  311: len= 48 白胜 loss=17.7963 temp=0.25 total_env_steps=15434 t=0.16s
Ep  312: len= 37 黑胜 loss=16.7550 temp=0.25 total_env_steps=15471 t=0.13s
Ep  313: len= 32 白胜 loss=17.6719 temp=0.25 total_env_steps=15503 t=0.12s
Ep  314: len= 36 白胜 loss=16.7504 temp=0.25 total_env_steps=15539 t=0.13s
Ep  315: len= 25 黑胜 loss=17.3891 temp=0.25 total_env_steps=15564 t=0.10s
Ep  316: len= 58 白胜 loss=17.3042 temp=0.25 total_env_steps=15622 t=0.21s
Ep  317: len= 22 白胜 loss=17.0162 temp=0.25 total_env_steps=15644 t=0.09s
Ep  318: len= 39 黑胜 loss=16.7782 temp=0.25 total_env_steps=15683 t=0.13s
Ep  319: len= 51 黑胜 loss=17.9249 temp=0.25 total_env_steps=15734 t=0.17s
Ep  320: len= 51 黑胜 loss=17.3817 temp=0.25 total_env_steps=15785 t=0.16s
Ep  321: len= 31 黑胜 loss=17.4733 temp=0.25 total_env_steps=15816 t=0.12s
Ep  322: len= 29 黑胜 loss=16.7870 temp=0.25 total_env_steps=15845 t=0.10s
Ep  323: len= 31 黑胜 loss=17.1895 temp=0.25 total_env_steps=15876 t=0.11s
Ep  324: len= 28 白胜 loss=16.4561 temp=0.25 total_env_steps=15904 t=0.11s
Ep  325: len= 33 黑胜 loss=17.8765 temp=0.25 total_env_steps=15937 t=0.14s
Ep  326: len= 41 黑胜 loss=18.0563 temp=0.25 total_env_steps=15978 t=0.16s
Ep  327: len= 47 黑胜 loss=16.5320 temp=0.25 total_env_steps=16025 t=0.16s
Ep  328: len= 30 白胜 loss=17.4384 temp=0.25 total_env_steps=16055 t=0.11s
Ep  329: len= 47 黑胜 loss=17.0416 temp=0.25 total_env_steps=16102 t=0.17s
Ep  330: len= 54 白胜 loss=17.1015 temp=0.25 total_env_steps=16156 t=0.18s
Ep  331: len= 42 白胜 loss=16.8667 temp=0.25 total_env_steps=16198 t=0.16s
Ep  332: len= 31 黑胜 loss=17.0165 temp=0.25 total_env_steps=16229 t=0.11s
Ep  333: len= 64 白胜 loss=16.4678 temp=0.25 total_env_steps=16293 t=0.22s
Ep  334: len= 52 白胜 loss=16.8797 temp=0.25 total_env_steps=16345 t=0.18s
Ep  335: len= 37 黑胜 loss=16.3560 temp=0.25 total_env_steps=16382 t=0.14s
Ep  336: len= 27 黑胜 loss=17.2486 temp=0.25 total_env_steps=16409 t=0.10s
Ep  337: len= 46 白胜 loss=16.5675 temp=0.25 total_env_steps=16455 t=0.17s
Ep  338: len= 62 白胜 loss=17.7259 temp=0.25 total_env_steps=16517 t=0.20s
Ep  339: len= 65 黑胜 loss=16.4608 temp=0.25 total_env_steps=16582 t=0.24s
Ep  340: len= 46 白胜 loss=16.3547 temp=0.25 total_env_steps=16628 t=0.16s
Ep  341: len= 28 白胜 loss=17.6118 temp=0.25 total_env_steps=16656 t=0.12s
Ep  342: len= 24 白胜 loss=17.0087 temp=0.25 total_env_steps=16680 t=0.10s
Ep  343: len= 36 白胜 loss=16.4341 temp=0.25 total_env_steps=16716 t=0.13s
Ep  344: len= 32 白胜 loss=16.2665 temp=0.25 total_env_steps=16748 t=0.13s
Ep  345: len= 32 白胜 loss=16.0953 temp=0.25 total_env_steps=16780 t=0.13s
Ep  346: len= 38 白胜 loss=17.6494 temp=0.25 total_env_steps=16818 t=0.14s
Ep  347: len= 47 黑胜 loss=17.1516 temp=0.25 total_env_steps=16865 t=0.15s
Ep  348: len= 60 白胜 loss=17.6719 temp=0.25 total_env_steps=16925 t=0.20s
Ep  349: len= 29 黑胜 loss=17.2222 temp=0.25 total_env_steps=16954 t=0.11s
Ep  350: len= 34 白胜 loss=18.0217 temp=0.25 total_env_steps=16988 t=0.13s
  eval vs Gomoku-random-v0: win_rate=0.95 mean_return=0.90（20 局，total_env_steps=16988）
  ✅ 达标 ep=350 total_env_steps=16988
Ep  351: len= 32 白胜 loss=17.1258 temp=0.25 total_env_steps=17020 t=0.12s
Ep  352: len= 61 黑胜 loss=16.5298 temp=0.25 total_env_steps=17081 t=0.19s
Ep  353: len= 25 黑胜 loss=16.7066 temp=0.25 total_env_steps=17106 t=0.11s
Ep  354: len= 24 白胜 loss=17.0344 temp=0.25 total_env_steps=17130 t=0.10s
Ep  355: len= 72 白胜 loss=17.3749 temp=0.25 total_env_steps=17202 t=0.23s
Ep  356: len= 21 黑胜 loss=17.0819 temp=0.25 total_env_steps=17223 t=0.10s
Ep  357: len= 30 白胜 loss=16.5405 temp=0.25 total_env_steps=17253 t=0.14s
Ep  358: len= 72 白胜 loss=16.5956 temp=0.25 total_env_steps=17325 t=0.24s
Ep  359: len= 35 黑胜 loss=17.1182 temp=0.25 total_env_steps=17360 t=0.14s
Ep  360: len= 34 白胜 loss=16.6321 temp=0.25 total_env_steps=17394 t=0.13s
Ep  361: len= 30 白胜 loss=17.1064 temp=0.25 total_env_steps=17424 t=0.13s
Ep  362: len= 23 黑胜 loss=15.9763 temp=0.25 total_env_steps=17447 t=0.11s
Ep  363: len= 44 白胜 loss=16.5596 temp=0.25 total_env_steps=17491 t=0.17s
Ep  364: len= 51 黑胜 loss=16.5200 temp=0.25 total_env_steps=17542 t=0.19s
Ep  365: len= 46 白胜 loss=16.1199 temp=0.25 total_env_steps=17588 t=0.19s
Ep  366: len= 51 黑胜 loss=15.6415 temp=0.25 total_env_steps=17639 t=0.21s
Ep  367: len= 57 黑胜 loss=17.0420 temp=0.25 total_env_steps=17696 t=0.22s
Ep  368: len= 20 白胜 loss=17.1871 temp=0.25 total_env_steps=17716 t=0.09s
Ep  369: len= 19 黑胜 loss=16.8504 temp=0.25 total_env_steps=17735 t=0.09s
Ep  370: len= 42 白胜 loss=17.0872 temp=0.25 total_env_steps=17777 t=0.13s
Ep  371: len= 27 黑胜 loss=16.2338 temp=0.25 total_env_steps=17804 t=0.10s
Ep  372: len= 69 黑胜 loss=15.6125 temp=0.25 total_env_steps=17873 t=0.24s
Ep  373: len= 25 黑胜 loss=17.2083 temp=0.25 total_env_steps=17898 t=0.10s
Ep  374: len= 17 黑胜 loss=15.4237 temp=0.25 total_env_steps=17915 t=0.07s
Ep  375: len= 51 黑胜 loss=15.4074 temp=0.25 total_env_steps=17966 t=0.15s
Ep  376: len= 20 白胜 loss=16.4157 temp=0.25 total_env_steps=17986 t=0.10s
Ep  377: len= 32 白胜 loss=16.3702 temp=0.25 total_env_steps=18018 t=0.12s
Ep  378: len= 32 白胜 loss=16.8469 temp=0.25 total_env_steps=18050 t=0.12s
Ep  379: len= 29 黑胜 loss=15.6042 temp=0.25 total_env_steps=18079 t=0.11s
Ep  380: len= 45 黑胜 loss=16.7743 temp=0.25 total_env_steps=18124 t=0.15s
Ep  381: len= 27 黑胜 loss=16.4642 temp=0.25 total_env_steps=18151 t=0.12s
Ep  382: len= 47 黑胜 loss=17.1437 temp=0.25 total_env_steps=18198 t=0.17s
Ep  383: len= 37 黑胜 loss=15.7201 temp=0.25 total_env_steps=18235 t=0.13s
Ep  384: len= 37 黑胜 loss=15.9845 temp=0.25 total_env_steps=18272 t=0.13s
Ep  385: len= 71 黑胜 loss=16.1054 temp=0.25 total_env_steps=18343 t=0.22s
Ep  386: len= 29 黑胜 loss=14.7808 temp=0.25 total_env_steps=18372 t=0.10s
Ep  387: len= 50 白胜 loss=16.4952 temp=0.25 total_env_steps=18422 t=0.17s
Ep  388: len= 27 黑胜 loss=16.2480 temp=0.25 total_env_steps=18449 t=0.11s
Ep  389: len= 53 黑胜 loss=16.2407 temp=0.25 total_env_steps=18502 t=0.18s
Ep  390: len= 21 黑胜 loss=16.1401 temp=0.25 total_env_steps=18523 t=0.09s
Ep  391: len= 37 黑胜 loss=16.3745 temp=0.25 total_env_steps=18560 t=0.16s
Ep  392: len= 47 黑胜 loss=16.4575 temp=0.25 total_env_steps=18607 t=0.16s
Ep  393: len= 15 黑胜 loss=16.2102 temp=0.25 total_env_steps=18622 t=0.08s
Ep  394: len= 43 黑胜 loss=15.8439 temp=0.25 total_env_steps=18665 t=0.16s
Ep  395: len= 21 黑胜 loss=15.7523 temp=0.25 total_env_steps=18686 t=0.09s
Ep  396: len= 26 白胜 loss=16.5519 temp=0.25 total_env_steps=18712 t=0.11s
Ep  397: len= 28 白胜 loss=14.9138 temp=0.25 total_env_steps=18740 t=0.10s
Ep  398: len= 35 黑胜 loss=15.6477 temp=0.25 total_env_steps=18775 t=0.14s
Ep  399: len= 42 白胜 loss=17.1540 temp=0.25 total_env_steps=18817 t=0.17s
Ep  400: len= 68 白胜 loss=14.0890 temp=0.25 total_env_steps=18885 t=0.20s
  eval vs Gomoku-random-v0: win_rate=0.95 mean_return=0.90（20 局，total_env_steps=18885）
[闸门] vs random（40 局）: win_rate=0.975
[闸门] vs 半程快照（40 局，黑白各半）: score=1.000
[梯队] vs naive0（20 局，观察性）: win_rate=0.00
[梯队] vs naive1（20 局，观察性）: win_rate=0.00
[梯队] vs naive2（20 局，观察性）: win_rate=0.00
[梯队] vs naive3（20 局，观察性）: win_rate=0.00
📈 Gomoku-selfplay-v0 win_rate=0.95（best 0.95）| 门槛 0.95 | 78.4s

--- arm=cons seed=44 sims=100 ---
[MyZero-board] 组件: consistency
[MyZero-board Gomoku-selfplay-v0] obs=243(3×9²) |A|=81 sims=100 γ=1.0 negamax
Ep    1: len= 44 白胜 loss=0.0000 temp=1.00 total_env_steps=44 t=0.11s
Ep    2: len= 59 黑胜 loss=0.0000 temp=1.00 total_env_steps=103 t=0.17s
Ep    3: len= 55 黑胜 loss=0.0000 temp=1.00 total_env_steps=158 t=0.15s
Ep    4: len= 71 黑胜 loss=0.0000 temp=1.00 total_env_steps=229 t=0.19s
Ep    5: len= 60 白胜 loss=0.0000 temp=1.00 total_env_steps=289 t=0.16s
Ep    6: len= 41 黑胜 loss=0.0000 temp=1.00 total_env_steps=330 t=0.11s
Ep    7: len= 47 黑胜 loss=0.0000 temp=1.00 total_env_steps=377 t=0.13s
Ep    8: len= 66 白胜 loss=0.0000 temp=1.00 total_env_steps=443 t=0.17s
Ep    9: len= 63 黑胜 loss=0.0000 temp=1.00 total_env_steps=506 t=0.17s
Ep   10: len= 48 白胜 loss=33.4923 temp=1.00 total_env_steps=554 t=0.15s
Ep   11: len= 37 黑胜 loss=21.0285 temp=1.00 total_env_steps=591 t=0.12s
Ep   12: len= 60 白胜 loss=19.9571 temp=1.00 total_env_steps=651 t=0.19s
Ep   13: len= 48 白胜 loss=20.0243 temp=1.00 total_env_steps=699 t=0.15s
Ep   14: len= 49 黑胜 loss=19.9470 temp=1.00 total_env_steps=748 t=0.22s
Ep   15: len= 27 黑胜 loss=19.2078 temp=1.00 total_env_steps=775 t=0.10s
Ep   16: len= 64 白胜 loss=19.6004 temp=1.00 total_env_steps=839 t=0.21s
Ep   17: len= 53 黑胜 loss=18.6538 temp=1.00 total_env_steps=892 t=0.18s
Ep   18: len= 45 黑胜 loss=18.4722 temp=1.00 total_env_steps=937 t=0.14s
Ep   19: len= 62 白胜 loss=18.6608 temp=1.00 total_env_steps=999 t=0.20s
Ep   20: len= 45 黑胜 loss=18.2877 temp=1.00 total_env_steps=1044 t=0.15s
Ep   21: len= 47 黑胜 loss=18.4778 temp=1.00 total_env_steps=1091 t=0.14s
Ep   22: len= 53 黑胜 loss=18.9388 temp=1.00 total_env_steps=1144 t=0.17s
Ep   23: len= 48 白胜 loss=18.8161 temp=1.00 total_env_steps=1192 t=0.15s
Ep   24: len= 55 黑胜 loss=19.2481 temp=1.00 total_env_steps=1247 t=0.19s
Ep   25: len= 55 黑胜 loss=19.0950 temp=1.00 total_env_steps=1302 t=0.21s
Ep   26: len= 48 白胜 loss=18.4952 temp=1.00 total_env_steps=1350 t=0.16s
Ep   27: len= 46 白胜 loss=19.1514 temp=1.00 total_env_steps=1396 t=0.15s
Ep   28: len= 49 黑胜 loss=18.3788 temp=1.00 total_env_steps=1445 t=0.16s
Ep   29: len= 54 白胜 loss=19.2310 temp=1.00 total_env_steps=1499 t=0.18s
Ep   30: len= 67 黑胜 loss=18.0228 temp=1.00 total_env_steps=1566 t=0.21s
Ep   31: len= 65 黑胜 loss=18.1236 temp=1.00 total_env_steps=1631 t=0.29s
Ep   32: len= 59 黑胜 loss=19.5710 temp=1.00 total_env_steps=1690 t=0.21s
Ep   33: len= 61 黑胜 loss=18.8605 temp=1.00 total_env_steps=1751 t=0.19s
Ep   34: len= 55 黑胜 loss=19.1327 temp=1.00 total_env_steps=1806 t=0.19s
Ep   35: len= 45 黑胜 loss=18.7102 temp=1.00 total_env_steps=1851 t=0.14s
Ep   36: len= 65 黑胜 loss=18.5435 temp=1.00 total_env_steps=1916 t=0.20s
Ep   37: len= 59 黑胜 loss=19.0118 temp=1.00 total_env_steps=1975 t=0.19s
Ep   38: len= 56 白胜 loss=18.2989 temp=1.00 total_env_steps=2031 t=0.18s
Ep   39: len= 28 白胜 loss=18.8907 temp=1.00 total_env_steps=2059 t=0.10s
Ep   40: len= 47 黑胜 loss=18.2855 temp=1.00 total_env_steps=2106 t=0.16s
Ep   41: len= 65 黑胜 loss=18.7597 temp=1.00 total_env_steps=2171 t=0.21s
Ep   42: len= 67 黑胜 loss=19.1692 temp=1.00 total_env_steps=2238 t=0.21s
Ep   43: len= 39 黑胜 loss=18.8958 temp=1.00 total_env_steps=2277 t=0.13s
Ep   44: len= 68 白胜 loss=19.1413 temp=1.00 total_env_steps=2345 t=0.21s
Ep   45: len= 61 黑胜 loss=18.6128 temp=1.00 total_env_steps=2406 t=0.19s
Ep   46: len= 39 黑胜 loss=18.4399 temp=1.00 total_env_steps=2445 t=0.14s
Ep   47: len= 47 黑胜 loss=18.3832 temp=1.00 total_env_steps=2492 t=0.16s
Ep   48: len= 51 黑胜 loss=18.9695 temp=1.00 total_env_steps=2543 t=0.17s
Ep   49: len= 45 黑胜 loss=18.8441 temp=1.00 total_env_steps=2588 t=0.15s
Ep   50: len= 56 白胜 loss=18.4551 temp=1.00 total_env_steps=2644 t=0.17s
  eval vs Gomoku-random-v0: win_rate=0.95 mean_return=0.90（20 局，total_env_steps=2644）
  ✅ 达标 ep=50 total_env_steps=2644
Ep   51: len= 56 白胜 loss=18.5028 temp=1.00 total_env_steps=2700 t=0.18s
Ep   52: len= 51 黑胜 loss=19.7902 temp=1.00 total_env_steps=2751 t=0.16s
Ep   53: len= 67 黑胜 loss=18.6989 temp=1.00 total_env_steps=2818 t=0.23s
Ep   54: len= 33 黑胜 loss=18.2416 temp=1.00 total_env_steps=2851 t=0.12s
Ep   55: len= 58 白胜 loss=19.1418 temp=1.00 total_env_steps=2909 t=0.22s
Ep   56: len= 81 平局 loss=18.5222 temp=1.00 total_env_steps=2990 t=0.25s
Ep   57: len= 27 黑胜 loss=18.8353 temp=1.00 total_env_steps=3017 t=0.09s
Ep   58: len= 38 白胜 loss=18.0334 temp=1.00 total_env_steps=3055 t=0.12s
Ep   59: len= 45 黑胜 loss=18.9739 temp=1.00 total_env_steps=3100 t=0.14s
Ep   60: len= 37 黑胜 loss=18.3035 temp=1.00 total_env_steps=3137 t=0.13s
Ep   61: len= 70 白胜 loss=19.4147 temp=1.00 total_env_steps=3207 t=0.22s
Ep   62: len= 64 白胜 loss=19.3084 temp=1.00 total_env_steps=3271 t=0.20s
Ep   63: len= 48 白胜 loss=18.9349 temp=1.00 total_env_steps=3319 t=0.16s
Ep   64: len= 59 黑胜 loss=19.1107 temp=1.00 total_env_steps=3378 t=0.18s
Ep   65: len= 66 白胜 loss=18.8399 temp=1.00 total_env_steps=3444 t=0.21s
Ep   66: len= 56 白胜 loss=18.8282 temp=1.00 total_env_steps=3500 t=0.19s
Ep   67: len= 53 黑胜 loss=18.1771 temp=1.00 total_env_steps=3553 t=0.16s
Ep   68: len= 51 黑胜 loss=18.8964 temp=1.00 total_env_steps=3604 t=0.17s
Ep   69: len= 64 白胜 loss=18.1089 temp=1.00 total_env_steps=3668 t=0.20s
Ep   70: len= 29 黑胜 loss=18.8997 temp=1.00 total_env_steps=3697 t=0.11s
Ep   71: len= 49 黑胜 loss=19.1910 temp=1.00 total_env_steps=3746 t=0.17s
Ep   72: len= 52 白胜 loss=19.8793 temp=1.00 total_env_steps=3798 t=0.18s
Ep   73: len= 52 白胜 loss=18.9410 temp=1.00 total_env_steps=3850 t=0.16s
Ep   74: len= 48 白胜 loss=19.2125 temp=1.00 total_env_steps=3898 t=0.17s
Ep   75: len= 56 白胜 loss=18.3664 temp=1.00 total_env_steps=3954 t=0.18s
Ep   76: len= 59 黑胜 loss=18.8889 temp=1.00 total_env_steps=4013 t=0.20s
Ep   77: len= 63 黑胜 loss=19.2626 temp=1.00 total_env_steps=4076 t=0.22s
Ep   78: len= 39 黑胜 loss=19.0255 temp=1.00 total_env_steps=4115 t=0.14s
Ep   79: len= 67 黑胜 loss=19.4546 temp=1.00 total_env_steps=4182 t=0.23s
Ep   80: len= 62 白胜 loss=18.7452 temp=1.00 total_env_steps=4244 t=0.19s
Ep   81: len= 52 白胜 loss=18.1694 temp=1.00 total_env_steps=4296 t=0.16s
Ep   82: len= 49 黑胜 loss=17.9485 temp=1.00 total_env_steps=4345 t=0.16s
Ep   83: len= 55 黑胜 loss=18.7995 temp=1.00 total_env_steps=4400 t=0.19s
Ep   84: len= 56 白胜 loss=18.4648 temp=1.00 total_env_steps=4456 t=0.19s
Ep   85: len= 47 黑胜 loss=18.4771 temp=1.00 total_env_steps=4503 t=0.16s
Ep   86: len= 52 白胜 loss=19.3694 temp=1.00 total_env_steps=4555 t=0.19s
Ep   87: len= 50 白胜 loss=18.6851 temp=1.00 total_env_steps=4605 t=0.19s
Ep   88: len= 16 白胜 loss=18.8529 temp=1.00 total_env_steps=4621 t=0.08s
Ep   89: len= 48 白胜 loss=18.1971 temp=1.00 total_env_steps=4669 t=0.15s
Ep   90: len= 76 白胜 loss=18.9054 temp=1.00 total_env_steps=4745 t=0.24s
Ep   91: len= 49 黑胜 loss=18.3860 temp=1.00 total_env_steps=4794 t=0.14s
Ep   92: len= 60 白胜 loss=18.2660 temp=1.00 total_env_steps=4854 t=0.18s
Ep   93: len= 61 黑胜 loss=19.0419 temp=1.00 total_env_steps=4915 t=0.18s
Ep   94: len= 45 黑胜 loss=18.5945 temp=1.00 total_env_steps=4960 t=0.14s
Ep   95: len= 46 白胜 loss=18.3168 temp=1.00 total_env_steps=5006 t=0.14s
Ep   96: len= 62 白胜 loss=18.1170 temp=1.00 total_env_steps=5068 t=0.19s
Ep   97: len= 33 黑胜 loss=17.9093 temp=1.00 total_env_steps=5101 t=0.11s
Ep   98: len= 60 白胜 loss=19.1234 temp=1.00 total_env_steps=5161 t=0.22s
Ep   99: len= 75 黑胜 loss=18.9568 temp=1.00 total_env_steps=5236 t=0.24s
Ep  100: len= 49 黑胜 loss=18.5565 temp=1.00 total_env_steps=5285 t=0.16s
  eval vs Gomoku-random-v0: win_rate=0.95 mean_return=0.90（20 局，total_env_steps=5285）
Ep  101: len= 80 白胜 loss=18.9711 temp=1.00 total_env_steps=5365 t=0.25s
Ep  102: len= 53 黑胜 loss=18.3745 temp=0.99 total_env_steps=5418 t=0.16s
Ep  103: len= 29 黑胜 loss=18.8215 temp=0.99 total_env_steps=5447 t=0.10s
Ep  104: len= 43 黑胜 loss=18.4352 temp=0.98 total_env_steps=5490 t=0.14s
Ep  105: len= 36 白胜 loss=18.2179 temp=0.97 total_env_steps=5526 t=0.12s
Ep  106: len= 62 白胜 loss=18.4701 temp=0.96 total_env_steps=5588 t=0.21s
Ep  107: len= 46 白胜 loss=19.3932 temp=0.95 total_env_steps=5634 t=0.15s
Ep  108: len= 61 黑胜 loss=18.4309 temp=0.95 total_env_steps=5695 t=0.18s
Ep  109: len= 45 黑胜 loss=18.2232 temp=0.94 total_env_steps=5740 t=0.15s
Ep  110: len= 43 黑胜 loss=18.3638 temp=0.93 total_env_steps=5783 t=0.13s
Ep  111: len= 49 黑胜 loss=18.7610 temp=0.93 total_env_steps=5832 t=0.15s
Ep  112: len= 59 黑胜 loss=18.5461 temp=0.92 total_env_steps=5891 t=0.18s
Ep  113: len= 64 白胜 loss=18.7292 temp=0.91 total_env_steps=5955 t=0.21s
Ep  114: len= 36 白胜 loss=18.2526 temp=0.90 total_env_steps=5991 t=0.12s
Ep  115: len= 49 黑胜 loss=18.6215 temp=0.89 total_env_steps=6040 t=0.15s
Ep  116: len= 30 白胜 loss=18.2447 temp=0.89 total_env_steps=6070 t=0.11s
Ep  117: len= 56 白胜 loss=18.0263 temp=0.88 total_env_steps=6126 t=0.19s
Ep  118: len= 46 白胜 loss=18.7024 temp=0.87 total_env_steps=6172 t=0.17s
Ep  119: len= 70 白胜 loss=19.2248 temp=0.87 total_env_steps=6242 t=0.22s
Ep  120: len= 39 黑胜 loss=18.5491 temp=0.86 total_env_steps=6281 t=0.14s
Ep  121: len= 35 黑胜 loss=19.0748 temp=0.85 total_env_steps=6316 t=0.13s
Ep  122: len= 56 白胜 loss=18.2926 temp=0.84 total_env_steps=6372 t=0.17s
Ep  123: len= 36 白胜 loss=18.2838 temp=0.84 total_env_steps=6408 t=0.14s
Ep  124: len= 42 白胜 loss=19.0740 temp=0.83 total_env_steps=6450 t=0.16s
Ep  125: len= 39 黑胜 loss=18.5536 temp=0.82 total_env_steps=6489 t=0.13s
Ep  126: len= 33 黑胜 loss=19.0018 temp=0.81 total_env_steps=6522 t=0.12s
Ep  127: len= 35 黑胜 loss=18.9654 temp=0.81 total_env_steps=6557 t=0.13s
Ep  128: len= 55 黑胜 loss=18.1799 temp=0.80 total_env_steps=6612 t=0.16s
Ep  129: len= 53 黑胜 loss=18.7664 temp=0.79 total_env_steps=6665 t=0.17s
Ep  130: len= 53 黑胜 loss=18.2660 temp=0.78 total_env_steps=6718 t=0.16s
Ep  131: len= 60 白胜 loss=18.1495 temp=0.77 total_env_steps=6778 t=0.19s
Ep  132: len= 13 黑胜 loss=18.8362 temp=0.77 total_env_steps=6791 t=0.07s
Ep  133: len= 54 白胜 loss=18.9161 temp=0.76 total_env_steps=6845 t=0.19s
Ep  134: len= 23 黑胜 loss=18.6963 temp=0.75 total_env_steps=6868 t=0.09s
Ep  135: len= 52 白胜 loss=18.2909 temp=0.75 total_env_steps=6920 t=0.17s
Ep  136: len= 55 黑胜 loss=18.7504 temp=0.74 total_env_steps=6975 t=0.17s
Ep  137: len= 54 白胜 loss=18.3072 temp=0.73 total_env_steps=7029 t=0.17s
Ep  138: len= 37 黑胜 loss=18.2774 temp=0.72 total_env_steps=7066 t=0.13s
Ep  139: len= 72 白胜 loss=19.2471 temp=0.72 total_env_steps=7138 t=0.25s
Ep  140: len= 33 黑胜 loss=18.7225 temp=0.71 total_env_steps=7171 t=0.13s
Ep  141: len= 57 黑胜 loss=18.5405 temp=0.70 total_env_steps=7228 t=0.20s
Ep  142: len= 42 白胜 loss=19.3095 temp=0.69 total_env_steps=7270 t=0.15s
Ep  143: len= 44 白胜 loss=17.8676 temp=0.69 total_env_steps=7314 t=0.14s
Ep  144: len= 29 黑胜 loss=18.3522 temp=0.68 total_env_steps=7343 t=0.12s
Ep  145: len= 44 白胜 loss=19.3107 temp=0.67 total_env_steps=7387 t=0.16s
Ep  146: len= 47 黑胜 loss=18.5485 temp=0.66 total_env_steps=7434 t=0.16s
Ep  147: len= 59 黑胜 loss=18.8411 temp=0.65 total_env_steps=7493 t=0.19s
Ep  148: len= 40 白胜 loss=18.4437 temp=0.65 total_env_steps=7533 t=0.13s
Ep  149: len= 27 黑胜 loss=18.7727 temp=0.64 total_env_steps=7560 t=0.10s
Ep  150: len= 37 黑胜 loss=18.4437 temp=0.63 total_env_steps=7597 t=0.12s
  eval vs Gomoku-random-v0: win_rate=0.95 mean_return=0.90（20 局，total_env_steps=7597）
Ep  151: len= 57 黑胜 loss=18.7443 temp=0.62 total_env_steps=7654 t=0.17s
Ep  152: len= 57 黑胜 loss=18.5618 temp=0.62 total_env_steps=7711 t=0.19s
Ep  153: len= 52 白胜 loss=19.0061 temp=0.61 total_env_steps=7763 t=0.18s
Ep  154: len= 54 白胜 loss=18.3496 temp=0.60 total_env_steps=7817 t=0.19s
Ep  155: len= 43 黑胜 loss=18.1428 temp=0.59 total_env_steps=7860 t=0.14s
Ep  156: len= 66 白胜 loss=18.4662 temp=0.59 total_env_steps=7926 t=0.20s
Ep  157: len= 58 白胜 loss=17.8652 temp=0.58 total_env_steps=7984 t=0.19s
Ep  158: len= 51 黑胜 loss=17.7370 temp=0.57 total_env_steps=8035 t=0.16s
Ep  159: len= 39 黑胜 loss=18.5110 temp=0.56 total_env_steps=8074 t=0.12s
Ep  160: len= 50 白胜 loss=18.1090 temp=0.56 total_env_steps=8124 t=0.16s
Ep  161: len= 47 黑胜 loss=18.2305 temp=0.55 total_env_steps=8171 t=0.16s
Ep  162: len= 26 白胜 loss=18.3040 temp=0.54 total_env_steps=8197 t=0.10s
Ep  163: len= 33 黑胜 loss=18.5807 temp=0.53 total_env_steps=8230 t=0.11s
Ep  164: len= 55 黑胜 loss=18.9758 temp=0.53 total_env_steps=8285 t=0.20s
Ep  165: len= 50 白胜 loss=18.5950 temp=0.52 total_env_steps=8335 t=0.15s
Ep  166: len= 55 黑胜 loss=18.1454 temp=0.51 total_env_steps=8390 t=0.17s
Ep  167: len= 55 黑胜 loss=18.5190 temp=0.50 total_env_steps=8445 t=0.17s
Ep  168: len= 22 白胜 loss=18.1764 temp=0.50 total_env_steps=8467 t=0.09s
Ep  169: len= 23 黑胜 loss=18.6879 temp=0.49 total_env_steps=8490 t=0.09s
Ep  170: len= 62 白胜 loss=18.3980 temp=0.48 total_env_steps=8552 t=0.19s
Ep  171: len= 37 黑胜 loss=18.6734 temp=0.48 total_env_steps=8589 t=0.13s
Ep  172: len= 29 黑胜 loss=18.6039 temp=0.47 total_env_steps=8618 t=0.12s
Ep  173: len= 39 黑胜 loss=19.0798 temp=0.46 total_env_steps=8657 t=0.14s
Ep  174: len= 45 黑胜 loss=18.1042 temp=0.45 total_env_steps=8702 t=0.15s
Ep  175: len= 53 黑胜 loss=18.2407 temp=0.44 total_env_steps=8755 t=0.19s
Ep  176: len= 45 黑胜 loss=18.0828 temp=0.44 total_env_steps=8800 t=0.15s
Ep  177: len= 63 黑胜 loss=18.3520 temp=0.43 total_env_steps=8863 t=0.19s
Ep  178: len= 43 黑胜 loss=18.1436 temp=0.42 total_env_steps=8906 t=0.14s
Ep  179: len= 45 黑胜 loss=18.1812 temp=0.42 total_env_steps=8951 t=0.15s
Ep  180: len= 53 黑胜 loss=18.3224 temp=0.41 total_env_steps=9004 t=0.16s
Ep  181: len= 49 黑胜 loss=18.5629 temp=0.40 total_env_steps=9053 t=0.16s
Ep  182: len= 57 黑胜 loss=17.4772 temp=0.39 total_env_steps=9110 t=0.18s
Ep  183: len= 51 黑胜 loss=18.1129 temp=0.38 total_env_steps=9161 t=0.19s
Ep  184: len= 30 白胜 loss=18.5751 temp=0.38 total_env_steps=9191 t=0.13s
Ep  185: len= 39 黑胜 loss=18.2092 temp=0.37 total_env_steps=9230 t=0.13s
Ep  186: len= 35 黑胜 loss=18.0758 temp=0.36 total_env_steps=9265 t=0.13s
Ep  187: len= 29 黑胜 loss=18.8656 temp=0.36 total_env_steps=9294 t=0.10s
Ep  188: len= 51 黑胜 loss=18.3959 temp=0.35 total_env_steps=9345 t=0.18s
Ep  189: len= 57 黑胜 loss=18.6018 temp=0.34 total_env_steps=9402 t=0.18s
Ep  190: len= 59 黑胜 loss=18.8615 temp=0.33 total_env_steps=9461 t=0.20s
Ep  191: len= 37 黑胜 loss=18.7545 temp=0.33 total_env_steps=9498 t=0.14s
Ep  192: len= 53 黑胜 loss=18.6074 temp=0.32 total_env_steps=9551 t=0.17s
Ep  193: len= 33 黑胜 loss=18.3258 temp=0.31 total_env_steps=9584 t=0.11s
Ep  194: len= 53 黑胜 loss=17.7911 temp=0.30 total_env_steps=9637 t=0.15s
Ep  195: len= 53 黑胜 loss=18.5608 temp=0.30 total_env_steps=9690 t=0.16s
Ep  196: len= 35 黑胜 loss=19.0724 temp=0.29 total_env_steps=9725 t=0.14s
Ep  197: len= 44 白胜 loss=18.7781 temp=0.28 total_env_steps=9769 t=0.15s
Ep  198: len= 61 黑胜 loss=18.4889 temp=0.27 total_env_steps=9830 t=0.19s
Ep  199: len= 29 黑胜 loss=18.4334 temp=0.26 total_env_steps=9859 t=0.11s
Ep  200: len= 31 黑胜 loss=18.7337 temp=0.26 total_env_steps=9890 t=0.11s
  eval vs Gomoku-random-v0: win_rate=0.85 mean_return=0.70（20 局，total_env_steps=9890）
  📸 已拍权重快照（ep=200，gating 对弈基准）
Ep  201: len= 26 白胜 loss=18.7236 temp=0.25 total_env_steps=9916 t=0.10s
Ep  202: len= 33 黑胜 loss=18.1958 temp=0.25 total_env_steps=9949 t=0.11s
Ep  203: len= 35 黑胜 loss=18.5589 temp=0.25 total_env_steps=9984 t=0.14s
Ep  204: len= 26 白胜 loss=18.2225 temp=0.25 total_env_steps=10010 t=0.11s
Ep  205: len= 49 黑胜 loss=18.4247 temp=0.25 total_env_steps=10059 t=0.15s
Ep  206: len= 42 白胜 loss=17.6523 temp=0.25 total_env_steps=10101 t=0.15s
Ep  207: len= 39 黑胜 loss=18.1143 temp=0.25 total_env_steps=10140 t=0.15s
Ep  208: len= 73 黑胜 loss=18.1430 temp=0.25 total_env_steps=10213 t=0.22s
Ep  209: len= 61 黑胜 loss=18.2164 temp=0.25 total_env_steps=10274 t=0.19s
Ep  210: len= 62 白胜 loss=18.5629 temp=0.25 total_env_steps=10336 t=0.21s
Ep  211: len= 45 黑胜 loss=18.7882 temp=0.25 total_env_steps=10381 t=0.16s
Ep  212: len= 44 白胜 loss=18.8447 temp=0.25 total_env_steps=10425 t=0.15s
Ep  213: len= 53 黑胜 loss=18.8308 temp=0.25 total_env_steps=10478 t=0.19s
Ep  214: len= 46 白胜 loss=17.7461 temp=0.25 total_env_steps=10524 t=0.15s
Ep  215: len= 57 黑胜 loss=18.3626 temp=0.25 total_env_steps=10581 t=0.18s
Ep  216: len= 21 黑胜 loss=18.4733 temp=0.25 total_env_steps=10602 t=0.11s
Ep  217: len= 31 黑胜 loss=18.4567 temp=0.25 total_env_steps=10633 t=0.11s
Ep  218: len= 28 白胜 loss=18.6729 temp=0.25 total_env_steps=10661 t=0.12s
Ep  219: len= 49 黑胜 loss=18.8977 temp=0.25 total_env_steps=10710 t=0.17s
Ep  220: len= 41 黑胜 loss=18.1199 temp=0.25 total_env_steps=10751 t=0.13s
Ep  221: len= 26 白胜 loss=18.8199 temp=0.25 total_env_steps=10777 t=0.11s
Ep  222: len= 37 黑胜 loss=18.3514 temp=0.25 total_env_steps=10814 t=0.14s
Ep  223: len= 33 黑胜 loss=18.9014 temp=0.25 total_env_steps=10847 t=0.13s
Ep  224: len= 63 黑胜 loss=19.8182 temp=0.25 total_env_steps=10910 t=0.22s
Ep  225: len= 31 黑胜 loss=18.1784 temp=0.25 total_env_steps=10941 t=0.12s
Ep  226: len= 39 黑胜 loss=18.3898 temp=0.25 total_env_steps=10980 t=0.16s
Ep  227: len= 37 黑胜 loss=19.2048 temp=0.25 total_env_steps=11017 t=0.13s
Ep  228: len= 34 白胜 loss=19.1560 temp=0.25 total_env_steps=11051 t=0.14s
Ep  229: len= 51 黑胜 loss=18.2409 temp=0.25 total_env_steps=11102 t=0.18s
Ep  230: len= 27 黑胜 loss=18.3123 temp=0.25 total_env_steps=11129 t=0.12s
Ep  231: len= 71 黑胜 loss=18.6330 temp=0.25 total_env_steps=11200 t=0.23s
Ep  232: len= 34 白胜 loss=19.0524 temp=0.25 total_env_steps=11234 t=0.14s
Ep  233: len= 51 黑胜 loss=18.3950 temp=0.25 total_env_steps=11285 t=0.18s
Ep  234: len= 56 白胜 loss=18.2280 temp=0.25 total_env_steps=11341 t=0.19s
Ep  235: len= 41 黑胜 loss=18.1744 temp=0.25 total_env_steps=11382 t=0.15s
Ep  236: len= 34 白胜 loss=18.1822 temp=0.25 total_env_steps=11416 t=0.14s
Ep  237: len= 34 白胜 loss=18.7565 temp=0.25 total_env_steps=11450 t=0.14s
Ep  238: len= 39 黑胜 loss=18.8544 temp=0.25 total_env_steps=11489 t=0.14s
Ep  239: len= 65 黑胜 loss=18.5743 temp=0.25 total_env_steps=11554 t=0.21s
Ep  240: len= 31 黑胜 loss=18.9964 temp=0.25 total_env_steps=11585 t=0.13s
Ep  241: len= 37 黑胜 loss=18.0214 temp=0.25 total_env_steps=11622 t=0.14s
Ep  242: len= 35 黑胜 loss=18.9347 temp=0.25 total_env_steps=11657 t=0.14s
Ep  243: len= 41 黑胜 loss=18.3584 temp=0.25 total_env_steps=11698 t=0.15s
Ep  244: len= 49 黑胜 loss=18.5831 temp=0.25 total_env_steps=11747 t=0.19s
Ep  245: len= 60 白胜 loss=17.4678 temp=0.25 total_env_steps=11807 t=0.21s
Ep  246: len= 23 黑胜 loss=18.3404 temp=0.25 total_env_steps=11830 t=0.11s
Ep  247: len= 44 白胜 loss=18.2863 temp=0.25 total_env_steps=11874 t=0.15s
Ep  248: len= 81 平局 loss=18.6385 temp=0.25 total_env_steps=11955 t=0.25s
Ep  249: len= 47 黑胜 loss=18.6814 temp=0.25 total_env_steps=12002 t=0.19s
Ep  250: len= 31 黑胜 loss=18.7321 temp=0.25 total_env_steps=12033 t=0.13s
  eval vs Gomoku-random-v0: win_rate=0.95 mean_return=0.90（20 局，total_env_steps=12033）
Ep  251: len= 36 白胜 loss=17.8729 temp=0.25 total_env_steps=12069 t=0.14s
Ep  252: len= 46 白胜 loss=17.8443 temp=0.25 total_env_steps=12115 t=0.15s
Ep  253: len= 39 黑胜 loss=17.9022 temp=0.25 total_env_steps=12154 t=0.16s
Ep  254: len= 47 黑胜 loss=19.0945 temp=0.25 total_env_steps=12201 t=0.17s
Ep  255: len= 71 黑胜 loss=18.3358 temp=0.25 total_env_steps=12272 t=0.26s
Ep  256: len= 27 黑胜 loss=18.1963 temp=0.25 total_env_steps=12299 t=0.12s
Ep  257: len= 43 黑胜 loss=18.0539 temp=0.25 total_env_steps=12342 t=0.15s
Ep  258: len= 41 黑胜 loss=17.9851 temp=0.25 total_env_steps=12383 t=0.15s
Ep  259: len= 28 白胜 loss=17.9464 temp=0.25 total_env_steps=12411 t=0.12s
Ep  260: len= 62 白胜 loss=18.1565 temp=0.25 total_env_steps=12473 t=0.22s
Ep  261: len= 62 白胜 loss=18.3518 temp=0.25 total_env_steps=12535 t=0.20s
Ep  262: len= 24 白胜 loss=18.3905 temp=0.25 total_env_steps=12559 t=0.10s
Ep  263: len= 55 黑胜 loss=18.5289 temp=0.25 total_env_steps=12614 t=0.21s
Ep  264: len= 62 白胜 loss=17.6759 temp=0.25 total_env_steps=12676 t=0.22s
Ep  265: len= 53 黑胜 loss=19.1932 temp=0.25 total_env_steps=12729 t=0.17s
Ep  266: len= 19 黑胜 loss=18.9204 temp=0.25 total_env_steps=12748 t=0.10s
Ep  267: len= 27 黑胜 loss=18.4394 temp=0.25 total_env_steps=12775 t=0.11s
Ep  268: len= 57 黑胜 loss=17.9820 temp=0.25 total_env_steps=12832 t=0.18s
Ep  269: len= 29 黑胜 loss=17.7296 temp=0.25 total_env_steps=12861 t=0.12s
Ep  270: len= 57 黑胜 loss=18.3836 temp=0.25 total_env_steps=12918 t=0.18s
Ep  271: len= 41 黑胜 loss=18.3582 temp=0.25 total_env_steps=12959 t=0.14s
Ep  272: len= 21 黑胜 loss=17.8848 temp=0.25 total_env_steps=12980 t=0.10s
Ep  273: len= 34 白胜 loss=18.1965 temp=0.25 total_env_steps=13014 t=0.14s
Ep  274: len= 37 黑胜 loss=18.4826 temp=0.25 total_env_steps=13051 t=0.14s
Ep  275: len= 59 黑胜 loss=18.1911 temp=0.25 total_env_steps=13110 t=0.21s
Ep  276: len= 53 黑胜 loss=18.7193 temp=0.25 total_env_steps=13163 t=0.17s
Ep  277: len= 34 白胜 loss=18.8583 temp=0.25 total_env_steps=13197 t=0.13s
Ep  278: len= 24 白胜 loss=18.5347 temp=0.25 total_env_steps=13221 t=0.11s
Ep  279: len= 51 黑胜 loss=17.5257 temp=0.25 total_env_steps=13272 t=0.18s
Ep  280: len= 23 黑胜 loss=17.4839 temp=0.25 total_env_steps=13295 t=0.10s
Ep  281: len= 76 白胜 loss=17.9136 temp=0.25 total_env_steps=13371 t=0.23s
Ep  282: len= 59 黑胜 loss=18.9371 temp=0.25 total_env_steps=13430 t=0.21s
Ep  283: len= 36 白胜 loss=19.0680 temp=0.25 total_env_steps=13466 t=0.14s
Ep  284: len= 34 白胜 loss=18.6588 temp=0.25 total_env_steps=13500 t=0.13s
Ep  285: len= 23 黑胜 loss=18.8307 temp=0.25 total_env_steps=13523 t=0.11s
Ep  286: len= 33 黑胜 loss=17.5923 temp=0.25 total_env_steps=13556 t=0.13s
Ep  287: len= 67 黑胜 loss=18.7516 temp=0.25 total_env_steps=13623 t=0.21s
Ep  288: len= 56 白胜 loss=18.2659 temp=0.25 total_env_steps=13679 t=0.18s
Ep  289: len= 31 黑胜 loss=18.4061 temp=0.25 total_env_steps=13710 t=0.12s
Ep  290: len= 47 黑胜 loss=18.2644 temp=0.25 total_env_steps=13757 t=0.18s
Ep  291: len= 27 黑胜 loss=18.4272 temp=0.25 total_env_steps=13784 t=0.10s
Ep  292: len= 35 黑胜 loss=18.2550 temp=0.25 total_env_steps=13819 t=0.13s
Ep  293: len= 50 白胜 loss=17.8120 temp=0.25 total_env_steps=13869 t=0.16s
Ep  294: len= 54 白胜 loss=17.3512 temp=0.25 total_env_steps=13923 t=0.18s
Ep  295: len= 58 白胜 loss=18.4039 temp=0.25 total_env_steps=13981 t=0.19s
Ep  296: len= 55 黑胜 loss=18.1167 temp=0.25 total_env_steps=14036 t=0.18s
Ep  297: len= 66 白胜 loss=18.0885 temp=0.25 total_env_steps=14102 t=0.20s
Ep  298: len= 47 黑胜 loss=17.7528 temp=0.25 total_env_steps=14149 t=0.16s
Ep  299: len= 56 白胜 loss=18.9687 temp=0.25 total_env_steps=14205 t=0.18s
Ep  300: len= 62 白胜 loss=18.0614 temp=0.25 total_env_steps=14267 t=0.20s
  eval vs Gomoku-random-v0: win_rate=0.90 mean_return=0.80（20 局，total_env_steps=14267）
Ep  301: len= 37 黑胜 loss=17.4696 temp=0.25 total_env_steps=14304 t=0.13s
Ep  302: len= 49 黑胜 loss=18.0118 temp=0.25 total_env_steps=14353 t=0.17s
Ep  303: len= 49 黑胜 loss=18.6377 temp=0.25 total_env_steps=14402 t=0.17s
Ep  304: len= 35 黑胜 loss=17.5112 temp=0.25 total_env_steps=14437 t=0.14s
Ep  305: len= 50 白胜 loss=18.0859 temp=0.25 total_env_steps=14487 t=0.16s
Ep  306: len= 33 黑胜 loss=18.3673 temp=0.25 total_env_steps=14520 t=0.13s
Ep  307: len= 55 黑胜 loss=18.1794 temp=0.25 total_env_steps=14575 t=0.20s
Ep  308: len= 37 黑胜 loss=17.6047 temp=0.25 total_env_steps=14612 t=0.14s
Ep  309: len= 29 黑胜 loss=18.2126 temp=0.25 total_env_steps=14641 t=0.12s
Ep  310: len= 25 黑胜 loss=17.7866 temp=0.25 total_env_steps=14666 t=0.11s
Ep  311: len= 31 黑胜 loss=18.9704 temp=0.25 total_env_steps=14697 t=0.13s
Ep  312: len= 42 白胜 loss=18.5383 temp=0.25 total_env_steps=14739 t=0.15s
Ep  313: len= 34 白胜 loss=18.1110 temp=0.25 total_env_steps=14773 t=0.14s
Ep  314: len= 39 黑胜 loss=17.4034 temp=0.25 total_env_steps=14812 t=0.13s
Ep  315: len= 19 黑胜 loss=17.7202 temp=0.25 total_env_steps=14831 t=0.09s
Ep  316: len= 50 白胜 loss=17.1387 temp=0.25 total_env_steps=14881 t=0.16s
Ep  317: len= 57 黑胜 loss=17.6555 temp=0.25 total_env_steps=14938 t=0.18s
Ep  318: len= 17 黑胜 loss=17.6908 temp=0.25 total_env_steps=14955 t=0.09s
Ep  319: len= 33 黑胜 loss=17.2353 temp=0.25 total_env_steps=14988 t=0.13s
Ep  320: len= 53 黑胜 loss=17.8226 temp=0.25 total_env_steps=15041 t=0.18s
Ep  321: len= 43 黑胜 loss=17.4125 temp=0.25 total_env_steps=15084 t=0.15s
Ep  322: len= 38 白胜 loss=17.1537 temp=0.25 total_env_steps=15122 t=0.14s
Ep  323: len= 54 白胜 loss=17.5583 temp=0.25 total_env_steps=15176 t=0.18s
Ep  324: len= 66 白胜 loss=18.4754 temp=0.25 total_env_steps=15242 t=0.22s
Ep  325: len= 49 黑胜 loss=17.4294 temp=0.25 total_env_steps=15291 t=0.17s
Ep  326: len= 66 白胜 loss=17.5193 temp=0.25 total_env_steps=15357 t=0.23s
Ep  327: len= 33 黑胜 loss=17.3469 temp=0.25 total_env_steps=15390 t=0.13s
Ep  328: len= 44 白胜 loss=16.9896 temp=0.25 total_env_steps=15434 t=0.14s
Ep  329: len= 45 黑胜 loss=16.9689 temp=0.25 total_env_steps=15479 t=0.17s
Ep  330: len= 28 白胜 loss=16.3371 temp=0.25 total_env_steps=15507 t=0.13s
Ep  331: len= 63 黑胜 loss=16.0133 temp=0.25 total_env_steps=15570 t=0.21s
Ep  332: len= 28 白胜 loss=16.9020 temp=0.25 total_env_steps=15598 t=0.11s
Ep  333: len= 40 白胜 loss=17.4589 temp=0.25 total_env_steps=15638 t=0.13s
Ep  334: len= 38 白胜 loss=17.7950 temp=0.25 total_env_steps=15676 t=0.15s
Ep  335: len= 56 白胜 loss=17.9343 temp=0.25 total_env_steps=15732 t=0.17s
Ep  336: len= 19 黑胜 loss=17.9445 temp=0.25 total_env_steps=15751 t=0.10s
Ep  337: len= 36 白胜 loss=16.9704 temp=0.25 total_env_steps=15787 t=0.13s
Ep  338: len= 28 白胜 loss=16.6754 temp=0.25 total_env_steps=15815 t=0.11s
Ep  339: len= 41 黑胜 loss=16.9344 temp=0.25 total_env_steps=15856 t=0.14s
Ep  340: len= 61 黑胜 loss=17.4265 temp=0.25 total_env_steps=15917 t=0.19s
Ep  341: len= 40 白胜 loss=17.0001 temp=0.25 total_env_steps=15957 t=0.14s
Ep  342: len= 32 白胜 loss=18.1039 temp=0.25 total_env_steps=15989 t=0.13s
Ep  343: len= 43 黑胜 loss=17.1095 temp=0.25 total_env_steps=16032 t=0.15s
Ep  344: len= 29 黑胜 loss=16.7661 temp=0.25 total_env_steps=16061 t=0.12s
Ep  345: len= 40 白胜 loss=17.1973 temp=0.25 total_env_steps=16101 t=0.15s
Ep  346: len= 36 白胜 loss=17.6751 temp=0.25 total_env_steps=16137 t=0.14s
Ep  347: len= 41 黑胜 loss=17.5836 temp=0.25 total_env_steps=16178 t=0.15s
Ep  348: len= 51 黑胜 loss=16.3557 temp=0.25 total_env_steps=16229 t=0.18s
Ep  349: len= 56 白胜 loss=16.6356 temp=0.25 total_env_steps=16285 t=0.18s
Ep  350: len= 57 黑胜 loss=17.4793 temp=0.25 total_env_steps=16342 t=0.18s
  eval vs Gomoku-random-v0: win_rate=0.95 mean_return=0.90（20 局，total_env_steps=16342）
Ep  351: len= 58 白胜 loss=17.7422 temp=0.25 total_env_steps=16400 t=0.22s
Ep  352: len= 46 白胜 loss=17.3426 temp=0.25 total_env_steps=16446 t=0.17s
Ep  353: len= 36 白胜 loss=18.2492 temp=0.25 total_env_steps=16482 t=0.13s
Ep  354: len= 63 黑胜 loss=17.3429 temp=0.25 total_env_steps=16545 t=0.21s
Ep  355: len= 34 白胜 loss=16.1632 temp=0.25 total_env_steps=16579 t=0.12s
Ep  356: len= 34 白胜 loss=17.3514 temp=0.25 total_env_steps=16613 t=0.14s
Ep  357: len= 13 黑胜 loss=17.4558 temp=0.25 total_env_steps=16626 t=0.07s
Ep  358: len= 36 白胜 loss=16.8484 temp=0.25 total_env_steps=16662 t=0.15s
Ep  359: len= 35 黑胜 loss=16.0428 temp=0.25 total_env_steps=16697 t=0.14s
Ep  360: len= 21 黑胜 loss=16.2598 temp=0.25 total_env_steps=16718 t=0.11s
Ep  361: len= 45 黑胜 loss=17.0601 temp=0.25 total_env_steps=16763 t=0.17s
Ep  362: len= 22 白胜 loss=16.4239 temp=0.25 total_env_steps=16785 t=0.10s
Ep  363: len= 20 白胜 loss=17.8651 temp=0.25 total_env_steps=16805 t=0.10s
Ep  364: len= 35 黑胜 loss=15.8403 temp=0.25 total_env_steps=16840 t=0.12s
Ep  365: len= 38 白胜 loss=17.3247 temp=0.25 total_env_steps=16878 t=0.15s
Ep  366: len= 37 黑胜 loss=17.1211 temp=0.25 total_env_steps=16915 t=0.17s
Ep  367: len= 39 黑胜 loss=16.5215 temp=0.25 total_env_steps=16954 t=0.16s
Ep  368: len= 56 白胜 loss=16.9040 temp=0.25 total_env_steps=17010 t=0.19s
Ep  369: len= 36 白胜 loss=17.3230 temp=0.25 total_env_steps=17046 t=0.14s
Ep  370: len= 47 黑胜 loss=17.2426 temp=0.25 total_env_steps=17093 t=0.18s
Ep  371: len= 38 白胜 loss=16.9726 temp=0.25 total_env_steps=17131 t=0.16s
Ep  372: len= 77 黑胜 loss=18.0212 temp=0.25 total_env_steps=17208 t=0.30s
Ep  373: len= 37 黑胜 loss=16.3221 temp=0.25 total_env_steps=17245 t=0.15s
Ep  374: len= 42 白胜 loss=16.3249 temp=0.25 total_env_steps=17287 t=0.16s
Ep  375: len= 31 黑胜 loss=17.0334 temp=0.25 total_env_steps=17318 t=0.14s
Ep  376: len= 47 黑胜 loss=16.9105 temp=0.25 total_env_steps=17365 t=0.18s
Ep  377: len= 47 黑胜 loss=16.4489 temp=0.25 total_env_steps=17412 t=0.18s
Ep  378: len= 30 白胜 loss=16.8878 temp=0.25 total_env_steps=17442 t=0.13s
Ep  379: len= 33 黑胜 loss=17.1245 temp=0.25 total_env_steps=17475 t=0.13s
Ep  380: len= 39 黑胜 loss=16.9905 temp=0.25 total_env_steps=17514 t=0.15s
Ep  381: len= 37 黑胜 loss=16.4875 temp=0.25 total_env_steps=17551 t=0.14s
Ep  382: len= 47 黑胜 loss=15.8501 temp=0.25 total_env_steps=17598 t=0.16s
Ep  383: len= 51 黑胜 loss=15.9161 temp=0.25 total_env_steps=17649 t=0.18s
Ep  384: len= 43 黑胜 loss=14.4734 temp=0.25 total_env_steps=17692 t=0.19s
Ep  385: len= 30 白胜 loss=16.7178 temp=0.25 total_env_steps=17722 t=0.12s
Ep  386: len= 25 黑胜 loss=15.8632 temp=0.25 total_env_steps=17747 t=0.11s
Ep  387: len= 47 黑胜 loss=16.4186 temp=0.25 total_env_steps=17794 t=0.16s
Ep  388: len= 29 黑胜 loss=15.0751 temp=0.25 total_env_steps=17823 t=0.11s
Ep  389: len= 30 白胜 loss=15.5144 temp=0.25 total_env_steps=17853 t=0.12s
Ep  390: len= 35 黑胜 loss=15.6638 temp=0.25 total_env_steps=17888 t=0.14s
Ep  391: len= 47 黑胜 loss=15.9406 temp=0.25 total_env_steps=17935 t=0.18s
Ep  392: len= 42 白胜 loss=16.2429 temp=0.25 total_env_steps=17977 t=0.16s
Ep  393: len= 37 黑胜 loss=15.2898 temp=0.25 total_env_steps=18014 t=0.14s
Ep  394: len= 56 白胜 loss=16.1676 temp=0.25 total_env_steps=18070 t=0.17s
Ep  395: len= 60 白胜 loss=15.8917 temp=0.25 total_env_steps=18130 t=0.18s
Ep  396: len= 46 白胜 loss=16.5985 temp=0.25 total_env_steps=18176 t=0.17s
Ep  397: len= 34 白胜 loss=14.6959 temp=0.25 total_env_steps=18210 t=0.14s
Ep  398: len= 29 黑胜 loss=15.5387 temp=0.25 total_env_steps=18239 t=0.13s
Ep  399: len= 43 黑胜 loss=16.7666 temp=0.25 total_env_steps=18282 t=0.16s
Ep  400: len= 41 黑胜 loss=14.5863 temp=0.25 total_env_steps=18323 t=0.15s
  eval vs Gomoku-random-v0: win_rate=0.95 mean_return=0.90（20 局，total_env_steps=18323）
[闸门] vs random（40 局）: win_rate=0.925
[闸门] vs 半程快照（40 局，黑白各半）: score=0.975
[梯队] vs naive0（20 局，观察性）: win_rate=0.00
[梯队] vs naive1（20 局，观察性）: win_rate=0.00
[梯队] vs naive2（20 局，观察性）: win_rate=0.00
[梯队] vs naive3（20 局，观察性）: win_rate=0.00
📈 Gomoku-selfplay-v0 win_rate=0.95（best 0.95）| 门槛 0.95 | 78.9s

--- M3 arm=cons 汇总（base 对照见 bench 头注释）---
  seed=42 vs_random=0.950 vs_snapshot=0.450 | 梯队 naive0=0.10 naive1=0.00 naive2=0.00 naive3=0.00 | env_steps=17121 wall=74s
  seed=43 vs_random=0.975 vs_snapshot=1.000 | 梯队 naive0=0.00 naive1=0.00 naive2=0.00 naive3=0.00 | env_steps=18885 wall=78s
  seed=44 vs_random=0.925 vs_snapshot=0.975 | 梯队 naive0=0.00 naive1=0.00 naive2=0.00 naive3=0.00 | env_steps=18323 wall=79s
ok

test result: ok. 1 passed; 0 failed; 0 ignored; 0 measured; 3416 filtered out; finished in 231.75s

     Running tests\cse_dedup.rs (target\release\deps\cse_dedup-7a657e998c2a0176.exe)

running 0 tests

test result: ok. 0 passed; 0 failed; 0 ignored; 0 measured; 1 filtered out; finished in 0.00s

     Running tests\mode_invariants.rs (target\release\deps\mode_invariants-12496c59841ba5c8.exe)

running 0 tests

test result: ok. 0 passed; 0 failed; 0 ignored; 0 measured; 9 filtered out; finished in 0.00s

     Running tests\onnx_otm_load_bench.rs (target\release\deps\onnx_otm_load_bench-39da60dd6dcd2511.exe)

running 0 tests

test result: ok. 0 passed; 0 failed; 0 ignored; 0 measured; 1 filtered out; finished in 0.00s

     Running tests\yolov5_xiangqi_import.rs (target\release\deps\yolov5_xiangqi_import-5a55f6b67c0e8a85.exe)

running 0 tests

test result: ok. 0 passed; 0 failed; 0 ignored; 0 measured; 6 filtered out; finished in 0.00s

