   Compiling only_torch v0.25.0 (D:\DATA\BaiduSyncdisk\project\personal\only_torch)
    Finished `release` profile [optimized] target(s) in 1m 05s
     Running unittests src\lib.rs (target\release\deps\only_torch-45d502c1e61c3f90.exe)

running 1 test
test rl::algo::my_zero::tests::gomoku_m3_bench::gomoku_m3_lr3e3 ... 
--- arm=lr3e3 seed=42 sims=100 ---
[MyZero-board Gomoku-selfplay-v0] obs=243(3×9²) |A|=81 sims=100 γ=1.0 negamax
Ep    1: len= 52 白胜 loss=0.0000 temp=1.00 total_env_steps=52 t=0.23s
Ep    2: len= 35 黑胜 loss=0.0000 temp=1.00 total_env_steps=87 t=0.20s
Ep    3: len= 54 白胜 loss=0.0000 temp=1.00 total_env_steps=141 t=0.22s
Ep    4: len= 58 白胜 loss=0.0000 temp=1.00 total_env_steps=199 t=0.21s
Ep    5: len= 57 黑胜 loss=0.0000 temp=1.00 total_env_steps=256 t=0.20s
Ep    6: len= 67 黑胜 loss=0.0000 temp=1.00 total_env_steps=323 t=0.23s
Ep    7: len= 35 黑胜 loss=0.0000 temp=1.00 total_env_steps=358 t=0.12s
Ep    8: len= 73 黑胜 loss=0.0000 temp=1.00 total_env_steps=431 t=0.25s
Ep    9: len= 43 黑胜 loss=0.0000 temp=1.00 total_env_steps=474 t=0.15s
Ep   10: len= 59 黑胜 loss=45.8625 temp=1.00 total_env_steps=533 t=0.22s
Ep   11: len= 63 黑胜 loss=31.4044 temp=1.00 total_env_steps=596 t=0.22s
Ep   12: len= 35 黑胜 loss=28.7346 temp=1.00 total_env_steps=631 t=0.13s
Ep   13: len= 39 黑胜 loss=29.2074 temp=1.00 total_env_steps=670 t=0.13s
Ep   14: len= 70 白胜 loss=28.2215 temp=1.00 total_env_steps=740 t=0.22s
Ep   15: len= 39 黑胜 loss=28.2180 temp=1.00 total_env_steps=779 t=0.13s
Ep   16: len= 60 白胜 loss=28.1933 temp=1.00 total_env_steps=839 t=0.19s
Ep   17: len= 25 黑胜 loss=28.0618 temp=1.00 total_env_steps=864 t=0.08s
Ep   18: len= 45 黑胜 loss=28.3756 temp=1.00 total_env_steps=909 t=0.14s
Ep   19: len= 44 白胜 loss=28.3405 temp=1.00 total_env_steps=953 t=0.16s
Ep   20: len= 56 白胜 loss=28.0647 temp=1.00 total_env_steps=1009 t=0.19s
Ep   21: len= 64 白胜 loss=28.6069 temp=1.00 total_env_steps=1073 t=0.21s
Ep   22: len= 47 黑胜 loss=28.2123 temp=1.00 total_env_steps=1120 t=0.15s
Ep   23: len= 43 黑胜 loss=28.0905 temp=1.00 total_env_steps=1163 t=0.14s
Ep   24: len= 51 黑胜 loss=27.9280 temp=1.00 total_env_steps=1214 t=0.15s
Ep   25: len= 59 黑胜 loss=28.5752 temp=1.00 total_env_steps=1273 t=0.18s
Ep   26: len= 37 黑胜 loss=28.2217 temp=1.00 total_env_steps=1310 t=0.12s
Ep   27: len= 55 黑胜 loss=28.1701 temp=1.00 total_env_steps=1365 t=0.17s
Ep   28: len= 52 白胜 loss=28.2856 temp=1.00 total_env_steps=1417 t=0.26s
Ep   29: len= 49 黑胜 loss=27.9366 temp=1.00 total_env_steps=1466 t=0.17s
Ep   30: len= 50 白胜 loss=27.8979 temp=1.00 total_env_steps=1516 t=0.18s
Ep   31: len= 64 白胜 loss=27.9504 temp=1.00 total_env_steps=1580 t=0.20s
Ep   32: len= 44 白胜 loss=28.2467 temp=1.00 total_env_steps=1624 t=0.14s
Ep   33: len= 51 黑胜 loss=28.2620 temp=1.00 total_env_steps=1675 t=0.15s
Ep   34: len= 64 白胜 loss=28.2649 temp=1.00 total_env_steps=1739 t=0.20s
Ep   35: len= 62 白胜 loss=28.3769 temp=1.00 total_env_steps=1801 t=0.20s
Ep   36: len= 59 黑胜 loss=28.2578 temp=1.00 total_env_steps=1860 t=0.18s
Ep   37: len= 50 白胜 loss=28.0105 temp=1.00 total_env_steps=1910 t=0.15s
Ep   38: len= 45 黑胜 loss=28.2378 temp=1.00 total_env_steps=1955 t=0.17s
Ep   39: len= 65 黑胜 loss=28.0546 temp=1.00 total_env_steps=2020 t=0.21s
Ep   40: len= 43 黑胜 loss=28.0642 temp=1.00 total_env_steps=2063 t=0.15s
Ep   41: len= 68 白胜 loss=28.0499 temp=1.00 total_env_steps=2131 t=0.29s
Ep   42: len= 54 白胜 loss=28.0476 temp=1.00 total_env_steps=2185 t=0.17s
Ep   43: len= 55 黑胜 loss=28.2963 temp=1.00 total_env_steps=2240 t=0.21s
Ep   44: len= 65 黑胜 loss=27.9140 temp=1.00 total_env_steps=2305 t=0.24s
Ep   45: len= 51 黑胜 loss=28.2893 temp=1.00 total_env_steps=2356 t=0.19s
Ep   46: len= 54 白胜 loss=28.0313 temp=1.00 total_env_steps=2410 t=0.22s
Ep   47: len= 56 白胜 loss=28.0032 temp=1.00 total_env_steps=2466 t=0.23s
Ep   48: len= 23 黑胜 loss=27.8393 temp=1.00 total_env_steps=2489 t=0.12s
Ep   49: len= 11 黑胜 loss=28.1202 temp=1.00 total_env_steps=2500 t=0.08s
Ep   50: len= 39 黑胜 loss=28.0867 temp=1.00 total_env_steps=2539 t=0.15s
  eval vs Gomoku-random-v0: win_rate=0.95 mean_return=0.90（20 局，total_env_steps=2539）
  ✅ 达标 ep=50 total_env_steps=2539
Ep   51: len= 47 黑胜 loss=28.0068 temp=1.00 total_env_steps=2586 t=0.22s
Ep   52: len= 56 白胜 loss=28.2093 temp=1.00 total_env_steps=2642 t=0.24s
Ep   53: len= 58 白胜 loss=28.1510 temp=1.00 total_env_steps=2700 t=0.21s
Ep   54: len= 40 白胜 loss=28.1278 temp=1.00 total_env_steps=2740 t=0.16s
Ep   55: len= 64 白胜 loss=27.9444 temp=1.00 total_env_steps=2804 t=0.24s
Ep   56: len= 30 白胜 loss=27.7874 temp=1.00 total_env_steps=2834 t=0.12s
Ep   57: len= 46 白胜 loss=28.0921 temp=1.00 total_env_steps=2880 t=0.19s
Ep   58: len= 47 黑胜 loss=27.9665 temp=1.00 total_env_steps=2927 t=0.19s
Ep   59: len= 62 白胜 loss=28.0362 temp=1.00 total_env_steps=2989 t=0.25s
Ep   60: len= 56 白胜 loss=27.8826 temp=1.00 total_env_steps=3045 t=0.23s
Ep   61: len= 37 黑胜 loss=27.8702 temp=1.00 total_env_steps=3082 t=0.16s
Ep   62: len= 27 黑胜 loss=28.1234 temp=1.00 total_env_steps=3109 t=0.11s
Ep   63: len= 60 白胜 loss=27.9494 temp=1.00 total_env_steps=3169 t=0.23s
Ep   64: len= 62 白胜 loss=28.0107 temp=1.00 total_env_steps=3231 t=0.24s
Ep   65: len= 48 白胜 loss=27.9105 temp=1.00 total_env_steps=3279 t=0.20s
Ep   66: len= 53 黑胜 loss=27.8227 temp=1.00 total_env_steps=3332 t=0.20s
Ep   67: len= 53 黑胜 loss=27.9022 temp=1.00 total_env_steps=3385 t=0.19s
Ep   68: len= 40 白胜 loss=28.0018 temp=1.00 total_env_steps=3425 t=0.17s
Ep   69: len= 32 白胜 loss=27.9670 temp=1.00 total_env_steps=3457 t=0.13s
Ep   70: len= 62 白胜 loss=27.9316 temp=1.00 total_env_steps=3519 t=0.32s
Ep   71: len= 66 白胜 loss=27.9600 temp=1.00 total_env_steps=3585 t=0.27s
Ep   72: len= 66 白胜 loss=27.9523 temp=1.00 total_env_steps=3651 t=0.29s
Ep   73: len= 66 白胜 loss=27.8222 temp=1.00 total_env_steps=3717 t=0.28s
Ep   74: len= 57 黑胜 loss=27.9097 temp=1.00 total_env_steps=3774 t=0.22s
Ep   75: len= 53 黑胜 loss=27.9864 temp=1.00 total_env_steps=3827 t=0.22s
Ep   76: len= 55 黑胜 loss=27.6917 temp=1.00 total_env_steps=3882 t=0.25s
Ep   77: len= 40 白胜 loss=27.8717 temp=1.00 total_env_steps=3922 t=0.17s
Ep   78: len= 39 黑胜 loss=27.9393 temp=1.00 total_env_steps=3961 t=0.15s
Ep   79: len= 39 黑胜 loss=27.8608 temp=1.00 total_env_steps=4000 t=0.16s
Ep   80: len= 38 白胜 loss=27.8680 temp=1.00 total_env_steps=4038 t=0.16s
Ep   81: len= 61 黑胜 loss=27.8086 temp=1.00 total_env_steps=4099 t=0.22s
Ep   82: len= 63 黑胜 loss=27.6209 temp=1.00 total_env_steps=4162 t=0.24s
Ep   83: len= 65 黑胜 loss=27.9482 temp=1.00 total_env_steps=4227 t=0.26s
Ep   84: len= 43 黑胜 loss=28.0136 temp=1.00 total_env_steps=4270 t=0.19s
Ep   85: len= 57 黑胜 loss=27.7498 temp=1.00 total_env_steps=4327 t=0.26s
Ep   86: len= 33 黑胜 loss=27.6684 temp=1.00 total_env_steps=4360 t=0.14s
Ep   87: len= 69 黑胜 loss=27.8924 temp=1.00 total_env_steps=4429 t=0.30s
Ep   88: len= 32 白胜 loss=27.9772 temp=1.00 total_env_steps=4461 t=0.13s
Ep   89: len= 25 黑胜 loss=27.7669 temp=1.00 total_env_steps=4486 t=0.11s
Ep   90: len= 57 黑胜 loss=27.8863 temp=1.00 total_env_steps=4543 t=0.23s
Ep   91: len= 56 白胜 loss=27.9702 temp=1.00 total_env_steps=4599 t=0.24s
Ep   92: len= 14 白胜 loss=27.8783 temp=1.00 total_env_steps=4613 t=0.09s
Ep   93: len= 31 黑胜 loss=27.6050 temp=1.00 total_env_steps=4644 t=0.13s
Ep   94: len= 29 黑胜 loss=27.8754 temp=1.00 total_env_steps=4673 t=0.13s
Ep   95: len= 35 黑胜 loss=27.4032 temp=1.00 total_env_steps=4708 t=0.15s
Ep   96: len= 41 黑胜 loss=27.7666 temp=1.00 total_env_steps=4749 t=0.18s
Ep   97: len= 23 黑胜 loss=27.7393 temp=1.00 total_env_steps=4772 t=0.10s
Ep   98: len= 27 黑胜 loss=27.8439 temp=1.00 total_env_steps=4799 t=0.13s
Ep   99: len= 24 白胜 loss=27.6616 temp=1.00 total_env_steps=4823 t=0.10s
Ep  100: len= 62 白胜 loss=27.6822 temp=1.00 total_env_steps=4885 t=0.25s
  eval vs Gomoku-random-v0: win_rate=0.95 mean_return=0.90（20 局，total_env_steps=4885）
Ep  101: len= 35 黑胜 loss=27.5210 temp=1.00 total_env_steps=4920 t=0.15s
Ep  102: len= 28 白胜 loss=27.6913 temp=0.99 total_env_steps=4948 t=0.13s
Ep  103: len= 43 黑胜 loss=27.7858 temp=0.99 total_env_steps=4991 t=0.17s
Ep  104: len= 37 黑胜 loss=27.7182 temp=0.98 total_env_steps=5028 t=0.17s
Ep  105: len= 40 白胜 loss=27.6244 temp=0.97 total_env_steps=5068 t=0.19s
Ep  106: len= 55 黑胜 loss=27.6478 temp=0.96 total_env_steps=5123 t=0.27s
Ep  107: len= 49 黑胜 loss=28.0466 temp=0.95 total_env_steps=5172 t=0.20s
Ep  108: len= 43 黑胜 loss=27.6894 temp=0.95 total_env_steps=5215 t=0.22s
Ep  109: len= 50 白胜 loss=27.5777 temp=0.94 total_env_steps=5265 t=0.23s
Ep  110: len= 51 黑胜 loss=27.6383 temp=0.93 total_env_steps=5316 t=0.24s
Ep  111: len= 60 白胜 loss=27.5589 temp=0.93 total_env_steps=5376 t=0.26s
Ep  112: len= 47 黑胜 loss=27.5850 temp=0.92 total_env_steps=5423 t=0.21s
Ep  113: len= 45 黑胜 loss=27.4882 temp=0.91 total_env_steps=5468 t=0.19s
Ep  114: len= 40 白胜 loss=27.7371 temp=0.90 total_env_steps=5508 t=0.17s
Ep  115: len= 38 白胜 loss=27.7296 temp=0.89 total_env_steps=5546 t=0.17s
Ep  116: len= 74 白胜 loss=27.3478 temp=0.89 total_env_steps=5620 t=0.31s
Ep  117: len= 64 白胜 loss=27.7089 temp=0.88 total_env_steps=5684 t=0.26s
Ep  118: len= 43 黑胜 loss=27.6348 temp=0.87 total_env_steps=5727 t=0.17s
Ep  119: len= 30 白胜 loss=27.6020 temp=0.87 total_env_steps=5757 t=0.13s
Ep  120: len= 50 白胜 loss=27.6060 temp=0.86 total_env_steps=5807 t=0.21s
Ep  121: len= 41 黑胜 loss=27.3472 temp=0.85 total_env_steps=5848 t=0.16s
Ep  122: len= 71 黑胜 loss=27.6399 temp=0.84 total_env_steps=5919 t=0.29s
Ep  123: len= 54 白胜 loss=27.8786 temp=0.84 total_env_steps=5973 t=0.22s
Ep  124: len= 45 黑胜 loss=27.5469 temp=0.83 total_env_steps=6018 t=0.22s
Ep  125: len= 47 黑胜 loss=27.4621 temp=0.82 total_env_steps=6065 t=0.22s
Ep  126: len= 46 白胜 loss=27.3353 temp=0.81 total_env_steps=6111 t=0.21s
Ep  127: len= 28 白胜 loss=27.5234 temp=0.81 total_env_steps=6139 t=0.14s
Ep  128: len= 31 黑胜 loss=27.4219 temp=0.80 total_env_steps=6170 t=0.15s
Ep  129: len= 28 白胜 loss=27.4512 temp=0.79 total_env_steps=6198 t=0.12s
Ep  130: len= 31 黑胜 loss=27.6717 temp=0.78 total_env_steps=6229 t=0.14s
Ep  131: len= 33 黑胜 loss=27.5027 temp=0.77 total_env_steps=6262 t=0.13s
Ep  132: len= 37 黑胜 loss=27.5982 temp=0.77 total_env_steps=6299 t=0.18s
Ep  133: len= 67 黑胜 loss=27.5841 temp=0.76 total_env_steps=6366 t=0.30s
Ep  134: len= 57 黑胜 loss=27.6035 temp=0.75 total_env_steps=6423 t=0.24s
Ep  135: len= 25 黑胜 loss=27.6601 temp=0.75 total_env_steps=6448 t=0.12s
Ep  136: len= 54 白胜 loss=27.7785 temp=0.74 total_env_steps=6502 t=0.21s
Ep  137: len= 53 黑胜 loss=27.7908 temp=0.73 total_env_steps=6555 t=0.22s
Ep  138: len= 60 白胜 loss=27.6294 temp=0.72 total_env_steps=6615 t=0.26s
Ep  139: len= 55 黑胜 loss=27.4095 temp=0.72 total_env_steps=6670 t=0.22s
Ep  140: len= 27 黑胜 loss=27.3351 temp=0.71 total_env_steps=6697 t=0.11s
Ep  141: len= 51 黑胜 loss=27.3663 temp=0.70 total_env_steps=6748 t=0.20s
Ep  142: len= 23 黑胜 loss=27.4289 temp=0.69 total_env_steps=6771 t=0.10s
Ep  143: len= 19 黑胜 loss=27.5189 temp=0.69 total_env_steps=6790 t=0.09s
Ep  144: len= 39 黑胜 loss=27.4633 temp=0.68 total_env_steps=6829 t=0.16s
Ep  145: len= 44 白胜 loss=27.7024 temp=0.67 total_env_steps=6873 t=0.18s
Ep  146: len= 30 白胜 loss=27.4122 temp=0.66 total_env_steps=6903 t=0.11s
Ep  147: len= 39 黑胜 loss=27.7606 temp=0.65 total_env_steps=6942 t=0.15s
Ep  148: len= 60 白胜 loss=27.6408 temp=0.65 total_env_steps=7002 t=0.25s
Ep  149: len= 34 白胜 loss=27.4645 temp=0.64 total_env_steps=7036 t=0.16s
Ep  150: len= 36 白胜 loss=27.2266 temp=0.63 total_env_steps=7072 t=0.14s
  eval vs Gomoku-random-v0: win_rate=1.00 mean_return=1.00（20 局，total_env_steps=7072）
Ep  151: len= 22 白胜 loss=27.5430 temp=0.62 total_env_steps=7094 t=0.11s
Ep  152: len= 45 黑胜 loss=27.2239 temp=0.62 total_env_steps=7139 t=0.19s
Ep  153: len= 27 黑胜 loss=27.6377 temp=0.61 total_env_steps=7166 t=0.12s
Ep  154: len= 45 黑胜 loss=27.4294 temp=0.60 total_env_steps=7211 t=0.17s
Ep  155: len= 42 白胜 loss=27.3257 temp=0.59 total_env_steps=7253 t=0.15s
Ep  156: len= 28 白胜 loss=27.4919 temp=0.59 total_env_steps=7281 t=0.11s
Ep  157: len= 55 黑胜 loss=27.5246 temp=0.58 total_env_steps=7336 t=0.23s
Ep  158: len= 11 黑胜 loss=27.2633 temp=0.57 total_env_steps=7347 t=0.06s
Ep  159: len= 62 白胜 loss=27.4739 temp=0.56 total_env_steps=7409 t=0.25s
Ep  160: len= 47 黑胜 loss=27.5729 temp=0.56 total_env_steps=7456 t=0.21s
Ep  161: len= 54 白胜 loss=27.3589 temp=0.55 total_env_steps=7510 t=0.25s
Ep  162: len= 60 白胜 loss=27.3309 temp=0.54 total_env_steps=7570 t=0.24s
Ep  163: len= 31 黑胜 loss=27.2371 temp=0.53 total_env_steps=7601 t=0.13s
Ep  164: len= 31 黑胜 loss=27.3891 temp=0.53 total_env_steps=7632 t=0.12s
Ep  165: len= 47 黑胜 loss=27.3607 temp=0.52 total_env_steps=7679 t=0.17s
Ep  166: len= 36 白胜 loss=27.0602 temp=0.51 total_env_steps=7715 t=0.13s
Ep  167: len= 57 黑胜 loss=27.2765 temp=0.50 total_env_steps=7772 t=0.20s
Ep  168: len= 57 黑胜 loss=27.2485 temp=0.50 total_env_steps=7829 t=0.22s
Ep  169: len= 57 黑胜 loss=27.2663 temp=0.49 total_env_steps=7886 t=0.21s
Ep  170: len= 28 白胜 loss=27.1530 temp=0.48 total_env_steps=7914 t=0.12s
Ep  171: len= 29 黑胜 loss=27.4580 temp=0.48 total_env_steps=7943 t=0.12s
Ep  172: len= 61 黑胜 loss=26.9991 temp=0.47 total_env_steps=8004 t=0.23s
Ep  173: len= 17 黑胜 loss=27.2656 temp=0.46 total_env_steps=8021 t=0.07s
Ep  174: len= 73 黑胜 loss=27.5073 temp=0.45 total_env_steps=8094 t=0.26s
Ep  175: len= 66 白胜 loss=27.2085 temp=0.44 total_env_steps=8160 t=0.24s
Ep  176: len= 29 黑胜 loss=27.4112 temp=0.44 total_env_steps=8189 t=0.11s
Ep  177: len= 63 黑胜 loss=27.5520 temp=0.43 total_env_steps=8252 t=0.25s
Ep  178: len= 54 白胜 loss=27.0849 temp=0.42 total_env_steps=8306 t=0.19s
Ep  179: len= 41 黑胜 loss=27.0774 temp=0.42 total_env_steps=8347 t=0.17s
Ep  180: len= 52 白胜 loss=27.6140 temp=0.41 total_env_steps=8399 t=0.20s
Ep  181: len= 39 黑胜 loss=27.4290 temp=0.40 total_env_steps=8438 t=0.17s
Ep  182: len= 15 黑胜 loss=27.2524 temp=0.39 total_env_steps=8453 t=0.09s
Ep  183: len= 44 白胜 loss=27.3110 temp=0.38 total_env_steps=8497 t=0.19s
Ep  184: len= 55 黑胜 loss=27.3254 temp=0.38 total_env_steps=8552 t=0.24s
Ep  185: len= 18 白胜 loss=27.3177 temp=0.37 total_env_steps=8570 t=0.10s
Ep  186: len= 41 黑胜 loss=27.3894 temp=0.36 total_env_steps=8611 t=0.19s
Ep  187: len= 13 黑胜 loss=27.2339 temp=0.36 total_env_steps=8624 t=0.06s
Ep  188: len= 62 白胜 loss=27.2074 temp=0.35 total_env_steps=8686 t=0.23s
Ep  189: len= 36 白胜 loss=26.9596 temp=0.34 total_env_steps=8722 t=0.15s
Ep  190: len= 39 黑胜 loss=27.2615 temp=0.33 total_env_steps=8761 t=0.15s
Ep  191: len= 34 白胜 loss=27.2604 temp=0.33 total_env_steps=8795 t=0.14s
Ep  192: len= 35 黑胜 loss=27.2135 temp=0.32 total_env_steps=8830 t=0.14s
Ep  193: len= 35 黑胜 loss=26.9989 temp=0.31 total_env_steps=8865 t=0.16s
Ep  194: len= 52 白胜 loss=26.9584 temp=0.30 total_env_steps=8917 t=0.22s
Ep  195: len= 64 白胜 loss=27.2087 temp=0.30 total_env_steps=8981 t=0.24s
Ep  196: len= 56 白胜 loss=27.0287 temp=0.29 total_env_steps=9037 t=0.23s
Ep  197: len= 52 白胜 loss=27.2812 temp=0.28 total_env_steps=9089 t=0.21s
Ep  198: len= 39 黑胜 loss=27.2060 temp=0.27 total_env_steps=9128 t=0.17s
Ep  199: len= 13 黑胜 loss=27.1203 temp=0.26 total_env_steps=9141 t=0.07s
Ep  200: len= 58 白胜 loss=27.2700 temp=0.26 total_env_steps=9199 t=0.23s
  eval vs Gomoku-random-v0: win_rate=1.00 mean_return=1.00（20 局，total_env_steps=9199）
  📸 已拍权重快照（ep=200，gating 对弈基准）
Ep  201: len= 52 白胜 loss=27.0217 temp=0.25 total_env_steps=9251 t=0.19s
Ep  202: len= 64 白胜 loss=27.1573 temp=0.25 total_env_steps=9315 t=0.25s
Ep  203: len= 22 白胜 loss=27.0630 temp=0.25 total_env_steps=9337 t=0.10s
Ep  204: len= 51 黑胜 loss=27.1259 temp=0.25 total_env_steps=9388 t=0.20s
Ep  205: len= 27 黑胜 loss=27.1003 temp=0.25 total_env_steps=9415 t=0.14s
Ep  206: len= 44 白胜 loss=26.8003 temp=0.25 total_env_steps=9459 t=0.18s
Ep  207: len= 45 黑胜 loss=26.6509 temp=0.25 total_env_steps=9504 t=0.21s
Ep  208: len= 40 白胜 loss=27.0227 temp=0.25 total_env_steps=9544 t=0.21s
Ep  209: len= 31 黑胜 loss=26.9047 temp=0.25 total_env_steps=9575 t=0.16s
Ep  210: len= 29 黑胜 loss=26.7964 temp=0.25 total_env_steps=9604 t=0.19s
Ep  211: len= 29 黑胜 loss=27.0796 temp=0.25 total_env_steps=9633 t=0.17s
Ep  212: len= 44 白胜 loss=26.9625 temp=0.25 total_env_steps=9677 t=0.25s
Ep  213: len= 47 黑胜 loss=26.7246 temp=0.25 total_env_steps=9724 t=0.28s
Ep  214: len= 65 黑胜 loss=26.6641 temp=0.25 total_env_steps=9789 t=0.35s
Ep  215: len= 45 黑胜 loss=26.4857 temp=0.25 total_env_steps=9834 t=0.26s
Ep  216: len= 57 黑胜 loss=26.9852 temp=0.25 total_env_steps=9891 t=0.30s
Ep  217: len= 66 白胜 loss=26.6796 temp=0.25 total_env_steps=9957 t=0.34s
Ep  218: len= 33 黑胜 loss=26.7779 temp=0.25 total_env_steps=9990 t=0.18s
Ep  219: len= 23 黑胜 loss=26.5865 temp=0.25 total_env_steps=10013 t=0.15s
Ep  220: len= 24 白胜 loss=26.6503 temp=0.25 total_env_steps=10037 t=0.15s
Ep  221: len= 40 白胜 loss=26.8918 temp=0.25 total_env_steps=10077 t=0.22s
Ep  222: len= 56 白胜 loss=26.9863 temp=0.25 total_env_steps=10133 t=0.29s
Ep  223: len= 38 白胜 loss=26.2989 temp=0.25 total_env_steps=10171 t=0.22s
Ep  224: len= 31 黑胜 loss=26.6333 temp=0.25 total_env_steps=10202 t=0.17s
Ep  225: len= 31 黑胜 loss=26.8519 temp=0.25 total_env_steps=10233 t=0.15s
Ep  226: len= 37 黑胜 loss=26.4936 temp=0.25 total_env_steps=10270 t=0.20s
Ep  227: len= 40 白胜 loss=26.4636 temp=0.25 total_env_steps=10310 t=0.22s
Ep  228: len= 23 黑胜 loss=26.3496 temp=0.25 total_env_steps=10333 t=0.14s
Ep  229: len= 48 白胜 loss=26.6761 temp=0.25 total_env_steps=10381 t=0.21s
Ep  230: len= 31 黑胜 loss=26.6780 temp=0.25 total_env_steps=10412 t=0.13s
Ep  231: len= 63 黑胜 loss=25.9060 temp=0.25 total_env_steps=10475 t=0.25s
Ep  232: len= 52 白胜 loss=26.2444 temp=0.25 total_env_steps=10527 t=0.25s
Ep  233: len= 56 白胜 loss=26.0474 temp=0.25 total_env_steps=10583 t=0.23s
Ep  234: len= 26 白胜 loss=26.1934 temp=0.25 total_env_steps=10609 t=0.11s
Ep  235: len= 46 白胜 loss=26.6226 temp=0.25 total_env_steps=10655 t=0.19s
Ep  236: len= 13 黑胜 loss=26.6619 temp=0.25 total_env_steps=10668 t=0.08s
Ep  237: len= 41 黑胜 loss=26.5313 temp=0.25 total_env_steps=10709 t=0.17s
Ep  238: len= 37 黑胜 loss=25.9489 temp=0.25 total_env_steps=10746 t=0.17s
Ep  239: len= 52 白胜 loss=26.7386 temp=0.25 total_env_steps=10798 t=0.21s
Ep  240: len= 37 黑胜 loss=26.0289 temp=0.25 total_env_steps=10835 t=0.17s
Ep  241: len= 31 黑胜 loss=26.4394 temp=0.25 total_env_steps=10866 t=0.14s
Ep  242: len= 33 黑胜 loss=26.2222 temp=0.25 total_env_steps=10899 t=0.15s
Ep  243: len= 79 黑胜 loss=27.0962 temp=0.25 total_env_steps=10978 t=0.32s
Ep  244: len= 40 白胜 loss=26.1436 temp=0.25 total_env_steps=11018 t=0.18s
Ep  245: len= 15 黑胜 loss=26.0553 temp=0.25 total_env_steps=11033 t=0.10s
Ep  246: len= 20 白胜 loss=25.4212 temp=0.25 total_env_steps=11053 t=0.11s
Ep  247: len= 45 黑胜 loss=26.0818 temp=0.25 total_env_steps=11098 t=0.22s
Ep  248: len= 38 白胜 loss=25.6556 temp=0.25 total_env_steps=11136 t=0.19s
Ep  249: len= 35 黑胜 loss=26.2620 temp=0.25 total_env_steps=11171 t=0.17s
Ep  250: len= 46 白胜 loss=26.4511 temp=0.25 total_env_steps=11217 t=0.22s
  eval vs Gomoku-random-v0: win_rate=1.00 mean_return=1.00（20 局，total_env_steps=11217）
Ep  251: len= 48 白胜 loss=25.9906 temp=0.25 total_env_steps=11265 t=0.19s
Ep  252: len= 51 黑胜 loss=25.9781 temp=0.25 total_env_steps=11316 t=0.21s
Ep  253: len= 67 黑胜 loss=25.5005 temp=0.25 total_env_steps=11383 t=0.27s
Ep  254: len= 75 黑胜 loss=25.8035 temp=0.25 total_env_steps=11458 t=0.28s
Ep  255: len= 29 黑胜 loss=25.6500 temp=0.25 total_env_steps=11487 t=0.14s
Ep  256: len= 21 黑胜 loss=25.6933 temp=0.25 total_env_steps=11508 t=0.12s
Ep  257: len= 45 黑胜 loss=25.9852 temp=0.25 total_env_steps=11553 t=0.19s
Ep  258: len= 18 白胜 loss=25.3562 temp=0.25 total_env_steps=11571 t=0.10s
Ep  259: len= 39 黑胜 loss=25.8130 temp=0.25 total_env_steps=11610 t=0.19s
Ep  260: len= 31 黑胜 loss=25.5215 temp=0.25 total_env_steps=11641 t=0.15s
Ep  261: len= 55 黑胜 loss=25.6748 temp=0.25 total_env_steps=11696 t=0.25s
Ep  262: len= 24 白胜 loss=26.1227 temp=0.25 total_env_steps=11720 t=0.15s
Ep  263: len= 30 白胜 loss=25.5498 temp=0.25 total_env_steps=11750 t=0.15s
Ep  264: len= 28 白胜 loss=25.4960 temp=0.25 total_env_steps=11778 t=0.14s
Ep  265: len= 43 黑胜 loss=26.0598 temp=0.25 total_env_steps=11821 t=0.19s
Ep  266: len= 52 白胜 loss=25.0366 temp=0.25 total_env_steps=11873 t=0.26s
Ep  267: len= 52 白胜 loss=26.0401 temp=0.25 total_env_steps=11925 t=0.26s
Ep  268: len= 43 黑胜 loss=25.9484 temp=0.25 total_env_steps=11968 t=0.22s
Ep  269: len= 81 平局 loss=25.5710 temp=0.25 total_env_steps=12049 t=0.38s
Ep  270: len= 34 白胜 loss=24.9310 temp=0.25 total_env_steps=12083 t=0.17s
Ep  271: len= 41 黑胜 loss=24.7818 temp=0.25 total_env_steps=12124 t=0.24s
Ep  272: len= 54 白胜 loss=25.8261 temp=0.25 total_env_steps=12178 t=0.23s
Ep  273: len= 49 黑胜 loss=25.1964 temp=0.25 total_env_steps=12227 t=0.26s
Ep  274: len= 68 白胜 loss=25.1935 temp=0.25 total_env_steps=12295 t=0.28s
Ep  275: len= 21 黑胜 loss=25.1112 temp=0.25 total_env_steps=12316 t=0.15s
Ep  276: len= 30 白胜 loss=24.9724 temp=0.25 total_env_steps=12346 t=0.16s
Ep  277: len= 32 白胜 loss=25.3191 temp=0.25 total_env_steps=12378 t=0.14s
Ep  278: len= 29 黑胜 loss=24.7622 temp=0.25 total_env_steps=12407 t=0.14s
Ep  279: len= 21 黑胜 loss=25.7268 temp=0.25 total_env_steps=12428 t=0.12s
Ep  280: len= 26 白胜 loss=25.4537 temp=0.25 total_env_steps=12454 t=0.13s
Ep  281: len= 53 黑胜 loss=25.1912 temp=0.25 total_env_steps=12507 t=0.23s
Ep  282: len= 51 黑胜 loss=25.0347 temp=0.25 total_env_steps=12558 t=0.21s
Ep  283: len= 43 黑胜 loss=24.3579 temp=0.25 total_env_steps=12601 t=0.18s
Ep  284: len= 35 黑胜 loss=24.5304 temp=0.25 total_env_steps=12636 t=0.15s
Ep  285: len= 46 白胜 loss=24.1823 temp=0.25 total_env_steps=12682 t=0.21s
Ep  286: len= 27 黑胜 loss=25.3912 temp=0.25 total_env_steps=12709 t=0.12s
Ep  287: len= 60 白胜 loss=25.3729 temp=0.25 total_env_steps=12769 t=0.27s
Ep  288: len= 33 黑胜 loss=24.8027 temp=0.25 total_env_steps=12802 t=0.16s
Ep  289: len= 43 黑胜 loss=24.6954 temp=0.25 total_env_steps=12845 t=0.20s
Ep  290: len= 48 白胜 loss=24.4905 temp=0.25 total_env_steps=12893 t=0.22s
Ep  291: len= 47 黑胜 loss=24.7704 temp=0.25 total_env_steps=12940 t=0.21s
Ep  292: len= 50 白胜 loss=25.8013 temp=0.25 total_env_steps=12990 t=0.22s
Ep  293: len= 38 白胜 loss=24.8439 temp=0.25 total_env_steps=13028 t=0.19s
Ep  294: len= 51 黑胜 loss=24.6062 temp=0.25 total_env_steps=13079 t=0.20s
Ep  295: len= 41 黑胜 loss=24.3661 temp=0.25 total_env_steps=13120 t=0.17s
Ep  296: len= 56 白胜 loss=24.3794 temp=0.25 total_env_steps=13176 t=0.23s
Ep  297: len= 27 黑胜 loss=24.0926 temp=0.25 total_env_steps=13203 t=0.13s
Ep  298: len= 38 白胜 loss=24.7078 temp=0.25 total_env_steps=13241 t=0.18s
Ep  299: len= 32 白胜 loss=24.6202 temp=0.25 total_env_steps=13273 t=0.15s
Ep  300: len= 46 白胜 loss=24.3899 temp=0.25 total_env_steps=13319 t=0.19s
  eval vs Gomoku-random-v0: win_rate=1.00 mean_return=1.00（20 局，total_env_steps=13319）
Ep  301: len= 53 黑胜 loss=23.7641 temp=0.25 total_env_steps=13372 t=0.23s
Ep  302: len= 21 黑胜 loss=23.0729 temp=0.25 total_env_steps=13393 t=0.11s
Ep  303: len= 39 黑胜 loss=24.1387 temp=0.25 total_env_steps=13432 t=0.17s
Ep  304: len= 43 黑胜 loss=23.9997 temp=0.25 total_env_steps=13475 t=0.17s
Ep  305: len= 47 黑胜 loss=24.2444 temp=0.25 total_env_steps=13522 t=0.19s
Ep  306: len= 53 黑胜 loss=25.0227 temp=0.25 total_env_steps=13575 t=0.22s
Ep  307: len= 44 白胜 loss=24.1728 temp=0.25 total_env_steps=13619 t=0.18s
Ep  308: len= 23 黑胜 loss=24.1777 temp=0.25 total_env_steps=13642 t=0.11s
Ep  309: len= 59 黑胜 loss=24.3812 temp=0.25 total_env_steps=13701 t=0.23s
Ep  310: len= 55 黑胜 loss=24.3457 temp=0.25 total_env_steps=13756 t=0.25s
Ep  311: len= 81 黑胜 loss=24.1270 temp=0.25 total_env_steps=13837 t=0.33s
Ep  312: len= 47 黑胜 loss=23.8602 temp=0.25 total_env_steps=13884 t=0.21s
Ep  313: len= 43 黑胜 loss=23.7086 temp=0.25 total_env_steps=13927 t=0.20s
Ep  314: len= 13 黑胜 loss=24.2889 temp=0.25 total_env_steps=13940 t=0.12s
Ep  315: len= 17 黑胜 loss=24.6590 temp=0.25 total_env_steps=13957 t=0.14s
Ep  316: len= 32 白胜 loss=23.9633 temp=0.25 total_env_steps=13989 t=0.18s
Ep  317: len= 35 黑胜 loss=24.4368 temp=0.25 total_env_steps=14024 t=0.17s
Ep  318: len= 48 白胜 loss=23.9204 temp=0.25 total_env_steps=14072 t=0.23s
Ep  319: len= 21 黑胜 loss=24.1478 temp=0.25 total_env_steps=14093 t=0.14s
Ep  320: len= 47 黑胜 loss=22.5896 temp=0.25 total_env_steps=14140 t=0.22s
Ep  321: len= 68 白胜 loss=23.9223 temp=0.25 total_env_steps=14208 t=0.29s
Ep  322: len= 38 白胜 loss=23.4075 temp=0.25 total_env_steps=14246 t=0.18s
Ep  323: len= 33 黑胜 loss=23.5333 temp=0.25 total_env_steps=14279 t=0.17s
Ep  324: len= 48 白胜 loss=23.9158 temp=0.25 total_env_steps=14327 t=0.22s
Ep  325: len= 52 白胜 loss=23.8559 temp=0.25 total_env_steps=14379 t=0.22s
Ep  326: len= 33 黑胜 loss=23.8689 temp=0.25 total_env_steps=14412 t=0.17s
Ep  327: len= 30 白胜 loss=23.9839 temp=0.25 total_env_steps=14442 t=0.14s
Ep  328: len= 64 白胜 loss=23.5416 temp=0.25 total_env_steps=14506 t=0.30s
Ep  329: len= 36 白胜 loss=23.4211 temp=0.25 total_env_steps=14542 t=0.19s
Ep  330: len= 56 白胜 loss=23.8873 temp=0.25 total_env_steps=14598 t=0.25s
Ep  331: len= 43 黑胜 loss=23.8099 temp=0.25 total_env_steps=14641 t=0.21s
Ep  332: len= 33 黑胜 loss=23.6340 temp=0.25 total_env_steps=14674 t=0.16s
Ep  333: len= 23 黑胜 loss=23.3988 temp=0.25 total_env_steps=14697 t=0.16s
Ep  334: len= 49 黑胜 loss=24.0652 temp=0.25 total_env_steps=14746 t=0.27s
Ep  335: len= 26 白胜 loss=23.8755 temp=0.25 total_env_steps=14772 t=0.15s
Ep  336: len= 49 黑胜 loss=22.4462 temp=0.25 total_env_steps=14821 t=0.24s
Ep  337: len= 40 白胜 loss=23.7924 temp=0.25 total_env_steps=14861 t=0.20s
Ep  338: len= 45 黑胜 loss=22.8216 temp=0.25 total_env_steps=14906 t=0.21s
Ep  339: len= 25 黑胜 loss=23.3187 temp=0.25 total_env_steps=14931 t=0.16s
Ep  340: len= 18 白胜 loss=23.5353 temp=0.25 total_env_steps=14949 t=0.11s
Ep  341: len= 29 黑胜 loss=22.1923 temp=0.25 total_env_steps=14978 t=0.15s
Ep  342: len= 46 白胜 loss=22.2392 temp=0.25 total_env_steps=15024 t=0.21s
Ep  343: len= 32 白胜 loss=23.6488 temp=0.25 total_env_steps=15056 t=0.16s
Ep  344: len= 51 黑胜 loss=23.1465 temp=0.25 total_env_steps=15107 t=0.23s
Ep  345: len= 40 白胜 loss=22.9451 temp=0.25 total_env_steps=15147 t=0.19s
Ep  346: len= 48 白胜 loss=23.0693 temp=0.25 total_env_steps=15195 t=0.21s
Ep  347: len= 15 黑胜 loss=22.0378 temp=0.25 total_env_steps=15210 t=0.11s
Ep  348: len= 31 黑胜 loss=23.6976 temp=0.25 total_env_steps=15241 t=0.16s
Ep  349: len= 45 黑胜 loss=22.6999 temp=0.25 total_env_steps=15286 t=0.21s
Ep  350: len= 54 白胜 loss=22.4663 temp=0.25 total_env_steps=15340 t=0.27s
  eval vs Gomoku-random-v0: win_rate=0.95 mean_return=0.90（20 局，total_env_steps=15340）
Ep  351: len= 31 黑胜 loss=22.0223 temp=0.25 total_env_steps=15371 t=0.17s
Ep  352: len= 30 白胜 loss=22.6481 temp=0.25 total_env_steps=15401 t=0.15s
Ep  353: len= 20 白胜 loss=21.8095 temp=0.25 total_env_steps=15421 t=0.13s
Ep  354: len= 35 黑胜 loss=21.6465 temp=0.25 total_env_steps=15456 t=0.17s
Ep  355: len= 52 白胜 loss=23.6178 temp=0.25 total_env_steps=15508 t=0.24s
Ep  356: len= 78 白胜 loss=23.4072 temp=0.25 total_env_steps=15586 t=0.35s
Ep  357: len= 29 黑胜 loss=22.6622 temp=0.25 total_env_steps=15615 t=0.15s
Ep  358: len= 35 黑胜 loss=22.7169 temp=0.25 total_env_steps=15650 t=0.19s
Ep  359: len= 42 白胜 loss=22.4144 temp=0.25 total_env_steps=15692 t=0.20s
Ep  360: len= 45 黑胜 loss=21.1479 temp=0.25 total_env_steps=15737 t=0.21s
Ep  361: len= 50 白胜 loss=21.6617 temp=0.25 total_env_steps=15787 t=0.23s
Ep  362: len= 40 白胜 loss=22.0339 temp=0.25 total_env_steps=15827 t=0.20s
Ep  363: len= 13 黑胜 loss=22.4042 temp=0.25 total_env_steps=15840 t=0.09s
Ep  364: len= 66 白胜 loss=21.2081 temp=0.25 total_env_steps=15906 t=0.31s
Ep  365: len= 66 白胜 loss=22.0455 temp=0.25 total_env_steps=15972 t=0.30s
Ep  366: len= 43 黑胜 loss=22.5896 temp=0.25 total_env_steps=16015 t=0.20s
Ep  367: len= 36 白胜 loss=22.2719 temp=0.25 total_env_steps=16051 t=0.19s
Ep  368: len= 16 白胜 loss=22.1088 temp=0.25 total_env_steps=16067 t=0.10s
Ep  369: len= 21 黑胜 loss=21.7408 temp=0.25 total_env_steps=16088 t=0.12s
Ep  370: len= 71 黑胜 loss=22.3098 temp=0.25 total_env_steps=16159 t=0.32s
Ep  371: len= 26 白胜 loss=21.6571 temp=0.25 total_env_steps=16185 t=0.15s
Ep  372: len= 33 黑胜 loss=22.5318 temp=0.25 total_env_steps=16218 t=0.16s
Ep  373: len= 45 黑胜 loss=22.1746 temp=0.25 total_env_steps=16263 t=0.21s
Ep  374: len= 59 黑胜 loss=22.0580 temp=0.25 total_env_steps=16322 t=0.27s
Ep  375: len= 50 白胜 loss=22.2375 temp=0.25 total_env_steps=16372 t=0.23s
Ep  376: len= 43 黑胜 loss=20.7834 temp=0.25 total_env_steps=16415 t=0.21s
Ep  377: len= 53 黑胜 loss=22.3982 temp=0.25 total_env_steps=16468 t=0.23s
Ep  378: len= 40 白胜 loss=21.6579 temp=0.25 total_env_steps=16508 t=0.19s
Ep  379: len= 36 白胜 loss=21.6670 temp=0.25 total_env_steps=16544 t=0.18s
Ep  380: len= 21 黑胜 loss=21.7719 temp=0.25 total_env_steps=16565 t=0.13s
Ep  381: len= 46 白胜 loss=20.9566 temp=0.25 total_env_steps=16611 t=0.21s
Ep  382: len= 22 白胜 loss=22.2200 temp=0.25 total_env_steps=16633 t=0.13s
Ep  383: len= 25 黑胜 loss=21.2068 temp=0.25 total_env_steps=16658 t=0.13s
Ep  384: len= 51 黑胜 loss=22.1148 temp=0.25 total_env_steps=16709 t=0.27s
Ep  385: len= 32 白胜 loss=20.8283 temp=0.25 total_env_steps=16741 t=0.18s
Ep  386: len= 38 白胜 loss=21.6913 temp=0.25 total_env_steps=16779 t=0.19s
Ep  387: len= 32 白胜 loss=20.8915 temp=0.25 total_env_steps=16811 t=0.15s
Ep  388: len= 27 黑胜 loss=21.4123 temp=0.25 total_env_steps=16838 t=0.15s
Ep  389: len= 39 黑胜 loss=21.9779 temp=0.25 total_env_steps=16877 t=0.20s
Ep  390: len= 50 白胜 loss=20.2763 temp=0.25 total_env_steps=16927 t=0.21s
Ep  391: len= 29 黑胜 loss=22.1709 temp=0.25 total_env_steps=16956 t=0.16s
Ep  392: len= 19 黑胜 loss=21.5222 temp=0.25 total_env_steps=16975 t=0.11s
Ep  393: len= 60 白胜 loss=22.3650 temp=0.25 total_env_steps=17035 t=0.26s
Ep  394: len= 36 白胜 loss=21.9074 temp=0.25 total_env_steps=17071 t=0.20s
Ep  395: len= 64 白胜 loss=21.3033 temp=0.25 total_env_steps=17135 t=0.30s
Ep  396: len= 81 平局 loss=20.9956 temp=0.25 total_env_steps=17216 t=0.40s
Ep  397: len= 33 黑胜 loss=22.8075 temp=0.25 total_env_steps=17249 t=0.18s
Ep  398: len= 40 白胜 loss=21.1486 temp=0.25 total_env_steps=17289 t=0.22s
Ep  399: len= 37 黑胜 loss=21.7838 temp=0.25 total_env_steps=17326 t=0.20s
Ep  400: len= 28 白胜 loss=21.3249 temp=0.25 total_env_steps=17354 t=0.19s
  eval vs Gomoku-random-v0: win_rate=1.00 mean_return=1.00（20 局，total_env_steps=17354）
[闸门] vs random（40 局）: win_rate=1.000
[闸门] vs 半程快照（40 局，黑白各半）: score=0.725
[梯队] vs naive0（20 局，观察性）: win_rate=0.05
[梯队] vs naive1（20 局，观察性）: win_rate=0.00
[梯队] vs naive2（20 局，观察性）: win_rate=0.00
[梯队] vs naive3（20 局，观察性）: win_rate=0.00
📈 Gomoku-selfplay-v0 win_rate=1.00（best 1.00）| 门槛 0.95 | 97.3s

--- arm=lr3e3 seed=43 sims=100 ---
[MyZero-board Gomoku-selfplay-v0] obs=243(3×9²) |A|=81 sims=100 γ=1.0 negamax
Ep    1: len= 80 白胜 loss=0.0000 temp=1.00 total_env_steps=80 t=0.30s
Ep    2: len= 38 白胜 loss=0.0000 temp=1.00 total_env_steps=118 t=0.15s
Ep    3: len= 69 黑胜 loss=0.0000 temp=1.00 total_env_steps=187 t=0.25s
Ep    4: len= 51 黑胜 loss=0.0000 temp=1.00 total_env_steps=238 t=0.19s
Ep    5: len= 55 黑胜 loss=0.0000 temp=1.00 total_env_steps=293 t=0.20s
Ep    6: len= 36 白胜 loss=0.0000 temp=1.00 total_env_steps=329 t=0.13s
Ep    7: len= 51 黑胜 loss=0.0000 temp=1.00 total_env_steps=380 t=0.18s
Ep    8: len= 55 黑胜 loss=0.0000 temp=1.00 total_env_steps=435 t=0.20s
Ep    9: len= 65 黑胜 loss=0.0000 temp=1.00 total_env_steps=500 t=0.26s
Ep   10: len= 68 白胜 loss=43.9556 temp=1.00 total_env_steps=568 t=0.27s
Ep   11: len= 77 黑胜 loss=30.8279 temp=1.00 total_env_steps=645 t=0.29s
Ep   12: len= 44 白胜 loss=28.9210 temp=1.00 total_env_steps=689 t=0.19s
Ep   13: len= 45 黑胜 loss=28.7613 temp=1.00 total_env_steps=734 t=0.19s
Ep   14: len= 63 黑胜 loss=28.5655 temp=1.00 total_env_steps=797 t=0.25s
Ep   15: len= 72 白胜 loss=28.1659 temp=1.00 total_env_steps=869 t=0.28s
Ep   16: len= 65 黑胜 loss=28.3942 temp=1.00 total_env_steps=934 t=0.24s
Ep   17: len= 68 白胜 loss=28.0804 temp=1.00 total_env_steps=1002 t=0.27s
Ep   18: len= 67 黑胜 loss=27.9445 temp=1.00 total_env_steps=1069 t=0.26s
Ep   19: len= 76 白胜 loss=28.0698 temp=1.00 total_env_steps=1145 t=0.30s
Ep   20: len= 52 白胜 loss=28.2040 temp=1.00 total_env_steps=1197 t=0.22s
Ep   21: len= 73 黑胜 loss=27.9855 temp=1.00 total_env_steps=1270 t=0.30s
Ep   22: len= 54 白胜 loss=28.1501 temp=1.00 total_env_steps=1324 t=0.26s
Ep   23: len= 50 白胜 loss=27.9618 temp=1.00 total_env_steps=1374 t=0.20s
Ep   24: len= 58 白胜 loss=28.3629 temp=1.00 total_env_steps=1432 t=0.21s
Ep   25: len= 61 黑胜 loss=28.1287 temp=1.00 total_env_steps=1493 t=0.22s
Ep   26: len= 30 白胜 loss=28.0490 temp=1.00 total_env_steps=1523 t=0.13s
Ep   27: len= 56 白胜 loss=28.3325 temp=1.00 total_env_steps=1579 t=0.19s
Ep   28: len= 44 白胜 loss=28.1826 temp=1.00 total_env_steps=1623 t=0.16s
Ep   29: len= 62 白胜 loss=28.0748 temp=1.00 total_env_steps=1685 t=0.23s
Ep   30: len= 43 黑胜 loss=28.1874 temp=1.00 total_env_steps=1728 t=0.17s
Ep   31: len= 37 黑胜 loss=28.3788 temp=1.00 total_env_steps=1765 t=0.17s
Ep   32: len= 67 黑胜 loss=28.0590 temp=1.00 total_env_steps=1832 t=0.28s
Ep   33: len= 70 白胜 loss=28.1202 temp=1.00 total_env_steps=1902 t=0.26s
Ep   34: len= 31 黑胜 loss=28.2181 temp=1.00 total_env_steps=1933 t=0.13s
Ep   35: len= 37 黑胜 loss=28.3390 temp=1.00 total_env_steps=1970 t=0.16s
Ep   36: len= 64 白胜 loss=27.9698 temp=1.00 total_env_steps=2034 t=0.25s
Ep   37: len= 62 白胜 loss=28.0720 temp=1.00 total_env_steps=2096 t=0.23s
Ep   38: len= 45 黑胜 loss=27.9779 temp=1.00 total_env_steps=2141 t=0.22s
Ep   39: len= 53 黑胜 loss=28.1606 temp=1.00 total_env_steps=2194 t=0.20s
Ep   40: len= 52 白胜 loss=28.1666 temp=1.00 total_env_steps=2246 t=0.21s
Ep   41: len= 64 白胜 loss=28.1751 temp=1.00 total_env_steps=2310 t=0.24s
Ep   42: len= 63 黑胜 loss=28.0927 temp=1.00 total_env_steps=2373 t=0.24s
Ep   43: len= 50 白胜 loss=27.9536 temp=1.00 total_env_steps=2423 t=0.21s
Ep   44: len= 55 黑胜 loss=28.2536 temp=1.00 total_env_steps=2478 t=0.21s
Ep   45: len= 62 白胜 loss=28.3001 temp=1.00 total_env_steps=2540 t=0.22s
Ep   46: len= 55 黑胜 loss=27.9759 temp=1.00 total_env_steps=2595 t=0.23s
Ep   47: len= 66 白胜 loss=28.1550 temp=1.00 total_env_steps=2661 t=0.27s
Ep   48: len= 48 白胜 loss=27.8612 temp=1.00 total_env_steps=2709 t=0.17s
Ep   49: len= 58 白胜 loss=27.9131 temp=1.00 total_env_steps=2767 t=0.23s
Ep   50: len= 57 黑胜 loss=28.0071 temp=1.00 total_env_steps=2824 t=0.21s
  eval vs Gomoku-random-v0: win_rate=0.35 mean_return=-0.30（20 局，total_env_steps=2824）
Ep   51: len= 48 白胜 loss=28.2319 temp=1.00 total_env_steps=2872 t=0.20s
Ep   52: len= 42 白胜 loss=27.9502 temp=1.00 total_env_steps=2914 t=0.18s
Ep   53: len= 48 白胜 loss=28.1055 temp=1.00 total_env_steps=2962 t=0.21s
Ep   54: len= 34 白胜 loss=27.9131 temp=1.00 total_env_steps=2996 t=0.14s
Ep   55: len= 44 白胜 loss=28.1059 temp=1.00 total_env_steps=3040 t=0.20s
Ep   56: len= 34 白胜 loss=27.8809 temp=1.00 total_env_steps=3074 t=0.15s
Ep   57: len= 19 黑胜 loss=27.8505 temp=1.00 total_env_steps=3093 t=0.09s
Ep   58: len= 41 黑胜 loss=27.8489 temp=1.00 total_env_steps=3134 t=0.17s
Ep   59: len= 65 黑胜 loss=27.9200 temp=1.00 total_env_steps=3199 t=0.24s
Ep   60: len= 38 白胜 loss=27.9181 temp=1.00 total_env_steps=3237 t=0.16s
Ep   61: len= 58 白胜 loss=27.9092 temp=1.00 total_env_steps=3295 t=0.24s
Ep   62: len= 41 黑胜 loss=28.0918 temp=1.00 total_env_steps=3336 t=0.18s
Ep   63: len= 31 黑胜 loss=27.9283 temp=1.00 total_env_steps=3367 t=0.13s
Ep   64: len= 57 黑胜 loss=27.8443 temp=1.00 total_env_steps=3424 t=0.21s
Ep   65: len= 54 白胜 loss=27.7539 temp=1.00 total_env_steps=3478 t=0.22s
Ep   66: len= 44 白胜 loss=27.8682 temp=1.00 total_env_steps=3522 t=0.18s
Ep   67: len= 81 黑胜 loss=27.9845 temp=1.00 total_env_steps=3603 t=0.31s
Ep   68: len= 52 白胜 loss=27.9598 temp=1.00 total_env_steps=3655 t=0.21s
Ep   69: len= 64 白胜 loss=27.9887 temp=1.00 total_env_steps=3719 t=0.27s
Ep   70: len= 49 黑胜 loss=27.8786 temp=1.00 total_env_steps=3768 t=0.20s
Ep   71: len= 59 黑胜 loss=27.6635 temp=1.00 total_env_steps=3827 t=0.27s
Ep   72: len= 65 黑胜 loss=27.9897 temp=1.00 total_env_steps=3892 t=0.29s
Ep   73: len= 55 黑胜 loss=27.7432 temp=1.00 total_env_steps=3947 t=0.23s
Ep   74: len= 38 白胜 loss=28.0162 temp=1.00 total_env_steps=3985 t=0.16s
Ep   75: len= 30 白胜 loss=27.8877 temp=1.00 total_env_steps=4015 t=0.14s
Ep   76: len= 48 白胜 loss=27.8508 temp=1.00 total_env_steps=4063 t=0.18s
Ep   77: len= 30 白胜 loss=27.7541 temp=1.00 total_env_steps=4093 t=0.13s
Ep   78: len= 55 黑胜 loss=27.8948 temp=1.00 total_env_steps=4148 t=0.24s
Ep   79: len= 73 黑胜 loss=27.9971 temp=1.00 total_env_steps=4221 t=0.30s
Ep   80: len= 52 白胜 loss=27.8467 temp=1.00 total_env_steps=4273 t=0.20s
Ep   81: len= 58 白胜 loss=27.8673 temp=1.00 total_env_steps=4331 t=0.21s
Ep   82: len= 57 黑胜 loss=27.9590 temp=1.00 total_env_steps=4388 t=0.23s
Ep   83: len= 43 黑胜 loss=28.0428 temp=1.00 total_env_steps=4431 t=0.18s
Ep   84: len= 66 白胜 loss=27.8681 temp=1.00 total_env_steps=4497 t=0.24s
Ep   85: len= 60 白胜 loss=27.7850 temp=1.00 total_env_steps=4557 t=0.24s
Ep   86: len= 45 黑胜 loss=27.9436 temp=1.00 total_env_steps=4602 t=0.24s
Ep   87: len= 68 白胜 loss=27.9035 temp=1.00 total_env_steps=4670 t=0.27s
Ep   88: len= 60 白胜 loss=27.9456 temp=1.00 total_env_steps=4730 t=0.24s
Ep   89: len= 50 白胜 loss=27.9958 temp=1.00 total_env_steps=4780 t=0.21s
Ep   90: len= 45 黑胜 loss=27.9596 temp=1.00 total_env_steps=4825 t=0.17s
Ep   91: len= 41 黑胜 loss=28.0082 temp=1.00 total_env_steps=4866 t=0.18s
Ep   92: len= 54 白胜 loss=27.8386 temp=1.00 total_env_steps=4920 t=0.21s
Ep   93: len= 62 白胜 loss=28.0013 temp=1.00 total_env_steps=4982 t=0.23s
Ep   94: len= 43 黑胜 loss=27.7289 temp=1.00 total_env_steps=5025 t=0.17s
Ep   95: len= 56 白胜 loss=27.8887 temp=1.00 total_env_steps=5081 t=0.22s
Ep   96: len= 21 黑胜 loss=27.7895 temp=1.00 total_env_steps=5102 t=0.09s
Ep   97: len= 49 黑胜 loss=27.6399 temp=1.00 total_env_steps=5151 t=0.19s
Ep   98: len= 51 黑胜 loss=27.9010 temp=1.00 total_env_steps=5202 t=0.20s
Ep   99: len= 32 白胜 loss=27.8846 temp=1.00 total_env_steps=5234 t=0.12s
Ep  100: len= 64 白胜 loss=27.7203 temp=1.00 total_env_steps=5298 t=0.24s
  eval vs Gomoku-random-v0: win_rate=0.65 mean_return=0.30（20 局，total_env_steps=5298）
Ep  101: len= 58 白胜 loss=28.0728 temp=1.00 total_env_steps=5356 t=0.22s
Ep  102: len= 57 黑胜 loss=27.8429 temp=0.99 total_env_steps=5413 t=0.19s
Ep  103: len= 67 黑胜 loss=27.8521 temp=0.99 total_env_steps=5480 t=0.26s
Ep  104: len= 56 白胜 loss=27.8424 temp=0.98 total_env_steps=5536 t=0.21s
Ep  105: len= 48 白胜 loss=27.9009 temp=0.97 total_env_steps=5584 t=0.18s
Ep  106: len= 68 白胜 loss=27.7120 temp=0.96 total_env_steps=5652 t=0.23s
Ep  107: len= 25 黑胜 loss=27.8318 temp=0.95 total_env_steps=5677 t=0.10s
Ep  108: len= 54 白胜 loss=27.6341 temp=0.95 total_env_steps=5731 t=0.19s
Ep  109: len= 43 黑胜 loss=27.8750 temp=0.94 total_env_steps=5774 t=0.16s
Ep  110: len= 39 黑胜 loss=27.8136 temp=0.93 total_env_steps=5813 t=0.15s
Ep  111: len= 53 黑胜 loss=27.7530 temp=0.93 total_env_steps=5866 t=0.19s
Ep  112: len= 81 平局 loss=27.6842 temp=0.92 total_env_steps=5947 t=0.30s
Ep  113: len= 33 黑胜 loss=27.5341 temp=0.91 total_env_steps=5980 t=0.12s
Ep  114: len= 35 黑胜 loss=27.7570 temp=0.90 total_env_steps=6015 t=0.14s
Ep  115: len= 81 黑胜 loss=27.7407 temp=0.89 total_env_steps=6096 t=0.33s
Ep  116: len= 68 白胜 loss=27.7237 temp=0.89 total_env_steps=6164 t=0.25s
Ep  117: len= 54 白胜 loss=27.5028 temp=0.88 total_env_steps=6218 t=0.20s
Ep  118: len= 43 黑胜 loss=27.7179 temp=0.87 total_env_steps=6261 t=0.16s
Ep  119: len= 57 黑胜 loss=27.5245 temp=0.87 total_env_steps=6318 t=0.22s
Ep  120: len= 42 白胜 loss=27.8112 temp=0.86 total_env_steps=6360 t=0.15s
Ep  121: len= 53 黑胜 loss=27.5436 temp=0.85 total_env_steps=6413 t=0.20s
Ep  122: len= 63 黑胜 loss=27.5078 temp=0.84 total_env_steps=6476 t=0.23s
Ep  123: len= 54 白胜 loss=27.8046 temp=0.84 total_env_steps=6530 t=0.21s
Ep  124: len= 68 白胜 loss=27.4846 temp=0.83 total_env_steps=6598 t=0.24s
Ep  125: len= 39 黑胜 loss=27.8558 temp=0.82 total_env_steps=6637 t=0.14s
Ep  126: len= 56 白胜 loss=27.8002 temp=0.81 total_env_steps=6693 t=0.19s
Ep  127: len= 53 黑胜 loss=27.4965 temp=0.81 total_env_steps=6746 t=0.20s
Ep  128: len= 44 白胜 loss=27.6961 temp=0.80 total_env_steps=6790 t=0.17s
Ep  129: len= 48 白胜 loss=27.7858 temp=0.79 total_env_steps=6838 t=0.18s
Ep  130: len= 46 白胜 loss=27.5755 temp=0.78 total_env_steps=6884 t=0.19s
Ep  131: len= 57 黑胜 loss=27.6126 temp=0.77 total_env_steps=6941 t=0.22s
Ep  132: len= 39 黑胜 loss=27.7556 temp=0.77 total_env_steps=6980 t=0.16s
Ep  133: len= 26 白胜 loss=27.4926 temp=0.76 total_env_steps=7006 t=0.11s
Ep  134: len= 43 黑胜 loss=27.6218 temp=0.75 total_env_steps=7049 t=0.16s
Ep  135: len= 29 黑胜 loss=27.6105 temp=0.75 total_env_steps=7078 t=0.12s
Ep  136: len= 41 黑胜 loss=27.7224 temp=0.74 total_env_steps=7119 t=0.16s
Ep  137: len= 54 白胜 loss=27.4998 temp=0.73 total_env_steps=7173 t=0.21s
Ep  138: len= 24 白胜 loss=27.4811 temp=0.72 total_env_steps=7197 t=0.10s
Ep  139: len= 33 黑胜 loss=27.4641 temp=0.72 total_env_steps=7230 t=0.13s
Ep  140: len= 61 黑胜 loss=27.4862 temp=0.71 total_env_steps=7291 t=0.23s
Ep  141: len= 51 黑胜 loss=27.5439 temp=0.70 total_env_steps=7342 t=0.26s
Ep  142: len= 50 白胜 loss=27.5990 temp=0.69 total_env_steps=7392 t=0.24s
Ep  143: len= 37 黑胜 loss=27.3646 temp=0.69 total_env_steps=7429 t=0.16s
Ep  144: len= 39 黑胜 loss=27.6043 temp=0.68 total_env_steps=7468 t=0.16s
Ep  145: len= 47 黑胜 loss=27.5139 temp=0.67 total_env_steps=7515 t=0.20s
Ep  146: len= 35 黑胜 loss=27.5440 temp=0.66 total_env_steps=7550 t=0.15s
Ep  147: len= 59 黑胜 loss=27.3757 temp=0.65 total_env_steps=7609 t=0.24s
Ep  148: len= 31 黑胜 loss=27.6938 temp=0.65 total_env_steps=7640 t=0.13s
Ep  149: len= 33 黑胜 loss=27.6120 temp=0.64 total_env_steps=7673 t=0.15s
Ep  150: len= 39 黑胜 loss=27.6965 temp=0.63 total_env_steps=7712 t=0.17s
  eval vs Gomoku-random-v0: win_rate=0.90 mean_return=0.80（20 局，total_env_steps=7712）
Ep  151: len= 46 白胜 loss=27.6363 temp=0.62 total_env_steps=7758 t=0.20s
Ep  152: len= 43 黑胜 loss=27.5279 temp=0.62 total_env_steps=7801 t=0.20s
Ep  153: len= 37 黑胜 loss=27.4906 temp=0.61 total_env_steps=7838 t=0.17s
Ep  154: len= 51 黑胜 loss=27.5387 temp=0.60 total_env_steps=7889 t=0.24s
Ep  155: len= 30 白胜 loss=27.7008 temp=0.59 total_env_steps=7919 t=0.16s
Ep  156: len= 23 黑胜 loss=27.4976 temp=0.59 total_env_steps=7942 t=0.12s
Ep  157: len= 35 黑胜 loss=27.3991 temp=0.58 total_env_steps=7977 t=0.17s
Ep  158: len= 53 黑胜 loss=27.2907 temp=0.57 total_env_steps=8030 t=0.24s
Ep  159: len= 56 白胜 loss=27.2064 temp=0.56 total_env_steps=8086 t=0.28s
Ep  160: len= 44 白胜 loss=27.5677 temp=0.56 total_env_steps=8130 t=0.20s
Ep  161: len= 29 黑胜 loss=27.4757 temp=0.55 total_env_steps=8159 t=0.14s
Ep  162: len= 41 黑胜 loss=27.5591 temp=0.54 total_env_steps=8200 t=0.18s
Ep  163: len= 46 白胜 loss=27.4080 temp=0.53 total_env_steps=8246 t=0.20s
Ep  164: len= 41 黑胜 loss=27.2182 temp=0.53 total_env_steps=8287 t=0.19s
Ep  165: len= 52 白胜 loss=27.1271 temp=0.52 total_env_steps=8339 t=0.23s
Ep  166: len= 27 黑胜 loss=27.5716 temp=0.51 total_env_steps=8366 t=0.13s
Ep  167: len= 29 黑胜 loss=27.2979 temp=0.50 total_env_steps=8395 t=0.14s
Ep  168: len= 37 黑胜 loss=27.3864 temp=0.50 total_env_steps=8432 t=0.16s
Ep  169: len= 46 白胜 loss=27.7708 temp=0.49 total_env_steps=8478 t=0.21s
Ep  170: len= 37 黑胜 loss=27.2429 temp=0.48 total_env_steps=8515 t=0.18s
Ep  171: len= 40 白胜 loss=27.3556 temp=0.48 total_env_steps=8555 t=0.18s
Ep  172: len= 50 白胜 loss=27.2048 temp=0.47 total_env_steps=8605 t=0.23s
Ep  173: len= 81 黑胜 loss=27.3802 temp=0.46 total_env_steps=8686 t=0.38s
Ep  174: len= 55 黑胜 loss=27.4327 temp=0.45 total_env_steps=8741 t=0.29s
Ep  175: len= 45 黑胜 loss=27.3682 temp=0.44 total_env_steps=8786 t=0.25s
Ep  176: len= 24 白胜 loss=27.3678 temp=0.44 total_env_steps=8810 t=0.13s
Ep  177: len= 45 黑胜 loss=27.4289 temp=0.43 total_env_steps=8855 t=0.21s
Ep  178: len= 11 黑胜 loss=27.3516 temp=0.42 total_env_steps=8866 t=0.07s
Ep  179: len= 65 黑胜 loss=27.3194 temp=0.42 total_env_steps=8931 t=0.28s
Ep  180: len= 75 黑胜 loss=27.3752 temp=0.41 total_env_steps=9006 t=0.32s
Ep  181: len= 33 黑胜 loss=27.4726 temp=0.40 total_env_steps=9039 t=0.16s
Ep  182: len= 15 黑胜 loss=27.2778 temp=0.39 total_env_steps=9054 t=0.09s
Ep  183: len= 24 白胜 loss=27.4264 temp=0.38 total_env_steps=9078 t=0.11s
Ep  184: len= 44 白胜 loss=27.2370 temp=0.38 total_env_steps=9122 t=0.21s
Ep  185: len= 51 黑胜 loss=27.3138 temp=0.37 total_env_steps=9173 t=0.24s
Ep  186: len= 58 白胜 loss=27.1770 temp=0.36 total_env_steps=9231 t=0.32s
Ep  187: len= 17 黑胜 loss=27.3921 temp=0.36 total_env_steps=9248 t=0.10s
Ep  188: len= 34 白胜 loss=27.2314 temp=0.35 total_env_steps=9282 t=0.15s
Ep  189: len= 27 黑胜 loss=27.2921 temp=0.34 total_env_steps=9309 t=0.15s
Ep  190: len= 34 白胜 loss=26.9936 temp=0.33 total_env_steps=9343 t=0.16s
Ep  191: len= 48 白胜 loss=27.6721 temp=0.33 total_env_steps=9391 t=0.23s
Ep  192: len= 56 白胜 loss=27.7351 temp=0.32 total_env_steps=9447 t=0.28s
Ep  193: len= 15 黑胜 loss=27.5114 temp=0.31 total_env_steps=9462 t=0.09s
Ep  194: len= 30 白胜 loss=26.9950 temp=0.30 total_env_steps=9492 t=0.14s
Ep  195: len= 52 白胜 loss=26.8967 temp=0.30 total_env_steps=9544 t=0.23s
Ep  196: len= 61 黑胜 loss=27.2710 temp=0.29 total_env_steps=9605 t=0.32s
Ep  197: len= 29 黑胜 loss=27.3772 temp=0.28 total_env_steps=9634 t=0.20s
Ep  198: len= 36 白胜 loss=27.2556 temp=0.27 total_env_steps=9670 t=0.16s
Ep  199: len= 15 黑胜 loss=27.3286 temp=0.26 total_env_steps=9685 t=0.09s
Ep  200: len= 33 黑胜 loss=27.1972 temp=0.26 total_env_steps=9718 t=0.16s
  eval vs Gomoku-random-v0: win_rate=0.90 mean_return=0.80（20 局，total_env_steps=9718）
  📸 已拍权重快照（ep=200，gating 对弈基准）
Ep  201: len= 44 白胜 loss=27.1934 temp=0.25 total_env_steps=9762 t=0.21s
Ep  202: len= 32 白胜 loss=27.4123 temp=0.25 total_env_steps=9794 t=0.16s
Ep  203: len= 54 白胜 loss=27.0497 temp=0.25 total_env_steps=9848 t=0.24s
Ep  204: len= 33 黑胜 loss=26.9697 temp=0.25 total_env_steps=9881 t=0.19s
Ep  205: len= 36 白胜 loss=26.8266 temp=0.25 total_env_steps=9917 t=0.16s
Ep  206: len= 58 白胜 loss=26.8572 temp=0.25 total_env_steps=9975 t=0.26s
Ep  207: len= 44 白胜 loss=27.1100 temp=0.25 total_env_steps=10019 t=0.21s
Ep  208: len= 32 白胜 loss=26.9488 temp=0.25 total_env_steps=10051 t=0.15s
Ep  209: len= 46 白胜 loss=27.1908 temp=0.25 total_env_steps=10097 t=0.19s
Ep  210: len= 41 黑胜 loss=27.2640 temp=0.25 total_env_steps=10138 t=0.20s
Ep  211: len= 56 白胜 loss=27.5021 temp=0.25 total_env_steps=10194 t=0.24s
Ep  212: len= 64 白胜 loss=26.7450 temp=0.25 total_env_steps=10258 t=0.28s
Ep  213: len= 46 白胜 loss=26.9960 temp=0.25 total_env_steps=10304 t=0.21s
Ep  214: len= 41 黑胜 loss=26.8911 temp=0.25 total_env_steps=10345 t=0.21s
Ep  215: len= 61 黑胜 loss=26.8825 temp=0.25 total_env_steps=10406 t=0.32s
Ep  216: len= 52 白胜 loss=26.9992 temp=0.25 total_env_steps=10458 t=0.22s
Ep  217: len= 72 白胜 loss=27.0677 temp=0.25 total_env_steps=10530 t=0.31s
Ep  218: len= 32 白胜 loss=27.0108 temp=0.25 total_env_steps=10562 t=0.15s
Ep  219: len= 48 白胜 loss=26.7894 temp=0.25 total_env_steps=10610 t=0.22s
Ep  220: len= 32 白胜 loss=27.1027 temp=0.25 total_env_steps=10642 t=0.15s
Ep  221: len= 23 黑胜 loss=27.0559 temp=0.25 total_env_steps=10665 t=0.12s
Ep  222: len= 48 白胜 loss=26.8874 temp=0.25 total_env_steps=10713 t=0.22s
Ep  223: len= 58 白胜 loss=26.7888 temp=0.25 total_env_steps=10771 t=0.24s
Ep  224: len= 29 黑胜 loss=26.8228 temp=0.25 total_env_steps=10800 t=0.15s
Ep  225: len= 65 黑胜 loss=27.2904 temp=0.25 total_env_steps=10865 t=0.27s
Ep  226: len= 40 白胜 loss=27.0241 temp=0.25 total_env_steps=10905 t=0.20s
Ep  227: len= 16 白胜 loss=26.8438 temp=0.25 total_env_steps=10921 t=0.12s
Ep  228: len= 33 黑胜 loss=27.2588 temp=0.25 total_env_steps=10954 t=0.15s
Ep  229: len= 56 白胜 loss=27.2640 temp=0.25 total_env_steps=11010 t=0.26s
Ep  230: len= 36 白胜 loss=26.8176 temp=0.25 total_env_steps=11046 t=0.17s
Ep  231: len= 38 白胜 loss=26.7568 temp=0.25 total_env_steps=11084 t=0.18s
Ep  232: len= 34 白胜 loss=26.8654 temp=0.25 total_env_steps=11118 t=0.17s
Ep  233: len= 41 黑胜 loss=27.1563 temp=0.25 total_env_steps=11159 t=0.20s
Ep  234: len= 36 白胜 loss=27.1128 temp=0.25 total_env_steps=11195 t=0.17s
Ep  235: len= 42 白胜 loss=26.9019 temp=0.25 total_env_steps=11237 t=0.19s
Ep  236: len= 34 白胜 loss=26.9906 temp=0.25 total_env_steps=11271 t=0.17s
Ep  237: len= 34 白胜 loss=26.9327 temp=0.25 total_env_steps=11305 t=0.17s
Ep  238: len= 54 白胜 loss=27.0541 temp=0.25 total_env_steps=11359 t=0.25s
Ep  239: len= 56 白胜 loss=26.8852 temp=0.25 total_env_steps=11415 t=0.27s
Ep  240: len= 25 黑胜 loss=26.8335 temp=0.25 total_env_steps=11440 t=0.13s
Ep  241: len= 48 白胜 loss=26.7476 temp=0.25 total_env_steps=11488 t=0.24s
Ep  242: len= 22 白胜 loss=26.4569 temp=0.25 total_env_steps=11510 t=0.13s
Ep  243: len= 59 黑胜 loss=27.1339 temp=0.25 total_env_steps=11569 t=0.32s
Ep  244: len= 60 白胜 loss=26.8509 temp=0.25 total_env_steps=11629 t=0.27s
Ep  245: len= 58 白胜 loss=26.9970 temp=0.25 total_env_steps=11687 t=0.26s
Ep  246: len= 40 白胜 loss=26.7084 temp=0.25 total_env_steps=11727 t=0.20s
Ep  247: len= 45 黑胜 loss=26.5108 temp=0.25 total_env_steps=11772 t=0.21s
Ep  248: len= 70 白胜 loss=26.4437 temp=0.25 total_env_steps=11842 t=0.36s
Ep  249: len= 44 白胜 loss=26.5386 temp=0.25 total_env_steps=11886 t=0.21s
Ep  250: len= 60 白胜 loss=26.8352 temp=0.25 total_env_steps=11946 t=0.36s
  eval vs Gomoku-random-v0: win_rate=0.95 mean_return=0.90（20 局，total_env_steps=11946）
  ✅ 达标 ep=250 total_env_steps=11946
Ep  251: len= 51 黑胜 loss=26.8241 temp=0.25 total_env_steps=11997 t=0.26s
Ep  252: len= 60 白胜 loss=26.0322 temp=0.25 total_env_steps=12057 t=0.33s
Ep  253: len= 51 黑胜 loss=26.6039 temp=0.25 total_env_steps=12108 t=0.34s
Ep  254: len= 36 白胜 loss=26.2075 temp=0.25 total_env_steps=12144 t=0.21s
Ep  255: len= 21 黑胜 loss=26.1289 temp=0.25 total_env_steps=12165 t=0.12s
Ep  256: len= 50 白胜 loss=25.9846 temp=0.25 total_env_steps=12215 t=0.22s
Ep  257: len= 26 白胜 loss=26.8178 temp=0.25 total_env_steps=12241 t=0.15s
Ep  258: len= 46 白胜 loss=26.0351 temp=0.25 total_env_steps=12287 t=0.24s
Ep  259: len= 43 黑胜 loss=27.1333 temp=0.25 total_env_steps=12330 t=0.22s
Ep  260: len= 57 黑胜 loss=26.8662 temp=0.25 total_env_steps=12387 t=0.27s
Ep  261: len= 23 黑胜 loss=27.0133 temp=0.25 total_env_steps=12410 t=0.14s
Ep  262: len= 48 白胜 loss=26.7606 temp=0.25 total_env_steps=12458 t=0.25s
Ep  263: len= 44 白胜 loss=26.4785 temp=0.25 total_env_steps=12502 t=0.21s
Ep  264: len= 47 黑胜 loss=26.0861 temp=0.25 total_env_steps=12549 t=0.24s
Ep  265: len= 42 白胜 loss=26.2946 temp=0.25 total_env_steps=12591 t=0.21s
Ep  266: len= 54 白胜 loss=26.7352 temp=0.25 total_env_steps=12645 t=0.26s
Ep  267: len= 35 黑胜 loss=26.7117 temp=0.25 total_env_steps=12680 t=0.18s
Ep  268: len= 45 黑胜 loss=26.5000 temp=0.25 total_env_steps=12725 t=0.24s
Ep  269: len= 53 黑胜 loss=25.7437 temp=0.25 total_env_steps=12778 t=0.28s
Ep  270: len= 39 黑胜 loss=27.0692 temp=0.25 total_env_steps=12817 t=0.25s
Ep  271: len= 53 黑胜 loss=26.8050 temp=0.25 total_env_steps=12870 t=0.42s
Ep  272: len= 42 白胜 loss=25.6492 temp=0.25 total_env_steps=12912 t=0.25s
Ep  273: len= 39 黑胜 loss=26.5939 temp=0.25 total_env_steps=12951 t=0.20s
Ep  274: len= 68 白胜 loss=26.4759 temp=0.25 total_env_steps=13019 t=0.33s
Ep  275: len= 24 白胜 loss=26.0193 temp=0.25 total_env_steps=13043 t=0.13s
Ep  276: len= 52 白胜 loss=26.0796 temp=0.25 total_env_steps=13095 t=0.23s
Ep  277: len= 11 黑胜 loss=25.4894 temp=0.25 total_env_steps=13106 t=0.08s
Ep  278: len= 74 白胜 loss=26.3791 temp=0.25 total_env_steps=13180 t=0.32s
Ep  279: len= 37 黑胜 loss=25.5790 temp=0.25 total_env_steps=13217 t=0.16s
Ep  280: len= 29 黑胜 loss=26.2102 temp=0.25 total_env_steps=13246 t=0.16s
Ep  281: len= 22 白胜 loss=26.0264 temp=0.25 total_env_steps=13268 t=0.12s
Ep  282: len= 27 黑胜 loss=26.2712 temp=0.25 total_env_steps=13295 t=0.15s
Ep  283: len= 28 白胜 loss=25.9427 temp=0.25 total_env_steps=13323 t=0.14s
Ep  284: len= 43 黑胜 loss=25.9586 temp=0.25 total_env_steps=13366 t=0.19s
Ep  285: len= 63 黑胜 loss=26.0739 temp=0.25 total_env_steps=13429 t=0.29s
Ep  286: len= 52 白胜 loss=25.0050 temp=0.25 total_env_steps=13481 t=0.24s
Ep  287: len= 67 黑胜 loss=25.6943 temp=0.25 total_env_steps=13548 t=0.30s
Ep  288: len= 53 黑胜 loss=26.4136 temp=0.25 total_env_steps=13601 t=0.23s
Ep  289: len= 41 黑胜 loss=25.9209 temp=0.25 total_env_steps=13642 t=0.19s
Ep  290: len= 64 白胜 loss=25.7600 temp=0.25 total_env_steps=13706 t=0.29s
Ep  291: len= 47 黑胜 loss=25.8119 temp=0.25 total_env_steps=13753 t=0.21s
Ep  292: len= 44 白胜 loss=26.2710 temp=0.25 total_env_steps=13797 t=0.22s
Ep  293: len= 30 白胜 loss=26.0303 temp=0.25 total_env_steps=13827 t=0.16s
Ep  294: len= 37 黑胜 loss=25.3469 temp=0.25 total_env_steps=13864 t=0.19s
Ep  295: len= 27 黑胜 loss=25.7904 temp=0.25 total_env_steps=13891 t=0.17s
Ep  296: len= 38 白胜 loss=25.9192 temp=0.25 total_env_steps=13929 t=0.17s
Ep  297: len= 25 黑胜 loss=25.8416 temp=0.25 total_env_steps=13954 t=0.12s
Ep  298: len= 61 黑胜 loss=25.8032 temp=0.25 total_env_steps=14015 t=0.28s
Ep  299: len= 48 白胜 loss=25.8844 temp=0.25 total_env_steps=14063 t=0.21s
Ep  300: len= 48 白胜 loss=25.6099 temp=0.25 total_env_steps=14111 t=0.25s
  eval vs Gomoku-random-v0: win_rate=0.75 mean_return=0.50（20 局，total_env_steps=14111）
Ep  301: len= 34 白胜 loss=25.4028 temp=0.25 total_env_steps=14145 t=0.22s
Ep  302: len= 39 黑胜 loss=25.9880 temp=0.25 total_env_steps=14184 t=0.24s
Ep  303: len= 36 白胜 loss=25.0716 temp=0.25 total_env_steps=14220 t=0.21s
Ep  304: len= 48 白胜 loss=25.0186 temp=0.25 total_env_steps=14268 t=0.27s
Ep  305: len= 50 白胜 loss=25.1013 temp=0.25 total_env_steps=14318 t=0.27s
Ep  306: len= 72 白胜 loss=24.9464 temp=0.25 total_env_steps=14390 t=0.37s
Ep  307: len= 31 黑胜 loss=25.2425 temp=0.25 total_env_steps=14421 t=0.23s
Ep  308: len= 63 黑胜 loss=24.8466 temp=0.25 total_env_steps=14484 t=0.38s
Ep  309: len= 49 黑胜 loss=26.1820 temp=0.25 total_env_steps=14533 t=0.30s
Ep  310: len= 63 黑胜 loss=25.0169 temp=0.25 total_env_steps=14596 t=0.35s
Ep  311: len= 30 白胜 loss=25.3961 temp=0.25 total_env_steps=14626 t=0.20s
Ep  312: len= 54 白胜 loss=25.0455 temp=0.25 total_env_steps=14680 t=0.26s
Ep  313: len= 44 白胜 loss=25.0645 temp=0.25 total_env_steps=14724 t=0.29s
Ep  314: len= 42 白胜 loss=24.6684 temp=0.25 total_env_steps=14766 t=0.29s
Ep  315: len= 67 黑胜 loss=24.5454 temp=0.25 total_env_steps=14833 t=0.43s
Ep  316: len= 36 白胜 loss=25.8481 temp=0.25 total_env_steps=14869 t=0.26s
Ep  317: len= 55 黑胜 loss=25.1499 temp=0.25 total_env_steps=14924 t=0.35s
Ep  318: len= 49 黑胜 loss=25.4920 temp=0.25 total_env_steps=14973 t=0.31s
Ep  319: len= 55 黑胜 loss=26.1274 temp=0.25 total_env_steps=15028 t=0.33s
Ep  320: len= 31 黑胜 loss=24.7550 temp=0.25 total_env_steps=15059 t=0.25s
Ep  321: len= 46 白胜 loss=24.6735 temp=0.25 total_env_steps=15105 t=0.32s
Ep  322: len= 40 白胜 loss=25.0021 temp=0.25 total_env_steps=15145 t=0.25s
Ep  323: len= 27 黑胜 loss=25.7865 temp=0.25 total_env_steps=15172 t=0.20s
Ep  324: len= 55 黑胜 loss=24.9852 temp=0.25 total_env_steps=15227 t=0.31s
Ep  325: len=  9 黑胜 loss=24.8830 temp=0.25 total_env_steps=15236 t=0.10s
Ep  326: len= 52 白胜 loss=24.5628 temp=0.25 total_env_steps=15288 t=0.31s
Ep  327: len= 41 黑胜 loss=24.5754 temp=0.25 total_env_steps=15329 t=0.27s
Ep  328: len= 52 白胜 loss=25.5366 temp=0.25 total_env_steps=15381 t=0.30s
Ep  329: len= 37 黑胜 loss=24.8943 temp=0.25 total_env_steps=15418 t=0.31s
Ep  330: len= 57 黑胜 loss=25.0659 temp=0.25 total_env_steps=15475 t=0.34s
Ep  331: len= 30 白胜 loss=24.4363 temp=0.25 total_env_steps=15505 t=0.18s
Ep  332: len= 64 白胜 loss=23.9979 temp=0.25 total_env_steps=15569 t=0.35s
Ep  333: len= 46 白胜 loss=25.0256 temp=0.25 total_env_steps=15615 t=0.25s
Ep  334: len= 44 白胜 loss=24.5977 temp=0.25 total_env_steps=15659 t=0.26s
Ep  335: len= 43 黑胜 loss=24.2010 temp=0.25 total_env_steps=15702 t=0.24s
Ep  336: len= 33 黑胜 loss=24.2328 temp=0.25 total_env_steps=15735 t=0.21s
Ep  337: len= 38 白胜 loss=25.0678 temp=0.25 total_env_steps=15773 t=0.22s
Ep  338: len= 28 白胜 loss=24.9724 temp=0.25 total_env_steps=15801 t=0.19s
Ep  339: len= 26 白胜 loss=25.0524 temp=0.25 total_env_steps=15827 t=0.18s
Ep  340: len= 30 白胜 loss=24.7081 temp=0.25 total_env_steps=15857 t=0.21s
Ep  341: len= 61 黑胜 loss=24.2134 temp=0.25 total_env_steps=15918 t=0.31s
Ep  342: len= 37 黑胜 loss=24.3777 temp=0.25 total_env_steps=15955 t=0.24s
Ep  343: len= 48 白胜 loss=25.0280 temp=0.25 total_env_steps=16003 t=0.26s
Ep  344: len= 43 黑胜 loss=25.4932 temp=0.25 total_env_steps=16046 t=0.22s
Ep  345: len= 41 黑胜 loss=23.7084 temp=0.25 total_env_steps=16087 t=0.39s
Ep  346: len= 17 黑胜 loss=24.4478 temp=0.25 total_env_steps=16104 t=0.66s
Ep  347: len= 27 黑胜 loss=24.8119 temp=0.25 total_env_steps=16131 t=1.67s
Ep  348: len= 32 白胜 loss=24.5375 temp=0.25 total_env_steps=16163 t=3.41s
Ep  349: len= 30 白胜 loss=24.1270 temp=0.25 total_env_steps=16193 t=2.55s
Ep  350: len= 53 黑胜 loss=24.2190 temp=0.25 total_env_steps=16246 t=1.55s
  eval vs Gomoku-random-v0: win_rate=0.90 mean_return=0.80（20 局，total_env_steps=16246）
Ep  351: len= 31 黑胜 loss=23.3162 temp=0.25 total_env_steps=16277 t=0.63s
Ep  352: len= 29 黑胜 loss=24.4030 temp=0.25 total_env_steps=16306 t=0.81s
Ep  353: len= 24 白胜 loss=24.5629 temp=0.25 total_env_steps=16330 t=0.67s
Ep  354: len= 34 白胜 loss=24.7785 temp=0.25 total_env_steps=16364 t=0.53s
Ep  355: len= 36 白胜 loss=24.1356 temp=0.25 total_env_steps=16400 t=0.61s
Ep  356: len= 60 白胜 loss=23.5147 temp=0.25 total_env_steps=16460 t=1.05s
Ep  357: len= 36 白胜 loss=23.7054 temp=0.25 total_env_steps=16496 t=0.80s
Ep  358: len= 29 黑胜 loss=24.3349 temp=0.25 total_env_steps=16525 t=1.06s
Ep  359: len= 21 黑胜 loss=23.8130 temp=0.25 total_env_steps=16546 t=1.65s
Ep  360: len= 59 黑胜 loss=23.6161 temp=0.25 total_env_steps=16605 t=1.75s
Ep  361: len= 43 黑胜 loss=23.8275 temp=0.25 total_env_steps=16648 t=0.50s
Ep  362: len= 40 白胜 loss=24.0009 temp=0.25 total_env_steps=16688 t=0.70s
Ep  363: len= 26 白胜 loss=24.1117 temp=0.25 total_env_steps=16714 t=1.72s
Ep  364: len= 33 黑胜 loss=24.4490 temp=0.25 total_env_steps=16747 t=2.31s
Ep  365: len= 21 黑胜 loss=24.3373 temp=0.25 total_env_steps=16768 t=1.65s
Ep  366: len= 51 黑胜 loss=23.6668 temp=0.25 total_env_steps=16819 t=2.79s
Ep  367: len= 64 白胜 loss=22.8547 temp=0.25 total_env_steps=16883 t=0.61s
Ep  368: len= 53 黑胜 loss=24.3789 temp=0.25 total_env_steps=16936 t=0.46s
Ep  369: len= 71 黑胜 loss=24.4180 temp=0.25 total_env_steps=17007 t=0.57s
Ep  370: len= 42 白胜 loss=24.0937 temp=0.25 total_env_steps=17049 t=0.40s
Ep  371: len= 30 白胜 loss=23.6036 temp=0.25 total_env_steps=17079 t=0.64s
Ep  372: len= 54 白胜 loss=23.4967 temp=0.25 total_env_steps=17133 t=0.71s
Ep  373: len= 36 白胜 loss=23.2405 temp=0.25 total_env_steps=17169 t=0.54s
Ep  374: len= 53 黑胜 loss=23.8291 temp=0.25 total_env_steps=17222 t=0.53s
Ep  375: len= 35 黑胜 loss=24.1758 temp=0.25 total_env_steps=17257 t=0.35s
Ep  376: len= 48 白胜 loss=24.0156 temp=0.25 total_env_steps=17305 t=0.71s
Ep  377: len= 36 白胜 loss=24.1419 temp=0.25 total_env_steps=17341 t=0.37s
Ep  378: len= 29 黑胜 loss=23.4594 temp=0.25 total_env_steps=17370 t=0.29s
Ep  379: len= 41 黑胜 loss=23.1276 temp=0.25 total_env_steps=17411 t=0.52s
Ep  380: len= 28 白胜 loss=22.9025 temp=0.25 total_env_steps=17439 t=0.28s
Ep  381: len= 21 黑胜 loss=21.5886 temp=0.25 total_env_steps=17460 t=0.31s
Ep  382: len= 35 黑胜 loss=22.4264 temp=0.25 total_env_steps=17495 t=0.33s
Ep  383: len= 74 白胜 loss=22.0259 temp=0.25 total_env_steps=17569 t=0.70s
Ep  384: len= 35 黑胜 loss=22.6248 temp=0.25 total_env_steps=17604 t=0.45s
Ep  385: len= 46 白胜 loss=23.2266 temp=0.25 total_env_steps=17650 t=0.49s
Ep  386: len= 22 白胜 loss=23.0374 temp=0.25 total_env_steps=17672 t=0.29s
Ep  387: len= 36 白胜 loss=22.9389 temp=0.25 total_env_steps=17708 t=0.45s
Ep  388: len= 28 白胜 loss=23.5989 temp=0.25 total_env_steps=17736 t=0.41s
Ep  389: len= 42 白胜 loss=22.0859 temp=0.25 total_env_steps=17778 t=0.43s
Ep  390: len= 42 白胜 loss=22.2945 temp=0.25 total_env_steps=17820 t=0.77s
Ep  391: len= 51 黑胜 loss=22.6746 temp=0.25 total_env_steps=17871 t=0.71s
Ep  392: len= 33 黑胜 loss=22.7409 temp=0.25 total_env_steps=17904 t=0.37s
Ep  393: len= 43 黑胜 loss=23.7576 temp=0.25 total_env_steps=17947 t=0.66s
Ep  394: len= 58 白胜 loss=22.2677 temp=0.25 total_env_steps=18005 t=0.50s
Ep  395: len= 51 黑胜 loss=22.6535 temp=0.25 total_env_steps=18056 t=0.97s
Ep  396: len= 45 黑胜 loss=23.1117 temp=0.25 total_env_steps=18101 t=0.51s
Ep  397: len= 31 黑胜 loss=23.0557 temp=0.25 total_env_steps=18132 t=0.56s
Ep  398: len= 28 白胜 loss=24.5787 temp=0.25 total_env_steps=18160 t=0.42s
Ep  399: len= 24 白胜 loss=23.6437 temp=0.25 total_env_steps=18184 t=0.52s
Ep  400: len= 35 黑胜 loss=23.5420 temp=0.25 total_env_steps=18219 t=0.53s
  eval vs Gomoku-random-v0: win_rate=0.90 mean_return=0.80（20 局，total_env_steps=18219）
[闸门] vs random（40 局）: win_rate=0.975
[闸门] vs 半程快照（40 局，黑白各半）: score=0.600
[梯队] vs naive0（20 局，观察性）: win_rate=0.00
[梯队] vs naive1（20 局，观察性）: win_rate=0.00
[梯队] vs naive2（20 局，观察性）: win_rate=0.00
[梯队] vs naive3（20 局，观察性）: win_rate=0.00
📈 Gomoku-selfplay-v0 win_rate=0.90（best 0.95）| 门槛 0.95 | 146.8s

--- arm=lr3e3 seed=44 sims=100 ---
[MyZero-board Gomoku-selfplay-v0] obs=243(3×9²) |A|=81 sims=100 γ=1.0 negamax
Ep    1: len= 44 白胜 loss=0.0000 temp=1.00 total_env_steps=44 t=0.14s
Ep    2: len= 59 黑胜 loss=0.0000 temp=1.00 total_env_steps=103 t=0.19s
Ep    3: len= 55 黑胜 loss=0.0000 temp=1.00 total_env_steps=158 t=0.16s
Ep    4: len= 71 黑胜 loss=0.0000 temp=1.00 total_env_steps=229 t=0.20s
Ep    5: len= 60 白胜 loss=0.0000 temp=1.00 total_env_steps=289 t=0.17s
Ep    6: len= 41 黑胜 loss=0.0000 temp=1.00 total_env_steps=330 t=0.12s
Ep    7: len= 47 黑胜 loss=0.0000 temp=1.00 total_env_steps=377 t=0.13s
Ep    8: len= 66 白胜 loss=0.0000 temp=1.00 total_env_steps=443 t=0.19s
Ep    9: len= 63 黑胜 loss=0.0000 temp=1.00 total_env_steps=506 t=0.18s
Ep   10: len= 48 白胜 loss=48.5448 temp=1.00 total_env_steps=554 t=0.15s
Ep   11: len= 34 白胜 loss=32.8986 temp=1.00 total_env_steps=588 t=0.10s
Ep   12: len= 19 黑胜 loss=29.5797 temp=1.00 total_env_steps=607 t=0.06s
Ep   13: len= 43 黑胜 loss=28.8564 temp=1.00 total_env_steps=650 t=0.14s
Ep   14: len= 57 黑胜 loss=28.8772 temp=1.00 total_env_steps=707 t=0.19s
Ep   15: len= 46 白胜 loss=28.8773 temp=1.00 total_env_steps=753 t=0.15s
Ep   16: len= 72 白胜 loss=28.5171 temp=1.00 total_env_steps=825 t=0.26s
Ep   17: len= 51 黑胜 loss=28.7615 temp=1.00 total_env_steps=876 t=0.20s
Ep   18: len= 72 白胜 loss=28.4130 temp=1.00 total_env_steps=948 t=0.28s
Ep   19: len= 54 白胜 loss=28.5679 temp=1.00 total_env_steps=1002 t=0.19s
Ep   20: len= 74 白胜 loss=28.1723 temp=1.00 total_env_steps=1076 t=0.23s
Ep   21: len= 52 白胜 loss=28.6631 temp=1.00 total_env_steps=1128 t=0.17s
Ep   22: len= 43 黑胜 loss=28.1165 temp=1.00 total_env_steps=1171 t=0.15s
Ep   23: len= 60 白胜 loss=28.1966 temp=1.00 total_env_steps=1231 t=0.20s
Ep   24: len= 61 黑胜 loss=28.2114 temp=1.00 total_env_steps=1292 t=0.19s
Ep   25: len= 55 黑胜 loss=28.0104 temp=1.00 total_env_steps=1347 t=0.18s
Ep   26: len= 51 黑胜 loss=27.9511 temp=1.00 total_env_steps=1398 t=0.15s
Ep   27: len= 57 黑胜 loss=27.9272 temp=1.00 total_env_steps=1455 t=0.18s
Ep   28: len= 35 黑胜 loss=28.1673 temp=1.00 total_env_steps=1490 t=0.12s
Ep   29: len= 63 黑胜 loss=28.1657 temp=1.00 total_env_steps=1553 t=0.22s
Ep   30: len= 49 黑胜 loss=28.3885 temp=1.00 total_env_steps=1602 t=0.16s
Ep   31: len= 76 白胜 loss=28.3697 temp=1.00 total_env_steps=1678 t=0.30s
Ep   32: len= 57 黑胜 loss=28.3968 temp=1.00 total_env_steps=1735 t=0.22s
Ep   33: len= 49 黑胜 loss=28.0037 temp=1.00 total_env_steps=1784 t=0.17s
Ep   34: len= 60 白胜 loss=28.3283 temp=1.00 total_env_steps=1844 t=0.19s
Ep   35: len= 66 白胜 loss=28.2123 temp=1.00 total_env_steps=1910 t=0.21s
Ep   36: len= 41 黑胜 loss=28.1365 temp=1.00 total_env_steps=1951 t=0.15s
Ep   37: len= 53 黑胜 loss=28.0888 temp=1.00 total_env_steps=2004 t=0.18s
Ep   38: len= 61 黑胜 loss=28.4964 temp=1.00 total_env_steps=2065 t=0.21s
Ep   39: len= 37 黑胜 loss=28.2672 temp=1.00 total_env_steps=2102 t=0.13s
Ep   40: len= 59 黑胜 loss=28.0161 temp=1.00 total_env_steps=2161 t=0.19s
Ep   41: len= 60 白胜 loss=28.1137 temp=1.00 total_env_steps=2221 t=0.19s
Ep   42: len= 46 白胜 loss=28.2522 temp=1.00 total_env_steps=2267 t=0.14s
Ep   43: len= 49 黑胜 loss=28.0643 temp=1.00 total_env_steps=2316 t=0.21s
Ep   44: len= 47 黑胜 loss=28.0446 temp=1.00 total_env_steps=2363 t=0.15s
Ep   45: len= 53 黑胜 loss=28.0124 temp=1.00 total_env_steps=2416 t=0.17s
Ep   46: len= 57 黑胜 loss=28.2818 temp=1.00 total_env_steps=2473 t=0.19s
Ep   47: len= 66 白胜 loss=27.9411 temp=1.00 total_env_steps=2539 t=0.20s
Ep   48: len= 74 白胜 loss=28.0009 temp=1.00 total_env_steps=2613 t=0.23s
Ep   49: len= 50 白胜 loss=28.1119 temp=1.00 total_env_steps=2663 t=0.16s
Ep   50: len= 50 白胜 loss=28.2388 temp=1.00 total_env_steps=2713 t=0.15s
  eval vs Gomoku-random-v0: win_rate=0.70 mean_return=0.40（20 局，total_env_steps=2713）
Ep   51: len= 63 黑胜 loss=28.1468 temp=1.00 total_env_steps=2776 t=0.20s
Ep   52: len= 63 黑胜 loss=28.1965 temp=1.00 total_env_steps=2839 t=0.18s
Ep   53: len= 43 黑胜 loss=27.9606 temp=1.00 total_env_steps=2882 t=0.12s
Ep   54: len= 63 黑胜 loss=27.9025 temp=1.00 total_env_steps=2945 t=0.18s
Ep   55: len= 64 白胜 loss=27.9649 temp=1.00 total_env_steps=3009 t=0.19s
Ep   56: len= 65 黑胜 loss=28.0572 temp=1.00 total_env_steps=3074 t=0.20s
Ep   57: len= 61 黑胜 loss=27.8681 temp=1.00 total_env_steps=3135 t=0.18s
Ep   58: len= 77 黑胜 loss=28.0713 temp=1.00 total_env_steps=3212 t=0.22s
Ep   59: len= 53 黑胜 loss=27.9834 temp=1.00 total_env_steps=3265 t=0.15s
Ep   60: len= 68 白胜 loss=28.1452 temp=1.00 total_env_steps=3333 t=0.21s
Ep   61: len= 49 黑胜 loss=28.0558 temp=1.00 total_env_steps=3382 t=0.15s
Ep   62: len= 47 黑胜 loss=27.8652 temp=1.00 total_env_steps=3429 t=0.15s
Ep   63: len= 48 白胜 loss=27.9584 temp=1.00 total_env_steps=3477 t=0.14s
Ep   64: len= 53 黑胜 loss=27.8901 temp=1.00 total_env_steps=3530 t=0.16s
Ep   65: len= 68 白胜 loss=27.9592 temp=1.00 total_env_steps=3598 t=0.20s
Ep   66: len= 62 白胜 loss=28.1411 temp=1.00 total_env_steps=3660 t=0.19s
Ep   67: len= 53 黑胜 loss=28.0380 temp=1.00 total_env_steps=3713 t=0.15s
Ep   68: len= 49 黑胜 loss=28.1878 temp=1.00 total_env_steps=3762 t=0.16s
Ep   69: len= 63 黑胜 loss=27.9149 temp=1.00 total_env_steps=3825 t=0.19s
Ep   70: len= 64 白胜 loss=27.8053 temp=1.00 total_env_steps=3889 t=0.19s
Ep   71: len= 55 黑胜 loss=27.9532 temp=1.00 total_env_steps=3944 t=0.20s
Ep   72: len= 51 黑胜 loss=28.2342 temp=1.00 total_env_steps=3995 t=0.16s
Ep   73: len= 40 白胜 loss=28.0000 temp=1.00 total_env_steps=4035 t=0.13s
Ep   74: len= 52 白胜 loss=27.9963 temp=1.00 total_env_steps=4087 t=0.16s
Ep   75: len= 37 黑胜 loss=27.9349 temp=1.00 total_env_steps=4124 t=0.12s
Ep   76: len= 19 黑胜 loss=27.9728 temp=1.00 total_env_steps=4143 t=0.08s
Ep   77: len= 34 白胜 loss=27.9575 temp=1.00 total_env_steps=4177 t=0.12s
Ep   78: len= 44 白胜 loss=27.9673 temp=1.00 total_env_steps=4221 t=0.13s
Ep   79: len= 59 黑胜 loss=28.0728 temp=1.00 total_env_steps=4280 t=0.17s
Ep   80: len= 63 黑胜 loss=28.0374 temp=1.00 total_env_steps=4343 t=0.19s
Ep   81: len= 64 白胜 loss=27.9098 temp=1.00 total_env_steps=4407 t=0.19s
Ep   82: len= 41 黑胜 loss=27.8595 temp=1.00 total_env_steps=4448 t=0.12s
Ep   83: len= 58 白胜 loss=27.9500 temp=1.00 total_env_steps=4506 t=0.18s
Ep   84: len= 33 黑胜 loss=27.9699 temp=1.00 total_env_steps=4539 t=0.12s
Ep   85: len= 57 黑胜 loss=27.8628 temp=1.00 total_env_steps=4596 t=0.20s
Ep   86: len= 62 白胜 loss=28.0627 temp=1.00 total_env_steps=4658 t=0.19s
Ep   87: len= 67 黑胜 loss=27.9482 temp=1.00 total_env_steps=4725 t=0.18s
Ep   88: len= 17 黑胜 loss=27.8082 temp=1.00 total_env_steps=4742 t=0.05s
Ep   89: len= 50 白胜 loss=28.0037 temp=1.00 total_env_steps=4792 t=0.14s
Ep   90: len= 66 白胜 loss=28.0166 temp=1.00 total_env_steps=4858 t=0.19s
Ep   91: len= 47 黑胜 loss=27.9016 temp=1.00 total_env_steps=4905 t=0.15s
Ep   92: len= 47 黑胜 loss=27.9477 temp=1.00 total_env_steps=4952 t=0.15s
Ep   93: len= 49 黑胜 loss=27.8688 temp=1.00 total_env_steps=5001 t=0.15s
Ep   94: len= 52 白胜 loss=27.9004 temp=1.00 total_env_steps=5053 t=0.16s
Ep   95: len= 56 白胜 loss=28.0751 temp=1.00 total_env_steps=5109 t=0.17s
Ep   96: len= 61 黑胜 loss=27.9494 temp=1.00 total_env_steps=5170 t=0.18s
Ep   97: len= 41 黑胜 loss=27.8831 temp=1.00 total_env_steps=5211 t=0.12s
Ep   98: len= 57 黑胜 loss=27.7436 temp=1.00 total_env_steps=5268 t=0.17s
Ep   99: len= 41 黑胜 loss=27.9952 temp=1.00 total_env_steps=5309 t=0.12s
Ep  100: len= 41 黑胜 loss=27.8122 temp=1.00 total_env_steps=5350 t=0.11s
  eval vs Gomoku-random-v0: win_rate=0.65 mean_return=0.30（20 局，total_env_steps=5350）
Ep  101: len= 77 黑胜 loss=28.0658 temp=1.00 total_env_steps=5427 t=0.22s
Ep  102: len= 43 黑胜 loss=27.8253 temp=0.99 total_env_steps=5470 t=0.13s
Ep  103: len= 54 白胜 loss=27.9121 temp=0.99 total_env_steps=5524 t=0.17s
Ep  104: len= 62 白胜 loss=27.9943 temp=0.98 total_env_steps=5586 t=0.19s
Ep  105: len= 54 白胜 loss=27.9424 temp=0.97 total_env_steps=5640 t=0.16s
Ep  106: len= 38 白胜 loss=27.7130 temp=0.96 total_env_steps=5678 t=0.12s
Ep  107: len= 81 平局 loss=27.8648 temp=0.95 total_env_steps=5759 t=0.25s
Ep  108: len= 40 白胜 loss=27.9163 temp=0.95 total_env_steps=5799 t=0.15s
Ep  109: len= 55 黑胜 loss=27.6541 temp=0.94 total_env_steps=5854 t=0.17s
Ep  110: len= 43 黑胜 loss=27.9350 temp=0.93 total_env_steps=5897 t=0.14s
Ep  111: len= 34 白胜 loss=27.9429 temp=0.93 total_env_steps=5931 t=0.11s
Ep  112: len= 59 黑胜 loss=27.8193 temp=0.92 total_env_steps=5990 t=0.19s
Ep  113: len= 61 黑胜 loss=27.7409 temp=0.91 total_env_steps=6051 t=0.19s
Ep  114: len= 56 白胜 loss=27.7009 temp=0.90 total_env_steps=6107 t=0.18s
Ep  115: len= 59 黑胜 loss=27.8518 temp=0.89 total_env_steps=6166 t=0.18s
Ep  116: len= 44 白胜 loss=27.6410 temp=0.89 total_env_steps=6210 t=0.14s
Ep  117: len= 38 白胜 loss=27.7783 temp=0.88 total_env_steps=6248 t=0.11s
Ep  118: len= 54 白胜 loss=27.6659 temp=0.87 total_env_steps=6302 t=0.16s
Ep  119: len= 33 黑胜 loss=27.5657 temp=0.87 total_env_steps=6335 t=0.11s
Ep  120: len= 42 白胜 loss=27.7506 temp=0.86 total_env_steps=6377 t=0.12s
Ep  121: len= 56 白胜 loss=27.7956 temp=0.85 total_env_steps=6433 t=0.19s
Ep  122: len= 50 白胜 loss=27.8478 temp=0.84 total_env_steps=6483 t=0.16s
Ep  123: len= 72 白胜 loss=27.7480 temp=0.84 total_env_steps=6555 t=0.21s
Ep  124: len= 44 白胜 loss=27.7198 temp=0.83 total_env_steps=6599 t=0.14s
Ep  125: len= 58 白胜 loss=27.6651 temp=0.82 total_env_steps=6657 t=0.18s
Ep  126: len= 52 白胜 loss=27.7754 temp=0.81 total_env_steps=6709 t=0.15s
Ep  127: len= 42 白胜 loss=27.7148 temp=0.81 total_env_steps=6751 t=0.13s
Ep  128: len= 69 黑胜 loss=27.5275 temp=0.80 total_env_steps=6820 t=0.21s
Ep  129: len= 47 黑胜 loss=27.7378 temp=0.79 total_env_steps=6867 t=0.15s
Ep  130: len= 50 白胜 loss=27.6338 temp=0.78 total_env_steps=6917 t=0.15s
Ep  131: len= 46 白胜 loss=27.6743 temp=0.77 total_env_steps=6963 t=0.15s
Ep  132: len= 54 白胜 loss=27.6688 temp=0.77 total_env_steps=7017 t=0.17s
Ep  133: len= 52 白胜 loss=27.8369 temp=0.76 total_env_steps=7069 t=0.19s
Ep  134: len= 49 黑胜 loss=27.6520 temp=0.75 total_env_steps=7118 t=0.15s
Ep  135: len= 61 黑胜 loss=27.5956 temp=0.75 total_env_steps=7179 t=0.18s
Ep  136: len= 55 黑胜 loss=27.6593 temp=0.74 total_env_steps=7234 t=0.17s
Ep  137: len= 49 黑胜 loss=27.6928 temp=0.73 total_env_steps=7283 t=0.14s
Ep  138: len= 47 黑胜 loss=27.4095 temp=0.72 total_env_steps=7330 t=0.15s
Ep  139: len= 43 黑胜 loss=27.6403 temp=0.72 total_env_steps=7373 t=0.13s
Ep  140: len= 36 白胜 loss=27.7903 temp=0.71 total_env_steps=7409 t=0.12s
Ep  141: len= 25 黑胜 loss=27.6686 temp=0.70 total_env_steps=7434 t=0.08s
Ep  142: len= 38 白胜 loss=27.6236 temp=0.69 total_env_steps=7472 t=0.13s
Ep  143: len= 52 白胜 loss=27.2993 temp=0.69 total_env_steps=7524 t=0.17s
Ep  144: len= 63 黑胜 loss=27.3965 temp=0.68 total_env_steps=7587 t=0.20s
Ep  145: len= 34 白胜 loss=27.6407 temp=0.67 total_env_steps=7621 t=0.10s
Ep  146: len= 34 白胜 loss=27.5214 temp=0.66 total_env_steps=7655 t=0.11s
Ep  147: len= 50 白胜 loss=27.4269 temp=0.65 total_env_steps=7705 t=0.18s
Ep  148: len= 35 黑胜 loss=27.6097 temp=0.65 total_env_steps=7740 t=0.11s
Ep  149: len= 50 白胜 loss=27.4348 temp=0.64 total_env_steps=7790 t=0.16s
Ep  150: len= 76 白胜 loss=27.5412 temp=0.63 total_env_steps=7866 t=0.26s
  eval vs Gomoku-random-v0: win_rate=0.75 mean_return=0.50（20 局，total_env_steps=7866）
Ep  151: len= 54 白胜 loss=27.7201 temp=0.62 total_env_steps=7920 t=0.17s
Ep  152: len= 51 黑胜 loss=27.5089 temp=0.62 total_env_steps=7971 t=0.16s
Ep  153: len= 32 白胜 loss=27.3754 temp=0.61 total_env_steps=8003 t=0.10s
Ep  154: len= 43 黑胜 loss=27.6301 temp=0.60 total_env_steps=8046 t=0.14s
Ep  155: len= 38 白胜 loss=27.5684 temp=0.59 total_env_steps=8084 t=0.11s
Ep  156: len= 44 白胜 loss=27.6134 temp=0.59 total_env_steps=8128 t=0.12s
Ep  157: len= 27 黑胜 loss=27.4899 temp=0.58 total_env_steps=8155 t=0.09s
Ep  158: len= 57 黑胜 loss=27.5736 temp=0.57 total_env_steps=8212 t=0.17s
Ep  159: len= 56 白胜 loss=27.5023 temp=0.56 total_env_steps=8268 t=0.17s
Ep  160: len= 41 黑胜 loss=27.4166 temp=0.56 total_env_steps=8309 t=0.13s
Ep  161: len= 38 白胜 loss=27.4358 temp=0.55 total_env_steps=8347 t=0.11s
Ep  162: len= 34 白胜 loss=27.4670 temp=0.54 total_env_steps=8381 t=0.10s
Ep  163: len= 32 白胜 loss=27.4027 temp=0.53 total_env_steps=8413 t=0.09s
Ep  164: len= 28 白胜 loss=27.4339 temp=0.53 total_env_steps=8441 t=0.09s
Ep  165: len= 52 白胜 loss=27.1801 temp=0.52 total_env_steps=8493 t=0.17s
Ep  166: len= 36 白胜 loss=27.4398 temp=0.51 total_env_steps=8529 t=0.12s
Ep  167: len= 66 白胜 loss=27.2093 temp=0.50 total_env_steps=8595 t=0.20s
Ep  168: len= 30 白胜 loss=27.5300 temp=0.50 total_env_steps=8625 t=0.10s
Ep  169: len= 32 白胜 loss=27.5231 temp=0.49 total_env_steps=8657 t=0.10s
Ep  170: len= 49 黑胜 loss=27.5115 temp=0.48 total_env_steps=8706 t=0.14s
Ep  171: len= 33 黑胜 loss=27.4913 temp=0.48 total_env_steps=8739 t=0.09s
Ep  172: len= 54 白胜 loss=27.3238 temp=0.47 total_env_steps=8793 t=0.15s
Ep  173: len= 51 黑胜 loss=27.4919 temp=0.46 total_env_steps=8844 t=0.15s
Ep  174: len= 47 黑胜 loss=27.4592 temp=0.45 total_env_steps=8891 t=0.14s
Ep  175: len= 49 黑胜 loss=27.3761 temp=0.44 total_env_steps=8940 t=0.14s
Ep  176: len= 52 白胜 loss=27.4779 temp=0.44 total_env_steps=8992 t=0.16s
Ep  177: len= 35 黑胜 loss=27.4148 temp=0.43 total_env_steps=9027 t=0.10s
Ep  178: len= 46 白胜 loss=27.5551 temp=0.42 total_env_steps=9073 t=0.14s
Ep  179: len= 49 黑胜 loss=27.2808 temp=0.42 total_env_steps=9122 t=0.16s
Ep  180: len= 30 白胜 loss=27.4249 temp=0.41 total_env_steps=9152 t=0.12s
Ep  181: len= 54 白胜 loss=27.5595 temp=0.40 total_env_steps=9206 t=0.16s
Ep  182: len= 55 黑胜 loss=27.1240 temp=0.39 total_env_steps=9261 t=0.18s
Ep  183: len= 52 白胜 loss=27.4512 temp=0.38 total_env_steps=9313 t=0.15s
Ep  184: len= 58 白胜 loss=27.2028 temp=0.38 total_env_steps=9371 t=0.17s
Ep  185: len= 40 白胜 loss=27.5166 temp=0.37 total_env_steps=9411 t=0.12s
Ep  186: len= 39 黑胜 loss=27.3621 temp=0.36 total_env_steps=9450 t=0.12s
Ep  187: len= 47 黑胜 loss=27.3306 temp=0.36 total_env_steps=9497 t=0.14s
Ep  188: len= 38 白胜 loss=27.2194 temp=0.35 total_env_steps=9535 t=0.11s
Ep  189: len= 34 白胜 loss=27.1054 temp=0.34 total_env_steps=9569 t=0.12s
Ep  190: len= 36 白胜 loss=27.3814 temp=0.33 total_env_steps=9605 t=0.12s
Ep  191: len= 53 黑胜 loss=27.2828 temp=0.33 total_env_steps=9658 t=0.15s
Ep  192: len= 33 黑胜 loss=27.4358 temp=0.32 total_env_steps=9691 t=0.10s
Ep  193: len= 42 白胜 loss=27.4812 temp=0.31 total_env_steps=9733 t=0.13s
Ep  194: len= 33 黑胜 loss=27.2241 temp=0.30 total_env_steps=9766 t=0.10s
Ep  195: len= 55 黑胜 loss=27.2976 temp=0.30 total_env_steps=9821 t=0.17s
Ep  196: len= 42 白胜 loss=27.3623 temp=0.29 total_env_steps=9863 t=0.12s
Ep  197: len= 35 黑胜 loss=27.0303 temp=0.28 total_env_steps=9898 t=0.11s
Ep  198: len= 36 白胜 loss=27.2408 temp=0.27 total_env_steps=9934 t=0.12s
Ep  199: len= 36 白胜 loss=27.2339 temp=0.26 total_env_steps=9970 t=0.11s
Ep  200: len= 27 黑胜 loss=26.9810 temp=0.26 total_env_steps=9997 t=0.08s
  eval vs Gomoku-random-v0: win_rate=0.90 mean_return=0.80（20 局，total_env_steps=9997）
  📸 已拍权重快照（ep=200，gating 对弈基准）
Ep  201: len= 38 白胜 loss=27.0033 temp=0.25 total_env_steps=10035 t=0.17s
Ep  202: len= 35 黑胜 loss=27.1630 temp=0.25 total_env_steps=10070 t=0.12s
Ep  203: len= 54 白胜 loss=26.8678 temp=0.25 total_env_steps=10124 t=0.15s
Ep  204: len= 61 黑胜 loss=27.1989 temp=0.25 total_env_steps=10185 t=0.16s
Ep  205: len= 35 黑胜 loss=26.8431 temp=0.25 total_env_steps=10220 t=0.11s
Ep  206: len= 21 黑胜 loss=27.3035 temp=0.25 total_env_steps=10241 t=0.07s
Ep  207: len= 42 白胜 loss=27.3599 temp=0.25 total_env_steps=10283 t=0.12s
Ep  208: len= 56 白胜 loss=27.1275 temp=0.25 total_env_steps=10339 t=0.15s
Ep  209: len= 52 白胜 loss=26.9840 temp=0.25 total_env_steps=10391 t=0.15s
Ep  210: len= 53 黑胜 loss=27.1113 temp=0.25 total_env_steps=10444 t=0.15s
Ep  211: len= 36 白胜 loss=27.0785 temp=0.25 total_env_steps=10480 t=0.10s
Ep  212: len= 34 白胜 loss=27.0849 temp=0.25 total_env_steps=10514 t=0.10s
Ep  213: len= 27 黑胜 loss=27.0074 temp=0.25 total_env_steps=10541 t=0.09s
Ep  214: len= 61 黑胜 loss=27.2572 temp=0.25 total_env_steps=10602 t=0.17s
Ep  215: len= 40 白胜 loss=26.8531 temp=0.25 total_env_steps=10642 t=0.12s
Ep  216: len= 51 黑胜 loss=27.2237 temp=0.25 total_env_steps=10693 t=0.15s
Ep  217: len= 42 白胜 loss=27.2049 temp=0.25 total_env_steps=10735 t=0.13s
Ep  218: len= 47 黑胜 loss=27.0520 temp=0.25 total_env_steps=10782 t=0.14s
Ep  219: len= 45 黑胜 loss=27.2737 temp=0.25 total_env_steps=10827 t=0.14s
Ep  220: len= 35 黑胜 loss=26.8790 temp=0.25 total_env_steps=10862 t=0.10s
Ep  221: len= 52 白胜 loss=26.8792 temp=0.25 total_env_steps=10914 t=0.15s
Ep  222: len= 47 黑胜 loss=26.6621 temp=0.25 total_env_steps=10961 t=0.14s
Ep  223: len= 33 黑胜 loss=26.5409 temp=0.25 total_env_steps=10994 t=0.09s
Ep  224: len= 50 白胜 loss=26.8286 temp=0.25 total_env_steps=11044 t=0.14s
Ep  225: len= 27 黑胜 loss=26.6590 temp=0.25 total_env_steps=11071 t=0.08s
Ep  226: len= 32 白胜 loss=26.5566 temp=0.25 total_env_steps=11103 t=0.10s
Ep  227: len= 62 白胜 loss=26.7836 temp=0.25 total_env_steps=11165 t=0.18s
Ep  228: len= 41 黑胜 loss=26.7291 temp=0.25 total_env_steps=11206 t=0.13s
Ep  229: len= 31 黑胜 loss=27.1929 temp=0.25 total_env_steps=11237 t=0.09s
Ep  230: len= 35 黑胜 loss=26.9621 temp=0.25 total_env_steps=11272 t=0.11s
Ep  231: len= 59 黑胜 loss=27.2598 temp=0.25 total_env_steps=11331 t=0.17s
Ep  232: len= 51 黑胜 loss=27.1101 temp=0.25 total_env_steps=11382 t=0.15s
Ep  233: len= 27 黑胜 loss=26.5692 temp=0.25 total_env_steps=11409 t=0.10s
Ep  234: len= 47 黑胜 loss=26.9103 temp=0.25 total_env_steps=11456 t=0.15s
Ep  235: len= 40 白胜 loss=26.9205 temp=0.25 total_env_steps=11496 t=0.13s
Ep  236: len= 17 黑胜 loss=26.9507 temp=0.25 total_env_steps=11513 t=0.06s
Ep  237: len= 27 黑胜 loss=26.3228 temp=0.25 total_env_steps=11540 t=0.08s
Ep  238: len= 50 白胜 loss=27.0548 temp=0.25 total_env_steps=11590 t=0.15s
Ep  239: len= 34 白胜 loss=26.4352 temp=0.25 total_env_steps=11624 t=0.10s
Ep  240: len= 31 黑胜 loss=26.7079 temp=0.25 total_env_steps=11655 t=0.10s
Ep  241: len= 60 白胜 loss=26.5647 temp=0.25 total_env_steps=11715 t=0.17s
Ep  242: len= 34 白胜 loss=26.3978 temp=0.25 total_env_steps=11749 t=0.10s
Ep  243: len= 49 黑胜 loss=26.9274 temp=0.25 total_env_steps=11798 t=0.14s
Ep  244: len= 44 白胜 loss=26.4054 temp=0.25 total_env_steps=11842 t=0.13s
Ep  245: len= 61 黑胜 loss=26.7895 temp=0.25 total_env_steps=11903 t=0.19s
Ep  246: len= 38 白胜 loss=26.8585 temp=0.25 total_env_steps=11941 t=0.11s
Ep  247: len= 28 白胜 loss=26.7746 temp=0.25 total_env_steps=11969 t=0.08s
Ep  248: len= 54 白胜 loss=26.7752 temp=0.25 total_env_steps=12023 t=0.17s
Ep  249: len= 60 白胜 loss=26.2901 temp=0.25 total_env_steps=12083 t=0.19s
Ep  250: len= 23 黑胜 loss=26.6593 temp=0.25 total_env_steps=12106 t=0.07s
  eval vs Gomoku-random-v0: win_rate=0.90 mean_return=0.80（20 局，total_env_steps=12106）
Ep  251: len= 32 白胜 loss=26.8960 temp=0.25 total_env_steps=12138 t=0.10s
Ep  252: len= 47 黑胜 loss=26.2414 temp=0.25 total_env_steps=12185 t=0.14s
Ep  253: len= 63 黑胜 loss=26.2806 temp=0.25 total_env_steps=12248 t=0.20s
Ep  254: len= 37 黑胜 loss=26.3844 temp=0.25 total_env_steps=12285 t=0.11s
Ep  255: len= 47 黑胜 loss=26.6770 temp=0.25 total_env_steps=12332 t=0.13s
Ep  256: len= 22 白胜 loss=26.0269 temp=0.25 total_env_steps=12354 t=0.07s
Ep  257: len= 29 黑胜 loss=26.1848 temp=0.25 total_env_steps=12383 t=0.09s
Ep  258: len= 29 黑胜 loss=26.7631 temp=0.25 total_env_steps=12412 t=0.09s
Ep  259: len= 47 黑胜 loss=26.5281 temp=0.25 total_env_steps=12459 t=0.14s
Ep  260: len= 22 白胜 loss=26.6026 temp=0.25 total_env_steps=12481 t=0.07s
Ep  261: len= 33 黑胜 loss=26.3244 temp=0.25 total_env_steps=12514 t=0.09s
Ep  262: len= 45 黑胜 loss=26.5633 temp=0.25 total_env_steps=12559 t=0.12s
Ep  263: len= 41 黑胜 loss=26.3875 temp=0.25 total_env_steps=12600 t=0.11s
Ep  264: len= 57 黑胜 loss=25.6812 temp=0.25 total_env_steps=12657 t=0.16s
Ep  265: len= 47 黑胜 loss=26.5723 temp=0.25 total_env_steps=12704 t=0.14s
Ep  266: len= 78 白胜 loss=25.9398 temp=0.25 total_env_steps=12782 t=0.21s
Ep  267: len= 54 白胜 loss=26.0473 temp=0.25 total_env_steps=12836 t=0.15s
Ep  268: len= 27 黑胜 loss=26.4738 temp=0.25 total_env_steps=12863 t=0.09s
Ep  269: len= 46 白胜 loss=26.1759 temp=0.25 total_env_steps=12909 t=0.13s
Ep  270: len= 23 黑胜 loss=25.3224 temp=0.25 total_env_steps=12932 t=0.08s
Ep  271: len= 49 黑胜 loss=25.7551 temp=0.25 total_env_steps=12981 t=0.14s
Ep  272: len= 32 白胜 loss=26.1513 temp=0.25 total_env_steps=13013 t=0.10s
Ep  273: len= 43 黑胜 loss=26.3704 temp=0.25 total_env_steps=13056 t=0.12s
Ep  274: len= 35 黑胜 loss=26.1851 temp=0.25 total_env_steps=13091 t=0.10s
Ep  275: len= 50 白胜 loss=26.0265 temp=0.25 total_env_steps=13141 t=0.15s
Ep  276: len= 49 黑胜 loss=25.6006 temp=0.25 total_env_steps=13190 t=0.15s
Ep  277: len= 27 黑胜 loss=25.9627 temp=0.25 total_env_steps=13217 t=0.09s
Ep  278: len= 22 白胜 loss=25.8501 temp=0.25 total_env_steps=13239 t=0.08s
Ep  279: len= 32 白胜 loss=25.4274 temp=0.25 total_env_steps=13271 t=0.10s
Ep  280: len= 20 白胜 loss=25.4555 temp=0.25 total_env_steps=13291 t=0.07s
Ep  281: len= 23 黑胜 loss=26.1056 temp=0.25 total_env_steps=13314 t=0.08s
Ep  282: len= 54 白胜 loss=26.2466 temp=0.25 total_env_steps=13368 t=0.18s
Ep  283: len= 43 黑胜 loss=25.7479 temp=0.25 total_env_steps=13411 t=0.13s
Ep  284: len= 48 白胜 loss=25.9378 temp=0.25 total_env_steps=13459 t=0.17s
Ep  285: len= 24 白胜 loss=24.7535 temp=0.25 total_env_steps=13483 t=0.12s
Ep  286: len= 56 白胜 loss=25.4359 temp=0.25 total_env_steps=13539 t=0.18s
Ep  287: len= 29 黑胜 loss=25.0021 temp=0.25 total_env_steps=13568 t=0.10s
Ep  288: len= 57 黑胜 loss=25.4009 temp=0.25 total_env_steps=13625 t=0.19s
Ep  289: len= 44 白胜 loss=25.2224 temp=0.25 total_env_steps=13669 t=0.15s
Ep  290: len= 31 黑胜 loss=25.0726 temp=0.25 total_env_steps=13700 t=0.11s
Ep  291: len= 47 黑胜 loss=25.4487 temp=0.25 total_env_steps=13747 t=0.15s
Ep  292: len= 32 白胜 loss=25.0273 temp=0.25 total_env_steps=13779 t=0.11s
Ep  293: len= 56 白胜 loss=25.0216 temp=0.25 total_env_steps=13835 t=0.18s
Ep  294: len= 18 白胜 loss=25.3349 temp=0.25 total_env_steps=13853 t=0.07s
Ep  295: len= 47 黑胜 loss=25.2775 temp=0.25 total_env_steps=13900 t=0.18s
Ep  296: len= 27 黑胜 loss=24.9866 temp=0.25 total_env_steps=13927 t=0.10s
Ep  297: len= 33 黑胜 loss=25.3385 temp=0.25 total_env_steps=13960 t=0.12s
Ep  298: len= 39 黑胜 loss=25.1922 temp=0.25 total_env_steps=13999 t=0.12s
Ep  299: len= 63 黑胜 loss=25.6133 temp=0.25 total_env_steps=14062 t=0.18s
Ep  300: len= 55 黑胜 loss=25.2369 temp=0.25 total_env_steps=14117 t=0.17s
  eval vs Gomoku-random-v0: win_rate=0.85 mean_return=0.70（20 局，total_env_steps=14117）
Ep  301: len= 22 白胜 loss=25.5118 temp=0.25 total_env_steps=14139 t=0.07s
Ep  302: len= 18 白胜 loss=25.5201 temp=0.25 total_env_steps=14157 t=0.07s
Ep  303: len= 22 白胜 loss=24.8968 temp=0.25 total_env_steps=14179 t=0.08s
Ep  304: len= 26 白胜 loss=24.5230 temp=0.25 total_env_steps=14205 t=0.09s
Ep  305: len= 37 黑胜 loss=24.7637 temp=0.25 total_env_steps=14242 t=0.12s
Ep  306: len= 32 白胜 loss=25.1234 temp=0.25 total_env_steps=14274 t=0.12s
Ep  307: len= 38 白胜 loss=25.1710 temp=0.25 total_env_steps=14312 t=0.12s
Ep  308: len= 57 黑胜 loss=24.8604 temp=0.25 total_env_steps=14369 t=0.18s
Ep  309: len= 43 黑胜 loss=25.1104 temp=0.25 total_env_steps=14412 t=0.13s
Ep  310: len= 28 白胜 loss=24.9979 temp=0.25 total_env_steps=14440 t=0.10s
Ep  311: len= 45 黑胜 loss=24.0185 temp=0.25 total_env_steps=14485 t=0.15s
Ep  312: len= 34 白胜 loss=24.2687 temp=0.25 total_env_steps=14519 t=0.11s
Ep  313: len= 36 白胜 loss=24.7470 temp=0.25 total_env_steps=14555 t=0.12s
Ep  314: len= 36 白胜 loss=25.5769 temp=0.25 total_env_steps=14591 t=0.11s
Ep  315: len= 24 白胜 loss=24.3933 temp=0.25 total_env_steps=14615 t=0.08s
Ep  316: len= 44 白胜 loss=25.1887 temp=0.25 total_env_steps=14659 t=0.14s
Ep  317: len= 24 白胜 loss=24.2430 temp=0.25 total_env_steps=14683 t=0.08s
Ep  318: len= 42 白胜 loss=24.9533 temp=0.25 total_env_steps=14725 t=0.14s
Ep  319: len= 43 黑胜 loss=24.6741 temp=0.25 total_env_steps=14768 t=0.14s
Ep  320: len= 51 黑胜 loss=24.1670 temp=0.25 total_env_steps=14819 t=0.17s
Ep  321: len= 44 白胜 loss=24.2959 temp=0.25 total_env_steps=14863 t=0.15s
Ep  322: len= 40 白胜 loss=25.3532 temp=0.25 total_env_steps=14903 t=0.13s
Ep  323: len= 18 白胜 loss=24.4278 temp=0.25 total_env_steps=14921 t=0.07s
Ep  324: len= 51 黑胜 loss=25.1110 temp=0.25 total_env_steps=14972 t=0.17s
Ep  325: len= 45 黑胜 loss=24.4416 temp=0.25 total_env_steps=15017 t=0.14s
Ep  326: len= 33 黑胜 loss=23.5767 temp=0.25 total_env_steps=15050 t=0.10s
Ep  327: len= 50 白胜 loss=23.3458 temp=0.25 total_env_steps=15100 t=0.15s
Ep  328: len= 19 黑胜 loss=24.4250 temp=0.25 total_env_steps=15119 t=0.07s
Ep  329: len= 39 黑胜 loss=24.2921 temp=0.25 total_env_steps=15158 t=0.13s
Ep  330: len= 26 白胜 loss=23.9698 temp=0.25 total_env_steps=15184 t=0.09s
Ep  331: len= 51 黑胜 loss=24.4242 temp=0.25 total_env_steps=15235 t=0.17s
Ep  332: len= 45 黑胜 loss=23.9719 temp=0.25 total_env_steps=15280 t=0.14s
Ep  333: len= 21 黑胜 loss=24.1842 temp=0.25 total_env_steps=15301 t=0.07s
Ep  334: len= 27 黑胜 loss=23.4946 temp=0.25 total_env_steps=15328 t=0.09s
Ep  335: len= 28 白胜 loss=23.7616 temp=0.25 total_env_steps=15356 t=0.11s
Ep  336: len= 19 黑胜 loss=24.1345 temp=0.25 total_env_steps=15375 t=0.08s
Ep  337: len= 31 黑胜 loss=23.0301 temp=0.25 total_env_steps=15406 t=0.11s
Ep  338: len= 17 黑胜 loss=24.8834 temp=0.25 total_env_steps=15423 t=0.07s
Ep  339: len= 24 白胜 loss=24.7484 temp=0.25 total_env_steps=15447 t=0.10s
Ep  340: len= 36 白胜 loss=23.9253 temp=0.25 total_env_steps=15483 t=0.12s
Ep  341: len= 26 白胜 loss=23.1943 temp=0.25 total_env_steps=15509 t=0.09s
Ep  342: len= 42 白胜 loss=23.1022 temp=0.25 total_env_steps=15551 t=0.14s
Ep  343: len= 46 白胜 loss=23.7621 temp=0.25 total_env_steps=15597 t=0.14s
Ep  344: len= 39 黑胜 loss=23.9759 temp=0.25 total_env_steps=15636 t=0.13s
Ep  345: len= 42 白胜 loss=23.8981 temp=0.25 total_env_steps=15678 t=0.14s
Ep  346: len= 38 白胜 loss=24.3045 temp=0.25 total_env_steps=15716 t=0.13s
Ep  347: len= 33 黑胜 loss=23.6007 temp=0.25 total_env_steps=15749 t=0.12s
Ep  348: len= 20 白胜 loss=23.5298 temp=0.25 total_env_steps=15769 t=0.08s
Ep  349: len= 55 黑胜 loss=23.9246 temp=0.25 total_env_steps=15824 t=0.16s
Ep  350: len= 78 白胜 loss=22.6575 temp=0.25 total_env_steps=15902 t=0.22s
  eval vs Gomoku-random-v0: win_rate=0.90 mean_return=0.80（20 局，total_env_steps=15902）
Ep  351: len= 53 黑胜 loss=23.5054 temp=0.25 total_env_steps=15955 t=0.15s
Ep  352: len= 36 白胜 loss=22.8874 temp=0.25 total_env_steps=15991 t=0.15s
Ep  353: len= 41 黑胜 loss=22.7606 temp=0.25 total_env_steps=16032 t=0.14s
Ep  354: len= 50 白胜 loss=23.3709 temp=0.25 total_env_steps=16082 t=0.16s
Ep  355: len= 27 黑胜 loss=22.5547 temp=0.25 total_env_steps=16109 t=0.09s
Ep  356: len= 59 黑胜 loss=22.3141 temp=0.25 total_env_steps=16168 t=0.17s
Ep  357: len= 37 黑胜 loss=23.4687 temp=0.25 total_env_steps=16205 t=0.12s
Ep  358: len= 28 白胜 loss=23.5663 temp=0.25 total_env_steps=16233 t=0.09s
Ep  359: len= 49 黑胜 loss=22.6955 temp=0.25 total_env_steps=16282 t=0.15s
Ep  360: len= 17 黑胜 loss=22.9862 temp=0.25 total_env_steps=16299 t=0.06s
Ep  361: len= 44 白胜 loss=22.2603 temp=0.25 total_env_steps=16343 t=0.14s
Ep  362: len= 23 黑胜 loss=22.0936 temp=0.25 total_env_steps=16366 t=0.09s
Ep  363: len= 44 白胜 loss=24.6156 temp=0.25 total_env_steps=16410 t=0.13s
Ep  364: len= 39 黑胜 loss=23.7825 temp=0.25 total_env_steps=16449 t=0.12s
Ep  365: len= 51 黑胜 loss=23.7929 temp=0.25 total_env_steps=16500 t=0.17s
Ep  366: len= 52 白胜 loss=23.2874 temp=0.25 total_env_steps=16552 t=0.16s
Ep  367: len= 27 黑胜 loss=22.4792 temp=0.25 total_env_steps=16579 t=0.08s
Ep  368: len= 19 黑胜 loss=22.6534 temp=0.25 total_env_steps=16598 t=0.07s
Ep  369: len= 28 白胜 loss=21.5239 temp=0.25 total_env_steps=16626 t=0.09s
Ep  370: len= 35 黑胜 loss=23.8722 temp=0.25 total_env_steps=16661 t=0.11s
Ep  371: len= 31 黑胜 loss=23.1437 temp=0.25 total_env_steps=16692 t=0.11s
Ep  372: len= 43 黑胜 loss=21.9592 temp=0.25 total_env_steps=16735 t=0.16s
Ep  373: len= 38 白胜 loss=23.3884 temp=0.25 total_env_steps=16773 t=0.13s
Ep  374: len= 30 白胜 loss=22.9926 temp=0.25 total_env_steps=16803 t=0.11s
Ep  375: len= 20 白胜 loss=22.9712 temp=0.25 total_env_steps=16823 t=0.07s
Ep  376: len= 42 白胜 loss=23.0322 temp=0.25 total_env_steps=16865 t=0.13s
Ep  377: len= 48 白胜 loss=22.5387 temp=0.25 total_env_steps=16913 t=0.15s
Ep  378: len= 58 白胜 loss=23.4977 temp=0.25 total_env_steps=16971 t=0.16s
Ep  379: len= 47 黑胜 loss=23.1608 temp=0.25 total_env_steps=17018 t=0.16s
Ep  380: len= 37 黑胜 loss=21.5191 temp=0.25 total_env_steps=17055 t=0.12s
Ep  381: len= 34 白胜 loss=23.0762 temp=0.25 total_env_steps=17089 t=0.11s
Ep  382: len= 45 黑胜 loss=22.3224 temp=0.25 total_env_steps=17134 t=0.14s
Ep  383: len= 45 黑胜 loss=22.6422 temp=0.25 total_env_steps=17179 t=0.13s
Ep  384: len= 21 黑胜 loss=23.2516 temp=0.25 total_env_steps=17200 t=0.08s
Ep  385: len= 25 黑胜 loss=23.4014 temp=0.25 total_env_steps=17225 t=0.09s
Ep  386: len= 42 白胜 loss=22.7713 temp=0.25 total_env_steps=17267 t=0.13s
Ep  387: len= 57 黑胜 loss=21.7653 temp=0.25 total_env_steps=17324 t=0.16s
Ep  388: len= 42 白胜 loss=22.7525 temp=0.25 total_env_steps=17366 t=0.13s
Ep  389: len= 39 黑胜 loss=22.5889 temp=0.25 total_env_steps=17405 t=0.12s
Ep  390: len= 81 平局 loss=23.1717 temp=0.25 total_env_steps=17486 t=0.24s
Ep  391: len= 31 黑胜 loss=21.8889 temp=0.25 total_env_steps=17517 t=0.10s
Ep  392: len= 43 黑胜 loss=21.1930 temp=0.25 total_env_steps=17560 t=0.13s
Ep  393: len= 16 白胜 loss=22.6867 temp=0.25 total_env_steps=17576 t=0.06s
Ep  394: len= 40 白胜 loss=21.3817 temp=0.25 total_env_steps=17616 t=0.12s
Ep  395: len= 54 白胜 loss=21.0561 temp=0.25 total_env_steps=17670 t=0.16s
Ep  396: len= 30 白胜 loss=22.4869 temp=0.25 total_env_steps=17700 t=0.10s
Ep  397: len= 31 黑胜 loss=21.5824 temp=0.25 total_env_steps=17731 t=0.10s
Ep  398: len= 27 黑胜 loss=21.9697 temp=0.25 total_env_steps=17758 t=0.09s
Ep  399: len= 48 白胜 loss=23.0892 temp=0.25 total_env_steps=17806 t=0.15s
Ep  400: len= 35 黑胜 loss=22.1522 temp=0.25 total_env_steps=17841 t=0.11s
  eval vs Gomoku-random-v0: win_rate=0.95 mean_return=0.90（20 局，total_env_steps=17841）
  ✅ 达标 ep=400 total_env_steps=17841
[闸门] vs random（40 局）: win_rate=1.000
[闸门] vs 半程快照（40 局，黑白各半）: score=0.900
[梯队] vs naive0（20 局，观察性）: win_rate=0.05
[梯队] vs naive1（20 局，观察性）: win_rate=0.00
[梯队] vs naive2（20 局，观察性）: win_rate=0.00
[梯队] vs naive3（20 局，观察性）: win_rate=0.00
📈 Gomoku-selfplay-v0 win_rate=0.95（best 0.95）| 门槛 0.95 | 73.1s

--- M3 arm=lr3e3 汇总（base 对照见 bench 头注释）---
  seed=42 vs_random=1.000 vs_snapshot=0.725 | 梯队 naive0=0.05 naive1=0.00 naive2=0.00 naive3=0.00 | env_steps=17354 wall=97s
  seed=43 vs_random=0.975 vs_snapshot=0.600 | 梯队 naive0=0.00 naive1=0.00 naive2=0.00 naive3=0.00 | env_steps=18219 wall=147s
  seed=44 vs_random=1.000 vs_snapshot=0.900 | 梯队 naive0=0.05 naive1=0.00 naive2=0.00 naive3=0.00 | env_steps=17841 wall=73s
ok

test result: ok. 1 passed; 0 failed; 0 ignored; 0 measured; 3420 filtered out; finished in 317.28s

     Running tests\cse_dedup.rs (target\release\deps\cse_dedup-7a657e998c2a0176.exe)

running 0 tests

test result: ok. 0 passed; 0 failed; 0 ignored; 0 measured; 1 filtered out; finished in 0.00s

     Running tests\mode_invariants.rs (target\release\deps\mode_invariants-12496c59841ba5c8.exe)

running 0 tests

test result: ok. 0 passed; 0 failed; 0 ignored; 0 measured; 9 filtered out; finished in 0.00s

     Running tests\onnx_otm_load_bench.rs (target\release\deps\onnx_otm_load_bench-39da60dd6dcd2511.exe)

running 0 tests

test result: ok. 0 passed; 0 failed; 0 ignored; 0 measured; 1 filtered out; finished in 0.00s

     Running tests\yolov5_xiangqi_import.rs (target\release\deps\yolov5_xiangqi_import-5a55f6b67c0e8a85.exe)

running 0 tests

test result: ok. 0 passed; 0 failed; 0 ignored; 0 measured; 6 filtered out; finished in 0.00s

