   Compiling only_torch v0.25.0 (D:\DATA\BaiduSyncdisk\project\personal\only_torch)
    Finished `release` profile [optimized] target(s) in 46.94s
     Running unittests src\lib.rs (target\release\deps\only_torch-45d502c1e61c3f90.exe)

running 1 test
test rl::algo::my_zero::tests::gomoku_m3_bench::gomoku_naive0_batch_scale_probe ... 
--- arm=batch512_probe seed=42 sims=100 ---
[MyZero-board Gomoku-selfplay-v0] obs=243(3×9²) |A|=81 sims=100 γ=1.0 negamax
Ep    1: len= 52 白胜 loss=0.0000 temp=1.00 total_env_steps=52 t=0.20s
Ep    2: len= 35 黑胜 loss=0.0000 temp=1.00 total_env_steps=87 t=0.12s
Ep    3: len= 54 白胜 loss=0.0000 temp=1.00 total_env_steps=141 t=0.18s
Ep    4: len= 58 白胜 loss=0.0000 temp=1.00 total_env_steps=199 t=0.19s
Ep    5: len= 57 黑胜 loss=0.0000 temp=1.00 total_env_steps=256 t=0.18s
Ep    6: len= 67 黑胜 loss=0.0000 temp=1.00 total_env_steps=323 t=0.20s
Ep    7: len= 35 黑胜 loss=0.0000 temp=1.00 total_env_steps=358 t=0.11s
Ep    8: len= 73 黑胜 loss=0.0000 temp=1.00 total_env_steps=431 t=0.25s
Ep    9: len= 43 黑胜 loss=0.0000 temp=1.00 total_env_steps=474 t=0.14s
Ep   10: len= 59 黑胜 loss=35.9781 temp=1.00 total_env_steps=533 t=0.32s
Ep   11: len= 66 白胜 loss=28.6013 temp=1.00 total_env_steps=599 t=0.31s
Ep   12: len= 42 白胜 loss=28.2777 temp=1.00 total_env_steps=641 t=0.24s
Ep   13: len= 70 白胜 loss=28.1021 temp=1.00 total_env_steps=711 t=0.33s
Ep   14: len= 60 白胜 loss=28.0556 temp=1.00 total_env_steps=771 t=0.30s
Ep   15: len= 48 白胜 loss=28.0167 temp=1.00 total_env_steps=819 t=0.27s
Ep   16: len= 41 黑胜 loss=27.9892 temp=1.00 total_env_steps=860 t=0.25s
Ep   17: len= 58 白胜 loss=27.9814 temp=1.00 total_env_steps=918 t=0.29s
Ep   18: len= 32 白胜 loss=27.9186 temp=1.00 total_env_steps=950 t=0.21s
Ep   19: len= 40 白胜 loss=27.9585 temp=1.00 total_env_steps=990 t=0.23s
Ep   20: len= 61 黑胜 loss=27.9765 temp=1.00 total_env_steps=1051 t=0.26s
Ep   21: len= 59 黑胜 loss=27.9252 temp=1.00 total_env_steps=1110 t=0.27s
Ep   22: len= 48 白胜 loss=27.8824 temp=1.00 total_env_steps=1158 t=0.25s
Ep   23: len= 47 黑胜 loss=27.9274 temp=1.00 total_env_steps=1205 t=0.23s
Ep   24: len= 46 白胜 loss=27.9016 temp=1.00 total_env_steps=1251 t=0.26s
Ep   25: len= 53 黑胜 loss=27.9043 temp=1.00 total_env_steps=1304 t=0.29s
Ep   26: len= 44 白胜 loss=27.8839 temp=1.00 total_env_steps=1348 t=0.24s
Ep   27: len= 60 白胜 loss=27.8724 temp=1.00 total_env_steps=1408 t=0.28s
Ep   28: len= 55 黑胜 loss=27.8408 temp=1.00 total_env_steps=1463 t=0.26s
Ep   29: len= 68 白胜 loss=27.8478 temp=1.00 total_env_steps=1531 t=0.29s
Ep   30: len= 53 黑胜 loss=27.8074 temp=1.00 total_env_steps=1584 t=0.24s
Ep   31: len= 60 白胜 loss=27.7628 temp=1.00 total_env_steps=1644 t=0.26s
Ep   32: len= 59 黑胜 loss=27.7425 temp=1.00 total_env_steps=1703 t=0.27s
Ep   33: len= 48 白胜 loss=27.8065 temp=1.00 total_env_steps=1751 t=0.23s
Ep   34: len= 68 白胜 loss=27.7300 temp=1.00 total_env_steps=1819 t=0.30s
Ep   35: len= 59 黑胜 loss=27.7141 temp=1.00 total_env_steps=1878 t=0.26s
Ep   36: len= 62 白胜 loss=27.7453 temp=1.00 total_env_steps=1940 t=0.26s
Ep   37: len= 67 黑胜 loss=27.6876 temp=1.00 total_env_steps=2007 t=0.29s
Ep   38: len= 31 黑胜 loss=27.6886 temp=1.00 total_env_steps=2038 t=0.20s
Ep   39: len= 64 白胜 loss=27.7015 temp=1.00 total_env_steps=2102 t=0.28s
Ep   40: len= 52 白胜 loss=27.6472 temp=1.00 total_env_steps=2154 t=0.24s
Ep   41: len= 52 白胜 loss=27.6766 temp=1.00 total_env_steps=2206 t=0.25s
Ep   42: len= 37 黑胜 loss=27.7103 temp=1.00 total_env_steps=2243 t=0.22s
Ep   43: len= 47 黑胜 loss=27.6077 temp=1.00 total_env_steps=2290 t=0.23s
Ep   44: len= 40 白胜 loss=27.6049 temp=1.00 total_env_steps=2330 t=0.24s
Ep   45: len= 39 黑胜 loss=27.5283 temp=1.00 total_env_steps=2369 t=0.21s
Ep   46: len= 49 黑胜 loss=27.5757 temp=1.00 total_env_steps=2418 t=0.25s
Ep   47: len= 32 白胜 loss=27.5054 temp=1.00 total_env_steps=2450 t=0.20s
Ep   48: len= 52 白胜 loss=27.4565 temp=1.00 total_env_steps=2502 t=0.28s
Ep   49: len= 56 白胜 loss=27.5558 temp=1.00 total_env_steps=2558 t=0.25s
Ep   50: len= 33 黑胜 loss=27.4856 temp=1.00 total_env_steps=2591 t=0.21s
  eval vs Gomoku-random-v0: win_rate=0.85 mean_return=0.70（20 局，total_env_steps=2591）
Ep   51: len= 71 黑胜 loss=27.4700 temp=1.00 total_env_steps=2662 t=0.30s
Ep   52: len= 57 黑胜 loss=27.4177 temp=1.00 total_env_steps=2719 t=0.26s
Ep   53: len= 48 白胜 loss=27.3807 temp=1.00 total_env_steps=2767 t=0.24s
Ep   54: len= 33 黑胜 loss=27.3697 temp=1.00 total_env_steps=2800 t=0.22s
Ep   55: len= 49 黑胜 loss=27.4198 temp=1.00 total_env_steps=2849 t=0.26s
Ep   56: len= 57 黑胜 loss=27.3059 temp=1.00 total_env_steps=2906 t=0.27s
Ep   57: len= 50 白胜 loss=27.3162 temp=1.00 total_env_steps=2956 t=0.24s
Ep   58: len= 47 黑胜 loss=27.3343 temp=1.00 total_env_steps=3003 t=0.22s
Ep   59: len= 45 黑胜 loss=27.3250 temp=1.00 total_env_steps=3048 t=0.23s
Ep   60: len= 74 白胜 loss=27.2551 temp=1.00 total_env_steps=3122 t=0.28s
Ep   61: len= 42 白胜 loss=27.2354 temp=1.00 total_env_steps=3164 t=0.22s
Ep   62: len= 54 白胜 loss=27.1831 temp=1.00 total_env_steps=3218 t=0.26s
Ep   63: len= 46 白胜 loss=27.1730 temp=1.00 total_env_steps=3264 t=0.23s
Ep   64: len= 47 黑胜 loss=27.1285 temp=1.00 total_env_steps=3311 t=0.23s
Ep   65: len= 46 白胜 loss=27.0990 temp=1.00 total_env_steps=3357 t=0.25s
Ep   66: len= 64 白胜 loss=27.0167 temp=1.00 total_env_steps=3421 t=0.28s
Ep   67: len= 51 黑胜 loss=27.0316 temp=1.00 total_env_steps=3472 t=0.24s
Ep   68: len= 51 黑胜 loss=26.9762 temp=1.00 total_env_steps=3523 t=0.23s
Ep   69: len= 62 白胜 loss=27.0592 temp=1.00 total_env_steps=3585 t=0.25s
Ep   70: len= 51 黑胜 loss=27.0463 temp=1.00 total_env_steps=3636 t=0.23s
Ep   71: len= 66 白胜 loss=27.0031 temp=1.00 total_env_steps=3702 t=0.30s
Ep   72: len= 57 黑胜 loss=26.9263 temp=1.00 total_env_steps=3759 t=0.25s
Ep   73: len= 64 白胜 loss=26.9218 temp=1.00 total_env_steps=3823 t=0.25s
Ep   74: len= 65 黑胜 loss=26.9014 temp=1.00 total_env_steps=3888 t=0.25s
Ep   75: len= 52 白胜 loss=26.9208 temp=1.00 total_env_steps=3940 t=0.27s
Ep   76: len= 51 黑胜 loss=26.8694 temp=1.00 total_env_steps=3991 t=0.25s
Ep   77: len= 58 白胜 loss=26.8443 temp=1.00 total_env_steps=4049 t=0.25s
Ep   78: len= 48 白胜 loss=26.9198 temp=1.00 total_env_steps=4097 t=0.22s
Ep   79: len= 50 白胜 loss=26.8703 temp=1.00 total_env_steps=4147 t=0.21s
Ep   80: len= 30 白胜 loss=26.8689 temp=1.00 total_env_steps=4177 t=0.18s
Ep   81: len= 59 黑胜 loss=26.8985 temp=1.00 total_env_steps=4236 t=0.26s
Ep   82: len= 51 黑胜 loss=26.8216 temp=1.00 total_env_steps=4287 t=0.22s
Ep   83: len= 55 黑胜 loss=26.8205 temp=1.00 total_env_steps=4342 t=0.24s
Ep   84: len= 68 白胜 loss=26.7602 temp=1.00 total_env_steps=4410 t=0.25s
Ep   85: len= 46 白胜 loss=26.7949 temp=1.00 total_env_steps=4456 t=0.22s
Ep   86: len= 54 白胜 loss=26.7896 temp=1.00 total_env_steps=4510 t=0.24s
Ep   87: len= 40 白胜 loss=26.7479 temp=1.00 total_env_steps=4550 t=0.22s
Ep   88: len= 46 白胜 loss=26.7398 temp=1.00 total_env_steps=4596 t=0.25s
Ep   89: len= 57 黑胜 loss=26.7823 temp=1.00 total_env_steps=4653 t=0.24s
Ep   90: len= 57 黑胜 loss=26.7989 temp=1.00 total_env_steps=4710 t=0.23s
Ep   91: len= 56 白胜 loss=26.7737 temp=1.00 total_env_steps=4766 t=0.23s
Ep   92: len= 57 黑胜 loss=26.7602 temp=1.00 total_env_steps=4823 t=0.24s
Ep   93: len= 46 白胜 loss=26.6575 temp=1.00 total_env_steps=4869 t=0.21s
Ep   94: len= 59 黑胜 loss=26.6322 temp=1.00 total_env_steps=4928 t=0.24s
Ep   95: len= 43 黑胜 loss=26.6473 temp=1.00 total_env_steps=4971 t=0.21s
Ep   96: len= 51 黑胜 loss=26.6688 temp=1.00 total_env_steps=5022 t=0.23s
Ep   97: len= 75 黑胜 loss=26.5931 temp=1.00 total_env_steps=5097 t=0.27s
Ep   98: len= 39 黑胜 loss=26.6011 temp=1.00 total_env_steps=5136 t=0.19s
Ep   99: len= 40 白胜 loss=26.5920 temp=1.00 total_env_steps=5176 t=0.19s
Ep  100: len= 45 黑胜 loss=26.5284 temp=1.00 total_env_steps=5221 t=0.21s
  eval vs Gomoku-random-v0: win_rate=0.75 mean_return=0.50（20 局，total_env_steps=5221）
Ep  101: len= 61 黑胜 loss=26.5868 temp=1.00 total_env_steps=5282 t=0.25s
Ep  102: len= 27 黑胜 loss=26.5774 temp=0.99 total_env_steps=5309 t=0.17s
Ep  103: len= 80 白胜 loss=26.4844 temp=0.99 total_env_steps=5389 t=0.28s
Ep  104: len= 59 黑胜 loss=26.4450 temp=0.98 total_env_steps=5448 t=0.24s
Ep  105: len= 65 黑胜 loss=26.4883 temp=0.97 total_env_steps=5513 t=0.25s
Ep  106: len= 43 黑胜 loss=26.4458 temp=0.96 total_env_steps=5556 t=0.21s
Ep  107: len= 67 黑胜 loss=26.4688 temp=0.95 total_env_steps=5623 t=0.25s
Ep  108: len= 57 黑胜 loss=26.4219 temp=0.95 total_env_steps=5680 t=0.23s
Ep  109: len= 34 白胜 loss=26.4251 temp=0.94 total_env_steps=5714 t=0.18s
Ep  110: len= 45 黑胜 loss=26.4017 temp=0.93 total_env_steps=5759 t=0.21s
Ep  111: len= 50 白胜 loss=26.5011 temp=0.93 total_env_steps=5809 t=0.23s
Ep  112: len= 75 黑胜 loss=26.4952 temp=0.92 total_env_steps=5884 t=0.27s
Ep  113: len= 33 黑胜 loss=26.4030 temp=0.91 total_env_steps=5917 t=0.19s
Ep  114: len= 44 白胜 loss=26.4550 temp=0.90 total_env_steps=5961 t=0.20s
Ep  115: len= 56 白胜 loss=26.4139 temp=0.89 total_env_steps=6017 t=0.24s
Ep  116: len= 59 黑胜 loss=26.3845 temp=0.89 total_env_steps=6076 t=0.23s
Ep  117: len= 51 黑胜 loss=26.2927 temp=0.88 total_env_steps=6127 t=0.21s
Ep  118: len= 68 白胜 loss=26.2904 temp=0.87 total_env_steps=6195 t=0.24s
Ep  119: len= 40 白胜 loss=26.2462 temp=0.87 total_env_steps=6235 t=0.19s
Ep  120: len= 60 白胜 loss=26.3014 temp=0.86 total_env_steps=6295 t=0.24s
Ep  121: len= 35 黑胜 loss=26.3060 temp=0.85 total_env_steps=6330 t=0.17s
Ep  122: len= 35 黑胜 loss=26.3477 temp=0.84 total_env_steps=6365 t=0.18s
Ep  123: len= 45 黑胜 loss=26.3517 temp=0.84 total_env_steps=6410 t=0.20s
Ep  124: len= 54 白胜 loss=26.3256 temp=0.83 total_env_steps=6464 t=0.21s
Ep  125: len= 80 白胜 loss=26.2393 temp=0.82 total_env_steps=6544 t=0.26s
Ep  126: len= 53 黑胜 loss=26.1897 temp=0.81 total_env_steps=6597 t=0.21s
Ep  127: len= 51 黑胜 loss=26.1612 temp=0.81 total_env_steps=6648 t=0.21s
Ep  128: len= 47 黑胜 loss=26.1893 temp=0.80 total_env_steps=6695 t=0.21s
Ep  129: len= 47 黑胜 loss=26.1846 temp=0.79 total_env_steps=6742 t=0.20s
Ep  130: len= 51 黑胜 loss=26.0894 temp=0.78 total_env_steps=6793 t=0.21s
Ep  131: len= 41 黑胜 loss=26.1769 temp=0.77 total_env_steps=6834 t=0.19s
Ep  132: len= 37 黑胜 loss=26.0734 temp=0.77 total_env_steps=6871 t=0.18s
Ep  133: len= 53 黑胜 loss=26.0326 temp=0.76 total_env_steps=6924 t=0.22s
Ep  134: len= 51 黑胜 loss=26.0121 temp=0.75 total_env_steps=6975 t=0.23s
Ep  135: len= 65 黑胜 loss=26.0212 temp=0.75 total_env_steps=7040 t=0.26s
Ep  136: len= 41 黑胜 loss=25.9694 temp=0.74 total_env_steps=7081 t=0.20s
Ep  137: len= 64 白胜 loss=25.9802 temp=0.73 total_env_steps=7145 t=0.24s
Ep  138: len= 39 黑胜 loss=25.9605 temp=0.72 total_env_steps=7184 t=0.18s
Ep  139: len= 47 黑胜 loss=25.9684 temp=0.72 total_env_steps=7231 t=0.21s
Ep  140: len= 49 黑胜 loss=25.9577 temp=0.71 total_env_steps=7280 t=0.22s
Ep  141: len= 52 白胜 loss=25.8824 temp=0.70 total_env_steps=7332 t=0.22s
Ep  142: len= 54 白胜 loss=25.8619 temp=0.69 total_env_steps=7386 t=0.22s
Ep  143: len= 63 黑胜 loss=25.8680 temp=0.69 total_env_steps=7449 t=0.25s
Ep  144: len= 69 黑胜 loss=25.7292 temp=0.68 total_env_steps=7518 t=0.25s
Ep  145: len= 62 白胜 loss=25.9412 temp=0.67 total_env_steps=7580 t=0.25s
Ep  146: len= 58 白胜 loss=25.8448 temp=0.66 total_env_steps=7638 t=0.24s
Ep  147: len= 51 黑胜 loss=25.8297 temp=0.65 total_env_steps=7689 t=0.24s
Ep  148: len= 51 黑胜 loss=25.7762 temp=0.65 total_env_steps=7740 t=0.23s
Ep  149: len= 40 白胜 loss=25.8471 temp=0.64 total_env_steps=7780 t=0.20s
Ep  150: len= 59 黑胜 loss=25.7786 temp=0.63 total_env_steps=7839 t=0.23s
  eval vs Gomoku-random-v0: win_rate=0.90 mean_return=0.80（20 局，total_env_steps=7839）
Ep  151: len= 59 黑胜 loss=25.7026 temp=0.62 total_env_steps=7898 t=0.24s
Ep  152: len= 50 白胜 loss=25.7206 temp=0.62 total_env_steps=7948 t=0.21s
Ep  153: len= 28 白胜 loss=25.6594 temp=0.61 total_env_steps=7976 t=0.18s
Ep  154: len= 53 黑胜 loss=25.6966 temp=0.60 total_env_steps=8029 t=0.24s
Ep  155: len= 25 黑胜 loss=25.7142 temp=0.59 total_env_steps=8054 t=0.17s
Ep  156: len= 47 黑胜 loss=25.7052 temp=0.59 total_env_steps=8101 t=0.22s
Ep  157: len= 36 白胜 loss=25.5832 temp=0.58 total_env_steps=8137 t=0.21s
Ep  158: len= 48 白胜 loss=25.5712 temp=0.57 total_env_steps=8185 t=0.21s
Ep  159: len= 31 黑胜 loss=25.5704 temp=0.56 total_env_steps=8216 t=0.18s
Ep  160: len= 17 黑胜 loss=25.5585 temp=0.56 total_env_steps=8233 t=0.17s
Ep  161: len= 41 黑胜 loss=25.5205 temp=0.55 total_env_steps=8274 t=0.24s
Ep  162: len= 50 白胜 loss=25.5162 temp=0.54 total_env_steps=8324 t=0.22s
Ep  163: len= 21 黑胜 loss=25.4759 temp=0.53 total_env_steps=8345 t=0.17s
Ep  164: len= 21 黑胜 loss=25.5912 temp=0.53 total_env_steps=8366 t=0.16s
Ep  165: len= 59 黑胜 loss=25.5280 temp=0.52 total_env_steps=8425 t=0.23s
Ep  166: len= 44 白胜 loss=25.5091 temp=0.51 total_env_steps=8469 t=0.21s
Ep  167: len= 59 黑胜 loss=25.4400 temp=0.50 total_env_steps=8528 t=0.25s
Ep  168: len= 70 白胜 loss=25.3734 temp=0.50 total_env_steps=8598 t=0.27s
Ep  169: len= 64 白胜 loss=25.3761 temp=0.49 total_env_steps=8662 t=0.25s
Ep  170: len= 51 黑胜 loss=25.4180 temp=0.48 total_env_steps=8713 t=0.22s
Ep  171: len= 44 白胜 loss=25.5625 temp=0.48 total_env_steps=8757 t=0.21s
Ep  172: len= 58 白胜 loss=25.4094 temp=0.47 total_env_steps=8815 t=0.23s
Ep  173: len= 50 白胜 loss=25.3860 temp=0.46 total_env_steps=8865 t=0.22s
Ep  174: len= 68 白胜 loss=25.3417 temp=0.45 total_env_steps=8933 t=0.25s
Ep  175: len= 44 白胜 loss=25.2751 temp=0.44 total_env_steps=8977 t=0.21s
Ep  176: len= 66 白胜 loss=25.4000 temp=0.44 total_env_steps=9043 t=0.27s
Ep  177: len= 48 白胜 loss=25.3290 temp=0.43 total_env_steps=9091 t=0.22s
Ep  178: len= 50 白胜 loss=25.3302 temp=0.42 total_env_steps=9141 t=0.22s
Ep  179: len= 43 黑胜 loss=25.2641 temp=0.42 total_env_steps=9184 t=0.21s
Ep  180: len= 51 黑胜 loss=25.2739 temp=0.41 total_env_steps=9235 t=0.21s
Ep  181: len= 51 黑胜 loss=25.3535 temp=0.40 total_env_steps=9286 t=0.22s
Ep  182: len= 55 黑胜 loss=25.3101 temp=0.39 total_env_steps=9341 t=0.22s
Ep  183: len= 34 白胜 loss=25.3293 temp=0.38 total_env_steps=9375 t=0.18s
Ep  184: len= 52 白胜 loss=25.1962 temp=0.38 total_env_steps=9427 t=0.22s
Ep  185: len= 41 黑胜 loss=25.1948 temp=0.37 total_env_steps=9468 t=0.21s
Ep  186: len= 49 黑胜 loss=25.1616 temp=0.36 total_env_steps=9517 t=0.21s
Ep  187: len= 59 黑胜 loss=25.2179 temp=0.36 total_env_steps=9576 t=0.23s
Ep  188: len= 67 黑胜 loss=25.2801 temp=0.35 total_env_steps=9643 t=0.24s
Ep  189: len= 43 黑胜 loss=25.2876 temp=0.34 total_env_steps=9686 t=0.19s
Ep  190: len= 29 黑胜 loss=25.0740 temp=0.33 total_env_steps=9715 t=0.17s
Ep  191: len= 21 黑胜 loss=25.1248 temp=0.33 total_env_steps=9736 t=0.15s
Ep  192: len= 79 黑胜 loss=25.0631 temp=0.32 total_env_steps=9815 t=0.26s
Ep  193: len= 45 黑胜 loss=25.0725 temp=0.31 total_env_steps=9860 t=0.20s
Ep  194: len= 61 黑胜 loss=25.0178 temp=0.30 total_env_steps=9921 t=0.23s
Ep  195: len= 74 白胜 loss=25.1162 temp=0.30 total_env_steps=9995 t=0.26s
Ep  196: len= 47 黑胜 loss=25.1239 temp=0.29 total_env_steps=10042 t=0.21s
Ep  197: len= 55 黑胜 loss=25.0397 temp=0.28 total_env_steps=10097 t=0.22s
Ep  198: len= 31 黑胜 loss=25.0532 temp=0.27 total_env_steps=10128 t=0.18s
Ep  199: len= 59 黑胜 loss=25.0120 temp=0.26 total_env_steps=10187 t=0.24s
Ep  200: len= 45 黑胜 loss=24.9231 temp=0.26 total_env_steps=10232 t=0.22s
  eval vs Gomoku-random-v0: win_rate=0.95 mean_return=0.90（20 局，total_env_steps=10232）
  ✅ 达标 ep=200 total_env_steps=10232
  📸 已拍权重快照（ep=200，gating 对弈基准）
Ep  201: len= 53 黑胜 loss=25.0319 temp=0.25 total_env_steps=10285 t=0.21s
Ep  202: len= 43 黑胜 loss=24.9391 temp=0.25 total_env_steps=10328 t=0.20s
Ep  203: len= 42 白胜 loss=24.8273 temp=0.25 total_env_steps=10370 t=0.21s
Ep  204: len= 43 黑胜 loss=24.9088 temp=0.25 total_env_steps=10413 t=0.20s
Ep  205: len= 51 黑胜 loss=24.8502 temp=0.25 total_env_steps=10464 t=0.22s
Ep  206: len= 51 黑胜 loss=24.9115 temp=0.25 total_env_steps=10515 t=0.21s
Ep  207: len= 37 黑胜 loss=24.9451 temp=0.25 total_env_steps=10552 t=0.19s
Ep  208: len= 43 黑胜 loss=24.7878 temp=0.25 total_env_steps=10595 t=0.21s
Ep  209: len= 29 黑胜 loss=24.6615 temp=0.25 total_env_steps=10624 t=0.19s
Ep  210: len= 35 黑胜 loss=24.6953 temp=0.25 total_env_steps=10659 t=0.19s
Ep  211: len= 45 黑胜 loss=24.6801 temp=0.25 total_env_steps=10704 t=0.21s
Ep  212: len= 41 黑胜 loss=24.7728 temp=0.25 total_env_steps=10745 t=0.20s
Ep  213: len= 28 白胜 loss=24.6933 temp=0.25 total_env_steps=10773 t=0.17s
Ep  214: len= 37 黑胜 loss=24.4854 temp=0.25 total_env_steps=10810 t=0.19s
Ep  215: len= 50 白胜 loss=24.6391 temp=0.25 total_env_steps=10860 t=0.22s
Ep  216: len= 34 白胜 loss=24.4787 temp=0.25 total_env_steps=10894 t=0.19s
Ep  217: len= 43 黑胜 loss=24.4269 temp=0.25 total_env_steps=10937 t=0.21s
Ep  218: len= 39 黑胜 loss=24.4830 temp=0.25 total_env_steps=10976 t=0.20s
Ep  219: len= 45 黑胜 loss=24.3334 temp=0.25 total_env_steps=11021 t=0.20s
Ep  220: len= 45 黑胜 loss=24.5114 temp=0.25 total_env_steps=11066 t=0.21s
Ep  221: len= 55 黑胜 loss=24.4631 temp=0.25 total_env_steps=11121 t=0.23s
Ep  222: len= 50 白胜 loss=24.2720 temp=0.25 total_env_steps=11171 t=0.22s
Ep  223: len= 43 黑胜 loss=24.3688 temp=0.25 total_env_steps=11214 t=0.20s
Ep  224: len= 44 白胜 loss=24.3728 temp=0.25 total_env_steps=11258 t=0.20s
Ep  225: len= 70 白胜 loss=24.2573 temp=0.25 total_env_steps=11328 t=0.25s
Ep  226: len= 39 黑胜 loss=24.1698 temp=0.25 total_env_steps=11367 t=0.20s
Ep  227: len= 54 白胜 loss=24.2168 temp=0.25 total_env_steps=11421 t=0.22s
Ep  228: len= 68 白胜 loss=24.1734 temp=0.25 total_env_steps=11489 t=0.25s
Ep  229: len= 40 白胜 loss=24.0379 temp=0.25 total_env_steps=11529 t=0.20s
Ep  230: len= 35 黑胜 loss=23.8717 temp=0.25 total_env_steps=11564 t=0.17s
Ep  231: len= 57 黑胜 loss=23.8956 temp=0.25 total_env_steps=11621 t=0.22s
Ep  232: len= 40 白胜 loss=23.9756 temp=0.25 total_env_steps=11661 t=0.19s
Ep  233: len= 51 黑胜 loss=23.9289 temp=0.25 total_env_steps=11712 t=0.21s
Ep  234: len= 32 白胜 loss=24.0550 temp=0.25 total_env_steps=11744 t=0.18s
Ep  235: len= 51 黑胜 loss=23.8178 temp=0.25 total_env_steps=11795 t=0.23s
Ep  236: len= 34 白胜 loss=23.7418 temp=0.25 total_env_steps=11829 t=0.19s
Ep  237: len= 74 白胜 loss=23.7309 temp=0.25 total_env_steps=11903 t=0.27s
Ep  238: len= 69 黑胜 loss=23.7798 temp=0.25 total_env_steps=11972 t=0.25s
Ep  239: len= 52 白胜 loss=23.7263 temp=0.25 total_env_steps=12024 t=0.21s
Ep  240: len= 61 黑胜 loss=23.6812 temp=0.25 total_env_steps=12085 t=0.23s
Ep  241: len= 27 黑胜 loss=23.7899 temp=0.25 total_env_steps=12112 t=0.17s
Ep  242: len= 73 黑胜 loss=23.5467 temp=0.25 total_env_steps=12185 t=0.27s
Ep  243: len= 42 白胜 loss=23.5307 temp=0.25 total_env_steps=12227 t=0.22s
Ep  244: len= 54 白胜 loss=23.6250 temp=0.25 total_env_steps=12281 t=0.22s
Ep  245: len= 40 白胜 loss=23.5687 temp=0.25 total_env_steps=12321 t=0.19s
Ep  246: len= 47 黑胜 loss=23.4735 temp=0.25 total_env_steps=12368 t=0.21s
Ep  247: len= 59 黑胜 loss=23.4528 temp=0.25 total_env_steps=12427 t=0.22s
Ep  248: len= 28 白胜 loss=23.3979 temp=0.25 total_env_steps=12455 t=0.17s
Ep  249: len= 66 白胜 loss=23.3953 temp=0.25 total_env_steps=12521 t=0.25s
Ep  250: len= 38 白胜 loss=23.2955 temp=0.25 total_env_steps=12559 t=0.20s
  eval vs Gomoku-random-v0: win_rate=0.90 mean_return=0.80（20 局，total_env_steps=12559）
Ep  251: len= 53 黑胜 loss=23.3618 temp=0.25 total_env_steps=12612 t=0.24s
Ep  252: len= 50 白胜 loss=23.3511 temp=0.25 total_env_steps=12662 t=0.23s
Ep  253: len= 67 黑胜 loss=23.1263 temp=0.25 total_env_steps=12729 t=0.25s
Ep  254: len= 49 黑胜 loss=23.0564 temp=0.25 total_env_steps=12778 t=0.22s
Ep  255: len= 47 黑胜 loss=23.1063 temp=0.25 total_env_steps=12825 t=0.21s
Ep  256: len= 33 黑胜 loss=23.3440 temp=0.25 total_env_steps=12858 t=0.19s
Ep  257: len= 57 黑胜 loss=23.0604 temp=0.25 total_env_steps=12915 t=0.23s
Ep  258: len= 48 白胜 loss=23.0524 temp=0.25 total_env_steps=12963 t=0.22s
Ep  259: len= 35 黑胜 loss=23.0628 temp=0.25 total_env_steps=12998 t=0.19s
Ep  260: len= 57 黑胜 loss=23.0197 temp=0.25 total_env_steps=13055 t=0.24s
Ep  261: len= 63 黑胜 loss=23.0297 temp=0.25 total_env_steps=13118 t=0.26s
Ep  262: len= 62 白胜 loss=22.8340 temp=0.25 total_env_steps=13180 t=0.27s
Ep  263: len= 55 黑胜 loss=22.8091 temp=0.25 total_env_steps=13235 t=0.24s
Ep  264: len= 65 黑胜 loss=22.7059 temp=0.25 total_env_steps=13300 t=0.26s
Ep  265: len= 40 白胜 loss=22.6429 temp=0.25 total_env_steps=13340 t=0.24s
Ep  266: len= 40 白胜 loss=22.7898 temp=0.25 total_env_steps=13380 t=0.24s
Ep  267: len= 38 白胜 loss=22.4502 temp=0.25 total_env_steps=13418 t=0.21s
Ep  268: len= 59 黑胜 loss=22.5441 temp=0.25 total_env_steps=13477 t=0.25s
Ep  269: len= 53 黑胜 loss=22.5334 temp=0.25 total_env_steps=13530 t=0.24s
Ep  270: len= 35 黑胜 loss=22.5300 temp=0.25 total_env_steps=13565 t=0.19s
Ep  271: len= 43 黑胜 loss=22.3563 temp=0.25 total_env_steps=13608 t=0.22s
Ep  272: len= 39 黑胜 loss=22.1551 temp=0.25 total_env_steps=13647 t=0.21s
Ep  273: len= 34 白胜 loss=22.3410 temp=0.25 total_env_steps=13681 t=0.19s
Ep  274: len= 59 黑胜 loss=22.2951 temp=0.25 total_env_steps=13740 t=0.25s
Ep  275: len= 56 白胜 loss=22.2454 temp=0.25 total_env_steps=13796 t=0.26s
Ep  276: len= 42 白胜 loss=22.2285 temp=0.25 total_env_steps=13838 t=0.20s
Ep  277: len= 69 黑胜 loss=22.3498 temp=0.25 total_env_steps=13907 t=0.27s
Ep  278: len= 56 白胜 loss=21.9775 temp=0.25 total_env_steps=13963 t=0.25s
Ep  279: len= 37 黑胜 loss=22.1376 temp=0.25 total_env_steps=14000 t=0.24s
Ep  280: len= 48 白胜 loss=22.2288 temp=0.25 total_env_steps=14048 t=0.25s
Ep  281: len= 58 白胜 loss=22.0939 temp=0.25 total_env_steps=14106 t=0.25s
Ep  282: len= 36 白胜 loss=22.1728 temp=0.25 total_env_steps=14142 t=0.20s
Ep  283: len= 66 白胜 loss=21.8220 temp=0.25 total_env_steps=14208 t=0.27s
Ep  284: len= 45 黑胜 loss=21.8806 temp=0.25 total_env_steps=14253 t=0.21s
Ep  285: len= 61 黑胜 loss=21.9377 temp=0.25 total_env_steps=14314 t=0.28s
Ep  286: len= 56 白胜 loss=21.9484 temp=0.25 total_env_steps=14370 t=0.27s
Ep  287: len= 40 白胜 loss=21.9056 temp=0.25 total_env_steps=14410 t=0.21s
Ep  288: len= 51 黑胜 loss=22.0325 temp=0.25 total_env_steps=14461 t=0.23s
Ep  289: len= 40 白胜 loss=21.8079 temp=0.25 total_env_steps=14501 t=0.20s
Ep  290: len= 46 白胜 loss=21.6727 temp=0.25 total_env_steps=14547 t=0.23s
Ep  291: len= 39 黑胜 loss=21.8091 temp=0.25 total_env_steps=14586 t=0.20s
Ep  292: len= 59 黑胜 loss=21.3715 temp=0.25 total_env_steps=14645 t=0.24s
Ep  293: len= 63 黑胜 loss=21.5045 temp=0.25 total_env_steps=14708 t=0.26s
Ep  294: len= 50 白胜 loss=21.6458 temp=0.25 total_env_steps=14758 t=0.22s
Ep  295: len= 53 黑胜 loss=21.5259 temp=0.25 total_env_steps=14811 t=0.23s
Ep  296: len= 42 白胜 loss=21.6246 temp=0.25 total_env_steps=14853 t=0.22s
Ep  297: len= 72 白胜 loss=21.5403 temp=0.25 total_env_steps=14925 t=0.28s
Ep  298: len= 40 白胜 loss=21.6437 temp=0.25 total_env_steps=14965 t=0.20s
Ep  299: len= 51 黑胜 loss=21.5874 temp=0.25 total_env_steps=15016 t=0.23s
Ep  300: len= 45 黑胜 loss=21.4259 temp=0.25 total_env_steps=15061 t=0.22s
  eval vs Gomoku-random-v0: win_rate=0.70 mean_return=0.40（20 局，total_env_steps=15061）
Ep  301: len= 61 黑胜 loss=21.2792 temp=0.25 total_env_steps=15122 t=0.24s
Ep  302: len= 64 白胜 loss=21.2208 temp=0.25 total_env_steps=15186 t=0.26s
Ep  303: len= 47 黑胜 loss=21.3315 temp=0.25 total_env_steps=15233 t=0.22s
Ep  304: len= 35 黑胜 loss=21.0430 temp=0.25 total_env_steps=15268 t=0.20s
Ep  305: len= 54 白胜 loss=21.1797 temp=0.25 total_env_steps=15322 t=0.23s
Ep  306: len= 40 白胜 loss=21.3494 temp=0.25 total_env_steps=15362 t=0.21s
Ep  307: len= 36 白胜 loss=21.2394 temp=0.25 total_env_steps=15398 t=0.19s
Ep  308: len= 35 黑胜 loss=21.0175 temp=0.25 total_env_steps=15433 t=0.20s
Ep  309: len= 40 白胜 loss=20.9123 temp=0.25 total_env_steps=15473 t=0.20s
Ep  310: len= 33 黑胜 loss=21.0092 temp=0.25 total_env_steps=15506 t=0.19s
Ep  311: len= 39 黑胜 loss=20.7501 temp=0.25 total_env_steps=15545 t=0.20s
Ep  312: len= 22 白胜 loss=20.5825 temp=0.25 total_env_steps=15567 t=0.16s
Ep  313: len= 64 白胜 loss=20.8453 temp=0.25 total_env_steps=15631 t=0.25s
Ep  314: len= 41 黑胜 loss=20.8130 temp=0.25 total_env_steps=15672 t=0.20s
Ep  315: len= 42 白胜 loss=20.6456 temp=0.25 total_env_steps=15714 t=0.21s
Ep  316: len= 43 黑胜 loss=20.8012 temp=0.25 total_env_steps=15757 t=0.20s
Ep  317: len= 45 黑胜 loss=20.4569 temp=0.25 total_env_steps=15802 t=0.23s
Ep  318: len= 40 白胜 loss=20.6669 temp=0.25 total_env_steps=15842 t=0.23s
Ep  319: len= 44 白胜 loss=20.5943 temp=0.25 total_env_steps=15886 t=0.21s
Ep  320: len= 31 黑胜 loss=20.4749 temp=0.25 total_env_steps=15917 t=0.19s
Ep  321: len= 38 白胜 loss=20.2812 temp=0.25 total_env_steps=15955 t=0.21s
Ep  322: len= 49 黑胜 loss=20.4058 temp=0.25 total_env_steps=16004 t=0.24s
Ep  323: len= 38 白胜 loss=20.4325 temp=0.25 total_env_steps=16042 t=0.22s
Ep  324: len= 58 白胜 loss=20.3287 temp=0.25 total_env_steps=16100 t=0.26s
Ep  325: len= 63 黑胜 loss=20.1687 temp=0.25 total_env_steps=16163 t=0.27s
Ep  326: len= 22 白胜 loss=19.9933 temp=0.25 total_env_steps=16185 t=0.17s
Ep  327: len= 56 白胜 loss=20.1928 temp=0.25 total_env_steps=16241 t=0.24s
Ep  328: len= 74 白胜 loss=20.1330 temp=0.25 total_env_steps=16315 t=0.27s
Ep  329: len= 45 黑胜 loss=20.0758 temp=0.25 total_env_steps=16360 t=0.21s
Ep  330: len= 42 白胜 loss=19.9129 temp=0.25 total_env_steps=16402 t=0.20s
Ep  331: len= 39 黑胜 loss=19.8329 temp=0.25 total_env_steps=16441 t=0.21s
Ep  332: len= 64 白胜 loss=19.9208 temp=0.25 total_env_steps=16505 t=0.26s
Ep  333: len= 61 黑胜 loss=19.6556 temp=0.25 total_env_steps=16566 t=0.25s
Ep  334: len= 48 白胜 loss=19.7701 temp=0.25 total_env_steps=16614 t=0.22s
Ep  335: len= 44 白胜 loss=19.8063 temp=0.25 total_env_steps=16658 t=0.21s
Ep  336: len= 39 黑胜 loss=19.9714 temp=0.25 total_env_steps=16697 t=0.21s
Ep  337: len= 61 黑胜 loss=19.7713 temp=0.25 total_env_steps=16758 t=0.25s
Ep  338: len= 49 黑胜 loss=19.7817 temp=0.25 total_env_steps=16807 t=0.21s
Ep  339: len= 64 白胜 loss=19.6342 temp=0.25 total_env_steps=16871 t=0.24s
Ep  340: len= 49 黑胜 loss=19.7462 temp=0.25 total_env_steps=16920 t=0.22s
Ep  341: len= 43 黑胜 loss=19.7797 temp=0.25 total_env_steps=16963 t=0.20s
Ep  342: len= 58 白胜 loss=19.7117 temp=0.25 total_env_steps=17021 t=0.23s
Ep  343: len= 55 黑胜 loss=19.4623 temp=0.25 total_env_steps=17076 t=0.23s
Ep  344: len= 39 黑胜 loss=19.3728 temp=0.25 total_env_steps=17115 t=0.19s
Ep  345: len= 46 白胜 loss=19.3987 temp=0.25 total_env_steps=17161 t=0.21s
Ep  346: len= 51 黑胜 loss=19.4855 temp=0.25 total_env_steps=17212 t=0.23s
Ep  347: len= 38 白胜 loss=19.2129 temp=0.25 total_env_steps=17250 t=0.19s
Ep  348: len= 53 黑胜 loss=18.9803 temp=0.25 total_env_steps=17303 t=0.24s
Ep  349: len= 48 白胜 loss=19.3897 temp=0.25 total_env_steps=17351 t=0.21s
Ep  350: len= 39 黑胜 loss=19.3843 temp=0.25 total_env_steps=17390 t=0.21s
  eval vs Gomoku-random-v0: win_rate=0.95 mean_return=0.90（20 局，total_env_steps=17390）
Ep  351: len= 54 白胜 loss=19.3360 temp=0.25 total_env_steps=17444 t=0.23s
Ep  352: len= 37 黑胜 loss=19.3841 temp=0.25 total_env_steps=17481 t=0.19s
Ep  353: len= 56 白胜 loss=19.1171 temp=0.25 total_env_steps=17537 t=0.24s
Ep  354: len= 42 白胜 loss=19.1641 temp=0.25 total_env_steps=17579 t=0.20s
Ep  355: len= 43 黑胜 loss=18.9096 temp=0.25 total_env_steps=17622 t=0.21s
Ep  356: len= 46 白胜 loss=18.9180 temp=0.25 total_env_steps=17668 t=0.22s
Ep  357: len= 47 黑胜 loss=19.0254 temp=0.25 total_env_steps=17715 t=0.21s
Ep  358: len= 51 黑胜 loss=18.8887 temp=0.25 total_env_steps=17766 t=0.22s
Ep  359: len= 44 白胜 loss=19.0217 temp=0.25 total_env_steps=17810 t=0.21s
Ep  360: len= 21 黑胜 loss=19.1863 temp=0.25 total_env_steps=17831 t=0.17s
Ep  361: len= 38 白胜 loss=18.4415 temp=0.25 total_env_steps=17869 t=0.19s
Ep  362: len= 60 白胜 loss=18.5860 temp=0.25 total_env_steps=17929 t=0.25s
Ep  363: len= 43 黑胜 loss=18.5253 temp=0.25 total_env_steps=17972 t=0.21s
Ep  364: len= 59 黑胜 loss=18.5118 temp=0.25 total_env_steps=18031 t=0.24s
Ep  365: len= 49 黑胜 loss=18.9195 temp=0.25 total_env_steps=18080 t=0.24s
Ep  366: len= 69 黑胜 loss=19.0934 temp=0.25 total_env_steps=18149 t=0.28s
Ep  367: len= 65 黑胜 loss=18.5795 temp=0.25 total_env_steps=18214 t=0.31s
Ep  368: len= 37 黑胜 loss=18.4866 temp=0.25 total_env_steps=18251 t=0.20s
Ep  369: len= 45 黑胜 loss=18.5698 temp=0.25 total_env_steps=18296 t=0.22s
Ep  370: len= 46 白胜 loss=18.6771 temp=0.25 total_env_steps=18342 t=0.21s
Ep  371: len= 49 黑胜 loss=18.3857 temp=0.25 total_env_steps=18391 t=0.23s
Ep  372: len= 47 黑胜 loss=18.4334 temp=0.25 total_env_steps=18438 t=0.23s
Ep  373: len= 28 白胜 loss=18.3762 temp=0.25 total_env_steps=18466 t=0.19s
Ep  374: len= 55 黑胜 loss=18.4351 temp=0.25 total_env_steps=18521 t=0.24s
Ep  375: len= 31 黑胜 loss=18.7309 temp=0.25 total_env_steps=18552 t=0.20s
Ep  376: len= 68 白胜 loss=18.4473 temp=0.25 total_env_steps=18620 t=0.25s
Ep  377: len= 40 白胜 loss=18.2463 temp=0.25 total_env_steps=18660 t=0.23s
Ep  378: len= 45 黑胜 loss=18.3969 temp=0.25 total_env_steps=18705 t=0.24s
Ep  379: len= 35 黑胜 loss=18.0859 temp=0.25 total_env_steps=18740 t=0.20s
Ep  380: len= 45 黑胜 loss=18.4370 temp=0.25 total_env_steps=18785 t=0.21s
Ep  381: len= 52 白胜 loss=17.9650 temp=0.25 total_env_steps=18837 t=0.23s
Ep  382: len= 34 白胜 loss=18.0869 temp=0.25 total_env_steps=18871 t=0.19s
Ep  383: len= 48 白胜 loss=18.0523 temp=0.25 total_env_steps=18919 t=0.22s
Ep  384: len= 39 黑胜 loss=17.9849 temp=0.25 total_env_steps=18958 t=0.21s
Ep  385: len= 41 黑胜 loss=17.5557 temp=0.25 total_env_steps=18999 t=0.21s
Ep  386: len= 39 黑胜 loss=17.7651 temp=0.25 total_env_steps=19038 t=0.21s
Ep  387: len= 54 白胜 loss=17.9826 temp=0.25 total_env_steps=19092 t=0.24s
Ep  388: len= 62 白胜 loss=17.8490 temp=0.25 total_env_steps=19154 t=0.26s
Ep  389: len= 39 黑胜 loss=17.8274 temp=0.25 total_env_steps=19193 t=0.21s
Ep  390: len= 46 白胜 loss=17.8152 temp=0.25 total_env_steps=19239 t=0.22s
Ep  391: len= 41 黑胜 loss=17.6518 temp=0.25 total_env_steps=19280 t=0.21s
Ep  392: len= 72 白胜 loss=17.6650 temp=0.25 total_env_steps=19352 t=0.28s
Ep  393: len= 49 黑胜 loss=17.5659 temp=0.25 total_env_steps=19401 t=0.25s
Ep  394: len= 43 黑胜 loss=17.4209 temp=0.25 total_env_steps=19444 t=0.23s
Ep  395: len= 28 白胜 loss=17.4601 temp=0.25 total_env_steps=19472 t=0.18s
Ep  396: len= 67 黑胜 loss=17.4458 temp=0.25 total_env_steps=19539 t=0.26s
Ep  397: len= 44 白胜 loss=17.5496 temp=0.25 total_env_steps=19583 t=0.23s
Ep  398: len= 64 白胜 loss=17.4685 temp=0.25 total_env_steps=19647 t=0.26s
Ep  399: len= 47 黑胜 loss=17.4625 temp=0.25 total_env_steps=19694 t=0.26s
Ep  400: len= 41 黑胜 loss=17.4681 temp=0.25 total_env_steps=19735 t=0.22s
  eval vs Gomoku-random-v0: win_rate=0.85 mean_return=0.70（20 局，total_env_steps=19735）
[闸门] vs random（40 局）: win_rate=0.775
[闸门] vs 半程快照（40 局，黑白各半）: score=0.600
[梯队] vs naive0（20 局，观察性）: win_rate=0.10
[梯队] vs naive1（20 局，观察性）: win_rate=0.00
[梯队] vs naive2（20 局，观察性）: win_rate=0.00
[梯队] vs naive3（20 局，观察性）: win_rate=0.00
📈 Gomoku-selfplay-v0 win_rate=0.85（best 0.95）| 门槛 0.95 | 105.4s

--- M3 arm=batch512_probe 汇总（base 对照见 bench 头注释）---
  seed=42 vs_random=0.775 vs_snapshot=0.600 | 梯队 naive0=0.10 naive1=0.00 naive2=0.00 naive3=0.00 | env_steps=19735 wall=105s

--- arm=batch1024_probe seed=42 sims=100 ---
[MyZero-board Gomoku-selfplay-v0] obs=243(3×9²) |A|=81 sims=100 γ=1.0 negamax
Ep    1: len= 52 白胜 loss=0.0000 temp=1.00 total_env_steps=52 t=0.14s
Ep    2: len= 35 黑胜 loss=0.0000 temp=1.00 total_env_steps=87 t=0.08s
Ep    3: len= 54 白胜 loss=0.0000 temp=1.00 total_env_steps=141 t=0.12s
Ep    4: len= 58 白胜 loss=0.0000 temp=1.00 total_env_steps=199 t=0.14s
Ep    5: len= 57 黑胜 loss=0.0000 temp=1.00 total_env_steps=256 t=0.13s
Ep    6: len= 67 黑胜 loss=0.0000 temp=1.00 total_env_steps=323 t=0.14s
Ep    7: len= 35 黑胜 loss=0.0000 temp=1.00 total_env_steps=358 t=0.07s
Ep    8: len= 73 黑胜 loss=0.0000 temp=1.00 total_env_steps=431 t=0.15s
Ep    9: len= 43 黑胜 loss=0.0000 temp=1.00 total_env_steps=474 t=0.09s
Ep   10: len= 59 黑胜 loss=35.9634 temp=1.00 total_env_steps=533 t=0.38s
Ep   11: len= 55 黑胜 loss=28.5516 temp=1.00 total_env_steps=588 t=0.38s
Ep   12: len= 67 黑胜 loss=28.2300 temp=1.00 total_env_steps=655 t=0.39s
Ep   13: len= 59 黑胜 loss=28.0727 temp=1.00 total_env_steps=714 t=0.40s
Ep   14: len= 61 黑胜 loss=28.0468 temp=1.00 total_env_steps=775 t=0.39s
Ep   15: len= 36 白胜 loss=27.9417 temp=1.00 total_env_steps=811 t=0.34s
Ep   16: len= 43 黑胜 loss=27.8938 temp=1.00 total_env_steps=854 t=0.36s
Ep   17: len= 74 白胜 loss=27.9252 temp=1.00 total_env_steps=928 t=0.40s
Ep   18: len= 56 白胜 loss=27.8706 temp=1.00 total_env_steps=984 t=0.35s
Ep   19: len= 57 黑胜 loss=27.8592 temp=1.00 total_env_steps=1041 t=0.34s
Ep   20: len= 15 黑胜 loss=27.8290 temp=1.00 total_env_steps=1056 t=0.25s
Ep   21: len= 47 黑胜 loss=27.8118 temp=1.00 total_env_steps=1103 t=0.35s
Ep   22: len= 48 白胜 loss=27.7628 temp=1.00 total_env_steps=1151 t=0.31s
Ep   23: len= 53 黑胜 loss=27.7645 temp=1.00 total_env_steps=1204 t=0.34s
Ep   24: len= 47 黑胜 loss=27.7014 temp=1.00 total_env_steps=1251 t=0.31s
Ep   25: len= 55 黑胜 loss=27.7038 temp=1.00 total_env_steps=1306 t=0.36s
Ep   26: len= 57 黑胜 loss=27.6289 temp=1.00 total_env_steps=1363 t=0.35s
Ep   27: len= 52 白胜 loss=27.6114 temp=1.00 total_env_steps=1415 t=0.32s
Ep   28: len= 21 黑胜 loss=27.6060 temp=1.00 total_env_steps=1436 t=0.24s
Ep   29: len= 67 黑胜 loss=27.5321 temp=1.00 total_env_steps=1503 t=0.35s
Ep   30: len= 64 白胜 loss=27.5161 temp=1.00 total_env_steps=1567 t=0.33s
Ep   31: len= 38 白胜 loss=27.4507 temp=1.00 total_env_steps=1605 t=0.29s
Ep   32: len= 18 白胜 loss=27.4118 temp=1.00 total_env_steps=1623 t=0.24s
Ep   33: len= 25 黑胜 loss=27.5846 temp=1.00 total_env_steps=1648 t=0.25s
Ep   34: len= 42 白胜 loss=27.4099 temp=1.00 total_env_steps=1690 t=0.31s
Ep   35: len= 46 白胜 loss=27.3572 temp=1.00 total_env_steps=1736 t=0.29s
Ep   36: len= 55 黑胜 loss=27.3060 temp=1.00 total_env_steps=1791 t=0.31s
Ep   37: len= 43 黑胜 loss=27.2202 temp=1.00 total_env_steps=1834 t=0.29s
Ep   38: len= 56 白胜 loss=27.2342 temp=1.00 total_env_steps=1890 t=0.33s
Ep   39: len= 51 黑胜 loss=27.1669 temp=1.00 total_env_steps=1941 t=0.32s
Ep   40: len= 43 黑胜 loss=27.1820 temp=1.00 total_env_steps=1984 t=0.29s
Ep   41: len= 52 白胜 loss=27.2323 temp=1.00 total_env_steps=2036 t=0.32s
Ep   42: len= 50 白胜 loss=27.1257 temp=1.00 total_env_steps=2086 t=0.31s
Ep   43: len= 62 白胜 loss=27.0968 temp=1.00 total_env_steps=2148 t=0.35s
Ep   44: len= 57 黑胜 loss=27.0277 temp=1.00 total_env_steps=2205 t=0.33s
Ep   45: len= 73 黑胜 loss=27.0189 temp=1.00 total_env_steps=2278 t=0.39s
Ep   46: len= 50 白胜 loss=27.0007 temp=1.00 total_env_steps=2328 t=0.31s
Ep   47: len= 56 白胜 loss=26.9973 temp=1.00 total_env_steps=2384 t=0.34s
Ep   48: len= 61 黑胜 loss=27.1333 temp=1.00 total_env_steps=2445 t=0.32s
Ep   49: len= 52 白胜 loss=27.1621 temp=1.00 total_env_steps=2497 t=0.32s
Ep   50: len= 54 白胜 loss=27.1277 temp=1.00 total_env_steps=2551 t=0.33s
  eval vs Gomoku-random-v0: win_rate=0.75 mean_return=0.50（20 局，total_env_steps=2551）
Ep   51: len= 44 白胜 loss=27.0202 temp=1.00 total_env_steps=2595 t=0.31s
Ep   52: len= 49 黑胜 loss=26.9907 temp=1.00 total_env_steps=2644 t=0.32s
Ep   53: len= 54 白胜 loss=26.9868 temp=1.00 total_env_steps=2698 t=0.31s
Ep   54: len= 56 白胜 loss=26.9661 temp=1.00 total_env_steps=2754 t=0.33s
Ep   55: len= 37 黑胜 loss=26.8965 temp=1.00 total_env_steps=2791 t=0.29s
Ep   56: len= 53 黑胜 loss=26.9055 temp=1.00 total_env_steps=2844 t=0.32s
Ep   57: len= 31 黑胜 loss=26.8838 temp=1.00 total_env_steps=2875 t=0.28s
Ep   58: len= 45 黑胜 loss=26.8932 temp=1.00 total_env_steps=2920 t=0.32s
Ep   59: len= 45 黑胜 loss=26.8118 temp=1.00 total_env_steps=2965 t=0.36s
Ep   60: len= 32 白胜 loss=26.9363 temp=1.00 total_env_steps=2997 t=0.33s
Ep   61: len= 45 黑胜 loss=26.9242 temp=1.00 total_env_steps=3042 t=0.31s
Ep   62: len= 50 白胜 loss=26.8305 temp=1.00 total_env_steps=3092 t=0.34s
Ep   63: len= 65 黑胜 loss=26.7584 temp=1.00 total_env_steps=3157 t=0.38s
Ep   64: len= 41 黑胜 loss=26.7039 temp=1.00 total_env_steps=3198 t=0.33s
Ep   65: len= 58 白胜 loss=26.6876 temp=1.00 total_env_steps=3256 t=0.34s
Ep   66: len= 49 黑胜 loss=26.6391 temp=1.00 total_env_steps=3305 t=0.30s
Ep   67: len= 52 白胜 loss=26.6553 temp=1.00 total_env_steps=3357 t=0.32s
Ep   68: len= 53 黑胜 loss=26.6152 temp=1.00 total_env_steps=3410 t=0.31s
Ep   69: len= 43 黑胜 loss=26.5365 temp=1.00 total_env_steps=3453 t=0.29s
Ep   70: len= 31 黑胜 loss=26.5783 temp=1.00 total_env_steps=3484 t=0.29s
Ep   71: len= 42 白胜 loss=26.5733 temp=1.00 total_env_steps=3526 t=0.28s
Ep   72: len= 43 黑胜 loss=26.5579 temp=1.00 total_env_steps=3569 t=0.30s
Ep   73: len= 60 白胜 loss=26.5879 temp=1.00 total_env_steps=3629 t=0.32s
Ep   74: len= 45 黑胜 loss=26.5321 temp=1.00 total_env_steps=3674 t=0.29s
Ep   75: len= 53 黑胜 loss=26.4713 temp=1.00 total_env_steps=3727 t=0.32s
Ep   76: len= 53 黑胜 loss=26.4859 temp=1.00 total_env_steps=3780 t=0.31s
Ep   77: len= 61 黑胜 loss=26.4744 temp=1.00 total_env_steps=3841 t=0.33s
Ep   78: len= 55 黑胜 loss=26.4157 temp=1.00 total_env_steps=3896 t=0.33s
Ep   79: len= 61 黑胜 loss=26.4358 temp=1.00 total_env_steps=3957 t=0.34s
Ep   80: len= 58 白胜 loss=26.4101 temp=1.00 total_env_steps=4015 t=0.34s
Ep   81: len= 58 白胜 loss=26.3882 temp=1.00 total_env_steps=4073 t=0.33s
Ep   82: len= 39 黑胜 loss=26.3805 temp=1.00 total_env_steps=4112 t=0.29s
Ep   83: len= 38 白胜 loss=26.3757 temp=1.00 total_env_steps=4150 t=0.29s
Ep   84: len= 53 黑胜 loss=26.4472 temp=1.00 total_env_steps=4203 t=0.31s
Ep   85: len= 47 黑胜 loss=26.3568 temp=1.00 total_env_steps=4250 t=0.31s
Ep   86: len= 52 白胜 loss=26.2828 temp=1.00 total_env_steps=4302 t=0.31s
Ep   87: len= 55 黑胜 loss=26.2795 temp=1.00 total_env_steps=4357 t=0.32s
Ep   88: len= 38 白胜 loss=26.1950 temp=1.00 total_env_steps=4395 t=0.32s
Ep   89: len= 49 黑胜 loss=26.2011 temp=1.00 total_env_steps=4444 t=0.33s
Ep   90: len= 45 黑胜 loss=26.1583 temp=1.00 total_env_steps=4489 t=0.32s
Ep   91: len= 68 白胜 loss=26.3669 temp=1.00 total_env_steps=4557 t=0.38s
Ep   92: len= 56 白胜 loss=26.2698 temp=1.00 total_env_steps=4613 t=0.33s
Ep   93: len= 51 黑胜 loss=26.1656 temp=1.00 total_env_steps=4664 t=0.32s
Ep   94: len= 34 白胜 loss=26.3606 temp=1.00 total_env_steps=4698 t=0.28s
Ep   95: len= 38 白胜 loss=26.2201 temp=1.00 total_env_steps=4736 t=0.28s
Ep   96: len= 50 白胜 loss=26.1918 temp=1.00 total_env_steps=4786 t=0.30s
Ep   97: len= 56 白胜 loss=26.1396 temp=1.00 total_env_steps=4842 t=0.32s
Ep   98: len= 56 白胜 loss=26.0583 temp=1.00 total_env_steps=4898 t=0.33s
Ep   99: len= 49 黑胜 loss=26.1264 temp=1.00 total_env_steps=4947 t=0.30s
Ep  100: len= 36 白胜 loss=26.0418 temp=1.00 total_env_steps=4983 t=0.28s
  eval vs Gomoku-random-v0: win_rate=0.65 mean_return=0.30（20 局，total_env_steps=4983）
Ep  101: len= 19 黑胜 loss=26.1042 temp=1.00 total_env_steps=5002 t=0.27s
Ep  102: len= 49 黑胜 loss=25.9951 temp=0.99 total_env_steps=5051 t=0.34s
Ep  103: len= 51 黑胜 loss=26.0394 temp=0.99 total_env_steps=5102 t=0.36s
Ep  104: len= 61 黑胜 loss=26.0270 temp=0.98 total_env_steps=5163 t=0.35s
Ep  105: len= 42 白胜 loss=26.0063 temp=0.97 total_env_steps=5205 t=0.32s
Ep  106: len= 61 黑胜 loss=25.9976 temp=0.96 total_env_steps=5266 t=0.33s
Ep  107: len= 16 白胜 loss=26.0849 temp=0.95 total_env_steps=5282 t=0.25s
Ep  108: len= 46 白胜 loss=26.0567 temp=0.95 total_env_steps=5328 t=0.32s
Ep  109: len= 59 黑胜 loss=26.0761 temp=0.94 total_env_steps=5387 t=0.33s
Ep  110: len= 64 白胜 loss=25.9916 temp=0.93 total_env_steps=5451 t=0.36s
Ep  111: len= 61 黑胜 loss=26.0089 temp=0.93 total_env_steps=5512 t=0.33s
Ep  112: len= 40 白胜 loss=25.9973 temp=0.92 total_env_steps=5552 t=0.28s
Ep  113: len= 54 白胜 loss=25.9504 temp=0.91 total_env_steps=5606 t=0.35s
Ep  114: len= 69 黑胜 loss=25.9155 temp=0.90 total_env_steps=5675 t=0.34s
Ep  115: len= 43 黑胜 loss=25.9952 temp=0.89 total_env_steps=5718 t=0.30s
Ep  116: len= 43 黑胜 loss=25.9009 temp=0.89 total_env_steps=5761 t=0.29s
Ep  117: len= 45 黑胜 loss=25.9193 temp=0.88 total_env_steps=5806 t=0.29s
Ep  118: len= 42 白胜 loss=25.8750 temp=0.87 total_env_steps=5848 t=0.29s
Ep  119: len= 32 白胜 loss=25.8415 temp=0.87 total_env_steps=5880 t=0.27s
Ep  120: len= 35 黑胜 loss=25.8113 temp=0.86 total_env_steps=5915 t=0.27s
Ep  121: len= 53 黑胜 loss=25.7961 temp=0.85 total_env_steps=5968 t=0.31s
Ep  122: len= 32 白胜 loss=25.7229 temp=0.84 total_env_steps=6000 t=0.28s
Ep  123: len= 58 白胜 loss=25.6722 temp=0.84 total_env_steps=6058 t=0.34s
Ep  124: len= 71 黑胜 loss=25.6977 temp=0.83 total_env_steps=6129 t=0.36s
Ep  125: len= 55 黑胜 loss=25.7314 temp=0.82 total_env_steps=6184 t=0.31s
Ep  126: len= 29 黑胜 loss=25.6922 temp=0.81 total_env_steps=6213 t=0.27s
Ep  127: len= 44 白胜 loss=25.7548 temp=0.81 total_env_steps=6257 t=0.31s
Ep  128: len= 41 黑胜 loss=25.7049 temp=0.80 total_env_steps=6298 t=0.29s
Ep  129: len= 23 黑胜 loss=25.7102 temp=0.79 total_env_steps=6321 t=0.26s
Ep  130: len= 70 白胜 loss=25.6162 temp=0.78 total_env_steps=6391 t=0.35s
Ep  131: len= 81 黑胜 loss=25.6103 temp=0.77 total_env_steps=6472 t=0.39s
Ep  132: len= 68 白胜 loss=25.6352 temp=0.77 total_env_steps=6540 t=0.34s
Ep  133: len= 67 黑胜 loss=25.6169 temp=0.76 total_env_steps=6607 t=0.34s
Ep  134: len= 57 黑胜 loss=25.6031 temp=0.75 total_env_steps=6664 t=0.32s
Ep  135: len= 29 黑胜 loss=25.6203 temp=0.75 total_env_steps=6693 t=0.27s
Ep  136: len= 55 黑胜 loss=25.5817 temp=0.74 total_env_steps=6748 t=0.33s
Ep  137: len= 41 黑胜 loss=25.4934 temp=0.73 total_env_steps=6789 t=0.29s
Ep  138: len= 63 黑胜 loss=25.5580 temp=0.72 total_env_steps=6852 t=0.34s
Ep  139: len= 33 黑胜 loss=25.5648 temp=0.72 total_env_steps=6885 t=0.28s
Ep  140: len= 45 黑胜 loss=25.5584 temp=0.71 total_env_steps=6930 t=0.31s
Ep  141: len= 60 白胜 loss=25.5636 temp=0.70 total_env_steps=6990 t=0.33s
Ep  142: len= 57 黑胜 loss=25.5384 temp=0.69 total_env_steps=7047 t=0.33s
Ep  143: len= 67 黑胜 loss=25.4929 temp=0.69 total_env_steps=7114 t=0.33s
Ep  144: len= 22 白胜 loss=25.5495 temp=0.68 total_env_steps=7136 t=0.25s
Ep  145: len= 55 黑胜 loss=25.5901 temp=0.67 total_env_steps=7191 t=0.33s
Ep  146: len= 76 白胜 loss=25.4604 temp=0.66 total_env_steps=7267 t=0.36s
Ep  147: len= 25 黑胜 loss=25.4529 temp=0.65 total_env_steps=7292 t=0.26s
Ep  148: len= 55 黑胜 loss=25.4127 temp=0.65 total_env_steps=7347 t=0.32s
Ep  149: len= 70 白胜 loss=25.3614 temp=0.64 total_env_steps=7417 t=0.36s
Ep  150: len= 45 黑胜 loss=25.4434 temp=0.63 total_env_steps=7462 t=0.30s
  eval vs Gomoku-random-v0: win_rate=0.80 mean_return=0.60（20 局，total_env_steps=7462）
Ep  151: len= 62 白胜 loss=25.3443 temp=0.62 total_env_steps=7524 t=0.34s
Ep  152: len= 41 黑胜 loss=25.2824 temp=0.62 total_env_steps=7565 t=0.29s
Ep  153: len= 63 黑胜 loss=25.2792 temp=0.61 total_env_steps=7628 t=0.32s
Ep  154: len= 54 白胜 loss=25.1909 temp=0.60 total_env_steps=7682 t=0.31s
Ep  155: len= 43 黑胜 loss=25.3321 temp=0.59 total_env_steps=7725 t=0.29s
Ep  156: len= 68 白胜 loss=25.2581 temp=0.59 total_env_steps=7793 t=0.34s
Ep  157: len= 50 白胜 loss=25.2864 temp=0.58 total_env_steps=7843 t=0.31s
Ep  158: len= 55 黑胜 loss=25.1835 temp=0.57 total_env_steps=7898 t=0.32s
Ep  159: len= 45 黑胜 loss=25.2153 temp=0.56 total_env_steps=7943 t=0.30s
Ep  160: len= 35 黑胜 loss=25.1993 temp=0.56 total_env_steps=7978 t=0.27s
Ep  161: len= 47 黑胜 loss=25.0899 temp=0.55 total_env_steps=8025 t=0.30s
Ep  162: len= 43 黑胜 loss=25.2049 temp=0.54 total_env_steps=8068 t=0.29s
Ep  163: len= 36 白胜 loss=25.1132 temp=0.53 total_env_steps=8104 t=0.27s
Ep  164: len= 35 黑胜 loss=25.1268 temp=0.53 total_env_steps=8139 t=0.27s
Ep  165: len= 45 黑胜 loss=25.1266 temp=0.52 total_env_steps=8184 t=0.29s
Ep  166: len= 37 黑胜 loss=25.0996 temp=0.51 total_env_steps=8221 t=0.28s
Ep  167: len= 39 黑胜 loss=24.9289 temp=0.50 total_env_steps=8260 t=0.30s
Ep  168: len= 32 白胜 loss=24.9316 temp=0.50 total_env_steps=8292 t=0.30s
Ep  169: len= 37 黑胜 loss=24.9377 temp=0.49 total_env_steps=8329 t=0.29s
Ep  170: len= 17 黑胜 loss=24.9695 temp=0.48 total_env_steps=8346 t=0.25s
Ep  171: len= 50 白胜 loss=25.0062 temp=0.48 total_env_steps=8396 t=0.31s
Ep  172: len= 43 黑胜 loss=24.8005 temp=0.47 total_env_steps=8439 t=0.29s
Ep  173: len= 41 黑胜 loss=24.7584 temp=0.46 total_env_steps=8480 t=0.29s
Ep  174: len= 54 白胜 loss=24.7911 temp=0.45 total_env_steps=8534 t=0.33s
Ep  175: len= 48 白胜 loss=24.7368 temp=0.44 total_env_steps=8582 t=0.33s
Ep  176: len= 41 黑胜 loss=24.7504 temp=0.44 total_env_steps=8623 t=0.30s
Ep  177: len= 78 白胜 loss=24.8913 temp=0.43 total_env_steps=8701 t=0.37s
Ep  178: len= 47 黑胜 loss=24.7721 temp=0.42 total_env_steps=8748 t=0.30s
Ep  179: len= 44 白胜 loss=24.8452 temp=0.42 total_env_steps=8792 t=0.29s
Ep  180: len= 35 黑胜 loss=24.8478 temp=0.41 total_env_steps=8827 t=0.28s
Ep  181: len= 62 白胜 loss=24.9034 temp=0.40 total_env_steps=8889 t=0.34s
Ep  182: len= 66 白胜 loss=24.8464 temp=0.39 total_env_steps=8955 t=0.34s
Ep  183: len= 43 黑胜 loss=24.7706 temp=0.38 total_env_steps=8998 t=0.30s
Ep  184: len= 40 白胜 loss=24.8673 temp=0.38 total_env_steps=9038 t=0.29s
Ep  185: len= 25 黑胜 loss=24.7612 temp=0.37 total_env_steps=9063 t=0.27s
Ep  186: len= 49 黑胜 loss=24.6576 temp=0.36 total_env_steps=9112 t=0.33s
Ep  187: len= 25 黑胜 loss=24.5659 temp=0.36 total_env_steps=9137 t=0.26s
Ep  188: len= 64 白胜 loss=24.6028 temp=0.35 total_env_steps=9201 t=0.36s
Ep  189: len= 47 黑胜 loss=24.6247 temp=0.34 total_env_steps=9248 t=0.30s
Ep  190: len= 55 黑胜 loss=24.5931 temp=0.33 total_env_steps=9303 t=0.32s
Ep  191: len= 43 黑胜 loss=24.6449 temp=0.33 total_env_steps=9346 t=0.31s
Ep  192: len= 43 黑胜 loss=24.6138 temp=0.32 total_env_steps=9389 t=0.29s
Ep  193: len= 33 黑胜 loss=24.7037 temp=0.31 total_env_steps=9422 t=0.28s
Ep  194: len= 59 黑胜 loss=24.5308 temp=0.30 total_env_steps=9481 t=0.34s
Ep  195: len= 64 白胜 loss=24.4458 temp=0.30 total_env_steps=9545 t=0.37s
Ep  196: len= 41 黑胜 loss=24.4674 temp=0.29 total_env_steps=9586 t=0.31s
Ep  197: len= 41 黑胜 loss=24.3515 temp=0.28 total_env_steps=9627 t=0.32s
Ep  198: len= 65 黑胜 loss=24.4158 temp=0.27 total_env_steps=9692 t=0.36s
Ep  199: len= 61 黑胜 loss=24.4181 temp=0.26 total_env_steps=9753 t=0.33s
Ep  200: len= 56 白胜 loss=24.5945 temp=0.26 total_env_steps=9809 t=0.34s
  eval vs Gomoku-random-v0: win_rate=0.70 mean_return=0.40（20 局，total_env_steps=9809）
  📸 已拍权重快照（ep=200，gating 对弈基准）
Ep  201: len= 35 黑胜 loss=24.4349 temp=0.25 total_env_steps=9844 t=0.29s
Ep  202: len= 55 黑胜 loss=24.3027 temp=0.25 total_env_steps=9899 t=0.32s
Ep  203: len= 51 黑胜 loss=24.3704 temp=0.25 total_env_steps=9950 t=0.32s
Ep  204: len= 43 黑胜 loss=24.2256 temp=0.25 total_env_steps=9993 t=0.30s
Ep  205: len= 52 白胜 loss=24.3049 temp=0.25 total_env_steps=10045 t=0.33s
Ep  206: len= 50 白胜 loss=24.4590 temp=0.25 total_env_steps=10095 t=0.32s
Ep  207: len= 24 白胜 loss=24.2654 temp=0.25 total_env_steps=10119 t=0.27s
Ep  208: len= 66 白胜 loss=24.2081 temp=0.25 total_env_steps=10185 t=0.34s
Ep  209: len= 52 白胜 loss=24.1048 temp=0.25 total_env_steps=10237 t=0.32s
Ep  210: len= 33 黑胜 loss=24.0962 temp=0.25 total_env_steps=10270 t=0.29s
Ep  211: len= 31 黑胜 loss=24.3436 temp=0.25 total_env_steps=10301 t=0.27s
Ep  212: len= 55 黑胜 loss=24.2168 temp=0.25 total_env_steps=10356 t=0.33s
Ep  213: len= 59 黑胜 loss=23.9989 temp=0.25 total_env_steps=10415 t=0.35s
Ep  214: len= 50 白胜 loss=24.0378 temp=0.25 total_env_steps=10465 t=0.32s
Ep  215: len= 60 白胜 loss=24.0555 temp=0.25 total_env_steps=10525 t=0.34s
Ep  216: len= 37 黑胜 loss=23.9961 temp=0.25 total_env_steps=10562 t=0.29s
Ep  217: len= 45 黑胜 loss=23.9685 temp=0.25 total_env_steps=10607 t=0.31s
Ep  218: len= 57 黑胜 loss=23.9547 temp=0.25 total_env_steps=10664 t=0.35s
Ep  219: len= 53 黑胜 loss=23.8686 temp=0.25 total_env_steps=10717 t=0.33s
Ep  220: len= 53 黑胜 loss=23.8358 temp=0.25 total_env_steps=10770 t=0.32s
Ep  221: len= 45 黑胜 loss=23.6681 temp=0.25 total_env_steps=10815 t=0.33s
Ep  222: len= 40 白胜 loss=23.7252 temp=0.25 total_env_steps=10855 t=0.29s
Ep  223: len= 48 白胜 loss=23.7291 temp=0.25 total_env_steps=10903 t=0.31s
Ep  224: len= 35 黑胜 loss=23.5751 temp=0.25 total_env_steps=10938 t=0.29s
Ep  225: len= 54 白胜 loss=23.5821 temp=0.25 total_env_steps=10992 t=0.33s
Ep  226: len= 47 黑胜 loss=23.5837 temp=0.25 total_env_steps=11039 t=0.31s
Ep  227: len= 41 黑胜 loss=23.6228 temp=0.25 total_env_steps=11080 t=0.31s
Ep  228: len= 52 白胜 loss=23.4829 temp=0.25 total_env_steps=11132 t=0.32s
Ep  229: len= 68 白胜 loss=23.6774 temp=0.25 total_env_steps=11200 t=0.35s
Ep  230: len= 41 黑胜 loss=23.7292 temp=0.25 total_env_steps=11241 t=0.30s
Ep  231: len= 58 白胜 loss=23.6085 temp=0.25 total_env_steps=11299 t=0.34s
Ep  232: len= 43 黑胜 loss=23.4434 temp=0.25 total_env_steps=11342 t=0.32s
Ep  233: len= 36 白胜 loss=23.3961 temp=0.25 total_env_steps=11378 t=0.29s
Ep  234: len= 61 黑胜 loss=23.4156 temp=0.25 total_env_steps=11439 t=0.34s
Ep  235: len= 49 黑胜 loss=23.1197 temp=0.25 total_env_steps=11488 t=0.34s
Ep  236: len= 39 黑胜 loss=23.3516 temp=0.25 total_env_steps=11527 t=0.32s
Ep  237: len= 40 白胜 loss=23.2166 temp=0.25 total_env_steps=11567 t=0.29s
Ep  238: len= 49 黑胜 loss=23.2294 temp=0.25 total_env_steps=11616 t=0.32s
Ep  239: len= 73 黑胜 loss=23.1876 temp=0.25 total_env_steps=11689 t=0.38s
Ep  240: len= 37 黑胜 loss=23.1797 temp=0.25 total_env_steps=11726 t=0.30s
Ep  241: len= 66 白胜 loss=23.1643 temp=0.25 total_env_steps=11792 t=0.36s
Ep  242: len= 47 黑胜 loss=22.9879 temp=0.25 total_env_steps=11839 t=0.31s
Ep  243: len= 45 黑胜 loss=23.0564 temp=0.25 total_env_steps=11884 t=0.32s
Ep  244: len= 35 黑胜 loss=23.1128 temp=0.25 total_env_steps=11919 t=0.29s
Ep  245: len= 48 白胜 loss=22.8756 temp=0.25 total_env_steps=11967 t=0.32s
Ep  246: len= 78 白胜 loss=22.8113 temp=0.25 total_env_steps=12045 t=0.36s
Ep  247: len= 42 白胜 loss=22.7467 temp=0.25 total_env_steps=12087 t=0.30s
Ep  248: len= 53 黑胜 loss=22.8372 temp=0.25 total_env_steps=12140 t=0.32s
Ep  249: len= 35 黑胜 loss=22.7625 temp=0.25 total_env_steps=12175 t=0.29s
Ep  250: len= 49 黑胜 loss=22.6463 temp=0.25 total_env_steps=12224 t=0.32s
  eval vs Gomoku-random-v0: win_rate=0.85 mean_return=0.70（20 局，total_env_steps=12224）
Ep  251: len= 54 白胜 loss=22.7880 temp=0.25 total_env_steps=12278 t=0.32s
Ep  252: len= 48 白胜 loss=22.7972 temp=0.25 total_env_steps=12326 t=0.31s
Ep  253: len= 63 黑胜 loss=22.6197 temp=0.25 total_env_steps=12389 t=0.34s
Ep  254: len= 31 黑胜 loss=22.4282 temp=0.25 total_env_steps=12420 t=0.27s
Ep  255: len= 38 白胜 loss=22.4630 temp=0.25 total_env_steps=12458 t=0.30s
Ep  256: len= 59 黑胜 loss=22.3862 temp=0.25 total_env_steps=12517 t=0.34s
Ep  257: len= 44 白胜 loss=22.5171 temp=0.25 total_env_steps=12561 t=0.32s
Ep  258: len= 49 黑胜 loss=22.3510 temp=0.25 total_env_steps=12610 t=0.33s
Ep  259: len= 59 黑胜 loss=22.4459 temp=0.25 total_env_steps=12669 t=0.35s
Ep  260: len= 45 黑胜 loss=22.2309 temp=0.25 total_env_steps=12714 t=0.31s
Ep  261: len= 65 黑胜 loss=22.1958 temp=0.25 total_env_steps=12779 t=0.35s
Ep  262: len= 41 黑胜 loss=22.2683 temp=0.25 total_env_steps=12820 t=0.31s
Ep  263: len= 65 黑胜 loss=21.9658 temp=0.25 total_env_steps=12885 t=0.36s
Ep  264: len= 61 黑胜 loss=22.0820 temp=0.25 total_env_steps=12946 t=0.34s
Ep  265: len= 64 白胜 loss=22.0981 temp=0.25 total_env_steps=13010 t=0.34s
Ep  266: len= 70 白胜 loss=21.9755 temp=0.25 total_env_steps=13080 t=0.36s
Ep  267: len= 43 黑胜 loss=21.7524 temp=0.25 total_env_steps=13123 t=0.32s
Ep  268: len= 56 白胜 loss=21.9360 temp=0.25 total_env_steps=13179 t=0.36s
Ep  269: len= 37 黑胜 loss=21.7818 temp=0.25 total_env_steps=13216 t=0.29s
Ep  270: len= 35 黑胜 loss=21.9111 temp=0.25 total_env_steps=13251 t=0.29s
Ep  271: len= 50 白胜 loss=21.8008 temp=0.25 total_env_steps=13301 t=0.31s
Ep  272: len= 49 黑胜 loss=21.5784 temp=0.25 total_env_steps=13350 t=0.31s
Ep  273: len= 35 黑胜 loss=21.8286 temp=0.25 total_env_steps=13385 t=0.30s
Ep  274: len= 45 黑胜 loss=21.4917 temp=0.25 total_env_steps=13430 t=0.30s
Ep  275: len= 35 黑胜 loss=21.6609 temp=0.25 total_env_steps=13465 t=0.29s
Ep  276: len= 43 黑胜 loss=21.6007 temp=0.25 total_env_steps=13508 t=0.30s
Ep  277: len= 34 白胜 loss=21.3357 temp=0.25 total_env_steps=13542 t=0.28s
Ep  278: len= 37 黑胜 loss=21.3916 temp=0.25 total_env_steps=13579 t=0.30s
Ep  279: len= 61 黑胜 loss=21.3580 temp=0.25 total_env_steps=13640 t=0.33s
Ep  280: len= 45 黑胜 loss=21.3440 temp=0.25 total_env_steps=13685 t=0.31s
Ep  281: len= 53 黑胜 loss=21.2410 temp=0.25 total_env_steps=13738 t=0.32s
Ep  282: len= 51 黑胜 loss=21.2591 temp=0.25 total_env_steps=13789 t=0.32s
Ep  283: len= 66 白胜 loss=21.1873 temp=0.25 total_env_steps=13855 t=0.37s
Ep  284: len= 52 白胜 loss=21.1314 temp=0.25 total_env_steps=13907 t=0.35s
Ep  285: len= 76 白胜 loss=21.0293 temp=0.25 total_env_steps=13983 t=0.37s
Ep  286: len= 51 黑胜 loss=20.9713 temp=0.25 total_env_steps=14034 t=0.34s
Ep  287: len= 41 黑胜 loss=20.8458 temp=0.25 total_env_steps=14075 t=0.30s
Ep  288: len= 71 黑胜 loss=20.7914 temp=0.25 total_env_steps=14146 t=0.38s
Ep  289: len= 25 黑胜 loss=21.0690 temp=0.25 total_env_steps=14171 t=0.27s
Ep  290: len= 13 黑胜 loss=20.8435 temp=0.25 total_env_steps=14184 t=0.25s
Ep  291: len= 23 黑胜 loss=20.5679 temp=0.25 total_env_steps=14207 t=0.26s
Ep  292: len= 49 黑胜 loss=20.4738 temp=0.25 total_env_steps=14256 t=0.38s
Ep  293: len= 45 黑胜 loss=20.4588 temp=0.25 total_env_steps=14301 t=0.33s
Ep  294: len= 35 黑胜 loss=20.4026 temp=0.25 total_env_steps=14336 t=0.29s
Ep  295: len= 35 黑胜 loss=20.2074 temp=0.25 total_env_steps=14371 t=0.29s
Ep  296: len= 48 白胜 loss=20.4881 temp=0.25 total_env_steps=14419 t=0.32s
Ep  297: len= 25 黑胜 loss=20.3291 temp=0.25 total_env_steps=14444 t=0.26s
Ep  298: len= 39 黑胜 loss=20.2098 temp=0.25 total_env_steps=14483 t=0.30s
Ep  299: len= 39 黑胜 loss=20.1688 temp=0.25 total_env_steps=14522 t=0.29s
Ep  300: len= 44 白胜 loss=20.2344 temp=0.25 total_env_steps=14566 t=0.30s
  eval vs Gomoku-random-v0: win_rate=0.90 mean_return=0.80（20 局，total_env_steps=14566）
Ep  301: len= 54 白胜 loss=20.1657 temp=0.25 total_env_steps=14620 t=0.34s
Ep  302: len= 47 黑胜 loss=20.0993 temp=0.25 total_env_steps=14667 t=0.32s
Ep  303: len= 39 黑胜 loss=20.0509 temp=0.25 total_env_steps=14706 t=0.33s
Ep  304: len= 53 黑胜 loss=19.8704 temp=0.25 total_env_steps=14759 t=0.32s
Ep  305: len= 49 黑胜 loss=19.8882 temp=0.25 total_env_steps=14808 t=0.32s
Ep  306: len= 43 黑胜 loss=19.7193 temp=0.25 total_env_steps=14851 t=0.35s
Ep  307: len= 55 黑胜 loss=19.8944 temp=0.25 total_env_steps=14906 t=0.35s
Ep  308: len= 33 黑胜 loss=19.8814 temp=0.25 total_env_steps=14939 t=0.29s
Ep  309: len= 31 黑胜 loss=19.9799 temp=0.25 total_env_steps=14970 t=0.28s
Ep  310: len= 44 白胜 loss=19.8620 temp=0.25 total_env_steps=15014 t=0.31s
Ep  311: len= 45 黑胜 loss=19.4576 temp=0.25 total_env_steps=15059 t=0.31s
Ep  312: len= 45 黑胜 loss=19.5944 temp=0.25 total_env_steps=15104 t=0.32s
Ep  313: len= 45 黑胜 loss=19.4915 temp=0.25 total_env_steps=15149 t=0.30s
Ep  314: len= 52 白胜 loss=19.3668 temp=0.25 total_env_steps=15201 t=0.31s
Ep  315: len= 53 黑胜 loss=19.5105 temp=0.25 total_env_steps=15254 t=0.32s
Ep  316: len= 66 白胜 loss=19.5408 temp=0.25 total_env_steps=15320 t=0.34s
Ep  317: len= 47 黑胜 loss=19.3983 temp=0.25 total_env_steps=15367 t=0.32s
Ep  318: len= 37 黑胜 loss=19.4616 temp=0.25 total_env_steps=15404 t=0.30s
Ep  319: len= 64 白胜 loss=19.5379 temp=0.25 total_env_steps=15468 t=0.35s
Ep  320: len= 46 白胜 loss=18.9078 temp=0.25 total_env_steps=15514 t=0.32s
Ep  321: len= 51 黑胜 loss=19.0939 temp=0.25 total_env_steps=15565 t=0.33s
Ep  322: len= 29 黑胜 loss=19.0700 temp=0.25 total_env_steps=15594 t=0.27s
Ep  323: len= 45 黑胜 loss=19.0449 temp=0.25 total_env_steps=15639 t=0.32s
Ep  324: len= 69 黑胜 loss=19.3283 temp=0.25 total_env_steps=15708 t=0.35s
Ep  325: len= 15 黑胜 loss=19.2903 temp=0.25 total_env_steps=15723 t=0.25s
Ep  326: len= 53 黑胜 loss=19.0808 temp=0.25 total_env_steps=15776 t=0.33s
Ep  327: len= 15 黑胜 loss=18.9041 temp=0.25 total_env_steps=15791 t=0.27s
Ep  328: len= 28 白胜 loss=18.8999 temp=0.25 total_env_steps=15819 t=0.30s
Ep  329: len= 56 白胜 loss=18.6823 temp=0.25 total_env_steps=15875 t=0.34s
Ep  330: len= 15 黑胜 loss=18.7108 temp=0.25 total_env_steps=15890 t=0.26s
Ep  331: len= 44 白胜 loss=18.6227 temp=0.25 total_env_steps=15934 t=0.33s
Ep  332: len= 51 黑胜 loss=18.5962 temp=0.25 total_env_steps=15985 t=0.33s
Ep  333: len= 40 白胜 loss=18.5613 temp=0.25 total_env_steps=16025 t=0.30s
Ep  334: len= 47 黑胜 loss=18.4918 temp=0.25 total_env_steps=16072 t=0.32s
Ep  335: len= 31 黑胜 loss=18.4014 temp=0.25 total_env_steps=16103 t=0.29s
Ep  336: len= 49 黑胜 loss=18.4707 temp=0.25 total_env_steps=16152 t=0.31s
Ep  337: len= 51 黑胜 loss=18.3171 temp=0.25 total_env_steps=16203 t=0.31s
Ep  338: len= 52 白胜 loss=18.2818 temp=0.25 total_env_steps=16255 t=0.31s
Ep  339: len= 31 黑胜 loss=18.2598 temp=0.25 total_env_steps=16286 t=0.28s
Ep  340: len= 67 黑胜 loss=18.0779 temp=0.25 total_env_steps=16353 t=0.35s
Ep  341: len= 54 白胜 loss=18.1360 temp=0.25 total_env_steps=16407 t=0.32s
Ep  342: len= 45 黑胜 loss=17.8820 temp=0.25 total_env_steps=16452 t=0.31s
Ep  343: len= 55 黑胜 loss=17.8767 temp=0.25 total_env_steps=16507 t=0.32s
Ep  344: len= 33 黑胜 loss=18.1434 temp=0.25 total_env_steps=16540 t=0.28s
Ep  345: len= 41 黑胜 loss=17.9760 temp=0.25 total_env_steps=16581 t=0.30s
Ep  346: len= 41 黑胜 loss=17.7615 temp=0.25 total_env_steps=16622 t=0.30s
Ep  347: len= 42 白胜 loss=17.8526 temp=0.25 total_env_steps=16664 t=0.32s
Ep  348: len= 44 白胜 loss=17.6553 temp=0.25 total_env_steps=16708 t=0.31s
Ep  349: len= 64 白胜 loss=17.7406 temp=0.25 total_env_steps=16772 t=0.35s
Ep  350: len= 44 白胜 loss=17.5076 temp=0.25 total_env_steps=16816 t=0.31s
  eval vs Gomoku-random-v0: win_rate=0.95 mean_return=0.90（20 局，total_env_steps=16816）
  ✅ 达标 ep=350 total_env_steps=16816
Ep  351: len= 53 黑胜 loss=17.4808 temp=0.25 total_env_steps=16869 t=0.35s
Ep  352: len= 45 黑胜 loss=17.4620 temp=0.25 total_env_steps=16914 t=0.31s
Ep  353: len= 41 黑胜 loss=17.4058 temp=0.25 total_env_steps=16955 t=0.31s
Ep  354: len= 47 黑胜 loss=17.5564 temp=0.25 total_env_steps=17002 t=0.33s
Ep  355: len= 75 黑胜 loss=17.4248 temp=0.25 total_env_steps=17077 t=0.36s
Ep  356: len= 52 白胜 loss=17.2537 temp=0.25 total_env_steps=17129 t=0.32s
Ep  357: len= 63 黑胜 loss=17.1803 temp=0.25 total_env_steps=17192 t=0.35s
Ep  358: len= 33 黑胜 loss=17.2744 temp=0.25 total_env_steps=17225 t=0.29s
Ep  359: len= 49 黑胜 loss=17.0663 temp=0.25 total_env_steps=17274 t=0.33s
Ep  360: len= 63 黑胜 loss=17.0240 temp=0.25 total_env_steps=17337 t=0.35s
Ep  361: len= 39 黑胜 loss=17.0923 temp=0.25 total_env_steps=17376 t=0.30s
Ep  362: len= 69 黑胜 loss=16.9563 temp=0.25 total_env_steps=17445 t=0.36s
Ep  363: len= 64 白胜 loss=17.1207 temp=0.25 total_env_steps=17509 t=0.34s
Ep  364: len= 56 白胜 loss=17.0074 temp=0.25 total_env_steps=17565 t=0.33s
Ep  365: len= 55 黑胜 loss=16.9979 temp=0.25 total_env_steps=17620 t=0.32s
Ep  366: len= 37 黑胜 loss=16.9713 temp=0.25 total_env_steps=17657 t=0.30s
Ep  367: len= 37 黑胜 loss=16.9170 temp=0.25 total_env_steps=17694 t=0.30s
Ep  368: len= 49 黑胜 loss=16.9555 temp=0.25 total_env_steps=17743 t=0.34s
Ep  369: len= 69 黑胜 loss=16.8637 temp=0.25 total_env_steps=17812 t=0.38s
Ep  370: len= 49 黑胜 loss=16.7047 temp=0.25 total_env_steps=17861 t=0.32s
Ep  371: len= 33 黑胜 loss=16.6977 temp=0.25 total_env_steps=17894 t=0.29s
Ep  372: len= 35 黑胜 loss=16.5426 temp=0.25 total_env_steps=17929 t=0.31s
Ep  373: len= 37 黑胜 loss=16.4734 temp=0.25 total_env_steps=17966 t=0.31s
Ep  374: len= 38 白胜 loss=16.4636 temp=0.25 total_env_steps=18004 t=0.30s
Ep  375: len= 39 黑胜 loss=16.5358 temp=0.25 total_env_steps=18043 t=0.29s
Ep  376: len= 58 白胜 loss=16.2080 temp=0.25 total_env_steps=18101 t=0.35s
Ep  377: len= 69 黑胜 loss=16.0852 temp=0.25 total_env_steps=18170 t=0.37s
Ep  378: len= 49 黑胜 loss=16.3981 temp=0.25 total_env_steps=18219 t=0.32s
Ep  379: len= 35 黑胜 loss=16.3004 temp=0.25 total_env_steps=18254 t=0.29s
Ep  380: len= 37 黑胜 loss=16.1103 temp=0.25 total_env_steps=18291 t=0.30s
Ep  381: len= 41 黑胜 loss=16.0117 temp=0.25 total_env_steps=18332 t=0.30s
Ep  382: len= 35 黑胜 loss=16.1550 temp=0.25 total_env_steps=18367 t=0.29s
Ep  383: len= 41 黑胜 loss=16.0117 temp=0.25 total_env_steps=18408 t=0.29s
Ep  384: len= 39 黑胜 loss=15.8879 temp=0.25 total_env_steps=18447 t=0.30s
Ep  385: len= 37 黑胜 loss=16.0804 temp=0.25 total_env_steps=18484 t=0.31s
Ep  386: len= 59 黑胜 loss=15.7883 temp=0.25 total_env_steps=18543 t=0.35s
Ep  387: len= 35 黑胜 loss=15.7815 temp=0.25 total_env_steps=18578 t=0.28s
Ep  388: len= 55 黑胜 loss=16.1152 temp=0.25 total_env_steps=18633 t=0.34s
Ep  389: len= 35 黑胜 loss=15.6326 temp=0.25 total_env_steps=18668 t=0.30s
Ep  390: len= 33 黑胜 loss=15.5938 temp=0.25 total_env_steps=18701 t=0.29s
Ep  391: len= 35 黑胜 loss=15.2207 temp=0.25 total_env_steps=18736 t=0.31s
Ep  392: len= 41 黑胜 loss=15.5155 temp=0.25 total_env_steps=18777 t=0.31s
Ep  393: len= 35 黑胜 loss=15.3512 temp=0.25 total_env_steps=18812 t=0.30s
Ep  394: len= 34 白胜 loss=15.2908 temp=0.25 total_env_steps=18846 t=0.29s
Ep  395: len= 39 黑胜 loss=15.3877 temp=0.25 total_env_steps=18885 t=0.29s
Ep  396: len= 59 黑胜 loss=14.8461 temp=0.25 total_env_steps=18944 t=0.35s
Ep  397: len= 47 黑胜 loss=15.0289 temp=0.25 total_env_steps=18991 t=0.33s
Ep  398: len= 45 黑胜 loss=15.0373 temp=0.25 total_env_steps=19036 t=0.31s
Ep  399: len= 51 黑胜 loss=15.0429 temp=0.25 total_env_steps=19087 t=0.33s
Ep  400: len= 33 黑胜 loss=15.0754 temp=0.25 total_env_steps=19120 t=0.30s
  eval vs Gomoku-random-v0: win_rate=0.80 mean_return=0.60（20 局，total_env_steps=19120）
[闸门] vs random（40 局）: win_rate=0.750
[闸门] vs 半程快照（40 局，黑白各半）: score=0.525
[梯队] vs naive0（20 局，观察性）: win_rate=0.05
[梯队] vs naive1（20 局，观察性）: win_rate=0.00
[梯队] vs naive2（20 局，观察性）: win_rate=0.00
[梯队] vs naive3（20 局，观察性）: win_rate=0.00
📈 Gomoku-selfplay-v0 win_rate=0.80（best 0.95）| 门槛 0.95 | 139.6s

--- M3 arm=batch1024_probe 汇总（base 对照见 bench 头注释）---
  seed=42 vs_random=0.750 vs_snapshot=0.525 | 梯队 naive0=0.05 naive1=0.00 naive2=0.00 naive3=0.00 | env_steps=19120 wall=140s
ok

test result: ok. 1 passed; 0 failed; 0 ignored; 0 measured; 3436 filtered out; finished in 245.07s

     Running tests\cse_dedup.rs (target\release\deps\cse_dedup-7a657e998c2a0176.exe)

running 0 tests

test result: ok. 0 passed; 0 failed; 0 ignored; 0 measured; 1 filtered out; finished in 0.00s

     Running tests\mode_invariants.rs (target\release\deps\mode_invariants-12496c59841ba5c8.exe)

running 0 tests

test result: ok. 0 passed; 0 failed; 0 ignored; 0 measured; 9 filtered out; finished in 0.00s

     Running tests\onnx_otm_load_bench.rs (target\release\deps\onnx_otm_load_bench-39da60dd6dcd2511.exe)

running 0 tests

test result: ok. 0 passed; 0 failed; 0 ignored; 0 measured; 1 filtered out; finished in 0.00s

     Running tests\yolov5_xiangqi_import.rs (target\release\deps\yolov5_xiangqi_import-5a55f6b67c0e8a85.exe)

running 0 tests

test result: ok. 0 passed; 0 failed; 0 ignored; 0 measured; 6 filtered out; finished in 0.00s

