   Compiling only_torch v0.25.0 (D:\DATA\BaiduSyncdisk\project\personal\only_torch)
    Finished `release` profile [optimized] target(s) in 1m 04s
     Running unittests src\lib.rs (target\release\deps\only_torch-45d502c1e61c3f90.exe)

running 1 test
test rl::algo::my_zero::tests::gomoku_m3_bench::gomoku_naive0_rr32_rosmo ... 
--- arm=rr32_rosmo seed=42 sims=100 ---
[MyZero-board Gomoku-selfplay-v0] obs=243(3×9²) |A|=81 sims=100 γ=1.0 negamax
[MyZero-board] ROSMO policy 刷新开启（采样时现算一步 look-ahead，top-16；value 维持 negamax）
Ep    1: len= 52 白胜 loss=0.0000 temp=1.00 total_env_steps=52 t=0.18s
Ep    2: len= 35 黑胜 loss=0.0000 temp=1.00 total_env_steps=87 t=0.12s
Ep    3: len= 54 白胜 loss=0.0000 temp=1.00 total_env_steps=141 t=0.17s
Ep    4: len= 58 白胜 loss=0.0000 temp=1.00 total_env_steps=199 t=0.18s
Ep    5: len= 57 黑胜 loss=0.0000 temp=1.00 total_env_steps=256 t=0.18s
Ep    6: len= 67 黑胜 loss=0.0000 temp=1.00 total_env_steps=323 t=0.21s
Ep    7: len= 35 黑胜 loss=0.0000 temp=1.00 total_env_steps=358 t=0.11s
Ep    8: len= 73 黑胜 loss=0.0000 temp=1.00 total_env_steps=431 t=0.23s
Ep    9: len= 43 黑胜 loss=0.0000 temp=1.00 total_env_steps=474 t=0.12s
Ep   10: len= 59 黑胜 loss=14.0762 temp=1.00 total_env_steps=533 t=1.11s
Ep   11: len= 41 黑胜 loss=16.4888 temp=1.00 total_env_steps=574 t=1.09s
Ep   12: len= 45 黑胜 loss=19.2755 temp=1.00 total_env_steps=619 t=1.08s
Ep   13: len= 33 黑胜 loss=14.8339 temp=1.00 total_env_steps=652 t=1.01s
Ep   14: len= 57 黑胜 loss=20.1885 temp=1.00 total_env_steps=709 t=1.09s
Ep   15: len= 54 白胜 loss=14.7966 temp=1.00 total_env_steps=763 t=1.07s
Ep   16: len= 61 黑胜 loss=16.2522 temp=1.00 total_env_steps=824 t=1.04s
Ep   17: len= 40 白胜 loss=14.0774 temp=1.00 total_env_steps=864 t=0.98s
Ep   18: len= 59 黑胜 loss=14.6119 temp=1.00 total_env_steps=923 t=1.05s
Ep   19: len= 62 白胜 loss=13.6888 temp=1.00 total_env_steps=985 t=1.07s
Ep   20: len= 51 黑胜 loss=12.3157 temp=1.00 total_env_steps=1036 t=1.10s
Ep   21: len= 59 黑胜 loss=10.8738 temp=1.00 total_env_steps=1095 t=1.08s
Ep   22: len= 50 白胜 loss=10.8284 temp=1.00 total_env_steps=1145 t=1.04s
Ep   23: len= 50 白胜 loss=11.0609 temp=1.00 total_env_steps=1195 t=1.06s
Ep   24: len= 29 黑胜 loss=12.2124 temp=1.00 total_env_steps=1224 t=0.96s
Ep   25: len= 55 黑胜 loss=9.8550 temp=1.00 total_env_steps=1279 t=1.03s
Ep   26: len= 46 白胜 loss=11.3833 temp=1.00 total_env_steps=1325 t=1.06s
Ep   27: len= 68 白胜 loss=15.3673 temp=1.00 total_env_steps=1393 t=1.04s
Ep   28: len= 41 黑胜 loss=11.9873 temp=1.00 total_env_steps=1434 t=1.00s
Ep   29: len= 29 黑胜 loss=10.7790 temp=1.00 total_env_steps=1463 t=0.99s
Ep   30: len= 46 白胜 loss=13.4935 temp=1.00 total_env_steps=1509 t=1.00s
Ep   31: len= 55 黑胜 loss=14.5996 temp=1.00 total_env_steps=1564 t=1.01s
Ep   32: len= 48 白胜 loss=13.4922 temp=1.00 total_env_steps=1612 t=1.03s
Ep   33: len= 40 白胜 loss=16.7133 temp=1.00 total_env_steps=1652 t=1.01s
Ep   34: len= 56 白胜 loss=14.8064 temp=1.00 total_env_steps=1708 t=1.07s
Ep   35: len= 61 黑胜 loss=14.3801 temp=1.00 total_env_steps=1769 t=1.09s
Ep   36: len= 51 黑胜 loss=14.0902 temp=1.00 total_env_steps=1820 t=1.06s
Ep   37: len= 66 白胜 loss=16.5180 temp=1.00 total_env_steps=1886 t=1.09s
Ep   38: len= 55 黑胜 loss=14.2579 temp=1.00 total_env_steps=1941 t=1.07s
Ep   39: len= 46 白胜 loss=13.3682 temp=1.00 total_env_steps=1987 t=1.07s
Ep   40: len= 76 白胜 loss=13.7808 temp=1.00 total_env_steps=2063 t=1.16s
Ep   41: len= 35 黑胜 loss=14.4007 temp=1.00 total_env_steps=2098 t=1.08s
Ep   42: len= 60 白胜 loss=14.8372 temp=1.00 total_env_steps=2158 t=1.09s
Ep   43: len= 54 白胜 loss=12.9558 temp=1.00 total_env_steps=2212 t=1.09s
Ep   44: len= 37 黑胜 loss=15.7590 temp=1.00 total_env_steps=2249 t=1.03s
Ep   45: len= 55 黑胜 loss=13.3915 temp=1.00 total_env_steps=2304 t=1.06s
Ep   46: len= 46 白胜 loss=13.8894 temp=1.00 total_env_steps=2350 t=1.05s
Ep   47: len= 69 黑胜 loss=14.8417 temp=1.00 total_env_steps=2419 t=1.12s
Ep   48: len= 55 黑胜 loss=14.6448 temp=1.00 total_env_steps=2474 t=1.07s
Ep   49: len= 54 白胜 loss=13.8227 temp=1.00 total_env_steps=2528 t=1.09s
Ep   50: len= 66 白胜 loss=13.8528 temp=1.00 total_env_steps=2594 t=1.07s
  eval vs Gomoku-random-v0: win_rate=0.65 mean_return=0.30（20 局，total_env_steps=2594）
Ep   51: len= 33 黑胜 loss=12.1907 temp=1.00 total_env_steps=2627 t=1.02s
Ep   52: len= 36 白胜 loss=13.3585 temp=1.00 total_env_steps=2663 t=1.06s
Ep   53: len= 64 白胜 loss=14.1244 temp=1.00 total_env_steps=2727 t=1.11s
Ep   54: len= 62 白胜 loss=13.3361 temp=1.00 total_env_steps=2789 t=1.08s
Ep   55: len= 47 黑胜 loss=13.5643 temp=1.00 total_env_steps=2836 t=1.04s
Ep   56: len= 67 黑胜 loss=14.3260 temp=1.00 total_env_steps=2903 t=1.09s
Ep   57: len= 48 白胜 loss=13.8118 temp=1.00 total_env_steps=2951 t=1.06s
Ep   58: len= 35 黑胜 loss=13.3072 temp=1.00 total_env_steps=2986 t=1.00s
Ep   59: len= 52 白胜 loss=11.5711 temp=1.00 total_env_steps=3038 t=1.09s
Ep   60: len= 64 白胜 loss=12.7051 temp=1.00 total_env_steps=3102 t=1.06s
Ep   61: len= 65 黑胜 loss=11.8681 temp=1.00 total_env_steps=3167 t=1.07s
Ep   62: len= 26 白胜 loss=10.9315 temp=1.00 total_env_steps=3193 t=1.01s
Ep   63: len= 58 白胜 loss=12.5019 temp=1.00 total_env_steps=3251 t=1.07s
Ep   64: len= 63 黑胜 loss=11.9777 temp=1.00 total_env_steps=3314 t=1.08s
Ep   65: len= 35 黑胜 loss=11.9497 temp=1.00 total_env_steps=3349 t=0.98s
Ep   66: len= 30 白胜 loss=11.3873 temp=1.00 total_env_steps=3379 t=1.04s
Ep   67: len= 59 黑胜 loss=11.7050 temp=1.00 total_env_steps=3438 t=1.06s
Ep   68: len= 59 黑胜 loss=11.6393 temp=1.00 total_env_steps=3497 t=1.07s
Ep   69: len= 61 黑胜 loss=11.2189 temp=1.00 total_env_steps=3558 t=1.10s
Ep   70: len= 52 白胜 loss=11.7780 temp=1.00 total_env_steps=3610 t=1.12s
Ep   71: len= 74 白胜 loss=12.3678 temp=1.00 total_env_steps=3684 t=1.10s
Ep   72: len= 46 白胜 loss=12.3021 temp=1.00 total_env_steps=3730 t=1.02s
Ep   73: len= 52 白胜 loss=14.3781 temp=1.00 total_env_steps=3782 t=1.06s
Ep   74: len= 61 黑胜 loss=12.1230 temp=1.00 total_env_steps=3843 t=1.10s
Ep   75: len= 42 白胜 loss=12.7797 temp=1.00 total_env_steps=3885 t=1.08s
Ep   76: len= 38 白胜 loss=12.0671 temp=1.00 total_env_steps=3923 t=1.01s
Ep   77: len= 52 白胜 loss=11.4276 temp=1.00 total_env_steps=3975 t=1.01s
Ep   78: len= 46 白胜 loss=12.0435 temp=1.00 total_env_steps=4021 t=0.98s
Ep   79: len= 54 白胜 loss=11.8241 temp=1.00 total_env_steps=4075 t=1.03s
Ep   80: len= 47 黑胜 loss=10.1442 temp=1.00 total_env_steps=4122 t=1.05s
Ep   81: len= 40 白胜 loss=11.8808 temp=1.00 total_env_steps=4162 t=1.03s
Ep   82: len= 48 白胜 loss=11.9750 temp=1.00 total_env_steps=4210 t=1.07s
Ep   83: len= 67 黑胜 loss=12.1520 temp=1.00 total_env_steps=4277 t=1.03s
Ep   84: len= 75 黑胜 loss=11.1803 temp=1.00 total_env_steps=4352 t=1.05s
Ep   85: len= 46 白胜 loss=12.8405 temp=1.00 total_env_steps=4398 t=0.98s
Ep   86: len= 54 白胜 loss=11.5586 temp=1.00 total_env_steps=4452 t=1.01s
Ep   87: len= 36 白胜 loss=11.6833 temp=1.00 total_env_steps=4488 t=1.01s
Ep   88: len= 70 白胜 loss=11.9523 temp=1.00 total_env_steps=4558 t=1.01s
Ep   89: len= 31 黑胜 loss=11.9419 temp=1.00 total_env_steps=4589 t=1.00s
Ep   90: len= 25 黑胜 loss=11.6812 temp=1.00 total_env_steps=4614 t=0.96s
Ep   91: len= 74 白胜 loss=13.7685 temp=1.00 total_env_steps=4688 t=1.08s
Ep   92: len= 38 白胜 loss=11.1009 temp=1.00 total_env_steps=4726 t=0.98s
Ep   93: len= 51 黑胜 loss=12.1158 temp=1.00 total_env_steps=4777 t=1.06s
Ep   94: len= 75 黑胜 loss=11.5715 temp=1.00 total_env_steps=4852 t=1.22s
Ep   95: len= 43 黑胜 loss=12.2040 temp=1.00 total_env_steps=4895 t=1.02s
Ep   96: len= 48 白胜 loss=12.7414 temp=1.00 total_env_steps=4943 t=1.09s
Ep   97: len= 62 白胜 loss=11.9865 temp=1.00 total_env_steps=5005 t=1.07s
Ep   98: len= 58 白胜 loss=12.8045 temp=1.00 total_env_steps=5063 t=1.02s
Ep   99: len= 52 白胜 loss=13.4264 temp=1.00 total_env_steps=5115 t=1.02s
Ep  100: len= 49 黑胜 loss=12.1929 temp=1.00 total_env_steps=5164 t=1.05s
  eval vs Gomoku-random-v0: win_rate=0.60 mean_return=0.20（20 局，total_env_steps=5164）
Ep  101: len= 60 白胜 loss=12.9200 temp=1.00 total_env_steps=5224 t=1.11s
Ep  102: len= 44 白胜 loss=12.0458 temp=0.99 total_env_steps=5268 t=1.03s
Ep  103: len= 46 白胜 loss=11.5593 temp=0.99 total_env_steps=5314 t=1.02s
Ep  104: len= 63 黑胜 loss=12.0106 temp=0.98 total_env_steps=5377 t=1.03s
Ep  105: len= 58 白胜 loss=12.0433 temp=0.97 total_env_steps=5435 t=1.04s
Ep  106: len= 47 黑胜 loss=12.1436 temp=0.96 total_env_steps=5482 t=0.96s
Ep  107: len= 76 白胜 loss=12.3495 temp=0.95 total_env_steps=5558 t=1.05s
Ep  108: len= 60 白胜 loss=11.3958 temp=0.95 total_env_steps=5618 t=1.01s
Ep  109: len= 64 白胜 loss=11.3995 temp=0.94 total_env_steps=5682 t=1.02s
Ep  110: len= 48 白胜 loss=10.0075 temp=0.93 total_env_steps=5730 t=1.01s
Ep  111: len= 47 黑胜 loss=12.0207 temp=0.93 total_env_steps=5777 t=0.98s
Ep  112: len= 69 黑胜 loss=11.3834 temp=0.92 total_env_steps=5846 t=0.99s
Ep  113: len= 43 黑胜 loss=10.4451 temp=0.91 total_env_steps=5889 t=0.94s
Ep  114: len= 38 白胜 loss=11.6372 temp=0.90 total_env_steps=5927 t=1.08s
Ep  115: len= 67 黑胜 loss=11.6296 temp=0.89 total_env_steps=5994 t=1.09s
Ep  116: len= 37 黑胜 loss=10.8469 temp=0.89 total_env_steps=6031 t=0.99s
Ep  117: len= 39 黑胜 loss=12.5811 temp=0.88 total_env_steps=6070 t=0.96s
Ep  118: len= 42 白胜 loss=12.6930 temp=0.87 total_env_steps=6112 t=0.95s
Ep  119: len= 59 黑胜 loss=13.2663 temp=0.87 total_env_steps=6171 t=0.98s
Ep  120: len= 31 黑胜 loss=12.2991 temp=0.86 total_env_steps=6202 t=0.94s
Ep  121: len= 36 白胜 loss=11.3352 temp=0.85 total_env_steps=6238 t=0.95s
Ep  122: len= 60 白胜 loss=12.7457 temp=0.84 total_env_steps=6298 t=0.99s
Ep  123: len= 61 黑胜 loss=10.8823 temp=0.84 total_env_steps=6359 t=0.99s
Ep  124: len= 47 黑胜 loss=11.9797 temp=0.83 total_env_steps=6406 t=0.99s
Ep  125: len= 53 黑胜 loss=12.8244 temp=0.82 total_env_steps=6459 t=0.98s
Ep  126: len= 29 黑胜 loss=11.7839 temp=0.81 total_env_steps=6488 t=0.92s
Ep  127: len= 43 黑胜 loss=12.2264 temp=0.81 total_env_steps=6531 t=0.95s
Ep  128: len= 50 白胜 loss=12.7495 temp=0.80 total_env_steps=6581 t=0.97s
Ep  129: len= 40 白胜 loss=11.2491 temp=0.79 total_env_steps=6621 t=0.98s
Ep  130: len= 53 黑胜 loss=10.5692 temp=0.78 total_env_steps=6674 t=0.99s
Ep  131: len= 62 白胜 loss=10.6696 temp=0.77 total_env_steps=6736 t=0.99s
Ep  132: len= 51 黑胜 loss=11.0830 temp=0.77 total_env_steps=6787 t=0.98s
Ep  133: len= 52 白胜 loss=11.4924 temp=0.76 total_env_steps=6839 t=0.98s
Ep  134: len= 66 白胜 loss=9.8153 temp=0.75 total_env_steps=6905 t=1.00s
Ep  135: len= 63 黑胜 loss=11.0957 temp=0.75 total_env_steps=6968 t=0.99s
Ep  136: len= 64 白胜 loss=10.8218 temp=0.74 total_env_steps=7032 t=0.99s
Ep  137: len= 69 黑胜 loss=10.2547 temp=0.73 total_env_steps=7101 t=1.01s
Ep  138: len= 54 白胜 loss=11.6876 temp=0.72 total_env_steps=7155 t=0.98s
Ep  139: len= 35 黑胜 loss=11.1825 temp=0.72 total_env_steps=7190 t=0.95s
Ep  140: len= 66 白胜 loss=10.5574 temp=0.71 total_env_steps=7256 t=0.99s
Ep  141: len= 51 黑胜 loss=9.8456 temp=0.70 total_env_steps=7307 t=0.97s
Ep  142: len= 48 白胜 loss=9.9982 temp=0.69 total_env_steps=7355 t=0.97s
Ep  143: len= 50 白胜 loss=11.2112 temp=0.69 total_env_steps=7405 t=0.96s
Ep  144: len= 57 黑胜 loss=9.9071 temp=0.68 total_env_steps=7462 t=0.98s
Ep  145: len= 53 黑胜 loss=10.6043 temp=0.67 total_env_steps=7515 t=0.98s
Ep  146: len= 50 白胜 loss=11.5555 temp=0.66 total_env_steps=7565 t=0.98s
Ep  147: len= 55 黑胜 loss=10.4466 temp=0.65 total_env_steps=7620 t=0.96s
Ep  148: len= 49 黑胜 loss=10.9404 temp=0.65 total_env_steps=7669 t=0.96s
Ep  149: len= 37 黑胜 loss=10.1019 temp=0.64 total_env_steps=7706 t=0.95s
Ep  150: len= 61 黑胜 loss=10.2664 temp=0.63 total_env_steps=7767 t=1.02s
  eval vs Gomoku-random-v0: win_rate=0.80 mean_return=0.60（20 局，total_env_steps=7767）
Ep  151: len= 54 白胜 loss=10.4207 temp=0.62 total_env_steps=7821 t=0.96s
Ep  152: len= 49 黑胜 loss=10.2179 temp=0.62 total_env_steps=7870 t=1.04s
Ep  153: len= 40 白胜 loss=8.6492 temp=0.61 total_env_steps=7910 t=1.08s
Ep  154: len= 67 黑胜 loss=9.2109 temp=0.60 total_env_steps=7977 t=1.09s
Ep  155: len= 62 白胜 loss=9.6732 temp=0.59 total_env_steps=8039 t=1.08s
Ep  156: len= 47 黑胜 loss=10.3875 temp=0.59 total_env_steps=8086 t=1.05s
Ep  157: len= 51 黑胜 loss=12.0646 temp=0.58 total_env_steps=8137 t=1.07s
Ep  158: len= 24 白胜 loss=11.8432 temp=0.57 total_env_steps=8161 t=1.04s
Ep  159: len= 42 白胜 loss=11.0189 temp=0.56 total_env_steps=8203 t=1.02s
Ep  160: len= 61 黑胜 loss=10.2457 temp=0.56 total_env_steps=8264 t=1.06s
Ep  161: len= 52 白胜 loss=10.9867 temp=0.55 total_env_steps=8316 t=1.02s
Ep  162: len= 45 黑胜 loss=11.1362 temp=0.54 total_env_steps=8361 t=1.03s
Ep  163: len= 53 黑胜 loss=10.5888 temp=0.53 total_env_steps=8414 t=1.03s
Ep  164: len= 57 黑胜 loss=9.6978 temp=0.53 total_env_steps=8471 t=1.05s
Ep  165: len= 30 白胜 loss=10.0643 temp=0.52 total_env_steps=8501 t=1.03s
Ep  166: len= 41 黑胜 loss=9.9658 temp=0.51 total_env_steps=8542 t=1.05s
Ep  167: len= 47 黑胜 loss=10.0348 temp=0.50 total_env_steps=8589 t=1.05s
Ep  168: len= 37 黑胜 loss=9.7927 temp=0.50 total_env_steps=8626 t=1.03s
Ep  169: len= 45 黑胜 loss=10.7758 temp=0.49 total_env_steps=8671 t=1.03s
Ep  170: len= 40 白胜 loss=9.9785 temp=0.48 total_env_steps=8711 t=1.04s
Ep  171: len= 57 黑胜 loss=9.6620 temp=0.48 total_env_steps=8768 t=1.11s
Ep  172: len= 63 黑胜 loss=8.7065 temp=0.47 total_env_steps=8831 t=1.15s
Ep  173: len= 57 黑胜 loss=8.9996 temp=0.46 total_env_steps=8888 t=1.09s
Ep  174: len= 42 白胜 loss=10.3290 temp=0.45 total_env_steps=8930 t=1.01s
Ep  175: len= 58 白胜 loss=9.3088 temp=0.44 total_env_steps=8988 t=1.01s
Ep  176: len= 43 黑胜 loss=9.7305 temp=0.44 total_env_steps=9031 t=1.03s
Ep  177: len= 49 黑胜 loss=10.2442 temp=0.43 total_env_steps=9080 t=1.04s
Ep  178: len= 61 黑胜 loss=9.8009 temp=0.42 total_env_steps=9141 t=1.07s
Ep  179: len= 62 白胜 loss=10.3867 temp=0.42 total_env_steps=9203 t=1.12s
Ep  180: len= 43 黑胜 loss=11.0924 temp=0.41 total_env_steps=9246 t=1.06s
Ep  181: len= 67 黑胜 loss=9.7169 temp=0.40 total_env_steps=9313 t=1.12s
Ep  182: len= 48 白胜 loss=10.0238 temp=0.39 total_env_steps=9361 t=1.12s
Ep  183: len= 65 黑胜 loss=8.2460 temp=0.38 total_env_steps=9426 t=1.15s
Ep  184: len= 43 黑胜 loss=9.7601 temp=0.38 total_env_steps=9469 t=1.03s
Ep  185: len= 55 黑胜 loss=9.6106 temp=0.37 total_env_steps=9524 t=1.07s
Ep  186: len= 48 白胜 loss=10.3106 temp=0.36 total_env_steps=9572 t=1.10s
Ep  187: len= 77 黑胜 loss=10.0171 temp=0.36 total_env_steps=9649 t=1.11s
Ep  188: len= 38 白胜 loss=8.7890 temp=0.35 total_env_steps=9687 t=1.11s
Ep  189: len= 61 黑胜 loss=9.5167 temp=0.34 total_env_steps=9748 t=1.09s
Ep  190: len= 66 白胜 loss=9.2934 temp=0.33 total_env_steps=9814 t=1.08s
Ep  191: len= 35 黑胜 loss=9.1843 temp=0.33 total_env_steps=9849 t=0.97s
Ep  192: len= 50 白胜 loss=9.3911 temp=0.32 total_env_steps=9899 t=1.03s
Ep  193: len= 61 黑胜 loss=9.6606 temp=0.31 total_env_steps=9960 t=1.01s
Ep  194: len= 68 白胜 loss=9.1766 temp=0.30 total_env_steps=10028 t=1.02s
Ep  195: len= 52 白胜 loss=8.9116 temp=0.30 total_env_steps=10080 t=1.00s
Ep  196: len= 42 白胜 loss=9.1501 temp=0.29 total_env_steps=10122 t=0.96s
Ep  197: len= 51 黑胜 loss=9.2710 temp=0.28 total_env_steps=10173 t=0.99s
Ep  198: len= 58 白胜 loss=10.0901 temp=0.27 total_env_steps=10231 t=1.02s
Ep  199: len= 41 黑胜 loss=10.0981 temp=0.26 total_env_steps=10272 t=1.05s
Ep  200: len= 40 白胜 loss=8.9276 temp=0.26 total_env_steps=10312 t=1.04s
  eval vs Gomoku-random-v0: win_rate=0.55 mean_return=0.15（20 局，total_env_steps=10312）
  📸 已拍权重快照（ep=200，gating 对弈基准）
Ep  201: len= 45 黑胜 loss=10.3967 temp=0.25 total_env_steps=10357 t=1.11s
Ep  202: len= 39 黑胜 loss=10.4263 temp=0.25 total_env_steps=10396 t=1.15s
Ep  203: len= 58 白胜 loss=8.9761 temp=0.25 total_env_steps=10454 t=1.19s
Ep  204: len= 58 白胜 loss=9.3802 temp=0.25 total_env_steps=10512 t=1.18s
Ep  205: len= 65 黑胜 loss=9.2353 temp=0.25 total_env_steps=10577 t=1.18s
Ep  206: len= 52 白胜 loss=10.4138 temp=0.25 total_env_steps=10629 t=1.10s
Ep  207: len= 67 黑胜 loss=9.7893 temp=0.25 total_env_steps=10696 t=1.12s
Ep  208: len= 36 白胜 loss=10.6032 temp=0.25 total_env_steps=10732 t=1.02s
Ep  209: len= 54 白胜 loss=9.9235 temp=0.25 total_env_steps=10786 t=1.10s
Ep  210: len= 51 黑胜 loss=9.8091 temp=0.25 total_env_steps=10837 t=1.08s
Ep  211: len= 44 白胜 loss=10.1445 temp=0.25 total_env_steps=10881 t=1.10s
Ep  212: len= 43 黑胜 loss=10.1835 temp=0.25 total_env_steps=10924 t=1.07s
Ep  213: len= 40 白胜 loss=10.2207 temp=0.25 total_env_steps=10964 t=1.10s
Ep  214: len= 43 黑胜 loss=9.4483 temp=0.25 total_env_steps=11007 t=1.06s
Ep  215: len= 57 黑胜 loss=9.7817 temp=0.25 total_env_steps=11064 t=1.08s
Ep  216: len= 55 黑胜 loss=10.0317 temp=0.25 total_env_steps=11119 t=1.10s
Ep  217: len= 50 白胜 loss=11.0562 temp=0.25 total_env_steps=11169 t=1.04s
Ep  218: len= 50 白胜 loss=10.0244 temp=0.25 total_env_steps=11219 t=1.12s
Ep  219: len= 57 黑胜 loss=11.5609 temp=0.25 total_env_steps=11276 t=1.08s
Ep  220: len= 33 黑胜 loss=11.2736 temp=0.25 total_env_steps=11309 t=1.07s
Ep  221: len= 55 黑胜 loss=11.1179 temp=0.25 total_env_steps=11364 t=1.04s
Ep  222: len= 52 白胜 loss=10.2865 temp=0.25 total_env_steps=11416 t=1.05s
Ep  223: len= 42 白胜 loss=10.9309 temp=0.25 total_env_steps=11458 t=1.02s
Ep  224: len= 49 黑胜 loss=10.2089 temp=0.25 total_env_steps=11507 t=1.09s
Ep  225: len= 44 白胜 loss=9.9959 temp=0.25 total_env_steps=11551 t=1.08s
Ep  226: len= 20 白胜 loss=9.4301 temp=0.25 total_env_steps=11571 t=1.03s
Ep  227: len= 58 白胜 loss=10.0181 temp=0.25 total_env_steps=11629 t=1.12s
Ep  228: len= 56 白胜 loss=10.5233 temp=0.25 total_env_steps=11685 t=1.07s
Ep  229: len= 48 白胜 loss=11.0755 temp=0.25 total_env_steps=11733 t=1.05s
Ep  230: len= 70 白胜 loss=11.4667 temp=0.25 total_env_steps=11803 t=1.12s
Ep  231: len= 51 黑胜 loss=10.8672 temp=0.25 total_env_steps=11854 t=1.08s
Ep  232: len= 63 黑胜 loss=10.6744 temp=0.25 total_env_steps=11917 t=1.14s
Ep  233: len= 73 黑胜 loss=11.0934 temp=0.25 total_env_steps=11990 t=1.10s
Ep  234: len= 34 白胜 loss=11.4035 temp=0.25 total_env_steps=12024 t=1.05s
Ep  235: len= 69 黑胜 loss=11.1539 temp=0.25 total_env_steps=12093 t=1.08s
Ep  236: len= 61 黑胜 loss=10.9305 temp=0.25 total_env_steps=12154 t=1.09s
Ep  237: len= 64 白胜 loss=11.0319 temp=0.25 total_env_steps=12218 t=1.16s
Ep  238: len= 42 白胜 loss=10.1600 temp=0.25 total_env_steps=12260 t=1.15s
Ep  239: len= 54 白胜 loss=11.2248 temp=0.25 total_env_steps=12314 t=1.10s
Ep  240: len= 52 白胜 loss=11.3398 temp=0.25 total_env_steps=12366 t=1.13s
Ep  241: len= 58 白胜 loss=11.5567 temp=0.25 total_env_steps=12424 t=1.10s
Ep  242: len= 41 黑胜 loss=11.8590 temp=0.25 total_env_steps=12465 t=1.07s
Ep  243: len= 73 黑胜 loss=11.7499 temp=0.25 total_env_steps=12538 t=1.11s
Ep  244: len= 43 黑胜 loss=12.1654 temp=0.25 total_env_steps=12581 t=1.06s
Ep  245: len= 64 白胜 loss=11.3061 temp=0.25 total_env_steps=12645 t=1.17s
Ep  246: len= 55 黑胜 loss=10.0381 temp=0.25 total_env_steps=12700 t=1.22s
Ep  247: len= 51 黑胜 loss=9.8057 temp=0.25 total_env_steps=12751 t=1.13s
Ep  248: len= 52 白胜 loss=10.1683 temp=0.25 total_env_steps=12803 t=1.08s
Ep  249: len= 45 黑胜 loss=11.3484 temp=0.25 total_env_steps=12848 t=1.07s
Ep  250: len= 58 白胜 loss=12.4609 temp=0.25 total_env_steps=12906 t=1.13s
  eval vs Gomoku-random-v0: win_rate=0.25 mean_return=-0.50（20 局，total_env_steps=12906）
Ep  251: len= 65 黑胜 loss=11.2195 temp=0.25 total_env_steps=12971 t=1.11s
Ep  252: len= 61 黑胜 loss=10.6961 temp=0.25 total_env_steps=13032 t=1.13s
Ep  253: len= 43 黑胜 loss=10.9581 temp=0.25 total_env_steps=13075 t=1.04s
Ep  254: len= 48 白胜 loss=10.0986 temp=0.25 total_env_steps=13123 t=1.09s
Ep  255: len= 57 黑胜 loss=11.2157 temp=0.25 total_env_steps=13180 t=1.09s
Ep  256: len= 60 白胜 loss=11.2408 temp=0.25 total_env_steps=13240 t=1.10s
Ep  257: len= 45 黑胜 loss=11.6094 temp=0.25 total_env_steps=13285 t=1.07s
Ep  258: len= 39 黑胜 loss=11.5994 temp=0.25 total_env_steps=13324 t=1.04s
Ep  259: len= 43 黑胜 loss=11.5323 temp=0.25 total_env_steps=13367 t=1.06s
Ep  260: len= 58 白胜 loss=10.7217 temp=0.25 total_env_steps=13425 t=1.06s
Ep  261: len= 43 黑胜 loss=10.7320 temp=0.25 total_env_steps=13468 t=1.01s
Ep  262: len= 32 白胜 loss=11.1080 temp=0.25 total_env_steps=13500 t=1.00s
Ep  263: len= 60 白胜 loss=10.9829 temp=0.25 total_env_steps=13560 t=1.07s
Ep  264: len= 53 黑胜 loss=12.8073 temp=0.25 total_env_steps=13613 t=1.05s
Ep  265: len= 38 白胜 loss=11.2141 temp=0.25 total_env_steps=13651 t=1.10s
Ep  266: len= 36 白胜 loss=10.8204 temp=0.25 total_env_steps=13687 t=1.06s
Ep  267: len= 43 黑胜 loss=10.0272 temp=0.25 total_env_steps=13730 t=1.06s
Ep  268: len= 62 白胜 loss=9.9148 temp=0.25 total_env_steps=13792 t=1.09s
Ep  269: len= 54 白胜 loss=11.4465 temp=0.25 total_env_steps=13846 t=1.06s
Ep  270: len= 32 白胜 loss=10.6230 temp=0.25 total_env_steps=13878 t=1.00s
Ep  271: len= 52 白胜 loss=11.1745 temp=0.25 total_env_steps=13930 t=1.07s
Ep  272: len= 77 黑胜 loss=11.0377 temp=0.25 total_env_steps=14007 t=1.14s
Ep  273: len= 37 黑胜 loss=10.4763 temp=0.25 total_env_steps=14044 t=1.04s
Ep  274: len= 49 黑胜 loss=11.3530 temp=0.25 total_env_steps=14093 t=1.06s
Ep  275: len= 54 白胜 loss=10.4784 temp=0.25 total_env_steps=14147 t=1.07s
Ep  276: len= 51 黑胜 loss=9.9729 temp=0.25 total_env_steps=14198 t=1.11s
Ep  277: len= 39 黑胜 loss=10.0828 temp=0.25 total_env_steps=14237 t=1.06s
Ep  278: len= 45 黑胜 loss=9.5675 temp=0.25 total_env_steps=14282 t=1.07s
Ep  279: len= 48 白胜 loss=11.4055 temp=0.25 total_env_steps=14330 t=1.13s
Ep  280: len= 61 黑胜 loss=11.2172 temp=0.25 total_env_steps=14391 t=1.10s
Ep  281: len= 66 白胜 loss=10.8667 temp=0.25 total_env_steps=14457 t=1.14s
Ep  282: len= 53 黑胜 loss=11.1288 temp=0.25 total_env_steps=14510 t=1.09s
Ep  283: len= 49 黑胜 loss=11.3078 temp=0.25 total_env_steps=14559 t=1.07s
Ep  284: len= 31 黑胜 loss=10.7125 temp=0.25 total_env_steps=14590 t=1.05s
Ep  285: len= 39 黑胜 loss=10.3687 temp=0.25 total_env_steps=14629 t=1.04s
Ep  286: len= 57 黑胜 loss=9.6733 temp=0.25 total_env_steps=14686 t=1.11s
Ep  287: len= 33 黑胜 loss=11.4251 temp=0.25 total_env_steps=14719 t=1.04s
Ep  288: len= 53 黑胜 loss=11.2722 temp=0.25 total_env_steps=14772 t=1.09s
Ep  289: len= 48 白胜 loss=11.0233 temp=0.25 total_env_steps=14820 t=1.04s
Ep  290: len= 36 白胜 loss=10.5056 temp=0.25 total_env_steps=14856 t=1.01s
Ep  291: len= 34 白胜 loss=11.1275 temp=0.25 total_env_steps=14890 t=1.04s
Ep  292: len= 52 白胜 loss=10.5172 temp=0.25 total_env_steps=14942 t=1.11s
Ep  293: len= 45 黑胜 loss=9.9482 temp=0.25 total_env_steps=14987 t=1.06s
Ep  294: len= 17 黑胜 loss=10.9802 temp=0.25 total_env_steps=15004 t=1.00s
Ep  295: len= 41 黑胜 loss=10.7902 temp=0.25 total_env_steps=15045 t=1.03s
Ep  296: len= 49 黑胜 loss=11.0259 temp=0.25 total_env_steps=15094 t=1.05s
Ep  297: len= 64 白胜 loss=10.3498 temp=0.25 total_env_steps=15158 t=1.10s
Ep  298: len= 53 黑胜 loss=12.0816 temp=0.25 total_env_steps=15211 t=1.10s
Ep  299: len= 57 黑胜 loss=10.4228 temp=0.25 total_env_steps=15268 t=1.10s
Ep  300: len= 55 黑胜 loss=11.1844 temp=0.25 total_env_steps=15323 t=1.08s
  eval vs Gomoku-random-v0: win_rate=0.35 mean_return=-0.30（20 局，total_env_steps=15323）
Ep  301: len= 48 白胜 loss=11.1674 temp=0.25 total_env_steps=15371 t=1.05s
Ep  302: len= 36 白胜 loss=12.6089 temp=0.25 total_env_steps=15407 t=1.00s
Ep  303: len= 44 白胜 loss=11.4550 temp=0.25 total_env_steps=15451 t=1.07s
Ep  304: len= 58 白胜 loss=11.1768 temp=0.25 total_env_steps=15509 t=1.15s
Ep  305: len= 44 白胜 loss=9.9204 temp=0.25 total_env_steps=15553 t=1.05s
Ep  306: len= 61 黑胜 loss=10.9683 temp=0.25 total_env_steps=15614 t=1.08s
Ep  307: len= 31 黑胜 loss=11.9366 temp=0.25 total_env_steps=15645 t=1.01s
Ep  308: len= 50 白胜 loss=10.8427 temp=0.25 total_env_steps=15695 t=1.05s
Ep  309: len= 46 白胜 loss=10.8745 temp=0.25 total_env_steps=15741 t=1.09s
Ep  310: len= 35 黑胜 loss=11.6323 temp=0.25 total_env_steps=15776 t=1.05s
Ep  311: len= 56 白胜 loss=12.2603 temp=0.25 total_env_steps=15832 t=1.13s
Ep  312: len= 36 白胜 loss=11.7600 temp=0.25 total_env_steps=15868 t=1.05s
Ep  313: len= 69 黑胜 loss=12.6017 temp=0.25 total_env_steps=15937 t=1.13s
Ep  314: len= 32 白胜 loss=11.6887 temp=0.25 total_env_steps=15969 t=1.03s
Ep  315: len= 70 白胜 loss=11.1818 temp=0.25 total_env_steps=16039 t=1.10s
Ep  316: len= 25 黑胜 loss=11.6108 temp=0.25 total_env_steps=16064 t=0.98s
Ep  317: len= 40 白胜 loss=11.0502 temp=0.25 total_env_steps=16104 t=1.07s
Ep  318: len= 36 白胜 loss=11.8686 temp=0.25 total_env_steps=16140 t=1.03s
Ep  319: len= 53 黑胜 loss=11.1523 temp=0.25 total_env_steps=16193 t=1.06s
Ep  320: len= 39 黑胜 loss=11.2549 temp=0.25 total_env_steps=16232 t=1.03s
Ep  321: len= 37 黑胜 loss=10.5621 temp=0.25 total_env_steps=16269 t=1.04s
Ep  322: len= 54 白胜 loss=10.3382 temp=0.25 total_env_steps=16323 t=1.10s
Ep  323: len= 56 白胜 loss=10.3676 temp=0.25 total_env_steps=16379 t=1.07s
Ep  324: len= 44 白胜 loss=11.1384 temp=0.25 total_env_steps=16423 t=1.07s
Ep  325: len= 52 白胜 loss=11.4872 temp=0.25 total_env_steps=16475 t=1.09s
Ep  326: len= 37 黑胜 loss=10.8557 temp=0.25 total_env_steps=16512 t=1.10s
Ep  327: len= 57 黑胜 loss=12.7591 temp=0.25 total_env_steps=16569 t=1.10s
Ep  328: len= 32 白胜 loss=11.3674 temp=0.25 total_env_steps=16601 t=1.03s
Ep  329: len= 35 黑胜 loss=10.5407 temp=0.25 total_env_steps=16636 t=1.09s
Ep  330: len= 45 黑胜 loss=10.7194 temp=0.25 total_env_steps=16681 t=1.04s
Ep  331: len= 51 黑胜 loss=10.2302 temp=0.25 total_env_steps=16732 t=1.08s
Ep  332: len= 39 黑胜 loss=10.7518 temp=0.25 total_env_steps=16771 t=1.06s
Ep  333: len= 55 黑胜 loss=9.7355 temp=0.25 total_env_steps=16826 t=1.08s
Ep  334: len= 45 黑胜 loss=10.1828 temp=0.25 total_env_steps=16871 t=1.04s
Ep  335: len= 59 黑胜 loss=10.3917 temp=0.25 total_env_steps=16930 t=1.07s
Ep  336: len= 72 白胜 loss=10.0227 temp=0.25 total_env_steps=17002 t=1.11s
Ep  337: len= 36 白胜 loss=9.8354 temp=0.25 total_env_steps=17038 t=1.09s
Ep  338: len= 37 黑胜 loss=10.4351 temp=0.25 total_env_steps=17075 t=1.02s
Ep  339: len= 64 白胜 loss=10.4598 temp=0.25 total_env_steps=17139 t=1.11s
Ep  340: len= 52 白胜 loss=10.8717 temp=0.25 total_env_steps=17191 t=1.08s
Ep  341: len= 36 白胜 loss=9.8579 temp=0.25 total_env_steps=17227 t=1.07s
Ep  342: len= 41 黑胜 loss=9.7904 temp=0.25 total_env_steps=17268 t=1.08s
Ep  343: len= 53 黑胜 loss=10.7156 temp=0.25 total_env_steps=17321 t=1.04s
Ep  344: len= 40 白胜 loss=11.0645 temp=0.25 total_env_steps=17361 t=1.05s
Ep  345: len= 65 黑胜 loss=10.4825 temp=0.25 total_env_steps=17426 t=1.14s
Ep  346: len= 43 黑胜 loss=10.3967 temp=0.25 total_env_steps=17469 t=0.99s
Ep  347: len= 39 黑胜 loss=10.0336 temp=0.25 total_env_steps=17508 t=1.07s
Ep  348: len= 42 白胜 loss=9.6079 temp=0.25 total_env_steps=17550 t=1.00s
Ep  349: len= 40 白胜 loss=9.4077 temp=0.25 total_env_steps=17590 t=1.03s
Ep  350: len= 45 黑胜 loss=9.6638 temp=0.25 total_env_steps=17635 t=1.01s
  eval vs Gomoku-random-v0: win_rate=0.50 mean_return=0.00（20 局，total_env_steps=17635）
Ep  351: len= 55 黑胜 loss=9.9244 temp=0.25 total_env_steps=17690 t=0.99s
Ep  352: len= 33 黑胜 loss=9.7901 temp=0.25 total_env_steps=17723 t=0.93s
Ep  353: len= 70 白胜 loss=9.4545 temp=0.25 total_env_steps=17793 t=1.04s
Ep  354: len= 40 白胜 loss=9.4486 temp=0.25 total_env_steps=17833 t=0.93s
Ep  355: len= 41 黑胜 loss=10.4157 temp=0.25 total_env_steps=17874 t=0.94s
Ep  356: len= 48 白胜 loss=9.6409 temp=0.25 total_env_steps=17922 t=1.01s
Ep  357: len= 51 黑胜 loss=9.7772 temp=0.25 total_env_steps=17973 t=1.00s
Ep  358: len= 27 黑胜 loss=10.1273 temp=0.25 total_env_steps=18000 t=0.93s
Ep  359: len= 54 白胜 loss=9.3924 temp=0.25 total_env_steps=18054 t=1.02s
Ep  360: len= 43 黑胜 loss=10.0552 temp=0.25 total_env_steps=18097 t=0.97s
Ep  361: len= 56 白胜 loss=10.1580 temp=0.25 total_env_steps=18153 t=1.00s
Ep  362: len= 37 黑胜 loss=9.4019 temp=0.25 total_env_steps=18190 t=0.97s
Ep  363: len= 39 黑胜 loss=9.2172 temp=0.25 total_env_steps=18229 t=1.00s
Ep  364: len= 42 白胜 loss=9.0614 temp=0.25 total_env_steps=18271 t=1.02s
Ep  365: len= 63 黑胜 loss=8.8062 temp=0.25 total_env_steps=18334 t=1.09s
Ep  366: len= 45 黑胜 loss=9.5087 temp=0.25 total_env_steps=18379 t=1.02s
Ep  367: len= 55 黑胜 loss=9.0322 temp=0.25 total_env_steps=18434 t=1.05s
Ep  368: len= 55 黑胜 loss=9.3290 temp=0.25 total_env_steps=18489 t=1.05s
Ep  369: len= 60 白胜 loss=10.0622 temp=0.25 total_env_steps=18549 t=1.04s
Ep  370: len= 30 白胜 loss=9.3441 temp=0.25 total_env_steps=18579 t=1.04s
Ep  371: len= 40 白胜 loss=9.3765 temp=0.25 total_env_steps=18619 t=1.09s
Ep  372: len= 55 黑胜 loss=10.1466 temp=0.25 total_env_steps=18674 t=1.08s
Ep  373: len= 62 白胜 loss=9.8538 temp=0.25 total_env_steps=18736 t=1.06s
Ep  374: len= 41 黑胜 loss=8.5630 temp=0.25 total_env_steps=18777 t=1.05s
Ep  375: len= 50 白胜 loss=9.2274 temp=0.25 total_env_steps=18827 t=1.05s
Ep  376: len= 53 黑胜 loss=9.0959 temp=0.25 total_env_steps=18880 t=1.05s
Ep  377: len= 61 黑胜 loss=9.1942 temp=0.25 total_env_steps=18941 t=1.09s
Ep  378: len= 68 白胜 loss=10.3341 temp=0.25 total_env_steps=19009 t=1.07s
Ep  379: len= 40 白胜 loss=9.4074 temp=0.25 total_env_steps=19049 t=1.10s
Ep  380: len= 25 黑胜 loss=10.0989 temp=0.25 total_env_steps=19074 t=1.13s
Ep  381: len= 59 黑胜 loss=9.0797 temp=0.25 total_env_steps=19133 t=1.11s
Ep  382: len= 40 白胜 loss=8.3743 temp=0.25 total_env_steps=19173 t=1.04s
Ep  383: len= 57 黑胜 loss=9.3507 temp=0.25 total_env_steps=19230 t=1.05s
Ep  384: len= 60 白胜 loss=9.2711 temp=0.25 total_env_steps=19290 t=1.08s
Ep  385: len= 39 黑胜 loss=9.3019 temp=0.25 total_env_steps=19329 t=1.06s
Ep  386: len= 49 黑胜 loss=10.0428 temp=0.25 total_env_steps=19378 t=1.06s
Ep  387: len= 67 黑胜 loss=9.8796 temp=0.25 total_env_steps=19445 t=1.02s
Ep  388: len= 57 黑胜 loss=10.7404 temp=0.25 total_env_steps=19502 t=0.99s
Ep  389: len= 37 黑胜 loss=10.3559 temp=0.25 total_env_steps=19539 t=0.94s
Ep  390: len= 33 黑胜 loss=10.2546 temp=0.25 total_env_steps=19572 t=0.96s
Ep  391: len= 52 白胜 loss=11.6721 temp=0.25 total_env_steps=19624 t=0.96s
Ep  392: len= 50 白胜 loss=10.6314 temp=0.25 total_env_steps=19674 t=0.98s
Ep  393: len= 41 黑胜 loss=9.9690 temp=0.25 total_env_steps=19715 t=0.98s
Ep  394: len= 72 白胜 loss=8.9188 temp=0.25 total_env_steps=19787 t=1.04s
Ep  395: len= 32 白胜 loss=9.4650 temp=0.25 total_env_steps=19819 t=0.98s
Ep  396: len= 43 黑胜 loss=9.3729 temp=0.25 total_env_steps=19862 t=0.96s
Ep  397: len= 26 白胜 loss=9.5015 temp=0.25 total_env_steps=19888 t=0.92s
Ep  398: len= 31 黑胜 loss=9.7729 temp=0.25 total_env_steps=19919 t=0.94s
Ep  399: len= 40 白胜 loss=8.0719 temp=0.25 total_env_steps=19959 t=1.02s
Ep  400: len= 55 黑胜 loss=8.3608 temp=0.25 total_env_steps=20014 t=1.02s
  eval vs Gomoku-random-v0: win_rate=0.40 mean_return=-0.20（20 局，total_env_steps=20014）
[闸门] vs random（40 局）: win_rate=0.425
[闸门] vs 半程快照（40 局，黑白各半）: score=0.450
[梯队] vs naive0（20 局，观察性）: win_rate=0.00
[梯队] vs naive1（20 局，观察性）: win_rate=0.00
[梯队] vs naive2（20 局，观察性）: win_rate=0.00
[梯队] vs naive3（20 局，观察性）: win_rate=0.00
📈 Gomoku-selfplay-v0 win_rate=0.40（best 0.80）| 门槛 0.95 | 428.9s

--- arm=rr32_rosmo seed=43 sims=100 ---
[MyZero-board Gomoku-selfplay-v0] obs=243(3×9²) |A|=81 sims=100 γ=1.0 negamax
[MyZero-board] ROSMO policy 刷新开启（采样时现算一步 look-ahead，top-16；value 维持 negamax）
Ep    1: len= 80 白胜 loss=0.0000 temp=1.00 total_env_steps=80 t=0.15s
Ep    2: len= 38 白胜 loss=0.0000 temp=1.00 total_env_steps=118 t=0.07s
Ep    3: len= 69 黑胜 loss=0.0000 temp=1.00 total_env_steps=187 t=0.13s
Ep    4: len= 51 黑胜 loss=0.0000 temp=1.00 total_env_steps=238 t=0.09s
Ep    5: len= 55 黑胜 loss=0.0000 temp=1.00 total_env_steps=293 t=0.10s
Ep    6: len= 36 白胜 loss=0.0000 temp=1.00 total_env_steps=329 t=0.07s
Ep    7: len= 51 黑胜 loss=0.0000 temp=1.00 total_env_steps=380 t=0.09s
Ep    8: len= 55 黑胜 loss=0.0000 temp=1.00 total_env_steps=435 t=0.11s
Ep    9: len= 65 黑胜 loss=0.0000 temp=1.00 total_env_steps=500 t=0.12s
Ep   10: len= 68 白胜 loss=16.3267 temp=1.00 total_env_steps=568 t=0.88s
Ep   11: len= 60 白胜 loss=17.2543 temp=1.00 total_env_steps=628 t=0.90s
Ep   12: len= 52 白胜 loss=20.1417 temp=1.00 total_env_steps=680 t=0.86s
Ep   13: len= 40 白胜 loss=19.4687 temp=1.00 total_env_steps=720 t=0.86s
Ep   14: len= 64 白胜 loss=14.5255 temp=1.00 total_env_steps=784 t=0.93s
Ep   15: len= 25 黑胜 loss=12.1280 temp=1.00 total_env_steps=809 t=0.82s
Ep   16: len= 77 黑胜 loss=10.3703 temp=1.00 total_env_steps=886 t=0.94s
Ep   17: len= 60 白胜 loss=11.0574 temp=1.00 total_env_steps=946 t=0.89s
Ep   18: len= 65 黑胜 loss=8.4259 temp=1.00 total_env_steps=1011 t=0.89s
Ep   19: len= 51 黑胜 loss=10.3616 temp=1.00 total_env_steps=1062 t=0.88s
Ep   20: len= 46 白胜 loss=10.2346 temp=1.00 total_env_steps=1108 t=0.85s
Ep   21: len= 41 黑胜 loss=10.8191 temp=1.00 total_env_steps=1149 t=0.85s
Ep   22: len= 37 黑胜 loss=8.3185 temp=1.00 total_env_steps=1186 t=0.86s
Ep   23: len= 59 黑胜 loss=8.8227 temp=1.00 total_env_steps=1245 t=0.93s
Ep   24: len= 22 白胜 loss=12.0555 temp=1.00 total_env_steps=1267 t=0.85s
Ep   25: len= 61 黑胜 loss=12.2813 temp=1.00 total_env_steps=1328 t=0.90s
Ep   26: len= 69 黑胜 loss=11.4952 temp=1.00 total_env_steps=1397 t=0.93s
Ep   27: len= 46 白胜 loss=11.6111 temp=1.00 total_env_steps=1443 t=0.85s
Ep   28: len= 56 白胜 loss=11.6569 temp=1.00 total_env_steps=1499 t=0.87s
Ep   29: len= 35 黑胜 loss=12.7595 temp=1.00 total_env_steps=1534 t=0.83s
Ep   30: len= 64 白胜 loss=11.7349 temp=1.00 total_env_steps=1598 t=0.90s
Ep   31: len= 45 黑胜 loss=11.1494 temp=1.00 total_env_steps=1643 t=0.85s
Ep   32: len= 44 白胜 loss=11.0894 temp=1.00 total_env_steps=1687 t=0.87s
Ep   33: len= 62 白胜 loss=12.3232 temp=1.00 total_env_steps=1749 t=0.91s
Ep   34: len= 62 白胜 loss=10.5253 temp=1.00 total_env_steps=1811 t=0.93s
Ep   35: len= 51 黑胜 loss=14.2686 temp=1.00 total_env_steps=1862 t=0.91s
Ep   36: len= 51 黑胜 loss=10.2021 temp=1.00 total_env_steps=1913 t=0.91s
Ep   37: len= 60 白胜 loss=12.1599 temp=1.00 total_env_steps=1973 t=0.94s
Ep   38: len= 21 黑胜 loss=12.0667 temp=1.00 total_env_steps=1994 t=0.85s
Ep   39: len= 47 黑胜 loss=11.7191 temp=1.00 total_env_steps=2041 t=0.94s
Ep   40: len= 56 白胜 loss=11.4253 temp=1.00 total_env_steps=2097 t=0.95s
Ep   41: len= 49 黑胜 loss=12.4563 temp=1.00 total_env_steps=2146 t=0.98s
Ep   42: len= 40 白胜 loss=10.9774 temp=1.00 total_env_steps=2186 t=0.91s
Ep   43: len= 40 白胜 loss=11.6946 temp=1.00 total_env_steps=2226 t=0.91s
Ep   44: len= 45 黑胜 loss=10.8892 temp=1.00 total_env_steps=2271 t=0.91s
Ep   45: len= 45 黑胜 loss=13.4637 temp=1.00 total_env_steps=2316 t=0.91s
Ep   46: len= 44 白胜 loss=12.1912 temp=1.00 total_env_steps=2360 t=0.91s
Ep   47: len= 42 白胜 loss=12.6225 temp=1.00 total_env_steps=2402 t=0.89s
Ep   48: len= 30 白胜 loss=12.0871 temp=1.00 total_env_steps=2432 t=0.89s
Ep   49: len= 43 黑胜 loss=10.7195 temp=1.00 total_env_steps=2475 t=0.90s
Ep   50: len= 45 黑胜 loss=12.3261 temp=1.00 total_env_steps=2520 t=0.91s
  eval vs Gomoku-random-v0: win_rate=0.85 mean_return=0.70（20 局，total_env_steps=2520）
Ep   51: len= 50 白胜 loss=11.5365 temp=1.00 total_env_steps=2570 t=0.91s
Ep   52: len= 52 白胜 loss=12.1081 temp=1.00 total_env_steps=2622 t=0.92s
Ep   53: len= 52 白胜 loss=12.2149 temp=1.00 total_env_steps=2674 t=0.91s
Ep   54: len= 43 黑胜 loss=10.9435 temp=1.00 total_env_steps=2717 t=0.90s
Ep   55: len= 61 黑胜 loss=12.4775 temp=1.00 total_env_steps=2778 t=0.94s
Ep   56: len= 39 黑胜 loss=10.8557 temp=1.00 total_env_steps=2817 t=0.90s
Ep   57: len= 49 黑胜 loss=9.8145 temp=1.00 total_env_steps=2866 t=0.91s
Ep   58: len= 64 白胜 loss=9.6793 temp=1.00 total_env_steps=2930 t=0.95s
Ep   59: len= 61 黑胜 loss=9.0765 temp=1.00 total_env_steps=2991 t=0.96s
Ep   60: len= 50 白胜 loss=9.5259 temp=1.00 total_env_steps=3041 t=0.93s
Ep   61: len= 22 白胜 loss=9.0940 temp=1.00 total_env_steps=3063 t=0.86s
Ep   62: len= 40 白胜 loss=9.5992 temp=1.00 total_env_steps=3103 t=0.90s
Ep   63: len= 54 白胜 loss=9.9975 temp=1.00 total_env_steps=3157 t=0.95s
Ep   64: len= 66 白胜 loss=9.4667 temp=1.00 total_env_steps=3223 t=0.95s
Ep   65: len= 63 黑胜 loss=10.2541 temp=1.00 total_env_steps=3286 t=0.96s
Ep   66: len= 49 黑胜 loss=10.7055 temp=1.00 total_env_steps=3335 t=0.90s
Ep   67: len= 48 白胜 loss=10.4632 temp=1.00 total_env_steps=3383 t=0.91s
Ep   68: len= 54 白胜 loss=11.8180 temp=1.00 total_env_steps=3437 t=0.93s
Ep   69: len= 44 白胜 loss=10.9814 temp=1.00 total_env_steps=3481 t=0.90s
Ep   70: len= 73 黑胜 loss=10.7843 temp=1.00 total_env_steps=3554 t=0.95s
Ep   71: len= 60 白胜 loss=10.4208 temp=1.00 total_env_steps=3614 t=0.96s
Ep   72: len= 71 黑胜 loss=11.6419 temp=1.00 total_env_steps=3685 t=0.96s
Ep   73: len= 46 白胜 loss=11.9303 temp=1.00 total_env_steps=3731 t=0.91s
Ep   74: len= 59 黑胜 loss=11.2325 temp=1.00 total_env_steps=3790 t=0.91s
Ep   75: len= 51 黑胜 loss=13.6224 temp=1.00 total_env_steps=3841 t=0.92s
Ep   76: len= 36 白胜 loss=12.4255 temp=1.00 total_env_steps=3877 t=0.89s
Ep   77: len= 55 黑胜 loss=11.3432 temp=1.00 total_env_steps=3932 t=0.92s
Ep   78: len= 61 黑胜 loss=11.2403 temp=1.00 total_env_steps=3993 t=0.93s
Ep   79: len= 65 黑胜 loss=11.8655 temp=1.00 total_env_steps=4058 t=0.96s
Ep   80: len= 32 白胜 loss=11.7463 temp=1.00 total_env_steps=4090 t=0.91s
Ep   81: len= 50 白胜 loss=11.4207 temp=1.00 total_env_steps=4140 t=0.91s
Ep   82: len= 55 黑胜 loss=11.5588 temp=1.00 total_env_steps=4195 t=0.91s
Ep   83: len= 46 白胜 loss=10.8944 temp=1.00 total_env_steps=4241 t=0.91s
Ep   84: len= 59 黑胜 loss=12.2916 temp=1.00 total_env_steps=4300 t=0.92s
Ep   85: len= 37 黑胜 loss=11.9363 temp=1.00 total_env_steps=4337 t=0.90s
Ep   86: len= 57 黑胜 loss=11.2397 temp=1.00 total_env_steps=4394 t=0.92s
Ep   87: len= 58 白胜 loss=11.6670 temp=1.00 total_env_steps=4452 t=0.94s
Ep   88: len= 63 黑胜 loss=13.0282 temp=1.00 total_env_steps=4515 t=0.96s
Ep   89: len= 54 白胜 loss=12.3951 temp=1.00 total_env_steps=4569 t=0.95s
Ep   90: len= 41 黑胜 loss=11.3826 temp=1.00 total_env_steps=4610 t=0.91s
Ep   91: len= 70 白胜 loss=11.2542 temp=1.00 total_env_steps=4680 t=0.96s
Ep   92: len= 54 白胜 loss=12.1889 temp=1.00 total_env_steps=4734 t=0.91s
Ep   93: len= 45 黑胜 loss=12.0157 temp=1.00 total_env_steps=4779 t=0.91s
Ep   94: len= 45 黑胜 loss=13.1588 temp=1.00 total_env_steps=4824 t=0.90s
Ep   95: len= 59 黑胜 loss=11.6102 temp=1.00 total_env_steps=4883 t=0.92s
Ep   96: len= 68 白胜 loss=11.0355 temp=1.00 total_env_steps=4951 t=0.95s
Ep   97: len= 61 黑胜 loss=11.9573 temp=1.00 total_env_steps=5012 t=0.95s
Ep   98: len= 51 黑胜 loss=11.8536 temp=1.00 total_env_steps=5063 t=0.93s
Ep   99: len= 31 黑胜 loss=11.1442 temp=1.00 total_env_steps=5094 t=0.88s
Ep  100: len= 52 白胜 loss=11.8231 temp=1.00 total_env_steps=5146 t=0.91s
  eval vs Gomoku-random-v0: win_rate=0.50 mean_return=0.00（20 局，total_env_steps=5146）
Ep  101: len= 40 白胜 loss=11.9338 temp=1.00 total_env_steps=5186 t=0.89s
Ep  102: len= 54 白胜 loss=10.7221 temp=0.99 total_env_steps=5240 t=0.94s
Ep  103: len= 59 黑胜 loss=11.1454 temp=0.99 total_env_steps=5299 t=0.95s
Ep  104: len= 23 黑胜 loss=10.7110 temp=0.98 total_env_steps=5322 t=0.88s
Ep  105: len= 53 黑胜 loss=11.9127 temp=0.97 total_env_steps=5375 t=0.90s
Ep  106: len= 51 黑胜 loss=11.0662 temp=0.96 total_env_steps=5426 t=0.90s
Ep  107: len= 59 黑胜 loss=12.2487 temp=0.95 total_env_steps=5485 t=0.92s
Ep  108: len= 50 白胜 loss=10.7938 temp=0.95 total_env_steps=5535 t=0.91s
Ep  109: len= 39 黑胜 loss=11.5681 temp=0.94 total_env_steps=5574 t=0.96s
Ep  110: len= 27 黑胜 loss=10.9236 temp=0.93 total_env_steps=5601 t=0.93s
Ep  111: len= 52 白胜 loss=11.7697 temp=0.93 total_env_steps=5653 t=1.00s
Ep  112: len= 37 黑胜 loss=11.8635 temp=0.92 total_env_steps=5690 t=0.90s
Ep  113: len= 53 黑胜 loss=10.9522 temp=0.91 total_env_steps=5743 t=0.93s
Ep  114: len= 41 黑胜 loss=11.0361 temp=0.90 total_env_steps=5784 t=0.88s
Ep  115: len= 59 黑胜 loss=11.1121 temp=0.89 total_env_steps=5843 t=0.92s
Ep  116: len= 50 白胜 loss=12.3246 temp=0.89 total_env_steps=5893 t=0.93s
Ep  117: len= 77 黑胜 loss=10.5207 temp=0.88 total_env_steps=5970 t=0.97s
Ep  118: len= 36 白胜 loss=10.0195 temp=0.87 total_env_steps=6006 t=0.91s
Ep  119: len= 54 白胜 loss=9.7790 temp=0.87 total_env_steps=6060 t=0.96s
Ep  120: len= 38 白胜 loss=8.9241 temp=0.86 total_env_steps=6098 t=0.90s
Ep  121: len= 47 黑胜 loss=9.3080 temp=0.85 total_env_steps=6145 t=0.93s
Ep  122: len= 49 黑胜 loss=10.0970 temp=0.84 total_env_steps=6194 t=0.88s
Ep  123: len= 47 黑胜 loss=9.3360 temp=0.84 total_env_steps=6241 t=0.91s
Ep  124: len= 38 白胜 loss=8.6589 temp=0.83 total_env_steps=6279 t=0.90s
Ep  125: len= 54 白胜 loss=9.7158 temp=0.82 total_env_steps=6333 t=0.94s
Ep  126: len= 52 白胜 loss=10.3259 temp=0.81 total_env_steps=6385 t=0.92s
Ep  127: len= 25 黑胜 loss=10.9916 temp=0.81 total_env_steps=6410 t=0.87s
Ep  128: len= 23 黑胜 loss=9.3724 temp=0.80 total_env_steps=6433 t=0.89s
Ep  129: len= 61 黑胜 loss=9.7126 temp=0.79 total_env_steps=6494 t=1.01s
Ep  130: len= 59 黑胜 loss=8.9712 temp=0.78 total_env_steps=6553 t=1.00s
Ep  131: len= 35 黑胜 loss=9.9627 temp=0.77 total_env_steps=6588 t=0.91s
Ep  132: len= 38 白胜 loss=9.2246 temp=0.77 total_env_steps=6626 t=0.90s
Ep  133: len= 48 白胜 loss=8.9963 temp=0.76 total_env_steps=6674 t=0.92s
Ep  134: len= 59 黑胜 loss=7.7649 temp=0.75 total_env_steps=6733 t=0.94s
Ep  135: len= 44 白胜 loss=9.6656 temp=0.75 total_env_steps=6777 t=0.90s
Ep  136: len= 56 白胜 loss=9.2169 temp=0.74 total_env_steps=6833 t=0.94s
Ep  137: len= 65 黑胜 loss=9.2656 temp=0.73 total_env_steps=6898 t=0.95s
Ep  138: len= 41 黑胜 loss=10.7652 temp=0.72 total_env_steps=6939 t=0.89s
Ep  139: len= 48 白胜 loss=8.8207 temp=0.72 total_env_steps=6987 t=0.93s
Ep  140: len= 38 白胜 loss=10.0833 temp=0.71 total_env_steps=7025 t=0.90s
Ep  141: len= 63 黑胜 loss=8.7634 temp=0.70 total_env_steps=7088 t=0.94s
Ep  142: len= 54 白胜 loss=9.0706 temp=0.69 total_env_steps=7142 t=0.94s
Ep  143: len= 35 黑胜 loss=8.6203 temp=0.69 total_env_steps=7177 t=0.93s
Ep  144: len= 57 黑胜 loss=9.4759 temp=0.68 total_env_steps=7234 t=0.93s
Ep  145: len= 52 白胜 loss=10.1212 temp=0.67 total_env_steps=7286 t=0.91s
Ep  146: len= 60 白胜 loss=9.0866 temp=0.66 total_env_steps=7346 t=1.00s
Ep  147: len= 58 白胜 loss=10.0753 temp=0.65 total_env_steps=7404 t=0.97s
Ep  148: len= 62 白胜 loss=11.8278 temp=0.65 total_env_steps=7466 t=1.03s
Ep  149: len= 41 黑胜 loss=10.9702 temp=0.64 total_env_steps=7507 t=0.93s
Ep  150: len= 57 黑胜 loss=10.2358 temp=0.63 total_env_steps=7564 t=0.95s
  eval vs Gomoku-random-v0: win_rate=0.55 mean_return=0.10（20 局，total_env_steps=7564）
Ep  151: len= 53 黑胜 loss=9.2532 temp=0.62 total_env_steps=7617 t=0.98s
Ep  152: len= 57 黑胜 loss=9.3843 temp=0.62 total_env_steps=7674 t=0.93s
Ep  153: len= 30 白胜 loss=9.0523 temp=0.61 total_env_steps=7704 t=0.89s
Ep  154: len= 49 黑胜 loss=10.0498 temp=0.60 total_env_steps=7753 t=0.92s
Ep  155: len= 45 黑胜 loss=9.2841 temp=0.59 total_env_steps=7798 t=0.96s
Ep  156: len= 38 白胜 loss=9.3129 temp=0.59 total_env_steps=7836 t=0.95s
Ep  157: len= 35 黑胜 loss=9.9041 temp=0.58 total_env_steps=7871 t=0.95s
Ep  158: len= 64 白胜 loss=9.3342 temp=0.57 total_env_steps=7935 t=0.96s
Ep  159: len= 48 白胜 loss=10.3123 temp=0.56 total_env_steps=7983 t=0.91s
Ep  160: len= 53 黑胜 loss=9.3961 temp=0.56 total_env_steps=8036 t=0.92s
Ep  161: len= 28 白胜 loss=8.5513 temp=0.55 total_env_steps=8064 t=0.89s
Ep  162: len= 74 白胜 loss=8.7853 temp=0.54 total_env_steps=8138 t=0.98s
Ep  163: len= 61 黑胜 loss=8.4649 temp=0.53 total_env_steps=8199 t=0.95s
Ep  164: len= 67 黑胜 loss=9.8509 temp=0.53 total_env_steps=8266 t=0.94s
Ep  165: len= 49 黑胜 loss=9.2445 temp=0.52 total_env_steps=8315 t=0.93s
Ep  166: len= 64 白胜 loss=8.7731 temp=0.51 total_env_steps=8379 t=0.96s
Ep  167: len= 75 黑胜 loss=8.7562 temp=0.50 total_env_steps=8454 t=1.00s
Ep  168: len= 52 白胜 loss=9.2824 temp=0.50 total_env_steps=8506 t=0.94s
Ep  169: len= 35 黑胜 loss=9.0717 temp=0.49 total_env_steps=8541 t=0.90s
Ep  170: len= 42 白胜 loss=9.2243 temp=0.48 total_env_steps=8583 t=0.96s
Ep  171: len= 56 白胜 loss=9.7282 temp=0.48 total_env_steps=8639 t=0.97s
Ep  172: len= 45 黑胜 loss=8.9575 temp=0.47 total_env_steps=8684 t=0.95s
Ep  173: len= 66 白胜 loss=8.2830 temp=0.46 total_env_steps=8750 t=1.02s
Ep  174: len= 57 黑胜 loss=8.7788 temp=0.45 total_env_steps=8807 t=0.95s
Ep  175: len= 42 白胜 loss=8.5757 temp=0.44 total_env_steps=8849 t=0.93s
Ep  176: len= 58 白胜 loss=8.2516 temp=0.44 total_env_steps=8907 t=0.96s
Ep  177: len= 56 白胜 loss=9.3426 temp=0.43 total_env_steps=8963 t=0.99s
Ep  178: len= 60 白胜 loss=8.7180 temp=0.42 total_env_steps=9023 t=0.98s
Ep  179: len= 44 白胜 loss=9.1411 temp=0.42 total_env_steps=9067 t=0.93s
Ep  180: len= 33 黑胜 loss=9.3267 temp=0.41 total_env_steps=9100 t=0.92s
Ep  181: len= 27 黑胜 loss=8.4304 temp=0.40 total_env_steps=9127 t=0.95s
Ep  182: len= 46 白胜 loss=9.6471 temp=0.39 total_env_steps=9173 t=0.92s
Ep  183: len= 59 黑胜 loss=9.0824 temp=0.38 total_env_steps=9232 t=0.96s
Ep  184: len= 67 黑胜 loss=8.9544 temp=0.38 total_env_steps=9299 t=0.95s
Ep  185: len= 44 白胜 loss=8.0515 temp=0.37 total_env_steps=9343 t=0.93s
Ep  186: len= 45 黑胜 loss=9.1406 temp=0.36 total_env_steps=9388 t=0.92s
Ep  187: len= 48 白胜 loss=10.1550 temp=0.36 total_env_steps=9436 t=0.93s
Ep  188: len= 52 白胜 loss=9.5727 temp=0.35 total_env_steps=9488 t=0.92s
Ep  189: len= 20 白胜 loss=9.8756 temp=0.34 total_env_steps=9508 t=0.88s
Ep  190: len= 55 黑胜 loss=9.0380 temp=0.33 total_env_steps=9563 t=0.91s
Ep  191: len= 80 白胜 loss=9.8664 temp=0.33 total_env_steps=9643 t=0.96s
Ep  192: len= 43 黑胜 loss=9.7003 temp=0.32 total_env_steps=9686 t=0.90s
Ep  193: len= 67 黑胜 loss=11.1536 temp=0.31 total_env_steps=9753 t=0.94s
Ep  194: len= 38 白胜 loss=9.6743 temp=0.30 total_env_steps=9791 t=0.90s
Ep  195: len= 64 白胜 loss=9.3661 temp=0.30 total_env_steps=9855 t=0.95s
Ep  196: len= 43 黑胜 loss=10.1917 temp=0.29 total_env_steps=9898 t=0.90s
Ep  197: len= 36 白胜 loss=9.4796 temp=0.28 total_env_steps=9934 t=0.91s
Ep  198: len= 50 白胜 loss=8.5381 temp=0.27 total_env_steps=9984 t=0.93s
Ep  199: len= 21 黑胜 loss=10.9967 temp=0.26 total_env_steps=10005 t=0.87s
Ep  200: len= 27 黑胜 loss=10.9511 temp=0.26 total_env_steps=10032 t=0.86s
  eval vs Gomoku-random-v0: win_rate=0.50 mean_return=0.00（20 局，total_env_steps=10032）
  📸 已拍权重快照（ep=200，gating 对弈基准）
Ep  201: len= 28 白胜 loss=9.3027 temp=0.25 total_env_steps=10060 t=0.87s
Ep  202: len= 76 白胜 loss=8.5917 temp=0.25 total_env_steps=10136 t=0.95s
Ep  203: len= 52 白胜 loss=9.8757 temp=0.25 total_env_steps=10188 t=0.91s
Ep  204: len= 71 黑胜 loss=9.6923 temp=0.25 total_env_steps=10259 t=0.94s
Ep  205: len= 34 白胜 loss=9.5730 temp=0.25 total_env_steps=10293 t=0.87s
Ep  206: len= 65 黑胜 loss=10.7233 temp=0.25 total_env_steps=10358 t=0.93s
Ep  207: len= 50 白胜 loss=11.5589 temp=0.25 total_env_steps=10408 t=0.93s
Ep  208: len= 46 白胜 loss=10.6522 temp=0.25 total_env_steps=10454 t=0.89s
Ep  209: len= 62 白胜 loss=9.6745 temp=0.25 total_env_steps=10516 t=0.93s
Ep  210: len= 64 白胜 loss=9.7813 temp=0.25 total_env_steps=10580 t=0.96s
Ep  211: len= 61 黑胜 loss=10.4698 temp=0.25 total_env_steps=10641 t=0.95s
Ep  212: len= 41 黑胜 loss=11.5594 temp=0.25 total_env_steps=10682 t=0.88s
Ep  213: len= 68 白胜 loss=10.8165 temp=0.25 total_env_steps=10750 t=0.96s
Ep  214: len= 62 白胜 loss=10.5469 temp=0.25 total_env_steps=10812 t=0.95s
Ep  215: len= 59 黑胜 loss=9.7351 temp=0.25 total_env_steps=10871 t=0.91s
Ep  216: len= 46 白胜 loss=9.5871 temp=0.25 total_env_steps=10917 t=0.91s
Ep  217: len= 52 白胜 loss=10.1927 temp=0.25 total_env_steps=10969 t=0.91s
Ep  218: len= 48 白胜 loss=10.1424 temp=0.25 total_env_steps=11017 t=0.89s
Ep  219: len= 36 白胜 loss=10.2791 temp=0.25 total_env_steps=11053 t=0.91s
Ep  220: len= 40 白胜 loss=11.1186 temp=0.25 total_env_steps=11093 t=0.89s
Ep  221: len= 43 黑胜 loss=10.4632 temp=0.25 total_env_steps=11136 t=0.91s
Ep  222: len= 68 白胜 loss=11.1986 temp=0.25 total_env_steps=11204 t=0.95s
Ep  223: len= 57 黑胜 loss=10.6774 temp=0.25 total_env_steps=11261 t=0.93s
Ep  224: len= 44 白胜 loss=10.3630 temp=0.25 total_env_steps=11305 t=0.90s
Ep  225: len= 45 黑胜 loss=10.4358 temp=0.25 total_env_steps=11350 t=0.91s
Ep  226: len= 28 白胜 loss=10.0005 temp=0.25 total_env_steps=11378 t=0.87s
Ep  227: len= 66 白胜 loss=10.4203 temp=0.25 total_env_steps=11444 t=0.95s
Ep  228: len= 38 白胜 loss=9.5361 temp=0.25 total_env_steps=11482 t=0.88s
Ep  229: len= 45 黑胜 loss=10.1818 temp=0.25 total_env_steps=11527 t=0.90s
Ep  230: len= 50 白胜 loss=11.5035 temp=0.25 total_env_steps=11577 t=0.92s
Ep  231: len= 41 黑胜 loss=10.5189 temp=0.25 total_env_steps=11618 t=0.88s
Ep  232: len= 56 白胜 loss=9.6784 temp=0.25 total_env_steps=11674 t=0.91s
Ep  233: len= 74 白胜 loss=10.4641 temp=0.25 total_env_steps=11748 t=0.96s
Ep  234: len= 61 黑胜 loss=10.5283 temp=0.25 total_env_steps=11809 t=0.91s
Ep  235: len= 47 黑胜 loss=9.9476 temp=0.25 total_env_steps=11856 t=0.89s
Ep  236: len= 53 黑胜 loss=10.6033 temp=0.25 total_env_steps=11909 t=0.93s
Ep  237: len= 45 黑胜 loss=9.8823 temp=0.25 total_env_steps=11954 t=0.88s
Ep  238: len= 40 白胜 loss=10.4856 temp=0.25 total_env_steps=11994 t=0.87s
Ep  239: len= 42 白胜 loss=8.6532 temp=0.25 total_env_steps=12036 t=0.89s
Ep  240: len= 46 白胜 loss=8.9653 temp=0.25 total_env_steps=12082 t=0.90s
Ep  241: len= 72 白胜 loss=9.5391 temp=0.25 total_env_steps=12154 t=0.94s
Ep  242: len= 45 黑胜 loss=9.7374 temp=0.25 total_env_steps=12199 t=0.91s
Ep  243: len= 55 黑胜 loss=9.0615 temp=0.25 total_env_steps=12254 t=0.90s
Ep  244: len= 57 黑胜 loss=8.8842 temp=0.25 total_env_steps=12311 t=0.90s
Ep  245: len= 42 白胜 loss=8.3960 temp=0.25 total_env_steps=12353 t=0.89s
Ep  246: len= 58 白胜 loss=9.5188 temp=0.25 total_env_steps=12411 t=0.91s
Ep  247: len= 44 白胜 loss=9.0267 temp=0.25 total_env_steps=12455 t=0.89s
Ep  248: len= 44 白胜 loss=8.4780 temp=0.25 total_env_steps=12499 t=0.87s
Ep  249: len= 38 白胜 loss=8.0966 temp=0.25 total_env_steps=12537 t=0.91s
Ep  250: len= 46 白胜 loss=9.6027 temp=0.25 total_env_steps=12583 t=0.89s
  eval vs Gomoku-random-v0: win_rate=0.55 mean_return=0.10（20 局，total_env_steps=12583）
Ep  251: len= 54 白胜 loss=9.7635 temp=0.25 total_env_steps=12637 t=0.91s
Ep  252: len= 51 黑胜 loss=8.7118 temp=0.25 total_env_steps=12688 t=0.90s
Ep  253: len= 57 黑胜 loss=6.9443 temp=0.25 total_env_steps=12745 t=0.91s
Ep  254: len= 80 白胜 loss=7.7434 temp=0.25 total_env_steps=12825 t=0.95s
Ep  255: len= 38 白胜 loss=7.6771 temp=0.25 total_env_steps=12863 t=0.89s
Ep  256: len= 35 黑胜 loss=9.2440 temp=0.25 total_env_steps=12898 t=0.87s
Ep  257: len= 57 黑胜 loss=9.1399 temp=0.25 total_env_steps=12955 t=0.93s
Ep  258: len= 66 白胜 loss=9.6119 temp=0.25 total_env_steps=13021 t=0.91s
Ep  259: len= 69 黑胜 loss=9.0692 temp=0.25 total_env_steps=13090 t=0.93s
Ep  260: len= 53 黑胜 loss=8.2305 temp=0.25 total_env_steps=13143 t=0.90s
Ep  261: len= 45 黑胜 loss=8.2498 temp=0.25 total_env_steps=13188 t=0.89s
Ep  262: len= 74 白胜 loss=7.0487 temp=0.25 total_env_steps=13262 t=0.95s
Ep  263: len= 56 白胜 loss=8.5328 temp=0.25 total_env_steps=13318 t=0.90s
Ep  264: len= 57 黑胜 loss=7.9933 temp=0.25 total_env_steps=13375 t=0.94s
Ep  265: len= 51 黑胜 loss=8.2790 temp=0.25 total_env_steps=13426 t=0.91s
Ep  266: len= 42 白胜 loss=9.0402 temp=0.25 total_env_steps=13468 t=0.88s
Ep  267: len= 57 黑胜 loss=9.2429 temp=0.25 total_env_steps=13525 t=0.90s
Ep  268: len= 50 白胜 loss=8.8672 temp=0.25 total_env_steps=13575 t=0.89s
Ep  269: len= 39 黑胜 loss=8.1321 temp=0.25 total_env_steps=13614 t=0.87s
Ep  270: len= 53 黑胜 loss=8.2342 temp=0.25 total_env_steps=13667 t=0.89s
Ep  271: len= 50 白胜 loss=8.4643 temp=0.25 total_env_steps=13717 t=0.88s
Ep  272: len= 51 黑胜 loss=8.7014 temp=0.25 total_env_steps=13768 t=0.92s
Ep  273: len= 55 黑胜 loss=7.5679 temp=0.25 total_env_steps=13823 t=0.91s
Ep  274: len= 43 黑胜 loss=8.7337 temp=0.25 total_env_steps=13866 t=0.89s
Ep  275: len= 80 白胜 loss=9.0227 temp=0.25 total_env_steps=13946 t=0.98s
Ep  276: len= 55 黑胜 loss=8.5017 temp=0.25 total_env_steps=14001 t=0.91s
Ep  277: len= 67 黑胜 loss=7.6743 temp=0.25 total_env_steps=14068 t=0.92s
Ep  278: len= 56 白胜 loss=9.0090 temp=0.25 total_env_steps=14124 t=0.90s
Ep  279: len= 48 白胜 loss=9.3948 temp=0.25 total_env_steps=14172 t=0.88s
Ep  280: len= 47 黑胜 loss=8.8983 temp=0.25 total_env_steps=14219 t=0.89s
Ep  281: len= 55 黑胜 loss=9.1597 temp=0.25 total_env_steps=14274 t=0.93s
Ep  282: len= 60 白胜 loss=9.1540 temp=0.25 total_env_steps=14334 t=0.92s
Ep  283: len= 36 白胜 loss=9.5376 temp=0.25 total_env_steps=14370 t=0.89s
Ep  284: len= 57 黑胜 loss=8.8549 temp=0.25 total_env_steps=14427 t=0.94s
Ep  285: len= 54 白胜 loss=9.2312 temp=0.25 total_env_steps=14481 t=0.90s
Ep  286: len= 53 黑胜 loss=9.3446 temp=0.25 total_env_steps=14534 t=0.91s
Ep  287: len= 55 黑胜 loss=10.3276 temp=0.25 total_env_steps=14589 t=0.90s
Ep  288: len= 67 黑胜 loss=8.9645 temp=0.25 total_env_steps=14656 t=0.93s
Ep  289: len= 52 白胜 loss=7.8014 temp=0.25 total_env_steps=14708 t=0.91s
Ep  290: len= 61 黑胜 loss=7.6676 temp=0.25 total_env_steps=14769 t=0.96s
Ep  291: len= 63 黑胜 loss=7.7783 temp=0.25 total_env_steps=14832 t=0.93s
Ep  292: len= 49 黑胜 loss=9.4978 temp=0.25 total_env_steps=14881 t=0.89s
Ep  293: len= 46 白胜 loss=8.1090 temp=0.25 total_env_steps=14927 t=0.88s
Ep  294: len= 48 白胜 loss=8.6238 temp=0.25 total_env_steps=14975 t=0.89s
Ep  295: len= 34 白胜 loss=8.7002 temp=0.25 total_env_steps=15009 t=0.86s
Ep  296: len= 47 黑胜 loss=8.7395 temp=0.25 total_env_steps=15056 t=0.88s
Ep  297: len= 66 白胜 loss=7.8052 temp=0.25 total_env_steps=15122 t=0.93s
Ep  298: len= 81 平局 loss=9.2222 temp=0.25 total_env_steps=15203 t=0.97s
Ep  299: len= 39 黑胜 loss=8.7063 temp=0.25 total_env_steps=15242 t=0.87s
Ep  300: len= 46 白胜 loss=9.0805 temp=0.25 total_env_steps=15288 t=0.89s
  eval vs Gomoku-random-v0: win_rate=0.65 mean_return=0.30（20 局，total_env_steps=15288）
Ep  301: len= 36 白胜 loss=7.6239 temp=0.25 total_env_steps=15324 t=0.88s
Ep  302: len= 53 黑胜 loss=8.5068 temp=0.25 total_env_steps=15377 t=0.90s
Ep  303: len= 53 黑胜 loss=8.4622 temp=0.25 total_env_steps=15430 t=0.90s
Ep  304: len= 50 白胜 loss=8.8996 temp=0.25 total_env_steps=15480 t=0.89s
Ep  305: len= 58 白胜 loss=8.5820 temp=0.25 total_env_steps=15538 t=0.91s
Ep  306: len= 35 黑胜 loss=8.0329 temp=0.25 total_env_steps=15573 t=0.88s
Ep  307: len= 31 黑胜 loss=8.1341 temp=0.25 total_env_steps=15604 t=0.87s
Ep  308: len= 65 黑胜 loss=8.8643 temp=0.25 total_env_steps=15669 t=0.91s
Ep  309: len= 35 黑胜 loss=8.7145 temp=0.25 total_env_steps=15704 t=0.85s
Ep  310: len= 55 黑胜 loss=8.6473 temp=0.25 total_env_steps=15759 t=0.90s
Ep  311: len= 49 黑胜 loss=8.6275 temp=0.25 total_env_steps=15808 t=0.90s
Ep  312: len= 31 黑胜 loss=9.3068 temp=0.25 total_env_steps=15839 t=0.88s
Ep  313: len= 43 黑胜 loss=7.9772 temp=0.25 total_env_steps=15882 t=0.89s
Ep  314: len= 56 白胜 loss=9.0097 temp=0.25 total_env_steps=15938 t=0.94s
Ep  315: len= 45 黑胜 loss=9.1564 temp=0.25 total_env_steps=15983 t=0.89s
Ep  316: len= 47 黑胜 loss=9.1570 temp=0.25 total_env_steps=16030 t=0.88s
Ep  317: len= 55 黑胜 loss=9.2843 temp=0.25 total_env_steps=16085 t=0.89s
Ep  318: len= 36 白胜 loss=8.5601 temp=0.25 total_env_steps=16121 t=0.86s
Ep  319: len= 53 黑胜 loss=7.8711 temp=0.25 total_env_steps=16174 t=0.90s
Ep  320: len= 54 白胜 loss=8.9150 temp=0.25 total_env_steps=16228 t=0.90s
Ep  321: len= 45 黑胜 loss=7.9536 temp=0.25 total_env_steps=16273 t=0.90s
Ep  322: len= 68 白胜 loss=7.7078 temp=0.25 total_env_steps=16341 t=0.92s
Ep  323: len= 69 黑胜 loss=8.1679 temp=0.25 total_env_steps=16410 t=0.93s
Ep  324: len= 62 白胜 loss=7.2688 temp=0.25 total_env_steps=16472 t=0.93s
Ep  325: len= 44 白胜 loss=7.3101 temp=0.25 total_env_steps=16516 t=0.88s
Ep  326: len= 45 黑胜 loss=7.4490 temp=0.25 total_env_steps=16561 t=0.88s
Ep  327: len= 59 黑胜 loss=7.1102 temp=0.25 total_env_steps=16620 t=0.93s
Ep  328: len= 49 黑胜 loss=8.3573 temp=0.25 total_env_steps=16669 t=0.89s
Ep  329: len= 55 黑胜 loss=9.2756 temp=0.25 total_env_steps=16724 t=0.92s
Ep  330: len= 43 黑胜 loss=8.6441 temp=0.25 total_env_steps=16767 t=0.89s
Ep  331: len= 34 白胜 loss=8.9338 temp=0.25 total_env_steps=16801 t=0.87s
Ep  332: len= 38 白胜 loss=7.7853 temp=0.25 total_env_steps=16839 t=0.87s
Ep  333: len= 63 黑胜 loss=7.8575 temp=0.25 total_env_steps=16902 t=0.93s
Ep  334: len= 65 黑胜 loss=8.2626 temp=0.25 total_env_steps=16967 t=0.93s
Ep  335: len= 66 白胜 loss=9.1648 temp=0.25 total_env_steps=17033 t=0.93s
Ep  336: len= 47 黑胜 loss=8.7385 temp=0.25 total_env_steps=17080 t=0.89s
Ep  337: len= 63 黑胜 loss=9.3267 temp=0.25 total_env_steps=17143 t=0.91s
Ep  338: len= 45 黑胜 loss=8.9483 temp=0.25 total_env_steps=17188 t=0.90s
Ep  339: len= 60 白胜 loss=7.8639 temp=0.25 total_env_steps=17248 t=0.92s
Ep  340: len= 44 白胜 loss=8.3219 temp=0.25 total_env_steps=17292 t=0.91s
Ep  341: len= 44 白胜 loss=8.7952 temp=0.25 total_env_steps=17336 t=0.89s
Ep  342: len= 39 黑胜 loss=9.3936 temp=0.25 total_env_steps=17375 t=0.87s
Ep  343: len= 60 白胜 loss=8.5920 temp=0.25 total_env_steps=17435 t=0.93s
Ep  344: len= 38 白胜 loss=8.8682 temp=0.25 total_env_steps=17473 t=0.87s
Ep  345: len= 63 黑胜 loss=8.1886 temp=0.25 total_env_steps=17536 t=0.93s
Ep  346: len= 39 黑胜 loss=9.8279 temp=0.25 total_env_steps=17575 t=0.89s
Ep  347: len= 48 白胜 loss=8.9674 temp=0.25 total_env_steps=17623 t=0.91s
Ep  348: len= 41 黑胜 loss=9.5597 temp=0.25 total_env_steps=17664 t=0.88s
Ep  349: len= 46 白胜 loss=8.3799 temp=0.25 total_env_steps=17710 t=0.88s
Ep  350: len= 40 白胜 loss=9.1197 temp=0.25 total_env_steps=17750 t=0.88s
  eval vs Gomoku-random-v0: win_rate=0.60 mean_return=0.20（20 局，total_env_steps=17750）
Ep  351: len= 42 白胜 loss=8.0809 temp=0.25 total_env_steps=17792 t=0.88s
Ep  352: len= 45 黑胜 loss=8.5025 temp=0.25 total_env_steps=17837 t=0.91s
Ep  353: len= 50 白胜 loss=8.6530 temp=0.25 total_env_steps=17887 t=0.91s
Ep  354: len= 61 黑胜 loss=8.2995 temp=0.25 total_env_steps=17948 t=0.96s
Ep  355: len= 66 白胜 loss=8.4309 temp=0.25 total_env_steps=18014 t=0.91s
Ep  356: len= 74 白胜 loss=9.2640 temp=0.25 total_env_steps=18088 t=0.92s
Ep  357: len= 46 白胜 loss=8.3350 temp=0.25 total_env_steps=18134 t=0.87s
Ep  358: len= 67 黑胜 loss=9.0810 temp=0.25 total_env_steps=18201 t=0.94s
Ep  359: len= 61 黑胜 loss=9.1374 temp=0.25 total_env_steps=18262 t=0.93s
Ep  360: len= 58 白胜 loss=8.2659 temp=0.25 total_env_steps=18320 t=0.93s
Ep  361: len= 54 白胜 loss=8.0460 temp=0.25 total_env_steps=18374 t=0.91s
Ep  362: len= 46 白胜 loss=8.5866 temp=0.25 total_env_steps=18420 t=0.91s
Ep  363: len= 68 白胜 loss=7.9358 temp=0.25 total_env_steps=18488 t=0.94s
Ep  364: len= 40 白胜 loss=9.1790 temp=0.25 total_env_steps=18528 t=0.87s
Ep  365: len= 40 白胜 loss=8.8518 temp=0.25 total_env_steps=18568 t=0.87s
Ep  366: len= 60 白胜 loss=9.3236 temp=0.25 total_env_steps=18628 t=0.90s
Ep  367: len= 68 白胜 loss=8.8858 temp=0.25 total_env_steps=18696 t=0.93s
Ep  368: len= 49 黑胜 loss=8.9113 temp=0.25 total_env_steps=18745 t=0.91s
Ep  369: len= 52 白胜 loss=8.1669 temp=0.25 total_env_steps=18797 t=0.93s
Ep  370: len= 75 黑胜 loss=8.8853 temp=0.25 total_env_steps=18872 t=0.94s
Ep  371: len= 46 白胜 loss=7.7536 temp=0.25 total_env_steps=18918 t=0.88s
Ep  372: len= 80 白胜 loss=8.4784 temp=0.25 total_env_steps=18998 t=0.95s
Ep  373: len= 55 黑胜 loss=9.8838 temp=0.25 total_env_steps=19053 t=0.89s
Ep  374: len= 30 白胜 loss=8.3756 temp=0.25 total_env_steps=19083 t=0.85s
Ep  375: len= 57 黑胜 loss=7.7222 temp=0.25 total_env_steps=19140 t=0.93s
Ep  376: len= 50 白胜 loss=7.4925 temp=0.25 total_env_steps=19190 t=0.92s
Ep  377: len= 36 白胜 loss=8.4745 temp=0.25 total_env_steps=19226 t=0.88s
Ep  378: len= 42 白胜 loss=8.5666 temp=0.25 total_env_steps=19268 t=0.89s
Ep  379: len= 49 黑胜 loss=8.8210 temp=0.25 total_env_steps=19317 t=0.91s
Ep  380: len= 57 黑胜 loss=8.9375 temp=0.25 total_env_steps=19374 t=0.90s
Ep  381: len= 28 白胜 loss=8.2422 temp=0.25 total_env_steps=19402 t=0.86s
Ep  382: len= 40 白胜 loss=8.9002 temp=0.25 total_env_steps=19442 t=0.88s
Ep  383: len= 49 黑胜 loss=7.8686 temp=0.25 total_env_steps=19491 t=0.91s
Ep  384: len= 68 白胜 loss=7.9932 temp=0.25 total_env_steps=19559 t=0.94s
Ep  385: len= 47 黑胜 loss=9.3257 temp=0.25 total_env_steps=19606 t=0.90s
Ep  386: len= 47 黑胜 loss=8.5917 temp=0.25 total_env_steps=19653 t=0.92s
Ep  387: len= 44 白胜 loss=9.5680 temp=0.25 total_env_steps=19697 t=0.89s
Ep  388: len= 48 白胜 loss=7.9770 temp=0.25 total_env_steps=19745 t=0.90s
Ep  389: len= 37 黑胜 loss=10.1656 temp=0.25 total_env_steps=19782 t=0.90s
Ep  390: len= 52 白胜 loss=10.3912 temp=0.25 total_env_steps=19834 t=0.89s
Ep  391: len= 67 黑胜 loss=9.4935 temp=0.25 total_env_steps=19901 t=0.92s
Ep  392: len= 45 黑胜 loss=8.4380 temp=0.25 total_env_steps=19946 t=0.92s
Ep  393: len= 64 白胜 loss=9.7061 temp=0.25 total_env_steps=20010 t=0.96s
Ep  394: len= 46 白胜 loss=8.3486 temp=0.25 total_env_steps=20056 t=0.89s
Ep  395: len= 60 白胜 loss=9.4073 temp=0.25 total_env_steps=20116 t=0.94s
Ep  396: len= 40 白胜 loss=9.4051 temp=0.25 total_env_steps=20156 t=0.88s
Ep  397: len= 43 黑胜 loss=9.0105 temp=0.25 total_env_steps=20199 t=0.87s
Ep  398: len= 41 黑胜 loss=8.6649 temp=0.25 total_env_steps=20240 t=0.87s
Ep  399: len= 51 黑胜 loss=8.9527 temp=0.25 total_env_steps=20291 t=0.93s
Ep  400: len= 58 白胜 loss=9.8596 temp=0.25 total_env_steps=20349 t=0.94s
  eval vs Gomoku-random-v0: win_rate=0.60 mean_return=0.20（20 局，total_env_steps=20349）
[闸门] vs random（40 局）: win_rate=0.625
[闸门] vs 半程快照（40 局，黑白各半）: score=0.800
[梯队] vs naive0（20 局，观察性）: win_rate=0.00
[梯队] vs naive1（20 局，观察性）: win_rate=0.00
[梯队] vs naive2（20 局，观察性）: win_rate=0.00
[梯队] vs naive3（20 局，观察性）: win_rate=0.00
📈 Gomoku-selfplay-v0 win_rate=0.60（best 0.85）| 门槛 0.95 | 373.0s

--- arm=rr32_rosmo seed=44 sims=100 ---
[MyZero-board Gomoku-selfplay-v0] obs=243(3×9²) |A|=81 sims=100 γ=1.0 negamax
[MyZero-board] ROSMO policy 刷新开启（采样时现算一步 look-ahead，top-16；value 维持 negamax）
Ep    1: len= 44 白胜 loss=0.0000 temp=1.00 total_env_steps=44 t=0.08s
Ep    2: len= 59 黑胜 loss=0.0000 temp=1.00 total_env_steps=103 t=0.11s
Ep    3: len= 55 黑胜 loss=0.0000 temp=1.00 total_env_steps=158 t=0.10s
Ep    4: len= 71 黑胜 loss=0.0000 temp=1.00 total_env_steps=229 t=0.13s
Ep    5: len= 60 白胜 loss=0.0000 temp=1.00 total_env_steps=289 t=0.11s
Ep    6: len= 41 黑胜 loss=0.0000 temp=1.00 total_env_steps=330 t=0.08s
Ep    7: len= 47 黑胜 loss=0.0000 temp=1.00 total_env_steps=377 t=0.09s
Ep    8: len= 66 白胜 loss=0.0000 temp=1.00 total_env_steps=443 t=0.12s
Ep    9: len= 63 黑胜 loss=0.0000 temp=1.00 total_env_steps=506 t=0.11s
Ep   10: len= 48 白胜 loss=15.2619 temp=1.00 total_env_steps=554 t=0.84s
Ep   11: len= 42 白胜 loss=16.9952 temp=1.00 total_env_steps=596 t=0.83s
Ep   12: len= 46 白胜 loss=17.0721 temp=1.00 total_env_steps=642 t=0.83s
Ep   13: len= 65 黑胜 loss=21.2379 temp=1.00 total_env_steps=707 t=0.85s
Ep   14: len= 51 黑胜 loss=18.7607 temp=1.00 total_env_steps=758 t=0.84s
Ep   15: len= 67 黑胜 loss=12.6736 temp=1.00 total_env_steps=825 t=0.90s
Ep   16: len= 54 白胜 loss=11.3223 temp=1.00 total_env_steps=879 t=0.84s
Ep   17: len= 61 黑胜 loss=11.1023 temp=1.00 total_env_steps=940 t=0.87s
Ep   18: len= 57 黑胜 loss=11.0932 temp=1.00 total_env_steps=997 t=0.89s
Ep   19: len= 47 黑胜 loss=11.3860 temp=1.00 total_env_steps=1044 t=0.84s
Ep   20: len= 32 白胜 loss=10.9835 temp=1.00 total_env_steps=1076 t=0.80s
Ep   21: len= 53 黑胜 loss=10.4454 temp=1.00 total_env_steps=1129 t=0.85s
Ep   22: len= 58 白胜 loss=11.1035 temp=1.00 total_env_steps=1187 t=0.86s
Ep   23: len= 54 白胜 loss=9.0601 temp=1.00 total_env_steps=1241 t=0.86s
Ep   24: len= 37 黑胜 loss=9.6455 temp=1.00 total_env_steps=1278 t=0.82s
Ep   25: len= 30 白胜 loss=12.2570 temp=1.00 total_env_steps=1308 t=0.83s
Ep   26: len= 62 白胜 loss=12.7770 temp=1.00 total_env_steps=1370 t=0.90s
Ep   27: len= 68 白胜 loss=9.9208 temp=1.00 total_env_steps=1438 t=0.91s
Ep   28: len= 57 黑胜 loss=10.3328 temp=1.00 total_env_steps=1495 t=0.85s
Ep   29: len= 37 黑胜 loss=10.1538 temp=1.00 total_env_steps=1532 t=0.83s
Ep   30: len= 66 白胜 loss=11.4149 temp=1.00 total_env_steps=1598 t=0.87s
Ep   31: len= 29 黑胜 loss=10.3540 temp=1.00 total_env_steps=1627 t=0.79s
Ep   32: len= 68 白胜 loss=10.4986 temp=1.00 total_env_steps=1695 t=0.90s
Ep   33: len= 41 黑胜 loss=11.7625 temp=1.00 total_env_steps=1736 t=0.84s
Ep   34: len= 54 白胜 loss=10.8175 temp=1.00 total_env_steps=1790 t=0.88s
Ep   35: len= 47 黑胜 loss=11.2010 temp=1.00 total_env_steps=1837 t=0.91s
Ep   36: len= 49 黑胜 loss=12.2815 temp=1.00 total_env_steps=1886 t=0.89s
Ep   37: len= 61 黑胜 loss=12.2392 temp=1.00 total_env_steps=1947 t=0.90s
Ep   38: len= 69 黑胜 loss=12.5654 temp=1.00 total_env_steps=2016 t=0.91s
Ep   39: len= 52 白胜 loss=12.3119 temp=1.00 total_env_steps=2068 t=0.94s
Ep   40: len= 26 白胜 loss=11.1965 temp=1.00 total_env_steps=2094 t=0.86s
Ep   41: len= 41 黑胜 loss=11.6112 temp=1.00 total_env_steps=2135 t=0.90s
Ep   42: len= 66 白胜 loss=11.7275 temp=1.00 total_env_steps=2201 t=0.93s
Ep   43: len= 45 黑胜 loss=11.1677 temp=1.00 total_env_steps=2246 t=0.90s
Ep   44: len= 36 白胜 loss=12.6669 temp=1.00 total_env_steps=2282 t=0.87s
Ep   45: len= 66 白胜 loss=12.9777 temp=1.00 total_env_steps=2348 t=0.91s
Ep   46: len= 60 白胜 loss=11.8380 temp=1.00 total_env_steps=2408 t=0.90s
Ep   47: len= 52 白胜 loss=10.8867 temp=1.00 total_env_steps=2460 t=0.92s
Ep   48: len= 66 白胜 loss=12.7225 temp=1.00 total_env_steps=2526 t=0.93s
Ep   49: len= 75 黑胜 loss=10.8576 temp=1.00 total_env_steps=2601 t=0.93s
Ep   50: len= 49 黑胜 loss=10.1362 temp=1.00 total_env_steps=2650 t=0.89s
  eval vs Gomoku-random-v0: win_rate=0.55 mean_return=0.10（20 局，total_env_steps=2650）
Ep   51: len= 52 白胜 loss=11.4306 temp=1.00 total_env_steps=2702 t=0.90s
Ep   52: len= 31 黑胜 loss=10.8500 temp=1.00 total_env_steps=2733 t=0.84s
Ep   53: len= 61 黑胜 loss=11.6360 temp=1.00 total_env_steps=2794 t=0.91s
Ep   54: len= 49 黑胜 loss=11.4753 temp=1.00 total_env_steps=2843 t=0.88s
Ep   55: len= 42 白胜 loss=9.9913 temp=1.00 total_env_steps=2885 t=0.88s
Ep   56: len= 70 白胜 loss=9.1098 temp=1.00 total_env_steps=2955 t=0.93s
Ep   57: len= 56 白胜 loss=8.7958 temp=1.00 total_env_steps=3011 t=0.91s
Ep   58: len= 45 黑胜 loss=9.6154 temp=1.00 total_env_steps=3056 t=0.90s
Ep   59: len= 50 白胜 loss=9.8535 temp=1.00 total_env_steps=3106 t=0.89s
Ep   60: len= 41 黑胜 loss=9.3331 temp=1.00 total_env_steps=3147 t=0.87s
Ep   61: len= 50 白胜 loss=12.2533 temp=1.00 total_env_steps=3197 t=0.88s
Ep   62: len= 40 白胜 loss=10.1481 temp=1.00 total_env_steps=3237 t=0.89s
Ep   63: len= 71 黑胜 loss=9.6432 temp=1.00 total_env_steps=3308 t=0.91s
Ep   64: len= 65 黑胜 loss=9.8985 temp=1.00 total_env_steps=3373 t=0.92s
Ep   65: len= 46 白胜 loss=9.4395 temp=1.00 total_env_steps=3419 t=0.89s
Ep   66: len= 47 黑胜 loss=10.9744 temp=1.00 total_env_steps=3466 t=0.89s
Ep   67: len= 55 黑胜 loss=10.5068 temp=1.00 total_env_steps=3521 t=0.90s
Ep   68: len= 59 黑胜 loss=10.9874 temp=1.00 total_env_steps=3580 t=0.89s
Ep   69: len= 57 黑胜 loss=10.3435 temp=1.00 total_env_steps=3637 t=0.90s
Ep   70: len= 74 白胜 loss=9.8957 temp=1.00 total_env_steps=3711 t=0.93s
Ep   71: len= 43 黑胜 loss=10.0226 temp=1.00 total_env_steps=3754 t=0.87s
Ep   72: len= 64 白胜 loss=10.5013 temp=1.00 total_env_steps=3818 t=0.93s
Ep   73: len= 65 黑胜 loss=9.1985 temp=1.00 total_env_steps=3883 t=0.93s
Ep   74: len= 67 黑胜 loss=10.2742 temp=1.00 total_env_steps=3950 t=0.91s
Ep   75: len= 45 黑胜 loss=10.7941 temp=1.00 total_env_steps=3995 t=0.92s
Ep   76: len= 62 白胜 loss=9.9126 temp=1.00 total_env_steps=4057 t=0.93s
Ep   77: len= 73 黑胜 loss=9.6559 temp=1.00 total_env_steps=4130 t=0.92s
Ep   78: len= 56 白胜 loss=10.1897 temp=1.00 total_env_steps=4186 t=0.90s
Ep   79: len= 72 白胜 loss=10.7771 temp=1.00 total_env_steps=4258 t=0.92s
Ep   80: len= 59 黑胜 loss=9.6295 temp=1.00 total_env_steps=4317 t=0.93s
Ep   81: len= 32 白胜 loss=10.6509 temp=1.00 total_env_steps=4349 t=0.87s
Ep   82: len= 33 黑胜 loss=9.7297 temp=1.00 total_env_steps=4382 t=0.88s
Ep   83: len= 45 黑胜 loss=9.6856 temp=1.00 total_env_steps=4427 t=0.89s
Ep   84: len= 36 白胜 loss=9.4384 temp=1.00 total_env_steps=4463 t=0.85s
Ep   85: len= 56 白胜 loss=9.8695 temp=1.00 total_env_steps=4519 t=0.89s
Ep   86: len= 56 白胜 loss=10.7545 temp=1.00 total_env_steps=4575 t=0.89s
Ep   87: len= 53 黑胜 loss=11.4871 temp=1.00 total_env_steps=4628 t=0.88s
Ep   88: len= 51 黑胜 loss=9.2676 temp=1.00 total_env_steps=4679 t=0.90s
Ep   89: len= 69 黑胜 loss=9.7884 temp=1.00 total_env_steps=4748 t=0.94s
Ep   90: len= 47 黑胜 loss=10.7543 temp=1.00 total_env_steps=4795 t=0.88s
Ep   91: len= 67 黑胜 loss=11.3760 temp=1.00 total_env_steps=4862 t=0.93s
Ep   92: len= 61 黑胜 loss=9.2423 temp=1.00 total_env_steps=4923 t=0.96s
Ep   93: len= 57 黑胜 loss=11.1630 temp=1.00 total_env_steps=4980 t=0.90s
Ep   94: len= 43 黑胜 loss=11.8149 temp=1.00 total_env_steps=5023 t=0.87s
Ep   95: len= 49 黑胜 loss=10.9340 temp=1.00 total_env_steps=5072 t=0.91s
Ep   96: len= 48 白胜 loss=10.5269 temp=1.00 total_env_steps=5120 t=0.92s
Ep   97: len= 63 黑胜 loss=10.7412 temp=1.00 total_env_steps=5183 t=0.92s
Ep   98: len= 49 黑胜 loss=10.6220 temp=1.00 total_env_steps=5232 t=0.93s
Ep   99: len= 51 黑胜 loss=10.4006 temp=1.00 total_env_steps=5283 t=0.91s
Ep  100: len= 53 黑胜 loss=10.4078 temp=1.00 total_env_steps=5336 t=0.90s
  eval vs Gomoku-random-v0: win_rate=0.65 mean_return=0.30（20 局，total_env_steps=5336）
Ep  101: len= 63 黑胜 loss=9.5725 temp=1.00 total_env_steps=5399 t=0.96s
Ep  102: len= 54 白胜 loss=9.8168 temp=0.99 total_env_steps=5453 t=0.90s
Ep  103: len= 49 黑胜 loss=10.3293 temp=0.99 total_env_steps=5502 t=0.95s
Ep  104: len= 27 黑胜 loss=10.3026 temp=0.98 total_env_steps=5529 t=0.88s
Ep  105: len= 52 白胜 loss=11.3541 temp=0.97 total_env_steps=5581 t=0.91s
Ep  106: len= 66 白胜 loss=9.7932 temp=0.96 total_env_steps=5647 t=0.97s
Ep  107: len= 59 黑胜 loss=9.9003 temp=0.95 total_env_steps=5706 t=0.94s
Ep  108: len= 50 白胜 loss=10.2097 temp=0.95 total_env_steps=5756 t=0.91s
Ep  109: len= 53 黑胜 loss=10.1357 temp=0.94 total_env_steps=5809 t=0.92s
Ep  110: len= 37 黑胜 loss=9.6260 temp=0.93 total_env_steps=5846 t=0.92s
Ep  111: len= 54 白胜 loss=9.1613 temp=0.93 total_env_steps=5900 t=0.90s
Ep  112: len= 52 白胜 loss=10.2842 temp=0.92 total_env_steps=5952 t=0.90s
Ep  113: len= 47 黑胜 loss=9.9031 temp=0.91 total_env_steps=5999 t=0.89s
Ep  114: len= 55 黑胜 loss=11.0115 temp=0.90 total_env_steps=6054 t=0.91s
Ep  115: len= 62 白胜 loss=9.6282 temp=0.89 total_env_steps=6116 t=0.90s
Ep  116: len= 64 白胜 loss=10.5481 temp=0.89 total_env_steps=6180 t=0.92s
Ep  117: len= 61 黑胜 loss=11.8966 temp=0.88 total_env_steps=6241 t=0.90s
Ep  118: len= 41 黑胜 loss=10.7859 temp=0.87 total_env_steps=6282 t=0.87s
Ep  119: len= 58 白胜 loss=11.2536 temp=0.87 total_env_steps=6340 t=0.90s
Ep  120: len= 48 白胜 loss=9.7746 temp=0.86 total_env_steps=6388 t=0.89s
Ep  121: len= 72 白胜 loss=10.6134 temp=0.85 total_env_steps=6460 t=0.92s
Ep  122: len= 61 黑胜 loss=10.2140 temp=0.84 total_env_steps=6521 t=0.92s
Ep  123: len= 35 黑胜 loss=8.8289 temp=0.84 total_env_steps=6556 t=0.88s
Ep  124: len= 56 白胜 loss=9.7047 temp=0.83 total_env_steps=6612 t=0.91s
Ep  125: len= 43 黑胜 loss=8.8682 temp=0.82 total_env_steps=6655 t=0.88s
Ep  126: len= 53 黑胜 loss=7.6889 temp=0.81 total_env_steps=6708 t=0.90s
Ep  127: len= 68 白胜 loss=8.7693 temp=0.81 total_env_steps=6776 t=0.94s
Ep  128: len= 56 白胜 loss=9.5630 temp=0.80 total_env_steps=6832 t=0.92s
Ep  129: len= 65 黑胜 loss=8.9471 temp=0.79 total_env_steps=6897 t=0.94s
Ep  130: len= 40 白胜 loss=10.7880 temp=0.78 total_env_steps=6937 t=0.87s
Ep  131: len= 55 黑胜 loss=9.7445 temp=0.77 total_env_steps=6992 t=0.93s
Ep  132: len= 71 黑胜 loss=10.4282 temp=0.77 total_env_steps=7063 t=0.93s
Ep  133: len= 29 黑胜 loss=10.9366 temp=0.76 total_env_steps=7092 t=0.85s
Ep  134: len= 49 黑胜 loss=10.7201 temp=0.75 total_env_steps=7141 t=0.88s
Ep  135: len= 49 黑胜 loss=8.6960 temp=0.75 total_env_steps=7190 t=0.88s
Ep  136: len= 56 白胜 loss=9.1887 temp=0.74 total_env_steps=7246 t=0.93s
Ep  137: len= 30 白胜 loss=9.1191 temp=0.73 total_env_steps=7276 t=0.86s
Ep  138: len= 60 白胜 loss=9.6871 temp=0.72 total_env_steps=7336 t=0.91s
Ep  139: len= 47 黑胜 loss=9.6956 temp=0.72 total_env_steps=7383 t=0.88s
Ep  140: len= 54 白胜 loss=9.3746 temp=0.71 total_env_steps=7437 t=0.90s
Ep  141: len= 57 黑胜 loss=9.8868 temp=0.70 total_env_steps=7494 t=0.92s
Ep  142: len= 64 白胜 loss=10.3799 temp=0.69 total_env_steps=7558 t=0.95s
Ep  143: len= 53 黑胜 loss=9.7178 temp=0.69 total_env_steps=7611 t=0.92s
Ep  144: len= 56 白胜 loss=9.2367 temp=0.68 total_env_steps=7667 t=0.99s
Ep  145: len= 48 白胜 loss=9.5671 temp=0.67 total_env_steps=7715 t=0.94s
Ep  146: len= 54 白胜 loss=9.3977 temp=0.66 total_env_steps=7769 t=0.93s
Ep  147: len= 56 白胜 loss=10.4020 temp=0.65 total_env_steps=7825 t=0.92s
Ep  148: len= 39 黑胜 loss=9.0103 temp=0.65 total_env_steps=7864 t=0.90s
Ep  149: len= 46 白胜 loss=9.3246 temp=0.64 total_env_steps=7910 t=0.91s
Ep  150: len= 49 黑胜 loss=9.8341 temp=0.63 total_env_steps=7959 t=0.90s
  eval vs Gomoku-random-v0: win_rate=0.75 mean_return=0.50（20 局，total_env_steps=7959）
Ep  151: len= 37 黑胜 loss=10.0392 temp=0.62 total_env_steps=7996 t=0.91s
Ep  152: len= 48 白胜 loss=8.9598 temp=0.62 total_env_steps=8044 t=0.90s
Ep  153: len= 61 黑胜 loss=8.0091 temp=0.61 total_env_steps=8105 t=0.93s
Ep  154: len= 36 白胜 loss=8.7536 temp=0.60 total_env_steps=8141 t=0.88s
Ep  155: len= 76 白胜 loss=9.5813 temp=0.59 total_env_steps=8217 t=0.95s
Ep  156: len= 43 黑胜 loss=9.1141 temp=0.59 total_env_steps=8260 t=0.88s
Ep  157: len= 49 黑胜 loss=9.5343 temp=0.58 total_env_steps=8309 t=0.94s
Ep  158: len= 67 黑胜 loss=9.5274 temp=0.57 total_env_steps=8376 t=0.93s
Ep  159: len= 39 黑胜 loss=9.1633 temp=0.56 total_env_steps=8415 t=0.88s
Ep  160: len= 58 白胜 loss=8.7230 temp=0.56 total_env_steps=8473 t=0.94s
Ep  161: len= 42 白胜 loss=9.2056 temp=0.55 total_env_steps=8515 t=0.89s
Ep  162: len= 31 黑胜 loss=10.1376 temp=0.54 total_env_steps=8546 t=0.86s
Ep  163: len= 56 白胜 loss=9.4592 temp=0.53 total_env_steps=8602 t=0.91s
Ep  164: len= 46 白胜 loss=9.5716 temp=0.53 total_env_steps=8648 t=0.88s
Ep  165: len= 28 白胜 loss=10.2611 temp=0.52 total_env_steps=8676 t=0.87s
Ep  166: len= 64 白胜 loss=10.9483 temp=0.51 total_env_steps=8740 t=0.94s
Ep  167: len= 43 黑胜 loss=9.4450 temp=0.50 total_env_steps=8783 t=0.89s
Ep  168: len= 62 白胜 loss=8.9929 temp=0.50 total_env_steps=8845 t=1.07s
Ep  169: len= 23 黑胜 loss=8.7699 temp=0.49 total_env_steps=8868 t=0.98s
Ep  170: len= 59 黑胜 loss=9.0894 temp=0.48 total_env_steps=8927 t=0.99s
Ep  171: len= 33 黑胜 loss=9.0579 temp=0.48 total_env_steps=8960 t=0.90s
Ep  172: len= 52 白胜 loss=9.6676 temp=0.47 total_env_steps=9012 t=0.90s
Ep  173: len= 41 黑胜 loss=9.2830 temp=0.46 total_env_steps=9053 t=0.87s
Ep  174: len= 47 黑胜 loss=8.3574 temp=0.45 total_env_steps=9100 t=0.89s
Ep  175: len= 52 白胜 loss=9.7492 temp=0.44 total_env_steps=9152 t=0.93s
Ep  176: len= 56 白胜 loss=9.2834 temp=0.44 total_env_steps=9208 t=0.92s
Ep  177: len= 50 白胜 loss=9.5716 temp=0.43 total_env_steps=9258 t=0.91s
Ep  178: len= 20 白胜 loss=8.5429 temp=0.42 total_env_steps=9278 t=0.87s
Ep  179: len= 55 黑胜 loss=9.7322 temp=0.42 total_env_steps=9333 t=0.89s
Ep  180: len= 46 白胜 loss=9.9334 temp=0.41 total_env_steps=9379 t=0.89s
Ep  181: len= 51 黑胜 loss=9.2696 temp=0.40 total_env_steps=9430 t=0.89s
Ep  182: len= 44 白胜 loss=8.9641 temp=0.39 total_env_steps=9474 t=0.88s
Ep  183: len= 43 黑胜 loss=8.9787 temp=0.38 total_env_steps=9517 t=0.90s
Ep  184: len= 38 白胜 loss=8.6375 temp=0.38 total_env_steps=9555 t=0.92s
Ep  185: len= 45 黑胜 loss=8.4300 temp=0.37 total_env_steps=9600 t=0.93s
Ep  186: len= 47 黑胜 loss=8.9447 temp=0.36 total_env_steps=9647 t=1.03s
Ep  187: len= 59 黑胜 loss=9.1415 temp=0.36 total_env_steps=9706 t=0.92s
Ep  188: len= 49 黑胜 loss=8.4191 temp=0.35 total_env_steps=9755 t=0.94s
Ep  189: len= 65 黑胜 loss=9.2665 temp=0.34 total_env_steps=9820 t=1.03s
Ep  190: len= 40 白胜 loss=9.8362 temp=0.33 total_env_steps=9860 t=0.94s
Ep  191: len= 52 白胜 loss=9.2573 temp=0.33 total_env_steps=9912 t=0.91s
Ep  192: len= 45 黑胜 loss=8.9739 temp=0.32 total_env_steps=9957 t=0.95s
Ep  193: len= 42 白胜 loss=8.9876 temp=0.31 total_env_steps=9999 t=0.92s
Ep  194: len= 58 白胜 loss=9.5171 temp=0.30 total_env_steps=10057 t=0.93s
Ep  195: len= 46 白胜 loss=9.2256 temp=0.30 total_env_steps=10103 t=0.96s
Ep  196: len= 40 白胜 loss=9.1374 temp=0.29 total_env_steps=10143 t=0.89s
Ep  197: len= 43 黑胜 loss=8.7532 temp=0.28 total_env_steps=10186 t=0.91s
Ep  198: len= 48 白胜 loss=9.4109 temp=0.27 total_env_steps=10234 t=0.92s
Ep  199: len= 58 白胜 loss=9.2528 temp=0.26 total_env_steps=10292 t=0.95s
Ep  200: len= 58 白胜 loss=8.3923 temp=0.26 total_env_steps=10350 t=0.99s
  eval vs Gomoku-random-v0: win_rate=0.25 mean_return=-0.50（20 局，total_env_steps=10350）
  📸 已拍权重快照（ep=200，gating 对弈基准）
Ep  201: len= 33 黑胜 loss=9.4871 temp=0.25 total_env_steps=10383 t=0.89s
Ep  202: len= 63 黑胜 loss=10.3431 temp=0.25 total_env_steps=10446 t=0.95s
Ep  203: len= 65 黑胜 loss=10.0213 temp=0.25 total_env_steps=10511 t=1.03s
Ep  204: len= 44 白胜 loss=10.2491 temp=0.25 total_env_steps=10555 t=0.93s
Ep  205: len= 47 黑胜 loss=10.0732 temp=0.25 total_env_steps=10602 t=1.01s
Ep  206: len= 41 黑胜 loss=9.5348 temp=0.25 total_env_steps=10643 t=0.90s
Ep  207: len= 68 白胜 loss=9.8380 temp=0.25 total_env_steps=10711 t=0.95s
Ep  208: len= 60 白胜 loss=9.9928 temp=0.25 total_env_steps=10771 t=0.93s
Ep  209: len= 42 白胜 loss=9.5480 temp=0.25 total_env_steps=10813 t=0.88s
Ep  210: len= 61 黑胜 loss=11.4097 temp=0.25 total_env_steps=10874 t=0.89s
Ep  211: len= 37 黑胜 loss=9.2653 temp=0.25 total_env_steps=10911 t=0.89s
Ep  212: len= 41 黑胜 loss=10.1043 temp=0.25 total_env_steps=10952 t=0.90s
Ep  213: len= 29 黑胜 loss=8.8792 temp=0.25 total_env_steps=10981 t=0.88s
Ep  214: len= 44 白胜 loss=8.8039 temp=0.25 total_env_steps=11025 t=0.89s
Ep  215: len= 54 白胜 loss=10.8187 temp=0.25 total_env_steps=11079 t=0.90s
Ep  216: len= 42 白胜 loss=10.8034 temp=0.25 total_env_steps=11121 t=0.98s
Ep  217: len= 42 白胜 loss=10.0336 temp=0.25 total_env_steps=11163 t=0.88s
Ep  218: len= 51 黑胜 loss=9.9752 temp=0.25 total_env_steps=11214 t=0.89s
Ep  219: len= 48 白胜 loss=9.4935 temp=0.25 total_env_steps=11262 t=0.89s
Ep  220: len= 55 黑胜 loss=10.2628 temp=0.25 total_env_steps=11317 t=0.94s
Ep  221: len= 54 白胜 loss=10.8251 temp=0.25 total_env_steps=11371 t=0.95s
Ep  222: len= 34 白胜 loss=9.9488 temp=0.25 total_env_steps=11405 t=0.88s
Ep  223: len= 59 黑胜 loss=9.2409 temp=0.25 total_env_steps=11464 t=0.93s
Ep  224: len= 68 白胜 loss=9.2875 temp=0.25 total_env_steps=11532 t=0.93s
Ep  225: len= 72 白胜 loss=9.3661 temp=0.25 total_env_steps=11604 t=0.98s
Ep  226: len= 58 白胜 loss=9.9301 temp=0.25 total_env_steps=11662 t=0.93s
Ep  227: len= 52 白胜 loss=9.6970 temp=0.25 total_env_steps=11714 t=0.94s
Ep  228: len= 51 黑胜 loss=9.8708 temp=0.25 total_env_steps=11765 t=0.93s
Ep  229: len= 61 黑胜 loss=9.4311 temp=0.25 total_env_steps=11826 t=0.96s
Ep  230: len= 55 黑胜 loss=10.0533 temp=0.25 total_env_steps=11881 t=0.90s
Ep  231: len= 51 黑胜 loss=8.5335 temp=0.25 total_env_steps=11932 t=0.90s
Ep  232: len= 56 白胜 loss=9.0647 temp=0.25 total_env_steps=11988 t=0.91s
Ep  233: len= 58 白胜 loss=8.2047 temp=0.25 total_env_steps=12046 t=0.92s
Ep  234: len= 61 黑胜 loss=8.4701 temp=0.25 total_env_steps=12107 t=0.98s
Ep  235: len= 43 黑胜 loss=9.1547 temp=0.25 total_env_steps=12150 t=0.91s
Ep  236: len= 50 白胜 loss=9.6951 temp=0.25 total_env_steps=12200 t=0.94s
Ep  237: len= 65 黑胜 loss=10.3953 temp=0.25 total_env_steps=12265 t=1.00s
Ep  238: len= 55 黑胜 loss=9.3566 temp=0.25 total_env_steps=12320 t=0.92s
Ep  239: len= 65 黑胜 loss=10.0166 temp=0.25 total_env_steps=12385 t=0.99s
Ep  240: len= 36 白胜 loss=9.0033 temp=0.25 total_env_steps=12421 t=0.87s
Ep  241: len= 52 白胜 loss=10.0156 temp=0.25 total_env_steps=12473 t=0.90s
Ep  242: len= 52 白胜 loss=9.9948 temp=0.25 total_env_steps=12525 t=0.89s
Ep  243: len= 70 白胜 loss=10.1008 temp=0.25 total_env_steps=12595 t=0.92s
Ep  244: len= 47 黑胜 loss=8.7350 temp=0.25 total_env_steps=12642 t=0.88s
Ep  245: len= 56 白胜 loss=7.9699 temp=0.25 total_env_steps=12698 t=0.91s
Ep  246: len= 56 白胜 loss=8.2433 temp=0.25 total_env_steps=12754 t=0.93s
Ep  247: len= 57 黑胜 loss=8.5224 temp=0.25 total_env_steps=12811 t=1.04s
Ep  248: len= 39 黑胜 loss=8.7693 temp=0.25 total_env_steps=12850 t=0.96s
Ep  249: len= 75 黑胜 loss=9.9157 temp=0.25 total_env_steps=12925 t=1.07s
Ep  250: len= 53 黑胜 loss=9.8328 temp=0.25 total_env_steps=12978 t=0.95s
  eval vs Gomoku-random-v0: win_rate=0.40 mean_return=-0.15（20 局，total_env_steps=12978）
Ep  251: len= 50 白胜 loss=11.2880 temp=0.25 total_env_steps=13028 t=0.88s
Ep  252: len= 57 黑胜 loss=9.8071 temp=0.25 total_env_steps=13085 t=0.94s
Ep  253: len= 81 平局 loss=11.8512 temp=0.25 total_env_steps=13166 t=0.97s
Ep  254: len= 57 黑胜 loss=10.8197 temp=0.25 total_env_steps=13223 t=0.91s
Ep  255: len= 48 白胜 loss=10.2898 temp=0.25 total_env_steps=13271 t=0.88s
Ep  256: len= 53 黑胜 loss=9.5299 temp=0.25 total_env_steps=13324 t=0.91s
Ep  257: len= 31 黑胜 loss=9.2461 temp=0.25 total_env_steps=13355 t=0.87s
Ep  258: len= 59 黑胜 loss=9.1412 temp=0.25 total_env_steps=13414 t=0.95s
Ep  259: len= 42 白胜 loss=9.4243 temp=0.25 total_env_steps=13456 t=0.90s
Ep  260: len= 44 白胜 loss=10.2192 temp=0.25 total_env_steps=13500 t=0.89s
Ep  261: len= 32 白胜 loss=9.3409 temp=0.25 total_env_steps=13532 t=0.91s
Ep  262: len= 40 白胜 loss=8.4779 temp=0.25 total_env_steps=13572 t=0.90s
Ep  263: len= 66 白胜 loss=9.0364 temp=0.25 total_env_steps=13638 t=1.05s
Ep  264: len= 46 白胜 loss=10.3582 temp=0.25 total_env_steps=13684 t=0.95s
Ep  265: len= 56 白胜 loss=9.6146 temp=0.25 total_env_steps=13740 t=0.92s
Ep  266: len= 64 白胜 loss=9.9758 temp=0.25 total_env_steps=13804 t=0.93s
Ep  267: len= 40 白胜 loss=9.4443 temp=0.25 total_env_steps=13844 t=0.90s
Ep  268: len= 42 白胜 loss=9.1202 temp=0.25 total_env_steps=13886 t=0.99s
Ep  269: len= 32 白胜 loss=8.9526 temp=0.25 total_env_steps=13918 t=1.03s
Ep  270: len= 40 白胜 loss=9.7439 temp=0.25 total_env_steps=13958 t=0.97s
Ep  271: len= 40 白胜 loss=9.2986 temp=0.25 total_env_steps=13998 t=0.89s
Ep  272: len= 55 黑胜 loss=8.8505 temp=0.25 total_env_steps=14053 t=0.95s
Ep  273: len= 56 白胜 loss=9.0021 temp=0.25 total_env_steps=14109 t=1.05s
Ep  274: len= 36 白胜 loss=8.8492 temp=0.25 total_env_steps=14145 t=0.93s
Ep  275: len= 41 黑胜 loss=9.2095 temp=0.25 total_env_steps=14186 t=0.93s
Ep  276: len= 54 白胜 loss=9.4722 temp=0.25 total_env_steps=14240 t=0.95s
Ep  277: len= 52 白胜 loss=9.4779 temp=0.25 total_env_steps=14292 t=0.94s
Ep  278: len= 44 白胜 loss=9.4014 temp=0.25 total_env_steps=14336 t=0.89s
Ep  279: len= 44 白胜 loss=9.0289 temp=0.25 total_env_steps=14380 t=0.90s
Ep  280: len= 55 黑胜 loss=8.6909 temp=0.25 total_env_steps=14435 t=0.90s
Ep  281: len= 51 黑胜 loss=8.6339 temp=0.25 total_env_steps=14486 t=0.98s
Ep  282: len= 32 白胜 loss=9.3588 temp=0.25 total_env_steps=14518 t=1.01s
Ep  283: len= 46 白胜 loss=9.0247 temp=0.25 total_env_steps=14564 t=1.02s
Ep  284: len= 54 白胜 loss=9.8077 temp=0.25 total_env_steps=14618 t=1.01s
Ep  285: len= 40 白胜 loss=9.0859 temp=0.25 total_env_steps=14658 t=1.05s
Ep  286: len= 47 黑胜 loss=9.9368 temp=0.25 total_env_steps=14705 t=0.89s
Ep  287: len= 53 黑胜 loss=8.8482 temp=0.25 total_env_steps=14758 t=0.91s
Ep  288: len= 49 黑胜 loss=8.9980 temp=0.25 total_env_steps=14807 t=0.89s
Ep  289: len= 45 黑胜 loss=7.8092 temp=0.25 total_env_steps=14852 t=0.89s
Ep  290: len= 63 黑胜 loss=8.5323 temp=0.25 total_env_steps=14915 t=0.95s
Ep  291: len= 52 白胜 loss=9.2056 temp=0.25 total_env_steps=14967 t=0.91s
Ep  292: len= 58 白胜 loss=9.7160 temp=0.25 total_env_steps=15025 t=0.91s
Ep  293: len= 66 白胜 loss=10.2146 temp=0.25 total_env_steps=15091 t=0.93s
Ep  294: len= 49 黑胜 loss=8.0065 temp=0.25 total_env_steps=15140 t=0.95s
Ep  295: len= 65 黑胜 loss=8.1658 temp=0.25 total_env_steps=15205 t=1.09s
Ep  296: len= 42 白胜 loss=8.5391 temp=0.25 total_env_steps=15247 t=0.89s
Ep  297: len= 46 白胜 loss=8.9438 temp=0.25 total_env_steps=15293 t=0.92s
Ep  298: len= 42 白胜 loss=8.0754 temp=0.25 total_env_steps=15335 t=0.92s
Ep  299: len= 46 白胜 loss=8.9733 temp=0.25 total_env_steps=15381 t=0.92s
Ep  300: len= 47 黑胜 loss=9.8995 temp=0.25 total_env_steps=15428 t=0.91s
  eval vs Gomoku-random-v0: win_rate=0.35 mean_return=-0.30（20 局，total_env_steps=15428）
Ep  301: len= 68 白胜 loss=9.9247 temp=0.25 total_env_steps=15496 t=0.93s
Ep  302: len= 40 白胜 loss=8.4481 temp=0.25 total_env_steps=15536 t=0.88s
Ep  303: len= 47 黑胜 loss=9.0796 temp=0.25 total_env_steps=15583 t=0.89s
Ep  304: len= 54 白胜 loss=8.5468 temp=0.25 total_env_steps=15637 t=0.91s
Ep  305: len= 56 白胜 loss=8.9081 temp=0.25 total_env_steps=15693 t=0.95s
Ep  306: len= 41 黑胜 loss=8.7957 temp=0.25 total_env_steps=15734 t=0.90s
Ep  307: len= 52 白胜 loss=8.9264 temp=0.25 total_env_steps=15786 t=0.92s
Ep  308: len= 69 黑胜 loss=9.0247 temp=0.25 total_env_steps=15855 t=0.97s
Ep  309: len= 43 黑胜 loss=8.5072 temp=0.25 total_env_steps=15898 t=0.90s
Ep  310: len= 50 白胜 loss=8.8591 temp=0.25 total_env_steps=15948 t=0.90s
Ep  311: len= 49 黑胜 loss=8.2987 temp=0.25 total_env_steps=15997 t=0.90s
Ep  312: len= 50 白胜 loss=9.2417 temp=0.25 total_env_steps=16047 t=0.93s
Ep  313: len= 62 白胜 loss=7.7736 temp=0.25 total_env_steps=16109 t=1.01s
Ep  314: len= 31 黑胜 loss=9.8223 temp=0.25 total_env_steps=16140 t=0.88s
Ep  315: len= 57 黑胜 loss=8.8203 temp=0.25 total_env_steps=16197 t=0.93s
Ep  316: len= 32 白胜 loss=8.1715 temp=0.25 total_env_steps=16229 t=0.88s
Ep  317: len= 60 白胜 loss=8.8760 temp=0.25 total_env_steps=16289 t=0.99s
Ep  318: len= 47 黑胜 loss=8.2306 temp=0.25 total_env_steps=16336 t=0.90s
Ep  319: len= 45 黑胜 loss=8.3715 temp=0.25 total_env_steps=16381 t=0.89s
Ep  320: len= 56 白胜 loss=8.9092 temp=0.25 total_env_steps=16437 t=0.92s
Ep  321: len= 37 黑胜 loss=9.0866 temp=0.25 total_env_steps=16474 t=0.89s
Ep  322: len= 45 黑胜 loss=8.9796 temp=0.25 total_env_steps=16519 t=0.89s
Ep  323: len= 46 白胜 loss=9.7669 temp=0.25 total_env_steps=16565 t=0.89s
Ep  324: len= 45 黑胜 loss=8.5859 temp=0.25 total_env_steps=16610 t=0.89s
Ep  325: len= 69 黑胜 loss=8.6662 temp=0.25 total_env_steps=16679 t=0.92s
Ep  326: len= 73 黑胜 loss=9.1905 temp=0.25 total_env_steps=16752 t=0.93s
Ep  327: len= 60 白胜 loss=7.9289 temp=0.25 total_env_steps=16812 t=0.93s
Ep  328: len= 63 黑胜 loss=8.2776 temp=0.25 total_env_steps=16875 t=0.92s
Ep  329: len= 57 黑胜 loss=8.0436 temp=0.25 total_env_steps=16932 t=0.93s
Ep  330: len= 68 白胜 loss=8.3541 temp=0.25 total_env_steps=17000 t=0.92s
Ep  331: len= 47 黑胜 loss=8.4996 temp=0.25 total_env_steps=17047 t=0.90s
Ep  332: len= 30 白胜 loss=7.8804 temp=0.25 total_env_steps=17077 t=0.86s
Ep  333: len= 55 黑胜 loss=8.0498 temp=0.25 total_env_steps=17132 t=0.90s
Ep  334: len= 55 黑胜 loss=9.3497 temp=0.25 total_env_steps=17187 t=0.91s
Ep  335: len= 69 黑胜 loss=8.3641 temp=0.25 total_env_steps=17256 t=0.93s
Ep  336: len= 45 黑胜 loss=8.8258 temp=0.25 total_env_steps=17301 t=0.89s
Ep  337: len= 60 白胜 loss=8.0028 temp=0.25 total_env_steps=17361 t=0.92s
Ep  338: len= 68 白胜 loss=8.6587 temp=0.25 total_env_steps=17429 t=0.93s
Ep  339: len= 59 黑胜 loss=8.5580 temp=0.25 total_env_steps=17488 t=0.92s
Ep  340: len= 45 黑胜 loss=8.5723 temp=0.25 total_env_steps=17533 t=0.89s
Ep  341: len= 61 黑胜 loss=9.2775 temp=0.25 total_env_steps=17594 t=0.89s
Ep  342: len= 45 黑胜 loss=10.1170 temp=0.25 total_env_steps=17639 t=0.87s
Ep  343: len= 58 白胜 loss=9.4557 temp=0.25 total_env_steps=17697 t=0.91s
Ep  344: len= 50 白胜 loss=9.2959 temp=0.25 total_env_steps=17747 t=0.90s
Ep  345: len= 53 黑胜 loss=10.0837 temp=0.25 total_env_steps=17800 t=0.90s
Ep  346: len= 48 白胜 loss=10.6111 temp=0.25 total_env_steps=17848 t=0.92s
Ep  347: len= 53 黑胜 loss=11.2704 temp=0.25 total_env_steps=17901 t=0.90s
Ep  348: len= 46 白胜 loss=10.4310 temp=0.25 total_env_steps=17947 t=0.92s
Ep  349: len= 47 黑胜 loss=9.9601 temp=0.25 total_env_steps=17994 t=0.89s
Ep  350: len= 60 白胜 loss=8.9468 temp=0.25 total_env_steps=18054 t=0.93s
  eval vs Gomoku-random-v0: win_rate=0.65 mean_return=0.30（20 局，total_env_steps=18054）
Ep  351: len= 41 黑胜 loss=7.5608 temp=0.25 total_env_steps=18095 t=0.88s
Ep  352: len= 51 黑胜 loss=8.3628 temp=0.25 total_env_steps=18146 t=0.91s
Ep  353: len= 60 白胜 loss=8.4605 temp=0.25 total_env_steps=18206 t=0.93s
Ep  354: len= 55 黑胜 loss=8.1310 temp=0.25 total_env_steps=18261 t=0.93s
Ep  355: len= 48 白胜 loss=8.6079 temp=0.25 total_env_steps=18309 t=0.89s
Ep  356: len= 48 白胜 loss=9.3771 temp=0.25 total_env_steps=18357 t=0.88s
Ep  357: len= 47 黑胜 loss=8.7095 temp=0.25 total_env_steps=18404 t=0.85s
Ep  358: len= 36 白胜 loss=8.3554 temp=0.25 total_env_steps=18440 t=0.87s
Ep  359: len= 51 黑胜 loss=8.8493 temp=0.25 total_env_steps=18491 t=0.90s
Ep  360: len= 40 白胜 loss=8.1217 temp=0.25 total_env_steps=18531 t=0.95s
Ep  361: len= 40 白胜 loss=8.1680 temp=0.25 total_env_steps=18571 t=0.93s
Ep  362: len= 43 黑胜 loss=8.4856 temp=0.25 total_env_steps=18614 t=0.91s
Ep  363: len= 48 白胜 loss=8.5564 temp=0.25 total_env_steps=18662 t=0.92s
Ep  364: len= 52 白胜 loss=8.7029 temp=0.25 total_env_steps=18714 t=0.93s
Ep  365: len= 45 黑胜 loss=8.6749 temp=0.25 total_env_steps=18759 t=0.88s
Ep  366: len= 62 白胜 loss=8.6489 temp=0.25 total_env_steps=18821 t=0.92s
Ep  367: len= 41 黑胜 loss=8.8234 temp=0.25 total_env_steps=18862 t=0.88s
Ep  368: len= 48 白胜 loss=8.9602 temp=0.25 total_env_steps=18910 t=0.89s
Ep  369: len= 35 黑胜 loss=8.2253 temp=0.25 total_env_steps=18945 t=0.88s
Ep  370: len= 30 白胜 loss=8.6073 temp=0.25 total_env_steps=18975 t=0.86s
Ep  371: len= 65 黑胜 loss=8.8387 temp=0.25 total_env_steps=19040 t=0.95s
Ep  372: len= 34 白胜 loss=9.0403 temp=0.25 total_env_steps=19074 t=0.86s
Ep  373: len= 49 黑胜 loss=8.6916 temp=0.25 total_env_steps=19123 t=0.89s
Ep  374: len= 35 黑胜 loss=9.0254 temp=0.25 total_env_steps=19158 t=0.86s
Ep  375: len= 35 黑胜 loss=7.8989 temp=0.25 total_env_steps=19193 t=0.88s
Ep  376: len= 36 白胜 loss=8.7164 temp=0.25 total_env_steps=19229 t=0.87s
Ep  377: len= 53 黑胜 loss=8.5216 temp=0.25 total_env_steps=19282 t=0.90s
Ep  378: len= 52 白胜 loss=8.4749 temp=0.25 total_env_steps=19334 t=0.92s
Ep  379: len= 44 白胜 loss=9.4217 temp=0.25 total_env_steps=19378 t=0.91s
Ep  380: len= 44 白胜 loss=9.6969 temp=0.25 total_env_steps=19422 t=0.90s
Ep  381: len= 26 白胜 loss=9.3419 temp=0.25 total_env_steps=19448 t=0.88s
Ep  382: len= 43 黑胜 loss=8.8462 temp=0.25 total_env_steps=19491 t=0.89s
Ep  383: len= 61 黑胜 loss=8.0044 temp=0.25 total_env_steps=19552 t=0.91s
Ep  384: len= 62 白胜 loss=7.2600 temp=0.25 total_env_steps=19614 t=0.94s
Ep  385: len= 30 白胜 loss=8.1047 temp=0.25 total_env_steps=19644 t=0.88s
Ep  386: len= 51 黑胜 loss=8.8653 temp=0.25 total_env_steps=19695 t=0.92s
Ep  387: len= 66 白胜 loss=9.0426 temp=0.25 total_env_steps=19761 t=1.02s
Ep  388: len= 38 白胜 loss=8.7442 temp=0.25 total_env_steps=19799 t=0.94s
Ep  389: len= 47 黑胜 loss=8.9791 temp=0.25 total_env_steps=19846 t=0.99s
Ep  390: len= 37 黑胜 loss=8.5561 temp=0.25 total_env_steps=19883 t=0.97s
Ep  391: len= 47 黑胜 loss=8.3053 temp=0.25 total_env_steps=19930 t=0.91s
Ep  392: len= 59 黑胜 loss=8.9563 temp=0.25 total_env_steps=19989 t=0.94s
Ep  393: len= 45 黑胜 loss=7.6814 temp=0.25 total_env_steps=20034 t=0.92s
Ep  394: len= 38 白胜 loss=7.9510 temp=0.25 total_env_steps=20072 t=0.90s
Ep  395: len= 46 白胜 loss=8.2342 temp=0.25 total_env_steps=20118 t=0.93s
Ep  396: len= 81 平局 loss=8.2052 temp=0.25 total_env_steps=20199 t=0.97s
Ep  397: len= 33 黑胜 loss=8.0903 temp=0.25 total_env_steps=20232 t=0.87s
Ep  398: len= 37 黑胜 loss=8.5546 temp=0.25 total_env_steps=20269 t=0.88s
Ep  399: len= 65 黑胜 loss=7.6149 temp=0.25 total_env_steps=20334 t=0.94s
Ep  400: len= 68 白胜 loss=7.1510 temp=0.25 total_env_steps=20402 t=0.97s
  eval vs Gomoku-random-v0: win_rate=0.65 mean_return=0.30（20 局，total_env_steps=20402）
[闸门] vs random（40 局）: win_rate=0.475
[闸门] vs 半程快照（40 局，黑白各半）: score=0.475
[梯队] vs naive0（20 局，观察性）: win_rate=0.00
[梯队] vs naive1（20 局，观察性）: win_rate=0.00
[梯队] vs naive2（20 局，观察性）: win_rate=0.00
[梯队] vs naive3（20 局，观察性）: win_rate=0.00
📈 Gomoku-selfplay-v0 win_rate=0.65（best 0.75）| 门槛 0.95 | 373.5s

--- M3 arm=rr32_rosmo 汇总（base 对照见 bench 头注释）---
  seed=42 vs_random=0.425 vs_snapshot=0.450 | 梯队 naive0=0.00 naive1=0.00 naive2=0.00 naive3=0.00 | env_steps=20014 wall=429s
  seed=43 vs_random=0.625 vs_snapshot=0.800 | 梯队 naive0=0.00 naive1=0.00 naive2=0.00 naive3=0.00 | env_steps=20349 wall=373s
  seed=44 vs_random=0.475 vs_snapshot=0.475 | 梯队 naive0=0.00 naive1=0.00 naive2=0.00 naive3=0.00 | env_steps=20402 wall=374s
ok

test result: ok. 1 passed; 0 failed; 0 ignored; 0 measured; 3434 filtered out; finished in 1175.51s

     Running tests\cse_dedup.rs (target\release\deps\cse_dedup-7a657e998c2a0176.exe)

running 0 tests

test result: ok. 0 passed; 0 failed; 0 ignored; 0 measured; 1 filtered out; finished in 0.00s

     Running tests\mode_invariants.rs (target\release\deps\mode_invariants-12496c59841ba5c8.exe)

running 0 tests

test result: ok. 0 passed; 0 failed; 0 ignored; 0 measured; 9 filtered out; finished in 0.00s

     Running tests\onnx_otm_load_bench.rs (target\release\deps\onnx_otm_load_bench-39da60dd6dcd2511.exe)

running 0 tests

test result: ok. 0 passed; 0 failed; 0 ignored; 0 measured; 1 filtered out; finished in 0.00s

     Running tests\yolov5_xiangqi_import.rs (target\release\deps\yolov5_xiangqi_import-5a55f6b67c0e8a85.exe)

running 0 tests

test result: ok. 0 passed; 0 failed; 0 ignored; 0 measured; 6 filtered out; finished in 0.00s

