    Finished `release` profile [optimized] target(s) in 1.05s
     Running unittests src\lib.rs (target\release\deps\only_torch-45d502c1e61c3f90.exe)

running 1 test
test rl::algo::my_zero::tests::gomoku_m2_bench::gomoku_m2_3seed ... 
--- seed 42 ---
[MyZero-board Gomoku-selfplay-v0] obs=243(3×9²) |A|=81 sims=100 γ=1.0 negamax
Ep    1: len= 52 白胜 loss=0.0000 temp=1.00 total_env_steps=52 t=0.20s
Ep    2: len= 35 黑胜 loss=0.0000 temp=1.00 total_env_steps=87 t=0.15s
Ep    3: len= 54 白胜 loss=0.0000 temp=1.00 total_env_steps=141 t=0.23s
Ep    4: len= 58 白胜 loss=0.0000 temp=1.00 total_env_steps=199 t=0.24s
Ep    5: len= 57 黑胜 loss=0.0000 temp=1.00 total_env_steps=256 t=0.24s
Ep    6: len= 67 黑胜 loss=0.0000 temp=1.00 total_env_steps=323 t=0.27s
Ep    7: len= 35 黑胜 loss=0.0000 temp=1.00 total_env_steps=358 t=0.14s
Ep    8: len= 73 黑胜 loss=0.0000 temp=1.00 total_env_steps=431 t=0.28s
Ep    9: len= 43 黑胜 loss=0.0000 temp=1.00 total_env_steps=474 t=0.22s
Ep   10: len= 59 黑胜 loss=36.3356 temp=1.00 total_env_steps=533 t=0.26s
Ep   11: len= 58 白胜 loss=29.1660 temp=1.00 total_env_steps=591 t=0.22s
Ep   12: len= 57 黑胜 loss=28.1204 temp=1.00 total_env_steps=648 t=0.22s
Ep   13: len= 51 黑胜 loss=28.2882 temp=1.00 total_env_steps=699 t=0.22s
Ep   14: len= 46 白胜 loss=28.2439 temp=1.00 total_env_steps=745 t=0.19s
Ep   15: len= 61 黑胜 loss=28.1428 temp=1.00 total_env_steps=806 t=0.23s
Ep   16: len= 45 黑胜 loss=28.1952 temp=1.00 total_env_steps=851 t=0.28s
Ep   17: len= 36 白胜 loss=28.4246 temp=1.00 total_env_steps=887 t=0.14s
Ep   18: len= 77 黑胜 loss=27.8833 temp=1.00 total_env_steps=964 t=0.31s
Ep   19: len= 72 白胜 loss=28.3619 temp=1.00 total_env_steps=1036 t=0.26s
Ep   20: len= 63 黑胜 loss=28.2181 temp=1.00 total_env_steps=1099 t=0.22s
Ep   21: len= 49 黑胜 loss=28.3327 temp=1.00 total_env_steps=1148 t=0.18s
Ep   22: len= 50 白胜 loss=28.4738 temp=1.00 total_env_steps=1198 t=0.31s
Ep   23: len= 47 黑胜 loss=28.1861 temp=1.00 total_env_steps=1245 t=0.16s
Ep   24: len= 70 白胜 loss=28.0184 temp=1.00 total_env_steps=1315 t=0.26s
Ep   25: len= 41 黑胜 loss=28.4346 temp=1.00 total_env_steps=1356 t=0.16s
Ep   26: len= 68 白胜 loss=28.3752 temp=1.00 total_env_steps=1424 t=0.27s
Ep   27: len= 66 白胜 loss=28.1904 temp=1.00 total_env_steps=1490 t=0.27s
Ep   28: len= 50 白胜 loss=28.1535 temp=1.00 total_env_steps=1540 t=0.21s
Ep   29: len= 56 白胜 loss=28.3651 temp=1.00 total_env_steps=1596 t=0.23s
Ep   30: len= 60 白胜 loss=28.2673 temp=1.00 total_env_steps=1656 t=0.22s
Ep   31: len= 12 白胜 loss=28.6220 temp=1.00 total_env_steps=1668 t=0.07s
Ep   32: len= 51 黑胜 loss=28.3694 temp=1.00 total_env_steps=1719 t=0.22s
Ep   33: len= 42 白胜 loss=28.1322 temp=1.00 total_env_steps=1761 t=0.16s
Ep   34: len= 59 黑胜 loss=28.3750 temp=1.00 total_env_steps=1820 t=0.26s
Ep   35: len= 67 黑胜 loss=28.2440 temp=1.00 total_env_steps=1887 t=0.24s
Ep   36: len= 46 白胜 loss=28.3191 temp=1.00 total_env_steps=1933 t=0.18s
Ep   37: len= 48 白胜 loss=28.2177 temp=1.00 total_env_steps=1981 t=0.18s
Ep   38: len= 67 黑胜 loss=28.0442 temp=1.00 total_env_steps=2048 t=0.23s
Ep   39: len= 35 黑胜 loss=27.8542 temp=1.00 total_env_steps=2083 t=0.15s
Ep   40: len= 65 黑胜 loss=27.7335 temp=1.00 total_env_steps=2148 t=0.22s
Ep   41: len= 64 白胜 loss=28.1499 temp=1.00 total_env_steps=2212 t=0.22s
Ep   42: len= 47 黑胜 loss=28.6001 temp=1.00 total_env_steps=2259 t=0.16s
Ep   43: len= 39 黑胜 loss=28.0437 temp=1.00 total_env_steps=2298 t=0.14s
Ep   44: len= 39 黑胜 loss=28.3135 temp=1.00 total_env_steps=2337 t=0.14s
Ep   45: len= 48 白胜 loss=28.5108 temp=1.00 total_env_steps=2385 t=0.16s
Ep   46: len= 45 黑胜 loss=28.2419 temp=1.00 total_env_steps=2430 t=0.18s
Ep   47: len= 42 白胜 loss=28.3436 temp=1.00 total_env_steps=2472 t=0.20s
Ep   48: len= 38 白胜 loss=28.2621 temp=1.00 total_env_steps=2510 t=0.15s
Ep   49: len= 49 黑胜 loss=28.3348 temp=1.00 total_env_steps=2559 t=0.18s
Ep   50: len= 56 白胜 loss=28.3685 temp=1.00 total_env_steps=2615 t=0.20s
  eval vs Gomoku-random-v0: win_rate=0.80 mean_return=0.60（20 局，total_env_steps=2615）
Ep   51: len= 59 黑胜 loss=28.1332 temp=1.00 total_env_steps=2674 t=0.20s
Ep   52: len= 52 白胜 loss=29.1451 temp=1.00 total_env_steps=2726 t=0.16s
Ep   53: len= 32 白胜 loss=28.3554 temp=1.00 total_env_steps=2758 t=0.14s
Ep   54: len= 37 黑胜 loss=27.7917 temp=1.00 total_env_steps=2795 t=0.13s
Ep   55: len= 59 黑胜 loss=28.4541 temp=1.00 total_env_steps=2854 t=0.20s
Ep   56: len= 65 黑胜 loss=27.8846 temp=1.00 total_env_steps=2919 t=0.22s
Ep   57: len= 41 黑胜 loss=27.8458 temp=1.00 total_env_steps=2960 t=0.14s
Ep   58: len= 37 黑胜 loss=28.2580 temp=1.00 total_env_steps=2997 t=0.14s
Ep   59: len= 69 黑胜 loss=28.3810 temp=1.00 total_env_steps=3066 t=0.24s
Ep   60: len= 52 白胜 loss=28.1868 temp=1.00 total_env_steps=3118 t=0.19s
Ep   61: len= 57 黑胜 loss=28.0820 temp=1.00 total_env_steps=3175 t=0.19s
Ep   62: len= 45 黑胜 loss=28.0617 temp=1.00 total_env_steps=3220 t=0.16s
Ep   63: len= 59 黑胜 loss=28.0920 temp=1.00 total_env_steps=3279 t=0.19s
Ep   64: len= 67 黑胜 loss=28.1589 temp=1.00 total_env_steps=3346 t=0.21s
Ep   65: len= 66 白胜 loss=28.2090 temp=1.00 total_env_steps=3412 t=0.23s
Ep   66: len= 55 黑胜 loss=28.3728 temp=1.00 total_env_steps=3467 t=0.19s
Ep   67: len= 64 白胜 loss=28.1647 temp=1.00 total_env_steps=3531 t=0.21s
Ep   68: len= 35 黑胜 loss=28.3522 temp=1.00 total_env_steps=3566 t=0.12s
Ep   69: len= 49 黑胜 loss=28.1288 temp=1.00 total_env_steps=3615 t=0.15s
Ep   70: len= 49 黑胜 loss=28.0199 temp=1.00 total_env_steps=3664 t=0.17s
Ep   71: len= 40 白胜 loss=27.9406 temp=1.00 total_env_steps=3704 t=0.13s
Ep   72: len= 39 黑胜 loss=27.8769 temp=1.00 total_env_steps=3743 t=0.13s
Ep   73: len= 31 黑胜 loss=27.9736 temp=1.00 total_env_steps=3774 t=0.11s
Ep   74: len= 45 黑胜 loss=28.0200 temp=1.00 total_env_steps=3819 t=0.15s
Ep   75: len= 51 黑胜 loss=27.9702 temp=1.00 total_env_steps=3870 t=0.17s
Ep   76: len= 54 白胜 loss=27.8755 temp=1.00 total_env_steps=3924 t=0.19s
Ep   77: len= 34 白胜 loss=27.8339 temp=1.00 total_env_steps=3958 t=0.12s
Ep   78: len= 63 黑胜 loss=27.9051 temp=1.00 total_env_steps=4021 t=0.25s
Ep   79: len= 71 黑胜 loss=27.9440 temp=1.00 total_env_steps=4092 t=0.23s
Ep   80: len= 63 黑胜 loss=27.9425 temp=1.00 total_env_steps=4155 t=0.21s
Ep   81: len= 70 白胜 loss=28.0486 temp=1.00 total_env_steps=4225 t=0.22s
Ep   82: len= 65 黑胜 loss=28.1360 temp=1.00 total_env_steps=4290 t=0.22s
Ep   83: len= 46 白胜 loss=28.0836 temp=1.00 total_env_steps=4336 t=0.15s
Ep   84: len= 60 白胜 loss=28.1456 temp=1.00 total_env_steps=4396 t=0.20s
Ep   85: len= 47 黑胜 loss=28.0326 temp=1.00 total_env_steps=4443 t=0.15s
Ep   86: len= 49 黑胜 loss=27.9566 temp=1.00 total_env_steps=4492 t=0.16s
Ep   87: len= 38 白胜 loss=27.9565 temp=1.00 total_env_steps=4530 t=0.15s
Ep   88: len= 73 黑胜 loss=27.9856 temp=1.00 total_env_steps=4603 t=0.28s
Ep   89: len= 69 黑胜 loss=27.8958 temp=1.00 total_env_steps=4672 t=0.22s
Ep   90: len= 19 黑胜 loss=28.1055 temp=1.00 total_env_steps=4691 t=0.08s
Ep   91: len= 50 白胜 loss=27.8967 temp=1.00 total_env_steps=4741 t=0.17s
Ep   92: len= 35 黑胜 loss=28.0836 temp=1.00 total_env_steps=4776 t=0.13s
Ep   93: len= 46 白胜 loss=27.9436 temp=1.00 total_env_steps=4822 t=0.16s
Ep   94: len= 49 黑胜 loss=27.9573 temp=1.00 total_env_steps=4871 t=0.16s
Ep   95: len= 37 黑胜 loss=28.0853 temp=1.00 total_env_steps=4908 t=0.14s
Ep   96: len= 38 白胜 loss=27.9026 temp=1.00 total_env_steps=4946 t=0.13s
Ep   97: len= 33 黑胜 loss=28.2841 temp=1.00 total_env_steps=4979 t=0.12s
Ep   98: len= 47 黑胜 loss=27.7797 temp=1.00 total_env_steps=5026 t=0.17s
Ep   99: len= 59 黑胜 loss=27.9453 temp=1.00 total_env_steps=5085 t=0.21s
Ep  100: len= 49 黑胜 loss=28.0213 temp=1.00 total_env_steps=5134 t=0.16s
  eval vs Gomoku-random-v0: win_rate=0.65 mean_return=0.30（20 局，total_env_steps=5134）
Ep  101: len= 62 白胜 loss=27.8820 temp=1.00 total_env_steps=5196 t=0.19s
Ep  102: len= 60 白胜 loss=27.7859 temp=0.99 total_env_steps=5256 t=0.21s
Ep  103: len= 39 黑胜 loss=28.1332 temp=0.99 total_env_steps=5295 t=0.13s
Ep  104: len= 56 白胜 loss=27.9484 temp=0.98 total_env_steps=5351 t=0.19s
Ep  105: len= 41 黑胜 loss=27.6983 temp=0.97 total_env_steps=5392 t=0.13s
Ep  106: len= 47 黑胜 loss=27.7272 temp=0.96 total_env_steps=5439 t=0.16s
Ep  107: len= 50 白胜 loss=27.9237 temp=0.95 total_env_steps=5489 t=0.16s
Ep  108: len= 43 黑胜 loss=27.7763 temp=0.95 total_env_steps=5532 t=0.14s
Ep  109: len= 65 黑胜 loss=27.8143 temp=0.94 total_env_steps=5597 t=0.24s
Ep  110: len= 57 黑胜 loss=27.8141 temp=0.93 total_env_steps=5654 t=0.20s
Ep  111: len= 61 黑胜 loss=27.9307 temp=0.93 total_env_steps=5715 t=0.21s
Ep  112: len= 48 白胜 loss=27.9833 temp=0.92 total_env_steps=5763 t=0.16s
Ep  113: len= 42 白胜 loss=27.7983 temp=0.91 total_env_steps=5805 t=0.15s
Ep  114: len= 46 白胜 loss=27.7730 temp=0.90 total_env_steps=5851 t=0.16s
Ep  115: len= 38 白胜 loss=27.7604 temp=0.89 total_env_steps=5889 t=0.13s
Ep  116: len= 37 黑胜 loss=27.5625 temp=0.89 total_env_steps=5926 t=0.18s
Ep  117: len= 49 黑胜 loss=27.7614 temp=0.88 total_env_steps=5975 t=0.22s
Ep  118: len= 22 白胜 loss=27.8352 temp=0.87 total_env_steps=5997 t=0.09s
Ep  119: len= 62 白胜 loss=27.7536 temp=0.87 total_env_steps=6059 t=0.23s
Ep  120: len= 44 白胜 loss=27.6184 temp=0.86 total_env_steps=6103 t=0.15s
Ep  121: len= 45 黑胜 loss=27.6381 temp=0.85 total_env_steps=6148 t=0.16s
Ep  122: len= 59 黑胜 loss=27.6868 temp=0.84 total_env_steps=6207 t=0.23s
Ep  123: len= 60 白胜 loss=27.6397 temp=0.84 total_env_steps=6267 t=0.22s
Ep  124: len= 31 黑胜 loss=27.6840 temp=0.83 total_env_steps=6298 t=0.11s
Ep  125: len= 39 黑胜 loss=27.5428 temp=0.82 total_env_steps=6337 t=0.13s
Ep  126: len= 47 黑胜 loss=27.5914 temp=0.81 total_env_steps=6384 t=0.15s
Ep  127: len= 47 黑胜 loss=27.7809 temp=0.81 total_env_steps=6431 t=0.16s
Ep  128: len= 76 白胜 loss=27.5036 temp=0.80 total_env_steps=6507 t=0.25s
Ep  129: len= 57 黑胜 loss=27.8556 temp=0.79 total_env_steps=6564 t=0.19s
Ep  130: len= 53 黑胜 loss=28.1042 temp=0.78 total_env_steps=6617 t=0.17s
Ep  131: len= 53 黑胜 loss=27.8424 temp=0.77 total_env_steps=6670 t=0.17s
Ep  132: len= 41 黑胜 loss=27.7708 temp=0.77 total_env_steps=6711 t=0.14s
Ep  133: len= 43 黑胜 loss=27.8219 temp=0.76 total_env_steps=6754 t=0.17s
Ep  134: len= 48 白胜 loss=27.6996 temp=0.75 total_env_steps=6802 t=0.16s
Ep  135: len= 58 白胜 loss=27.7195 temp=0.75 total_env_steps=6860 t=0.20s
Ep  136: len= 30 白胜 loss=28.0259 temp=0.74 total_env_steps=6890 t=0.13s
Ep  137: len= 43 黑胜 loss=27.8772 temp=0.73 total_env_steps=6933 t=0.16s
Ep  138: len= 44 白胜 loss=27.8745 temp=0.72 total_env_steps=6977 t=0.15s
Ep  139: len= 45 黑胜 loss=27.7748 temp=0.72 total_env_steps=7022 t=0.17s
Ep  140: len= 45 黑胜 loss=27.5356 temp=0.71 total_env_steps=7067 t=0.17s
Ep  141: len= 45 黑胜 loss=27.5850 temp=0.70 total_env_steps=7112 t=0.21s
Ep  142: len= 46 白胜 loss=27.5733 temp=0.69 total_env_steps=7158 t=0.18s
Ep  143: len= 64 白胜 loss=27.4903 temp=0.69 total_env_steps=7222 t=0.23s
Ep  144: len= 64 白胜 loss=27.7305 temp=0.68 total_env_steps=7286 t=0.24s
Ep  145: len= 36 白胜 loss=27.8625 temp=0.67 total_env_steps=7322 t=0.13s
Ep  146: len= 50 白胜 loss=27.7029 temp=0.66 total_env_steps=7372 t=0.18s
Ep  147: len= 41 黑胜 loss=27.6424 temp=0.65 total_env_steps=7413 t=0.18s
Ep  148: len= 42 白胜 loss=27.7025 temp=0.65 total_env_steps=7455 t=0.15s
Ep  149: len= 30 白胜 loss=27.6810 temp=0.64 total_env_steps=7485 t=0.11s
Ep  150: len= 54 白胜 loss=27.7437 temp=0.63 total_env_steps=7539 t=0.23s
  eval vs Gomoku-random-v0: win_rate=0.95 mean_return=0.90（20 局，total_env_steps=7539）
  ✅ 达标 ep=150 total_env_steps=7539
Ep  151: len= 19 黑胜 loss=27.7098 temp=0.62 total_env_steps=7558 t=0.07s
Ep  152: len= 54 白胜 loss=27.9269 temp=0.62 total_env_steps=7612 t=0.20s
Ep  153: len= 47 黑胜 loss=27.7333 temp=0.61 total_env_steps=7659 t=0.16s
Ep  154: len= 35 黑胜 loss=27.7361 temp=0.60 total_env_steps=7694 t=0.12s
Ep  155: len= 55 黑胜 loss=27.2014 temp=0.59 total_env_steps=7749 t=0.18s
Ep  156: len= 35 黑胜 loss=27.7694 temp=0.59 total_env_steps=7784 t=0.13s
Ep  157: len= 29 黑胜 loss=27.6493 temp=0.58 total_env_steps=7813 t=0.11s
Ep  158: len= 31 黑胜 loss=27.6887 temp=0.57 total_env_steps=7844 t=0.11s
Ep  159: len= 37 黑胜 loss=27.8437 temp=0.56 total_env_steps=7881 t=0.12s
Ep  160: len= 67 黑胜 loss=27.5227 temp=0.56 total_env_steps=7948 t=0.21s
Ep  161: len= 43 黑胜 loss=27.7746 temp=0.55 total_env_steps=7991 t=0.16s
Ep  162: len= 45 黑胜 loss=27.4317 temp=0.54 total_env_steps=8036 t=0.16s
Ep  163: len= 56 白胜 loss=27.7503 temp=0.53 total_env_steps=8092 t=0.19s
Ep  164: len= 77 黑胜 loss=27.5670 temp=0.53 total_env_steps=8169 t=0.25s
Ep  165: len= 51 黑胜 loss=27.5091 temp=0.52 total_env_steps=8220 t=0.17s
Ep  166: len= 40 白胜 loss=28.0392 temp=0.51 total_env_steps=8260 t=0.14s
Ep  167: len= 61 黑胜 loss=27.7393 temp=0.50 total_env_steps=8321 t=0.21s
Ep  168: len= 57 黑胜 loss=27.8333 temp=0.50 total_env_steps=8378 t=0.20s
Ep  169: len= 64 白胜 loss=27.7971 temp=0.49 total_env_steps=8442 t=0.22s
Ep  170: len= 55 黑胜 loss=27.4392 temp=0.48 total_env_steps=8497 t=0.18s
Ep  171: len= 57 黑胜 loss=27.4854 temp=0.48 total_env_steps=8554 t=0.19s
Ep  172: len= 36 白胜 loss=27.4768 temp=0.47 total_env_steps=8590 t=0.13s
Ep  173: len= 43 黑胜 loss=27.8910 temp=0.46 total_env_steps=8633 t=0.14s
Ep  174: len= 34 白胜 loss=27.4706 temp=0.45 total_env_steps=8667 t=0.11s
Ep  175: len= 69 黑胜 loss=27.4967 temp=0.44 total_env_steps=8736 t=0.22s
Ep  176: len= 27 黑胜 loss=27.7173 temp=0.44 total_env_steps=8763 t=0.10s
Ep  177: len= 52 白胜 loss=27.7157 temp=0.43 total_env_steps=8815 t=0.17s
Ep  178: len= 31 黑胜 loss=27.6516 temp=0.42 total_env_steps=8846 t=0.11s
Ep  179: len= 26 白胜 loss=27.6710 temp=0.42 total_env_steps=8872 t=0.10s
Ep  180: len= 45 黑胜 loss=27.4746 temp=0.41 total_env_steps=8917 t=0.15s
Ep  181: len= 31 黑胜 loss=27.5893 temp=0.40 total_env_steps=8948 t=0.11s
Ep  182: len= 54 白胜 loss=27.6850 temp=0.39 total_env_steps=9002 t=0.20s
Ep  183: len= 48 白胜 loss=27.8885 temp=0.38 total_env_steps=9050 t=0.16s
Ep  184: len= 67 黑胜 loss=27.5398 temp=0.38 total_env_steps=9117 t=0.23s
Ep  185: len= 33 黑胜 loss=27.5090 temp=0.37 total_env_steps=9150 t=0.11s
Ep  186: len= 35 黑胜 loss=27.6278 temp=0.36 total_env_steps=9185 t=0.12s
Ep  187: len= 49 黑胜 loss=27.7123 temp=0.36 total_env_steps=9234 t=0.16s
Ep  188: len= 50 白胜 loss=27.6288 temp=0.35 total_env_steps=9284 t=0.17s
Ep  189: len= 50 白胜 loss=27.5647 temp=0.34 total_env_steps=9334 t=0.17s
Ep  190: len= 33 黑胜 loss=27.5649 temp=0.33 total_env_steps=9367 t=0.12s
Ep  191: len= 61 黑胜 loss=27.4462 temp=0.33 total_env_steps=9428 t=0.21s
Ep  192: len= 41 黑胜 loss=27.3787 temp=0.32 total_env_steps=9469 t=0.14s
Ep  193: len= 61 黑胜 loss=27.5941 temp=0.31 total_env_steps=9530 t=0.20s
Ep  194: len= 67 黑胜 loss=27.4532 temp=0.30 total_env_steps=9597 t=0.22s
Ep  195: len= 81 平局 loss=27.4845 temp=0.30 total_env_steps=9678 t=0.27s
Ep  196: len= 50 白胜 loss=27.5823 temp=0.29 total_env_steps=9728 t=0.18s
Ep  197: len= 56 白胜 loss=27.3016 temp=0.28 total_env_steps=9784 t=0.19s
Ep  198: len= 43 黑胜 loss=27.5715 temp=0.27 total_env_steps=9827 t=0.16s
Ep  199: len= 41 黑胜 loss=27.4589 temp=0.26 total_env_steps=9868 t=0.17s
Ep  200: len= 47 黑胜 loss=27.4613 temp=0.26 total_env_steps=9915 t=0.17s
  eval vs Gomoku-random-v0: win_rate=0.85 mean_return=0.70（20 局，total_env_steps=9915）
  📸 已拍权重快照（ep=200，gating 对弈基准）
Ep  201: len= 56 白胜 loss=27.6755 temp=0.25 total_env_steps=9971 t=0.20s
Ep  202: len= 21 黑胜 loss=27.5294 temp=0.25 total_env_steps=9992 t=0.08s
Ep  203: len= 48 白胜 loss=27.6607 temp=0.25 total_env_steps=10040 t=0.19s
Ep  204: len= 31 黑胜 loss=27.8098 temp=0.25 total_env_steps=10071 t=0.12s
Ep  205: len= 39 黑胜 loss=27.4143 temp=0.25 total_env_steps=10110 t=0.14s
Ep  206: len= 34 白胜 loss=27.5684 temp=0.25 total_env_steps=10144 t=0.14s
Ep  207: len= 23 黑胜 loss=27.7150 temp=0.25 total_env_steps=10167 t=0.10s
Ep  208: len= 53 黑胜 loss=27.4488 temp=0.25 total_env_steps=10220 t=0.18s
Ep  209: len= 29 黑胜 loss=27.7664 temp=0.25 total_env_steps=10249 t=0.11s
Ep  210: len= 25 黑胜 loss=27.6383 temp=0.25 total_env_steps=10274 t=0.11s
Ep  211: len= 35 黑胜 loss=27.5865 temp=0.25 total_env_steps=10309 t=0.14s
Ep  212: len= 61 黑胜 loss=27.3947 temp=0.25 total_env_steps=10370 t=0.21s
Ep  213: len= 69 黑胜 loss=27.5217 temp=0.25 total_env_steps=10439 t=0.23s
Ep  214: len= 36 白胜 loss=27.4845 temp=0.25 total_env_steps=10475 t=0.13s
Ep  215: len= 46 白胜 loss=27.2089 temp=0.25 total_env_steps=10521 t=0.16s
Ep  216: len= 25 黑胜 loss=27.5322 temp=0.25 total_env_steps=10546 t=0.13s
Ep  217: len= 59 黑胜 loss=27.2350 temp=0.25 total_env_steps=10605 t=0.22s
Ep  218: len= 62 白胜 loss=27.4094 temp=0.25 total_env_steps=10667 t=0.23s
Ep  219: len= 63 黑胜 loss=27.3195 temp=0.25 total_env_steps=10730 t=0.23s
Ep  220: len= 61 黑胜 loss=27.6249 temp=0.25 total_env_steps=10791 t=0.20s
Ep  221: len= 39 黑胜 loss=27.3197 temp=0.25 total_env_steps=10830 t=0.15s
Ep  222: len= 44 白胜 loss=27.4740 temp=0.25 total_env_steps=10874 t=0.16s
Ep  223: len= 23 黑胜 loss=27.2082 temp=0.25 total_env_steps=10897 t=0.10s
Ep  224: len= 52 白胜 loss=27.2228 temp=0.25 total_env_steps=10949 t=0.18s
Ep  225: len= 38 白胜 loss=27.8478 temp=0.25 total_env_steps=10987 t=0.14s
Ep  226: len= 53 黑胜 loss=27.3561 temp=0.25 total_env_steps=11040 t=0.17s
Ep  227: len= 66 白胜 loss=27.3462 temp=0.25 total_env_steps=11106 t=0.22s
Ep  228: len= 21 黑胜 loss=27.6310 temp=0.25 total_env_steps=11127 t=0.08s
Ep  229: len= 52 白胜 loss=27.3540 temp=0.25 total_env_steps=11179 t=0.18s
Ep  230: len= 45 黑胜 loss=27.4093 temp=0.25 total_env_steps=11224 t=0.15s
Ep  231: len= 31 黑胜 loss=27.3938 temp=0.25 total_env_steps=11255 t=0.12s
Ep  232: len= 70 白胜 loss=27.5300 temp=0.25 total_env_steps=11325 t=0.25s
Ep  233: len= 59 黑胜 loss=27.2989 temp=0.25 total_env_steps=11384 t=0.22s
Ep  234: len= 61 黑胜 loss=27.1765 temp=0.25 total_env_steps=11445 t=0.24s
Ep  235: len= 62 白胜 loss=27.3822 temp=0.25 total_env_steps=11507 t=0.23s
Ep  236: len= 23 黑胜 loss=27.1359 temp=0.25 total_env_steps=11530 t=0.11s
Ep  237: len= 51 黑胜 loss=26.8990 temp=0.25 total_env_steps=11581 t=0.18s
Ep  238: len= 53 黑胜 loss=27.2764 temp=0.25 total_env_steps=11634 t=0.20s
Ep  239: len= 50 白胜 loss=27.0739 temp=0.25 total_env_steps=11684 t=0.18s
Ep  240: len= 32 白胜 loss=27.3492 temp=0.25 total_env_steps=11716 t=0.11s
Ep  241: len= 44 白胜 loss=27.2402 temp=0.25 total_env_steps=11760 t=0.15s
Ep  242: len= 56 白胜 loss=27.1621 temp=0.25 total_env_steps=11816 t=0.21s
Ep  243: len= 21 黑胜 loss=27.1007 temp=0.25 total_env_steps=11837 t=0.11s
Ep  244: len= 23 黑胜 loss=27.3745 temp=0.25 total_env_steps=11860 t=0.10s
Ep  245: len= 43 黑胜 loss=27.0625 temp=0.25 total_env_steps=11903 t=0.18s
Ep  246: len= 19 黑胜 loss=27.1988 temp=0.25 total_env_steps=11922 t=0.09s
Ep  247: len= 37 黑胜 loss=27.0920 temp=0.25 total_env_steps=11959 t=0.15s
Ep  248: len= 35 黑胜 loss=27.1511 temp=0.25 total_env_steps=11994 t=0.15s
Ep  249: len= 34 白胜 loss=27.0494 temp=0.25 total_env_steps=12028 t=0.13s
Ep  250: len= 17 黑胜 loss=26.6634 temp=0.25 total_env_steps=12045 t=0.09s
  eval vs Gomoku-random-v0: win_rate=1.00 mean_return=1.00（20 局，total_env_steps=12045）
Ep  251: len= 59 黑胜 loss=27.6830 temp=0.25 total_env_steps=12104 t=0.20s
Ep  252: len= 19 黑胜 loss=27.0657 temp=0.25 total_env_steps=12123 t=0.08s
Ep  253: len= 60 白胜 loss=27.1739 temp=0.25 total_env_steps=12183 t=0.22s
Ep  254: len= 21 黑胜 loss=26.9575 temp=0.25 total_env_steps=12204 t=0.09s
Ep  255: len= 37 黑胜 loss=27.1155 temp=0.25 total_env_steps=12241 t=0.13s
Ep  256: len= 70 白胜 loss=27.1695 temp=0.25 total_env_steps=12311 t=0.25s
Ep  257: len= 39 黑胜 loss=26.5092 temp=0.25 total_env_steps=12350 t=0.14s
Ep  258: len= 52 白胜 loss=26.7420 temp=0.25 total_env_steps=12402 t=0.18s
Ep  259: len= 38 白胜 loss=27.0861 temp=0.25 total_env_steps=12440 t=0.13s
Ep  260: len= 37 黑胜 loss=26.9151 temp=0.25 total_env_steps=12477 t=0.14s
Ep  261: len= 47 黑胜 loss=27.0574 temp=0.25 total_env_steps=12524 t=0.17s
Ep  262: len= 43 黑胜 loss=27.3498 temp=0.25 total_env_steps=12567 t=0.15s
Ep  263: len= 43 黑胜 loss=26.8138 temp=0.25 total_env_steps=12610 t=0.15s
Ep  264: len= 33 黑胜 loss=27.2834 temp=0.25 total_env_steps=12643 t=0.12s
Ep  265: len= 28 白胜 loss=26.6435 temp=0.25 total_env_steps=12671 t=0.11s
Ep  266: len= 15 黑胜 loss=27.2286 temp=0.25 total_env_steps=12686 t=0.07s
Ep  267: len= 30 白胜 loss=27.2339 temp=0.25 total_env_steps=12716 t=0.12s
Ep  268: len= 22 白胜 loss=26.8360 temp=0.25 total_env_steps=12738 t=0.09s
Ep  269: len= 17 黑胜 loss=26.9766 temp=0.25 total_env_steps=12755 t=0.08s
Ep  270: len= 43 黑胜 loss=27.0152 temp=0.25 total_env_steps=12798 t=0.15s
Ep  271: len= 21 黑胜 loss=27.3266 temp=0.25 total_env_steps=12819 t=0.09s
Ep  272: len= 33 黑胜 loss=27.0291 temp=0.25 total_env_steps=12852 t=0.13s
Ep  273: len= 45 黑胜 loss=26.5119 temp=0.25 total_env_steps=12897 t=0.15s
Ep  274: len= 19 黑胜 loss=27.4145 temp=0.25 total_env_steps=12916 t=0.09s
Ep  275: len= 31 黑胜 loss=27.0210 temp=0.25 total_env_steps=12947 t=0.12s
Ep  276: len= 56 白胜 loss=26.5693 temp=0.25 total_env_steps=13003 t=0.21s
Ep  277: len= 58 白胜 loss=26.7538 temp=0.25 total_env_steps=13061 t=0.22s
Ep  278: len= 41 黑胜 loss=27.2770 temp=0.25 total_env_steps=13102 t=0.15s
Ep  279: len= 39 黑胜 loss=27.6739 temp=0.25 total_env_steps=13141 t=0.15s
Ep  280: len=  9 黑胜 loss=27.3611 temp=0.25 total_env_steps=13150 t=0.05s
Ep  281: len= 39 黑胜 loss=26.9305 temp=0.25 total_env_steps=13189 t=0.14s
Ep  282: len= 39 黑胜 loss=27.2863 temp=0.25 total_env_steps=13228 t=0.14s
Ep  283: len= 42 白胜 loss=26.8468 temp=0.25 total_env_steps=13270 t=0.16s
Ep  284: len= 47 黑胜 loss=27.2033 temp=0.25 total_env_steps=13317 t=0.17s
Ep  285: len= 13 黑胜 loss=26.6762 temp=0.25 total_env_steps=13330 t=0.07s
Ep  286: len= 57 黑胜 loss=26.8441 temp=0.25 total_env_steps=13387 t=0.20s
Ep  287: len= 65 黑胜 loss=26.9522 temp=0.25 total_env_steps=13452 t=0.23s
Ep  288: len= 11 黑胜 loss=26.5968 temp=0.25 total_env_steps=13463 t=0.06s
Ep  289: len= 32 白胜 loss=26.4268 temp=0.25 total_env_steps=13495 t=0.14s
Ep  290: len= 38 白胜 loss=26.3485 temp=0.25 total_env_steps=13533 t=0.15s
Ep  291: len= 43 黑胜 loss=26.7223 temp=0.25 total_env_steps=13576 t=0.15s
Ep  292: len= 17 黑胜 loss=26.2674 temp=0.25 total_env_steps=13593 t=0.08s
Ep  293: len= 11 黑胜 loss=26.4814 temp=0.25 total_env_steps=13604 t=0.06s
Ep  294: len= 21 黑胜 loss=26.6642 temp=0.25 total_env_steps=13625 t=0.09s
Ep  295: len= 31 黑胜 loss=26.8395 temp=0.25 total_env_steps=13656 t=0.11s
Ep  296: len= 19 黑胜 loss=26.8715 temp=0.25 total_env_steps=13675 t=0.09s
Ep  297: len= 57 黑胜 loss=27.0477 temp=0.25 total_env_steps=13732 t=0.20s
Ep  298: len= 30 白胜 loss=26.3567 temp=0.25 total_env_steps=13762 t=0.13s
Ep  299: len= 44 白胜 loss=25.9068 temp=0.25 total_env_steps=13806 t=0.17s
Ep  300: len= 13 黑胜 loss=26.2369 temp=0.25 total_env_steps=13819 t=0.06s
  eval vs Gomoku-random-v0: win_rate=0.95 mean_return=0.90（20 局，total_env_steps=13819）
Ep  301: len= 29 黑胜 loss=26.3738 temp=0.25 total_env_steps=13848 t=0.12s
Ep  302: len= 44 白胜 loss=25.7724 temp=0.25 total_env_steps=13892 t=0.17s
Ep  303: len= 21 黑胜 loss=26.7470 temp=0.25 total_env_steps=13913 t=0.09s
Ep  304: len= 67 黑胜 loss=25.3910 temp=0.25 total_env_steps=13980 t=0.24s
Ep  305: len= 13 黑胜 loss=26.1842 temp=0.25 total_env_steps=13993 t=0.08s
Ep  306: len= 44 白胜 loss=26.7131 temp=0.25 total_env_steps=14037 t=0.17s
Ep  307: len= 15 黑胜 loss=26.2059 temp=0.25 total_env_steps=14052 t=0.07s
Ep  308: len= 17 黑胜 loss=26.7763 temp=0.25 total_env_steps=14069 t=0.08s
Ep  309: len= 37 黑胜 loss=26.3633 temp=0.25 total_env_steps=14106 t=0.13s
Ep  310: len= 21 黑胜 loss=25.3788 temp=0.25 total_env_steps=14127 t=0.09s
Ep  311: len= 67 黑胜 loss=26.9164 temp=0.25 total_env_steps=14194 t=0.23s
Ep  312: len= 51 黑胜 loss=26.4831 temp=0.25 total_env_steps=14245 t=0.18s
Ep  313: len= 19 黑胜 loss=26.6007 temp=0.25 total_env_steps=14264 t=0.08s
Ep  314: len= 11 黑胜 loss=26.5083 temp=0.25 total_env_steps=14275 t=0.06s
Ep  315: len= 56 白胜 loss=25.9502 temp=0.25 total_env_steps=14331 t=0.20s
Ep  316: len= 47 黑胜 loss=25.8794 temp=0.25 total_env_steps=14378 t=0.17s
Ep  317: len= 23 黑胜 loss=26.5324 temp=0.25 total_env_steps=14401 t=0.10s
Ep  318: len= 27 黑胜 loss=26.0537 temp=0.25 total_env_steps=14428 t=0.11s
Ep  319: len=  9 黑胜 loss=26.2561 temp=0.25 total_env_steps=14437 t=0.05s
Ep  320: len= 11 黑胜 loss=26.2650 temp=0.25 total_env_steps=14448 t=0.06s
Ep  321: len= 31 黑胜 loss=25.9447 temp=0.25 total_env_steps=14479 t=0.12s
Ep  322: len= 50 白胜 loss=25.0579 temp=0.25 total_env_steps=14529 t=0.18s
Ep  323: len= 59 黑胜 loss=26.2886 temp=0.25 total_env_steps=14588 t=0.20s
Ep  324: len= 42 白胜 loss=26.4746 temp=0.25 total_env_steps=14630 t=0.15s
Ep  325: len= 13 黑胜 loss=25.8417 temp=0.25 total_env_steps=14643 t=0.06s
Ep  326: len= 63 黑胜 loss=26.3867 temp=0.25 total_env_steps=14706 t=0.23s
Ep  327: len= 55 黑胜 loss=26.0236 temp=0.25 total_env_steps=14761 t=0.19s
Ep  328: len= 19 黑胜 loss=26.9366 temp=0.25 total_env_steps=14780 t=0.08s
Ep  329: len= 54 白胜 loss=25.9950 temp=0.25 total_env_steps=14834 t=0.19s
Ep  330: len= 43 黑胜 loss=26.2096 temp=0.25 total_env_steps=14877 t=0.16s
Ep  331: len= 38 白胜 loss=25.4027 temp=0.25 total_env_steps=14915 t=0.16s
Ep  332: len= 27 黑胜 loss=26.5396 temp=0.25 total_env_steps=14942 t=0.11s
Ep  333: len= 44 白胜 loss=25.7334 temp=0.25 total_env_steps=14986 t=0.16s
Ep  334: len= 27 黑胜 loss=26.3016 temp=0.25 total_env_steps=15013 t=0.11s
Ep  335: len= 50 白胜 loss=25.8782 temp=0.25 total_env_steps=15063 t=0.18s
Ep  336: len= 47 黑胜 loss=26.4217 temp=0.25 total_env_steps=15110 t=0.17s
Ep  337: len= 11 黑胜 loss=26.0978 temp=0.25 total_env_steps=15121 t=0.06s
Ep  338: len= 32 白胜 loss=26.3424 temp=0.25 total_env_steps=15153 t=0.13s
Ep  339: len= 35 黑胜 loss=25.9741 temp=0.25 total_env_steps=15188 t=0.14s
Ep  340: len= 53 黑胜 loss=26.1100 temp=0.25 total_env_steps=15241 t=0.18s
Ep  341: len= 61 黑胜 loss=25.8376 temp=0.25 total_env_steps=15302 t=0.22s
Ep  342: len= 15 黑胜 loss=26.6070 temp=0.25 total_env_steps=15317 t=0.07s
Ep  343: len= 37 黑胜 loss=25.7569 temp=0.25 total_env_steps=15354 t=0.14s
Ep  344: len= 46 白胜 loss=26.1090 temp=0.25 total_env_steps=15400 t=0.16s
Ep  345: len= 61 黑胜 loss=25.6148 temp=0.25 total_env_steps=15461 t=0.21s
Ep  346: len= 62 白胜 loss=25.4974 temp=0.25 total_env_steps=15523 t=0.21s
Ep  347: len= 53 黑胜 loss=25.8088 temp=0.25 total_env_steps=15576 t=0.22s
Ep  348: len= 39 黑胜 loss=25.9596 temp=0.25 total_env_steps=15615 t=0.15s
Ep  349: len= 68 白胜 loss=25.6337 temp=0.25 total_env_steps=15683 t=0.25s
Ep  350: len= 11 黑胜 loss=25.7750 temp=0.25 total_env_steps=15694 t=0.06s
  eval vs Gomoku-random-v0: win_rate=1.00 mean_return=1.00（20 局，total_env_steps=15694）
Ep  351: len= 62 白胜 loss=26.2438 temp=0.25 total_env_steps=15756 t=0.22s
Ep  352: len= 67 黑胜 loss=26.0497 temp=0.25 total_env_steps=15823 t=0.24s
Ep  353: len= 34 白胜 loss=25.7800 temp=0.25 total_env_steps=15857 t=0.15s
Ep  354: len= 48 白胜 loss=24.7103 temp=0.25 total_env_steps=15905 t=0.17s
Ep  355: len= 63 黑胜 loss=26.1879 temp=0.25 total_env_steps=15968 t=0.26s
Ep  356: len= 58 白胜 loss=26.2729 temp=0.25 total_env_steps=16026 t=0.22s
Ep  357: len= 44 白胜 loss=26.2568 temp=0.25 total_env_steps=16070 t=0.16s
Ep  358: len= 42 白胜 loss=26.0197 temp=0.25 total_env_steps=16112 t=0.15s
Ep  359: len= 51 黑胜 loss=26.4169 temp=0.25 total_env_steps=16163 t=0.20s
Ep  360: len= 38 白胜 loss=25.3239 temp=0.25 total_env_steps=16201 t=0.14s
Ep  361: len= 58 白胜 loss=24.6956 temp=0.25 total_env_steps=16259 t=0.21s
Ep  362: len= 42 白胜 loss=26.0466 temp=0.25 total_env_steps=16301 t=0.17s
Ep  363: len= 61 黑胜 loss=24.5413 temp=0.25 total_env_steps=16362 t=0.22s
Ep  364: len= 36 白胜 loss=26.0854 temp=0.25 total_env_steps=16398 t=0.13s
Ep  365: len= 52 白胜 loss=25.7462 temp=0.25 total_env_steps=16450 t=0.19s
Ep  366: len= 15 黑胜 loss=25.7176 temp=0.25 total_env_steps=16465 t=0.08s
Ep  367: len= 67 黑胜 loss=25.7692 temp=0.25 total_env_steps=16532 t=0.25s
Ep  368: len= 33 黑胜 loss=25.6572 temp=0.25 total_env_steps=16565 t=0.13s
Ep  369: len= 58 白胜 loss=25.2149 temp=0.25 total_env_steps=16623 t=0.22s
Ep  370: len= 61 黑胜 loss=25.5290 temp=0.25 total_env_steps=16684 t=0.21s
Ep  371: len= 44 白胜 loss=25.7010 temp=0.25 total_env_steps=16728 t=0.18s
Ep  372: len= 47 黑胜 loss=25.2630 temp=0.25 total_env_steps=16775 t=0.19s
Ep  373: len= 42 白胜 loss=25.3917 temp=0.25 total_env_steps=16817 t=0.17s
Ep  374: len= 57 黑胜 loss=25.9994 temp=0.25 total_env_steps=16874 t=0.20s
Ep  375: len= 56 白胜 loss=24.8736 temp=0.25 total_env_steps=16930 t=0.21s
Ep  376: len= 45 黑胜 loss=26.4140 temp=0.25 total_env_steps=16975 t=0.18s
Ep  377: len= 33 黑胜 loss=25.9135 temp=0.25 total_env_steps=17008 t=0.14s
Ep  378: len= 53 黑胜 loss=26.2488 temp=0.25 total_env_steps=17061 t=0.21s
Ep  379: len= 13 黑胜 loss=25.3384 temp=0.25 total_env_steps=17074 t=0.07s
Ep  380: len= 59 黑胜 loss=25.6407 temp=0.25 total_env_steps=17133 t=0.21s
Ep  381: len= 25 黑胜 loss=25.6385 temp=0.25 total_env_steps=17158 t=0.12s
Ep  382: len= 50 白胜 loss=26.0514 temp=0.25 total_env_steps=17208 t=0.17s
Ep  383: len= 63 黑胜 loss=25.5656 temp=0.25 total_env_steps=17271 t=0.23s
Ep  384: len= 39 黑胜 loss=25.3967 temp=0.25 total_env_steps=17310 t=0.15s
Ep  385: len= 70 白胜 loss=25.9961 temp=0.25 total_env_steps=17380 t=0.30s
Ep  386: len= 36 白胜 loss=25.2035 temp=0.25 total_env_steps=17416 t=0.17s
Ep  387: len= 62 白胜 loss=26.0236 temp=0.25 total_env_steps=17478 t=0.22s
Ep  388: len= 11 黑胜 loss=25.8473 temp=0.25 total_env_steps=17489 t=0.06s
Ep  389: len= 40 白胜 loss=24.4941 temp=0.25 total_env_steps=17529 t=0.17s
Ep  390: len= 52 白胜 loss=25.3516 temp=0.25 total_env_steps=17581 t=0.21s
Ep  391: len= 34 白胜 loss=24.5301 temp=0.25 total_env_steps=17615 t=0.15s
Ep  392: len= 29 黑胜 loss=25.3930 temp=0.25 total_env_steps=17644 t=0.11s
Ep  393: len= 53 黑胜 loss=25.5220 temp=0.25 total_env_steps=17697 t=0.21s
Ep  394: len= 41 黑胜 loss=25.0969 temp=0.25 total_env_steps=17738 t=0.17s
Ep  395: len= 51 黑胜 loss=24.8098 temp=0.25 total_env_steps=17789 t=0.21s
Ep  396: len= 39 黑胜 loss=24.9131 temp=0.25 total_env_steps=17828 t=0.17s
Ep  397: len= 33 黑胜 loss=25.3236 temp=0.25 total_env_steps=17861 t=0.14s
Ep  398: len= 57 黑胜 loss=25.2087 temp=0.25 total_env_steps=17918 t=0.20s
Ep  399: len= 34 白胜 loss=24.4513 temp=0.25 total_env_steps=17952 t=0.12s
Ep  400: len= 44 白胜 loss=25.5864 temp=0.25 total_env_steps=17996 t=0.18s
  eval vs Gomoku-random-v0: win_rate=0.95 mean_return=0.90（20 局，total_env_steps=17996）
[闸门] vs random（40 局）: win_rate=1.000
[闸门] vs 半程快照（40 局，黑白各半）: score=1.000
[梯队] vs naive0（20 局，观察性）: win_rate=0.15
[梯队] vs naive1（20 局，观察性）: win_rate=0.20
[梯队] vs naive2（20 局，观察性）: win_rate=0.00
[梯队] vs naive3（20 局，观察性）: win_rate=0.00
📈 Gomoku-selfplay-v0 win_rate=0.95（best 1.00）| 门槛 0.95 | 80.3s

--- seed 43 ---
[MyZero-board Gomoku-selfplay-v0] obs=243(3×9²) |A|=81 sims=100 γ=1.0 negamax
Ep    1: len= 80 白胜 loss=0.0000 temp=1.00 total_env_steps=80 t=0.31s
Ep    2: len= 38 白胜 loss=0.0000 temp=1.00 total_env_steps=118 t=0.13s
Ep    3: len= 69 黑胜 loss=0.0000 temp=1.00 total_env_steps=187 t=0.25s
Ep    4: len= 51 黑胜 loss=0.0000 temp=1.00 total_env_steps=238 t=0.17s
Ep    5: len= 55 黑胜 loss=0.0000 temp=1.00 total_env_steps=293 t=0.19s
Ep    6: len= 36 白胜 loss=0.0000 temp=1.00 total_env_steps=329 t=0.13s
Ep    7: len= 51 黑胜 loss=0.0000 temp=1.00 total_env_steps=380 t=0.18s
Ep    8: len= 55 黑胜 loss=0.0000 temp=1.00 total_env_steps=435 t=0.18s
Ep    9: len= 65 黑胜 loss=0.0000 temp=1.00 total_env_steps=500 t=0.23s
Ep   10: len= 68 白胜 loss=35.6613 temp=1.00 total_env_steps=568 t=0.29s
Ep   11: len= 43 黑胜 loss=28.4257 temp=1.00 total_env_steps=611 t=0.16s
Ep   12: len= 39 黑胜 loss=28.6303 temp=1.00 total_env_steps=650 t=0.14s
Ep   13: len= 52 白胜 loss=28.5724 temp=1.00 total_env_steps=702 t=0.20s
Ep   14: len= 53 黑胜 loss=28.2334 temp=1.00 total_env_steps=755 t=0.19s
Ep   15: len= 58 白胜 loss=27.9268 temp=1.00 total_env_steps=813 t=0.23s
Ep   16: len= 72 白胜 loss=28.0774 temp=1.00 total_env_steps=885 t=0.26s
Ep   17: len= 57 黑胜 loss=27.8920 temp=1.00 total_env_steps=942 t=0.21s
Ep   18: len= 49 黑胜 loss=28.2709 temp=1.00 total_env_steps=991 t=0.19s
Ep   19: len= 69 黑胜 loss=28.0055 temp=1.00 total_env_steps=1060 t=0.27s
Ep   20: len= 68 白胜 loss=27.8055 temp=1.00 total_env_steps=1128 t=0.28s
Ep   21: len= 50 白胜 loss=28.1055 temp=1.00 total_env_steps=1178 t=0.18s
Ep   22: len= 30 白胜 loss=28.5873 temp=1.00 total_env_steps=1208 t=0.11s
Ep   23: len= 36 白胜 loss=28.2521 temp=1.00 total_env_steps=1244 t=0.14s
Ep   24: len= 39 黑胜 loss=28.2793 temp=1.00 total_env_steps=1283 t=0.15s
Ep   25: len= 26 白胜 loss=27.9303 temp=1.00 total_env_steps=1309 t=0.11s
Ep   26: len= 65 黑胜 loss=28.2259 temp=1.00 total_env_steps=1374 t=0.24s
Ep   27: len= 40 白胜 loss=27.8426 temp=1.00 total_env_steps=1414 t=0.15s
Ep   28: len= 51 黑胜 loss=27.8335 temp=1.00 total_env_steps=1465 t=0.19s
Ep   29: len= 66 白胜 loss=27.8854 temp=1.00 total_env_steps=1531 t=0.24s
Ep   30: len= 67 黑胜 loss=28.1734 temp=1.00 total_env_steps=1598 t=0.23s
Ep   31: len= 43 黑胜 loss=28.1467 temp=1.00 total_env_steps=1641 t=0.16s
Ep   32: len= 55 黑胜 loss=27.9702 temp=1.00 total_env_steps=1696 t=0.20s
Ep   33: len= 59 黑胜 loss=27.9068 temp=1.00 total_env_steps=1755 t=0.21s
Ep   34: len= 57 黑胜 loss=28.1666 temp=1.00 total_env_steps=1812 t=0.21s
Ep   35: len= 55 黑胜 loss=27.8967 temp=1.00 total_env_steps=1867 t=0.18s
Ep   36: len= 70 白胜 loss=27.9534 temp=1.00 total_env_steps=1937 t=0.27s
Ep   37: len= 49 黑胜 loss=28.0563 temp=1.00 total_env_steps=1986 t=0.18s
Ep   38: len= 57 黑胜 loss=27.8004 temp=1.00 total_env_steps=2043 t=0.25s
Ep   39: len= 35 黑胜 loss=28.1662 temp=1.00 total_env_steps=2078 t=0.13s
Ep   40: len= 41 黑胜 loss=27.8642 temp=1.00 total_env_steps=2119 t=0.14s
Ep   41: len= 41 黑胜 loss=28.1614 temp=1.00 total_env_steps=2160 t=0.17s
Ep   42: len= 44 白胜 loss=28.0442 temp=1.00 total_env_steps=2204 t=0.18s
Ep   43: len= 75 黑胜 loss=28.2361 temp=1.00 total_env_steps=2279 t=0.25s
Ep   44: len= 64 白胜 loss=28.1493 temp=1.00 total_env_steps=2343 t=0.26s
Ep   45: len= 48 白胜 loss=27.9736 temp=1.00 total_env_steps=2391 t=0.18s
Ep   46: len= 43 黑胜 loss=28.1485 temp=1.00 total_env_steps=2434 t=0.16s
Ep   47: len= 63 黑胜 loss=28.3495 temp=1.00 total_env_steps=2497 t=0.23s
Ep   48: len= 67 黑胜 loss=28.0149 temp=1.00 total_env_steps=2564 t=0.27s
Ep   49: len= 57 黑胜 loss=27.9565 temp=1.00 total_env_steps=2621 t=0.22s
Ep   50: len= 41 黑胜 loss=28.0350 temp=1.00 total_env_steps=2662 t=0.15s
  eval vs Gomoku-random-v0: win_rate=0.85 mean_return=0.70（20 局，total_env_steps=2662）
Ep   51: len= 41 黑胜 loss=28.0880 temp=1.00 total_env_steps=2703 t=0.15s
Ep   52: len= 51 黑胜 loss=28.2368 temp=1.00 total_env_steps=2754 t=0.20s
Ep   53: len= 39 黑胜 loss=27.9570 temp=1.00 total_env_steps=2793 t=0.16s
Ep   54: len= 42 白胜 loss=27.9918 temp=1.00 total_env_steps=2835 t=0.15s
Ep   55: len= 62 白胜 loss=28.3027 temp=1.00 total_env_steps=2897 t=0.22s
Ep   56: len= 45 黑胜 loss=28.1245 temp=1.00 total_env_steps=2942 t=0.16s
Ep   57: len= 35 黑胜 loss=28.0038 temp=1.00 total_env_steps=2977 t=0.14s
Ep   58: len= 59 黑胜 loss=28.1207 temp=1.00 total_env_steps=3036 t=0.21s
Ep   59: len= 48 白胜 loss=27.8596 temp=1.00 total_env_steps=3084 t=0.19s
Ep   60: len= 39 黑胜 loss=27.8659 temp=1.00 total_env_steps=3123 t=0.15s
Ep   61: len= 47 黑胜 loss=28.1835 temp=1.00 total_env_steps=3170 t=0.18s
Ep   62: len= 49 黑胜 loss=28.0795 temp=1.00 total_env_steps=3219 t=0.20s
Ep   63: len= 53 黑胜 loss=28.0934 temp=1.00 total_env_steps=3272 t=0.21s
Ep   64: len= 64 白胜 loss=27.8521 temp=1.00 total_env_steps=3336 t=0.24s
Ep   65: len= 62 白胜 loss=28.0928 temp=1.00 total_env_steps=3398 t=0.22s
Ep   66: len= 67 黑胜 loss=27.8079 temp=1.00 total_env_steps=3465 t=0.25s
Ep   67: len= 44 白胜 loss=27.7117 temp=1.00 total_env_steps=3509 t=0.17s
Ep   68: len= 53 黑胜 loss=27.7129 temp=1.00 total_env_steps=3562 t=0.19s
Ep   69: len= 51 黑胜 loss=27.8289 temp=1.00 total_env_steps=3613 t=0.17s
Ep   70: len= 52 白胜 loss=27.6746 temp=1.00 total_env_steps=3665 t=0.20s
Ep   71: len= 52 白胜 loss=27.7205 temp=1.00 total_env_steps=3717 t=0.20s
Ep   72: len= 52 白胜 loss=27.5474 temp=1.00 total_env_steps=3769 t=0.24s
Ep   73: len= 40 白胜 loss=27.7001 temp=1.00 total_env_steps=3809 t=0.15s
Ep   74: len= 61 黑胜 loss=27.8387 temp=1.00 total_env_steps=3870 t=0.22s
Ep   75: len= 62 白胜 loss=27.8688 temp=1.00 total_env_steps=3932 t=0.23s
Ep   76: len= 65 黑胜 loss=27.7199 temp=1.00 total_env_steps=3997 t=0.22s
Ep   77: len= 32 白胜 loss=27.6605 temp=1.00 total_env_steps=4029 t=0.13s
Ep   78: len= 68 白胜 loss=27.7688 temp=1.00 total_env_steps=4097 t=0.25s
Ep   79: len= 44 白胜 loss=27.7745 temp=1.00 total_env_steps=4141 t=0.17s
Ep   80: len= 45 黑胜 loss=27.8800 temp=1.00 total_env_steps=4186 t=0.17s
Ep   81: len= 39 黑胜 loss=27.7372 temp=1.00 total_env_steps=4225 t=0.15s
Ep   82: len= 47 黑胜 loss=27.6913 temp=1.00 total_env_steps=4272 t=0.20s
Ep   83: len= 60 白胜 loss=27.8023 temp=1.00 total_env_steps=4332 t=0.22s
Ep   84: len= 64 白胜 loss=27.8202 temp=1.00 total_env_steps=4396 t=0.23s
Ep   85: len= 42 白胜 loss=27.9058 temp=1.00 total_env_steps=4438 t=0.15s
Ep   86: len= 37 黑胜 loss=27.8942 temp=1.00 total_env_steps=4475 t=0.16s
Ep   87: len= 79 黑胜 loss=27.8579 temp=1.00 total_env_steps=4554 t=0.26s
Ep   88: len= 52 白胜 loss=28.0035 temp=1.00 total_env_steps=4606 t=0.18s
Ep   89: len= 44 白胜 loss=27.8155 temp=1.00 total_env_steps=4650 t=0.16s
Ep   90: len= 50 白胜 loss=27.8354 temp=1.00 total_env_steps=4700 t=0.17s
Ep   91: len= 52 白胜 loss=27.6830 temp=1.00 total_env_steps=4752 t=0.17s
Ep   92: len= 80 白胜 loss=27.9410 temp=1.00 total_env_steps=4832 t=0.27s
Ep   93: len= 61 黑胜 loss=27.6662 temp=1.00 total_env_steps=4893 t=0.21s
Ep   94: len= 39 黑胜 loss=27.9726 temp=1.00 total_env_steps=4932 t=0.15s
Ep   95: len= 70 白胜 loss=27.7135 temp=1.00 total_env_steps=5002 t=0.23s
Ep   96: len= 38 白胜 loss=28.0085 temp=1.00 total_env_steps=5040 t=0.15s
Ep   97: len= 62 白胜 loss=27.8246 temp=1.00 total_env_steps=5102 t=0.23s
Ep   98: len= 30 白胜 loss=27.8486 temp=1.00 total_env_steps=5132 t=0.11s
Ep   99: len= 54 白胜 loss=27.9599 temp=1.00 total_env_steps=5186 t=0.18s
Ep  100: len= 51 黑胜 loss=27.9240 temp=1.00 total_env_steps=5237 t=0.19s
  eval vs Gomoku-random-v0: win_rate=0.70 mean_return=0.40（20 局，total_env_steps=5237）
Ep  101: len= 51 黑胜 loss=27.9260 temp=1.00 total_env_steps=5288 t=0.18s
Ep  102: len= 55 黑胜 loss=27.8223 temp=0.99 total_env_steps=5343 t=0.21s
Ep  103: len= 40 白胜 loss=27.9971 temp=0.99 total_env_steps=5383 t=0.15s
Ep  104: len= 47 黑胜 loss=27.9125 temp=0.98 total_env_steps=5430 t=0.17s
Ep  105: len= 38 白胜 loss=28.0560 temp=0.97 total_env_steps=5468 t=0.15s
Ep  106: len= 68 白胜 loss=27.9028 temp=0.96 total_env_steps=5536 t=0.24s
Ep  107: len= 50 白胜 loss=27.8503 temp=0.95 total_env_steps=5586 t=0.17s
Ep  108: len= 52 白胜 loss=27.9112 temp=0.95 total_env_steps=5638 t=0.18s
Ep  109: len= 69 黑胜 loss=27.7582 temp=0.94 total_env_steps=5707 t=0.24s
Ep  110: len= 53 黑胜 loss=27.7862 temp=0.93 total_env_steps=5760 t=0.22s
Ep  111: len= 47 黑胜 loss=27.7792 temp=0.93 total_env_steps=5807 t=0.18s
Ep  112: len= 52 白胜 loss=27.7492 temp=0.92 total_env_steps=5859 t=0.17s
Ep  113: len= 43 黑胜 loss=27.7860 temp=0.91 total_env_steps=5902 t=0.15s
Ep  114: len= 50 白胜 loss=27.7896 temp=0.90 total_env_steps=5952 t=0.20s
Ep  115: len= 52 白胜 loss=27.8988 temp=0.89 total_env_steps=6004 t=0.19s
Ep  116: len= 51 黑胜 loss=27.9075 temp=0.89 total_env_steps=6055 t=0.18s
Ep  117: len= 53 黑胜 loss=27.8580 temp=0.88 total_env_steps=6108 t=0.19s
Ep  118: len= 39 黑胜 loss=27.8972 temp=0.87 total_env_steps=6147 t=0.14s
Ep  119: len= 61 黑胜 loss=27.9390 temp=0.87 total_env_steps=6208 t=0.21s
Ep  120: len= 49 黑胜 loss=27.6697 temp=0.86 total_env_steps=6257 t=0.19s
Ep  121: len= 49 黑胜 loss=27.7623 temp=0.85 total_env_steps=6306 t=0.19s
Ep  122: len= 53 黑胜 loss=27.7536 temp=0.84 total_env_steps=6359 t=0.19s
Ep  123: len= 41 黑胜 loss=27.7425 temp=0.84 total_env_steps=6400 t=0.16s
Ep  124: len= 47 黑胜 loss=27.7222 temp=0.83 total_env_steps=6447 t=0.18s
Ep  125: len= 81 平局 loss=27.6961 temp=0.82 total_env_steps=6528 t=0.31s
Ep  126: len= 59 黑胜 loss=27.6874 temp=0.81 total_env_steps=6587 t=0.21s
Ep  127: len= 50 白胜 loss=27.7232 temp=0.81 total_env_steps=6637 t=0.20s
Ep  128: len= 63 黑胜 loss=27.7846 temp=0.80 total_env_steps=6700 t=0.25s
Ep  129: len= 62 白胜 loss=27.8819 temp=0.79 total_env_steps=6762 t=0.22s
Ep  130: len= 65 黑胜 loss=27.7813 temp=0.78 total_env_steps=6827 t=0.22s
Ep  131: len= 50 白胜 loss=27.7237 temp=0.77 total_env_steps=6877 t=0.18s
Ep  132: len= 40 白胜 loss=27.8749 temp=0.77 total_env_steps=6917 t=0.16s
Ep  133: len= 49 黑胜 loss=28.0148 temp=0.76 total_env_steps=6966 t=0.18s
Ep  134: len= 75 黑胜 loss=27.8738 temp=0.75 total_env_steps=7041 t=0.32s
Ep  135: len= 49 黑胜 loss=27.6185 temp=0.75 total_env_steps=7090 t=0.19s
Ep  136: len= 41 黑胜 loss=28.0507 temp=0.74 total_env_steps=7131 t=0.16s
Ep  137: len= 46 白胜 loss=27.7133 temp=0.73 total_env_steps=7177 t=0.17s
Ep  138: len= 40 白胜 loss=27.7752 temp=0.72 total_env_steps=7217 t=0.16s
Ep  139: len= 34 白胜 loss=27.7625 temp=0.72 total_env_steps=7251 t=0.12s
Ep  140: len= 61 黑胜 loss=27.6460 temp=0.71 total_env_steps=7312 t=0.20s
Ep  141: len= 46 白胜 loss=27.8273 temp=0.70 total_env_steps=7358 t=0.16s
Ep  142: len= 57 黑胜 loss=27.6268 temp=0.69 total_env_steps=7415 t=0.20s
Ep  143: len= 63 黑胜 loss=27.8108 temp=0.69 total_env_steps=7478 t=0.21s
Ep  144: len= 46 白胜 loss=27.6652 temp=0.68 total_env_steps=7524 t=0.17s
Ep  145: len= 59 黑胜 loss=27.7790 temp=0.67 total_env_steps=7583 t=0.22s
Ep  146: len= 44 白胜 loss=27.8101 temp=0.66 total_env_steps=7627 t=0.17s
Ep  147: len= 35 黑胜 loss=27.8329 temp=0.65 total_env_steps=7662 t=0.12s
Ep  148: len= 43 黑胜 loss=27.6110 temp=0.65 total_env_steps=7705 t=0.15s
Ep  149: len= 40 白胜 loss=27.7497 temp=0.64 total_env_steps=7745 t=0.15s
Ep  150: len= 77 黑胜 loss=27.6628 temp=0.63 total_env_steps=7822 t=0.27s
  eval vs Gomoku-random-v0: win_rate=0.90 mean_return=0.80（20 局，total_env_steps=7822）
Ep  151: len= 39 黑胜 loss=27.7209 temp=0.62 total_env_steps=7861 t=0.14s
Ep  152: len= 41 黑胜 loss=27.8172 temp=0.62 total_env_steps=7902 t=0.15s
Ep  153: len= 40 白胜 loss=27.6909 temp=0.61 total_env_steps=7942 t=0.14s
Ep  154: len= 35 黑胜 loss=28.0049 temp=0.60 total_env_steps=7977 t=0.13s
Ep  155: len= 42 白胜 loss=27.6146 temp=0.59 total_env_steps=8019 t=0.15s
Ep  156: len= 34 白胜 loss=27.6005 temp=0.59 total_env_steps=8053 t=0.12s
Ep  157: len= 77 黑胜 loss=27.6757 temp=0.58 total_env_steps=8130 t=0.27s
Ep  158: len= 37 黑胜 loss=28.0045 temp=0.57 total_env_steps=8167 t=0.12s
Ep  159: len= 38 白胜 loss=27.8268 temp=0.56 total_env_steps=8205 t=0.14s
Ep  160: len= 36 白胜 loss=27.7222 temp=0.56 total_env_steps=8241 t=0.13s
Ep  161: len= 60 白胜 loss=27.6398 temp=0.55 total_env_steps=8301 t=0.21s
Ep  162: len= 42 白胜 loss=27.8820 temp=0.54 total_env_steps=8343 t=0.16s
Ep  163: len= 71 黑胜 loss=27.7142 temp=0.53 total_env_steps=8414 t=0.25s
Ep  164: len= 47 黑胜 loss=27.8028 temp=0.53 total_env_steps=8461 t=0.20s
Ep  165: len= 47 黑胜 loss=27.9878 temp=0.52 total_env_steps=8508 t=0.17s
Ep  166: len= 54 白胜 loss=27.6603 temp=0.51 total_env_steps=8562 t=0.18s
Ep  167: len= 48 白胜 loss=27.6975 temp=0.50 total_env_steps=8610 t=0.16s
Ep  168: len= 40 白胜 loss=27.8522 temp=0.50 total_env_steps=8650 t=0.14s
Ep  169: len= 72 白胜 loss=27.7313 temp=0.49 total_env_steps=8722 t=0.24s
Ep  170: len= 49 黑胜 loss=27.6340 temp=0.48 total_env_steps=8771 t=0.17s
Ep  171: len= 52 白胜 loss=27.6384 temp=0.48 total_env_steps=8823 t=0.17s
Ep  172: len= 36 白胜 loss=27.6212 temp=0.47 total_env_steps=8859 t=0.13s
Ep  173: len= 38 白胜 loss=27.7283 temp=0.46 total_env_steps=8897 t=0.13s
Ep  174: len= 59 黑胜 loss=27.6855 temp=0.45 total_env_steps=8956 t=0.20s
Ep  175: len= 45 黑胜 loss=27.7759 temp=0.44 total_env_steps=9001 t=0.16s
Ep  176: len= 55 黑胜 loss=27.8720 temp=0.44 total_env_steps=9056 t=0.19s
Ep  177: len= 47 黑胜 loss=27.7424 temp=0.43 total_env_steps=9103 t=0.16s
Ep  178: len= 72 白胜 loss=28.0197 temp=0.42 total_env_steps=9175 t=0.26s
Ep  179: len= 59 黑胜 loss=27.7062 temp=0.42 total_env_steps=9234 t=0.23s
Ep  180: len= 65 黑胜 loss=27.8533 temp=0.41 total_env_steps=9299 t=0.22s
Ep  181: len= 38 白胜 loss=27.6778 temp=0.40 total_env_steps=9337 t=0.14s
Ep  182: len= 66 白胜 loss=27.7602 temp=0.39 total_env_steps=9403 t=0.23s
Ep  183: len= 43 黑胜 loss=27.4804 temp=0.38 total_env_steps=9446 t=0.15s
Ep  184: len= 41 黑胜 loss=27.7217 temp=0.38 total_env_steps=9487 t=0.14s
Ep  185: len= 48 白胜 loss=27.8764 temp=0.37 total_env_steps=9535 t=0.17s
Ep  186: len= 65 黑胜 loss=27.6324 temp=0.36 total_env_steps=9600 t=0.23s
Ep  187: len= 30 白胜 loss=27.9062 temp=0.36 total_env_steps=9630 t=0.12s
Ep  188: len= 50 白胜 loss=27.7314 temp=0.35 total_env_steps=9680 t=0.18s
Ep  189: len= 30 白胜 loss=27.6641 temp=0.34 total_env_steps=9710 t=0.11s
Ep  190: len= 52 白胜 loss=27.8262 temp=0.33 total_env_steps=9762 t=0.19s
Ep  191: len= 64 白胜 loss=27.7151 temp=0.33 total_env_steps=9826 t=0.22s
Ep  192: len= 49 黑胜 loss=27.7759 temp=0.32 total_env_steps=9875 t=0.18s
Ep  193: len= 43 黑胜 loss=27.6816 temp=0.31 total_env_steps=9918 t=0.16s
Ep  194: len= 54 白胜 loss=27.8682 temp=0.30 total_env_steps=9972 t=0.19s
Ep  195: len= 51 黑胜 loss=27.6611 temp=0.30 total_env_steps=10023 t=0.22s
Ep  196: len= 36 白胜 loss=27.7364 temp=0.29 total_env_steps=10059 t=0.16s
Ep  197: len= 47 黑胜 loss=27.7139 temp=0.28 total_env_steps=10106 t=0.20s
Ep  198: len= 56 白胜 loss=27.5149 temp=0.27 total_env_steps=10162 t=0.25s
Ep  199: len= 47 黑胜 loss=27.9872 temp=0.26 total_env_steps=10209 t=0.21s
Ep  200: len= 53 黑胜 loss=27.8337 temp=0.26 total_env_steps=10262 t=0.21s
  eval vs Gomoku-random-v0: win_rate=0.80 mean_return=0.60（20 局，total_env_steps=10262）
  📸 已拍权重快照（ep=200，gating 对弈基准）
Ep  201: len= 73 黑胜 loss=27.6804 temp=0.25 total_env_steps=10335 t=0.27s
Ep  202: len= 39 黑胜 loss=27.7702 temp=0.25 total_env_steps=10374 t=0.15s
Ep  203: len= 48 白胜 loss=27.9226 temp=0.25 total_env_steps=10422 t=0.19s
Ep  204: len= 28 白胜 loss=27.6993 temp=0.25 total_env_steps=10450 t=0.12s
Ep  205: len= 45 黑胜 loss=27.5111 temp=0.25 total_env_steps=10495 t=0.20s
Ep  206: len= 48 白胜 loss=27.5506 temp=0.25 total_env_steps=10543 t=0.19s
Ep  207: len= 54 白胜 loss=27.5979 temp=0.25 total_env_steps=10597 t=0.21s
Ep  208: len= 50 白胜 loss=27.8169 temp=0.25 total_env_steps=10647 t=0.19s
Ep  209: len= 47 黑胜 loss=27.6861 temp=0.25 total_env_steps=10694 t=0.19s
Ep  210: len= 47 黑胜 loss=27.7286 temp=0.25 total_env_steps=10741 t=0.17s
Ep  211: len= 63 黑胜 loss=27.5460 temp=0.25 total_env_steps=10804 t=0.23s
Ep  212: len= 47 黑胜 loss=27.7170 temp=0.25 total_env_steps=10851 t=0.17s
Ep  213: len= 35 黑胜 loss=27.7356 temp=0.25 total_env_steps=10886 t=0.13s
Ep  214: len= 40 白胜 loss=27.5553 temp=0.25 total_env_steps=10926 t=0.18s
Ep  215: len= 66 白胜 loss=27.6251 temp=0.25 total_env_steps=10992 t=0.25s
Ep  216: len= 39 黑胜 loss=27.6580 temp=0.25 total_env_steps=11031 t=0.16s
Ep  217: len= 62 白胜 loss=27.7474 temp=0.25 total_env_steps=11093 t=0.23s
Ep  218: len= 44 白胜 loss=27.5448 temp=0.25 total_env_steps=11137 t=0.17s
Ep  219: len= 73 黑胜 loss=27.6520 temp=0.25 total_env_steps=11210 t=0.27s
Ep  220: len= 49 黑胜 loss=27.7779 temp=0.25 total_env_steps=11259 t=0.19s
Ep  221: len= 43 黑胜 loss=27.6565 temp=0.25 total_env_steps=11302 t=0.17s
Ep  222: len= 50 白胜 loss=27.6009 temp=0.25 total_env_steps=11352 t=0.19s
Ep  223: len= 51 黑胜 loss=27.8482 temp=0.25 total_env_steps=11403 t=0.19s
Ep  224: len= 43 黑胜 loss=27.6823 temp=0.25 total_env_steps=11446 t=0.17s
Ep  225: len= 69 黑胜 loss=27.5343 temp=0.25 total_env_steps=11515 t=0.26s
Ep  226: len= 73 黑胜 loss=27.6403 temp=0.25 total_env_steps=11588 t=0.30s
Ep  227: len= 46 白胜 loss=28.0662 temp=0.25 total_env_steps=11634 t=0.19s
Ep  228: len= 48 白胜 loss=27.8182 temp=0.25 total_env_steps=11682 t=0.19s
Ep  229: len= 42 白胜 loss=27.7519 temp=0.25 total_env_steps=11724 t=0.16s
Ep  230: len= 55 黑胜 loss=27.7237 temp=0.25 total_env_steps=11779 t=0.22s
Ep  231: len= 41 黑胜 loss=27.7922 temp=0.25 total_env_steps=11820 t=0.16s
Ep  232: len= 44 白胜 loss=27.5992 temp=0.25 total_env_steps=11864 t=0.18s
Ep  233: len= 24 白胜 loss=27.6715 temp=0.25 total_env_steps=11888 t=0.12s
Ep  234: len= 31 黑胜 loss=27.5692 temp=0.25 total_env_steps=11919 t=0.13s
Ep  235: len= 45 黑胜 loss=27.7339 temp=0.25 total_env_steps=11964 t=0.18s
Ep  236: len= 40 白胜 loss=27.5091 temp=0.25 total_env_steps=12004 t=0.16s
Ep  237: len= 44 白胜 loss=27.8557 temp=0.25 total_env_steps=12048 t=0.17s
Ep  238: len= 27 黑胜 loss=27.4830 temp=0.25 total_env_steps=12075 t=0.11s
Ep  239: len= 62 白胜 loss=27.6268 temp=0.25 total_env_steps=12137 t=0.24s
Ep  240: len= 43 黑胜 loss=27.8605 temp=0.25 total_env_steps=12180 t=0.18s
Ep  241: len= 43 黑胜 loss=27.8142 temp=0.25 total_env_steps=12223 t=0.17s
Ep  242: len= 36 白胜 loss=27.7848 temp=0.25 total_env_steps=12259 t=0.16s
Ep  243: len= 40 白胜 loss=27.4122 temp=0.25 total_env_steps=12299 t=0.15s
Ep  244: len= 45 黑胜 loss=27.7598 temp=0.25 total_env_steps=12344 t=0.19s
Ep  245: len= 38 白胜 loss=27.5528 temp=0.25 total_env_steps=12382 t=0.17s
Ep  246: len= 43 黑胜 loss=27.6371 temp=0.25 total_env_steps=12425 t=0.17s
Ep  247: len= 63 黑胜 loss=27.6054 temp=0.25 total_env_steps=12488 t=0.23s
Ep  248: len= 42 白胜 loss=27.5283 temp=0.25 total_env_steps=12530 t=0.16s
Ep  249: len= 52 白胜 loss=27.6947 temp=0.25 total_env_steps=12582 t=0.20s
Ep  250: len= 38 白胜 loss=27.8117 temp=0.25 total_env_steps=12620 t=0.15s
  eval vs Gomoku-random-v0: win_rate=0.90 mean_return=0.80（20 局，total_env_steps=12620）
Ep  251: len= 66 白胜 loss=27.6278 temp=0.25 total_env_steps=12686 t=0.28s
Ep  252: len= 32 白胜 loss=27.6101 temp=0.25 total_env_steps=12718 t=0.12s
Ep  253: len= 32 白胜 loss=27.5686 temp=0.25 total_env_steps=12750 t=0.13s
Ep  254: len= 58 白胜 loss=27.9871 temp=0.25 total_env_steps=12808 t=0.22s
Ep  255: len= 55 黑胜 loss=27.5833 temp=0.25 total_env_steps=12863 t=0.23s
Ep  256: len= 24 白胜 loss=27.5258 temp=0.25 total_env_steps=12887 t=0.12s
Ep  257: len= 57 黑胜 loss=27.5642 temp=0.25 total_env_steps=12944 t=0.23s
Ep  258: len= 69 黑胜 loss=27.4109 temp=0.25 total_env_steps=13013 t=0.25s
Ep  259: len= 31 黑胜 loss=27.5754 temp=0.25 total_env_steps=13044 t=0.13s
Ep  260: len= 58 白胜 loss=27.3480 temp=0.25 total_env_steps=13102 t=0.22s
Ep  261: len= 43 黑胜 loss=27.8585 temp=0.25 total_env_steps=13145 t=0.17s
Ep  262: len= 35 黑胜 loss=27.6639 temp=0.25 total_env_steps=13180 t=0.13s
Ep  263: len= 37 黑胜 loss=27.7245 temp=0.25 total_env_steps=13217 t=0.15s
Ep  264: len= 44 白胜 loss=27.3394 temp=0.25 total_env_steps=13261 t=0.17s
Ep  265: len= 44 白胜 loss=27.5000 temp=0.25 total_env_steps=13305 t=0.18s
Ep  266: len= 64 白胜 loss=27.6896 temp=0.25 total_env_steps=13369 t=0.23s
Ep  267: len= 66 白胜 loss=27.6606 temp=0.25 total_env_steps=13435 t=0.27s
Ep  268: len= 60 白胜 loss=27.8688 temp=0.25 total_env_steps=13495 t=0.23s
Ep  269: len= 57 黑胜 loss=27.3658 temp=0.25 total_env_steps=13552 t=0.21s
Ep  270: len= 37 黑胜 loss=27.4790 temp=0.25 total_env_steps=13589 t=0.14s
Ep  271: len= 52 白胜 loss=27.3987 temp=0.25 total_env_steps=13641 t=0.19s
Ep  272: len= 38 白胜 loss=27.7339 temp=0.25 total_env_steps=13679 t=0.15s
Ep  273: len= 57 黑胜 loss=27.6162 temp=0.25 total_env_steps=13736 t=0.20s
Ep  274: len= 33 黑胜 loss=27.5794 temp=0.25 total_env_steps=13769 t=0.13s
Ep  275: len= 41 黑胜 loss=27.3217 temp=0.25 total_env_steps=13810 t=0.15s
Ep  276: len= 29 黑胜 loss=27.4839 temp=0.25 total_env_steps=13839 t=0.12s
Ep  277: len= 27 黑胜 loss=27.4249 temp=0.25 total_env_steps=13866 t=0.11s
Ep  278: len= 43 黑胜 loss=27.5763 temp=0.25 total_env_steps=13909 t=0.17s
Ep  279: len= 55 黑胜 loss=27.2499 temp=0.25 total_env_steps=13964 t=0.19s
Ep  280: len= 48 白胜 loss=27.5220 temp=0.25 total_env_steps=14012 t=0.17s
Ep  281: len= 50 白胜 loss=27.4602 temp=0.25 total_env_steps=14062 t=0.18s
Ep  282: len= 43 黑胜 loss=27.5102 temp=0.25 total_env_steps=14105 t=0.16s
Ep  283: len= 45 黑胜 loss=27.2338 temp=0.25 total_env_steps=14150 t=0.17s
Ep  284: len= 33 黑胜 loss=27.2845 temp=0.25 total_env_steps=14183 t=0.15s
Ep  285: len= 40 白胜 loss=27.5747 temp=0.25 total_env_steps=14223 t=0.16s
Ep  286: len= 42 白胜 loss=27.2274 temp=0.25 total_env_steps=14265 t=0.16s
Ep  287: len= 51 黑胜 loss=27.4264 temp=0.25 total_env_steps=14316 t=0.22s
Ep  288: len= 25 黑胜 loss=27.3552 temp=0.25 total_env_steps=14341 t=0.11s
Ep  289: len= 42 白胜 loss=27.5930 temp=0.25 total_env_steps=14383 t=0.15s
Ep  290: len= 43 黑胜 loss=27.4260 temp=0.25 total_env_steps=14426 t=0.16s
Ep  291: len= 35 黑胜 loss=27.3955 temp=0.25 total_env_steps=14461 t=0.13s
Ep  292: len= 39 黑胜 loss=27.4009 temp=0.25 total_env_steps=14500 t=0.15s
Ep  293: len= 39 黑胜 loss=27.3375 temp=0.25 total_env_steps=14539 t=0.15s
Ep  294: len= 51 黑胜 loss=27.5982 temp=0.25 total_env_steps=14590 t=0.18s
Ep  295: len= 45 黑胜 loss=27.1927 temp=0.25 total_env_steps=14635 t=0.17s
Ep  296: len= 47 黑胜 loss=27.2658 temp=0.25 total_env_steps=14682 t=0.17s
Ep  297: len= 48 白胜 loss=27.3964 temp=0.25 total_env_steps=14730 t=0.18s
Ep  298: len= 39 黑胜 loss=27.2486 temp=0.25 total_env_steps=14769 t=0.15s
Ep  299: len= 39 黑胜 loss=27.9979 temp=0.25 total_env_steps=14808 t=0.15s
Ep  300: len= 53 黑胜 loss=27.2324 temp=0.25 total_env_steps=14861 t=0.20s
  eval vs Gomoku-random-v0: win_rate=0.80 mean_return=0.60（20 局，total_env_steps=14861）
Ep  301: len= 55 黑胜 loss=27.3599 temp=0.25 total_env_steps=14916 t=0.19s
Ep  302: len= 62 白胜 loss=27.0727 temp=0.25 total_env_steps=14978 t=0.24s
Ep  303: len= 51 黑胜 loss=27.4146 temp=0.25 total_env_steps=15029 t=0.17s
Ep  304: len= 38 白胜 loss=27.3713 temp=0.25 total_env_steps=15067 t=0.14s
Ep  305: len= 42 白胜 loss=27.5619 temp=0.25 total_env_steps=15109 t=0.15s
Ep  306: len= 37 黑胜 loss=26.9907 temp=0.25 total_env_steps=15146 t=0.13s
Ep  307: len= 47 黑胜 loss=27.4758 temp=0.25 total_env_steps=15193 t=0.16s
Ep  308: len= 72 白胜 loss=27.2940 temp=0.25 total_env_steps=15265 t=0.36s
Ep  309: len= 34 白胜 loss=27.4431 temp=0.25 total_env_steps=15299 t=0.23s
Ep  310: len= 36 白胜 loss=27.1360 temp=0.25 total_env_steps=15335 t=0.21s
Ep  311: len= 35 黑胜 loss=27.6663 temp=0.25 total_env_steps=15370 t=0.22s
Ep  312: len= 67 黑胜 loss=26.8030 temp=0.25 total_env_steps=15437 t=0.37s
Ep  313: len= 64 白胜 loss=27.0231 temp=0.25 total_env_steps=15501 t=0.36s
Ep  314: len= 39 黑胜 loss=27.0883 temp=0.25 total_env_steps=15540 t=0.24s
Ep  315: len= 31 黑胜 loss=27.0987 temp=0.25 total_env_steps=15571 t=0.21s
Ep  316: len= 38 白胜 loss=27.3163 temp=0.25 total_env_steps=15609 t=0.23s
Ep  317: len= 27 黑胜 loss=26.9376 temp=0.25 total_env_steps=15636 t=0.18s
Ep  318: len= 31 黑胜 loss=27.3031 temp=0.25 total_env_steps=15667 t=0.19s
Ep  319: len= 40 白胜 loss=27.2149 temp=0.25 total_env_steps=15707 t=0.23s
Ep  320: len= 47 黑胜 loss=27.4010 temp=0.25 total_env_steps=15754 t=0.26s
Ep  321: len= 23 黑胜 loss=27.3594 temp=0.25 total_env_steps=15777 t=0.17s
Ep  322: len= 23 黑胜 loss=26.9789 temp=0.25 total_env_steps=15800 t=0.17s
Ep  323: len= 56 白胜 loss=27.2223 temp=0.25 total_env_steps=15856 t=0.30s
Ep  324: len= 44 白胜 loss=27.1383 temp=0.25 total_env_steps=15900 t=0.26s
Ep  325: len= 36 白胜 loss=27.3103 temp=0.25 total_env_steps=15936 t=0.22s
Ep  326: len= 25 黑胜 loss=27.0499 temp=0.25 total_env_steps=15961 t=0.17s
Ep  327: len= 33 黑胜 loss=27.0464 temp=0.25 total_env_steps=15994 t=0.20s
Ep  328: len= 42 白胜 loss=27.3269 temp=0.25 total_env_steps=16036 t=0.24s
Ep  329: len= 25 黑胜 loss=27.3521 temp=0.25 total_env_steps=16061 t=0.18s
Ep  330: len= 43 黑胜 loss=27.0747 temp=0.25 total_env_steps=16104 t=0.26s
Ep  331: len= 58 白胜 loss=27.1790 temp=0.25 total_env_steps=16162 t=0.33s
Ep  332: len= 32 白胜 loss=27.0929 temp=0.25 total_env_steps=16194 t=0.21s
Ep  333: len= 43 黑胜 loss=26.7272 temp=0.25 total_env_steps=16237 t=0.25s
Ep  334: len= 34 白胜 loss=26.9439 temp=0.25 total_env_steps=16271 t=0.23s
Ep  335: len= 46 白胜 loss=26.9293 temp=0.25 total_env_steps=16317 t=0.27s
Ep  336: len= 54 白胜 loss=26.9225 temp=0.25 total_env_steps=16371 t=0.29s
Ep  337: len= 43 黑胜 loss=26.6334 temp=0.25 total_env_steps=16414 t=0.27s
Ep  338: len= 31 黑胜 loss=26.8382 temp=0.25 total_env_steps=16445 t=0.21s
Ep  339: len= 42 白胜 loss=26.5934 temp=0.25 total_env_steps=16487 t=0.25s
Ep  340: len= 33 黑胜 loss=26.7423 temp=0.25 total_env_steps=16520 t=0.22s
Ep  341: len= 68 白胜 loss=26.8026 temp=0.25 total_env_steps=16588 t=0.36s
Ep  342: len= 37 黑胜 loss=27.0512 temp=0.25 total_env_steps=16625 t=0.24s
Ep  343: len= 49 黑胜 loss=26.7853 temp=0.25 total_env_steps=16674 t=0.30s
Ep  344: len= 55 黑胜 loss=26.9122 temp=0.25 total_env_steps=16729 t=0.30s
Ep  345: len= 39 黑胜 loss=27.1320 temp=0.25 total_env_steps=16768 t=0.24s
Ep  346: len= 38 白胜 loss=26.7714 temp=0.25 total_env_steps=16806 t=0.24s
Ep  347: len= 57 黑胜 loss=27.0283 temp=0.25 total_env_steps=16863 t=0.32s
Ep  348: len= 46 白胜 loss=26.5978 temp=0.25 total_env_steps=16909 t=0.30s
Ep  349: len= 65 黑胜 loss=26.6963 temp=0.25 total_env_steps=16974 t=0.35s
Ep  350: len= 50 白胜 loss=26.7667 temp=0.25 total_env_steps=17024 t=0.29s
  eval vs Gomoku-random-v0: win_rate=0.90 mean_return=0.80（20 局，total_env_steps=17024）
Ep  351: len= 38 白胜 loss=26.7133 temp=0.25 total_env_steps=17062 t=0.23s
Ep  352: len= 44 白胜 loss=27.1617 temp=0.25 total_env_steps=17106 t=0.26s
Ep  353: len= 60 白胜 loss=27.2024 temp=0.25 total_env_steps=17166 t=0.33s
Ep  354: len= 62 白胜 loss=26.8085 temp=0.25 total_env_steps=17228 t=0.33s
Ep  355: len= 50 白胜 loss=26.9107 temp=0.25 total_env_steps=17278 t=0.28s
Ep  356: len= 29 黑胜 loss=26.8365 temp=0.25 total_env_steps=17307 t=0.19s
Ep  357: len= 40 白胜 loss=26.5895 temp=0.25 total_env_steps=17347 t=0.22s
Ep  358: len= 38 白胜 loss=26.6221 temp=0.25 total_env_steps=17385 t=0.23s
Ep  359: len= 21 黑胜 loss=26.7814 temp=0.25 total_env_steps=17406 t=0.16s
Ep  360: len= 33 黑胜 loss=27.2317 temp=0.25 total_env_steps=17439 t=0.21s
Ep  361: len= 35 黑胜 loss=26.7755 temp=0.25 total_env_steps=17474 t=0.22s
Ep  362: len= 29 黑胜 loss=26.6482 temp=0.25 total_env_steps=17503 t=0.19s
Ep  363: len= 49 黑胜 loss=26.7072 temp=0.25 total_env_steps=17552 t=0.26s
Ep  364: len= 60 白胜 loss=26.3127 temp=0.25 total_env_steps=17612 t=0.32s
Ep  365: len= 23 黑胜 loss=26.4260 temp=0.25 total_env_steps=17635 t=0.18s
Ep  366: len= 54 白胜 loss=26.6153 temp=0.25 total_env_steps=17689 t=0.30s
Ep  367: len= 49 黑胜 loss=26.5251 temp=0.25 total_env_steps=17738 t=0.28s
Ep  368: len= 48 白胜 loss=26.7110 temp=0.25 total_env_steps=17786 t=0.28s
Ep  369: len= 58 白胜 loss=27.0182 temp=0.25 total_env_steps=17844 t=0.31s
Ep  370: len= 16 白胜 loss=26.6700 temp=0.25 total_env_steps=17860 t=0.15s
Ep  371: len= 44 白胜 loss=26.5315 temp=0.25 total_env_steps=17904 t=0.26s
Ep  372: len= 53 黑胜 loss=26.8166 temp=0.25 total_env_steps=17957 t=0.31s
Ep  373: len= 37 黑胜 loss=27.1567 temp=0.25 total_env_steps=17994 t=0.24s
Ep  374: len= 61 黑胜 loss=26.6265 temp=0.25 total_env_steps=18055 t=0.33s
Ep  375: len= 53 黑胜 loss=26.9884 temp=0.25 total_env_steps=18108 t=0.30s
Ep  376: len= 41 黑胜 loss=26.6751 temp=0.25 total_env_steps=18149 t=0.25s
Ep  377: len= 27 黑胜 loss=26.5485 temp=0.25 total_env_steps=18176 t=0.19s
Ep  378: len= 33 黑胜 loss=27.3895 temp=0.25 total_env_steps=18209 t=0.22s
Ep  379: len= 42 白胜 loss=27.2446 temp=0.25 total_env_steps=18251 t=0.25s
Ep  380: len= 21 黑胜 loss=26.5409 temp=0.25 total_env_steps=18272 t=0.17s
Ep  381: len= 56 白胜 loss=26.5571 temp=0.25 total_env_steps=18328 t=0.30s
Ep  382: len= 58 白胜 loss=26.7860 temp=0.25 total_env_steps=18386 t=0.31s
Ep  383: len= 61 黑胜 loss=26.0824 temp=0.25 total_env_steps=18447 t=0.34s
Ep  384: len= 27 黑胜 loss=27.1917 temp=0.25 total_env_steps=18474 t=0.19s
Ep  385: len= 51 黑胜 loss=26.1967 temp=0.25 total_env_steps=18525 t=0.29s
Ep  386: len= 45 黑胜 loss=26.9227 temp=0.25 total_env_steps=18570 t=0.25s
Ep  387: len= 42 白胜 loss=26.7772 temp=0.25 total_env_steps=18612 t=0.25s
Ep  388: len= 21 黑胜 loss=26.7002 temp=0.25 total_env_steps=18633 t=0.18s
Ep  389: len= 37 黑胜 loss=27.1229 temp=0.25 total_env_steps=18670 t=0.23s
Ep  390: len= 38 白胜 loss=26.5538 temp=0.25 total_env_steps=18708 t=0.24s
Ep  391: len= 22 白胜 loss=27.3120 temp=0.25 total_env_steps=18730 t=0.17s
Ep  392: len= 49 黑胜 loss=27.0728 temp=0.25 total_env_steps=18779 t=0.28s
Ep  393: len= 46 白胜 loss=26.5694 temp=0.25 total_env_steps=18825 t=0.27s
Ep  394: len= 42 白胜 loss=26.0441 temp=0.25 total_env_steps=18867 t=0.26s
Ep  395: len= 38 白胜 loss=26.4802 temp=0.25 total_env_steps=18905 t=0.24s
Ep  396: len= 47 黑胜 loss=26.9691 temp=0.25 total_env_steps=18952 t=0.27s
Ep  397: len= 55 黑胜 loss=26.6660 temp=0.25 total_env_steps=19007 t=0.31s
Ep  398: len= 48 白胜 loss=26.3900 temp=0.25 total_env_steps=19055 t=0.27s
Ep  399: len= 44 白胜 loss=26.4131 temp=0.25 total_env_steps=19099 t=0.26s
Ep  400: len= 30 白胜 loss=26.2692 temp=0.25 total_env_steps=19129 t=0.21s
  eval vs Gomoku-random-v0: win_rate=0.90 mean_return=0.80（20 局，total_env_steps=19129）
[闸门] vs random（40 局）: win_rate=0.950
[闸门] vs 半程快照（40 局，黑白各半）: score=1.000
[梯队] vs naive0（20 局，观察性）: win_rate=0.00
[梯队] vs naive1（20 局，观察性）: win_rate=0.00
[梯队] vs naive2（20 局，观察性）: win_rate=0.00
[梯队] vs naive3（20 局，观察性）: win_rate=0.00
📈 Gomoku-selfplay-v0 win_rate=0.90（best 0.90）| 门槛 0.95 | 105.6s

--- seed 44 ---
[MyZero-board Gomoku-selfplay-v0] obs=243(3×9²) |A|=81 sims=100 γ=1.0 negamax
Ep    1: len= 44 白胜 loss=0.0000 temp=1.00 total_env_steps=44 t=0.18s
Ep    2: len= 59 黑胜 loss=0.0000 temp=1.00 total_env_steps=103 t=0.24s
Ep    3: len= 55 黑胜 loss=0.0000 temp=1.00 total_env_steps=158 t=0.22s
Ep    4: len= 71 黑胜 loss=0.0000 temp=1.00 total_env_steps=229 t=0.31s
Ep    5: len= 60 白胜 loss=0.0000 temp=1.00 total_env_steps=289 t=0.24s
Ep    6: len= 41 黑胜 loss=0.0000 temp=1.00 total_env_steps=330 t=0.16s
Ep    7: len= 47 黑胜 loss=0.0000 temp=1.00 total_env_steps=377 t=0.19s
Ep    8: len= 66 白胜 loss=0.0000 temp=1.00 total_env_steps=443 t=0.26s
Ep    9: len= 63 黑胜 loss=0.0000 temp=1.00 total_env_steps=506 t=0.25s
Ep   10: len= 48 白胜 loss=37.3079 temp=1.00 total_env_steps=554 t=0.21s
Ep   11: len= 37 黑胜 loss=29.3256 temp=1.00 total_env_steps=591 t=0.15s
Ep   12: len= 51 黑胜 loss=28.8031 temp=1.00 total_env_steps=642 t=0.21s
Ep   13: len= 53 黑胜 loss=28.5302 temp=1.00 total_env_steps=695 t=0.25s
Ep   14: len= 53 黑胜 loss=28.6432 temp=1.00 total_env_steps=748 t=0.23s
Ep   15: len= 60 白胜 loss=28.1310 temp=1.00 total_env_steps=808 t=0.27s
Ep   16: len= 61 黑胜 loss=28.6883 temp=1.00 total_env_steps=869 t=0.27s
Ep   17: len= 51 黑胜 loss=28.4648 temp=1.00 total_env_steps=920 t=0.25s
Ep   18: len= 53 黑胜 loss=28.3087 temp=1.00 total_env_steps=973 t=0.22s
Ep   19: len= 65 黑胜 loss=28.3481 temp=1.00 total_env_steps=1038 t=0.29s
Ep   20: len= 44 白胜 loss=28.2920 temp=1.00 total_env_steps=1082 t=0.22s
Ep   21: len= 58 白胜 loss=28.0434 temp=1.00 total_env_steps=1140 t=0.27s
Ep   22: len= 27 黑胜 loss=28.1035 temp=1.00 total_env_steps=1167 t=0.12s
Ep   23: len= 66 白胜 loss=28.3204 temp=1.00 total_env_steps=1233 t=0.26s
Ep   24: len= 42 白胜 loss=27.8215 temp=1.00 total_env_steps=1275 t=0.26s
Ep   25: len= 49 黑胜 loss=28.0309 temp=1.00 total_env_steps=1324 t=0.21s
Ep   26: len= 66 白胜 loss=28.4618 temp=1.00 total_env_steps=1390 t=0.29s
Ep   27: len= 53 黑胜 loss=28.4641 temp=1.00 total_env_steps=1443 t=0.24s
Ep   28: len= 48 白胜 loss=28.6507 temp=1.00 total_env_steps=1491 t=0.22s
Ep   29: len= 48 白胜 loss=28.1455 temp=1.00 total_env_steps=1539 t=0.22s
Ep   30: len= 51 黑胜 loss=28.3789 temp=1.00 total_env_steps=1590 t=0.25s
Ep   31: len= 45 黑胜 loss=28.3802 temp=1.00 total_env_steps=1635 t=0.22s
Ep   32: len= 40 白胜 loss=28.0320 temp=1.00 total_env_steps=1675 t=0.18s
Ep   33: len= 50 白胜 loss=28.1781 temp=1.00 total_env_steps=1725 t=0.21s
Ep   34: len= 51 黑胜 loss=28.4098 temp=1.00 total_env_steps=1776 t=0.22s
Ep   35: len= 71 黑胜 loss=28.3770 temp=1.00 total_env_steps=1847 t=0.28s
Ep   36: len= 49 黑胜 loss=27.9797 temp=1.00 total_env_steps=1896 t=0.24s
Ep   37: len= 60 白胜 loss=28.8415 temp=1.00 total_env_steps=1956 t=0.25s
Ep   38: len= 55 黑胜 loss=28.4417 temp=1.00 total_env_steps=2011 t=0.26s
Ep   39: len= 41 黑胜 loss=28.1518 temp=1.00 total_env_steps=2052 t=0.20s
Ep   40: len= 44 白胜 loss=28.1410 temp=1.00 total_env_steps=2096 t=0.21s
Ep   41: len= 55 黑胜 loss=28.4297 temp=1.00 total_env_steps=2151 t=0.25s
Ep   42: len= 52 白胜 loss=28.4708 temp=1.00 total_env_steps=2203 t=0.24s
Ep   43: len= 69 黑胜 loss=28.2786 temp=1.00 total_env_steps=2272 t=0.35s
Ep   44: len= 67 黑胜 loss=28.4701 temp=1.00 total_env_steps=2339 t=0.30s
Ep   45: len= 81 平局 loss=27.9897 temp=1.00 total_env_steps=2420 t=0.40s
Ep   46: len= 65 黑胜 loss=28.1550 temp=1.00 total_env_steps=2485 t=0.29s
Ep   47: len= 68 白胜 loss=28.1468 temp=1.00 total_env_steps=2553 t=0.30s
Ep   48: len= 41 黑胜 loss=28.0182 temp=1.00 total_env_steps=2594 t=0.20s
Ep   49: len= 43 黑胜 loss=28.0242 temp=1.00 total_env_steps=2637 t=0.20s
Ep   50: len= 41 黑胜 loss=27.8975 temp=1.00 total_env_steps=2678 t=0.19s
  eval vs Gomoku-random-v0: win_rate=0.80 mean_return=0.60（20 局，total_env_steps=2678）
Ep   51: len= 73 黑胜 loss=27.8275 temp=1.00 total_env_steps=2751 t=0.34s
Ep   52: len= 44 白胜 loss=28.1641 temp=1.00 total_env_steps=2795 t=0.20s
Ep   53: len= 67 黑胜 loss=28.1413 temp=1.00 total_env_steps=2862 t=0.31s
Ep   54: len= 53 黑胜 loss=27.8659 temp=1.00 total_env_steps=2915 t=0.24s
Ep   55: len= 51 黑胜 loss=28.3891 temp=1.00 total_env_steps=2966 t=0.24s
Ep   56: len= 49 黑胜 loss=28.3971 temp=1.00 total_env_steps=3015 t=0.23s
Ep   57: len= 55 黑胜 loss=28.2699 temp=1.00 total_env_steps=3070 t=0.26s
Ep   58: len= 52 白胜 loss=28.1565 temp=1.00 total_env_steps=3122 t=0.27s
Ep   59: len= 46 白胜 loss=28.6761 temp=1.00 total_env_steps=3168 t=0.21s
Ep   60: len= 58 白胜 loss=28.1919 temp=1.00 total_env_steps=3226 t=0.26s
Ep   61: len= 72 白胜 loss=28.2244 temp=1.00 total_env_steps=3298 t=0.30s
Ep   62: len= 47 黑胜 loss=28.2499 temp=1.00 total_env_steps=3345 t=0.21s
Ep   63: len= 50 白胜 loss=28.2437 temp=1.00 total_env_steps=3395 t=0.23s
Ep   64: len= 66 白胜 loss=28.0105 temp=1.00 total_env_steps=3461 t=0.27s
Ep   65: len= 57 黑胜 loss=28.3042 temp=1.00 total_env_steps=3518 t=0.26s
Ep   66: len= 57 黑胜 loss=28.8167 temp=1.00 total_env_steps=3575 t=0.25s
Ep   67: len= 54 白胜 loss=28.1951 temp=1.00 total_env_steps=3629 t=0.24s
Ep   68: len= 79 黑胜 loss=28.2341 temp=1.00 total_env_steps=3708 t=0.34s
Ep   69: len= 19 黑胜 loss=27.9709 temp=1.00 total_env_steps=3727 t=0.10s
Ep   70: len= 49 黑胜 loss=27.8288 temp=1.00 total_env_steps=3776 t=0.22s
Ep   71: len= 68 白胜 loss=27.9556 temp=1.00 total_env_steps=3844 t=0.29s
Ep   72: len= 50 白胜 loss=28.1521 temp=1.00 total_env_steps=3894 t=0.24s
Ep   73: len= 72 白胜 loss=27.9187 temp=1.00 total_env_steps=3966 t=0.33s
Ep   74: len= 25 黑胜 loss=28.0097 temp=1.00 total_env_steps=3991 t=0.13s
Ep   75: len= 57 黑胜 loss=28.0000 temp=1.00 total_env_steps=4048 t=0.31s
Ep   76: len= 53 黑胜 loss=28.0687 temp=1.00 total_env_steps=4101 t=0.23s
Ep   77: len= 54 白胜 loss=28.0307 temp=1.00 total_env_steps=4155 t=0.25s
Ep   78: len= 42 白胜 loss=27.9323 temp=1.00 total_env_steps=4197 t=0.21s
Ep   79: len= 20 白胜 loss=27.7790 temp=1.00 total_env_steps=4217 t=0.11s
Ep   80: len= 37 黑胜 loss=27.7299 temp=1.00 total_env_steps=4254 t=0.18s
Ep   81: len= 58 白胜 loss=28.0436 temp=1.00 total_env_steps=4312 t=0.27s
Ep   82: len= 50 白胜 loss=27.8038 temp=1.00 total_env_steps=4362 t=0.23s
Ep   83: len= 19 黑胜 loss=27.8659 temp=1.00 total_env_steps=4381 t=0.11s
Ep   84: len= 63 黑胜 loss=28.1380 temp=1.00 total_env_steps=4444 t=0.28s
Ep   85: len= 58 白胜 loss=28.0260 temp=1.00 total_env_steps=4502 t=0.27s
Ep   86: len= 46 白胜 loss=27.7102 temp=1.00 total_env_steps=4548 t=0.23s
Ep   87: len= 46 白胜 loss=28.0570 temp=1.00 total_env_steps=4594 t=0.22s
Ep   88: len= 40 白胜 loss=27.8960 temp=1.00 total_env_steps=4634 t=0.19s
Ep   89: len= 55 黑胜 loss=27.8628 temp=1.00 total_env_steps=4689 t=0.30s
Ep   90: len= 40 白胜 loss=27.9268 temp=1.00 total_env_steps=4729 t=0.18s
Ep   91: len= 48 白胜 loss=27.7607 temp=1.00 total_env_steps=4777 t=0.23s
Ep   92: len= 39 黑胜 loss=27.5931 temp=1.00 total_env_steps=4816 t=0.19s
Ep   93: len= 46 白胜 loss=27.9232 temp=1.00 total_env_steps=4862 t=0.22s
Ep   94: len= 39 黑胜 loss=27.5779 temp=1.00 total_env_steps=4901 t=0.19s
Ep   95: len= 48 白胜 loss=27.7453 temp=1.00 total_env_steps=4949 t=0.21s
Ep   96: len= 46 白胜 loss=27.7675 temp=1.00 total_env_steps=4995 t=0.21s
Ep   97: len= 47 黑胜 loss=27.7788 temp=1.00 total_env_steps=5042 t=0.22s
Ep   98: len= 53 黑胜 loss=27.8210 temp=1.00 total_env_steps=5095 t=0.25s
Ep   99: len= 56 白胜 loss=27.7440 temp=1.00 total_env_steps=5151 t=0.26s
Ep  100: len= 32 白胜 loss=27.7047 temp=1.00 total_env_steps=5183 t=0.16s
  eval vs Gomoku-random-v0: win_rate=0.75 mean_return=0.50（20 局，total_env_steps=5183）
Ep  101: len= 29 黑胜 loss=27.9063 temp=1.00 total_env_steps=5212 t=0.14s
Ep  102: len= 17 黑胜 loss=27.7245 temp=0.99 total_env_steps=5229 t=0.10s
Ep  103: len= 47 黑胜 loss=27.8167 temp=0.99 total_env_steps=5276 t=0.22s
Ep  104: len= 59 黑胜 loss=27.8364 temp=0.98 total_env_steps=5335 t=0.26s
Ep  105: len= 62 白胜 loss=27.7746 temp=0.97 total_env_steps=5397 t=0.27s
Ep  106: len= 59 黑胜 loss=27.9808 temp=0.96 total_env_steps=5456 t=0.25s
Ep  107: len= 50 白胜 loss=28.0723 temp=0.95 total_env_steps=5506 t=0.23s
Ep  108: len= 43 黑胜 loss=27.7510 temp=0.95 total_env_steps=5549 t=0.20s
Ep  109: len= 65 黑胜 loss=28.1270 temp=0.94 total_env_steps=5614 t=0.32s
Ep  110: len= 53 黑胜 loss=28.0104 temp=0.93 total_env_steps=5667 t=0.25s
Ep  111: len= 73 黑胜 loss=27.8625 temp=0.93 total_env_steps=5740 t=0.31s
Ep  112: len= 38 白胜 loss=27.8857 temp=0.92 total_env_steps=5778 t=0.17s
Ep  113: len= 41 黑胜 loss=27.9953 temp=0.91 total_env_steps=5819 t=0.19s
Ep  114: len= 29 黑胜 loss=27.7977 temp=0.90 total_env_steps=5848 t=0.15s
Ep  115: len= 45 黑胜 loss=28.2388 temp=0.89 total_env_steps=5893 t=0.22s
Ep  116: len= 30 白胜 loss=27.6170 temp=0.89 total_env_steps=5923 t=0.15s
Ep  117: len= 44 白胜 loss=27.8867 temp=0.88 total_env_steps=5967 t=0.20s
Ep  118: len= 46 白胜 loss=27.6986 temp=0.87 total_env_steps=6013 t=0.22s
Ep  119: len= 67 黑胜 loss=28.0262 temp=0.87 total_env_steps=6080 t=0.30s
Ep  120: len= 31 黑胜 loss=28.0026 temp=0.86 total_env_steps=6111 t=0.15s
Ep  121: len= 34 白胜 loss=27.9328 temp=0.85 total_env_steps=6145 t=0.16s
Ep  122: len= 36 白胜 loss=27.8275 temp=0.84 total_env_steps=6181 t=0.18s
Ep  123: len= 55 黑胜 loss=27.8988 temp=0.84 total_env_steps=6236 t=0.24s
Ep  124: len= 42 白胜 loss=27.8005 temp=0.83 total_env_steps=6278 t=0.19s
Ep  125: len= 55 黑胜 loss=27.7386 temp=0.82 total_env_steps=6333 t=0.23s
Ep  126: len= 40 白胜 loss=27.9103 temp=0.81 total_env_steps=6373 t=0.19s
Ep  127: len= 36 白胜 loss=27.8749 temp=0.81 total_env_steps=6409 t=0.17s
Ep  128: len= 52 白胜 loss=27.8401 temp=0.80 total_env_steps=6461 t=0.24s
Ep  129: len= 57 黑胜 loss=27.9063 temp=0.79 total_env_steps=6518 t=0.25s
Ep  130: len= 53 黑胜 loss=27.9262 temp=0.78 total_env_steps=6571 t=0.23s
Ep  131: len= 48 白胜 loss=27.8994 temp=0.77 total_env_steps=6619 t=0.21s
Ep  132: len= 19 黑胜 loss=27.7909 temp=0.77 total_env_steps=6638 t=0.10s
Ep  133: len= 43 黑胜 loss=27.7932 temp=0.76 total_env_steps=6681 t=0.19s
Ep  134: len= 69 黑胜 loss=27.7533 temp=0.75 total_env_steps=6750 t=0.30s
Ep  135: len= 53 黑胜 loss=27.9416 temp=0.75 total_env_steps=6803 t=0.26s
Ep  136: len= 28 白胜 loss=27.8541 temp=0.74 total_env_steps=6831 t=0.14s
Ep  137: len= 54 白胜 loss=27.7409 temp=0.73 total_env_steps=6885 t=0.24s
Ep  138: len= 40 白胜 loss=27.9052 temp=0.72 total_env_steps=6925 t=0.19s
Ep  139: len= 25 黑胜 loss=27.9944 temp=0.72 total_env_steps=6950 t=0.13s
Ep  140: len= 57 黑胜 loss=27.6625 temp=0.71 total_env_steps=7007 t=0.27s
Ep  141: len= 24 白胜 loss=27.7675 temp=0.70 total_env_steps=7031 t=0.12s
Ep  142: len= 60 白胜 loss=28.1421 temp=0.69 total_env_steps=7091 t=0.29s
Ep  143: len= 39 黑胜 loss=28.1153 temp=0.69 total_env_steps=7130 t=0.19s
Ep  144: len= 37 黑胜 loss=27.8230 temp=0.68 total_env_steps=7167 t=0.19s
Ep  145: len= 36 白胜 loss=27.5236 temp=0.67 total_env_steps=7203 t=0.17s
Ep  146: len= 44 白胜 loss=28.0103 temp=0.66 total_env_steps=7247 t=0.21s
Ep  147: len= 57 黑胜 loss=27.8475 temp=0.65 total_env_steps=7304 t=0.26s
Ep  148: len= 50 白胜 loss=27.6783 temp=0.65 total_env_steps=7354 t=0.30s
Ep  149: len= 50 白胜 loss=27.8988 temp=0.64 total_env_steps=7404 t=0.24s
Ep  150: len= 56 白胜 loss=27.7673 temp=0.63 total_env_steps=7460 t=0.26s
  eval vs Gomoku-random-v0: win_rate=0.95 mean_return=0.90（20 局，total_env_steps=7460）
  ✅ 达标 ep=150 total_env_steps=7460
Ep  151: len= 55 黑胜 loss=27.8736 temp=0.62 total_env_steps=7515 t=0.24s
Ep  152: len= 32 白胜 loss=27.7610 temp=0.62 total_env_steps=7547 t=0.16s
Ep  153: len= 71 黑胜 loss=27.8095 temp=0.61 total_env_steps=7618 t=0.31s
Ep  154: len= 46 白胜 loss=27.7951 temp=0.60 total_env_steps=7664 t=0.21s
Ep  155: len= 50 白胜 loss=27.8434 temp=0.59 total_env_steps=7714 t=0.23s
Ep  156: len= 35 黑胜 loss=27.7742 temp=0.59 total_env_steps=7749 t=0.17s
Ep  157: len= 36 白胜 loss=27.6677 temp=0.58 total_env_steps=7785 t=0.17s
Ep  158: len= 48 白胜 loss=27.9112 temp=0.57 total_env_steps=7833 t=0.23s
Ep  159: len= 40 白胜 loss=27.7723 temp=0.56 total_env_steps=7873 t=0.20s
Ep  160: len= 22 白胜 loss=27.8443 temp=0.56 total_env_steps=7895 t=0.12s
Ep  161: len= 28 白胜 loss=27.6486 temp=0.55 total_env_steps=7923 t=0.14s
Ep  162: len= 64 白胜 loss=27.9761 temp=0.54 total_env_steps=7987 t=0.30s
Ep  163: len= 40 白胜 loss=27.8019 temp=0.53 total_env_steps=8027 t=0.19s
Ep  164: len= 45 黑胜 loss=27.8871 temp=0.53 total_env_steps=8072 t=0.21s
Ep  165: len= 55 黑胜 loss=27.7895 temp=0.52 total_env_steps=8127 t=0.26s
Ep  166: len= 25 黑胜 loss=27.8341 temp=0.51 total_env_steps=8152 t=0.13s
Ep  167: len= 37 黑胜 loss=27.9373 temp=0.50 total_env_steps=8189 t=0.18s
Ep  168: len= 58 白胜 loss=27.6392 temp=0.50 total_env_steps=8247 t=0.28s
Ep  169: len= 38 白胜 loss=27.5629 temp=0.49 total_env_steps=8285 t=0.18s
Ep  170: len= 50 白胜 loss=27.8845 temp=0.48 total_env_steps=8335 t=0.23s
Ep  171: len= 43 黑胜 loss=27.7574 temp=0.48 total_env_steps=8378 t=0.20s
Ep  172: len= 65 黑胜 loss=27.7197 temp=0.47 total_env_steps=8443 t=0.29s
Ep  173: len= 44 白胜 loss=27.7391 temp=0.46 total_env_steps=8487 t=0.21s
Ep  174: len= 52 白胜 loss=27.8260 temp=0.45 total_env_steps=8539 t=0.24s
Ep  175: len= 35 黑胜 loss=27.6841 temp=0.44 total_env_steps=8574 t=0.17s
Ep  176: len= 57 黑胜 loss=27.6371 temp=0.44 total_env_steps=8631 t=0.26s
Ep  177: len= 43 黑胜 loss=27.9746 temp=0.43 total_env_steps=8674 t=0.20s
Ep  178: len= 35 黑胜 loss=27.7733 temp=0.42 total_env_steps=8709 t=0.17s
Ep  179: len= 48 白胜 loss=27.6994 temp=0.42 total_env_steps=8757 t=0.23s
Ep  180: len= 55 黑胜 loss=27.5986 temp=0.41 total_env_steps=8812 t=0.26s
Ep  181: len= 51 黑胜 loss=27.6981 temp=0.40 total_env_steps=8863 t=0.25s
Ep  182: len= 69 黑胜 loss=27.3048 temp=0.39 total_env_steps=8932 t=0.30s
Ep  183: len= 55 黑胜 loss=27.7109 temp=0.38 total_env_steps=8987 t=0.26s
Ep  184: len= 48 白胜 loss=27.8945 temp=0.38 total_env_steps=9035 t=0.23s
Ep  185: len= 55 黑胜 loss=27.6606 temp=0.37 total_env_steps=9090 t=0.28s
Ep  186: len= 38 白胜 loss=27.9915 temp=0.36 total_env_steps=9128 t=0.21s
Ep  187: len= 36 白胜 loss=27.6099 temp=0.36 total_env_steps=9164 t=0.18s
Ep  188: len= 32 白胜 loss=27.5500 temp=0.35 total_env_steps=9196 t=0.17s
Ep  189: len= 41 黑胜 loss=27.9788 temp=0.34 total_env_steps=9237 t=0.20s
Ep  190: len= 37 黑胜 loss=27.9200 temp=0.33 total_env_steps=9274 t=0.19s
Ep  191: len= 46 白胜 loss=27.6123 temp=0.33 total_env_steps=9320 t=0.24s
Ep  192: len= 66 白胜 loss=27.7286 temp=0.32 total_env_steps=9386 t=0.31s
Ep  193: len= 59 黑胜 loss=27.6871 temp=0.31 total_env_steps=9445 t=0.28s
Ep  194: len= 72 白胜 loss=27.5494 temp=0.30 total_env_steps=9517 t=0.35s
Ep  195: len= 46 白胜 loss=27.6728 temp=0.30 total_env_steps=9563 t=0.23s
Ep  196: len= 15 黑胜 loss=27.7147 temp=0.29 total_env_steps=9578 t=0.10s
Ep  197: len= 43 黑胜 loss=28.0432 temp=0.28 total_env_steps=9621 t=0.22s
Ep  198: len= 30 白胜 loss=27.6873 temp=0.27 total_env_steps=9651 t=0.19s
Ep  199: len= 33 黑胜 loss=27.4445 temp=0.26 total_env_steps=9684 t=0.20s
Ep  200: len= 40 白胜 loss=27.6605 temp=0.26 total_env_steps=9724 t=0.22s
  eval vs Gomoku-random-v0: win_rate=0.95 mean_return=0.90（20 局，total_env_steps=9724）
  📸 已拍权重快照（ep=200，gating 对弈基准）
Ep  201: len= 37 黑胜 loss=27.5779 temp=0.25 total_env_steps=9761 t=0.21s
Ep  202: len= 37 黑胜 loss=27.4431 temp=0.25 total_env_steps=9798 t=0.22s
Ep  203: len= 37 黑胜 loss=27.6954 temp=0.25 total_env_steps=9835 t=0.22s
Ep  204: len= 39 黑胜 loss=27.7116 temp=0.25 total_env_steps=9874 t=0.25s
Ep  205: len= 62 白胜 loss=27.7072 temp=0.25 total_env_steps=9936 t=0.42s
Ep  206: len= 41 黑胜 loss=27.7480 temp=0.25 total_env_steps=9977 t=0.29s
Ep  207: len= 35 黑胜 loss=27.4548 temp=0.25 total_env_steps=10012 t=0.25s
Ep  208: len= 27 黑胜 loss=27.6327 temp=0.25 total_env_steps=10039 t=0.19s
Ep  209: len= 34 白胜 loss=27.4578 temp=0.25 total_env_steps=10073 t=0.22s
Ep  210: len= 30 白胜 loss=27.4513 temp=0.25 total_env_steps=10103 t=0.21s
Ep  211: len= 34 白胜 loss=27.8963 temp=0.25 total_env_steps=10137 t=0.27s
Ep  212: len= 58 白胜 loss=27.4191 temp=0.25 total_env_steps=10195 t=0.39s
Ep  213: len= 38 白胜 loss=27.4977 temp=0.25 total_env_steps=10233 t=0.27s
Ep  214: len= 45 黑胜 loss=27.4367 temp=0.25 total_env_steps=10278 t=0.25s
Ep  215: len= 50 白胜 loss=27.6468 temp=0.25 total_env_steps=10328 t=0.36s
Ep  216: len= 39 黑胜 loss=27.5159 temp=0.25 total_env_steps=10367 t=0.30s
Ep  217: len= 66 白胜 loss=27.7268 temp=0.25 total_env_steps=10433 t=0.39s
Ep  218: len= 30 白胜 loss=27.5187 temp=0.25 total_env_steps=10463 t=0.22s
Ep  219: len= 43 黑胜 loss=27.4295 temp=0.25 total_env_steps=10506 t=0.30s
Ep  220: len= 36 白胜 loss=27.6548 temp=0.25 total_env_steps=10542 t=0.24s
Ep  221: len= 46 白胜 loss=27.2460 temp=0.25 total_env_steps=10588 t=0.27s
Ep  222: len= 52 白胜 loss=27.4420 temp=0.25 total_env_steps=10640 t=0.33s
Ep  223: len= 13 黑胜 loss=27.8360 temp=0.25 total_env_steps=10653 t=0.14s
Ep  224: len= 46 白胜 loss=27.6487 temp=0.25 total_env_steps=10699 t=0.29s
Ep  225: len= 35 黑胜 loss=27.2821 temp=0.25 total_env_steps=10734 t=0.22s
Ep  226: len= 39 黑胜 loss=27.5930 temp=0.25 total_env_steps=10773 t=0.23s
Ep  227: len= 53 黑胜 loss=27.3853 temp=0.25 total_env_steps=10826 t=0.30s
Ep  228: len= 25 黑胜 loss=28.2304 temp=0.25 total_env_steps=10851 t=0.19s
Ep  229: len= 38 白胜 loss=27.5375 temp=0.25 total_env_steps=10889 t=0.25s
Ep  230: len= 52 白胜 loss=27.4371 temp=0.25 total_env_steps=10941 t=0.34s
Ep  231: len= 46 白胜 loss=27.7324 temp=0.25 total_env_steps=10987 t=0.29s
Ep  232: len= 27 黑胜 loss=27.5175 temp=0.25 total_env_steps=11014 t=0.21s
Ep  233: len= 62 白胜 loss=27.1493 temp=0.25 total_env_steps=11076 t=0.33s
Ep  234: len= 68 白胜 loss=27.1589 temp=0.25 total_env_steps=11144 t=0.36s
Ep  235: len= 29 黑胜 loss=27.3297 temp=0.25 total_env_steps=11173 t=0.24s
Ep  236: len= 37 黑胜 loss=27.6825 temp=0.25 total_env_steps=11210 t=0.28s
Ep  237: len= 41 黑胜 loss=27.3679 temp=0.25 total_env_steps=11251 t=0.29s
Ep  238: len= 33 黑胜 loss=27.7659 temp=0.25 total_env_steps=11284 t=0.28s
Ep  239: len= 39 黑胜 loss=27.2010 temp=0.25 total_env_steps=11323 t=0.26s
Ep  240: len= 44 白胜 loss=27.7168 temp=0.25 total_env_steps=11367 t=0.26s
Ep  241: len= 36 白胜 loss=27.5932 temp=0.25 total_env_steps=11403 t=0.25s
Ep  242: len= 23 黑胜 loss=27.4101 temp=0.25 total_env_steps=11426 t=0.19s
Ep  243: len= 48 白胜 loss=27.3005 temp=0.25 total_env_steps=11474 t=0.30s
Ep  244: len= 46 白胜 loss=27.2503 temp=0.25 total_env_steps=11520 t=0.31s
Ep  245: len= 42 白胜 loss=27.2293 temp=0.25 total_env_steps=11562 t=0.27s
Ep  246: len= 71 黑胜 loss=27.5422 temp=0.25 total_env_steps=11633 t=0.44s
Ep  247: len= 43 黑胜 loss=27.4201 temp=0.25 total_env_steps=11676 t=0.27s
Ep  248: len= 21 黑胜 loss=27.1005 temp=0.25 total_env_steps=11697 t=0.17s
Ep  249: len= 45 黑胜 loss=27.1122 temp=0.25 total_env_steps=11742 t=0.29s
Ep  250: len= 51 黑胜 loss=27.0103 temp=0.25 total_env_steps=11793 t=0.31s
  eval vs Gomoku-random-v0: win_rate=1.00 mean_return=1.00（20 局，total_env_steps=11793）
Ep  251: len= 44 白胜 loss=27.1036 temp=0.25 total_env_steps=11837 t=0.31s
Ep  252: len= 40 白胜 loss=27.3272 temp=0.25 total_env_steps=11877 t=0.28s
Ep  253: len= 39 黑胜 loss=27.3656 temp=0.25 total_env_steps=11916 t=0.27s
Ep  254: len= 29 黑胜 loss=26.9156 temp=0.25 total_env_steps=11945 t=0.23s
Ep  255: len= 42 白胜 loss=27.1339 temp=0.25 total_env_steps=11987 t=0.29s
Ep  256: len= 30 白胜 loss=27.2290 temp=0.25 total_env_steps=12017 t=0.25s
Ep  257: len= 47 黑胜 loss=27.2388 temp=0.25 total_env_steps=12064 t=0.32s
Ep  258: len= 60 白胜 loss=27.3578 temp=0.25 total_env_steps=12124 t=0.38s
Ep  259: len= 29 黑胜 loss=27.2902 temp=0.25 total_env_steps=12153 t=0.21s
Ep  260: len= 41 黑胜 loss=27.0508 temp=0.25 total_env_steps=12194 t=0.27s
Ep  261: len= 49 黑胜 loss=26.7855 temp=0.25 total_env_steps=12243 t=0.31s
Ep  262: len= 34 白胜 loss=27.2161 temp=0.25 total_env_steps=12277 t=0.22s
Ep  263: len= 23 黑胜 loss=27.1295 temp=0.25 total_env_steps=12300 t=0.17s
Ep  264: len= 44 白胜 loss=26.9886 temp=0.25 total_env_steps=12344 t=0.25s
Ep  265: len= 57 黑胜 loss=26.8706 temp=0.25 total_env_steps=12401 t=0.31s
Ep  266: len= 36 白胜 loss=26.8303 temp=0.25 total_env_steps=12437 t=0.23s
Ep  267: len= 24 白胜 loss=26.9791 temp=0.25 total_env_steps=12461 t=0.17s
Ep  268: len= 41 黑胜 loss=26.8721 temp=0.25 total_env_steps=12502 t=0.25s
Ep  269: len= 53 黑胜 loss=27.0083 temp=0.25 total_env_steps=12555 t=0.31s
Ep  270: len= 67 黑胜 loss=26.5446 temp=0.25 total_env_steps=12622 t=0.35s
Ep  271: len= 36 白胜 loss=26.3390 temp=0.25 total_env_steps=12658 t=0.22s
Ep  272: len= 13 黑胜 loss=27.4295 temp=0.25 total_env_steps=12671 t=0.13s
Ep  273: len= 31 黑胜 loss=26.9308 temp=0.25 total_env_steps=12702 t=0.23s
Ep  274: len= 32 白胜 loss=26.9569 temp=0.25 total_env_steps=12734 t=0.22s
Ep  275: len= 60 白胜 loss=26.7770 temp=0.25 total_env_steps=12794 t=0.33s
Ep  276: len= 47 黑胜 loss=26.6197 temp=0.25 total_env_steps=12841 t=0.27s
Ep  277: len= 53 黑胜 loss=26.3329 temp=0.25 total_env_steps=12894 t=0.29s
Ep  278: len= 44 白胜 loss=26.8879 temp=0.25 total_env_steps=12938 t=0.26s
Ep  279: len= 33 黑胜 loss=26.8670 temp=0.25 total_env_steps=12971 t=0.21s
Ep  280: len= 52 白胜 loss=26.1388 temp=0.25 total_env_steps=13023 t=0.29s
Ep  281: len= 31 黑胜 loss=26.6636 temp=0.25 total_env_steps=13054 t=0.20s
Ep  282: len= 22 白胜 loss=26.9755 temp=0.25 total_env_steps=13076 t=0.17s
Ep  283: len= 46 白胜 loss=26.6964 temp=0.25 total_env_steps=13122 t=0.27s
Ep  284: len= 37 黑胜 loss=26.9606 temp=0.25 total_env_steps=13159 t=0.20s
Ep  285: len= 48 白胜 loss=27.0067 temp=0.25 total_env_steps=13207 t=0.27s
Ep  286: len= 38 白胜 loss=26.2557 temp=0.25 total_env_steps=13245 t=0.26s
Ep  287: len= 50 白胜 loss=26.7128 temp=0.25 total_env_steps=13295 t=0.28s
Ep  288: len= 40 白胜 loss=27.0953 temp=0.25 total_env_steps=13335 t=0.24s
Ep  289: len= 45 黑胜 loss=26.5569 temp=0.25 total_env_steps=13380 t=0.26s
Ep  290: len= 32 白胜 loss=26.6014 temp=0.25 total_env_steps=13412 t=0.21s
Ep  291: len= 66 白胜 loss=26.1244 temp=0.25 total_env_steps=13478 t=0.34s
Ep  292: len= 48 白胜 loss=26.5097 temp=0.25 total_env_steps=13526 t=0.28s
Ep  293: len= 48 白胜 loss=26.8232 temp=0.25 total_env_steps=13574 t=0.27s
Ep  294: len= 26 白胜 loss=26.0200 temp=0.25 total_env_steps=13600 t=0.18s
Ep  295: len= 28 白胜 loss=26.5981 temp=0.25 total_env_steps=13628 t=0.20s
Ep  296: len= 57 黑胜 loss=26.1883 temp=0.25 total_env_steps=13685 t=0.31s
Ep  297: len= 33 黑胜 loss=26.1623 temp=0.25 total_env_steps=13718 t=0.22s
Ep  298: len= 35 黑胜 loss=26.2491 temp=0.25 total_env_steps=13753 t=0.22s
Ep  299: len= 37 黑胜 loss=26.0674 temp=0.25 total_env_steps=13790 t=0.22s
Ep  300: len= 39 黑胜 loss=27.0005 temp=0.25 total_env_steps=13829 t=0.21s
  eval vs Gomoku-random-v0: win_rate=0.85 mean_return=0.70（20 局，total_env_steps=13829）
Ep  301: len= 37 黑胜 loss=25.6442 temp=0.25 total_env_steps=13866 t=0.23s
Ep  302: len= 65 黑胜 loss=26.4035 temp=0.25 total_env_steps=13931 t=0.34s
Ep  303: len= 54 白胜 loss=26.4983 temp=0.25 total_env_steps=13985 t=0.30s
Ep  304: len= 39 黑胜 loss=25.6612 temp=0.25 total_env_steps=14024 t=0.24s
Ep  305: len= 36 白胜 loss=26.4343 temp=0.25 total_env_steps=14060 t=0.23s
Ep  306: len= 78 白胜 loss=26.0000 temp=0.25 total_env_steps=14138 t=0.41s
Ep  307: len= 35 黑胜 loss=25.9098 temp=0.25 total_env_steps=14173 t=0.23s
Ep  308: len= 46 白胜 loss=26.6615 temp=0.25 total_env_steps=14219 t=0.28s
Ep  309: len= 28 白胜 loss=26.3148 temp=0.25 total_env_steps=14247 t=0.19s
Ep  310: len= 38 白胜 loss=27.0072 temp=0.25 total_env_steps=14285 t=0.22s
Ep  311: len= 50 白胜 loss=26.2727 temp=0.25 total_env_steps=14335 t=0.34s
Ep  312: len= 59 黑胜 loss=26.5550 temp=0.25 total_env_steps=14394 t=0.38s
Ep  313: len= 33 黑胜 loss=26.6155 temp=0.25 total_env_steps=14427 t=0.25s
Ep  314: len= 23 黑胜 loss=26.4954 temp=0.25 total_env_steps=14450 t=0.19s
Ep  315: len= 69 黑胜 loss=26.4011 temp=0.25 total_env_steps=14519 t=0.40s
Ep  316: len= 54 白胜 loss=26.8231 temp=0.25 total_env_steps=14573 t=0.33s
Ep  317: len= 46 白胜 loss=26.5038 temp=0.25 total_env_steps=14619 t=0.25s
Ep  318: len= 50 白胜 loss=26.5676 temp=0.25 total_env_steps=14669 t=0.32s
Ep  319: len= 61 黑胜 loss=25.7480 temp=0.25 total_env_steps=14730 t=0.34s
Ep  320: len= 32 白胜 loss=25.6135 temp=0.25 total_env_steps=14762 t=0.21s
Ep  321: len= 52 白胜 loss=26.0816 temp=0.25 total_env_steps=14814 t=0.31s
Ep  322: len= 53 黑胜 loss=26.2422 temp=0.25 total_env_steps=14867 t=0.31s
Ep  323: len= 53 黑胜 loss=26.1520 temp=0.25 total_env_steps=14920 t=0.31s
Ep  324: len= 71 黑胜 loss=26.2332 temp=0.25 total_env_steps=14991 t=0.38s
Ep  325: len= 55 黑胜 loss=26.4573 temp=0.25 total_env_steps=15046 t=0.33s
Ep  326: len= 18 白胜 loss=25.6701 temp=0.25 total_env_steps=15064 t=0.16s
Ep  327: len= 50 白胜 loss=26.4590 temp=0.25 total_env_steps=15114 t=0.31s
Ep  328: len= 41 黑胜 loss=26.1526 temp=0.25 total_env_steps=15155 t=0.27s
Ep  329: len= 20 白胜 loss=26.0749 temp=0.25 total_env_steps=15175 t=0.18s
Ep  330: len= 27 黑胜 loss=26.4965 temp=0.25 total_env_steps=15202 t=0.20s
Ep  331: len= 45 黑胜 loss=25.5821 temp=0.25 total_env_steps=15247 t=0.34s
Ep  332: len= 41 黑胜 loss=26.0149 temp=0.25 total_env_steps=15288 t=0.26s
Ep  333: len= 53 黑胜 loss=26.1589 temp=0.25 total_env_steps=15341 t=0.32s
Ep  334: len= 63 黑胜 loss=26.4296 temp=0.25 total_env_steps=15404 t=0.35s
Ep  335: len= 30 白胜 loss=26.2589 temp=0.25 total_env_steps=15434 t=0.23s
Ep  336: len= 39 黑胜 loss=26.2010 temp=0.25 total_env_steps=15473 t=0.25s
Ep  337: len= 50 白胜 loss=25.8932 temp=0.25 total_env_steps=15523 t=0.28s
Ep  338: len= 49 黑胜 loss=26.0844 temp=0.25 total_env_steps=15572 t=0.29s
Ep  339: len= 72 白胜 loss=25.8518 temp=0.25 total_env_steps=15644 t=0.40s
Ep  340: len= 49 黑胜 loss=25.7755 temp=0.25 total_env_steps=15693 t=0.29s
Ep  341: len= 74 白胜 loss=26.6333 temp=0.25 total_env_steps=15767 t=0.41s
Ep  342: len= 38 白胜 loss=26.5193 temp=0.25 total_env_steps=15805 t=0.24s
Ep  343: len= 38 白胜 loss=26.4320 temp=0.25 total_env_steps=15843 t=0.27s
Ep  344: len= 28 白胜 loss=26.0559 temp=0.25 total_env_steps=15871 t=0.21s
Ep  345: len= 44 白胜 loss=26.0128 temp=0.25 total_env_steps=15915 t=0.27s
Ep  346: len= 64 白胜 loss=26.7287 temp=0.25 total_env_steps=15979 t=0.35s
Ep  347: len= 30 白胜 loss=25.4309 temp=0.25 total_env_steps=16009 t=0.21s
Ep  348: len= 42 白胜 loss=25.8778 temp=0.25 total_env_steps=16051 t=0.27s
Ep  349: len= 49 黑胜 loss=25.7603 temp=0.25 total_env_steps=16100 t=0.35s
Ep  350: len= 36 白胜 loss=26.2455 temp=0.25 total_env_steps=16136 t=0.27s
  eval vs Gomoku-random-v0: win_rate=1.00 mean_return=1.00（20 局，total_env_steps=16136）
Ep  351: len= 30 白胜 loss=26.4431 temp=0.25 total_env_steps=16166 t=0.23s
Ep  352: len= 41 黑胜 loss=25.8880 temp=0.25 total_env_steps=16207 t=0.26s
Ep  353: len= 35 黑胜 loss=26.2917 temp=0.25 total_env_steps=16242 t=0.24s
Ep  354: len= 55 黑胜 loss=25.9928 temp=0.25 total_env_steps=16297 t=0.33s
Ep  355: len= 56 白胜 loss=26.4471 temp=0.25 total_env_steps=16353 t=0.33s
Ep  356: len= 35 黑胜 loss=26.2095 temp=0.25 total_env_steps=16388 t=0.24s
Ep  357: len= 39 黑胜 loss=25.7559 temp=0.25 total_env_steps=16427 t=0.27s
Ep  358: len= 37 黑胜 loss=25.8829 temp=0.25 total_env_steps=16464 t=0.26s
Ep  359: len= 81 平局 loss=25.3883 temp=0.25 total_env_steps=16545 t=0.46s
Ep  360: len= 19 黑胜 loss=25.5495 temp=0.25 total_env_steps=16564 t=0.16s
Ep  361: len= 28 白胜 loss=26.0978 temp=0.25 total_env_steps=16592 t=0.21s
Ep  362: len= 30 白胜 loss=25.8474 temp=0.25 total_env_steps=16622 t=0.20s
Ep  363: len= 28 白胜 loss=25.9020 temp=0.25 total_env_steps=16650 t=0.20s
Ep  364: len= 44 白胜 loss=25.4788 temp=0.25 total_env_steps=16694 t=0.27s
Ep  365: len= 19 黑胜 loss=25.9736 temp=0.25 total_env_steps=16713 t=0.17s
Ep  366: len= 50 白胜 loss=25.8047 temp=0.25 total_env_steps=16763 t=0.31s
Ep  367: len= 38 白胜 loss=25.7397 temp=0.25 total_env_steps=16801 t=0.24s
Ep  368: len= 49 黑胜 loss=25.8303 temp=0.25 total_env_steps=16850 t=0.29s
Ep  369: len= 42 白胜 loss=26.0543 temp=0.25 total_env_steps=16892 t=0.27s
Ep  370: len= 42 白胜 loss=25.9441 temp=0.25 total_env_steps=16934 t=0.25s
Ep  371: len= 51 黑胜 loss=26.0186 temp=0.25 total_env_steps=16985 t=0.33s
Ep  372: len= 21 黑胜 loss=26.2626 temp=0.25 total_env_steps=17006 t=0.18s
Ep  373: len= 51 黑胜 loss=26.1790 temp=0.25 total_env_steps=17057 t=0.30s
Ep  374: len= 27 黑胜 loss=25.7300 temp=0.25 total_env_steps=17084 t=0.19s
Ep  375: len= 32 白胜 loss=25.4332 temp=0.25 total_env_steps=17116 t=0.22s
Ep  376: len= 49 黑胜 loss=26.0301 temp=0.25 total_env_steps=17165 t=0.29s
Ep  377: len= 55 黑胜 loss=25.6559 temp=0.25 total_env_steps=17220 t=0.31s
Ep  378: len= 61 黑胜 loss=25.3535 temp=0.25 total_env_steps=17281 t=0.36s
Ep  379: len= 58 白胜 loss=25.9274 temp=0.25 total_env_steps=17339 t=0.32s
Ep  380: len= 68 白胜 loss=25.5976 temp=0.25 total_env_steps=17407 t=0.36s
Ep  381: len= 23 黑胜 loss=25.2750 temp=0.25 total_env_steps=17430 t=0.20s
Ep  382: len= 59 黑胜 loss=26.3329 temp=0.25 total_env_steps=17489 t=0.33s
Ep  383: len= 41 黑胜 loss=25.5302 temp=0.25 total_env_steps=17530 t=0.27s
Ep  384: len= 37 黑胜 loss=24.5560 temp=0.25 total_env_steps=17567 t=0.25s
Ep  385: len= 39 黑胜 loss=25.3570 temp=0.25 total_env_steps=17606 t=0.25s
Ep  386: len= 47 黑胜 loss=25.5013 temp=0.25 total_env_steps=17653 t=0.29s
Ep  387: len= 34 白胜 loss=25.6199 temp=0.25 total_env_steps=17687 t=0.23s
Ep  388: len= 47 黑胜 loss=25.7855 temp=0.25 total_env_steps=17734 t=0.32s
Ep  389: len= 22 白胜 loss=25.7456 temp=0.25 total_env_steps=17756 t=0.18s
Ep  390: len= 51 黑胜 loss=25.7624 temp=0.25 total_env_steps=17807 t=0.29s
Ep  391: len= 19 黑胜 loss=25.2719 temp=0.25 total_env_steps=17826 t=0.17s
Ep  392: len= 42 白胜 loss=26.1529 temp=0.25 total_env_steps=17868 t=0.25s
Ep  393: len= 57 黑胜 loss=25.1015 temp=0.25 total_env_steps=17925 t=0.32s
Ep  394: len= 73 黑胜 loss=25.1173 temp=0.25 total_env_steps=17998 t=0.43s
Ep  395: len= 49 黑胜 loss=26.4336 temp=0.25 total_env_steps=18047 t=0.28s
Ep  396: len= 57 黑胜 loss=25.2981 temp=0.25 total_env_steps=18104 t=0.30s
Ep  397: len= 33 黑胜 loss=25.1771 temp=0.25 total_env_steps=18137 t=0.24s
Ep  398: len= 27 黑胜 loss=25.8273 temp=0.25 total_env_steps=18164 t=0.20s
Ep  399: len= 57 黑胜 loss=25.0566 temp=0.25 total_env_steps=18221 t=0.33s
Ep  400: len= 69 黑胜 loss=25.7145 temp=0.25 total_env_steps=18290 t=0.39s
  eval vs Gomoku-random-v0: win_rate=0.95 mean_return=0.90（20 局，total_env_steps=18290）
[闸门] vs random（40 局）: win_rate=1.000
[闸门] vs 半程快照（40 局，黑白各半）: score=0.500
[梯队] vs naive0（20 局，观察性）: win_rate=0.10
[梯队] vs naive1（20 局，观察性）: win_rate=0.00
[梯队] vs naive2（20 局，观察性）: win_rate=0.00
[梯队] vs naive3（20 局，观察性）: win_rate=0.00
📈 Gomoku-selfplay-v0 win_rate=0.95（best 1.00）| 门槛 0.95 | 128.0s

--- M2 汇总（门槛：vs random ≥0.95 · vs 快照 ≥0.55）---
  seed=42 vs_random=1.000 vs_snapshot=1.000 ✅ | 梯队 naive0=0.15 naive1=0.20 naive2=0.00 naive3=0.00 | env_steps=17996 wall=80s
  seed=43 vs_random=0.950 vs_snapshot=1.000 ✅ | 梯队 naive0=0.00 naive1=0.00 naive2=0.00 naive3=0.00 | env_steps=19129 wall=106s
  seed=44 vs_random=1.000 vs_snapshot=0.500 ❌ | 梯队 naive0=0.10 naive1=0.00 naive2=0.00 naive3=0.00 | env_steps=18290 wall=128s
  [M2-verdict] 2/3 达标 | 中位 vs_random=1.000 vs_snapshot=1.000
ok

test result: ok. 1 passed; 0 failed; 0 ignored; 0 measured; 3407 filtered out; finished in 313.91s

     Running tests\cse_dedup.rs (target\release\deps\cse_dedup-7a657e998c2a0176.exe)

running 0 tests

test result: ok. 0 passed; 0 failed; 0 ignored; 0 measured; 1 filtered out; finished in 0.00s

     Running tests\mode_invariants.rs (target\release\deps\mode_invariants-12496c59841ba5c8.exe)

running 0 tests

test result: ok. 0 passed; 0 failed; 0 ignored; 0 measured; 9 filtered out; finished in 0.00s

     Running tests\onnx_otm_load_bench.rs (target\release\deps\onnx_otm_load_bench-39da60dd6dcd2511.exe)

running 0 tests

test result: ok. 0 passed; 0 failed; 0 ignored; 0 measured; 1 filtered out; finished in 0.00s

     Running tests\yolov5_xiangqi_import.rs (target\release\deps\yolov5_xiangqi_import-5a55f6b67c0e8a85.exe)

running 0 tests

test result: ok. 0 passed; 0 failed; 0 ignored; 0 measured; 6 filtered out; finished in 0.00s

