   Compiling only_torch v0.25.0 (D:\DATA\BaiduSyncdisk\project\personal\only_torch)
    Finished `release` profile [optimized] target(s) in 1m 30s
     Running unittests src\lib.rs (target\release\deps\only_torch-45d502c1e61c3f90.exe)

running 1 test
test rl::algo::my_zero::tests::gomoku_m3_bench::gomoku_m3_augment ... 
--- arm=augment seed=42 sims=100 ---
[MyZero-board Gomoku-selfplay-v0] obs=243(3×9²) |A|=81 sims=100 γ=1.0 negamax
[MyZero-board] 8 重对称增广开启（D4，采样时随机套变换）
Ep    1: len= 52 白胜 loss=0.0000 temp=1.00 total_env_steps=52 t=0.24s
Ep    2: len= 35 黑胜 loss=0.0000 temp=1.00 total_env_steps=87 t=0.18s
Ep    3: len= 54 白胜 loss=0.0000 temp=1.00 total_env_steps=141 t=0.21s
Ep    4: len= 58 白胜 loss=0.0000 temp=1.00 total_env_steps=199 t=0.17s
Ep    5: len= 57 黑胜 loss=0.0000 temp=1.00 total_env_steps=256 t=0.18s
Ep    6: len= 67 黑胜 loss=0.0000 temp=1.00 total_env_steps=323 t=0.21s
Ep    7: len= 35 黑胜 loss=0.0000 temp=1.00 total_env_steps=358 t=0.10s
Ep    8: len= 73 黑胜 loss=0.0000 temp=1.00 total_env_steps=431 t=0.26s
Ep    9: len= 43 黑胜 loss=0.0000 temp=1.00 total_env_steps=474 t=0.14s
Ep   10: len= 59 黑胜 loss=36.8942 temp=1.00 total_env_steps=533 t=0.20s
Ep   11: len= 32 白胜 loss=29.2438 temp=1.00 total_env_steps=565 t=0.11s
Ep   12: len= 66 白胜 loss=28.9102 temp=1.00 total_env_steps=631 t=0.21s
Ep   13: len= 37 黑胜 loss=28.6717 temp=1.00 total_env_steps=668 t=0.13s
Ep   14: len= 70 白胜 loss=28.3773 temp=1.00 total_env_steps=738 t=0.25s
Ep   15: len= 48 白胜 loss=28.3877 temp=1.00 total_env_steps=786 t=0.14s
Ep   16: len= 25 黑胜 loss=28.6616 temp=1.00 total_env_steps=811 t=0.13s
Ep   17: len= 29 黑胜 loss=28.4489 temp=1.00 total_env_steps=840 t=0.10s
Ep   18: len= 57 黑胜 loss=28.2430 temp=1.00 total_env_steps=897 t=0.17s
Ep   19: len= 55 黑胜 loss=28.4157 temp=1.00 total_env_steps=952 t=0.17s
Ep   20: len= 35 黑胜 loss=28.7177 temp=1.00 total_env_steps=987 t=0.12s
Ep   21: len= 46 白胜 loss=28.9666 temp=1.00 total_env_steps=1033 t=0.16s
Ep   22: len= 64 白胜 loss=28.7904 temp=1.00 total_env_steps=1097 t=0.20s
Ep   23: len= 54 白胜 loss=28.3907 temp=1.00 total_env_steps=1151 t=0.19s
Ep   24: len= 67 黑胜 loss=28.7166 temp=1.00 total_env_steps=1218 t=0.19s
Ep   25: len= 39 黑胜 loss=28.2457 temp=1.00 total_env_steps=1257 t=0.14s
Ep   26: len= 37 黑胜 loss=28.3490 temp=1.00 total_env_steps=1294 t=0.15s
Ep   27: len= 65 黑胜 loss=28.7991 temp=1.00 total_env_steps=1359 t=0.22s
Ep   28: len= 44 白胜 loss=28.3653 temp=1.00 total_env_steps=1403 t=0.15s
Ep   29: len= 58 白胜 loss=28.5821 temp=1.00 total_env_steps=1461 t=0.24s
Ep   30: len= 50 白胜 loss=28.5173 temp=1.00 total_env_steps=1511 t=0.23s
Ep   31: len= 70 白胜 loss=28.4283 temp=1.00 total_env_steps=1581 t=0.29s
Ep   32: len= 20 白胜 loss=28.3740 temp=1.00 total_env_steps=1601 t=0.08s
Ep   33: len= 67 黑胜 loss=28.3894 temp=1.00 total_env_steps=1668 t=0.23s
Ep   34: len= 61 黑胜 loss=28.3961 temp=1.00 total_env_steps=1729 t=0.19s
Ep   35: len= 59 黑胜 loss=28.3986 temp=1.00 total_env_steps=1788 t=0.17s
Ep   36: len= 43 黑胜 loss=28.1973 temp=1.00 total_env_steps=1831 t=0.16s
Ep   37: len= 36 白胜 loss=28.5133 temp=1.00 total_env_steps=1867 t=0.13s
Ep   38: len= 38 白胜 loss=28.2791 temp=1.00 total_env_steps=1905 t=0.14s
Ep   39: len= 43 黑胜 loss=28.2373 temp=1.00 total_env_steps=1948 t=0.16s
Ep   40: len= 43 黑胜 loss=28.5966 temp=1.00 total_env_steps=1991 t=0.14s
Ep   41: len= 34 白胜 loss=28.4844 temp=1.00 total_env_steps=2025 t=0.11s
Ep   42: len= 74 白胜 loss=28.4055 temp=1.00 total_env_steps=2099 t=0.35s
Ep   43: len= 66 白胜 loss=28.3001 temp=1.00 total_env_steps=2165 t=0.19s
Ep   44: len= 46 白胜 loss=28.5663 temp=1.00 total_env_steps=2211 t=0.15s
Ep   45: len= 27 黑胜 loss=28.6282 temp=1.00 total_env_steps=2238 t=0.12s
Ep   46: len= 58 白胜 loss=28.9057 temp=1.00 total_env_steps=2296 t=0.16s
Ep   47: len= 49 黑胜 loss=28.3783 temp=1.00 total_env_steps=2345 t=0.15s
Ep   48: len= 60 白胜 loss=28.4764 temp=1.00 total_env_steps=2405 t=0.19s
Ep   49: len= 24 白胜 loss=28.2639 temp=1.00 total_env_steps=2429 t=0.09s
Ep   50: len= 48 白胜 loss=28.1892 temp=1.00 total_env_steps=2477 t=0.15s
  eval vs Gomoku-random-v0: win_rate=0.85 mean_return=0.70（20 局，total_env_steps=2477）
Ep   51: len= 51 黑胜 loss=28.1042 temp=1.00 total_env_steps=2528 t=0.16s
Ep   52: len= 48 白胜 loss=28.0141 temp=1.00 total_env_steps=2576 t=0.15s
Ep   53: len= 39 黑胜 loss=28.4317 temp=1.00 total_env_steps=2615 t=0.12s
Ep   54: len= 62 白胜 loss=28.6990 temp=1.00 total_env_steps=2677 t=0.18s
Ep   55: len= 35 黑胜 loss=28.9721 temp=1.00 total_env_steps=2712 t=0.12s
Ep   56: len= 43 黑胜 loss=28.1396 temp=1.00 total_env_steps=2755 t=0.14s
Ep   57: len= 40 白胜 loss=28.6835 temp=1.00 total_env_steps=2795 t=0.15s
Ep   58: len= 33 黑胜 loss=28.3154 temp=1.00 total_env_steps=2828 t=0.17s
Ep   59: len= 58 白胜 loss=28.7126 temp=1.00 total_env_steps=2886 t=0.19s
Ep   60: len= 57 黑胜 loss=28.4021 temp=1.00 total_env_steps=2943 t=0.20s
Ep   61: len= 45 黑胜 loss=28.7675 temp=1.00 total_env_steps=2988 t=0.15s
Ep   62: len= 66 白胜 loss=28.2036 temp=1.00 total_env_steps=3054 t=0.19s
Ep   63: len= 26 白胜 loss=28.5379 temp=1.00 total_env_steps=3080 t=0.09s
Ep   64: len= 68 白胜 loss=28.2529 temp=1.00 total_env_steps=3148 t=0.20s
Ep   65: len= 40 白胜 loss=28.4501 temp=1.00 total_env_steps=3188 t=0.14s
Ep   66: len= 62 白胜 loss=28.5132 temp=1.00 total_env_steps=3250 t=0.23s
Ep   67: len= 47 黑胜 loss=28.2962 temp=1.00 total_env_steps=3297 t=0.16s
Ep   68: len= 36 白胜 loss=28.4650 temp=1.00 total_env_steps=3333 t=0.12s
Ep   69: len= 78 白胜 loss=28.4060 temp=1.00 total_env_steps=3411 t=0.23s
Ep   70: len= 60 白胜 loss=28.0159 temp=1.00 total_env_steps=3471 t=0.20s
Ep   71: len= 40 白胜 loss=28.3227 temp=1.00 total_env_steps=3511 t=0.22s
Ep   72: len= 58 白胜 loss=28.2601 temp=1.00 total_env_steps=3569 t=0.20s
Ep   73: len= 53 黑胜 loss=28.2764 temp=1.00 total_env_steps=3622 t=0.18s
Ep   74: len= 58 白胜 loss=28.4768 temp=1.00 total_env_steps=3680 t=0.17s
Ep   75: len= 29 黑胜 loss=28.1278 temp=1.00 total_env_steps=3709 t=0.11s
Ep   76: len= 27 黑胜 loss=28.4118 temp=1.00 total_env_steps=3736 t=0.10s
Ep   77: len= 45 黑胜 loss=28.1954 temp=1.00 total_env_steps=3781 t=0.16s
Ep   78: len= 50 白胜 loss=28.1275 temp=1.00 total_env_steps=3831 t=0.18s
Ep   79: len= 46 白胜 loss=28.3677 temp=1.00 total_env_steps=3877 t=0.14s
Ep   80: len= 50 白胜 loss=28.7321 temp=1.00 total_env_steps=3927 t=0.19s
Ep   81: len= 40 白胜 loss=28.1895 temp=1.00 total_env_steps=3967 t=0.13s
Ep   82: len= 54 白胜 loss=27.9246 temp=1.00 total_env_steps=4021 t=0.15s
Ep   83: len= 45 黑胜 loss=28.1277 temp=1.00 total_env_steps=4066 t=0.13s
Ep   84: len= 47 黑胜 loss=28.0263 temp=1.00 total_env_steps=4113 t=0.14s
Ep   85: len= 42 白胜 loss=28.2904 temp=1.00 total_env_steps=4155 t=0.13s
Ep   86: len= 55 黑胜 loss=28.4164 temp=1.00 total_env_steps=4210 t=0.18s
Ep   87: len= 58 白胜 loss=28.4886 temp=1.00 total_env_steps=4268 t=0.19s
Ep   88: len= 30 白胜 loss=28.4563 temp=1.00 total_env_steps=4298 t=0.11s
Ep   89: len= 40 白胜 loss=28.1553 temp=1.00 total_env_steps=4338 t=0.13s
Ep   90: len= 66 白胜 loss=28.5768 temp=1.00 total_env_steps=4404 t=0.19s
Ep   91: len= 35 黑胜 loss=28.3801 temp=1.00 total_env_steps=4439 t=0.12s
Ep   92: len= 40 白胜 loss=28.2762 temp=1.00 total_env_steps=4479 t=0.14s
Ep   93: len= 69 黑胜 loss=28.2228 temp=1.00 total_env_steps=4548 t=0.22s
Ep   94: len= 55 黑胜 loss=28.2381 temp=1.00 total_env_steps=4603 t=0.16s
Ep   95: len= 54 白胜 loss=28.2586 temp=1.00 total_env_steps=4657 t=0.16s
Ep   96: len= 58 白胜 loss=28.2910 temp=1.00 total_env_steps=4715 t=0.23s
Ep   97: len= 49 黑胜 loss=28.0690 temp=1.00 total_env_steps=4764 t=0.14s
Ep   98: len= 52 白胜 loss=28.1388 temp=1.00 total_env_steps=4816 t=0.15s
Ep   99: len= 64 白胜 loss=28.0644 temp=1.00 total_env_steps=4880 t=0.17s
Ep  100: len= 47 黑胜 loss=27.9811 temp=1.00 total_env_steps=4927 t=0.15s
  eval vs Gomoku-random-v0: win_rate=0.95 mean_return=0.90（20 局，total_env_steps=4927）
  ✅ 达标 ep=100 total_env_steps=4927
Ep  101: len= 60 白胜 loss=28.0075 temp=1.00 total_env_steps=4987 t=0.17s
Ep  102: len= 56 白胜 loss=28.0261 temp=0.99 total_env_steps=5043 t=0.16s
Ep  103: len= 44 白胜 loss=27.8403 temp=0.99 total_env_steps=5087 t=0.14s
Ep  104: len= 48 白胜 loss=27.9451 temp=0.98 total_env_steps=5135 t=0.16s
Ep  105: len= 51 黑胜 loss=28.1849 temp=0.97 total_env_steps=5186 t=0.16s
Ep  106: len= 53 黑胜 loss=27.9568 temp=0.96 total_env_steps=5239 t=0.14s
Ep  107: len= 58 白胜 loss=28.1453 temp=0.95 total_env_steps=5297 t=0.17s
Ep  108: len= 46 白胜 loss=28.0146 temp=0.95 total_env_steps=5343 t=0.14s
Ep  109: len= 52 白胜 loss=28.0775 temp=0.94 total_env_steps=5395 t=0.21s
Ep  110: len= 55 黑胜 loss=28.2801 temp=0.93 total_env_steps=5450 t=0.15s
Ep  111: len= 50 白胜 loss=28.2101 temp=0.93 total_env_steps=5500 t=0.14s
Ep  112: len= 41 黑胜 loss=27.9093 temp=0.92 total_env_steps=5541 t=0.12s
Ep  113: len= 38 白胜 loss=27.9215 temp=0.91 total_env_steps=5579 t=0.11s
Ep  114: len= 26 白胜 loss=28.0912 temp=0.90 total_env_steps=5605 t=0.08s
Ep  115: len= 40 白胜 loss=27.8630 temp=0.89 total_env_steps=5645 t=0.11s
Ep  116: len= 53 黑胜 loss=28.1577 temp=0.89 total_env_steps=5698 t=0.15s
Ep  117: len= 47 黑胜 loss=28.1994 temp=0.88 total_env_steps=5745 t=0.13s
Ep  118: len= 64 白胜 loss=28.1845 temp=0.87 total_env_steps=5809 t=0.18s
Ep  119: len= 45 黑胜 loss=28.0962 temp=0.87 total_env_steps=5854 t=0.15s
Ep  120: len= 52 白胜 loss=28.0472 temp=0.86 total_env_steps=5906 t=0.14s
Ep  121: len= 57 黑胜 loss=28.0177 temp=0.85 total_env_steps=5963 t=0.15s
Ep  122: len= 49 黑胜 loss=27.9391 temp=0.84 total_env_steps=6012 t=0.14s
Ep  123: len= 49 黑胜 loss=27.9511 temp=0.84 total_env_steps=6061 t=0.15s
Ep  124: len= 31 黑胜 loss=28.0460 temp=0.83 total_env_steps=6092 t=0.10s
Ep  125: len= 36 白胜 loss=28.2633 temp=0.82 total_env_steps=6128 t=0.10s
Ep  126: len= 24 白胜 loss=28.1785 temp=0.81 total_env_steps=6152 t=0.08s
Ep  127: len= 42 白胜 loss=28.1136 temp=0.81 total_env_steps=6194 t=0.13s
Ep  128: len= 42 白胜 loss=27.6900 temp=0.80 total_env_steps=6236 t=0.12s
Ep  129: len= 54 白胜 loss=27.9070 temp=0.79 total_env_steps=6290 t=0.15s
Ep  130: len= 33 黑胜 loss=27.9583 temp=0.78 total_env_steps=6323 t=0.10s
Ep  131: len= 65 黑胜 loss=28.1804 temp=0.77 total_env_steps=6388 t=0.21s
Ep  132: len= 42 白胜 loss=28.0177 temp=0.77 total_env_steps=6430 t=0.14s
Ep  133: len= 34 白胜 loss=27.9869 temp=0.76 total_env_steps=6464 t=0.10s
Ep  134: len= 44 白胜 loss=28.0539 temp=0.75 total_env_steps=6508 t=0.13s
Ep  135: len= 57 黑胜 loss=27.7734 temp=0.75 total_env_steps=6565 t=0.16s
Ep  136: len= 38 白胜 loss=27.9958 temp=0.74 total_env_steps=6603 t=0.10s
Ep  137: len= 57 黑胜 loss=27.8649 temp=0.73 total_env_steps=6660 t=0.17s
Ep  138: len= 39 黑胜 loss=27.7874 temp=0.72 total_env_steps=6699 t=0.11s
Ep  139: len= 35 黑胜 loss=27.9904 temp=0.72 total_env_steps=6734 t=0.10s
Ep  140: len= 43 黑胜 loss=28.0163 temp=0.71 total_env_steps=6777 t=0.13s
Ep  141: len= 63 黑胜 loss=28.0198 temp=0.70 total_env_steps=6840 t=0.20s
Ep  142: len= 55 黑胜 loss=28.1505 temp=0.69 total_env_steps=6895 t=0.16s
Ep  143: len= 35 黑胜 loss=27.9495 temp=0.69 total_env_steps=6930 t=0.11s
Ep  144: len= 40 白胜 loss=28.0461 temp=0.68 total_env_steps=6970 t=0.12s
Ep  145: len= 60 白胜 loss=28.1369 temp=0.67 total_env_steps=7030 t=0.17s
Ep  146: len= 34 白胜 loss=27.9212 temp=0.66 total_env_steps=7064 t=0.10s
Ep  147: len= 37 黑胜 loss=28.2588 temp=0.65 total_env_steps=7101 t=0.11s
Ep  148: len= 33 黑胜 loss=27.9873 temp=0.65 total_env_steps=7134 t=0.11s
Ep  149: len= 51 黑胜 loss=28.0687 temp=0.64 total_env_steps=7185 t=0.14s
Ep  150: len= 25 黑胜 loss=27.9994 temp=0.63 total_env_steps=7210 t=0.08s
  eval vs Gomoku-random-v0: win_rate=0.90 mean_return=0.80（20 局，total_env_steps=7210）
Ep  151: len= 80 白胜 loss=28.0314 temp=0.62 total_env_steps=7290 t=0.29s
Ep  152: len= 60 白胜 loss=27.8713 temp=0.62 total_env_steps=7350 t=0.17s
Ep  153: len= 56 白胜 loss=28.0038 temp=0.61 total_env_steps=7406 t=0.15s
Ep  154: len= 47 黑胜 loss=28.0705 temp=0.60 total_env_steps=7453 t=0.14s
Ep  155: len= 56 白胜 loss=27.9565 temp=0.59 total_env_steps=7509 t=0.15s
Ep  156: len= 44 白胜 loss=28.0765 temp=0.59 total_env_steps=7553 t=0.13s
Ep  157: len= 61 黑胜 loss=28.0151 temp=0.58 total_env_steps=7614 t=0.17s
Ep  158: len= 45 黑胜 loss=28.0263 temp=0.57 total_env_steps=7659 t=0.15s
Ep  159: len= 46 白胜 loss=28.0808 temp=0.56 total_env_steps=7705 t=0.12s
Ep  160: len= 43 黑胜 loss=28.0097 temp=0.56 total_env_steps=7748 t=0.13s
Ep  161: len= 24 白胜 loss=28.0743 temp=0.55 total_env_steps=7772 t=0.08s
Ep  162: len= 45 黑胜 loss=28.1366 temp=0.54 total_env_steps=7817 t=0.13s
Ep  163: len= 78 白胜 loss=28.0754 temp=0.53 total_env_steps=7895 t=0.21s
Ep  164: len= 64 白胜 loss=28.0503 temp=0.53 total_env_steps=7959 t=0.17s
Ep  165: len= 57 黑胜 loss=27.7973 temp=0.52 total_env_steps=8016 t=0.16s
Ep  166: len= 56 白胜 loss=28.1002 temp=0.51 total_env_steps=8072 t=0.14s
Ep  167: len= 37 黑胜 loss=28.1143 temp=0.50 total_env_steps=8109 t=0.11s
Ep  168: len= 21 黑胜 loss=27.8635 temp=0.50 total_env_steps=8130 t=0.07s
Ep  169: len= 55 黑胜 loss=28.0666 temp=0.49 total_env_steps=8185 t=0.16s
Ep  170: len= 35 黑胜 loss=27.7630 temp=0.48 total_env_steps=8220 t=0.10s
Ep  171: len= 40 白胜 loss=27.9440 temp=0.48 total_env_steps=8260 t=0.11s
Ep  172: len= 39 黑胜 loss=28.0379 temp=0.47 total_env_steps=8299 t=0.11s
Ep  173: len= 43 黑胜 loss=27.8367 temp=0.46 total_env_steps=8342 t=0.12s
Ep  174: len= 31 黑胜 loss=28.1047 temp=0.45 total_env_steps=8373 t=0.09s
Ep  175: len= 38 白胜 loss=27.8458 temp=0.44 total_env_steps=8411 t=0.11s
Ep  176: len= 37 黑胜 loss=27.9083 temp=0.44 total_env_steps=8448 t=0.11s
Ep  177: len= 72 白胜 loss=27.9020 temp=0.43 total_env_steps=8520 t=0.18s
Ep  178: len= 48 白胜 loss=27.8795 temp=0.42 total_env_steps=8568 t=0.13s
Ep  179: len= 55 黑胜 loss=28.0144 temp=0.42 total_env_steps=8623 t=0.16s
Ep  180: len= 30 白胜 loss=27.7690 temp=0.41 total_env_steps=8653 t=0.08s
Ep  181: len= 25 黑胜 loss=27.9104 temp=0.40 total_env_steps=8678 t=0.07s
Ep  182: len= 43 黑胜 loss=27.9658 temp=0.39 total_env_steps=8721 t=0.13s
Ep  183: len= 48 白胜 loss=28.0417 temp=0.38 total_env_steps=8769 t=0.13s
Ep  184: len= 48 白胜 loss=28.0337 temp=0.38 total_env_steps=8817 t=0.13s
Ep  185: len= 38 白胜 loss=28.1135 temp=0.37 total_env_steps=8855 t=0.10s
Ep  186: len= 50 白胜 loss=27.7558 temp=0.36 total_env_steps=8905 t=0.13s
Ep  187: len= 23 黑胜 loss=27.6979 temp=0.36 total_env_steps=8928 t=0.07s
Ep  188: len= 31 黑胜 loss=27.8971 temp=0.35 total_env_steps=8959 t=0.09s
Ep  189: len= 39 黑胜 loss=27.8824 temp=0.34 total_env_steps=8998 t=0.11s
Ep  190: len= 31 黑胜 loss=27.5163 temp=0.33 total_env_steps=9029 t=0.09s
Ep  191: len= 32 白胜 loss=28.1533 temp=0.33 total_env_steps=9061 t=0.10s
Ep  192: len= 44 白胜 loss=27.9700 temp=0.32 total_env_steps=9105 t=0.14s
Ep  193: len= 40 白胜 loss=27.8316 temp=0.31 total_env_steps=9145 t=0.12s
Ep  194: len= 44 白胜 loss=28.0290 temp=0.30 total_env_steps=9189 t=0.13s
Ep  195: len= 35 黑胜 loss=28.1180 temp=0.30 total_env_steps=9224 t=0.11s
Ep  196: len= 75 黑胜 loss=28.0216 temp=0.29 total_env_steps=9299 t=0.22s
Ep  197: len= 81 平局 loss=27.9342 temp=0.28 total_env_steps=9380 t=0.27s
Ep  198: len= 24 白胜 loss=27.8089 temp=0.27 total_env_steps=9404 t=0.08s
Ep  199: len= 33 黑胜 loss=27.8231 temp=0.26 total_env_steps=9437 t=0.12s
Ep  200: len= 54 白胜 loss=27.9671 temp=0.26 total_env_steps=9491 t=0.16s
  eval vs Gomoku-random-v0: win_rate=0.65 mean_return=0.30（20 局，total_env_steps=9491）
  📸 已拍权重快照（ep=200，gating 对弈基准）
Ep  201: len= 61 黑胜 loss=27.4302 temp=0.25 total_env_steps=9552 t=0.18s
Ep  202: len= 61 黑胜 loss=27.8073 temp=0.25 total_env_steps=9613 t=0.20s
Ep  203: len= 52 白胜 loss=27.7144 temp=0.25 total_env_steps=9665 t=0.16s
Ep  204: len= 42 白胜 loss=27.8795 temp=0.25 total_env_steps=9707 t=0.13s
Ep  205: len= 42 白胜 loss=27.6863 temp=0.25 total_env_steps=9749 t=0.14s
Ep  206: len= 36 白胜 loss=28.0173 temp=0.25 total_env_steps=9785 t=0.12s
Ep  207: len= 60 白胜 loss=27.8708 temp=0.25 total_env_steps=9845 t=0.20s
Ep  208: len= 50 白胜 loss=28.0060 temp=0.25 total_env_steps=9895 t=0.18s
Ep  209: len= 38 白胜 loss=27.6673 temp=0.25 total_env_steps=9933 t=0.15s
Ep  210: len= 60 白胜 loss=27.9400 temp=0.25 total_env_steps=9993 t=0.18s
Ep  211: len= 41 黑胜 loss=28.2821 temp=0.25 total_env_steps=10034 t=0.13s
Ep  212: len= 32 白胜 loss=27.7314 temp=0.25 total_env_steps=10066 t=0.11s
Ep  213: len= 44 白胜 loss=27.8567 temp=0.25 total_env_steps=10110 t=0.15s
Ep  214: len= 57 黑胜 loss=27.7952 temp=0.25 total_env_steps=10167 t=0.18s
Ep  215: len= 71 黑胜 loss=27.9533 temp=0.25 total_env_steps=10238 t=0.21s
Ep  216: len= 40 白胜 loss=27.8176 temp=0.25 total_env_steps=10278 t=0.14s
Ep  217: len= 34 白胜 loss=27.6503 temp=0.25 total_env_steps=10312 t=0.11s
Ep  218: len= 45 黑胜 loss=27.9699 temp=0.25 total_env_steps=10357 t=0.14s
Ep  219: len= 55 黑胜 loss=27.8414 temp=0.25 total_env_steps=10412 t=0.18s
Ep  220: len= 25 黑胜 loss=27.7456 temp=0.25 total_env_steps=10437 t=0.09s
Ep  221: len= 31 黑胜 loss=27.8737 temp=0.25 total_env_steps=10468 t=0.11s
Ep  222: len= 57 黑胜 loss=27.6932 temp=0.25 total_env_steps=10525 t=0.17s
Ep  223: len= 45 黑胜 loss=27.8691 temp=0.25 total_env_steps=10570 t=0.14s
Ep  224: len= 35 黑胜 loss=27.8994 temp=0.25 total_env_steps=10605 t=0.13s
Ep  225: len= 59 黑胜 loss=27.6542 temp=0.25 total_env_steps=10664 t=0.20s
Ep  226: len= 43 黑胜 loss=27.7458 temp=0.25 total_env_steps=10707 t=0.14s
Ep  227: len= 28 白胜 loss=27.6839 temp=0.25 total_env_steps=10735 t=0.10s
Ep  228: len= 46 白胜 loss=27.7695 temp=0.25 total_env_steps=10781 t=0.15s
Ep  229: len= 29 黑胜 loss=28.0088 temp=0.25 total_env_steps=10810 t=0.11s
Ep  230: len= 22 白胜 loss=27.7853 temp=0.25 total_env_steps=10832 t=0.10s
Ep  231: len= 34 白胜 loss=27.5957 temp=0.25 total_env_steps=10866 t=0.11s
Ep  232: len= 42 白胜 loss=27.7502 temp=0.25 total_env_steps=10908 t=0.14s
Ep  233: len= 31 黑胜 loss=27.6092 temp=0.25 total_env_steps=10939 t=0.11s
Ep  234: len= 19 黑胜 loss=27.6211 temp=0.25 total_env_steps=10958 t=0.08s
Ep  235: len= 44 白胜 loss=27.6561 temp=0.25 total_env_steps=11002 t=0.15s
Ep  236: len= 38 白胜 loss=27.7621 temp=0.25 total_env_steps=11040 t=0.13s
Ep  237: len= 29 黑胜 loss=27.8081 temp=0.25 total_env_steps=11069 t=0.11s
Ep  238: len= 42 白胜 loss=27.9412 temp=0.25 total_env_steps=11111 t=0.14s
Ep  239: len= 43 黑胜 loss=27.5829 temp=0.25 total_env_steps=11154 t=0.14s
Ep  240: len= 40 白胜 loss=27.5156 temp=0.25 total_env_steps=11194 t=0.13s
Ep  241: len= 56 白胜 loss=27.6597 temp=0.25 total_env_steps=11250 t=0.19s
Ep  242: len= 49 黑胜 loss=27.7339 temp=0.25 total_env_steps=11299 t=0.17s
Ep  243: len= 39 黑胜 loss=27.4950 temp=0.25 total_env_steps=11338 t=0.13s
Ep  244: len= 55 黑胜 loss=27.8166 temp=0.25 total_env_steps=11393 t=0.18s
Ep  245: len= 32 白胜 loss=27.7677 temp=0.25 total_env_steps=11425 t=0.12s
Ep  246: len= 38 白胜 loss=27.5182 temp=0.25 total_env_steps=11463 t=0.13s
Ep  247: len= 33 黑胜 loss=27.5627 temp=0.25 total_env_steps=11496 t=0.12s
Ep  248: len= 29 黑胜 loss=27.5911 temp=0.25 total_env_steps=11525 t=0.10s
Ep  249: len= 37 黑胜 loss=27.7355 temp=0.25 total_env_steps=11562 t=0.13s
Ep  250: len= 33 黑胜 loss=27.6588 temp=0.25 total_env_steps=11595 t=0.11s
  eval vs Gomoku-random-v0: win_rate=1.00 mean_return=1.00（20 局，total_env_steps=11595）
Ep  251: len= 29 黑胜 loss=27.7251 temp=0.25 total_env_steps=11624 t=0.11s
Ep  252: len= 35 黑胜 loss=27.5976 temp=0.25 total_env_steps=11659 t=0.12s
Ep  253: len= 27 黑胜 loss=27.7357 temp=0.25 total_env_steps=11686 t=0.09s
Ep  254: len= 36 白胜 loss=27.7326 temp=0.25 total_env_steps=11722 t=0.12s
Ep  255: len= 27 黑胜 loss=27.6642 temp=0.25 total_env_steps=11749 t=0.11s
Ep  256: len= 45 黑胜 loss=27.6762 temp=0.25 total_env_steps=11794 t=0.16s
Ep  257: len= 40 白胜 loss=27.7577 temp=0.25 total_env_steps=11834 t=0.13s
Ep  258: len= 56 白胜 loss=27.7179 temp=0.25 total_env_steps=11890 t=0.19s
Ep  259: len= 56 白胜 loss=27.7616 temp=0.25 total_env_steps=11946 t=0.17s
Ep  260: len= 28 白胜 loss=27.5711 temp=0.25 total_env_steps=11974 t=0.10s
Ep  261: len= 21 黑胜 loss=27.4890 temp=0.25 total_env_steps=11995 t=0.08s
Ep  262: len= 21 黑胜 loss=27.5151 temp=0.25 total_env_steps=12016 t=0.08s
Ep  263: len= 30 白胜 loss=27.7947 temp=0.25 total_env_steps=12046 t=0.10s
Ep  264: len= 28 白胜 loss=27.4702 temp=0.25 total_env_steps=12074 t=0.10s
Ep  265: len= 19 黑胜 loss=27.4598 temp=0.25 total_env_steps=12093 t=0.07s
Ep  266: len= 32 白胜 loss=27.7850 temp=0.25 total_env_steps=12125 t=0.11s
Ep  267: len= 31 黑胜 loss=27.7439 temp=0.25 total_env_steps=12156 t=0.11s
Ep  268: len= 13 黑胜 loss=27.6014 temp=0.25 total_env_steps=12169 t=0.05s
Ep  269: len= 23 黑胜 loss=27.5248 temp=0.25 total_env_steps=12192 t=0.08s
Ep  270: len= 15 黑胜 loss=27.5187 temp=0.25 total_env_steps=12207 t=0.06s
Ep  271: len= 54 白胜 loss=27.4396 temp=0.25 total_env_steps=12261 t=0.19s
Ep  272: len= 47 黑胜 loss=27.4729 temp=0.25 total_env_steps=12308 t=0.16s
Ep  273: len= 37 黑胜 loss=27.8360 temp=0.25 total_env_steps=12345 t=0.12s
Ep  274: len= 55 黑胜 loss=27.6223 temp=0.25 total_env_steps=12400 t=0.17s
Ep  275: len= 45 黑胜 loss=27.8274 temp=0.25 total_env_steps=12445 t=0.14s
Ep  276: len= 56 白胜 loss=27.3694 temp=0.25 total_env_steps=12501 t=0.17s
Ep  277: len= 29 黑胜 loss=27.4531 temp=0.25 total_env_steps=12530 t=0.10s
Ep  278: len= 17 黑胜 loss=27.5650 temp=0.25 total_env_steps=12547 t=0.07s
Ep  279: len= 31 黑胜 loss=27.2074 temp=0.25 total_env_steps=12578 t=0.12s
Ep  280: len= 29 黑胜 loss=27.4700 temp=0.25 total_env_steps=12607 t=0.10s
Ep  281: len= 35 黑胜 loss=27.2412 temp=0.25 total_env_steps=12642 t=0.12s
Ep  282: len= 41 黑胜 loss=27.3735 temp=0.25 total_env_steps=12683 t=0.14s
Ep  283: len= 64 白胜 loss=27.4610 temp=0.25 total_env_steps=12747 t=0.19s
Ep  284: len= 49 黑胜 loss=27.3401 temp=0.25 total_env_steps=12796 t=0.16s
Ep  285: len= 58 白胜 loss=27.2643 temp=0.25 total_env_steps=12854 t=0.18s
Ep  286: len= 32 白胜 loss=27.3716 temp=0.25 total_env_steps=12886 t=0.12s
Ep  287: len= 28 白胜 loss=27.3301 temp=0.25 total_env_steps=12914 t=0.11s
Ep  288: len= 38 白胜 loss=27.3030 temp=0.25 total_env_steps=12952 t=0.13s
Ep  289: len= 34 白胜 loss=27.5746 temp=0.25 total_env_steps=12986 t=0.12s
Ep  290: len= 30 白胜 loss=27.2982 temp=0.25 total_env_steps=13016 t=0.10s
Ep  291: len= 47 黑胜 loss=27.6529 temp=0.25 total_env_steps=13063 t=0.17s
Ep  292: len= 42 白胜 loss=27.5456 temp=0.25 total_env_steps=13105 t=0.15s
Ep  293: len= 28 白胜 loss=27.2723 temp=0.25 total_env_steps=13133 t=0.10s
Ep  294: len= 51 黑胜 loss=27.4466 temp=0.25 total_env_steps=13184 t=0.18s
Ep  295: len= 30 白胜 loss=27.0695 temp=0.25 total_env_steps=13214 t=0.10s
Ep  296: len= 33 黑胜 loss=27.2581 temp=0.25 total_env_steps=13247 t=0.12s
Ep  297: len= 39 黑胜 loss=26.9819 temp=0.25 total_env_steps=13286 t=0.12s
Ep  298: len= 55 黑胜 loss=27.3391 temp=0.25 total_env_steps=13341 t=0.18s
Ep  299: len= 31 黑胜 loss=27.1564 temp=0.25 total_env_steps=13372 t=0.12s
Ep  300: len= 31 黑胜 loss=26.6728 temp=0.25 total_env_steps=13403 t=0.11s
  eval vs Gomoku-random-v0: win_rate=0.95 mean_return=0.90（20 局，total_env_steps=13403）
Ep  301: len= 38 白胜 loss=27.3774 temp=0.25 total_env_steps=13441 t=0.15s
Ep  302: len= 30 白胜 loss=26.9454 temp=0.25 total_env_steps=13471 t=0.12s
Ep  303: len= 17 黑胜 loss=27.3687 temp=0.25 total_env_steps=13488 t=0.07s
Ep  304: len= 32 白胜 loss=26.9949 temp=0.25 total_env_steps=13520 t=0.11s
Ep  305: len= 28 白胜 loss=27.2716 temp=0.25 total_env_steps=13548 t=0.10s
Ep  306: len= 45 黑胜 loss=27.4890 temp=0.25 total_env_steps=13593 t=0.14s
Ep  307: len= 43 黑胜 loss=27.3000 temp=0.25 total_env_steps=13636 t=0.14s
Ep  308: len= 44 白胜 loss=27.0661 temp=0.25 total_env_steps=13680 t=0.15s
Ep  309: len= 50 白胜 loss=26.9015 temp=0.25 total_env_steps=13730 t=0.16s
Ep  310: len= 53 黑胜 loss=27.2310 temp=0.25 total_env_steps=13783 t=0.17s
Ep  311: len= 54 白胜 loss=26.8890 temp=0.25 total_env_steps=13837 t=0.18s
Ep  312: len= 42 白胜 loss=27.1867 temp=0.25 total_env_steps=13879 t=0.14s
Ep  313: len= 34 白胜 loss=27.1209 temp=0.25 total_env_steps=13913 t=0.11s
Ep  314: len= 28 白胜 loss=27.1794 temp=0.25 total_env_steps=13941 t=0.10s
Ep  315: len= 30 白胜 loss=27.2569 temp=0.25 total_env_steps=13971 t=0.11s
Ep  316: len= 42 白胜 loss=26.9469 temp=0.25 total_env_steps=14013 t=0.17s
Ep  317: len= 37 黑胜 loss=27.2910 temp=0.25 total_env_steps=14050 t=0.12s
Ep  318: len= 43 黑胜 loss=26.9701 temp=0.25 total_env_steps=14093 t=0.15s
Ep  319: len= 44 白胜 loss=26.9379 temp=0.25 total_env_steps=14137 t=0.14s
Ep  320: len= 37 黑胜 loss=26.8480 temp=0.25 total_env_steps=14174 t=0.12s
Ep  321: len= 48 白胜 loss=27.0287 temp=0.25 total_env_steps=14222 t=0.16s
Ep  322: len= 30 白胜 loss=27.1986 temp=0.25 total_env_steps=14252 t=0.11s
Ep  323: len= 52 白胜 loss=27.3084 temp=0.25 total_env_steps=14304 t=0.17s
Ep  324: len= 37 黑胜 loss=26.7734 temp=0.25 total_env_steps=14341 t=0.13s
Ep  325: len= 35 黑胜 loss=27.2486 temp=0.25 total_env_steps=14376 t=0.12s
Ep  326: len= 32 白胜 loss=26.8280 temp=0.25 total_env_steps=14408 t=0.11s
Ep  327: len= 64 白胜 loss=27.2640 temp=0.25 total_env_steps=14472 t=0.19s
Ep  328: len= 48 白胜 loss=27.0799 temp=0.25 total_env_steps=14520 t=0.16s
Ep  329: len= 36 白胜 loss=27.4954 temp=0.25 total_env_steps=14556 t=0.11s
Ep  330: len= 32 白胜 loss=27.2636 temp=0.25 total_env_steps=14588 t=0.12s
Ep  331: len= 52 白胜 loss=27.0103 temp=0.25 total_env_steps=14640 t=0.18s
Ep  332: len= 27 黑胜 loss=26.7018 temp=0.25 total_env_steps=14667 t=0.09s
Ep  333: len= 30 白胜 loss=26.9177 temp=0.25 total_env_steps=14697 t=0.12s
Ep  334: len= 28 白胜 loss=26.7703 temp=0.25 total_env_steps=14725 t=0.11s
Ep  335: len= 36 白胜 loss=26.8926 temp=0.25 total_env_steps=14761 t=0.12s
Ep  336: len= 46 白胜 loss=26.7894 temp=0.25 total_env_steps=14807 t=0.15s
Ep  337: len= 49 黑胜 loss=26.8419 temp=0.25 total_env_steps=14856 t=0.16s
Ep  338: len= 24 白胜 loss=26.7478 temp=0.25 total_env_steps=14880 t=0.09s
Ep  339: len= 63 黑胜 loss=27.3783 temp=0.25 total_env_steps=14943 t=0.19s
Ep  340: len= 23 黑胜 loss=26.8525 temp=0.25 total_env_steps=14966 t=0.08s
Ep  341: len= 33 黑胜 loss=26.5426 temp=0.25 total_env_steps=14999 t=0.11s
Ep  342: len= 42 白胜 loss=26.6583 temp=0.25 total_env_steps=15041 t=0.14s
Ep  343: len= 37 黑胜 loss=27.1540 temp=0.25 total_env_steps=15078 t=0.13s
Ep  344: len= 34 白胜 loss=26.8414 temp=0.25 total_env_steps=15112 t=0.12s
Ep  345: len= 49 黑胜 loss=26.7111 temp=0.25 total_env_steps=15161 t=0.18s
Ep  346: len= 33 黑胜 loss=26.7256 temp=0.25 total_env_steps=15194 t=0.14s
Ep  347: len= 32 白胜 loss=26.7414 temp=0.25 total_env_steps=15226 t=0.11s
Ep  348: len= 25 黑胜 loss=26.2466 temp=0.25 total_env_steps=15251 t=0.09s
Ep  349: len= 35 黑胜 loss=26.5379 temp=0.25 total_env_steps=15286 t=0.14s
Ep  350: len= 47 黑胜 loss=26.5072 temp=0.25 total_env_steps=15333 t=0.18s
  eval vs Gomoku-random-v0: win_rate=1.00 mean_return=1.00（20 局，total_env_steps=15333）
Ep  351: len= 31 黑胜 loss=26.3295 temp=0.25 total_env_steps=15364 t=0.12s
Ep  352: len= 57 黑胜 loss=26.8613 temp=0.25 total_env_steps=15421 t=0.20s
Ep  353: len= 29 黑胜 loss=26.4554 temp=0.25 total_env_steps=15450 t=0.10s
Ep  354: len= 53 黑胜 loss=26.7425 temp=0.25 total_env_steps=15503 t=0.17s
Ep  355: len= 32 白胜 loss=26.7202 temp=0.25 total_env_steps=15535 t=0.12s
Ep  356: len= 29 黑胜 loss=26.7430 temp=0.25 total_env_steps=15564 t=0.11s
Ep  357: len= 37 黑胜 loss=26.4053 temp=0.25 total_env_steps=15601 t=0.15s
Ep  358: len= 52 白胜 loss=26.5953 temp=0.25 total_env_steps=15653 t=0.16s
Ep  359: len= 40 白胜 loss=26.9336 temp=0.25 total_env_steps=15693 t=0.13s
Ep  360: len= 34 白胜 loss=26.6523 temp=0.25 total_env_steps=15727 t=0.12s
Ep  361: len= 41 黑胜 loss=27.0932 temp=0.25 total_env_steps=15768 t=0.14s
Ep  362: len= 38 白胜 loss=26.3931 temp=0.25 total_env_steps=15806 t=0.13s
Ep  363: len= 33 黑胜 loss=26.4713 temp=0.25 total_env_steps=15839 t=0.11s
Ep  364: len= 57 黑胜 loss=26.7103 temp=0.25 total_env_steps=15896 t=0.18s
Ep  365: len= 51 黑胜 loss=26.3100 temp=0.25 total_env_steps=15947 t=0.16s
Ep  366: len= 48 白胜 loss=26.6481 temp=0.25 total_env_steps=15995 t=0.16s
Ep  367: len= 45 黑胜 loss=26.3294 temp=0.25 total_env_steps=16040 t=0.15s
Ep  368: len= 48 白胜 loss=27.0066 temp=0.25 total_env_steps=16088 t=0.16s
Ep  369: len= 26 白胜 loss=26.2610 temp=0.25 total_env_steps=16114 t=0.10s
Ep  370: len= 26 白胜 loss=27.0248 temp=0.25 total_env_steps=16140 t=0.10s
Ep  371: len= 42 白胜 loss=25.9085 temp=0.25 total_env_steps=16182 t=0.14s
Ep  372: len= 81 平局 loss=26.2454 temp=0.25 total_env_steps=16263 t=0.24s
Ep  373: len= 29 黑胜 loss=26.0791 temp=0.25 total_env_steps=16292 t=0.11s
Ep  374: len= 37 黑胜 loss=26.3560 temp=0.25 total_env_steps=16329 t=0.12s
Ep  375: len= 47 黑胜 loss=26.4095 temp=0.25 total_env_steps=16376 t=0.15s
Ep  376: len= 23 黑胜 loss=26.4938 temp=0.25 total_env_steps=16399 t=0.08s
Ep  377: len= 33 黑胜 loss=25.7851 temp=0.25 total_env_steps=16432 t=0.11s
Ep  378: len= 43 黑胜 loss=26.7483 temp=0.25 total_env_steps=16475 t=0.14s
Ep  379: len= 59 黑胜 loss=26.2800 temp=0.25 total_env_steps=16534 t=0.18s
Ep  380: len= 35 黑胜 loss=26.2726 temp=0.25 total_env_steps=16569 t=0.12s
Ep  381: len= 21 黑胜 loss=26.6303 temp=0.25 total_env_steps=16590 t=0.08s
Ep  382: len= 34 白胜 loss=25.9926 temp=0.25 total_env_steps=16624 t=0.12s
Ep  383: len= 25 黑胜 loss=26.5663 temp=0.25 total_env_steps=16649 t=0.09s
Ep  384: len= 42 白胜 loss=26.4817 temp=0.25 total_env_steps=16691 t=0.13s
Ep  385: len= 72 白胜 loss=27.2115 temp=0.25 total_env_steps=16763 t=0.27s
Ep  386: len= 52 白胜 loss=26.2067 temp=0.25 total_env_steps=16815 t=0.17s
Ep  387: len= 35 黑胜 loss=26.4548 temp=0.25 total_env_steps=16850 t=0.11s
Ep  388: len= 59 黑胜 loss=26.3104 temp=0.25 total_env_steps=16909 t=0.17s
Ep  389: len= 73 黑胜 loss=25.6828 temp=0.25 total_env_steps=16982 t=0.21s
Ep  390: len= 76 白胜 loss=25.5367 temp=0.25 total_env_steps=17058 t=0.23s
Ep  391: len= 32 白胜 loss=26.4204 temp=0.25 total_env_steps=17090 t=0.11s
Ep  392: len= 19 黑胜 loss=26.0808 temp=0.25 total_env_steps=17109 t=0.08s
Ep  393: len= 37 黑胜 loss=26.1176 temp=0.25 total_env_steps=17146 t=0.14s
Ep  394: len= 53 黑胜 loss=25.8807 temp=0.25 total_env_steps=17199 t=0.17s
Ep  395: len= 44 白胜 loss=26.2013 temp=0.25 total_env_steps=17243 t=0.15s
Ep  396: len=  9 黑胜 loss=26.2033 temp=0.25 total_env_steps=17252 t=0.05s
Ep  397: len= 28 白胜 loss=26.2287 temp=0.25 total_env_steps=17280 t=0.10s
Ep  398: len= 52 白胜 loss=25.7680 temp=0.25 total_env_steps=17332 t=0.15s
Ep  399: len= 28 白胜 loss=25.8175 temp=0.25 total_env_steps=17360 t=0.10s
Ep  400: len= 41 黑胜 loss=25.4945 temp=0.25 total_env_steps=17401 t=0.14s
  eval vs Gomoku-random-v0: win_rate=1.00 mean_return=1.00（20 局，total_env_steps=17401）
[闸门] vs random（40 局）: win_rate=1.000
[闸门] vs 半程快照（40 局，黑白各半）: score=1.000
[梯队] vs naive0（20 局，观察性）: win_rate=0.25
[梯队] vs naive1（20 局，观察性）: win_rate=0.00
[梯队] vs naive2（20 局，观察性）: win_rate=0.00
[梯队] vs naive3（20 局，观察性）: win_rate=0.00
📈 Gomoku-selfplay-v0 win_rate=1.00（best 1.00）| 门槛 0.95 | 70.4s

--- arm=augment seed=43 sims=100 ---
[MyZero-board Gomoku-selfplay-v0] obs=243(3×9²) |A|=81 sims=100 γ=1.0 negamax
[MyZero-board] 8 重对称增广开启（D4，采样时随机套变换）
Ep    1: len= 80 白胜 loss=0.0000 temp=1.00 total_env_steps=80 t=0.20s
Ep    2: len= 38 白胜 loss=0.0000 temp=1.00 total_env_steps=118 t=0.11s
Ep    3: len= 69 黑胜 loss=0.0000 temp=1.00 total_env_steps=187 t=0.17s
Ep    4: len= 51 黑胜 loss=0.0000 temp=1.00 total_env_steps=238 t=0.14s
Ep    5: len= 55 黑胜 loss=0.0000 temp=1.00 total_env_steps=293 t=0.15s
Ep    6: len= 36 白胜 loss=0.0000 temp=1.00 total_env_steps=329 t=0.08s
Ep    7: len= 51 黑胜 loss=0.0000 temp=1.00 total_env_steps=380 t=0.13s
Ep    8: len= 55 黑胜 loss=0.0000 temp=1.00 total_env_steps=435 t=0.14s
Ep    9: len= 65 黑胜 loss=0.0000 temp=1.00 total_env_steps=500 t=0.16s
Ep   10: len= 68 白胜 loss=35.9641 temp=1.00 total_env_steps=568 t=0.20s
Ep   11: len= 46 白胜 loss=29.0306 temp=1.00 total_env_steps=614 t=0.14s
Ep   12: len= 58 白胜 loss=28.5985 temp=1.00 total_env_steps=672 t=0.16s
Ep   13: len= 56 白胜 loss=28.7095 temp=1.00 total_env_steps=728 t=0.15s
Ep   14: len= 63 黑胜 loss=28.5738 temp=1.00 total_env_steps=791 t=0.17s
Ep   15: len= 43 黑胜 loss=28.4719 temp=1.00 total_env_steps=834 t=0.13s
Ep   16: len= 49 黑胜 loss=28.4146 temp=1.00 total_env_steps=883 t=0.24s
Ep   17: len= 66 白胜 loss=27.8917 temp=1.00 total_env_steps=949 t=0.19s
Ep   18: len= 39 黑胜 loss=28.4797 temp=1.00 total_env_steps=988 t=0.12s
Ep   19: len= 61 黑胜 loss=28.2182 temp=1.00 total_env_steps=1049 t=0.17s
Ep   20: len= 40 白胜 loss=28.2259 temp=1.00 total_env_steps=1089 t=0.12s
Ep   21: len= 39 黑胜 loss=28.8276 temp=1.00 total_env_steps=1128 t=0.11s
Ep   22: len= 60 白胜 loss=28.6841 temp=1.00 total_env_steps=1188 t=0.17s
Ep   23: len= 71 黑胜 loss=28.2252 temp=1.00 total_env_steps=1259 t=0.20s
Ep   24: len= 59 黑胜 loss=28.6047 temp=1.00 total_env_steps=1318 t=0.16s
Ep   25: len= 42 白胜 loss=28.3576 temp=1.00 total_env_steps=1360 t=0.12s
Ep   26: len= 21 黑胜 loss=28.4207 temp=1.00 total_env_steps=1381 t=0.07s
Ep   27: len= 60 白胜 loss=28.3915 temp=1.00 total_env_steps=1441 t=0.17s
Ep   28: len= 56 白胜 loss=28.2056 temp=1.00 total_env_steps=1497 t=0.15s
Ep   29: len= 36 白胜 loss=28.4149 temp=1.00 total_env_steps=1533 t=0.11s
Ep   30: len= 47 黑胜 loss=28.2328 temp=1.00 total_env_steps=1580 t=0.13s
Ep   31: len= 35 黑胜 loss=28.1586 temp=1.00 total_env_steps=1615 t=0.11s
Ep   32: len= 56 白胜 loss=28.4963 temp=1.00 total_env_steps=1671 t=0.16s
Ep   33: len= 77 黑胜 loss=28.1702 temp=1.00 total_env_steps=1748 t=0.20s
Ep   34: len= 41 黑胜 loss=28.0707 temp=1.00 total_env_steps=1789 t=0.22s
Ep   35: len= 42 白胜 loss=28.2028 temp=1.00 total_env_steps=1831 t=0.14s
Ep   36: len= 81 黑胜 loss=28.0625 temp=1.00 total_env_steps=1912 t=0.22s
Ep   37: len= 31 黑胜 loss=28.3211 temp=1.00 total_env_steps=1943 t=0.09s
Ep   38: len= 72 白胜 loss=28.0297 temp=1.00 total_env_steps=2015 t=0.22s
Ep   39: len= 30 白胜 loss=28.0623 temp=1.00 total_env_steps=2045 t=0.09s
Ep   40: len= 59 黑胜 loss=28.3765 temp=1.00 total_env_steps=2104 t=0.17s
Ep   41: len= 47 黑胜 loss=28.1835 temp=1.00 total_env_steps=2151 t=0.14s
Ep   42: len= 49 黑胜 loss=28.1604 temp=1.00 total_env_steps=2200 t=0.13s
Ep   43: len= 63 黑胜 loss=28.1615 temp=1.00 total_env_steps=2263 t=0.18s
Ep   44: len= 64 白胜 loss=28.3200 temp=1.00 total_env_steps=2327 t=0.19s
Ep   45: len= 58 白胜 loss=28.3174 temp=1.00 total_env_steps=2385 t=0.20s
Ep   46: len= 49 黑胜 loss=28.2953 temp=1.00 total_env_steps=2434 t=0.14s
Ep   47: len= 42 白胜 loss=28.1443 temp=1.00 total_env_steps=2476 t=0.12s
Ep   48: len= 62 白胜 loss=28.2339 temp=1.00 total_env_steps=2538 t=0.17s
Ep   49: len= 42 白胜 loss=28.1184 temp=1.00 total_env_steps=2580 t=0.18s
Ep   50: len= 44 白胜 loss=28.1662 temp=1.00 total_env_steps=2624 t=0.13s
  eval vs Gomoku-random-v0: win_rate=0.65 mean_return=0.30（20 局，total_env_steps=2624）
Ep   51: len= 36 白胜 loss=28.2868 temp=1.00 total_env_steps=2660 t=0.13s
Ep   52: len= 76 白胜 loss=28.3297 temp=1.00 total_env_steps=2736 t=0.25s
Ep   53: len= 24 白胜 loss=28.2664 temp=1.00 total_env_steps=2760 t=0.09s
Ep   54: len= 62 白胜 loss=28.1911 temp=1.00 total_env_steps=2822 t=0.19s
Ep   55: len= 52 白胜 loss=28.2660 temp=1.00 total_env_steps=2874 t=0.16s
Ep   56: len= 47 黑胜 loss=27.9925 temp=1.00 total_env_steps=2921 t=0.14s
Ep   57: len= 67 黑胜 loss=28.1074 temp=1.00 total_env_steps=2988 t=0.19s
Ep   58: len= 25 黑胜 loss=28.2106 temp=1.00 total_env_steps=3013 t=0.08s
Ep   59: len= 60 白胜 loss=28.1654 temp=1.00 total_env_steps=3073 t=0.17s
Ep   60: len= 59 黑胜 loss=28.2282 temp=1.00 total_env_steps=3132 t=0.17s
Ep   61: len= 36 白胜 loss=28.1852 temp=1.00 total_env_steps=3168 t=0.10s
Ep   62: len= 40 白胜 loss=27.9831 temp=1.00 total_env_steps=3208 t=0.13s
Ep   63: len= 56 白胜 loss=28.0974 temp=1.00 total_env_steps=3264 t=0.17s
Ep   64: len= 53 黑胜 loss=28.1759 temp=1.00 total_env_steps=3317 t=0.16s
Ep   65: len= 52 白胜 loss=28.2443 temp=1.00 total_env_steps=3369 t=0.19s
Ep   66: len= 33 黑胜 loss=28.0503 temp=1.00 total_env_steps=3402 t=0.10s
Ep   67: len= 51 黑胜 loss=28.2700 temp=1.00 total_env_steps=3453 t=0.16s
Ep   68: len= 51 黑胜 loss=28.2773 temp=1.00 total_env_steps=3504 t=0.16s
Ep   69: len= 50 白胜 loss=28.4019 temp=1.00 total_env_steps=3554 t=0.15s
Ep   70: len= 44 白胜 loss=28.3099 temp=1.00 total_env_steps=3598 t=0.13s
Ep   71: len= 40 白胜 loss=28.3593 temp=1.00 total_env_steps=3638 t=0.17s
Ep   72: len= 40 白胜 loss=28.2199 temp=1.00 total_env_steps=3678 t=0.12s
Ep   73: len= 39 黑胜 loss=28.1801 temp=1.00 total_env_steps=3717 t=0.12s
Ep   74: len= 39 黑胜 loss=27.9543 temp=1.00 total_env_steps=3756 t=0.11s
Ep   75: len= 49 黑胜 loss=28.2439 temp=1.00 total_env_steps=3805 t=0.13s
Ep   76: len= 54 白胜 loss=28.4051 temp=1.00 total_env_steps=3859 t=0.16s
Ep   77: len= 32 白胜 loss=28.4114 temp=1.00 total_env_steps=3891 t=0.11s
Ep   78: len= 34 白胜 loss=28.1223 temp=1.00 total_env_steps=3925 t=0.11s
Ep   79: len= 55 黑胜 loss=28.1006 temp=1.00 total_env_steps=3980 t=0.17s
Ep   80: len= 46 白胜 loss=28.0888 temp=1.00 total_env_steps=4026 t=0.15s
Ep   81: len= 69 黑胜 loss=27.9435 temp=1.00 total_env_steps=4095 t=0.21s
Ep   82: len= 75 黑胜 loss=28.2909 temp=1.00 total_env_steps=4170 t=0.23s
Ep   83: len= 65 黑胜 loss=28.4011 temp=1.00 total_env_steps=4235 t=0.20s
Ep   84: len= 54 白胜 loss=28.3345 temp=1.00 total_env_steps=4289 t=0.19s
Ep   85: len= 45 黑胜 loss=28.1225 temp=1.00 total_env_steps=4334 t=0.15s
Ep   86: len= 63 黑胜 loss=28.2384 temp=1.00 total_env_steps=4397 t=0.21s
Ep   87: len= 67 黑胜 loss=28.0416 temp=1.00 total_env_steps=4464 t=0.22s
Ep   88: len= 55 黑胜 loss=28.2111 temp=1.00 total_env_steps=4519 t=0.23s
Ep   89: len= 57 黑胜 loss=28.2828 temp=1.00 total_env_steps=4576 t=0.16s
Ep   90: len= 40 白胜 loss=28.3413 temp=1.00 total_env_steps=4616 t=0.12s
Ep   91: len= 53 黑胜 loss=28.0846 temp=1.00 total_env_steps=4669 t=0.17s
Ep   92: len= 62 白胜 loss=28.0579 temp=1.00 total_env_steps=4731 t=0.19s
Ep   93: len= 34 白胜 loss=28.3379 temp=1.00 total_env_steps=4765 t=0.10s
Ep   94: len= 58 白胜 loss=28.0342 temp=1.00 total_env_steps=4823 t=0.16s
Ep   95: len= 45 黑胜 loss=28.1366 temp=1.00 total_env_steps=4868 t=0.15s
Ep   96: len= 42 白胜 loss=28.0921 temp=1.00 total_env_steps=4910 t=0.14s
Ep   97: len= 52 白胜 loss=28.1090 temp=1.00 total_env_steps=4962 t=0.16s
Ep   98: len= 47 黑胜 loss=28.1757 temp=1.00 total_env_steps=5009 t=0.15s
Ep   99: len= 48 白胜 loss=28.3010 temp=1.00 total_env_steps=5057 t=0.15s
Ep  100: len= 47 黑胜 loss=28.1426 temp=1.00 total_env_steps=5104 t=0.14s
  eval vs Gomoku-random-v0: win_rate=0.80 mean_return=0.60（20 局，total_env_steps=5104）
Ep  101: len= 31 黑胜 loss=28.2723 temp=1.00 total_env_steps=5135 t=0.10s
Ep  102: len= 50 白胜 loss=28.1630 temp=0.99 total_env_steps=5185 t=0.14s
Ep  103: len= 38 白胜 loss=28.0158 temp=0.99 total_env_steps=5223 t=0.11s
Ep  104: len= 39 黑胜 loss=28.2934 temp=0.98 total_env_steps=5262 t=0.12s
Ep  105: len= 58 白胜 loss=28.2430 temp=0.97 total_env_steps=5320 t=0.22s
Ep  106: len= 45 黑胜 loss=28.0758 temp=0.96 total_env_steps=5365 t=0.13s
Ep  107: len= 57 黑胜 loss=28.0162 temp=0.95 total_env_steps=5422 t=0.16s
Ep  108: len= 65 黑胜 loss=27.9772 temp=0.95 total_env_steps=5487 t=0.19s
Ep  109: len= 52 白胜 loss=28.0653 temp=0.94 total_env_steps=5539 t=0.19s
Ep  110: len= 44 白胜 loss=28.0242 temp=0.93 total_env_steps=5583 t=0.15s
Ep  111: len= 34 白胜 loss=28.0875 temp=0.93 total_env_steps=5617 t=0.13s
Ep  112: len= 47 黑胜 loss=28.0388 temp=0.92 total_env_steps=5664 t=0.17s
Ep  113: len= 39 黑胜 loss=28.1923 temp=0.91 total_env_steps=5703 t=0.18s
Ep  114: len= 58 白胜 loss=28.2705 temp=0.90 total_env_steps=5761 t=0.25s
Ep  115: len= 59 黑胜 loss=28.1820 temp=0.89 total_env_steps=5820 t=0.22s
Ep  116: len= 58 白胜 loss=28.2607 temp=0.89 total_env_steps=5878 t=0.21s
Ep  117: len= 33 黑胜 loss=28.1856 temp=0.88 total_env_steps=5911 t=0.14s
Ep  118: len= 59 黑胜 loss=28.0587 temp=0.87 total_env_steps=5970 t=0.21s
Ep  119: len= 45 黑胜 loss=28.3786 temp=0.87 total_env_steps=6015 t=0.16s
Ep  120: len= 62 白胜 loss=28.1304 temp=0.86 total_env_steps=6077 t=0.24s
Ep  121: len= 36 白胜 loss=28.1043 temp=0.85 total_env_steps=6113 t=0.14s
Ep  122: len= 53 黑胜 loss=28.1687 temp=0.84 total_env_steps=6166 t=0.21s
Ep  123: len= 52 白胜 loss=28.1037 temp=0.84 total_env_steps=6218 t=0.19s
Ep  124: len= 41 黑胜 loss=28.0477 temp=0.83 total_env_steps=6259 t=0.15s
Ep  125: len= 47 黑胜 loss=28.1016 temp=0.82 total_env_steps=6306 t=0.20s
Ep  126: len= 29 黑胜 loss=28.1642 temp=0.81 total_env_steps=6335 t=0.13s
Ep  127: len= 44 白胜 loss=28.1313 temp=0.81 total_env_steps=6379 t=0.16s
Ep  128: len= 45 黑胜 loss=27.9864 temp=0.80 total_env_steps=6424 t=0.16s
Ep  129: len= 55 黑胜 loss=28.0921 temp=0.79 total_env_steps=6479 t=0.20s
Ep  130: len= 41 黑胜 loss=28.1353 temp=0.78 total_env_steps=6520 t=0.15s
Ep  131: len= 48 白胜 loss=28.2408 temp=0.77 total_env_steps=6568 t=0.19s
Ep  132: len= 56 白胜 loss=28.2786 temp=0.77 total_env_steps=6624 t=0.21s
Ep  133: len= 39 黑胜 loss=28.1054 temp=0.76 total_env_steps=6663 t=0.18s
Ep  134: len= 34 白胜 loss=27.9969 temp=0.75 total_env_steps=6697 t=0.14s
Ep  135: len= 37 黑胜 loss=28.0785 temp=0.75 total_env_steps=6734 t=0.14s
Ep  136: len= 50 白胜 loss=28.1112 temp=0.74 total_env_steps=6784 t=0.17s
Ep  137: len= 60 白胜 loss=27.8850 temp=0.73 total_env_steps=6844 t=0.23s
Ep  138: len= 34 白胜 loss=28.0125 temp=0.72 total_env_steps=6878 t=0.13s
Ep  139: len= 58 白胜 loss=28.0313 temp=0.72 total_env_steps=6936 t=0.20s
Ep  140: len= 30 白胜 loss=28.1213 temp=0.71 total_env_steps=6966 t=0.12s
Ep  141: len= 41 黑胜 loss=28.1215 temp=0.70 total_env_steps=7007 t=0.17s
Ep  142: len= 36 白胜 loss=28.0624 temp=0.69 total_env_steps=7043 t=0.15s
Ep  143: len= 68 白胜 loss=28.2203 temp=0.69 total_env_steps=7111 t=0.25s
Ep  144: len= 50 白胜 loss=28.0546 temp=0.68 total_env_steps=7161 t=0.19s
Ep  145: len= 58 白胜 loss=28.1326 temp=0.67 total_env_steps=7219 t=0.21s
Ep  146: len= 66 白胜 loss=28.0684 temp=0.66 total_env_steps=7285 t=0.25s
Ep  147: len= 48 白胜 loss=28.2432 temp=0.65 total_env_steps=7333 t=0.21s
Ep  148: len= 36 白胜 loss=28.0909 temp=0.65 total_env_steps=7369 t=0.17s
Ep  149: len= 35 黑胜 loss=28.1101 temp=0.64 total_env_steps=7404 t=0.15s
Ep  150: len= 43 黑胜 loss=27.9861 temp=0.63 total_env_steps=7447 t=0.16s
  eval vs Gomoku-random-v0: win_rate=0.95 mean_return=0.90（20 局，total_env_steps=7447）
  ✅ 达标 ep=150 total_env_steps=7447
Ep  151: len= 42 白胜 loss=27.9925 temp=0.62 total_env_steps=7489 t=0.16s
Ep  152: len= 41 黑胜 loss=28.1290 temp=0.62 total_env_steps=7530 t=0.15s
Ep  153: len= 56 白胜 loss=28.0632 temp=0.61 total_env_steps=7586 t=0.21s
Ep  154: len= 61 黑胜 loss=28.1747 temp=0.60 total_env_steps=7647 t=0.22s
Ep  155: len= 38 白胜 loss=28.1133 temp=0.59 total_env_steps=7685 t=0.15s
Ep  156: len= 43 黑胜 loss=28.0637 temp=0.59 total_env_steps=7728 t=0.18s
Ep  157: len= 42 白胜 loss=28.2990 temp=0.58 total_env_steps=7770 t=0.15s
Ep  158: len= 51 黑胜 loss=28.0715 temp=0.57 total_env_steps=7821 t=0.19s
Ep  159: len= 45 黑胜 loss=28.2564 temp=0.56 total_env_steps=7866 t=0.16s
Ep  160: len= 44 白胜 loss=28.1455 temp=0.56 total_env_steps=7910 t=0.17s
Ep  161: len= 36 白胜 loss=28.2252 temp=0.55 total_env_steps=7946 t=0.13s
Ep  162: len= 58 白胜 loss=28.0687 temp=0.54 total_env_steps=8004 t=0.21s
Ep  163: len= 52 白胜 loss=28.1824 temp=0.53 total_env_steps=8056 t=0.19s
Ep  164: len= 44 白胜 loss=28.1484 temp=0.53 total_env_steps=8100 t=0.18s
Ep  165: len= 47 黑胜 loss=28.0685 temp=0.52 total_env_steps=8147 t=0.18s
Ep  166: len= 42 白胜 loss=28.0001 temp=0.51 total_env_steps=8189 t=0.18s
Ep  167: len= 34 白胜 loss=28.0243 temp=0.50 total_env_steps=8223 t=0.15s
Ep  168: len= 52 白胜 loss=28.0759 temp=0.50 total_env_steps=8275 t=0.21s
Ep  169: len= 46 白胜 loss=28.1126 temp=0.49 total_env_steps=8321 t=0.20s
Ep  170: len= 51 黑胜 loss=28.2183 temp=0.48 total_env_steps=8372 t=0.23s
Ep  171: len= 56 白胜 loss=28.1134 temp=0.48 total_env_steps=8428 t=0.21s
Ep  172: len= 52 白胜 loss=28.0217 temp=0.47 total_env_steps=8480 t=0.23s
Ep  173: len= 56 白胜 loss=28.1258 temp=0.46 total_env_steps=8536 t=0.21s
Ep  174: len= 43 黑胜 loss=28.2267 temp=0.45 total_env_steps=8579 t=0.16s
Ep  175: len= 51 黑胜 loss=27.9166 temp=0.44 total_env_steps=8630 t=0.19s
Ep  176: len= 66 白胜 loss=28.1776 temp=0.44 total_env_steps=8696 t=0.24s
Ep  177: len= 68 白胜 loss=28.0992 temp=0.43 total_env_steps=8764 t=0.24s
Ep  178: len= 74 白胜 loss=28.0445 temp=0.42 total_env_steps=8838 t=0.26s
Ep  179: len= 55 黑胜 loss=28.1131 temp=0.42 total_env_steps=8893 t=0.20s
Ep  180: len= 51 黑胜 loss=28.2751 temp=0.41 total_env_steps=8944 t=0.18s
Ep  181: len= 53 黑胜 loss=28.1389 temp=0.40 total_env_steps=8997 t=0.20s
Ep  182: len= 50 白胜 loss=28.0035 temp=0.39 total_env_steps=9047 t=0.18s
Ep  183: len= 33 黑胜 loss=28.2307 temp=0.38 total_env_steps=9080 t=0.13s
Ep  184: len= 43 黑胜 loss=28.1100 temp=0.38 total_env_steps=9123 t=0.17s
Ep  185: len= 44 白胜 loss=28.0284 temp=0.37 total_env_steps=9167 t=0.17s
Ep  186: len= 48 白胜 loss=28.0285 temp=0.36 total_env_steps=9215 t=0.19s
Ep  187: len= 46 白胜 loss=28.2365 temp=0.36 total_env_steps=9261 t=0.19s
Ep  188: len= 45 黑胜 loss=28.0614 temp=0.35 total_env_steps=9306 t=0.17s
Ep  189: len= 61 黑胜 loss=28.1898 temp=0.34 total_env_steps=9367 t=0.22s
Ep  190: len= 30 白胜 loss=27.9599 temp=0.33 total_env_steps=9397 t=0.14s
Ep  191: len= 40 白胜 loss=28.0545 temp=0.33 total_env_steps=9437 t=0.18s
Ep  192: len= 27 黑胜 loss=28.0392 temp=0.32 total_env_steps=9464 t=0.13s
Ep  193: len= 24 白胜 loss=28.0045 temp=0.31 total_env_steps=9488 t=0.11s
Ep  194: len= 30 白胜 loss=28.1265 temp=0.30 total_env_steps=9518 t=0.13s
Ep  195: len= 45 黑胜 loss=28.2478 temp=0.30 total_env_steps=9563 t=0.17s
Ep  196: len= 31 黑胜 loss=28.0753 temp=0.29 total_env_steps=9594 t=0.15s
Ep  197: len= 45 黑胜 loss=28.0553 temp=0.28 total_env_steps=9639 t=0.19s
Ep  198: len= 44 白胜 loss=28.0779 temp=0.27 total_env_steps=9683 t=0.19s
Ep  199: len= 39 黑胜 loss=28.1066 temp=0.26 total_env_steps=9722 t=0.17s
Ep  200: len= 42 白胜 loss=28.0100 temp=0.26 total_env_steps=9764 t=0.17s
  eval vs Gomoku-random-v0: win_rate=1.00 mean_return=1.00（20 局，total_env_steps=9764）
  📸 已拍权重快照（ep=200，gating 对弈基准）
Ep  201: len= 55 黑胜 loss=28.1668 temp=0.25 total_env_steps=9819 t=0.24s
Ep  202: len= 39 黑胜 loss=28.0402 temp=0.25 total_env_steps=9858 t=0.17s
Ep  203: len= 80 白胜 loss=28.1082 temp=0.25 total_env_steps=9938 t=0.31s
Ep  204: len= 35 黑胜 loss=28.0405 temp=0.25 total_env_steps=9973 t=0.15s
Ep  205: len= 32 白胜 loss=28.1415 temp=0.25 total_env_steps=10005 t=0.15s
Ep  206: len= 39 黑胜 loss=28.0386 temp=0.25 total_env_steps=10044 t=0.17s
Ep  207: len= 44 白胜 loss=28.3917 temp=0.25 total_env_steps=10088 t=0.19s
Ep  208: len= 59 黑胜 loss=28.0623 temp=0.25 total_env_steps=10147 t=0.25s
Ep  209: len= 34 白胜 loss=27.9314 temp=0.25 total_env_steps=10181 t=0.17s
Ep  210: len= 69 黑胜 loss=28.0695 temp=0.25 total_env_steps=10250 t=0.28s
Ep  211: len= 52 白胜 loss=28.0708 temp=0.25 total_env_steps=10302 t=0.25s
Ep  212: len= 37 黑胜 loss=28.0670 temp=0.25 total_env_steps=10339 t=0.18s
Ep  213: len= 38 白胜 loss=27.9181 temp=0.25 total_env_steps=10377 t=0.18s
Ep  214: len= 45 黑胜 loss=28.0743 temp=0.25 total_env_steps=10422 t=0.21s
Ep  215: len= 45 黑胜 loss=28.0845 temp=0.25 total_env_steps=10467 t=0.21s
Ep  216: len= 65 黑胜 loss=28.0356 temp=0.25 total_env_steps=10532 t=0.29s
Ep  217: len= 45 黑胜 loss=28.1343 temp=0.25 total_env_steps=10577 t=0.25s
Ep  218: len= 40 白胜 loss=28.2088 temp=0.25 total_env_steps=10617 t=0.21s
Ep  219: len= 25 黑胜 loss=27.9888 temp=0.25 total_env_steps=10642 t=0.15s
Ep  220: len= 45 黑胜 loss=28.0007 temp=0.25 total_env_steps=10687 t=0.20s
Ep  221: len= 48 白胜 loss=28.1401 temp=0.25 total_env_steps=10735 t=0.21s
Ep  222: len= 56 白胜 loss=27.8748 temp=0.25 total_env_steps=10791 t=0.24s
Ep  223: len= 51 黑胜 loss=28.0509 temp=0.25 total_env_steps=10842 t=0.22s
Ep  224: len= 43 黑胜 loss=27.7498 temp=0.25 total_env_steps=10885 t=0.22s
Ep  225: len= 67 黑胜 loss=27.8722 temp=0.25 total_env_steps=10952 t=0.32s
Ep  226: len= 52 白胜 loss=27.8973 temp=0.25 total_env_steps=11004 t=0.25s
Ep  227: len= 20 白胜 loss=28.0811 temp=0.25 total_env_steps=11024 t=0.13s
Ep  228: len= 43 黑胜 loss=27.9543 temp=0.25 total_env_steps=11067 t=0.20s
Ep  229: len= 61 黑胜 loss=27.8523 temp=0.25 total_env_steps=11128 t=0.26s
Ep  230: len= 24 白胜 loss=27.9152 temp=0.25 total_env_steps=11152 t=0.15s
Ep  231: len= 44 白胜 loss=28.1031 temp=0.25 total_env_steps=11196 t=0.20s
Ep  232: len= 47 黑胜 loss=27.9214 temp=0.25 total_env_steps=11243 t=0.24s
Ep  233: len= 25 黑胜 loss=28.0697 temp=0.25 total_env_steps=11268 t=0.16s
Ep  234: len= 53 黑胜 loss=27.8580 temp=0.25 total_env_steps=11321 t=0.24s
Ep  235: len= 51 黑胜 loss=27.9436 temp=0.25 total_env_steps=11372 t=0.23s
Ep  236: len= 61 黑胜 loss=28.0909 temp=0.25 total_env_steps=11433 t=0.25s
Ep  237: len= 40 白胜 loss=27.9512 temp=0.25 total_env_steps=11473 t=0.26s
Ep  238: len= 42 白胜 loss=27.9042 temp=0.25 total_env_steps=11515 t=0.27s
Ep  239: len= 34 白胜 loss=28.0419 temp=0.25 total_env_steps=11549 t=0.21s
Ep  240: len= 42 白胜 loss=27.8862 temp=0.25 total_env_steps=11591 t=0.22s
Ep  241: len= 25 黑胜 loss=27.6892 temp=0.25 total_env_steps=11616 t=0.15s
Ep  242: len= 52 白胜 loss=28.0654 temp=0.25 total_env_steps=11668 t=0.24s
Ep  243: len= 31 黑胜 loss=27.8803 temp=0.25 total_env_steps=11699 t=0.17s
Ep  244: len= 63 黑胜 loss=27.8638 temp=0.25 total_env_steps=11762 t=0.27s
Ep  245: len= 55 黑胜 loss=27.8662 temp=0.25 total_env_steps=11817 t=0.25s
Ep  246: len= 44 白胜 loss=27.7785 temp=0.25 total_env_steps=11861 t=0.21s
Ep  247: len= 68 白胜 loss=27.7247 temp=0.25 total_env_steps=11929 t=0.28s
Ep  248: len= 39 黑胜 loss=27.8475 temp=0.25 total_env_steps=11968 t=0.22s
Ep  249: len= 39 黑胜 loss=27.8989 temp=0.25 total_env_steps=12007 t=0.23s
Ep  250: len= 44 白胜 loss=27.9697 temp=0.25 total_env_steps=12051 t=0.22s
  eval vs Gomoku-random-v0: win_rate=1.00 mean_return=1.00（20 局，total_env_steps=12051）
Ep  251: len= 48 白胜 loss=27.8211 temp=0.25 total_env_steps=12099 t=0.24s
Ep  252: len= 55 黑胜 loss=27.5747 temp=0.25 total_env_steps=12154 t=0.24s
Ep  253: len= 39 黑胜 loss=27.8935 temp=0.25 total_env_steps=12193 t=0.19s
Ep  254: len= 41 黑胜 loss=27.8565 temp=0.25 total_env_steps=12234 t=0.19s
Ep  255: len= 46 白胜 loss=27.3792 temp=0.25 total_env_steps=12280 t=0.20s
Ep  256: len= 51 黑胜 loss=27.9145 temp=0.25 total_env_steps=12331 t=0.23s
Ep  257: len= 25 黑胜 loss=27.6992 temp=0.25 total_env_steps=12356 t=0.14s
Ep  258: len= 45 黑胜 loss=27.7014 temp=0.25 total_env_steps=12401 t=0.22s
Ep  259: len= 38 白胜 loss=27.6008 temp=0.25 total_env_steps=12439 t=0.18s
Ep  260: len= 26 白胜 loss=27.8905 temp=0.25 total_env_steps=12465 t=0.14s
Ep  261: len= 48 白胜 loss=27.9330 temp=0.25 total_env_steps=12513 t=0.21s
Ep  262: len= 43 黑胜 loss=27.8097 temp=0.25 total_env_steps=12556 t=0.20s
Ep  263: len= 55 黑胜 loss=27.8391 temp=0.25 total_env_steps=12611 t=0.23s
Ep  264: len= 58 白胜 loss=27.6951 temp=0.25 total_env_steps=12669 t=0.26s
Ep  265: len= 49 黑胜 loss=27.8934 temp=0.25 total_env_steps=12718 t=0.22s
Ep  266: len= 31 黑胜 loss=27.7780 temp=0.25 total_env_steps=12749 t=0.16s
Ep  267: len= 34 白胜 loss=27.9080 temp=0.25 total_env_steps=12783 t=0.18s
Ep  268: len= 45 黑胜 loss=27.6922 temp=0.25 total_env_steps=12828 t=0.20s
Ep  269: len= 47 黑胜 loss=27.6375 temp=0.25 total_env_steps=12875 t=0.22s
Ep  270: len= 46 白胜 loss=27.9280 temp=0.25 total_env_steps=12921 t=0.21s
Ep  271: len= 45 黑胜 loss=27.8835 temp=0.25 total_env_steps=12966 t=0.20s
Ep  272: len= 53 黑胜 loss=27.6700 temp=0.25 total_env_steps=13019 t=0.24s
Ep  273: len= 52 白胜 loss=27.5304 temp=0.25 total_env_steps=13071 t=0.27s
Ep  274: len= 57 黑胜 loss=27.8618 temp=0.25 total_env_steps=13128 t=0.27s
Ep  275: len= 39 黑胜 loss=27.6607 temp=0.25 total_env_steps=13167 t=0.20s
Ep  276: len= 13 黑胜 loss=27.8149 temp=0.25 total_env_steps=13180 t=0.12s
Ep  277: len= 16 白胜 loss=27.4972 temp=0.25 total_env_steps=13196 t=0.12s
Ep  278: len= 32 白胜 loss=27.6895 temp=0.25 total_env_steps=13228 t=0.17s
Ep  279: len= 40 白胜 loss=27.6246 temp=0.25 total_env_steps=13268 t=0.23s
Ep  280: len= 27 黑胜 loss=27.5710 temp=0.25 total_env_steps=13295 t=0.16s
Ep  281: len= 30 白胜 loss=27.5234 temp=0.25 total_env_steps=13325 t=0.15s
Ep  282: len= 35 黑胜 loss=27.4744 temp=0.25 total_env_steps=13360 t=0.19s
Ep  283: len= 54 白胜 loss=27.6765 temp=0.25 total_env_steps=13414 t=0.23s
Ep  284: len= 32 白胜 loss=27.7730 temp=0.25 total_env_steps=13446 t=0.17s
Ep  285: len= 42 白胜 loss=27.5709 temp=0.25 total_env_steps=13488 t=0.26s
Ep  286: len= 50 白胜 loss=27.2536 temp=0.25 total_env_steps=13538 t=0.22s
Ep  287: len= 53 黑胜 loss=27.5210 temp=0.25 total_env_steps=13591 t=0.24s
Ep  288: len= 36 白胜 loss=27.6373 temp=0.25 total_env_steps=13627 t=0.18s
Ep  289: len= 71 黑胜 loss=27.7519 temp=0.25 total_env_steps=13698 t=0.30s
Ep  290: len= 34 白胜 loss=27.4108 temp=0.25 total_env_steps=13732 t=0.16s
Ep  291: len= 68 白胜 loss=27.8555 temp=0.25 total_env_steps=13800 t=0.29s
Ep  292: len= 29 黑胜 loss=27.3728 temp=0.25 total_env_steps=13829 t=0.16s
Ep  293: len= 39 黑胜 loss=27.5604 temp=0.25 total_env_steps=13868 t=0.21s
Ep  294: len= 66 白胜 loss=27.8317 temp=0.25 total_env_steps=13934 t=0.30s
Ep  295: len= 27 黑胜 loss=27.8946 temp=0.25 total_env_steps=13961 t=0.15s
Ep  296: len= 26 白胜 loss=27.5390 temp=0.25 total_env_steps=13987 t=0.14s
Ep  297: len= 49 黑胜 loss=27.4715 temp=0.25 total_env_steps=14036 t=0.23s
Ep  298: len= 67 黑胜 loss=27.6467 temp=0.25 total_env_steps=14103 t=0.27s
Ep  299: len= 52 白胜 loss=27.6407 temp=0.25 total_env_steps=14155 t=0.22s
Ep  300: len= 46 白胜 loss=28.1280 temp=0.25 total_env_steps=14201 t=0.23s
  eval vs Gomoku-random-v0: win_rate=1.00 mean_return=1.00（20 局，total_env_steps=14201）
Ep  301: len= 25 黑胜 loss=27.4412 temp=0.25 total_env_steps=14226 t=0.15s
Ep  302: len= 43 黑胜 loss=27.4036 temp=0.25 total_env_steps=14269 t=0.20s
Ep  303: len= 51 黑胜 loss=27.6092 temp=0.25 total_env_steps=14320 t=0.28s
Ep  304: len= 19 黑胜 loss=27.2363 temp=0.25 total_env_steps=14339 t=0.13s
Ep  305: len= 25 黑胜 loss=27.4816 temp=0.25 total_env_steps=14364 t=0.14s
Ep  306: len= 34 白胜 loss=27.4956 temp=0.25 total_env_steps=14398 t=0.16s
Ep  307: len= 30 白胜 loss=27.2802 temp=0.25 total_env_steps=14428 t=0.16s
Ep  308: len= 17 黑胜 loss=27.0257 temp=0.25 total_env_steps=14445 t=0.12s
Ep  309: len= 23 黑胜 loss=27.4385 temp=0.25 total_env_steps=14468 t=0.15s
Ep  310: len= 57 黑胜 loss=27.8692 temp=0.25 total_env_steps=14525 t=0.24s
Ep  311: len= 13 黑胜 loss=27.2897 temp=0.25 total_env_steps=14538 t=0.11s
Ep  312: len= 33 黑胜 loss=27.6463 temp=0.25 total_env_steps=14571 t=0.19s
Ep  313: len= 41 黑胜 loss=27.5795 temp=0.25 total_env_steps=14612 t=0.19s
Ep  314: len= 16 白胜 loss=27.8017 temp=0.25 total_env_steps=14628 t=0.11s
Ep  315: len= 21 黑胜 loss=27.7033 temp=0.25 total_env_steps=14649 t=0.14s
Ep  316: len= 51 黑胜 loss=27.4599 temp=0.25 total_env_steps=14700 t=0.28s
Ep  317: len= 28 白胜 loss=27.3643 temp=0.25 total_env_steps=14728 t=0.15s
Ep  318: len= 47 黑胜 loss=27.2471 temp=0.25 total_env_steps=14775 t=0.22s
Ep  319: len= 52 白胜 loss=27.5742 temp=0.25 total_env_steps=14827 t=0.31s
Ep  320: len= 49 黑胜 loss=27.6803 temp=0.25 total_env_steps=14876 t=0.23s
Ep  321: len= 24 白胜 loss=27.4166 temp=0.25 total_env_steps=14900 t=0.13s
Ep  322: len= 39 黑胜 loss=27.2496 temp=0.25 total_env_steps=14939 t=0.20s
Ep  323: len= 33 黑胜 loss=27.2241 temp=0.25 total_env_steps=14972 t=0.19s
Ep  324: len= 35 黑胜 loss=27.6381 temp=0.25 total_env_steps=15007 t=0.18s
Ep  325: len= 19 黑胜 loss=26.9958 temp=0.25 total_env_steps=15026 t=0.13s
Ep  326: len= 33 黑胜 loss=27.6798 temp=0.25 total_env_steps=15059 t=0.17s
Ep  327: len= 40 白胜 loss=27.0582 temp=0.25 total_env_steps=15099 t=0.26s
Ep  328: len= 43 黑胜 loss=26.9810 temp=0.25 total_env_steps=15142 t=0.25s
Ep  329: len= 41 黑胜 loss=27.3443 temp=0.25 total_env_steps=15183 t=0.22s
Ep  330: len= 64 白胜 loss=27.1616 temp=0.25 total_env_steps=15247 t=0.29s
Ep  331: len= 49 黑胜 loss=27.3257 temp=0.25 total_env_steps=15296 t=0.22s
Ep  332: len= 51 黑胜 loss=27.0159 temp=0.25 total_env_steps=15347 t=0.24s
Ep  333: len= 37 黑胜 loss=26.8102 temp=0.25 total_env_steps=15384 t=0.18s
Ep  334: len= 40 白胜 loss=27.2991 temp=0.25 total_env_steps=15424 t=0.20s
Ep  335: len= 46 白胜 loss=27.3777 temp=0.25 total_env_steps=15470 t=0.32s
Ep  336: len= 44 白胜 loss=27.2875 temp=0.25 total_env_steps=15514 t=0.21s
Ep  337: len= 51 黑胜 loss=27.4662 temp=0.25 total_env_steps=15565 t=0.23s
Ep  338: len= 43 黑胜 loss=27.1372 temp=0.25 total_env_steps=15608 t=0.21s
Ep  339: len= 32 白胜 loss=27.5564 temp=0.25 total_env_steps=15640 t=0.18s
Ep  340: len= 40 白胜 loss=27.5314 temp=0.25 total_env_steps=15680 t=0.19s
Ep  341: len= 28 白胜 loss=27.3717 temp=0.25 total_env_steps=15708 t=0.17s
Ep  342: len= 51 黑胜 loss=27.0243 temp=0.25 total_env_steps=15759 t=0.22s
Ep  343: len= 40 白胜 loss=27.6400 temp=0.25 total_env_steps=15799 t=0.19s
Ep  344: len= 60 白胜 loss=26.6100 temp=0.25 total_env_steps=15859 t=0.25s
Ep  345: len= 46 白胜 loss=27.5208 temp=0.25 total_env_steps=15905 t=0.21s
Ep  346: len= 11 黑胜 loss=26.9296 temp=0.25 total_env_steps=15916 t=0.09s
Ep  347: len= 45 黑胜 loss=26.7788 temp=0.25 total_env_steps=15961 t=0.23s
Ep  348: len= 39 黑胜 loss=26.7060 temp=0.25 total_env_steps=16000 t=0.30s
Ep  349: len= 43 黑胜 loss=26.7905 temp=0.25 total_env_steps=16043 t=0.28s
Ep  350: len= 44 白胜 loss=27.2705 temp=0.25 total_env_steps=16087 t=0.21s
  eval vs Gomoku-random-v0: win_rate=1.00 mean_return=1.00（20 局，total_env_steps=16087）
Ep  351: len= 57 黑胜 loss=26.8851 temp=0.25 total_env_steps=16144 t=0.27s
Ep  352: len= 60 白胜 loss=26.7958 temp=0.25 total_env_steps=16204 t=0.28s
Ep  353: len= 63 黑胜 loss=27.4543 temp=0.25 total_env_steps=16267 t=0.28s
Ep  354: len= 59 黑胜 loss=27.1801 temp=0.25 total_env_steps=16326 t=0.28s
Ep  355: len= 65 黑胜 loss=27.3991 temp=0.25 total_env_steps=16391 t=0.29s
Ep  356: len= 39 黑胜 loss=27.0422 temp=0.25 total_env_steps=16430 t=0.22s
Ep  357: len= 45 黑胜 loss=27.3228 temp=0.25 total_env_steps=16475 t=0.21s
Ep  358: len= 59 黑胜 loss=26.6474 temp=0.25 total_env_steps=16534 t=0.29s
Ep  359: len= 21 黑胜 loss=27.0828 temp=0.25 total_env_steps=16555 t=0.15s
Ep  360: len= 39 黑胜 loss=26.9791 temp=0.25 total_env_steps=16594 t=0.20s
Ep  361: len= 47 黑胜 loss=27.3964 temp=0.25 total_env_steps=16641 t=0.25s
Ep  362: len= 40 白胜 loss=27.2299 temp=0.25 total_env_steps=16681 t=0.22s
Ep  363: len= 42 白胜 loss=27.0361 temp=0.25 total_env_steps=16723 t=0.20s
Ep  364: len= 28 白胜 loss=26.2472 temp=0.25 total_env_steps=16751 t=0.17s
Ep  365: len= 26 白胜 loss=27.1933 temp=0.25 total_env_steps=16777 t=0.17s
Ep  366: len= 60 白胜 loss=27.1593 temp=0.25 total_env_steps=16837 t=0.29s
Ep  367: len= 48 白胜 loss=26.7254 temp=0.25 total_env_steps=16885 t=0.22s
Ep  368: len= 53 黑胜 loss=27.0735 temp=0.25 total_env_steps=16938 t=0.24s
Ep  369: len= 33 黑胜 loss=27.2798 temp=0.25 total_env_steps=16971 t=0.17s
Ep  370: len= 42 白胜 loss=27.1005 temp=0.25 total_env_steps=17013 t=0.20s
Ep  371: len= 49 黑胜 loss=26.7069 temp=0.25 total_env_steps=17062 t=0.23s
Ep  372: len= 25 黑胜 loss=27.5804 temp=0.25 total_env_steps=17087 t=0.15s
Ep  373: len= 59 黑胜 loss=26.8787 temp=0.25 total_env_steps=17146 t=0.25s
Ep  374: len= 39 黑胜 loss=26.4031 temp=0.25 total_env_steps=17185 t=0.20s
Ep  375: len= 45 黑胜 loss=26.4393 temp=0.25 total_env_steps=17230 t=0.23s
Ep  376: len= 26 白胜 loss=26.7986 temp=0.25 total_env_steps=17256 t=0.17s
Ep  377: len= 46 白胜 loss=26.6385 temp=0.25 total_env_steps=17302 t=0.23s
Ep  378: len= 23 黑胜 loss=26.9278 temp=0.25 total_env_steps=17325 t=0.16s
Ep  379: len= 45 黑胜 loss=26.7903 temp=0.25 total_env_steps=17370 t=0.22s
Ep  380: len= 48 白胜 loss=26.4271 temp=0.25 total_env_steps=17418 t=0.23s
Ep  381: len= 22 白胜 loss=26.3227 temp=0.25 total_env_steps=17440 t=0.14s
Ep  382: len= 38 白胜 loss=26.3186 temp=0.25 total_env_steps=17478 t=0.19s
Ep  383: len= 33 黑胜 loss=26.4025 temp=0.25 total_env_steps=17511 t=0.17s
Ep  384: len= 31 黑胜 loss=27.2417 temp=0.25 total_env_steps=17542 t=0.17s
Ep  385: len= 38 白胜 loss=26.5520 temp=0.25 total_env_steps=17580 t=0.20s
Ep  386: len= 40 白胜 loss=26.2539 temp=0.25 total_env_steps=17620 t=0.21s
Ep  387: len= 35 黑胜 loss=26.4915 temp=0.25 total_env_steps=17655 t=0.22s
Ep  388: len= 13 黑胜 loss=26.5618 temp=0.25 total_env_steps=17668 t=0.12s
Ep  389: len= 67 黑胜 loss=26.7571 temp=0.25 total_env_steps=17735 t=0.31s
Ep  390: len= 48 白胜 loss=26.4414 temp=0.25 total_env_steps=17783 t=0.27s
Ep  391: len= 45 黑胜 loss=26.1362 temp=0.25 total_env_steps=17828 t=0.23s
Ep  392: len= 50 白胜 loss=27.1466 temp=0.25 total_env_steps=17878 t=0.24s
Ep  393: len= 59 黑胜 loss=26.6860 temp=0.25 total_env_steps=17937 t=0.27s
Ep  394: len= 67 黑胜 loss=26.0483 temp=0.25 total_env_steps=18004 t=0.32s
Ep  395: len= 36 白胜 loss=26.8451 temp=0.25 total_env_steps=18040 t=0.21s
Ep  396: len= 10 白胜 loss=26.4304 temp=0.25 total_env_steps=18050 t=0.10s
Ep  397: len= 27 黑胜 loss=26.8759 temp=0.25 total_env_steps=18077 t=0.17s
Ep  398: len= 71 黑胜 loss=26.7837 temp=0.25 total_env_steps=18148 t=0.31s
Ep  399: len= 22 白胜 loss=26.6459 temp=0.25 total_env_steps=18170 t=0.15s
Ep  400: len= 38 白胜 loss=27.0767 temp=0.25 total_env_steps=18208 t=0.20s
  eval vs Gomoku-random-v0: win_rate=0.95 mean_return=0.90（20 局，total_env_steps=18208）
[闸门] vs random（40 局）: win_rate=0.950
[闸门] vs 半程快照（40 局，黑白各半）: score=0.975
[梯队] vs naive0（20 局，观察性）: win_rate=0.00
[梯队] vs naive1（20 局，观察性）: win_rate=0.00
[梯队] vs naive2（20 局，观察性）: win_rate=0.00
[梯队] vs naive3（20 局，观察性）: win_rate=0.00
📈 Gomoku-selfplay-v0 win_rate=0.95（best 1.00）| 门槛 0.95 | 94.5s

--- arm=augment seed=44 sims=100 ---
[MyZero-board Gomoku-selfplay-v0] obs=243(3×9²) |A|=81 sims=100 γ=1.0 negamax
[MyZero-board] 8 重对称增广开启（D4，采样时随机套变换）
Ep    1: len= 44 白胜 loss=0.0000 temp=1.00 total_env_steps=44 t=0.14s
Ep    2: len= 59 黑胜 loss=0.0000 temp=1.00 total_env_steps=103 t=0.18s
Ep    3: len= 55 黑胜 loss=0.0000 temp=1.00 total_env_steps=158 t=0.18s
Ep    4: len= 71 黑胜 loss=0.0000 temp=1.00 total_env_steps=229 t=0.24s
Ep    5: len= 60 白胜 loss=0.0000 temp=1.00 total_env_steps=289 t=0.23s
Ep    6: len= 41 黑胜 loss=0.0000 temp=1.00 total_env_steps=330 t=0.15s
Ep    7: len= 47 黑胜 loss=0.0000 temp=1.00 total_env_steps=377 t=0.16s
Ep    8: len= 66 白胜 loss=0.0000 temp=1.00 total_env_steps=443 t=0.22s
Ep    9: len= 63 黑胜 loss=0.0000 temp=1.00 total_env_steps=506 t=0.22s
Ep   10: len= 48 白胜 loss=38.2487 temp=1.00 total_env_steps=554 t=0.19s
Ep   11: len= 51 黑胜 loss=29.1365 temp=1.00 total_env_steps=605 t=0.19s
Ep   12: len= 43 黑胜 loss=28.4804 temp=1.00 total_env_steps=648 t=0.16s
Ep   13: len= 41 黑胜 loss=29.1881 temp=1.00 total_env_steps=689 t=0.16s
Ep   14: len= 37 黑胜 loss=28.5494 temp=1.00 total_env_steps=726 t=0.14s
Ep   15: len= 38 白胜 loss=28.9733 temp=1.00 total_env_steps=764 t=0.15s
Ep   16: len= 22 白胜 loss=28.4843 temp=1.00 total_env_steps=786 t=0.09s
Ep   17: len= 58 白胜 loss=28.3357 temp=1.00 total_env_steps=844 t=0.21s
Ep   18: len= 60 白胜 loss=28.4149 temp=1.00 total_env_steps=904 t=0.22s
Ep   19: len= 60 白胜 loss=28.8010 temp=1.00 total_env_steps=964 t=0.22s
Ep   20: len= 50 白胜 loss=28.9203 temp=1.00 total_env_steps=1014 t=0.31s
Ep   21: len= 69 黑胜 loss=28.3946 temp=1.00 total_env_steps=1083 t=0.29s
Ep   22: len= 37 黑胜 loss=28.8089 temp=1.00 total_env_steps=1120 t=0.15s
Ep   23: len= 70 白胜 loss=28.2678 temp=1.00 total_env_steps=1190 t=0.29s
Ep   24: len= 66 白胜 loss=28.3609 temp=1.00 total_env_steps=1256 t=0.26s
Ep   25: len= 59 黑胜 loss=28.6066 temp=1.00 total_env_steps=1315 t=0.26s
Ep   26: len= 49 黑胜 loss=28.4742 temp=1.00 total_env_steps=1364 t=0.22s
Ep   27: len= 68 白胜 loss=28.6635 temp=1.00 total_env_steps=1432 t=0.26s
Ep   28: len= 63 黑胜 loss=28.4177 temp=1.00 total_env_steps=1495 t=0.37s
Ep   29: len= 43 黑胜 loss=28.0227 temp=1.00 total_env_steps=1538 t=0.19s
Ep   30: len= 48 白胜 loss=28.5814 temp=1.00 total_env_steps=1586 t=0.19s
Ep   31: len= 50 白胜 loss=28.2991 temp=1.00 total_env_steps=1636 t=0.17s
Ep   32: len= 43 黑胜 loss=28.3329 temp=1.00 total_env_steps=1679 t=0.17s
Ep   33: len= 25 黑胜 loss=28.4898 temp=1.00 total_env_steps=1704 t=0.10s
Ep   34: len= 50 白胜 loss=28.3784 temp=1.00 total_env_steps=1754 t=0.19s
Ep   35: len= 57 黑胜 loss=28.6676 temp=1.00 total_env_steps=1811 t=0.20s
Ep   36: len= 46 白胜 loss=28.2599 temp=1.00 total_env_steps=1857 t=0.18s
Ep   37: len= 40 白胜 loss=28.3657 temp=1.00 total_env_steps=1897 t=0.14s
Ep   38: len= 46 白胜 loss=28.5187 temp=1.00 total_env_steps=1943 t=0.17s
Ep   39: len= 71 黑胜 loss=28.0177 temp=1.00 total_env_steps=2014 t=0.25s
Ep   40: len= 40 白胜 loss=28.4677 temp=1.00 total_env_steps=2054 t=0.18s
Ep   41: len= 37 黑胜 loss=28.4066 temp=1.00 total_env_steps=2091 t=0.14s
Ep   42: len= 81 平局 loss=28.2866 temp=1.00 total_env_steps=2172 t=0.31s
Ep   43: len= 42 白胜 loss=28.4847 temp=1.00 total_env_steps=2214 t=0.15s
Ep   44: len= 39 黑胜 loss=28.5168 temp=1.00 total_env_steps=2253 t=0.15s
Ep   45: len= 59 黑胜 loss=28.5349 temp=1.00 total_env_steps=2312 t=0.22s
Ep   46: len= 40 白胜 loss=28.5772 temp=1.00 total_env_steps=2352 t=0.25s
Ep   47: len= 60 白胜 loss=28.1980 temp=1.00 total_env_steps=2412 t=0.22s
Ep   48: len= 60 白胜 loss=28.6026 temp=1.00 total_env_steps=2472 t=0.21s
Ep   49: len= 65 黑胜 loss=28.1189 temp=1.00 total_env_steps=2537 t=0.25s
Ep   50: len= 43 黑胜 loss=28.2127 temp=1.00 total_env_steps=2580 t=0.15s
  eval vs Gomoku-random-v0: win_rate=0.55 mean_return=0.10（20 局，total_env_steps=2580）
Ep   51: len= 67 黑胜 loss=28.3545 temp=1.00 total_env_steps=2647 t=0.36s
Ep   52: len= 54 白胜 loss=28.2488 temp=1.00 total_env_steps=2701 t=0.21s
Ep   53: len= 64 白胜 loss=28.3585 temp=1.00 total_env_steps=2765 t=0.23s
Ep   54: len= 40 白胜 loss=28.4641 temp=1.00 total_env_steps=2805 t=0.16s
Ep   55: len= 70 白胜 loss=28.2558 temp=1.00 total_env_steps=2875 t=0.30s
Ep   56: len= 43 黑胜 loss=28.3856 temp=1.00 total_env_steps=2918 t=0.17s
Ep   57: len= 52 白胜 loss=28.2546 temp=1.00 total_env_steps=2970 t=0.28s
Ep   58: len= 30 白胜 loss=28.1485 temp=1.00 total_env_steps=3000 t=0.11s
Ep   59: len= 50 白胜 loss=28.6336 temp=1.00 total_env_steps=3050 t=0.17s
Ep   60: len= 36 白胜 loss=28.5128 temp=1.00 total_env_steps=3086 t=0.14s
Ep   61: len= 47 黑胜 loss=28.3358 temp=1.00 total_env_steps=3133 t=0.17s
Ep   62: len= 50 白胜 loss=28.3693 temp=1.00 total_env_steps=3183 t=0.18s
Ep   63: len= 55 黑胜 loss=28.4546 temp=1.00 total_env_steps=3238 t=0.19s
Ep   64: len= 51 黑胜 loss=28.7407 temp=1.00 total_env_steps=3289 t=0.18s
Ep   65: len= 48 白胜 loss=28.1823 temp=1.00 total_env_steps=3337 t=0.19s
Ep   66: len= 64 白胜 loss=28.3237 temp=1.00 total_env_steps=3401 t=0.24s
Ep   67: len= 35 黑胜 loss=28.7144 temp=1.00 total_env_steps=3436 t=0.13s
Ep   68: len= 78 白胜 loss=28.4367 temp=1.00 total_env_steps=3514 t=0.33s
Ep   69: len= 71 黑胜 loss=28.3627 temp=1.00 total_env_steps=3585 t=0.30s
Ep   70: len= 46 白胜 loss=28.3847 temp=1.00 total_env_steps=3631 t=0.18s
Ep   71: len= 29 黑胜 loss=28.3909 temp=1.00 total_env_steps=3660 t=0.12s
Ep   72: len= 44 白胜 loss=28.3927 temp=1.00 total_env_steps=3704 t=0.18s
Ep   73: len= 70 白胜 loss=28.4073 temp=1.00 total_env_steps=3774 t=0.26s
Ep   74: len= 33 黑胜 loss=28.4410 temp=1.00 total_env_steps=3807 t=0.13s
Ep   75: len= 23 黑胜 loss=28.3609 temp=1.00 total_env_steps=3830 t=0.10s
Ep   76: len= 67 黑胜 loss=28.2475 temp=1.00 total_env_steps=3897 t=0.23s
Ep   77: len= 25 黑胜 loss=28.0799 temp=1.00 total_env_steps=3922 t=0.10s
Ep   78: len= 51 黑胜 loss=28.8519 temp=1.00 total_env_steps=3973 t=0.19s
Ep   79: len= 62 白胜 loss=28.3470 temp=1.00 total_env_steps=4035 t=0.28s
Ep   80: len= 29 黑胜 loss=28.0885 temp=1.00 total_env_steps=4064 t=0.11s
Ep   81: len= 50 白胜 loss=28.1992 temp=1.00 total_env_steps=4114 t=0.18s
Ep   82: len= 63 黑胜 loss=28.1624 temp=1.00 total_env_steps=4177 t=0.24s
Ep   83: len= 55 黑胜 loss=28.2952 temp=1.00 total_env_steps=4232 t=0.21s
Ep   84: len= 69 黑胜 loss=28.1689 temp=1.00 total_env_steps=4301 t=0.25s
Ep   85: len= 51 黑胜 loss=28.1832 temp=1.00 total_env_steps=4352 t=0.17s
Ep   86: len= 39 黑胜 loss=28.6427 temp=1.00 total_env_steps=4391 t=0.14s
Ep   87: len= 58 白胜 loss=28.4656 temp=1.00 total_env_steps=4449 t=0.26s
Ep   88: len= 68 白胜 loss=28.3156 temp=1.00 total_env_steps=4517 t=0.27s
Ep   89: len= 46 白胜 loss=28.4332 temp=1.00 total_env_steps=4563 t=0.16s
Ep   90: len= 43 黑胜 loss=28.2961 temp=1.00 total_env_steps=4606 t=0.16s
Ep   91: len= 78 白胜 loss=28.4843 temp=1.00 total_env_steps=4684 t=0.28s
Ep   92: len= 54 白胜 loss=28.1880 temp=1.00 total_env_steps=4738 t=0.20s
Ep   93: len= 50 白胜 loss=28.4107 temp=1.00 total_env_steps=4788 t=0.20s
Ep   94: len= 49 黑胜 loss=28.3226 temp=1.00 total_env_steps=4837 t=0.20s
Ep   95: len= 49 黑胜 loss=28.4578 temp=1.00 total_env_steps=4886 t=0.21s
Ep   96: len= 55 黑胜 loss=28.3222 temp=1.00 total_env_steps=4941 t=0.29s
Ep   97: len= 75 黑胜 loss=28.3478 temp=1.00 total_env_steps=5016 t=0.28s
Ep   98: len= 57 黑胜 loss=28.2797 temp=1.00 total_env_steps=5073 t=0.21s
Ep   99: len= 27 黑胜 loss=28.2928 temp=1.00 total_env_steps=5100 t=0.11s
Ep  100: len= 44 白胜 loss=28.3325 temp=1.00 total_env_steps=5144 t=0.20s
  eval vs Gomoku-random-v0: win_rate=0.85 mean_return=0.70（20 局，total_env_steps=5144）
Ep  101: len= 25 黑胜 loss=28.2634 temp=1.00 total_env_steps=5169 t=0.11s
Ep  102: len= 49 黑胜 loss=28.3549 temp=0.99 total_env_steps=5218 t=0.19s
Ep  103: len= 64 白胜 loss=28.4292 temp=0.99 total_env_steps=5282 t=0.23s
Ep  104: len= 52 白胜 loss=28.2523 temp=0.98 total_env_steps=5334 t=0.20s
Ep  105: len= 55 黑胜 loss=28.3367 temp=0.97 total_env_steps=5389 t=0.24s
Ep  106: len= 52 白胜 loss=28.4867 temp=0.96 total_env_steps=5441 t=0.19s
Ep  107: len= 48 白胜 loss=28.3837 temp=0.95 total_env_steps=5489 t=0.19s
Ep  108: len= 27 黑胜 loss=28.3447 temp=0.95 total_env_steps=5516 t=0.11s
Ep  109: len= 48 白胜 loss=28.2281 temp=0.94 total_env_steps=5564 t=0.18s
Ep  110: len= 62 白胜 loss=28.1716 temp=0.93 total_env_steps=5626 t=0.23s
Ep  111: len= 52 白胜 loss=28.2533 temp=0.93 total_env_steps=5678 t=0.19s
Ep  112: len= 60 白胜 loss=28.8936 temp=0.92 total_env_steps=5738 t=0.22s
Ep  113: len= 22 白胜 loss=28.2141 temp=0.91 total_env_steps=5760 t=0.14s
Ep  114: len= 32 白胜 loss=28.5360 temp=0.90 total_env_steps=5792 t=0.14s
Ep  115: len= 67 黑胜 loss=28.3936 temp=0.89 total_env_steps=5859 t=0.25s
Ep  116: len= 29 黑胜 loss=28.5457 temp=0.89 total_env_steps=5888 t=0.13s
Ep  117: len= 71 黑胜 loss=28.3126 temp=0.88 total_env_steps=5959 t=0.26s
Ep  118: len= 55 黑胜 loss=28.1911 temp=0.87 total_env_steps=6014 t=0.19s
Ep  119: len= 34 白胜 loss=28.1294 temp=0.87 total_env_steps=6048 t=0.15s
Ep  120: len= 36 白胜 loss=28.1734 temp=0.86 total_env_steps=6084 t=0.14s
Ep  121: len= 25 黑胜 loss=27.9644 temp=0.85 total_env_steps=6109 t=0.10s
Ep  122: len= 40 白胜 loss=27.9280 temp=0.84 total_env_steps=6149 t=0.15s
Ep  123: len= 54 白胜 loss=28.3498 temp=0.84 total_env_steps=6203 t=0.20s
Ep  124: len= 54 白胜 loss=28.0070 temp=0.83 total_env_steps=6257 t=0.19s
Ep  125: len= 54 白胜 loss=28.6480 temp=0.82 total_env_steps=6311 t=0.20s
Ep  126: len= 49 黑胜 loss=28.0606 temp=0.81 total_env_steps=6360 t=0.19s
Ep  127: len= 45 黑胜 loss=28.5948 temp=0.81 total_env_steps=6405 t=0.19s
Ep  128: len= 35 黑胜 loss=28.2847 temp=0.80 total_env_steps=6440 t=0.19s
Ep  129: len= 35 黑胜 loss=28.3175 temp=0.79 total_env_steps=6475 t=0.13s
Ep  130: len= 28 白胜 loss=28.3963 temp=0.78 total_env_steps=6503 t=0.11s
Ep  131: len= 59 黑胜 loss=28.3050 temp=0.77 total_env_steps=6562 t=0.21s
Ep  132: len= 33 黑胜 loss=27.9948 temp=0.77 total_env_steps=6595 t=0.18s
Ep  133: len= 51 黑胜 loss=28.5457 temp=0.76 total_env_steps=6646 t=0.21s
Ep  134: len= 46 白胜 loss=28.4583 temp=0.75 total_env_steps=6692 t=0.18s
Ep  135: len= 34 白胜 loss=28.3254 temp=0.75 total_env_steps=6726 t=0.16s
Ep  136: len= 58 白胜 loss=28.3137 temp=0.74 total_env_steps=6784 t=0.30s
Ep  137: len= 30 白胜 loss=28.4100 temp=0.73 total_env_steps=6814 t=0.12s
Ep  138: len= 54 白胜 loss=28.4215 temp=0.72 total_env_steps=6868 t=0.19s
Ep  139: len= 75 黑胜 loss=28.3894 temp=0.72 total_env_steps=6943 t=0.26s
Ep  140: len= 39 黑胜 loss=27.9536 temp=0.71 total_env_steps=6982 t=0.15s
Ep  141: len= 45 黑胜 loss=28.1450 temp=0.70 total_env_steps=7027 t=0.17s
Ep  142: len= 62 白胜 loss=28.0278 temp=0.69 total_env_steps=7089 t=0.23s
Ep  143: len= 33 黑胜 loss=28.3260 temp=0.69 total_env_steps=7122 t=0.12s
Ep  144: len= 43 黑胜 loss=28.2507 temp=0.68 total_env_steps=7165 t=0.15s
Ep  145: len= 65 黑胜 loss=28.2343 temp=0.67 total_env_steps=7230 t=0.23s
Ep  146: len= 51 黑胜 loss=28.2757 temp=0.66 total_env_steps=7281 t=0.18s
Ep  147: len= 32 白胜 loss=28.8310 temp=0.65 total_env_steps=7313 t=0.12s
Ep  148: len= 57 黑胜 loss=28.1866 temp=0.65 total_env_steps=7370 t=0.20s
Ep  149: len= 47 黑胜 loss=28.2134 temp=0.64 total_env_steps=7417 t=0.18s
Ep  150: len= 31 黑胜 loss=28.5524 temp=0.63 total_env_steps=7448 t=0.12s
  eval vs Gomoku-random-v0: win_rate=0.95 mean_return=0.90（20 局，total_env_steps=7448）
  ✅ 达标 ep=150 total_env_steps=7448
Ep  151: len= 43 黑胜 loss=28.6321 temp=0.62 total_env_steps=7491 t=0.16s
Ep  152: len= 31 黑胜 loss=28.6026 temp=0.62 total_env_steps=7522 t=0.12s
Ep  153: len= 45 黑胜 loss=28.4540 temp=0.61 total_env_steps=7567 t=0.17s
Ep  154: len= 60 白胜 loss=28.2566 temp=0.60 total_env_steps=7627 t=0.20s
Ep  155: len= 45 黑胜 loss=28.3879 temp=0.59 total_env_steps=7672 t=0.21s
Ep  156: len= 36 白胜 loss=28.0833 temp=0.59 total_env_steps=7708 t=0.18s
Ep  157: len= 59 黑胜 loss=28.5049 temp=0.58 total_env_steps=7767 t=0.22s
Ep  158: len= 39 黑胜 loss=28.5465 temp=0.57 total_env_steps=7806 t=0.14s
Ep  159: len= 43 黑胜 loss=28.1083 temp=0.56 total_env_steps=7849 t=0.20s
Ep  160: len= 36 白胜 loss=28.2769 temp=0.56 total_env_steps=7885 t=0.17s
Ep  161: len= 43 黑胜 loss=28.1085 temp=0.55 total_env_steps=7928 t=0.16s
Ep  162: len= 29 黑胜 loss=28.1823 temp=0.54 total_env_steps=7957 t=0.12s
Ep  163: len= 56 白胜 loss=27.9887 temp=0.53 total_env_steps=8013 t=0.26s
Ep  164: len= 23 黑胜 loss=28.1749 temp=0.53 total_env_steps=8036 t=0.10s
Ep  165: len= 50 白胜 loss=28.4201 temp=0.52 total_env_steps=8086 t=0.20s
Ep  166: len= 44 白胜 loss=28.4080 temp=0.51 total_env_steps=8130 t=0.18s
Ep  167: len= 33 黑胜 loss=28.3429 temp=0.50 total_env_steps=8163 t=0.13s
Ep  168: len= 32 白胜 loss=28.1409 temp=0.50 total_env_steps=8195 t=0.12s
Ep  169: len= 27 黑胜 loss=28.4444 temp=0.49 total_env_steps=8222 t=0.11s
Ep  170: len= 35 黑胜 loss=28.3612 temp=0.48 total_env_steps=8257 t=0.14s
Ep  171: len= 71 黑胜 loss=28.4798 temp=0.48 total_env_steps=8328 t=0.26s
Ep  172: len= 45 黑胜 loss=28.1136 temp=0.47 total_env_steps=8373 t=0.16s
Ep  173: len= 37 黑胜 loss=28.0640 temp=0.46 total_env_steps=8410 t=0.14s
Ep  174: len= 65 黑胜 loss=28.3475 temp=0.45 total_env_steps=8475 t=0.24s
Ep  175: len= 60 白胜 loss=28.4787 temp=0.44 total_env_steps=8535 t=0.22s
Ep  176: len= 51 黑胜 loss=28.3905 temp=0.44 total_env_steps=8586 t=0.19s
Ep  177: len= 62 白胜 loss=28.4869 temp=0.43 total_env_steps=8648 t=0.22s
Ep  178: len= 60 白胜 loss=27.9739 temp=0.42 total_env_steps=8708 t=0.22s
Ep  179: len= 53 黑胜 loss=27.9368 temp=0.42 total_env_steps=8761 t=0.19s
Ep  180: len= 53 黑胜 loss=28.4666 temp=0.41 total_env_steps=8814 t=0.19s
Ep  181: len= 45 黑胜 loss=28.1908 temp=0.40 total_env_steps=8859 t=0.18s
Ep  182: len= 71 黑胜 loss=28.2563 temp=0.39 total_env_steps=8930 t=0.28s
Ep  183: len= 50 白胜 loss=28.0884 temp=0.38 total_env_steps=8980 t=0.18s
Ep  184: len= 45 黑胜 loss=28.3984 temp=0.38 total_env_steps=9025 t=0.18s
Ep  185: len= 36 白胜 loss=28.3574 temp=0.37 total_env_steps=9061 t=0.13s
Ep  186: len= 44 白胜 loss=28.2061 temp=0.36 total_env_steps=9105 t=0.17s
Ep  187: len= 42 白胜 loss=28.2898 temp=0.36 total_env_steps=9147 t=0.16s
Ep  188: len= 37 黑胜 loss=28.4165 temp=0.35 total_env_steps=9184 t=0.14s
Ep  189: len= 41 黑胜 loss=28.4693 temp=0.34 total_env_steps=9225 t=0.15s
Ep  190: len= 43 黑胜 loss=28.3720 temp=0.33 total_env_steps=9268 t=0.16s
Ep  191: len= 36 白胜 loss=28.2075 temp=0.33 total_env_steps=9304 t=0.15s
Ep  192: len= 31 黑胜 loss=28.1240 temp=0.32 total_env_steps=9335 t=0.13s
Ep  193: len= 56 白胜 loss=28.0667 temp=0.31 total_env_steps=9391 t=0.21s
Ep  194: len= 26 白胜 loss=28.4326 temp=0.30 total_env_steps=9417 t=0.12s
Ep  195: len= 39 黑胜 loss=28.4006 temp=0.30 total_env_steps=9456 t=0.17s
Ep  196: len= 46 白胜 loss=28.2166 temp=0.29 total_env_steps=9502 t=0.21s
Ep  197: len= 23 黑胜 loss=28.1520 temp=0.28 total_env_steps=9525 t=0.13s
Ep  198: len= 28 白胜 loss=28.2125 temp=0.27 total_env_steps=9553 t=0.14s
Ep  199: len= 39 黑胜 loss=28.4297 temp=0.26 total_env_steps=9592 t=0.16s
Ep  200: len= 25 黑胜 loss=28.2317 temp=0.26 total_env_steps=9617 t=0.12s
  eval vs Gomoku-random-v0: win_rate=0.95 mean_return=0.90（20 局，total_env_steps=9617）
  📸 已拍权重快照（ep=200，gating 对弈基准）
Ep  201: len= 69 黑胜 loss=28.5695 temp=0.25 total_env_steps=9686 t=0.29s
Ep  202: len= 40 白胜 loss=28.2031 temp=0.25 total_env_steps=9726 t=0.17s
Ep  203: len= 57 黑胜 loss=28.3891 temp=0.25 total_env_steps=9783 t=0.23s
Ep  204: len= 48 白胜 loss=28.2917 temp=0.25 total_env_steps=9831 t=0.19s
Ep  205: len= 55 黑胜 loss=28.3666 temp=0.25 total_env_steps=9886 t=0.22s
Ep  206: len= 44 白胜 loss=28.1659 temp=0.25 total_env_steps=9930 t=0.19s
Ep  207: len= 75 黑胜 loss=28.2768 temp=0.25 total_env_steps=10005 t=0.29s
Ep  208: len= 34 白胜 loss=28.1090 temp=0.25 total_env_steps=10039 t=0.16s
Ep  209: len= 41 黑胜 loss=28.2069 temp=0.25 total_env_steps=10080 t=0.18s
Ep  210: len= 59 黑胜 loss=28.0464 temp=0.25 total_env_steps=10139 t=0.25s
Ep  211: len= 28 白胜 loss=28.4287 temp=0.25 total_env_steps=10167 t=0.15s
Ep  212: len= 56 白胜 loss=28.5144 temp=0.25 total_env_steps=10223 t=0.25s
Ep  213: len= 39 黑胜 loss=28.2548 temp=0.25 total_env_steps=10262 t=0.25s
Ep  214: len= 49 黑胜 loss=28.0613 temp=0.25 total_env_steps=10311 t=0.24s
Ep  215: len= 41 黑胜 loss=28.0577 temp=0.25 total_env_steps=10352 t=0.22s
Ep  216: len= 70 白胜 loss=28.0804 temp=0.25 total_env_steps=10422 t=0.30s
Ep  217: len= 49 黑胜 loss=28.0019 temp=0.25 total_env_steps=10471 t=0.23s
Ep  218: len= 35 黑胜 loss=27.8599 temp=0.25 total_env_steps=10506 t=0.19s
Ep  219: len= 19 黑胜 loss=28.0594 temp=0.25 total_env_steps=10525 t=0.13s
Ep  220: len= 42 白胜 loss=27.7571 temp=0.25 total_env_steps=10567 t=0.20s
Ep  221: len= 19 黑胜 loss=27.8371 temp=0.25 total_env_steps=10586 t=0.12s
Ep  222: len= 30 白胜 loss=27.9504 temp=0.25 total_env_steps=10616 t=0.16s
Ep  223: len= 50 白胜 loss=27.9184 temp=0.25 total_env_steps=10666 t=0.21s
Ep  224: len= 38 白胜 loss=28.2631 temp=0.25 total_env_steps=10704 t=0.19s
Ep  225: len= 75 黑胜 loss=28.1908 temp=0.25 total_env_steps=10779 t=0.33s
Ep  226: len= 46 白胜 loss=27.9247 temp=0.25 total_env_steps=10825 t=0.25s
Ep  227: len= 37 黑胜 loss=27.9172 temp=0.25 total_env_steps=10862 t=0.23s
Ep  228: len= 52 白胜 loss=28.0054 temp=0.25 total_env_steps=10914 t=0.25s
Ep  229: len= 39 黑胜 loss=27.9166 temp=0.25 total_env_steps=10953 t=0.19s
Ep  230: len= 34 白胜 loss=27.9786 temp=0.25 total_env_steps=10987 t=0.19s
Ep  231: len= 45 黑胜 loss=27.8740 temp=0.25 total_env_steps=11032 t=0.23s
Ep  232: len= 47 黑胜 loss=27.8345 temp=0.25 total_env_steps=11079 t=0.31s
Ep  233: len= 48 白胜 loss=27.7155 temp=0.25 total_env_steps=11127 t=0.21s
Ep  234: len= 64 白胜 loss=27.7751 temp=0.25 total_env_steps=11191 t=0.29s
Ep  235: len= 55 黑胜 loss=27.8624 temp=0.25 total_env_steps=11246 t=0.23s
Ep  236: len= 63 黑胜 loss=27.8469 temp=0.25 total_env_steps=11309 t=0.27s
Ep  237: len= 25 黑胜 loss=27.6895 temp=0.25 total_env_steps=11334 t=0.17s
Ep  238: len= 42 白胜 loss=28.0878 temp=0.25 total_env_steps=11376 t=0.24s
Ep  239: len= 28 白胜 loss=28.0626 temp=0.25 total_env_steps=11404 t=0.17s
Ep  240: len= 27 黑胜 loss=28.1031 temp=0.25 total_env_steps=11431 t=0.15s
Ep  241: len= 61 黑胜 loss=28.0299 temp=0.25 total_env_steps=11492 t=0.27s
Ep  242: len= 48 白胜 loss=27.7446 temp=0.25 total_env_steps=11540 t=0.22s
Ep  243: len= 30 白胜 loss=27.7173 temp=0.25 total_env_steps=11570 t=0.17s
Ep  244: len= 33 黑胜 loss=27.8912 temp=0.25 total_env_steps=11603 t=0.20s
Ep  245: len= 17 黑胜 loss=27.6892 temp=0.25 total_env_steps=11620 t=0.12s
Ep  246: len= 44 白胜 loss=27.7190 temp=0.25 total_env_steps=11664 t=0.22s
Ep  247: len= 37 黑胜 loss=27.7631 temp=0.25 total_env_steps=11701 t=0.20s
Ep  248: len= 60 白胜 loss=27.5148 temp=0.25 total_env_steps=11761 t=0.31s
Ep  249: len= 48 白胜 loss=28.0445 temp=0.25 total_env_steps=11809 t=0.24s
Ep  250: len= 40 白胜 loss=27.7160 temp=0.25 total_env_steps=11849 t=0.20s
  eval vs Gomoku-random-v0: win_rate=1.00 mean_return=1.00（20 局，total_env_steps=11849）
Ep  251: len= 38 白胜 loss=27.7213 temp=0.25 total_env_steps=11887 t=0.19s
Ep  252: len= 45 黑胜 loss=27.5338 temp=0.25 total_env_steps=11932 t=0.25s
Ep  253: len= 34 白胜 loss=27.6455 temp=0.25 total_env_steps=11966 t=0.18s
Ep  254: len= 19 黑胜 loss=27.5643 temp=0.25 total_env_steps=11985 t=0.12s
Ep  255: len= 39 黑胜 loss=27.6599 temp=0.25 total_env_steps=12024 t=0.19s
Ep  256: len= 30 白胜 loss=27.7241 temp=0.25 total_env_steps=12054 t=0.17s
Ep  257: len= 28 白胜 loss=27.8420 temp=0.25 total_env_steps=12082 t=0.16s
Ep  258: len= 53 黑胜 loss=27.6211 temp=0.25 total_env_steps=12135 t=0.24s
Ep  259: len= 48 白胜 loss=27.7040 temp=0.25 total_env_steps=12183 t=0.22s
Ep  260: len= 55 黑胜 loss=27.7828 temp=0.25 total_env_steps=12238 t=0.25s
Ep  261: len= 57 黑胜 loss=27.8609 temp=0.25 total_env_steps=12295 t=0.26s
Ep  262: len= 35 黑胜 loss=27.5291 temp=0.25 total_env_steps=12330 t=0.19s
Ep  263: len= 35 黑胜 loss=27.8256 temp=0.25 total_env_steps=12365 t=0.19s
Ep  264: len= 43 黑胜 loss=27.5414 temp=0.25 total_env_steps=12408 t=0.25s
Ep  265: len= 26 白胜 loss=27.5462 temp=0.25 total_env_steps=12434 t=0.15s
Ep  266: len= 57 黑胜 loss=27.7276 temp=0.25 total_env_steps=12491 t=0.28s
Ep  267: len= 28 白胜 loss=27.5956 temp=0.25 total_env_steps=12519 t=0.17s
Ep  268: len= 29 黑胜 loss=27.5859 temp=0.25 total_env_steps=12548 t=0.17s
Ep  269: len= 38 白胜 loss=27.7187 temp=0.25 total_env_steps=12586 t=0.20s
Ep  270: len= 57 黑胜 loss=27.5519 temp=0.25 total_env_steps=12643 t=0.25s
Ep  271: len= 24 白胜 loss=27.9743 temp=0.25 total_env_steps=12667 t=0.15s
Ep  272: len= 33 黑胜 loss=27.5977 temp=0.25 total_env_steps=12700 t=0.18s
Ep  273: len= 25 黑胜 loss=27.9792 temp=0.25 total_env_steps=12725 t=0.14s
Ep  274: len= 72 白胜 loss=27.8938 temp=0.25 total_env_steps=12797 t=0.34s
Ep  275: len= 61 黑胜 loss=28.0722 temp=0.25 total_env_steps=12858 t=0.28s
Ep  276: len= 51 黑胜 loss=27.6031 temp=0.25 total_env_steps=12909 t=0.24s
Ep  277: len= 40 白胜 loss=27.5541 temp=0.25 total_env_steps=12949 t=0.23s
Ep  278: len= 77 黑胜 loss=27.7136 temp=0.25 total_env_steps=13026 t=0.35s
Ep  279: len= 42 白胜 loss=27.4660 temp=0.25 total_env_steps=13068 t=0.22s
Ep  280: len= 39 黑胜 loss=27.4474 temp=0.25 total_env_steps=13107 t=0.20s
Ep  281: len= 28 白胜 loss=27.7397 temp=0.25 total_env_steps=13135 t=0.17s
Ep  282: len= 71 黑胜 loss=27.8190 temp=0.25 total_env_steps=13206 t=0.30s
Ep  283: len= 50 白胜 loss=27.8588 temp=0.25 total_env_steps=13256 t=0.24s
Ep  284: len= 55 黑胜 loss=27.6323 temp=0.25 total_env_steps=13311 t=0.25s
Ep  285: len= 48 白胜 loss=27.9766 temp=0.25 total_env_steps=13359 t=0.22s
Ep  286: len= 40 白胜 loss=27.4266 temp=0.25 total_env_steps=13399 t=0.21s
Ep  287: len= 69 黑胜 loss=27.5689 temp=0.25 total_env_steps=13468 t=0.33s
Ep  288: len= 29 黑胜 loss=27.6667 temp=0.25 total_env_steps=13497 t=0.16s
Ep  289: len= 33 黑胜 loss=27.7080 temp=0.25 total_env_steps=13530 t=0.18s
Ep  290: len= 43 黑胜 loss=27.8963 temp=0.25 total_env_steps=13573 t=0.21s
Ep  291: len= 47 黑胜 loss=27.6041 temp=0.25 total_env_steps=13620 t=0.21s
Ep  292: len= 61 黑胜 loss=27.8929 temp=0.25 total_env_steps=13681 t=0.27s
Ep  293: len= 42 白胜 loss=27.6024 temp=0.25 total_env_steps=13723 t=0.19s
Ep  294: len= 27 黑胜 loss=27.4032 temp=0.25 total_env_steps=13750 t=0.16s
Ep  295: len= 28 白胜 loss=27.1749 temp=0.25 total_env_steps=13778 t=0.18s
Ep  296: len= 31 黑胜 loss=27.6905 temp=0.25 total_env_steps=13809 t=0.19s
Ep  297: len= 50 白胜 loss=27.8137 temp=0.25 total_env_steps=13859 t=0.28s
Ep  298: len= 34 白胜 loss=27.3165 temp=0.25 total_env_steps=13893 t=0.22s
Ep  299: len= 49 黑胜 loss=27.4145 temp=0.25 total_env_steps=13942 t=0.26s
Ep  300: len= 40 白胜 loss=27.7489 temp=0.25 total_env_steps=13982 t=0.25s
  eval vs Gomoku-random-v0: win_rate=1.00 mean_return=1.00（20 局，total_env_steps=13982）
Ep  301: len= 27 黑胜 loss=27.4137 temp=0.25 total_env_steps=14009 t=0.16s
Ep  302: len= 25 黑胜 loss=27.8663 temp=0.25 total_env_steps=14034 t=0.15s
Ep  303: len= 45 黑胜 loss=27.7973 temp=0.25 total_env_steps=14079 t=0.25s
Ep  304: len= 39 黑胜 loss=27.6514 temp=0.25 total_env_steps=14118 t=0.19s
Ep  305: len= 38 白胜 loss=27.6976 temp=0.25 total_env_steps=14156 t=0.22s
Ep  306: len= 47 黑胜 loss=27.3223 temp=0.25 total_env_steps=14203 t=0.22s
Ep  307: len= 38 白胜 loss=27.5104 temp=0.25 total_env_steps=14241 t=0.19s
Ep  308: len= 43 黑胜 loss=27.5790 temp=0.25 total_env_steps=14284 t=0.23s
Ep  309: len= 21 黑胜 loss=27.4989 temp=0.25 total_env_steps=14305 t=0.14s
Ep  310: len= 15 黑胜 loss=27.4419 temp=0.25 total_env_steps=14320 t=0.12s
Ep  311: len= 50 白胜 loss=27.7538 temp=0.25 total_env_steps=14370 t=0.23s
Ep  312: len= 66 白胜 loss=27.3888 temp=0.25 total_env_steps=14436 t=0.30s
Ep  313: len= 62 白胜 loss=27.7623 temp=0.25 total_env_steps=14498 t=0.30s
Ep  314: len= 42 白胜 loss=27.4232 temp=0.25 total_env_steps=14540 t=0.22s
Ep  315: len= 55 黑胜 loss=27.3869 temp=0.25 total_env_steps=14595 t=0.25s
Ep  316: len= 63 黑胜 loss=27.7177 temp=0.25 total_env_steps=14658 t=0.27s
Ep  317: len= 58 白胜 loss=27.1522 temp=0.25 total_env_steps=14716 t=0.25s
Ep  318: len= 46 白胜 loss=27.3371 temp=0.25 total_env_steps=14762 t=0.30s
Ep  319: len= 37 黑胜 loss=27.7002 temp=0.25 total_env_steps=14799 t=0.26s
Ep  320: len= 33 黑胜 loss=27.6052 temp=0.25 total_env_steps=14832 t=0.24s
Ep  321: len= 27 黑胜 loss=27.2546 temp=0.25 total_env_steps=14859 t=0.20s
Ep  322: len=  9 黑胜 loss=27.4326 temp=0.25 total_env_steps=14868 t=0.10s
Ep  323: len= 37 黑胜 loss=27.1855 temp=0.25 total_env_steps=14905 t=0.19s
Ep  324: len= 17 黑胜 loss=27.2810 temp=0.25 total_env_steps=14922 t=0.13s
Ep  325: len= 36 白胜 loss=27.7772 temp=0.25 total_env_steps=14958 t=0.19s
Ep  326: len= 48 白胜 loss=27.3867 temp=0.25 total_env_steps=15006 t=0.24s
Ep  327: len= 39 黑胜 loss=27.8925 temp=0.25 total_env_steps=15045 t=0.19s
Ep  328: len= 20 白胜 loss=27.5878 temp=0.25 total_env_steps=15065 t=0.14s
Ep  329: len= 27 黑胜 loss=27.4690 temp=0.25 total_env_steps=15092 t=0.18s
Ep  330: len= 43 黑胜 loss=27.2822 temp=0.25 total_env_steps=15135 t=0.25s
Ep  331: len= 29 黑胜 loss=27.5134 temp=0.25 total_env_steps=15164 t=0.20s
Ep  332: len= 28 白胜 loss=27.7080 temp=0.25 total_env_steps=15192 t=0.19s
Ep  333: len= 28 白胜 loss=27.4291 temp=0.25 total_env_steps=15220 t=0.19s
Ep  334: len= 31 黑胜 loss=27.2139 temp=0.25 total_env_steps=15251 t=0.19s
Ep  335: len= 41 黑胜 loss=27.3635 temp=0.25 total_env_steps=15292 t=0.21s
Ep  336: len= 37 黑胜 loss=27.3592 temp=0.25 total_env_steps=15329 t=0.19s
Ep  337: len= 35 黑胜 loss=27.1655 temp=0.25 total_env_steps=15364 t=0.19s
Ep  338: len= 23 黑胜 loss=27.1156 temp=0.25 total_env_steps=15387 t=0.14s
Ep  339: len= 25 黑胜 loss=26.7801 temp=0.25 total_env_steps=15412 t=0.17s
Ep  340: len= 38 白胜 loss=27.6805 temp=0.25 total_env_steps=15450 t=0.20s
Ep  341: len= 55 黑胜 loss=27.3923 temp=0.25 total_env_steps=15505 t=0.24s
Ep  342: len= 29 黑胜 loss=27.5262 temp=0.25 total_env_steps=15534 t=0.16s
Ep  343: len= 46 白胜 loss=27.3287 temp=0.25 total_env_steps=15580 t=0.26s
Ep  344: len= 26 白胜 loss=26.9968 temp=0.25 total_env_steps=15606 t=0.19s
Ep  345: len= 61 黑胜 loss=27.4153 temp=0.25 total_env_steps=15667 t=0.26s
Ep  346: len= 41 黑胜 loss=27.1365 temp=0.25 total_env_steps=15708 t=0.21s
Ep  347: len= 39 黑胜 loss=27.7019 temp=0.25 total_env_steps=15747 t=0.21s
Ep  348: len= 46 白胜 loss=27.4091 temp=0.25 total_env_steps=15793 t=0.22s
Ep  349: len= 42 白胜 loss=27.0012 temp=0.25 total_env_steps=15835 t=0.26s
Ep  350: len= 58 白胜 loss=27.3265 temp=0.25 total_env_steps=15893 t=0.29s
  eval vs Gomoku-random-v0: win_rate=1.00 mean_return=1.00（20 局，total_env_steps=15893）
Ep  351: len= 36 白胜 loss=27.3515 temp=0.25 total_env_steps=15929 t=0.19s
Ep  352: len= 40 白胜 loss=27.0989 temp=0.25 total_env_steps=15969 t=0.21s
Ep  353: len= 40 白胜 loss=27.0197 temp=0.25 total_env_steps=16009 t=0.22s
Ep  354: len= 48 白胜 loss=27.1955 temp=0.25 total_env_steps=16057 t=0.24s
Ep  355: len= 27 黑胜 loss=27.3499 temp=0.25 total_env_steps=16084 t=0.20s
Ep  356: len= 21 黑胜 loss=27.0743 temp=0.25 total_env_steps=16105 t=0.15s
Ep  357: len= 35 黑胜 loss=26.9623 temp=0.25 total_env_steps=16140 t=0.19s
Ep  358: len= 11 黑胜 loss=26.8316 temp=0.25 total_env_steps=16151 t=0.11s
Ep  359: len= 51 黑胜 loss=26.9648 temp=0.25 total_env_steps=16202 t=0.26s
Ep  360: len= 40 白胜 loss=27.3261 temp=0.25 total_env_steps=16242 t=0.22s
Ep  361: len= 23 黑胜 loss=26.7302 temp=0.25 total_env_steps=16265 t=0.15s
Ep  362: len= 44 白胜 loss=26.8732 temp=0.25 total_env_steps=16309 t=0.23s
Ep  363: len= 33 黑胜 loss=27.0889 temp=0.25 total_env_steps=16342 t=0.19s
Ep  364: len= 31 黑胜 loss=27.0712 temp=0.25 total_env_steps=16373 t=0.17s
Ep  365: len= 56 白胜 loss=26.8284 temp=0.25 total_env_steps=16429 t=0.25s
Ep  366: len= 66 白胜 loss=26.5390 temp=0.25 total_env_steps=16495 t=0.30s
Ep  367: len= 48 白胜 loss=27.0764 temp=0.25 total_env_steps=16543 t=0.29s
Ep  368: len= 23 黑胜 loss=26.8128 temp=0.25 total_env_steps=16566 t=0.15s
Ep  369: len= 41 黑胜 loss=26.8847 temp=0.25 total_env_steps=16607 t=0.22s
Ep  370: len= 45 黑胜 loss=26.5004 temp=0.25 total_env_steps=16652 t=0.22s
Ep  371: len= 38 白胜 loss=27.1891 temp=0.25 total_env_steps=16690 t=0.21s
Ep  372: len= 35 黑胜 loss=26.5213 temp=0.25 total_env_steps=16725 t=0.20s
Ep  373: len= 23 黑胜 loss=26.8339 temp=0.25 total_env_steps=16748 t=0.16s
Ep  374: len= 43 黑胜 loss=27.1780 temp=0.25 total_env_steps=16791 t=0.25s
Ep  375: len= 30 白胜 loss=26.7361 temp=0.25 total_env_steps=16821 t=0.17s
Ep  376: len= 28 白胜 loss=27.3446 temp=0.25 total_env_steps=16849 t=0.17s
Ep  377: len= 23 黑胜 loss=26.8260 temp=0.25 total_env_steps=16872 t=0.14s
Ep  378: len= 48 白胜 loss=27.0551 temp=0.25 total_env_steps=16920 t=0.23s
Ep  379: len= 58 白胜 loss=27.0228 temp=0.25 total_env_steps=16978 t=0.26s
Ep  380: len= 40 白胜 loss=27.1784 temp=0.25 total_env_steps=17018 t=0.21s
Ep  381: len= 53 黑胜 loss=27.2204 temp=0.25 total_env_steps=17071 t=0.26s
Ep  382: len= 29 黑胜 loss=26.7433 temp=0.25 total_env_steps=17100 t=0.18s
Ep  383: len= 41 黑胜 loss=26.6430 temp=0.25 total_env_steps=17141 t=0.25s
Ep  384: len= 57 黑胜 loss=25.9771 temp=0.25 total_env_steps=17198 t=0.27s
Ep  385: len= 54 白胜 loss=26.4132 temp=0.25 total_env_steps=17252 t=0.29s
Ep  386: len= 56 白胜 loss=26.3877 temp=0.25 total_env_steps=17308 t=0.30s
Ep  387: len= 26 白胜 loss=27.1858 temp=0.25 total_env_steps=17334 t=0.17s
Ep  388: len= 27 黑胜 loss=26.8369 temp=0.25 total_env_steps=17361 t=0.14s
Ep  389: len= 45 黑胜 loss=26.8669 temp=0.25 total_env_steps=17406 t=0.20s
Ep  390: len= 29 黑胜 loss=26.6541 temp=0.25 total_env_steps=17435 t=0.13s
Ep  391: len= 39 黑胜 loss=26.7124 temp=0.25 total_env_steps=17474 t=0.14s
Ep  392: len= 35 黑胜 loss=26.7906 temp=0.25 total_env_steps=17509 t=0.14s
Ep  393: len= 36 白胜 loss=26.7409 temp=0.25 total_env_steps=17545 t=0.13s
Ep  394: len= 35 黑胜 loss=26.9546 temp=0.25 total_env_steps=17580 t=0.12s
Ep  395: len= 65 黑胜 loss=27.1517 temp=0.25 total_env_steps=17645 t=0.24s
Ep  396: len= 23 黑胜 loss=26.7699 temp=0.25 total_env_steps=17668 t=0.09s
Ep  397: len= 17 黑胜 loss=26.9197 temp=0.25 total_env_steps=17685 t=0.07s
Ep  398: len= 73 黑胜 loss=26.4518 temp=0.25 total_env_steps=17758 t=0.25s
Ep  399: len= 19 黑胜 loss=26.9725 temp=0.25 total_env_steps=17777 t=0.09s
Ep  400: len= 52 白胜 loss=26.7613 temp=0.25 total_env_steps=17829 t=0.21s
  eval vs Gomoku-random-v0: win_rate=1.00 mean_return=1.00（20 局，total_env_steps=17829）
[闸门] vs random（40 局）: win_rate=0.975
[闸门] vs 半程快照（40 局，黑白各半）: score=0.900
[梯队] vs naive0（20 局，观察性）: win_rate=0.15
[梯队] vs naive1（20 局，观察性）: win_rate=0.00
[梯队] vs naive2（20 局，观察性）: win_rate=0.00
[梯队] vs naive3（20 局，观察性）: win_rate=0.00
📈 Gomoku-selfplay-v0 win_rate=1.00（best 1.00）| 门槛 0.95 | 96.5s

--- M3 arm=augment 汇总（base 对照见 bench 头注释）---
  seed=42 vs_random=1.000 vs_snapshot=1.000 | 梯队 naive0=0.25 naive1=0.00 naive2=0.00 naive3=0.00 | env_steps=17401 wall=70s
  seed=43 vs_random=0.950 vs_snapshot=0.975 | 梯队 naive0=0.00 naive1=0.00 naive2=0.00 naive3=0.00 | env_steps=18208 wall=95s
  seed=44 vs_random=0.975 vs_snapshot=0.900 | 梯队 naive0=0.15 naive1=0.00 naive2=0.00 naive3=0.00 | env_steps=17829 wall=97s
ok

test result: ok. 1 passed; 0 failed; 0 ignored; 0 measured; 3424 filtered out; finished in 261.54s

     Running tests\cse_dedup.rs (target\release\deps\cse_dedup-7a657e998c2a0176.exe)

running 0 tests

test result: ok. 0 passed; 0 failed; 0 ignored; 0 measured; 1 filtered out; finished in 0.00s

     Running tests\mode_invariants.rs (target\release\deps\mode_invariants-12496c59841ba5c8.exe)

running 0 tests

test result: ok. 0 passed; 0 failed; 0 ignored; 0 measured; 9 filtered out; finished in 0.00s

     Running tests\onnx_otm_load_bench.rs (target\release\deps\onnx_otm_load_bench-39da60dd6dcd2511.exe)

running 0 tests

test result: ok. 0 passed; 0 failed; 0 ignored; 0 measured; 1 filtered out; finished in 0.00s

     Running tests\yolov5_xiangqi_import.rs (target\release\deps\yolov5_xiangqi_import-5a55f6b67c0e8a85.exe)

running 0 tests

test result: ok. 0 passed; 0 failed; 0 ignored; 0 measured; 6 filtered out; finished in 0.00s

