   Compiling only_torch v0.25.0 (D:\DATA\BaiduSyncdisk\project\personal\only_torch)
    Finished `release` profile [optimized] target(s) in 1m 15s
     Running unittests src\lib.rs (target\release\deps\only_torch-45d502c1e61c3f90.exe)

running 1 test
test rl::algo::my_zero::tests::gomoku_m3_bench::gomoku_naive0_true_rules ... 
--- arm=true_rules seed=42 sims=100 ---
[MyZero-board Gomoku-selfplay-v0] obs=243(3×9²) |A|=81 sims=100 γ=1.0 negamax
[MyZero-board] 树内真规则开启（AlphaZero 式诊断；训练侧不变）
Ep    1: len= 33 黑胜 loss=0.0000 temp=1.00 total_env_steps=33 t=0.09s
Ep    2: len= 26 白胜 loss=0.0000 temp=1.00 total_env_steps=59 t=0.07s
Ep    3: len= 28 白胜 loss=0.0000 temp=1.00 total_env_steps=87 t=0.09s
Ep    4: len= 36 白胜 loss=0.0000 temp=1.00 total_env_steps=123 t=0.11s
Ep    5: len= 56 白胜 loss=0.0000 temp=1.00 total_env_steps=179 t=0.16s
Ep    6: len= 16 白胜 loss=0.0000 temp=1.00 total_env_steps=195 t=0.05s
Ep    7: len= 49 黑胜 loss=0.0000 temp=1.00 total_env_steps=244 t=0.11s
Ep    8: len= 32 白胜 loss=0.0000 temp=1.00 total_env_steps=276 t=0.08s
Ep    9: len= 43 黑胜 loss=0.0000 temp=1.00 total_env_steps=319 t=0.12s
Ep   10: len= 52 白胜 loss=36.4859 temp=1.00 total_env_steps=371 t=0.12s
Ep   11: len= 49 黑胜 loss=29.3805 temp=1.00 total_env_steps=420 t=0.13s
Ep   12: len= 50 白胜 loss=28.7109 temp=1.00 total_env_steps=470 t=0.13s
Ep   13: len= 26 白胜 loss=28.4803 temp=1.00 total_env_steps=496 t=0.08s
Ep   14: len= 21 黑胜 loss=28.2320 temp=1.00 total_env_steps=517 t=0.06s
Ep   15: len= 39 黑胜 loss=28.1081 temp=1.00 total_env_steps=556 t=0.11s
Ep   16: len= 34 白胜 loss=28.2478 temp=1.00 total_env_steps=590 t=0.09s
Ep   17: len= 30 白胜 loss=28.0997 temp=1.00 total_env_steps=620 t=0.08s
Ep   18: len= 37 黑胜 loss=28.2893 temp=1.00 total_env_steps=657 t=0.09s
Ep   19: len= 29 黑胜 loss=27.9952 temp=1.00 total_env_steps=686 t=0.08s
Ep   20: len= 43 黑胜 loss=27.8125 temp=1.00 total_env_steps=729 t=0.12s
Ep   21: len= 31 黑胜 loss=28.7419 temp=1.00 total_env_steps=760 t=0.09s
Ep   22: len= 25 黑胜 loss=28.1051 temp=1.00 total_env_steps=785 t=0.08s
Ep   23: len= 38 白胜 loss=27.9729 temp=1.00 total_env_steps=823 t=0.11s
Ep   24: len= 27 黑胜 loss=28.1628 temp=1.00 total_env_steps=850 t=0.08s
Ep   25: len= 45 黑胜 loss=28.0902 temp=1.00 total_env_steps=895 t=0.10s
Ep   26: len= 42 白胜 loss=28.0717 temp=1.00 total_env_steps=937 t=0.10s
Ep   27: len= 27 黑胜 loss=28.1017 temp=1.00 total_env_steps=964 t=0.07s
Ep   28: len= 40 白胜 loss=28.0719 temp=1.00 total_env_steps=1004 t=0.09s
Ep   29: len= 37 黑胜 loss=27.9189 temp=1.00 total_env_steps=1041 t=0.08s
Ep   30: len= 32 白胜 loss=27.9745 temp=1.00 total_env_steps=1073 t=0.07s
Ep   31: len= 25 黑胜 loss=28.1364 temp=1.00 total_env_steps=1098 t=0.06s
Ep   32: len= 30 白胜 loss=28.0551 temp=1.00 total_env_steps=1128 t=0.08s
Ep   33: len= 38 白胜 loss=28.0224 temp=1.00 total_env_steps=1166 t=0.09s
Ep   34: len= 39 黑胜 loss=28.2918 temp=1.00 total_env_steps=1205 t=0.09s
Ep   35: len= 30 白胜 loss=28.1426 temp=1.00 total_env_steps=1235 t=0.07s
Ep   36: len= 47 黑胜 loss=27.9697 temp=1.00 total_env_steps=1282 t=0.11s
Ep   37: len= 34 白胜 loss=28.0029 temp=1.00 total_env_steps=1316 t=0.08s
Ep   38: len= 48 白胜 loss=28.5500 temp=1.00 total_env_steps=1364 t=0.11s
Ep   39: len= 39 黑胜 loss=28.4837 temp=1.00 total_env_steps=1403 t=0.09s
Ep   40: len= 33 黑胜 loss=28.3552 temp=1.00 total_env_steps=1436 t=0.08s
Ep   41: len= 39 黑胜 loss=28.1877 temp=1.00 total_env_steps=1475 t=0.09s
Ep   42: len= 24 白胜 loss=28.0355 temp=1.00 total_env_steps=1499 t=0.06s
Ep   43: len= 45 黑胜 loss=28.1937 temp=1.00 total_env_steps=1544 t=0.10s
Ep   44: len= 31 黑胜 loss=28.2304 temp=1.00 total_env_steps=1575 t=0.11s
Ep   45: len= 34 白胜 loss=27.9624 temp=1.00 total_env_steps=1609 t=0.10s
Ep   46: len= 21 黑胜 loss=28.1070 temp=1.00 total_env_steps=1630 t=0.06s
Ep   47: len= 37 黑胜 loss=27.9958 temp=1.00 total_env_steps=1667 t=0.09s
Ep   48: len= 27 黑胜 loss=28.0892 temp=1.00 total_env_steps=1694 t=0.07s
Ep   49: len= 28 白胜 loss=28.1595 temp=1.00 total_env_steps=1722 t=0.06s
Ep   50: len= 35 黑胜 loss=27.8960 temp=1.00 total_env_steps=1757 t=0.08s
  eval vs Gomoku-random-v0: win_rate=1.00 mean_return=1.00（20 局，total_env_steps=1757）
  ✅ 达标 ep=50 total_env_steps=1757
Ep   51: len= 38 白胜 loss=27.9587 temp=1.00 total_env_steps=1795 t=0.09s
Ep   52: len= 47 黑胜 loss=28.1793 temp=1.00 total_env_steps=1842 t=0.11s
Ep   53: len= 38 白胜 loss=28.1384 temp=1.00 total_env_steps=1880 t=0.09s
Ep   54: len= 43 黑胜 loss=28.2727 temp=1.00 total_env_steps=1923 t=0.09s
Ep   55: len= 47 黑胜 loss=27.8221 temp=1.00 total_env_steps=1970 t=0.10s
Ep   56: len= 28 白胜 loss=28.0767 temp=1.00 total_env_steps=1998 t=0.06s
Ep   57: len= 50 白胜 loss=28.1975 temp=1.00 total_env_steps=2048 t=0.10s
Ep   58: len= 37 黑胜 loss=28.0829 temp=1.00 total_env_steps=2085 t=0.08s
Ep   59: len= 39 黑胜 loss=28.0849 temp=1.00 total_env_steps=2124 t=0.08s
Ep   60: len= 28 白胜 loss=28.3128 temp=1.00 total_env_steps=2152 t=0.07s
Ep   61: len= 33 黑胜 loss=28.0325 temp=1.00 total_env_steps=2185 t=0.07s
Ep   62: len= 53 黑胜 loss=27.8953 temp=1.00 total_env_steps=2238 t=0.12s
Ep   63: len= 30 白胜 loss=28.0501 temp=1.00 total_env_steps=2268 t=0.07s
Ep   64: len= 31 黑胜 loss=28.1604 temp=1.00 total_env_steps=2299 t=0.07s
Ep   65: len= 37 黑胜 loss=28.2224 temp=1.00 total_env_steps=2336 t=0.08s
Ep   66: len= 35 黑胜 loss=27.9801 temp=1.00 total_env_steps=2371 t=0.09s
Ep   67: len= 42 白胜 loss=28.0592 temp=1.00 total_env_steps=2413 t=0.11s
Ep   68: len= 31 黑胜 loss=28.1308 temp=1.00 total_env_steps=2444 t=0.08s
Ep   69: len= 33 黑胜 loss=27.9314 temp=1.00 total_env_steps=2477 t=0.08s
Ep   70: len= 41 黑胜 loss=28.0977 temp=1.00 total_env_steps=2518 t=0.11s
Ep   71: len= 32 白胜 loss=28.1494 temp=1.00 total_env_steps=2550 t=0.09s
Ep   72: len= 38 白胜 loss=27.8858 temp=1.00 total_env_steps=2588 t=0.08s
Ep   73: len= 50 白胜 loss=28.3516 temp=1.00 total_env_steps=2638 t=0.11s
Ep   74: len= 31 黑胜 loss=28.1593 temp=1.00 total_env_steps=2669 t=0.07s
Ep   75: len= 39 黑胜 loss=28.0060 temp=1.00 total_env_steps=2708 t=0.09s
Ep   76: len= 34 白胜 loss=28.0407 temp=1.00 total_env_steps=2742 t=0.08s
Ep   77: len= 40 白胜 loss=28.0301 temp=1.00 total_env_steps=2782 t=0.09s
Ep   78: len= 25 黑胜 loss=28.0868 temp=1.00 total_env_steps=2807 t=0.06s
Ep   79: len= 21 黑胜 loss=28.0052 temp=1.00 total_env_steps=2828 t=0.05s
Ep   80: len= 41 黑胜 loss=27.9790 temp=1.00 total_env_steps=2869 t=0.10s
Ep   81: len= 29 黑胜 loss=28.3187 temp=1.00 total_env_steps=2898 t=0.07s
Ep   82: len= 30 白胜 loss=28.2326 temp=1.00 total_env_steps=2928 t=0.06s
Ep   83: len= 39 黑胜 loss=28.0786 temp=1.00 total_env_steps=2967 t=0.09s
Ep   84: len= 37 黑胜 loss=28.0493 temp=1.00 total_env_steps=3004 t=0.07s
Ep   85: len= 32 白胜 loss=28.2576 temp=1.00 total_env_steps=3036 t=0.07s
Ep   86: len= 46 白胜 loss=28.1470 temp=1.00 total_env_steps=3082 t=0.10s
Ep   87: len= 24 白胜 loss=28.0189 temp=1.00 total_env_steps=3106 t=0.06s
Ep   88: len= 26 白胜 loss=27.9039 temp=1.00 total_env_steps=3132 t=0.07s
Ep   89: len= 27 黑胜 loss=28.1104 temp=1.00 total_env_steps=3159 t=0.06s
Ep   90: len= 45 黑胜 loss=27.7410 temp=1.00 total_env_steps=3204 t=0.10s
Ep   91: len= 16 白胜 loss=27.9249 temp=1.00 total_env_steps=3220 t=0.04s
Ep   92: len= 33 黑胜 loss=28.3335 temp=1.00 total_env_steps=3253 t=0.08s
Ep   93: len= 18 白胜 loss=28.0205 temp=1.00 total_env_steps=3271 t=0.05s
Ep   94: len= 37 黑胜 loss=28.2121 temp=1.00 total_env_steps=3308 t=0.09s
Ep   95: len= 34 白胜 loss=28.1271 temp=1.00 total_env_steps=3342 t=0.08s
Ep   96: len= 24 白胜 loss=28.0849 temp=1.00 total_env_steps=3366 t=0.06s
Ep   97: len= 28 白胜 loss=27.8645 temp=1.00 total_env_steps=3394 t=0.07s
Ep   98: len= 21 黑胜 loss=28.4443 temp=1.00 total_env_steps=3415 t=0.05s
Ep   99: len= 31 黑胜 loss=27.9845 temp=1.00 total_env_steps=3446 t=0.07s
Ep  100: len= 30 白胜 loss=27.9433 temp=1.00 total_env_steps=3476 t=0.07s
  eval vs Gomoku-random-v0: win_rate=0.95 mean_return=0.90（20 局，total_env_steps=3476）
Ep  101: len= 38 白胜 loss=28.0501 temp=1.00 total_env_steps=3514 t=0.09s
Ep  102: len= 36 白胜 loss=28.2101 temp=0.99 total_env_steps=3550 t=0.08s
Ep  103: len= 27 黑胜 loss=27.8607 temp=0.99 total_env_steps=3577 t=0.06s
Ep  104: len= 33 黑胜 loss=27.9913 temp=0.98 total_env_steps=3610 t=0.07s
Ep  105: len= 37 黑胜 loss=27.9837 temp=0.97 total_env_steps=3647 t=0.08s
Ep  106: len= 47 黑胜 loss=27.9996 temp=0.96 total_env_steps=3694 t=0.10s
Ep  107: len= 37 黑胜 loss=28.0483 temp=0.95 total_env_steps=3731 t=0.08s
Ep  108: len= 45 黑胜 loss=27.9255 temp=0.95 total_env_steps=3776 t=0.10s
Ep  109: len= 30 白胜 loss=27.9890 temp=0.94 total_env_steps=3806 t=0.07s
Ep  110: len= 51 黑胜 loss=28.0930 temp=0.93 total_env_steps=3857 t=0.11s
Ep  111: len= 60 白胜 loss=27.8044 temp=0.93 total_env_steps=3917 t=0.14s
Ep  112: len= 50 白胜 loss=28.1653 temp=0.92 total_env_steps=3967 t=0.10s
Ep  113: len= 36 白胜 loss=27.9859 temp=0.91 total_env_steps=4003 t=0.09s
Ep  114: len= 18 白胜 loss=28.1442 temp=0.90 total_env_steps=4021 t=0.05s
Ep  115: len= 42 白胜 loss=28.0459 temp=0.89 total_env_steps=4063 t=0.10s
Ep  116: len= 32 白胜 loss=28.2626 temp=0.89 total_env_steps=4095 t=0.08s
Ep  117: len= 12 白胜 loss=28.1348 temp=0.88 total_env_steps=4107 t=0.04s
Ep  118: len= 29 黑胜 loss=28.0550 temp=0.87 total_env_steps=4136 t=0.08s
Ep  119: len= 45 黑胜 loss=27.8214 temp=0.87 total_env_steps=4181 t=0.11s
Ep  120: len= 43 黑胜 loss=27.8677 temp=0.86 total_env_steps=4224 t=0.11s
Ep  121: len= 32 白胜 loss=28.1565 temp=0.85 total_env_steps=4256 t=0.08s
Ep  122: len= 47 黑胜 loss=27.7067 temp=0.84 total_env_steps=4303 t=0.10s
Ep  123: len= 34 白胜 loss=27.7967 temp=0.84 total_env_steps=4337 t=0.09s
Ep  124: len= 42 白胜 loss=28.1015 temp=0.83 total_env_steps=4379 t=0.10s
Ep  125: len= 51 黑胜 loss=27.7089 temp=0.82 total_env_steps=4430 t=0.11s
Ep  126: len= 33 黑胜 loss=27.8764 temp=0.81 total_env_steps=4463 t=0.07s
Ep  127: len= 28 白胜 loss=28.0226 temp=0.81 total_env_steps=4491 t=0.07s
Ep  128: len= 27 黑胜 loss=28.3877 temp=0.80 total_env_steps=4518 t=0.07s
Ep  129: len= 22 白胜 loss=27.8653 temp=0.79 total_env_steps=4540 t=0.06s
Ep  130: len= 22 白胜 loss=27.9446 temp=0.78 total_env_steps=4562 t=0.06s
Ep  131: len= 29 黑胜 loss=28.2613 temp=0.77 total_env_steps=4591 t=0.07s
Ep  132: len= 38 白胜 loss=27.9717 temp=0.77 total_env_steps=4629 t=0.11s
Ep  133: len= 22 白胜 loss=28.0085 temp=0.76 total_env_steps=4651 t=0.06s
Ep  134: len= 27 黑胜 loss=27.9727 temp=0.75 total_env_steps=4678 t=0.07s
Ep  135: len= 32 白胜 loss=27.8246 temp=0.75 total_env_steps=4710 t=0.08s
Ep  136: len= 32 白胜 loss=27.8115 temp=0.74 total_env_steps=4742 t=0.08s
Ep  137: len= 17 黑胜 loss=28.0095 temp=0.73 total_env_steps=4759 t=0.04s
Ep  138: len= 38 白胜 loss=28.0794 temp=0.72 total_env_steps=4797 t=0.08s
Ep  139: len= 51 黑胜 loss=27.8732 temp=0.72 total_env_steps=4848 t=0.12s
Ep  140: len= 41 黑胜 loss=28.0172 temp=0.71 total_env_steps=4889 t=0.08s
Ep  141: len= 29 黑胜 loss=28.1221 temp=0.70 total_env_steps=4918 t=0.07s
Ep  142: len= 27 黑胜 loss=28.1287 temp=0.69 total_env_steps=4945 t=0.06s
Ep  143: len= 42 白胜 loss=28.0386 temp=0.69 total_env_steps=4987 t=0.09s
Ep  144: len= 51 黑胜 loss=27.8180 temp=0.68 total_env_steps=5038 t=0.11s
Ep  145: len= 29 黑胜 loss=28.1483 temp=0.67 total_env_steps=5067 t=0.08s
Ep  146: len= 25 黑胜 loss=27.9790 temp=0.66 total_env_steps=5092 t=0.06s
Ep  147: len= 43 黑胜 loss=27.9020 temp=0.65 total_env_steps=5135 t=0.10s
Ep  148: len= 28 白胜 loss=28.2916 temp=0.65 total_env_steps=5163 t=0.07s
Ep  149: len= 31 黑胜 loss=28.0802 temp=0.64 total_env_steps=5194 t=0.08s
Ep  150: len= 41 黑胜 loss=27.9194 temp=0.63 total_env_steps=5235 t=0.11s
  eval vs Gomoku-random-v0: win_rate=0.95 mean_return=0.90（20 局，total_env_steps=5235）
Ep  151: len= 15 黑胜 loss=27.9768 temp=0.62 total_env_steps=5250 t=0.04s
Ep  152: len= 24 白胜 loss=27.7837 temp=0.62 total_env_steps=5274 t=0.07s
Ep  153: len= 30 白胜 loss=28.0746 temp=0.61 total_env_steps=5304 t=0.08s
Ep  154: len= 43 黑胜 loss=27.5496 temp=0.60 total_env_steps=5347 t=0.11s
Ep  155: len= 36 白胜 loss=27.8429 temp=0.59 total_env_steps=5383 t=0.09s
Ep  156: len= 40 白胜 loss=27.9039 temp=0.59 total_env_steps=5423 t=0.09s
Ep  157: len= 38 白胜 loss=27.8658 temp=0.58 total_env_steps=5461 t=0.09s
Ep  158: len= 27 黑胜 loss=28.1727 temp=0.57 total_env_steps=5488 t=0.06s
Ep  159: len= 23 黑胜 loss=27.9127 temp=0.56 total_env_steps=5511 t=0.06s
Ep  160: len= 30 白胜 loss=27.9896 temp=0.56 total_env_steps=5541 t=0.07s
Ep  161: len= 45 黑胜 loss=27.8095 temp=0.55 total_env_steps=5586 t=0.10s
Ep  162: len= 15 黑胜 loss=27.9104 temp=0.54 total_env_steps=5601 t=0.04s
Ep  163: len= 39 黑胜 loss=27.7518 temp=0.53 total_env_steps=5640 t=0.09s
Ep  164: len= 28 白胜 loss=27.9114 temp=0.53 total_env_steps=5668 t=0.07s
Ep  165: len= 28 白胜 loss=27.8651 temp=0.52 total_env_steps=5696 t=0.07s
Ep  166: len= 36 白胜 loss=27.9368 temp=0.51 total_env_steps=5732 t=0.09s
Ep  167: len= 26 白胜 loss=28.1119 temp=0.50 total_env_steps=5758 t=0.06s
Ep  168: len= 33 黑胜 loss=27.8815 temp=0.50 total_env_steps=5791 t=0.08s
Ep  169: len= 38 白胜 loss=27.9289 temp=0.49 total_env_steps=5829 t=0.08s
Ep  170: len= 23 黑胜 loss=27.5696 temp=0.48 total_env_steps=5852 t=0.05s
Ep  171: len= 27 黑胜 loss=27.9201 temp=0.48 total_env_steps=5879 t=0.06s
Ep  172: len= 29 黑胜 loss=27.5600 temp=0.47 total_env_steps=5908 t=0.07s
Ep  173: len= 20 白胜 loss=27.9227 temp=0.46 total_env_steps=5928 t=0.04s
Ep  174: len= 33 黑胜 loss=27.5049 temp=0.45 total_env_steps=5961 t=0.08s
Ep  175: len= 40 白胜 loss=27.9481 temp=0.44 total_env_steps=6001 t=0.08s
Ep  176: len= 41 黑胜 loss=27.7090 temp=0.44 total_env_steps=6042 t=0.09s
Ep  177: len= 33 黑胜 loss=27.4902 temp=0.43 total_env_steps=6075 t=0.08s
Ep  178: len= 39 黑胜 loss=27.6440 temp=0.42 total_env_steps=6114 t=0.09s
Ep  179: len= 45 黑胜 loss=27.8856 temp=0.42 total_env_steps=6159 t=0.11s
Ep  180: len= 19 黑胜 loss=27.4545 temp=0.41 total_env_steps=6178 t=0.05s
Ep  181: len= 51 黑胜 loss=27.9249 temp=0.40 total_env_steps=6229 t=0.11s
Ep  182: len= 32 白胜 loss=27.7103 temp=0.39 total_env_steps=6261 t=0.07s
Ep  183: len= 39 黑胜 loss=27.7207 temp=0.38 total_env_steps=6300 t=0.09s
Ep  184: len= 33 黑胜 loss=27.7752 temp=0.38 total_env_steps=6333 t=0.07s
Ep  185: len= 29 黑胜 loss=27.6469 temp=0.37 total_env_steps=6362 t=0.07s
Ep  186: len= 17 黑胜 loss=27.8872 temp=0.36 total_env_steps=6379 t=0.04s
Ep  187: len= 26 白胜 loss=27.5413 temp=0.36 total_env_steps=6405 t=0.06s
Ep  188: len= 45 黑胜 loss=27.9150 temp=0.35 total_env_steps=6450 t=0.10s
Ep  189: len= 27 黑胜 loss=27.6627 temp=0.34 total_env_steps=6477 t=0.06s
Ep  190: len= 34 白胜 loss=27.9426 temp=0.33 total_env_steps=6511 t=0.07s
Ep  191: len= 35 黑胜 loss=27.7939 temp=0.33 total_env_steps=6546 t=0.08s
Ep  192: len= 38 白胜 loss=27.6626 temp=0.32 total_env_steps=6584 t=0.08s
Ep  193: len= 33 黑胜 loss=27.7394 temp=0.31 total_env_steps=6617 t=0.08s
Ep  194: len= 46 白胜 loss=27.9099 temp=0.30 total_env_steps=6663 t=0.10s
Ep  195: len= 15 黑胜 loss=27.5998 temp=0.30 total_env_steps=6678 t=0.05s
Ep  196: len= 37 黑胜 loss=27.4810 temp=0.29 total_env_steps=6715 t=0.08s
Ep  197: len= 21 黑胜 loss=27.8724 temp=0.28 total_env_steps=6736 t=0.06s
Ep  198: len= 22 白胜 loss=27.6314 temp=0.27 total_env_steps=6758 t=0.05s
Ep  199: len= 29 黑胜 loss=27.6657 temp=0.26 total_env_steps=6787 t=0.07s
Ep  200: len= 17 黑胜 loss=27.7617 temp=0.26 total_env_steps=6804 t=0.05s
  eval vs Gomoku-random-v0: win_rate=1.00 mean_return=1.00（20 局，total_env_steps=6804）
  📸 已拍权重快照（ep=200，gating 对弈基准）
Ep  201: len= 43 黑胜 loss=27.5722 temp=0.25 total_env_steps=6847 t=0.10s
Ep  202: len= 19 黑胜 loss=27.9225 temp=0.25 total_env_steps=6866 t=0.05s
Ep  203: len= 40 白胜 loss=27.7328 temp=0.25 total_env_steps=6906 t=0.09s
Ep  204: len= 51 黑胜 loss=27.4793 temp=0.25 total_env_steps=6957 t=0.12s
Ep  205: len= 41 黑胜 loss=27.6738 temp=0.25 total_env_steps=6998 t=0.10s
Ep  206: len= 20 白胜 loss=27.6514 temp=0.25 total_env_steps=7018 t=0.05s
Ep  207: len= 38 白胜 loss=27.5425 temp=0.25 total_env_steps=7056 t=0.09s
Ep  208: len= 43 黑胜 loss=27.5467 temp=0.25 total_env_steps=7099 t=0.10s
Ep  209: len= 32 白胜 loss=27.6200 temp=0.25 total_env_steps=7131 t=0.08s
Ep  210: len= 32 白胜 loss=27.6083 temp=0.25 total_env_steps=7163 t=0.07s
Ep  211: len= 44 白胜 loss=27.5422 temp=0.25 total_env_steps=7207 t=0.10s
Ep  212: len= 42 白胜 loss=27.6863 temp=0.25 total_env_steps=7249 t=0.10s
Ep  213: len= 20 白胜 loss=27.5643 temp=0.25 total_env_steps=7269 t=0.06s
Ep  214: len= 30 白胜 loss=27.6205 temp=0.25 total_env_steps=7299 t=0.07s
Ep  215: len= 37 黑胜 loss=27.6799 temp=0.25 total_env_steps=7336 t=0.09s
Ep  216: len= 39 黑胜 loss=27.5888 temp=0.25 total_env_steps=7375 t=0.10s
Ep  217: len= 41 黑胜 loss=27.9645 temp=0.25 total_env_steps=7416 t=0.10s
Ep  218: len= 36 白胜 loss=27.6762 temp=0.25 total_env_steps=7452 t=0.09s
Ep  219: len= 42 白胜 loss=27.5435 temp=0.25 total_env_steps=7494 t=0.11s
Ep  220: len= 33 黑胜 loss=27.3834 temp=0.25 total_env_steps=7527 t=0.09s
Ep  221: len= 37 黑胜 loss=27.5032 temp=0.25 total_env_steps=7564 t=0.10s
Ep  222: len= 27 黑胜 loss=27.6957 temp=0.25 total_env_steps=7591 t=0.07s
Ep  223: len= 29 黑胜 loss=27.4869 temp=0.25 total_env_steps=7620 t=0.07s
Ep  224: len= 46 白胜 loss=27.7175 temp=0.25 total_env_steps=7666 t=0.10s
Ep  225: len= 49 黑胜 loss=27.5562 temp=0.25 total_env_steps=7715 t=0.10s
Ep  226: len= 36 白胜 loss=27.3582 temp=0.25 total_env_steps=7751 t=0.09s
Ep  227: len= 19 黑胜 loss=27.1241 temp=0.25 total_env_steps=7770 t=0.06s
Ep  228: len= 43 黑胜 loss=27.3400 temp=0.25 total_env_steps=7813 t=0.10s
Ep  229: len= 37 黑胜 loss=27.7541 temp=0.25 total_env_steps=7850 t=0.08s
Ep  230: len= 33 黑胜 loss=27.3078 temp=0.25 total_env_steps=7883 t=0.09s
Ep  231: len= 34 白胜 loss=27.2622 temp=0.25 total_env_steps=7917 t=0.08s
Ep  232: len= 35 黑胜 loss=27.2932 temp=0.25 total_env_steps=7952 t=0.08s
Ep  233: len= 26 白胜 loss=27.6445 temp=0.25 total_env_steps=7978 t=0.06s
Ep  234: len= 31 黑胜 loss=27.6104 temp=0.25 total_env_steps=8009 t=0.08s
Ep  235: len= 41 黑胜 loss=27.2280 temp=0.25 total_env_steps=8050 t=0.09s
Ep  236: len= 23 黑胜 loss=27.5542 temp=0.25 total_env_steps=8073 t=0.06s
Ep  237: len= 48 白胜 loss=27.6298 temp=0.25 total_env_steps=8121 t=0.11s
Ep  238: len= 23 黑胜 loss=27.1495 temp=0.25 total_env_steps=8144 t=0.06s
Ep  239: len= 14 白胜 loss=26.9337 temp=0.25 total_env_steps=8158 t=0.04s
Ep  240: len= 25 黑胜 loss=27.0778 temp=0.25 total_env_steps=8183 t=0.07s
Ep  241: len= 14 白胜 loss=27.3324 temp=0.25 total_env_steps=8197 t=0.05s
Ep  242: len= 43 黑胜 loss=26.6438 temp=0.25 total_env_steps=8240 t=0.10s
Ep  243: len= 36 白胜 loss=27.7414 temp=0.25 total_env_steps=8276 t=0.08s
Ep  244: len= 42 白胜 loss=27.5592 temp=0.25 total_env_steps=8318 t=0.10s
Ep  245: len= 39 黑胜 loss=27.2372 temp=0.25 total_env_steps=8357 t=0.09s
Ep  246: len= 13 黑胜 loss=27.4141 temp=0.25 total_env_steps=8370 t=0.04s
Ep  247: len= 38 白胜 loss=27.1403 temp=0.25 total_env_steps=8408 t=0.09s
Ep  248: len= 25 黑胜 loss=27.6276 temp=0.25 total_env_steps=8433 t=0.07s
Ep  249: len= 39 黑胜 loss=27.2595 temp=0.25 total_env_steps=8472 t=0.09s
Ep  250: len= 32 白胜 loss=27.7650 temp=0.25 total_env_steps=8504 t=0.08s
  eval vs Gomoku-random-v0: win_rate=1.00 mean_return=1.00（20 局，total_env_steps=8504）
Ep  251: len= 33 黑胜 loss=27.1669 temp=0.25 total_env_steps=8537 t=0.09s
Ep  252: len= 42 白胜 loss=27.2066 temp=0.25 total_env_steps=8579 t=0.10s
Ep  253: len= 29 黑胜 loss=27.1905 temp=0.25 total_env_steps=8608 t=0.07s
Ep  254: len= 33 黑胜 loss=27.0485 temp=0.25 total_env_steps=8641 t=0.08s
Ep  255: len= 33 黑胜 loss=27.5054 temp=0.25 total_env_steps=8674 t=0.08s
Ep  256: len= 31 黑胜 loss=26.8203 temp=0.25 total_env_steps=8705 t=0.07s
Ep  257: len= 23 黑胜 loss=27.3172 temp=0.25 total_env_steps=8728 t=0.06s
Ep  258: len= 33 黑胜 loss=26.9534 temp=0.25 total_env_steps=8761 t=0.08s
Ep  259: len= 33 黑胜 loss=27.2436 temp=0.25 total_env_steps=8794 t=0.08s
Ep  260: len= 25 黑胜 loss=27.0567 temp=0.25 total_env_steps=8819 t=0.06s
Ep  261: len= 26 白胜 loss=26.5878 temp=0.25 total_env_steps=8845 t=0.06s
Ep  262: len= 39 黑胜 loss=26.7755 temp=0.25 total_env_steps=8884 t=0.09s
Ep  263: len= 33 黑胜 loss=27.1163 temp=0.25 total_env_steps=8917 t=0.08s
Ep  264: len= 44 白胜 loss=26.6831 temp=0.25 total_env_steps=8961 t=0.10s
Ep  265: len= 27 黑胜 loss=27.0812 temp=0.25 total_env_steps=8988 t=0.07s
Ep  266: len= 28 白胜 loss=26.8068 temp=0.25 total_env_steps=9016 t=0.07s
Ep  267: len= 33 黑胜 loss=27.3023 temp=0.25 total_env_steps=9049 t=0.08s
Ep  268: len= 37 黑胜 loss=26.4913 temp=0.25 total_env_steps=9086 t=0.09s
Ep  269: len= 21 黑胜 loss=26.8623 temp=0.25 total_env_steps=9107 t=0.05s
Ep  270: len= 23 黑胜 loss=27.1013 temp=0.25 total_env_steps=9130 t=0.06s
Ep  271: len= 24 白胜 loss=27.1074 temp=0.25 total_env_steps=9154 t=0.06s
Ep  272: len= 42 白胜 loss=27.0110 temp=0.25 total_env_steps=9196 t=0.10s
Ep  273: len= 20 白胜 loss=26.8788 temp=0.25 total_env_steps=9216 t=0.06s
Ep  274: len= 20 白胜 loss=26.5879 temp=0.25 total_env_steps=9236 t=0.05s
Ep  275: len= 29 黑胜 loss=25.8466 temp=0.25 total_env_steps=9265 t=0.07s
Ep  276: len= 24 白胜 loss=26.8373 temp=0.25 total_env_steps=9289 t=0.06s
Ep  277: len= 35 黑胜 loss=27.1452 temp=0.25 total_env_steps=9324 t=0.09s
Ep  278: len= 20 白胜 loss=27.2524 temp=0.25 total_env_steps=9344 t=0.05s
Ep  279: len= 36 白胜 loss=26.6419 temp=0.25 total_env_steps=9380 t=0.09s
Ep  280: len= 27 黑胜 loss=26.5249 temp=0.25 total_env_steps=9407 t=0.08s
Ep  281: len= 37 黑胜 loss=26.4913 temp=0.25 total_env_steps=9444 t=0.09s
Ep  282: len= 45 黑胜 loss=26.4417 temp=0.25 total_env_steps=9489 t=0.10s
Ep  283: len= 29 黑胜 loss=26.7924 temp=0.25 total_env_steps=9518 t=0.08s
Ep  284: len= 31 黑胜 loss=26.7862 temp=0.25 total_env_steps=9549 t=0.07s
Ep  285: len= 25 黑胜 loss=26.2140 temp=0.25 total_env_steps=9574 t=0.07s
Ep  286: len= 17 黑胜 loss=27.3207 temp=0.25 total_env_steps=9591 t=0.05s
Ep  287: len= 36 白胜 loss=26.5340 temp=0.25 total_env_steps=9627 t=0.09s
Ep  288: len= 17 黑胜 loss=26.3498 temp=0.25 total_env_steps=9644 t=0.05s
Ep  289: len= 23 黑胜 loss=26.1750 temp=0.25 total_env_steps=9667 t=0.07s
Ep  290: len= 31 黑胜 loss=26.9141 temp=0.25 total_env_steps=9698 t=0.08s
Ep  291: len= 43 黑胜 loss=26.0947 temp=0.25 total_env_steps=9741 t=0.10s
Ep  292: len= 53 黑胜 loss=26.2193 temp=0.25 total_env_steps=9794 t=0.13s
Ep  293: len= 18 白胜 loss=26.3710 temp=0.25 total_env_steps=9812 t=0.05s
Ep  294: len= 38 白胜 loss=26.7826 temp=0.25 total_env_steps=9850 t=0.10s
Ep  295: len= 26 白胜 loss=26.4161 temp=0.25 total_env_steps=9876 t=0.07s
Ep  296: len= 21 黑胜 loss=25.9046 temp=0.25 total_env_steps=9897 t=0.06s
Ep  297: len= 31 黑胜 loss=26.9325 temp=0.25 total_env_steps=9928 t=0.08s
Ep  298: len= 39 黑胜 loss=26.5843 temp=0.25 total_env_steps=9967 t=0.09s
Ep  299: len= 32 白胜 loss=26.4672 temp=0.25 total_env_steps=9999 t=0.08s
Ep  300: len= 48 白胜 loss=25.4284 temp=0.25 total_env_steps=10047 t=0.11s
  eval vs Gomoku-random-v0: win_rate=0.95 mean_return=0.90（20 局，total_env_steps=10047）
Ep  301: len= 41 黑胜 loss=25.8988 temp=0.25 total_env_steps=10088 t=0.10s
Ep  302: len= 20 白胜 loss=26.5990 temp=0.25 total_env_steps=10108 t=0.06s
Ep  303: len= 39 黑胜 loss=26.7834 temp=0.25 total_env_steps=10147 t=0.09s
Ep  304: len= 45 黑胜 loss=25.9300 temp=0.25 total_env_steps=10192 t=0.11s
Ep  305: len= 35 黑胜 loss=26.3739 temp=0.25 total_env_steps=10227 t=0.09s
Ep  306: len= 33 黑胜 loss=26.3578 temp=0.25 total_env_steps=10260 t=0.09s
Ep  307: len= 35 黑胜 loss=26.7550 temp=0.25 total_env_steps=10295 t=0.09s
Ep  308: len= 22 白胜 loss=26.3424 temp=0.25 total_env_steps=10317 t=0.07s
Ep  309: len= 22 白胜 loss=26.0783 temp=0.25 total_env_steps=10339 t=0.06s
Ep  310: len= 42 白胜 loss=25.8982 temp=0.25 total_env_steps=10381 t=0.10s
Ep  311: len= 33 黑胜 loss=26.2831 temp=0.25 total_env_steps=10414 t=0.08s
Ep  312: len= 39 黑胜 loss=26.3866 temp=0.25 total_env_steps=10453 t=0.10s
Ep  313: len= 40 白胜 loss=25.8286 temp=0.25 total_env_steps=10493 t=0.09s
Ep  314: len= 39 黑胜 loss=25.8396 temp=0.25 total_env_steps=10532 t=0.09s
Ep  315: len= 24 白胜 loss=25.9882 temp=0.25 total_env_steps=10556 t=0.07s
Ep  316: len= 21 黑胜 loss=26.0200 temp=0.25 total_env_steps=10577 t=0.06s
Ep  317: len= 31 黑胜 loss=25.0875 temp=0.25 total_env_steps=10608 t=0.08s
Ep  318: len= 32 白胜 loss=25.8287 temp=0.25 total_env_steps=10640 t=0.08s
Ep  319: len= 41 黑胜 loss=26.0995 temp=0.25 total_env_steps=10681 t=0.10s
Ep  320: len= 51 黑胜 loss=25.9147 temp=0.25 total_env_steps=10732 t=0.11s
Ep  321: len= 37 黑胜 loss=24.9790 temp=0.25 total_env_steps=10769 t=0.09s
Ep  322: len= 48 白胜 loss=26.2816 temp=0.25 total_env_steps=10817 t=0.10s
Ep  323: len= 27 黑胜 loss=25.7073 temp=0.25 total_env_steps=10844 t=0.07s
Ep  324: len= 21 黑胜 loss=26.0679 temp=0.25 total_env_steps=10865 t=0.06s
Ep  325: len= 26 白胜 loss=25.4844 temp=0.25 total_env_steps=10891 t=0.06s
Ep  326: len= 25 黑胜 loss=26.1548 temp=0.25 total_env_steps=10916 t=0.07s
Ep  327: len= 25 黑胜 loss=25.1725 temp=0.25 total_env_steps=10941 t=0.06s
Ep  328: len= 24 白胜 loss=25.4184 temp=0.25 total_env_steps=10965 t=0.06s
Ep  329: len= 31 黑胜 loss=25.9315 temp=0.25 total_env_steps=10996 t=0.07s
Ep  330: len= 42 白胜 loss=25.9054 temp=0.25 total_env_steps=11038 t=0.10s
Ep  331: len= 28 白胜 loss=25.1545 temp=0.25 total_env_steps=11066 t=0.09s
Ep  332: len= 17 黑胜 loss=24.0601 temp=0.25 total_env_steps=11083 t=0.05s
Ep  333: len= 27 黑胜 loss=25.4695 temp=0.25 total_env_steps=11110 t=0.08s
Ep  334: len= 21 黑胜 loss=25.5922 temp=0.25 total_env_steps=11131 t=0.07s
Ep  335: len= 49 黑胜 loss=26.0553 temp=0.25 total_env_steps=11180 t=0.11s
Ep  336: len= 33 黑胜 loss=25.8860 temp=0.25 total_env_steps=11213 t=0.08s
Ep  337: len= 41 黑胜 loss=25.4031 temp=0.25 total_env_steps=11254 t=0.09s
Ep  338: len= 45 黑胜 loss=24.6378 temp=0.25 total_env_steps=11299 t=0.11s
Ep  339: len= 39 黑胜 loss=25.9578 temp=0.25 total_env_steps=11338 t=0.09s
Ep  340: len= 21 黑胜 loss=25.8052 temp=0.25 total_env_steps=11359 t=0.06s
Ep  341: len= 23 黑胜 loss=25.2600 temp=0.25 total_env_steps=11382 t=0.06s
Ep  342: len= 27 黑胜 loss=25.8266 temp=0.25 total_env_steps=11409 t=0.07s
Ep  343: len= 53 黑胜 loss=25.6557 temp=0.25 total_env_steps=11462 t=0.12s
Ep  344: len= 24 白胜 loss=24.9215 temp=0.25 total_env_steps=11486 t=0.06s
Ep  345: len= 19 黑胜 loss=24.8661 temp=0.25 total_env_steps=11505 t=0.05s
Ep  346: len= 27 黑胜 loss=24.7572 temp=0.25 total_env_steps=11532 t=0.07s
Ep  347: len= 30 白胜 loss=24.2663 temp=0.25 total_env_steps=11562 t=0.07s
Ep  348: len= 31 黑胜 loss=24.4288 temp=0.25 total_env_steps=11593 t=0.09s
Ep  349: len= 31 黑胜 loss=25.4902 temp=0.25 total_env_steps=11624 t=0.08s
Ep  350: len= 33 黑胜 loss=25.3731 temp=0.25 total_env_steps=11657 t=0.08s
  eval vs Gomoku-random-v0: win_rate=1.00 mean_return=1.00（20 局，total_env_steps=11657）
Ep  351: len= 36 白胜 loss=24.8209 temp=0.25 total_env_steps=11693 t=0.09s
Ep  352: len= 28 白胜 loss=24.9006 temp=0.25 total_env_steps=11721 t=0.08s
Ep  353: len= 21 黑胜 loss=25.4466 temp=0.25 total_env_steps=11742 t=0.06s
Ep  354: len= 26 白胜 loss=24.5728 temp=0.25 total_env_steps=11768 t=0.07s
Ep  355: len= 33 黑胜 loss=25.5947 temp=0.25 total_env_steps=11801 t=0.09s
Ep  356: len= 24 白胜 loss=25.0738 temp=0.25 total_env_steps=11825 t=0.07s
Ep  357: len= 46 白胜 loss=24.3831 temp=0.25 total_env_steps=11871 t=0.11s
Ep  358: len= 19 黑胜 loss=24.7621 temp=0.25 total_env_steps=11890 t=0.06s
Ep  359: len= 44 白胜 loss=25.1352 temp=0.25 total_env_steps=11934 t=0.10s
Ep  360: len= 19 黑胜 loss=24.7637 temp=0.25 total_env_steps=11953 t=0.05s
Ep  361: len= 17 黑胜 loss=23.1604 temp=0.25 total_env_steps=11970 t=0.06s
Ep  362: len= 25 黑胜 loss=24.4918 temp=0.25 total_env_steps=11995 t=0.07s
Ep  363: len= 35 黑胜 loss=24.7251 temp=0.25 total_env_steps=12030 t=0.08s
Ep  364: len= 17 黑胜 loss=24.0691 temp=0.25 total_env_steps=12047 t=0.05s
Ep  365: len= 19 黑胜 loss=25.7573 temp=0.25 total_env_steps=12066 t=0.06s
Ep  366: len= 58 白胜 loss=23.4431 temp=0.25 total_env_steps=12124 t=0.12s
Ep  367: len= 19 黑胜 loss=25.5790 temp=0.25 total_env_steps=12143 t=0.05s
Ep  368: len= 31 黑胜 loss=23.3385 temp=0.25 total_env_steps=12174 t=0.07s
Ep  369: len= 33 黑胜 loss=24.9395 temp=0.25 total_env_steps=12207 t=0.08s
Ep  370: len= 29 黑胜 loss=25.2154 temp=0.25 total_env_steps=12236 t=0.08s
Ep  371: len= 19 黑胜 loss=23.7229 temp=0.25 total_env_steps=12255 t=0.05s
Ep  372: len= 40 白胜 loss=25.2088 temp=0.25 total_env_steps=12295 t=0.09s
Ep  373: len= 21 黑胜 loss=23.5261 temp=0.25 total_env_steps=12316 t=0.05s
Ep  374: len= 48 白胜 loss=25.0426 temp=0.25 total_env_steps=12364 t=0.11s
Ep  375: len= 19 黑胜 loss=23.7969 temp=0.25 total_env_steps=12383 t=0.05s
Ep  376: len= 30 白胜 loss=22.8298 temp=0.25 total_env_steps=12413 t=0.07s
Ep  377: len= 21 黑胜 loss=23.5409 temp=0.25 total_env_steps=12434 t=0.06s
Ep  378: len= 19 黑胜 loss=22.4089 temp=0.25 total_env_steps=12453 t=0.05s
Ep  379: len= 26 白胜 loss=23.6765 temp=0.25 total_env_steps=12479 t=0.07s
Ep  380: len= 19 黑胜 loss=23.4862 temp=0.25 total_env_steps=12498 t=0.06s
Ep  381: len= 30 白胜 loss=23.7235 temp=0.25 total_env_steps=12528 t=0.08s
Ep  382: len= 32 白胜 loss=23.4248 temp=0.25 total_env_steps=12560 t=0.08s
Ep  383: len= 29 黑胜 loss=23.8942 temp=0.25 total_env_steps=12589 t=0.08s
Ep  384: len= 19 黑胜 loss=22.6327 temp=0.25 total_env_steps=12608 t=0.05s
Ep  385: len= 34 白胜 loss=24.9656 temp=0.25 total_env_steps=12642 t=0.08s
Ep  386: len= 17 黑胜 loss=24.1442 temp=0.25 total_env_steps=12659 t=0.05s
Ep  387: len= 36 白胜 loss=24.1294 temp=0.25 total_env_steps=12695 t=0.09s
Ep  388: len= 40 白胜 loss=23.8314 temp=0.25 total_env_steps=12735 t=0.10s
Ep  389: len= 49 黑胜 loss=23.1902 temp=0.25 total_env_steps=12784 t=0.11s
Ep  390: len= 37 黑胜 loss=24.1070 temp=0.25 total_env_steps=12821 t=0.08s
Ep  391: len= 35 黑胜 loss=22.9671 temp=0.25 total_env_steps=12856 t=0.09s
Ep  392: len= 31 黑胜 loss=23.5194 temp=0.25 total_env_steps=12887 t=0.08s
Ep  393: len= 29 黑胜 loss=24.4551 temp=0.25 total_env_steps=12916 t=0.07s
Ep  394: len= 37 黑胜 loss=23.7272 temp=0.25 total_env_steps=12953 t=0.08s
Ep  395: len= 33 黑胜 loss=24.5221 temp=0.25 total_env_steps=12986 t=0.08s
Ep  396: len= 29 黑胜 loss=22.4826 temp=0.25 total_env_steps=13015 t=0.07s
Ep  397: len= 16 白胜 loss=24.6991 temp=0.25 total_env_steps=13031 t=0.05s
Ep  398: len= 17 黑胜 loss=22.5468 temp=0.25 total_env_steps=13048 t=0.05s
Ep  399: len= 33 黑胜 loss=23.3531 temp=0.25 total_env_steps=13081 t=0.08s
Ep  400: len= 27 黑胜 loss=23.3750 temp=0.25 total_env_steps=13108 t=0.07s
  eval vs Gomoku-random-v0: win_rate=1.00 mean_return=1.00（20 局，total_env_steps=13108）
[闸门] vs random（40 局）: win_rate=0.950
[闸门] vs 半程快照（40 局，黑白各半）: score=0.775
[梯队] vs naive0（20 局，观察性）: win_rate=0.10
[梯队] vs naive1（20 局，观察性）: win_rate=0.00
[梯队] vs naive2（20 局，观察性）: win_rate=0.00
[梯队] vs naive3（20 局，观察性）: win_rate=0.00
📈 Gomoku-selfplay-v0 win_rate=1.00（best 1.00）| 门槛 0.95 | 41.8s

--- arm=true_rules seed=43 sims=100 ---
[MyZero-board Gomoku-selfplay-v0] obs=243(3×9²) |A|=81 sims=100 γ=1.0 negamax
[MyZero-board] 树内真规则开启（AlphaZero 式诊断；训练侧不变）
Ep    1: len= 52 白胜 loss=0.0000 temp=1.00 total_env_steps=52 t=0.09s
Ep    2: len= 51 黑胜 loss=0.0000 temp=1.00 total_env_steps=103 t=0.09s
Ep    3: len= 43 黑胜 loss=0.0000 temp=1.00 total_env_steps=146 t=0.08s
Ep    4: len= 58 白胜 loss=0.0000 temp=1.00 total_env_steps=204 t=0.10s
Ep    5: len= 20 白胜 loss=0.0000 temp=1.00 total_env_steps=224 t=0.04s
Ep    6: len= 56 白胜 loss=0.0000 temp=1.00 total_env_steps=280 t=0.10s
Ep    7: len= 36 白胜 loss=0.0000 temp=1.00 total_env_steps=316 t=0.07s
Ep    8: len= 42 白胜 loss=0.0000 temp=1.00 total_env_steps=358 t=0.07s
Ep    9: len= 30 白胜 loss=0.0000 temp=1.00 total_env_steps=388 t=0.05s
Ep   10: len= 66 白胜 loss=35.2156 temp=1.00 total_env_steps=454 t=0.12s
Ep   11: len= 25 黑胜 loss=29.1779 temp=1.00 total_env_steps=479 t=0.06s
Ep   12: len= 22 白胜 loss=28.3168 temp=1.00 total_env_steps=501 t=0.06s
Ep   13: len= 45 黑胜 loss=28.2069 temp=1.00 total_env_steps=546 t=0.10s
Ep   14: len= 23 黑胜 loss=28.5467 temp=1.00 total_env_steps=569 t=0.06s
Ep   15: len= 25 黑胜 loss=28.6414 temp=1.00 total_env_steps=594 t=0.06s
Ep   16: len= 37 黑胜 loss=28.3620 temp=1.00 total_env_steps=631 t=0.09s
Ep   17: len= 31 黑胜 loss=28.4859 temp=1.00 total_env_steps=662 t=0.07s
Ep   18: len= 28 白胜 loss=28.3891 temp=1.00 total_env_steps=690 t=0.06s
Ep   19: len= 25 黑胜 loss=28.4564 temp=1.00 total_env_steps=715 t=0.06s
Ep   20: len= 40 白胜 loss=28.2581 temp=1.00 total_env_steps=755 t=0.09s
Ep   21: len= 29 黑胜 loss=28.3528 temp=1.00 total_env_steps=784 t=0.07s
Ep   22: len= 27 黑胜 loss=28.2292 temp=1.00 total_env_steps=811 t=0.07s
Ep   23: len= 44 白胜 loss=28.3067 temp=1.00 total_env_steps=855 t=0.09s
Ep   24: len= 28 白胜 loss=28.1614 temp=1.00 total_env_steps=883 t=0.07s
Ep   25: len= 31 黑胜 loss=28.4874 temp=1.00 total_env_steps=914 t=0.07s
Ep   26: len= 44 白胜 loss=28.6905 temp=1.00 total_env_steps=958 t=0.09s
Ep   27: len= 49 黑胜 loss=28.5471 temp=1.00 total_env_steps=1007 t=0.10s
Ep   28: len= 20 白胜 loss=28.7141 temp=1.00 total_env_steps=1027 t=0.05s
Ep   29: len= 31 黑胜 loss=28.5141 temp=1.00 total_env_steps=1058 t=0.07s
Ep   30: len= 50 白胜 loss=28.3654 temp=1.00 total_env_steps=1108 t=0.10s
Ep   31: len= 32 白胜 loss=28.3815 temp=1.00 total_env_steps=1140 t=0.07s
Ep   32: len= 29 黑胜 loss=28.6127 temp=1.00 total_env_steps=1169 t=0.07s
Ep   33: len= 39 黑胜 loss=28.4174 temp=1.00 total_env_steps=1208 t=0.08s
Ep   34: len= 34 白胜 loss=28.2706 temp=1.00 total_env_steps=1242 t=0.07s
Ep   35: len= 33 黑胜 loss=28.6089 temp=1.00 total_env_steps=1275 t=0.07s
Ep   36: len= 33 黑胜 loss=28.2087 temp=1.00 total_env_steps=1308 t=0.07s
Ep   37: len= 22 白胜 loss=28.4922 temp=1.00 total_env_steps=1330 t=0.05s
Ep   38: len= 26 白胜 loss=28.4415 temp=1.00 total_env_steps=1356 t=0.06s
Ep   39: len= 33 黑胜 loss=28.3740 temp=1.00 total_env_steps=1389 t=0.07s
Ep   40: len= 25 黑胜 loss=28.2525 temp=1.00 total_env_steps=1414 t=0.06s
Ep   41: len= 31 黑胜 loss=28.3774 temp=1.00 total_env_steps=1445 t=0.07s
Ep   42: len= 47 黑胜 loss=27.9803 temp=1.00 total_env_steps=1492 t=0.10s
Ep   43: len= 39 黑胜 loss=28.1328 temp=1.00 total_env_steps=1531 t=0.08s
Ep   44: len= 40 白胜 loss=28.0795 temp=1.00 total_env_steps=1571 t=0.08s
Ep   45: len= 36 白胜 loss=28.1185 temp=1.00 total_env_steps=1607 t=0.08s
Ep   46: len= 34 白胜 loss=28.0489 temp=1.00 total_env_steps=1641 t=0.07s
Ep   47: len= 27 黑胜 loss=28.1106 temp=1.00 total_env_steps=1668 t=0.06s
Ep   48: len= 41 黑胜 loss=27.9436 temp=1.00 total_env_steps=1709 t=0.08s
Ep   49: len= 34 白胜 loss=28.3892 temp=1.00 total_env_steps=1743 t=0.07s
Ep   50: len= 39 黑胜 loss=28.2012 temp=1.00 total_env_steps=1782 t=0.08s
  eval vs Gomoku-random-v0: win_rate=1.00 mean_return=1.00（20 局，total_env_steps=1782）
  ✅ 达标 ep=50 total_env_steps=1782
Ep   51: len= 41 黑胜 loss=28.2155 temp=1.00 total_env_steps=1823 t=0.09s
Ep   52: len= 46 白胜 loss=28.1871 temp=1.00 total_env_steps=1869 t=0.09s
Ep   53: len= 45 黑胜 loss=28.0567 temp=1.00 total_env_steps=1914 t=0.09s
Ep   54: len= 40 白胜 loss=28.2259 temp=1.00 total_env_steps=1954 t=0.08s
Ep   55: len= 41 黑胜 loss=28.1519 temp=1.00 total_env_steps=1995 t=0.08s
Ep   56: len= 26 白胜 loss=28.0440 temp=1.00 total_env_steps=2021 t=0.06s
Ep   57: len= 37 黑胜 loss=28.1027 temp=1.00 total_env_steps=2058 t=0.08s
Ep   58: len= 44 白胜 loss=28.1074 temp=1.00 total_env_steps=2102 t=0.08s
Ep   59: len= 50 白胜 loss=28.1647 temp=1.00 total_env_steps=2152 t=0.10s
Ep   60: len= 27 黑胜 loss=28.0728 temp=1.00 total_env_steps=2179 t=0.06s
Ep   61: len= 39 黑胜 loss=28.1923 temp=1.00 total_env_steps=2218 t=0.08s
Ep   62: len= 27 黑胜 loss=28.2632 temp=1.00 total_env_steps=2245 t=0.06s
Ep   63: len= 41 黑胜 loss=28.0740 temp=1.00 total_env_steps=2286 t=0.09s
Ep   64: len= 38 白胜 loss=27.9463 temp=1.00 total_env_steps=2324 t=0.08s
Ep   65: len= 35 黑胜 loss=28.2659 temp=1.00 total_env_steps=2359 t=0.07s
Ep   66: len= 42 白胜 loss=28.2344 temp=1.00 total_env_steps=2401 t=0.09s
Ep   67: len= 29 黑胜 loss=28.3065 temp=1.00 total_env_steps=2430 t=0.06s
Ep   68: len= 26 白胜 loss=28.2790 temp=1.00 total_env_steps=2456 t=0.06s
Ep   69: len= 49 黑胜 loss=28.0261 temp=1.00 total_env_steps=2505 t=0.10s
Ep   70: len= 41 黑胜 loss=28.1433 temp=1.00 total_env_steps=2546 t=0.09s
Ep   71: len= 56 白胜 loss=27.9725 temp=1.00 total_env_steps=2602 t=0.11s
Ep   72: len= 36 白胜 loss=28.0382 temp=1.00 total_env_steps=2638 t=0.08s
Ep   73: len= 36 白胜 loss=28.0049 temp=1.00 total_env_steps=2674 t=0.09s
Ep   74: len= 41 黑胜 loss=28.0036 temp=1.00 total_env_steps=2715 t=0.09s
Ep   75: len= 40 白胜 loss=27.7759 temp=1.00 total_env_steps=2755 t=0.09s
Ep   76: len= 47 黑胜 loss=28.0638 temp=1.00 total_env_steps=2802 t=0.10s
Ep   77: len= 49 黑胜 loss=28.0661 temp=1.00 total_env_steps=2851 t=0.10s
Ep   78: len= 56 白胜 loss=28.0923 temp=1.00 total_env_steps=2907 t=0.11s
Ep   79: len= 44 白胜 loss=27.9374 temp=1.00 total_env_steps=2951 t=0.10s
Ep   80: len= 46 白胜 loss=28.0666 temp=1.00 total_env_steps=2997 t=0.09s
Ep   81: len= 43 黑胜 loss=28.0493 temp=1.00 total_env_steps=3040 t=0.09s
Ep   82: len= 35 黑胜 loss=27.9161 temp=1.00 total_env_steps=3075 t=0.07s
Ep   83: len= 27 黑胜 loss=28.1110 temp=1.00 total_env_steps=3102 t=0.06s
Ep   84: len= 28 白胜 loss=28.2077 temp=1.00 total_env_steps=3130 t=0.06s
Ep   85: len= 43 黑胜 loss=27.9915 temp=1.00 total_env_steps=3173 t=0.09s
Ep   86: len= 39 黑胜 loss=27.9156 temp=1.00 total_env_steps=3212 t=0.08s
Ep   87: len= 35 黑胜 loss=27.9627 temp=1.00 total_env_steps=3247 t=0.07s
Ep   88: len= 36 白胜 loss=28.0478 temp=1.00 total_env_steps=3283 t=0.08s
Ep   89: len= 32 白胜 loss=28.2139 temp=1.00 total_env_steps=3315 t=0.07s
Ep   90: len= 19 黑胜 loss=28.0341 temp=1.00 total_env_steps=3334 t=0.04s
Ep   91: len= 21 黑胜 loss=27.9844 temp=1.00 total_env_steps=3355 t=0.05s
Ep   92: len= 23 黑胜 loss=28.0658 temp=1.00 total_env_steps=3378 t=0.05s
Ep   93: len= 27 黑胜 loss=28.0574 temp=1.00 total_env_steps=3405 t=0.06s
Ep   94: len= 18 白胜 loss=28.0958 temp=1.00 total_env_steps=3423 t=0.05s
Ep   95: len= 23 黑胜 loss=27.9603 temp=1.00 total_env_steps=3446 t=0.05s
Ep   96: len= 43 黑胜 loss=28.1112 temp=1.00 total_env_steps=3489 t=0.09s
Ep   97: len= 44 白胜 loss=27.9672 temp=1.00 total_env_steps=3533 t=0.09s
Ep   98: len= 51 黑胜 loss=28.0148 temp=1.00 total_env_steps=3584 t=0.11s
Ep   99: len= 44 白胜 loss=28.0864 temp=1.00 total_env_steps=3628 t=0.11s
Ep  100: len= 31 黑胜 loss=28.2066 temp=1.00 total_env_steps=3659 t=0.08s
  eval vs Gomoku-random-v0: win_rate=0.85 mean_return=0.70（20 局，total_env_steps=3659）
Ep  101: len= 36 白胜 loss=28.1064 temp=1.00 total_env_steps=3695 t=0.09s
Ep  102: len= 29 黑胜 loss=27.9555 temp=0.99 total_env_steps=3724 t=0.07s
Ep  103: len= 21 黑胜 loss=27.8256 temp=0.99 total_env_steps=3745 t=0.06s
Ep  104: len= 38 白胜 loss=27.9385 temp=0.98 total_env_steps=3783 t=0.08s
Ep  105: len= 48 白胜 loss=27.9950 temp=0.97 total_env_steps=3831 t=0.10s
Ep  106: len= 33 黑胜 loss=27.9229 temp=0.96 total_env_steps=3864 t=0.07s
Ep  107: len= 32 白胜 loss=27.9974 temp=0.95 total_env_steps=3896 t=0.07s
Ep  108: len= 33 黑胜 loss=27.7426 temp=0.95 total_env_steps=3929 t=0.08s
Ep  109: len= 19 黑胜 loss=27.6820 temp=0.94 total_env_steps=3948 t=0.05s
Ep  110: len= 29 黑胜 loss=27.9328 temp=0.93 total_env_steps=3977 t=0.06s
Ep  111: len= 34 白胜 loss=27.9939 temp=0.93 total_env_steps=4011 t=0.07s
Ep  112: len= 42 白胜 loss=28.0780 temp=0.92 total_env_steps=4053 t=0.09s
Ep  113: len= 48 白胜 loss=28.0092 temp=0.91 total_env_steps=4101 t=0.09s
Ep  114: len= 37 黑胜 loss=27.9390 temp=0.90 total_env_steps=4138 t=0.08s
Ep  115: len= 25 黑胜 loss=27.8880 temp=0.89 total_env_steps=4163 t=0.06s
Ep  116: len= 53 黑胜 loss=28.0870 temp=0.89 total_env_steps=4216 t=0.11s
Ep  117: len= 31 黑胜 loss=27.7860 temp=0.88 total_env_steps=4247 t=0.07s
Ep  118: len= 36 白胜 loss=28.0888 temp=0.87 total_env_steps=4283 t=0.07s
Ep  119: len= 33 黑胜 loss=28.2625 temp=0.87 total_env_steps=4316 t=0.08s
Ep  120: len= 40 白胜 loss=27.9491 temp=0.86 total_env_steps=4356 t=0.08s
Ep  121: len= 37 黑胜 loss=27.7131 temp=0.85 total_env_steps=4393 t=0.07s
Ep  122: len= 36 白胜 loss=28.0122 temp=0.84 total_env_steps=4429 t=0.08s
Ep  123: len= 21 黑胜 loss=28.0015 temp=0.84 total_env_steps=4450 t=0.05s
Ep  124: len= 30 白胜 loss=27.8687 temp=0.83 total_env_steps=4480 t=0.07s
Ep  125: len= 29 黑胜 loss=27.8113 temp=0.82 total_env_steps=4509 t=0.06s
Ep  126: len= 26 白胜 loss=27.7939 temp=0.81 total_env_steps=4535 t=0.06s
Ep  127: len= 24 白胜 loss=27.9053 temp=0.81 total_env_steps=4559 t=0.05s
Ep  128: len= 38 白胜 loss=27.6712 temp=0.80 total_env_steps=4597 t=0.09s
Ep  129: len= 41 黑胜 loss=27.9553 temp=0.79 total_env_steps=4638 t=0.09s
Ep  130: len= 35 黑胜 loss=27.8799 temp=0.78 total_env_steps=4673 t=0.07s
Ep  131: len= 44 白胜 loss=27.7517 temp=0.77 total_env_steps=4717 t=0.09s
Ep  132: len= 50 白胜 loss=27.8499 temp=0.77 total_env_steps=4767 t=0.10s
Ep  133: len= 40 白胜 loss=27.8071 temp=0.76 total_env_steps=4807 t=0.08s
Ep  134: len= 23 黑胜 loss=27.9635 temp=0.75 total_env_steps=4830 t=0.05s
Ep  135: len= 27 黑胜 loss=27.7821 temp=0.75 total_env_steps=4857 t=0.06s
Ep  136: len= 45 黑胜 loss=27.9240 temp=0.74 total_env_steps=4902 t=0.10s
Ep  137: len= 17 黑胜 loss=27.8900 temp=0.73 total_env_steps=4919 t=0.05s
Ep  138: len= 63 黑胜 loss=28.0555 temp=0.72 total_env_steps=4982 t=0.12s
Ep  139: len= 38 白胜 loss=27.9958 temp=0.72 total_env_steps=5020 t=0.08s
Ep  140: len= 39 黑胜 loss=27.8936 temp=0.71 total_env_steps=5059 t=0.09s
Ep  141: len= 18 白胜 loss=27.8072 temp=0.70 total_env_steps=5077 t=0.04s
Ep  142: len= 31 黑胜 loss=28.0040 temp=0.69 total_env_steps=5108 t=0.07s
Ep  143: len= 38 白胜 loss=27.8617 temp=0.69 total_env_steps=5146 t=0.08s
Ep  144: len= 32 白胜 loss=27.9211 temp=0.68 total_env_steps=5178 t=0.07s
Ep  145: len= 38 白胜 loss=27.9517 temp=0.67 total_env_steps=5216 t=0.09s
Ep  146: len= 25 黑胜 loss=27.9443 temp=0.66 total_env_steps=5241 t=0.06s
Ep  147: len= 30 白胜 loss=27.8662 temp=0.65 total_env_steps=5271 t=0.07s
Ep  148: len= 43 黑胜 loss=27.7376 temp=0.65 total_env_steps=5314 t=0.09s
Ep  149: len= 43 黑胜 loss=28.0046 temp=0.64 total_env_steps=5357 t=0.09s
Ep  150: len= 21 黑胜 loss=27.8558 temp=0.63 total_env_steps=5378 t=0.05s
  eval vs Gomoku-random-v0: win_rate=1.00 mean_return=1.00（20 局，total_env_steps=5378）
Ep  151: len= 34 白胜 loss=27.7013 temp=0.62 total_env_steps=5412 t=0.07s
Ep  152: len= 48 白胜 loss=27.6572 temp=0.62 total_env_steps=5460 t=0.10s
Ep  153: len= 30 白胜 loss=27.7432 temp=0.61 total_env_steps=5490 t=0.06s
Ep  154: len= 23 黑胜 loss=27.6239 temp=0.60 total_env_steps=5513 t=0.05s
Ep  155: len= 38 白胜 loss=27.5894 temp=0.59 total_env_steps=5551 t=0.08s
Ep  156: len= 24 白胜 loss=27.6806 temp=0.59 total_env_steps=5575 t=0.05s
Ep  157: len= 26 白胜 loss=27.4621 temp=0.58 total_env_steps=5601 t=0.06s
Ep  158: len= 16 白胜 loss=27.8086 temp=0.57 total_env_steps=5617 t=0.04s
Ep  159: len= 38 白胜 loss=27.4826 temp=0.56 total_env_steps=5655 t=0.08s
Ep  160: len= 21 黑胜 loss=27.5563 temp=0.56 total_env_steps=5676 t=0.05s
Ep  161: len= 24 白胜 loss=27.7515 temp=0.55 total_env_steps=5700 t=0.06s
Ep  162: len= 22 白胜 loss=27.7151 temp=0.54 total_env_steps=5722 t=0.05s
Ep  163: len= 47 黑胜 loss=27.7389 temp=0.53 total_env_steps=5769 t=0.09s
Ep  164: len= 29 黑胜 loss=27.6994 temp=0.53 total_env_steps=5798 t=0.07s
Ep  165: len= 32 白胜 loss=27.6820 temp=0.52 total_env_steps=5830 t=0.07s
Ep  166: len= 36 白胜 loss=27.7071 temp=0.51 total_env_steps=5866 t=0.08s
Ep  167: len= 31 黑胜 loss=27.7019 temp=0.50 total_env_steps=5897 t=0.06s
Ep  168: len= 22 白胜 loss=27.7813 temp=0.50 total_env_steps=5919 t=0.05s
Ep  169: len= 29 黑胜 loss=27.4056 temp=0.49 total_env_steps=5948 t=0.06s
Ep  170: len= 38 白胜 loss=27.8532 temp=0.48 total_env_steps=5986 t=0.08s
Ep  171: len= 36 白胜 loss=27.6053 temp=0.48 total_env_steps=6022 t=0.07s
Ep  172: len= 37 黑胜 loss=27.7199 temp=0.47 total_env_steps=6059 t=0.08s
Ep  173: len= 59 黑胜 loss=27.4751 temp=0.46 total_env_steps=6118 t=0.11s
Ep  174: len= 22 白胜 loss=27.5341 temp=0.45 total_env_steps=6140 t=0.06s
Ep  175: len= 38 白胜 loss=27.7812 temp=0.44 total_env_steps=6178 t=0.08s
Ep  176: len= 38 白胜 loss=27.8269 temp=0.44 total_env_steps=6216 t=0.08s
Ep  177: len= 39 黑胜 loss=27.7504 temp=0.43 total_env_steps=6255 t=0.08s
Ep  178: len= 33 黑胜 loss=27.6251 temp=0.42 total_env_steps=6288 t=0.07s
Ep  179: len= 21 黑胜 loss=27.5027 temp=0.42 total_env_steps=6309 t=0.05s
Ep  180: len= 41 黑胜 loss=27.7313 temp=0.41 total_env_steps=6350 t=0.08s
Ep  181: len= 23 黑胜 loss=27.6699 temp=0.40 total_env_steps=6373 t=0.05s
Ep  182: len= 33 黑胜 loss=27.7397 temp=0.39 total_env_steps=6406 t=0.07s
Ep  183: len= 55 黑胜 loss=27.6840 temp=0.38 total_env_steps=6461 t=0.11s
Ep  184: len= 19 黑胜 loss=27.6226 temp=0.38 total_env_steps=6480 t=0.05s
Ep  185: len= 36 白胜 loss=27.5737 temp=0.37 total_env_steps=6516 t=0.08s
Ep  186: len= 47 黑胜 loss=27.8907 temp=0.36 total_env_steps=6563 t=0.10s
Ep  187: len= 27 黑胜 loss=27.5579 temp=0.36 total_env_steps=6590 t=0.06s
Ep  188: len= 41 黑胜 loss=27.5657 temp=0.35 total_env_steps=6631 t=0.09s
Ep  189: len= 31 黑胜 loss=27.6838 temp=0.34 total_env_steps=6662 t=0.07s
Ep  190: len= 29 黑胜 loss=27.8875 temp=0.33 total_env_steps=6691 t=0.06s
Ep  191: len= 25 黑胜 loss=27.7059 temp=0.33 total_env_steps=6716 t=0.05s
Ep  192: len= 25 黑胜 loss=27.3855 temp=0.32 total_env_steps=6741 t=0.06s
Ep  193: len= 42 白胜 loss=27.3488 temp=0.31 total_env_steps=6783 t=0.10s
Ep  194: len= 34 白胜 loss=27.7707 temp=0.30 total_env_steps=6817 t=0.08s
Ep  195: len= 28 白胜 loss=27.4548 temp=0.30 total_env_steps=6845 t=0.06s
Ep  196: len= 27 黑胜 loss=27.7504 temp=0.29 total_env_steps=6872 t=0.06s
Ep  197: len= 18 白胜 loss=27.7385 temp=0.28 total_env_steps=6890 t=0.05s
Ep  198: len= 35 黑胜 loss=27.4198 temp=0.27 total_env_steps=6925 t=0.07s
Ep  199: len= 45 黑胜 loss=27.3686 temp=0.26 total_env_steps=6970 t=0.10s
Ep  200: len= 47 黑胜 loss=27.4474 temp=0.26 total_env_steps=7017 t=0.09s
  eval vs Gomoku-random-v0: win_rate=0.90 mean_return=0.80（20 局，total_env_steps=7017）
  📸 已拍权重快照（ep=200，gating 对弈基准）
Ep  201: len= 32 白胜 loss=27.2968 temp=0.25 total_env_steps=7049 t=0.07s
Ep  202: len= 18 白胜 loss=27.6085 temp=0.25 total_env_steps=7067 t=0.05s
Ep  203: len= 42 白胜 loss=27.4010 temp=0.25 total_env_steps=7109 t=0.09s
Ep  204: len= 34 白胜 loss=27.6635 temp=0.25 total_env_steps=7143 t=0.07s
Ep  205: len= 29 黑胜 loss=27.5130 temp=0.25 total_env_steps=7172 t=0.07s
Ep  206: len= 27 黑胜 loss=27.3982 temp=0.25 total_env_steps=7199 t=0.06s
Ep  207: len= 30 白胜 loss=27.7171 temp=0.25 total_env_steps=7229 t=0.07s
Ep  208: len= 37 黑胜 loss=27.1782 temp=0.25 total_env_steps=7266 t=0.07s
Ep  209: len= 34 白胜 loss=27.5650 temp=0.25 total_env_steps=7300 t=0.07s
Ep  210: len= 21 黑胜 loss=27.4259 temp=0.25 total_env_steps=7321 t=0.05s
Ep  211: len= 34 白胜 loss=27.4617 temp=0.25 total_env_steps=7355 t=0.08s
Ep  212: len= 24 白胜 loss=27.2582 temp=0.25 total_env_steps=7379 t=0.06s
Ep  213: len= 27 黑胜 loss=27.4563 temp=0.25 total_env_steps=7406 t=0.06s
Ep  214: len= 16 白胜 loss=27.4457 temp=0.25 total_env_steps=7422 t=0.04s
Ep  215: len= 28 白胜 loss=27.3447 temp=0.25 total_env_steps=7450 t=0.06s
Ep  216: len= 20 白胜 loss=26.9514 temp=0.25 total_env_steps=7470 t=0.05s
Ep  217: len= 36 白胜 loss=27.3327 temp=0.25 total_env_steps=7506 t=0.07s
Ep  218: len= 33 黑胜 loss=27.2972 temp=0.25 total_env_steps=7539 t=0.07s
Ep  219: len= 30 白胜 loss=27.3275 temp=0.25 total_env_steps=7569 t=0.07s
Ep  220: len= 28 白胜 loss=27.2573 temp=0.25 total_env_steps=7597 t=0.06s
Ep  221: len= 26 白胜 loss=27.5134 temp=0.25 total_env_steps=7623 t=0.07s
Ep  222: len= 19 黑胜 loss=27.3573 temp=0.25 total_env_steps=7642 t=0.05s
Ep  223: len= 26 白胜 loss=27.4480 temp=0.25 total_env_steps=7668 t=0.06s
Ep  224: len= 22 白胜 loss=27.5109 temp=0.25 total_env_steps=7690 t=0.05s
Ep  225: len= 20 白胜 loss=27.2927 temp=0.25 total_env_steps=7710 t=0.05s
Ep  226: len= 39 黑胜 loss=27.1811 temp=0.25 total_env_steps=7749 t=0.08s
Ep  227: len= 45 黑胜 loss=27.3298 temp=0.25 total_env_steps=7794 t=0.09s
Ep  228: len= 30 白胜 loss=27.1509 temp=0.25 total_env_steps=7824 t=0.07s
Ep  229: len= 16 白胜 loss=27.3368 temp=0.25 total_env_steps=7840 t=0.05s
Ep  230: len= 25 黑胜 loss=26.9917 temp=0.25 total_env_steps=7865 t=0.06s
Ep  231: len= 40 白胜 loss=27.0709 temp=0.25 total_env_steps=7905 t=0.08s
Ep  232: len= 36 白胜 loss=27.2494 temp=0.25 total_env_steps=7941 t=0.08s
Ep  233: len= 24 白胜 loss=27.1506 temp=0.25 total_env_steps=7965 t=0.06s
Ep  234: len= 38 白胜 loss=27.1236 temp=0.25 total_env_steps=8003 t=0.08s
Ep  235: len= 40 白胜 loss=26.9521 temp=0.25 total_env_steps=8043 t=0.08s
Ep  236: len= 42 白胜 loss=26.6007 temp=0.25 total_env_steps=8085 t=0.08s
Ep  237: len= 18 白胜 loss=27.2900 temp=0.25 total_env_steps=8103 t=0.05s
Ep  238: len= 16 白胜 loss=27.2777 temp=0.25 total_env_steps=8119 t=0.04s
Ep  239: len= 15 黑胜 loss=27.0089 temp=0.25 total_env_steps=8134 t=0.04s
Ep  240: len= 44 白胜 loss=26.8382 temp=0.25 total_env_steps=8178 t=0.09s
Ep  241: len= 26 白胜 loss=26.8976 temp=0.25 total_env_steps=8204 t=0.06s
Ep  242: len= 22 白胜 loss=26.2124 temp=0.25 total_env_steps=8226 t=0.06s
Ep  243: len= 25 黑胜 loss=27.1978 temp=0.25 total_env_steps=8251 t=0.06s
Ep  244: len= 35 黑胜 loss=27.3488 temp=0.25 total_env_steps=8286 t=0.08s
Ep  245: len= 38 白胜 loss=26.9211 temp=0.25 total_env_steps=8324 t=0.11s
Ep  246: len= 16 白胜 loss=27.0757 temp=0.25 total_env_steps=8340 t=0.04s
Ep  247: len= 26 白胜 loss=27.3277 temp=0.25 total_env_steps=8366 t=0.06s
Ep  248: len= 30 白胜 loss=27.2784 temp=0.25 total_env_steps=8396 t=0.07s
Ep  249: len= 33 黑胜 loss=27.3124 temp=0.25 total_env_steps=8429 t=0.07s
Ep  250: len= 28 白胜 loss=27.4095 temp=0.25 total_env_steps=8457 t=0.06s
  eval vs Gomoku-random-v0: win_rate=1.00 mean_return=1.00（20 局，total_env_steps=8457）
Ep  251: len= 19 黑胜 loss=27.1481 temp=0.25 total_env_steps=8476 t=0.05s
Ep  252: len= 36 白胜 loss=27.3843 temp=0.25 total_env_steps=8512 t=0.08s
Ep  253: len= 20 白胜 loss=26.6330 temp=0.25 total_env_steps=8532 t=0.05s
Ep  254: len= 22 白胜 loss=26.5130 temp=0.25 total_env_steps=8554 t=0.06s
Ep  255: len= 24 白胜 loss=27.0660 temp=0.25 total_env_steps=8578 t=0.06s
Ep  256: len= 25 黑胜 loss=26.4101 temp=0.25 total_env_steps=8603 t=0.06s
Ep  257: len= 22 白胜 loss=26.6003 temp=0.25 total_env_steps=8625 t=0.06s
Ep  258: len= 30 白胜 loss=26.5721 temp=0.25 total_env_steps=8655 t=0.07s
Ep  259: len= 32 白胜 loss=26.8226 temp=0.25 total_env_steps=8687 t=0.07s
Ep  260: len= 19 黑胜 loss=26.7971 temp=0.25 total_env_steps=8706 t=0.06s
Ep  261: len= 31 黑胜 loss=26.1314 temp=0.25 total_env_steps=8737 t=0.07s
Ep  262: len= 19 黑胜 loss=26.3781 temp=0.25 total_env_steps=8756 t=0.05s
Ep  263: len= 32 白胜 loss=26.8016 temp=0.25 total_env_steps=8788 t=0.08s
Ep  264: len= 18 白胜 loss=26.4481 temp=0.25 total_env_steps=8806 t=0.05s
Ep  265: len= 31 黑胜 loss=26.4021 temp=0.25 total_env_steps=8837 t=0.07s
Ep  266: len= 25 黑胜 loss=26.3600 temp=0.25 total_env_steps=8862 t=0.06s
Ep  267: len= 24 白胜 loss=26.1979 temp=0.25 total_env_steps=8886 t=0.06s
Ep  268: len= 17 黑胜 loss=26.4858 temp=0.25 total_env_steps=8903 t=0.05s
Ep  269: len= 47 黑胜 loss=26.2836 temp=0.25 total_env_steps=8950 t=0.10s
Ep  270: len= 32 白胜 loss=26.7028 temp=0.25 total_env_steps=8982 t=0.07s
Ep  271: len= 39 黑胜 loss=26.2274 temp=0.25 total_env_steps=9021 t=0.09s
Ep  272: len= 18 白胜 loss=26.7498 temp=0.25 total_env_steps=9039 t=0.05s
Ep  273: len= 28 白胜 loss=25.5702 temp=0.25 total_env_steps=9067 t=0.07s
Ep  274: len= 32 白胜 loss=26.4007 temp=0.25 total_env_steps=9099 t=0.08s
Ep  275: len= 27 黑胜 loss=26.1695 temp=0.25 total_env_steps=9126 t=0.07s
Ep  276: len= 19 黑胜 loss=26.2414 temp=0.25 total_env_steps=9145 t=0.05s
Ep  277: len= 21 黑胜 loss=26.2194 temp=0.25 total_env_steps=9166 t=0.06s
Ep  278: len= 18 白胜 loss=26.8867 temp=0.25 total_env_steps=9184 t=0.05s
Ep  279: len= 31 黑胜 loss=26.4200 temp=0.25 total_env_steps=9215 t=0.07s
Ep  280: len= 31 黑胜 loss=26.0968 temp=0.25 total_env_steps=9246 t=0.07s
Ep  281: len= 30 白胜 loss=25.6799 temp=0.25 total_env_steps=9276 t=0.07s
Ep  282: len= 30 白胜 loss=26.4141 temp=0.25 total_env_steps=9306 t=0.07s
Ep  283: len= 42 白胜 loss=26.4029 temp=0.25 total_env_steps=9348 t=0.09s
Ep  284: len= 19 黑胜 loss=26.4928 temp=0.25 total_env_steps=9367 t=0.05s
Ep  285: len= 20 白胜 loss=26.1226 temp=0.25 total_env_steps=9387 t=0.06s
Ep  286: len= 27 黑胜 loss=25.5515 temp=0.25 total_env_steps=9414 t=0.07s
Ep  287: len= 50 白胜 loss=26.0577 temp=0.25 total_env_steps=9464 t=0.10s
Ep  288: len= 18 白胜 loss=25.9036 temp=0.25 total_env_steps=9482 t=0.05s
Ep  289: len= 16 白胜 loss=25.6437 temp=0.25 total_env_steps=9498 t=0.05s
Ep  290: len= 29 黑胜 loss=26.0202 temp=0.25 total_env_steps=9527 t=0.07s
Ep  291: len= 27 黑胜 loss=25.7518 temp=0.25 total_env_steps=9554 t=0.06s
Ep  292: len= 27 黑胜 loss=26.5894 temp=0.25 total_env_steps=9581 t=0.06s
Ep  293: len= 37 黑胜 loss=25.4940 temp=0.25 total_env_steps=9618 t=0.08s
Ep  294: len= 22 白胜 loss=26.0298 temp=0.25 total_env_steps=9640 t=0.05s
Ep  295: len= 20 白胜 loss=25.8730 temp=0.25 total_env_steps=9660 t=0.05s
Ep  296: len= 20 白胜 loss=25.7879 temp=0.25 total_env_steps=9680 t=0.05s
Ep  297: len= 35 黑胜 loss=24.9155 temp=0.25 total_env_steps=9715 t=0.07s
Ep  298: len= 33 黑胜 loss=25.1301 temp=0.25 total_env_steps=9748 t=0.07s
Ep  299: len= 43 黑胜 loss=25.5278 temp=0.25 total_env_steps=9791 t=0.09s
Ep  300: len= 53 黑胜 loss=25.8586 temp=0.25 total_env_steps=9844 t=0.10s
  eval vs Gomoku-random-v0: win_rate=1.00 mean_return=1.00（20 局，total_env_steps=9844）
Ep  301: len= 34 白胜 loss=25.1412 temp=0.25 total_env_steps=9878 t=0.07s
Ep  302: len= 27 黑胜 loss=25.8271 temp=0.25 total_env_steps=9905 t=0.06s
Ep  303: len= 25 黑胜 loss=25.9668 temp=0.25 total_env_steps=9930 t=0.06s
Ep  304: len= 28 白胜 loss=25.9309 temp=0.25 total_env_steps=9958 t=0.06s
Ep  305: len= 32 白胜 loss=26.1400 temp=0.25 total_env_steps=9990 t=0.07s
Ep  306: len= 20 白胜 loss=26.2611 temp=0.25 total_env_steps=10010 t=0.05s
Ep  307: len= 33 黑胜 loss=25.6458 temp=0.25 total_env_steps=10043 t=0.07s
Ep  308: len= 11 黑胜 loss=25.7938 temp=0.25 total_env_steps=10054 t=0.03s
Ep  309: len= 36 白胜 loss=25.6196 temp=0.25 total_env_steps=10090 t=0.08s
Ep  310: len= 24 白胜 loss=25.5351 temp=0.25 total_env_steps=10114 t=0.06s
Ep  311: len= 27 黑胜 loss=25.4011 temp=0.25 total_env_steps=10141 t=0.06s
Ep  312: len= 35 黑胜 loss=25.0124 temp=0.25 total_env_steps=10176 t=0.08s
Ep  313: len= 21 黑胜 loss=25.1341 temp=0.25 total_env_steps=10197 t=0.06s
Ep  314: len= 16 白胜 loss=25.8758 temp=0.25 total_env_steps=10213 t=0.05s
Ep  315: len= 36 白胜 loss=25.9258 temp=0.25 total_env_steps=10249 t=0.08s
Ep  316: len= 24 白胜 loss=25.5553 temp=0.25 total_env_steps=10273 t=0.06s
Ep  317: len= 31 黑胜 loss=25.4120 temp=0.25 total_env_steps=10304 t=0.08s
Ep  318: len= 25 黑胜 loss=24.7646 temp=0.25 total_env_steps=10329 t=0.07s
Ep  319: len= 22 白胜 loss=25.8414 temp=0.25 total_env_steps=10351 t=0.05s
Ep  320: len= 16 白胜 loss=25.6127 temp=0.25 total_env_steps=10367 t=0.04s
Ep  321: len= 28 白胜 loss=24.7863 temp=0.25 total_env_steps=10395 t=0.07s
Ep  322: len= 33 黑胜 loss=25.1693 temp=0.25 total_env_steps=10428 t=0.07s
Ep  323: len= 21 黑胜 loss=24.9414 temp=0.25 total_env_steps=10449 t=0.05s
Ep  324: len= 27 黑胜 loss=24.1030 temp=0.25 total_env_steps=10476 t=0.06s
Ep  325: len= 43 黑胜 loss=25.1346 temp=0.25 total_env_steps=10519 t=0.09s
Ep  326: len= 31 黑胜 loss=24.3693 temp=0.25 total_env_steps=10550 t=0.07s
Ep  327: len= 27 黑胜 loss=24.9426 temp=0.25 total_env_steps=10577 t=0.06s
Ep  328: len= 15 黑胜 loss=24.2854 temp=0.25 total_env_steps=10592 t=0.04s
Ep  329: len= 32 白胜 loss=24.1562 temp=0.25 total_env_steps=10624 t=0.07s
Ep  330: len= 14 白胜 loss=25.2850 temp=0.25 total_env_steps=10638 t=0.04s
Ep  331: len= 35 黑胜 loss=24.8344 temp=0.25 total_env_steps=10673 t=0.07s
Ep  332: len= 21 黑胜 loss=24.1689 temp=0.25 total_env_steps=10694 t=0.05s
Ep  333: len= 14 白胜 loss=25.1148 temp=0.25 total_env_steps=10708 t=0.04s
Ep  334: len= 38 白胜 loss=25.4359 temp=0.25 total_env_steps=10746 t=0.08s
Ep  335: len= 36 白胜 loss=25.0130 temp=0.25 total_env_steps=10782 t=0.08s
Ep  336: len= 48 白胜 loss=25.6872 temp=0.25 total_env_steps=10830 t=0.10s
Ep  337: len= 26 白胜 loss=24.6126 temp=0.25 total_env_steps=10856 t=0.06s
Ep  338: len= 26 白胜 loss=24.7969 temp=0.25 total_env_steps=10882 t=0.06s
Ep  339: len= 35 黑胜 loss=25.2033 temp=0.25 total_env_steps=10917 t=0.08s
Ep  340: len= 29 黑胜 loss=23.8785 temp=0.25 total_env_steps=10946 t=0.07s
Ep  341: len= 36 白胜 loss=24.7559 temp=0.25 total_env_steps=10982 t=0.09s
Ep  342: len= 27 黑胜 loss=24.1631 temp=0.25 total_env_steps=11009 t=0.07s
Ep  343: len= 17 黑胜 loss=24.5343 temp=0.25 total_env_steps=11026 t=0.05s
Ep  344: len= 42 白胜 loss=24.0531 temp=0.25 total_env_steps=11068 t=0.10s
Ep  345: len= 29 黑胜 loss=24.0705 temp=0.25 total_env_steps=11097 t=0.07s
Ep  346: len= 14 白胜 loss=24.6208 temp=0.25 total_env_steps=11111 t=0.04s
Ep  347: len= 31 黑胜 loss=23.9340 temp=0.25 total_env_steps=11142 t=0.07s
Ep  348: len= 28 白胜 loss=24.4029 temp=0.25 total_env_steps=11170 t=0.07s
Ep  349: len= 16 白胜 loss=24.6964 temp=0.25 total_env_steps=11186 t=0.05s
Ep  350: len= 30 白胜 loss=24.7890 temp=0.25 total_env_steps=11216 t=0.07s
  eval vs Gomoku-random-v0: win_rate=0.95 mean_return=0.90（20 局，total_env_steps=11216）
Ep  351: len= 39 黑胜 loss=23.9279 temp=0.25 total_env_steps=11255 t=0.08s
Ep  352: len= 39 黑胜 loss=24.0970 temp=0.25 total_env_steps=11294 t=0.09s
Ep  353: len= 28 白胜 loss=24.7262 temp=0.25 total_env_steps=11322 t=0.07s
Ep  354: len= 15 黑胜 loss=24.4908 temp=0.25 total_env_steps=11337 t=0.04s
Ep  355: len= 24 白胜 loss=24.5404 temp=0.25 total_env_steps=11361 t=0.06s
Ep  356: len= 30 白胜 loss=24.2916 temp=0.25 total_env_steps=11391 t=0.07s
Ep  357: len= 37 黑胜 loss=24.5756 temp=0.25 total_env_steps=11428 t=0.08s
Ep  358: len= 22 白胜 loss=23.5100 temp=0.25 total_env_steps=11450 t=0.06s
Ep  359: len= 22 白胜 loss=23.5866 temp=0.25 total_env_steps=11472 t=0.05s
Ep  360: len= 35 黑胜 loss=24.3076 temp=0.25 total_env_steps=11507 t=0.08s
Ep  361: len= 20 白胜 loss=24.2458 temp=0.25 total_env_steps=11527 t=0.05s
Ep  362: len= 24 白胜 loss=24.3672 temp=0.25 total_env_steps=11551 t=0.06s
Ep  363: len= 43 黑胜 loss=24.6866 temp=0.25 total_env_steps=11594 t=0.09s
Ep  364: len= 40 白胜 loss=24.4375 temp=0.25 total_env_steps=11634 t=0.08s
Ep  365: len= 20 白胜 loss=24.4492 temp=0.25 total_env_steps=11654 t=0.05s
Ep  366: len= 20 白胜 loss=23.0673 temp=0.25 total_env_steps=11674 t=0.05s
Ep  367: len= 39 黑胜 loss=24.6910 temp=0.25 total_env_steps=11713 t=0.08s
Ep  368: len= 25 黑胜 loss=24.5926 temp=0.25 total_env_steps=11738 t=0.06s
Ep  369: len= 37 黑胜 loss=24.7119 temp=0.25 total_env_steps=11775 t=0.08s
Ep  370: len= 21 黑胜 loss=23.5156 temp=0.25 total_env_steps=11796 t=0.06s
Ep  371: len= 34 白胜 loss=24.5724 temp=0.25 total_env_steps=11830 t=0.08s
Ep  372: len= 22 白胜 loss=24.2091 temp=0.25 total_env_steps=11852 t=0.06s
Ep  373: len= 30 白胜 loss=24.4356 temp=0.25 total_env_steps=11882 t=0.07s
Ep  374: len= 47 黑胜 loss=25.1289 temp=0.25 total_env_steps=11929 t=0.10s
Ep  375: len= 33 黑胜 loss=24.4699 temp=0.25 total_env_steps=11962 t=0.07s
Ep  376: len= 53 黑胜 loss=24.0333 temp=0.25 total_env_steps=12015 t=0.11s
Ep  377: len= 22 白胜 loss=24.3002 temp=0.25 total_env_steps=12037 t=0.05s
Ep  378: len= 48 白胜 loss=24.7119 temp=0.25 total_env_steps=12085 t=0.10s
Ep  379: len= 17 黑胜 loss=23.4737 temp=0.25 total_env_steps=12102 t=0.05s
Ep  380: len= 32 白胜 loss=23.7846 temp=0.25 total_env_steps=12134 t=0.08s
Ep  381: len= 27 黑胜 loss=24.4275 temp=0.25 total_env_steps=12161 t=0.07s
Ep  382: len= 28 白胜 loss=24.8251 temp=0.25 total_env_steps=12189 t=0.07s
Ep  383: len= 53 黑胜 loss=24.0506 temp=0.25 total_env_steps=12242 t=0.11s
Ep  384: len= 35 黑胜 loss=24.3384 temp=0.25 total_env_steps=12277 t=0.07s
Ep  385: len= 34 白胜 loss=24.3345 temp=0.25 total_env_steps=12311 t=0.07s
Ep  386: len= 15 黑胜 loss=23.9396 temp=0.25 total_env_steps=12326 t=0.04s
Ep  387: len= 22 白胜 loss=23.9484 temp=0.25 total_env_steps=12348 t=0.05s
Ep  388: len= 34 白胜 loss=23.0791 temp=0.25 total_env_steps=12382 t=0.08s
Ep  389: len= 41 黑胜 loss=25.4439 temp=0.25 total_env_steps=12423 t=0.08s
Ep  390: len= 26 白胜 loss=24.5736 temp=0.25 total_env_steps=12449 t=0.06s
Ep  391: len= 26 白胜 loss=23.1354 temp=0.25 total_env_steps=12475 t=0.06s
Ep  392: len= 50 白胜 loss=24.5637 temp=0.25 total_env_steps=12525 t=0.10s
Ep  393: len= 33 黑胜 loss=24.0321 temp=0.25 total_env_steps=12558 t=0.08s
Ep  394: len= 35 黑胜 loss=24.4557 temp=0.25 total_env_steps=12593 t=0.08s
Ep  395: len= 37 黑胜 loss=23.8811 temp=0.25 total_env_steps=12630 t=0.08s
Ep  396: len= 20 白胜 loss=24.3982 temp=0.25 total_env_steps=12650 t=0.05s
Ep  397: len= 46 白胜 loss=23.5536 temp=0.25 total_env_steps=12696 t=0.09s
Ep  398: len= 15 黑胜 loss=25.0244 temp=0.25 total_env_steps=12711 t=0.04s
Ep  399: len= 16 白胜 loss=24.6297 temp=0.25 total_env_steps=12727 t=0.05s
Ep  400: len= 30 白胜 loss=24.3076 temp=0.25 total_env_steps=12757 t=0.07s
  eval vs Gomoku-random-v0: win_rate=0.95 mean_return=0.90（20 局，total_env_steps=12757）
[闸门] vs random（40 局）: win_rate=0.900
[闸门] vs 半程快照（40 局，黑白各半）: score=0.375
[梯队] vs naive0（20 局，观察性）: win_rate=0.00
[梯队] vs naive1（20 局，观察性）: win_rate=0.00
[梯队] vs naive2（20 局，观察性）: win_rate=0.00
[梯队] vs naive3（20 局，观察性）: win_rate=0.00
📈 Gomoku-selfplay-v0 win_rate=0.95（best 1.00）| 门槛 0.95 | 39.0s

--- arm=true_rules seed=44 sims=100 ---
[MyZero-board Gomoku-selfplay-v0] obs=243(3×9²) |A|=81 sims=100 γ=1.0 negamax
[MyZero-board] 树内真规则开启（AlphaZero 式诊断；训练侧不变）
Ep    1: len= 33 黑胜 loss=0.0000 temp=1.00 total_env_steps=33 t=0.06s
Ep    2: len= 15 黑胜 loss=0.0000 temp=1.00 total_env_steps=48 t=0.03s
Ep    3: len= 39 黑胜 loss=0.0000 temp=1.00 total_env_steps=87 t=0.07s
Ep    4: len= 17 黑胜 loss=0.0000 temp=1.00 total_env_steps=104 t=0.03s
Ep    5: len= 47 黑胜 loss=0.0000 temp=1.00 total_env_steps=151 t=0.08s
Ep    6: len= 40 白胜 loss=0.0000 temp=1.00 total_env_steps=191 t=0.07s
Ep    7: len= 49 黑胜 loss=0.0000 temp=1.00 total_env_steps=240 t=0.08s
Ep    8: len= 21 黑胜 loss=0.0000 temp=1.00 total_env_steps=261 t=0.04s
Ep    9: len= 46 白胜 loss=0.0000 temp=1.00 total_env_steps=307 t=0.08s
Ep   10: len= 36 白胜 loss=37.2602 temp=1.00 total_env_steps=343 t=0.08s
Ep   11: len= 46 白胜 loss=28.7009 temp=1.00 total_env_steps=389 t=0.09s
Ep   12: len= 37 黑胜 loss=28.4920 temp=1.00 total_env_steps=426 t=0.08s
Ep   13: len= 22 白胜 loss=28.2056 temp=1.00 total_env_steps=448 t=0.05s
Ep   14: len= 48 白胜 loss=28.7352 temp=1.00 total_env_steps=496 t=0.09s
Ep   15: len= 40 白胜 loss=28.3135 temp=1.00 total_env_steps=536 t=0.08s
Ep   16: len= 53 黑胜 loss=28.2947 temp=1.00 total_env_steps=589 t=0.10s
Ep   17: len= 41 黑胜 loss=28.7048 temp=1.00 total_env_steps=630 t=0.08s
Ep   18: len= 38 白胜 loss=28.0895 temp=1.00 total_env_steps=668 t=0.07s
Ep   19: len= 27 黑胜 loss=28.2087 temp=1.00 total_env_steps=695 t=0.06s
Ep   20: len= 45 黑胜 loss=28.7494 temp=1.00 total_env_steps=740 t=0.09s
Ep   21: len= 50 白胜 loss=28.2462 temp=1.00 total_env_steps=790 t=0.09s
Ep   22: len= 26 白胜 loss=28.8437 temp=1.00 total_env_steps=816 t=0.05s
Ep   23: len= 23 黑胜 loss=28.2113 temp=1.00 total_env_steps=839 t=0.05s
Ep   24: len= 25 黑胜 loss=28.2611 temp=1.00 total_env_steps=864 t=0.05s
Ep   25: len= 27 黑胜 loss=28.2137 temp=1.00 total_env_steps=891 t=0.06s
Ep   26: len= 35 黑胜 loss=28.2988 temp=1.00 total_env_steps=926 t=0.07s
Ep   27: len= 36 白胜 loss=27.9287 temp=1.00 total_env_steps=962 t=0.08s
Ep   28: len= 27 黑胜 loss=28.0983 temp=1.00 total_env_steps=989 t=0.06s
Ep   29: len= 37 黑胜 loss=28.0027 temp=1.00 total_env_steps=1026 t=0.08s
Ep   30: len= 37 黑胜 loss=27.9033 temp=1.00 total_env_steps=1063 t=0.08s
Ep   31: len= 28 白胜 loss=28.1127 temp=1.00 total_env_steps=1091 t=0.06s
Ep   32: len= 46 白胜 loss=27.9937 temp=1.00 total_env_steps=1137 t=0.09s
Ep   33: len= 38 白胜 loss=28.1136 temp=1.00 total_env_steps=1175 t=0.07s
Ep   34: len= 42 白胜 loss=28.0819 temp=1.00 total_env_steps=1217 t=0.09s
Ep   35: len= 39 黑胜 loss=27.9156 temp=1.00 total_env_steps=1256 t=0.08s
Ep   36: len= 38 白胜 loss=28.1486 temp=1.00 total_env_steps=1294 t=0.08s
Ep   37: len= 30 白胜 loss=28.1358 temp=1.00 total_env_steps=1324 t=0.06s
Ep   38: len= 25 黑胜 loss=28.0069 temp=1.00 total_env_steps=1349 t=0.06s
Ep   39: len= 32 白胜 loss=28.0068 temp=1.00 total_env_steps=1381 t=0.06s
Ep   40: len= 42 白胜 loss=28.1933 temp=1.00 total_env_steps=1423 t=0.08s
Ep   41: len= 33 黑胜 loss=28.0994 temp=1.00 total_env_steps=1456 t=0.07s
Ep   42: len= 41 黑胜 loss=28.0982 temp=1.00 total_env_steps=1497 t=0.08s
Ep   43: len= 25 黑胜 loss=27.9844 temp=1.00 total_env_steps=1522 t=0.05s
Ep   44: len= 35 黑胜 loss=28.1106 temp=1.00 total_env_steps=1557 t=0.07s
Ep   45: len= 40 白胜 loss=28.2531 temp=1.00 total_env_steps=1597 t=0.08s
Ep   46: len= 35 黑胜 loss=27.9345 temp=1.00 total_env_steps=1632 t=0.07s
Ep   47: len= 28 白胜 loss=27.8862 temp=1.00 total_env_steps=1660 t=0.06s
Ep   48: len= 44 白胜 loss=28.0262 temp=1.00 total_env_steps=1704 t=0.08s
Ep   49: len= 31 黑胜 loss=27.9250 temp=1.00 total_env_steps=1735 t=0.06s
Ep   50: len= 31 黑胜 loss=27.7941 temp=1.00 total_env_steps=1766 t=0.06s
  eval vs Gomoku-random-v0: win_rate=0.95 mean_return=0.90（20 局，total_env_steps=1766）
  ✅ 达标 ep=50 total_env_steps=1766
Ep   51: len= 37 黑胜 loss=27.8076 temp=1.00 total_env_steps=1803 t=0.07s
Ep   52: len= 22 白胜 loss=27.9882 temp=1.00 total_env_steps=1825 t=0.05s
Ep   53: len= 30 白胜 loss=27.9221 temp=1.00 total_env_steps=1855 t=0.06s
Ep   54: len= 22 白胜 loss=27.9066 temp=1.00 total_env_steps=1877 t=0.05s
Ep   55: len= 36 白胜 loss=27.9378 temp=1.00 total_env_steps=1913 t=0.07s
Ep   56: len= 29 黑胜 loss=28.1756 temp=1.00 total_env_steps=1942 t=0.06s
Ep   57: len= 42 白胜 loss=28.1475 temp=1.00 total_env_steps=1984 t=0.09s
Ep   58: len= 39 黑胜 loss=28.0173 temp=1.00 total_env_steps=2023 t=0.08s
Ep   59: len= 34 白胜 loss=27.8530 temp=1.00 total_env_steps=2057 t=0.07s
Ep   60: len= 58 白胜 loss=28.0115 temp=1.00 total_env_steps=2115 t=0.11s
Ep   61: len= 35 黑胜 loss=27.9919 temp=1.00 total_env_steps=2150 t=0.07s
Ep   62: len= 29 黑胜 loss=27.8529 temp=1.00 total_env_steps=2179 t=0.06s
Ep   63: len= 25 黑胜 loss=28.2606 temp=1.00 total_env_steps=2204 t=0.06s
Ep   64: len= 29 黑胜 loss=27.9562 temp=1.00 total_env_steps=2233 t=0.06s
Ep   65: len= 48 白胜 loss=27.9145 temp=1.00 total_env_steps=2281 t=0.09s
Ep   66: len= 35 黑胜 loss=27.8573 temp=1.00 total_env_steps=2316 t=0.07s
Ep   67: len= 42 白胜 loss=28.0425 temp=1.00 total_env_steps=2358 t=0.08s
Ep   68: len= 27 黑胜 loss=27.9687 temp=1.00 total_env_steps=2385 t=0.06s
Ep   69: len= 42 白胜 loss=28.0534 temp=1.00 total_env_steps=2427 t=0.09s
Ep   70: len= 46 白胜 loss=27.6272 temp=1.00 total_env_steps=2473 t=0.09s
Ep   71: len= 33 黑胜 loss=28.1762 temp=1.00 total_env_steps=2506 t=0.07s
Ep   72: len= 34 白胜 loss=28.0025 temp=1.00 total_env_steps=2540 t=0.07s
Ep   73: len= 47 黑胜 loss=28.1995 temp=1.00 total_env_steps=2587 t=0.09s
Ep   74: len= 32 白胜 loss=28.0411 temp=1.00 total_env_steps=2619 t=0.07s
Ep   75: len= 38 白胜 loss=27.8147 temp=1.00 total_env_steps=2657 t=0.08s
Ep   76: len= 24 白胜 loss=27.8787 temp=1.00 total_env_steps=2681 t=0.05s
Ep   77: len= 34 白胜 loss=27.6459 temp=1.00 total_env_steps=2715 t=0.07s
Ep   78: len= 37 黑胜 loss=28.0186 temp=1.00 total_env_steps=2752 t=0.08s
Ep   79: len= 46 白胜 loss=27.6660 temp=1.00 total_env_steps=2798 t=0.09s
Ep   80: len= 39 黑胜 loss=27.9560 temp=1.00 total_env_steps=2837 t=0.08s
Ep   81: len= 13 黑胜 loss=27.7414 temp=1.00 total_env_steps=2850 t=0.03s
Ep   82: len= 40 白胜 loss=27.8301 temp=1.00 total_env_steps=2890 t=0.08s
Ep   83: len= 43 黑胜 loss=27.7290 temp=1.00 total_env_steps=2933 t=0.09s
Ep   84: len= 40 白胜 loss=27.9929 temp=1.00 total_env_steps=2973 t=0.08s
Ep   85: len= 14 白胜 loss=27.6986 temp=1.00 total_env_steps=2987 t=0.04s
Ep   86: len= 19 黑胜 loss=27.7697 temp=1.00 total_env_steps=3006 t=0.05s
Ep   87: len= 24 白胜 loss=27.9590 temp=1.00 total_env_steps=3030 t=0.06s
Ep   88: len= 37 黑胜 loss=28.2676 temp=1.00 total_env_steps=3067 t=0.08s
Ep   89: len= 19 黑胜 loss=27.9596 temp=1.00 total_env_steps=3086 t=0.05s
Ep   90: len= 32 白胜 loss=27.9538 temp=1.00 total_env_steps=3118 t=0.07s
Ep   91: len= 33 黑胜 loss=27.9696 temp=1.00 total_env_steps=3151 t=0.07s
Ep   92: len= 39 黑胜 loss=27.7082 temp=1.00 total_env_steps=3190 t=0.09s
Ep   93: len= 37 黑胜 loss=27.9640 temp=1.00 total_env_steps=3227 t=0.08s
Ep   94: len= 37 黑胜 loss=27.6297 temp=1.00 total_env_steps=3264 t=0.07s
Ep   95: len= 37 黑胜 loss=27.8671 temp=1.00 total_env_steps=3301 t=0.07s
Ep   96: len= 28 白胜 loss=27.8385 temp=1.00 total_env_steps=3329 t=0.06s
Ep   97: len= 45 黑胜 loss=27.7671 temp=1.00 total_env_steps=3374 t=0.08s
Ep   98: len= 31 黑胜 loss=27.7939 temp=1.00 total_env_steps=3405 t=0.07s
Ep   99: len= 31 黑胜 loss=27.9239 temp=1.00 total_env_steps=3436 t=0.07s
Ep  100: len= 39 黑胜 loss=27.8570 temp=1.00 total_env_steps=3475 t=0.08s
  eval vs Gomoku-random-v0: win_rate=1.00 mean_return=1.00（20 局，total_env_steps=3475）
Ep  101: len= 32 白胜 loss=27.8898 temp=1.00 total_env_steps=3507 t=0.07s
Ep  102: len= 23 黑胜 loss=27.9190 temp=0.99 total_env_steps=3530 t=0.05s
Ep  103: len= 40 白胜 loss=28.0481 temp=0.99 total_env_steps=3570 t=0.08s
Ep  104: len= 35 黑胜 loss=27.6128 temp=0.98 total_env_steps=3605 t=0.07s
Ep  105: len= 42 白胜 loss=27.6126 temp=0.97 total_env_steps=3647 t=0.08s
Ep  106: len= 34 白胜 loss=27.9843 temp=0.96 total_env_steps=3681 t=0.07s
Ep  107: len= 25 黑胜 loss=27.7461 temp=0.95 total_env_steps=3706 t=0.05s
Ep  108: len= 37 黑胜 loss=27.7498 temp=0.95 total_env_steps=3743 t=0.08s
Ep  109: len= 32 白胜 loss=27.7296 temp=0.94 total_env_steps=3775 t=0.06s
Ep  110: len= 13 黑胜 loss=28.1887 temp=0.93 total_env_steps=3788 t=0.03s
Ep  111: len= 39 黑胜 loss=27.9199 temp=0.93 total_env_steps=3827 t=0.07s
Ep  112: len= 33 黑胜 loss=27.8628 temp=0.92 total_env_steps=3860 t=0.07s
Ep  113: len= 34 白胜 loss=27.7882 temp=0.91 total_env_steps=3894 t=0.07s
Ep  114: len= 38 白胜 loss=27.7639 temp=0.90 total_env_steps=3932 t=0.07s
Ep  115: len= 32 白胜 loss=27.8062 temp=0.89 total_env_steps=3964 t=0.07s
Ep  116: len= 31 黑胜 loss=27.7722 temp=0.89 total_env_steps=3995 t=0.07s
Ep  117: len= 30 白胜 loss=27.6062 temp=0.88 total_env_steps=4025 t=0.07s
Ep  118: len= 31 黑胜 loss=28.0264 temp=0.87 total_env_steps=4056 t=0.07s
Ep  119: len= 37 黑胜 loss=27.6906 temp=0.87 total_env_steps=4093 t=0.08s
Ep  120: len= 25 黑胜 loss=27.8741 temp=0.86 total_env_steps=4118 t=0.06s
Ep  121: len= 39 黑胜 loss=27.7421 temp=0.85 total_env_steps=4157 t=0.08s
Ep  122: len= 41 黑胜 loss=27.6689 temp=0.84 total_env_steps=4198 t=0.09s
Ep  123: len= 60 白胜 loss=27.9787 temp=0.84 total_env_steps=4258 t=0.11s
Ep  124: len= 33 黑胜 loss=27.9286 temp=0.83 total_env_steps=4291 t=0.07s
Ep  125: len= 29 黑胜 loss=27.8496 temp=0.82 total_env_steps=4320 t=0.06s
Ep  126: len= 24 白胜 loss=27.6163 temp=0.81 total_env_steps=4344 t=0.05s
Ep  127: len= 39 黑胜 loss=28.0845 temp=0.81 total_env_steps=4383 t=0.08s
Ep  128: len= 45 黑胜 loss=27.8311 temp=0.80 total_env_steps=4428 t=0.09s
Ep  129: len= 27 黑胜 loss=27.9187 temp=0.79 total_env_steps=4455 t=0.06s
Ep  130: len= 27 黑胜 loss=27.8912 temp=0.78 total_env_steps=4482 t=0.06s
Ep  131: len= 21 黑胜 loss=27.7071 temp=0.77 total_env_steps=4503 t=0.05s
Ep  132: len= 31 黑胜 loss=27.8083 temp=0.77 total_env_steps=4534 t=0.06s
Ep  133: len= 47 黑胜 loss=27.6169 temp=0.76 total_env_steps=4581 t=0.09s
Ep  134: len= 28 白胜 loss=27.7309 temp=0.75 total_env_steps=4609 t=0.07s
Ep  135: len= 27 黑胜 loss=27.8607 temp=0.75 total_env_steps=4636 t=0.06s
Ep  136: len= 30 白胜 loss=27.8215 temp=0.74 total_env_steps=4666 t=0.06s
Ep  137: len= 47 黑胜 loss=27.6663 temp=0.73 total_env_steps=4713 t=0.09s
Ep  138: len= 44 白胜 loss=27.9317 temp=0.72 total_env_steps=4757 t=0.09s
Ep  139: len= 28 白胜 loss=27.8598 temp=0.72 total_env_steps=4785 t=0.06s
Ep  140: len= 46 白胜 loss=27.8878 temp=0.71 total_env_steps=4831 t=0.09s
Ep  141: len= 39 黑胜 loss=27.7840 temp=0.70 total_env_steps=4870 t=0.08s
Ep  142: len= 25 黑胜 loss=27.7870 temp=0.69 total_env_steps=4895 t=0.06s
Ep  143: len= 34 白胜 loss=27.6752 temp=0.69 total_env_steps=4929 t=0.07s
Ep  144: len= 32 白胜 loss=27.5070 temp=0.68 total_env_steps=4961 t=0.07s
Ep  145: len= 37 黑胜 loss=27.7464 temp=0.67 total_env_steps=4998 t=0.07s
Ep  146: len= 41 黑胜 loss=27.4017 temp=0.66 total_env_steps=5039 t=0.09s
Ep  147: len= 42 白胜 loss=27.9047 temp=0.65 total_env_steps=5081 t=0.09s
Ep  148: len= 23 黑胜 loss=27.7102 temp=0.65 total_env_steps=5104 t=0.05s
Ep  149: len= 42 白胜 loss=27.9604 temp=0.64 total_env_steps=5146 t=0.09s
Ep  150: len= 51 黑胜 loss=27.5811 temp=0.63 total_env_steps=5197 t=0.10s
  eval vs Gomoku-random-v0: win_rate=1.00 mean_return=1.00（20 局，total_env_steps=5197）
Ep  151: len= 17 黑胜 loss=27.5714 temp=0.62 total_env_steps=5214 t=0.04s
Ep  152: len= 24 白胜 loss=27.5529 temp=0.62 total_env_steps=5238 t=0.05s
Ep  153: len= 39 黑胜 loss=27.8421 temp=0.61 total_env_steps=5277 t=0.08s
Ep  154: len= 58 白胜 loss=27.5650 temp=0.60 total_env_steps=5335 t=0.11s
Ep  155: len= 26 白胜 loss=27.9673 temp=0.59 total_env_steps=5361 t=0.06s
Ep  156: len= 30 白胜 loss=27.7391 temp=0.59 total_env_steps=5391 t=0.07s
Ep  157: len= 43 黑胜 loss=27.8658 temp=0.58 total_env_steps=5434 t=0.09s
Ep  158: len= 35 黑胜 loss=27.8366 temp=0.57 total_env_steps=5469 t=0.08s
Ep  159: len= 36 白胜 loss=27.5384 temp=0.56 total_env_steps=5505 t=0.07s
Ep  160: len= 43 黑胜 loss=27.7610 temp=0.56 total_env_steps=5548 t=0.09s
Ep  161: len= 19 黑胜 loss=27.6721 temp=0.55 total_env_steps=5567 t=0.05s
Ep  162: len= 28 白胜 loss=27.3938 temp=0.54 total_env_steps=5595 t=0.07s
Ep  163: len= 39 黑胜 loss=27.8986 temp=0.53 total_env_steps=5634 t=0.08s
Ep  164: len= 37 黑胜 loss=27.6708 temp=0.53 total_env_steps=5671 t=0.07s
Ep  165: len= 54 白胜 loss=27.8704 temp=0.52 total_env_steps=5725 t=0.11s
Ep  166: len= 31 黑胜 loss=27.7735 temp=0.51 total_env_steps=5756 t=0.07s
Ep  167: len= 27 黑胜 loss=27.3958 temp=0.50 total_env_steps=5783 t=0.06s
Ep  168: len= 35 黑胜 loss=27.7038 temp=0.50 total_env_steps=5818 t=0.07s
Ep  169: len= 16 白胜 loss=27.8448 temp=0.49 total_env_steps=5834 t=0.04s
Ep  170: len= 39 黑胜 loss=27.6929 temp=0.48 total_env_steps=5873 t=0.08s
Ep  171: len= 35 黑胜 loss=27.6019 temp=0.48 total_env_steps=5908 t=0.07s
Ep  172: len= 28 白胜 loss=27.6312 temp=0.47 total_env_steps=5936 t=0.06s
Ep  173: len= 25 黑胜 loss=27.6375 temp=0.46 total_env_steps=5961 t=0.06s
Ep  174: len= 21 黑胜 loss=27.2922 temp=0.45 total_env_steps=5982 t=0.05s
Ep  175: len= 43 黑胜 loss=27.6907 temp=0.44 total_env_steps=6025 t=0.09s
Ep  176: len= 30 白胜 loss=27.6346 temp=0.44 total_env_steps=6055 t=0.07s
Ep  177: len= 35 黑胜 loss=27.5475 temp=0.43 total_env_steps=6090 t=0.07s
Ep  178: len= 23 黑胜 loss=27.5608 temp=0.42 total_env_steps=6113 t=0.05s
Ep  179: len= 36 白胜 loss=27.7673 temp=0.42 total_env_steps=6149 t=0.08s
Ep  180: len= 25 黑胜 loss=27.6914 temp=0.41 total_env_steps=6174 t=0.05s
Ep  181: len= 26 白胜 loss=27.5446 temp=0.40 total_env_steps=6200 t=0.06s
Ep  182: len= 34 白胜 loss=27.3913 temp=0.39 total_env_steps=6234 t=0.07s
Ep  183: len= 44 白胜 loss=27.4692 temp=0.38 total_env_steps=6278 t=0.09s
Ep  184: len= 38 白胜 loss=27.7861 temp=0.38 total_env_steps=6316 t=0.08s
Ep  185: len= 47 黑胜 loss=27.6159 temp=0.37 total_env_steps=6363 t=0.09s
Ep  186: len= 28 白胜 loss=27.7845 temp=0.36 total_env_steps=6391 t=0.06s
Ep  187: len= 33 黑胜 loss=27.6255 temp=0.36 total_env_steps=6424 t=0.07s
Ep  188: len= 34 白胜 loss=27.7644 temp=0.35 total_env_steps=6458 t=0.08s
Ep  189: len= 32 白胜 loss=27.7712 temp=0.34 total_env_steps=6490 t=0.07s
Ep  190: len= 27 黑胜 loss=27.4888 temp=0.33 total_env_steps=6517 t=0.06s
Ep  191: len= 30 白胜 loss=27.5559 temp=0.33 total_env_steps=6547 t=0.06s
Ep  192: len= 28 白胜 loss=27.8028 temp=0.32 total_env_steps=6575 t=0.06s
Ep  193: len= 49 黑胜 loss=27.7287 temp=0.31 total_env_steps=6624 t=0.10s
Ep  194: len= 33 黑胜 loss=27.5450 temp=0.30 total_env_steps=6657 t=0.07s
Ep  195: len= 39 黑胜 loss=27.6897 temp=0.30 total_env_steps=6696 t=0.09s
Ep  196: len= 31 黑胜 loss=27.4947 temp=0.29 total_env_steps=6727 t=0.07s
Ep  197: len= 40 白胜 loss=27.2895 temp=0.28 total_env_steps=6767 t=0.08s
Ep  198: len= 27 黑胜 loss=27.4014 temp=0.27 total_env_steps=6794 t=0.06s
Ep  199: len= 29 黑胜 loss=27.6028 temp=0.26 total_env_steps=6823 t=0.07s
Ep  200: len= 22 白胜 loss=27.0861 temp=0.26 total_env_steps=6845 t=0.05s
  eval vs Gomoku-random-v0: win_rate=1.00 mean_return=1.00（20 局，total_env_steps=6845）
  📸 已拍权重快照（ep=200，gating 对弈基准）
Ep  201: len= 34 白胜 loss=27.3447 temp=0.25 total_env_steps=6879 t=0.08s
Ep  202: len= 21 黑胜 loss=27.3286 temp=0.25 total_env_steps=6900 t=0.05s
Ep  203: len= 40 白胜 loss=27.3948 temp=0.25 total_env_steps=6940 t=0.09s
Ep  204: len= 32 白胜 loss=27.7959 temp=0.25 total_env_steps=6972 t=0.07s
Ep  205: len= 15 黑胜 loss=27.3042 temp=0.25 total_env_steps=6987 t=0.04s
Ep  206: len= 41 黑胜 loss=27.4749 temp=0.25 total_env_steps=7028 t=0.09s
Ep  207: len= 24 白胜 loss=27.3316 temp=0.25 total_env_steps=7052 t=0.06s
Ep  208: len= 34 白胜 loss=27.2372 temp=0.25 total_env_steps=7086 t=0.08s
Ep  209: len= 22 白胜 loss=27.1284 temp=0.25 total_env_steps=7108 t=0.06s
Ep  210: len= 23 黑胜 loss=27.4530 temp=0.25 total_env_steps=7131 t=0.06s
Ep  211: len= 27 黑胜 loss=27.0449 temp=0.25 total_env_steps=7158 t=0.06s
Ep  212: len= 24 白胜 loss=27.5327 temp=0.25 total_env_steps=7182 t=0.06s
Ep  213: len= 32 白胜 loss=27.2973 temp=0.25 total_env_steps=7214 t=0.08s
Ep  214: len= 32 白胜 loss=27.4770 temp=0.25 total_env_steps=7246 t=0.07s
Ep  215: len= 35 黑胜 loss=27.5007 temp=0.25 total_env_steps=7281 t=0.09s
Ep  216: len= 34 白胜 loss=27.4847 temp=0.25 total_env_steps=7315 t=0.09s
Ep  217: len= 34 白胜 loss=27.0790 temp=0.25 total_env_steps=7349 t=0.09s
Ep  218: len= 22 白胜 loss=27.6151 temp=0.25 total_env_steps=7371 t=0.06s
Ep  219: len= 19 黑胜 loss=27.3357 temp=0.25 total_env_steps=7390 t=0.06s
Ep  220: len= 31 黑胜 loss=27.4861 temp=0.25 total_env_steps=7421 t=0.07s
Ep  221: len= 26 白胜 loss=27.5040 temp=0.25 total_env_steps=7447 t=0.06s
Ep  222: len= 35 黑胜 loss=26.9543 temp=0.25 total_env_steps=7482 t=0.08s
Ep  223: len= 26 白胜 loss=27.1006 temp=0.25 total_env_steps=7508 t=0.06s
Ep  224: len= 45 黑胜 loss=26.9327 temp=0.25 total_env_steps=7553 t=0.10s
Ep  225: len= 20 白胜 loss=27.3645 temp=0.25 total_env_steps=7573 t=0.05s
Ep  226: len= 34 白胜 loss=26.6600 temp=0.25 total_env_steps=7607 t=0.08s
Ep  227: len= 19 黑胜 loss=27.2573 temp=0.25 total_env_steps=7626 t=0.05s
Ep  228: len= 35 黑胜 loss=27.0589 temp=0.25 total_env_steps=7661 t=0.08s
Ep  229: len= 32 白胜 loss=27.3294 temp=0.25 total_env_steps=7693 t=0.07s
Ep  230: len= 32 白胜 loss=26.8599 temp=0.25 total_env_steps=7725 t=0.07s
Ep  231: len= 40 白胜 loss=27.2541 temp=0.25 total_env_steps=7765 t=0.08s
Ep  232: len= 19 黑胜 loss=27.0645 temp=0.25 total_env_steps=7784 t=0.05s
Ep  233: len= 35 黑胜 loss=27.3692 temp=0.25 total_env_steps=7819 t=0.08s
Ep  234: len= 17 黑胜 loss=26.8844 temp=0.25 total_env_steps=7836 t=0.05s
Ep  235: len= 36 白胜 loss=27.4307 temp=0.25 total_env_steps=7872 t=0.08s
Ep  236: len= 35 黑胜 loss=27.3810 temp=0.25 total_env_steps=7907 t=0.08s
Ep  237: len= 28 白胜 loss=26.9775 temp=0.25 total_env_steps=7935 t=0.07s
Ep  238: len= 32 白胜 loss=27.0991 temp=0.25 total_env_steps=7967 t=0.08s
Ep  239: len= 39 黑胜 loss=27.2558 temp=0.25 total_env_steps=8006 t=0.09s
Ep  240: len= 27 黑胜 loss=27.0948 temp=0.25 total_env_steps=8033 t=0.07s
Ep  241: len= 32 白胜 loss=27.0414 temp=0.25 total_env_steps=8065 t=0.08s
Ep  242: len= 42 白胜 loss=26.9152 temp=0.25 total_env_steps=8107 t=0.09s
Ep  243: len= 32 白胜 loss=26.5309 temp=0.25 total_env_steps=8139 t=0.07s
Ep  244: len= 23 黑胜 loss=26.9800 temp=0.25 total_env_steps=8162 t=0.06s
Ep  245: len= 39 黑胜 loss=27.0745 temp=0.25 total_env_steps=8201 t=0.09s
Ep  246: len= 35 黑胜 loss=27.1441 temp=0.25 total_env_steps=8236 t=0.08s
Ep  247: len= 20 白胜 loss=26.8774 temp=0.25 total_env_steps=8256 t=0.05s
Ep  248: len= 35 黑胜 loss=26.7327 temp=0.25 total_env_steps=8291 t=0.08s
Ep  249: len= 27 黑胜 loss=26.5490 temp=0.25 total_env_steps=8318 t=0.07s
Ep  250: len= 38 白胜 loss=26.3268 temp=0.25 total_env_steps=8356 t=0.08s
  eval vs Gomoku-random-v0: win_rate=1.00 mean_return=1.00（20 局，total_env_steps=8356）
Ep  251: len= 33 黑胜 loss=27.2594 temp=0.25 total_env_steps=8389 t=0.08s
Ep  252: len= 30 白胜 loss=26.6800 temp=0.25 total_env_steps=8419 t=0.07s
Ep  253: len= 29 黑胜 loss=26.5868 temp=0.25 total_env_steps=8448 t=0.07s
Ep  254: len= 23 黑胜 loss=26.2124 temp=0.25 total_env_steps=8471 t=0.06s
Ep  255: len= 30 白胜 loss=27.2674 temp=0.25 total_env_steps=8501 t=0.07s
Ep  256: len= 28 白胜 loss=26.6283 temp=0.25 total_env_steps=8529 t=0.07s
Ep  257: len= 35 黑胜 loss=26.2789 temp=0.25 total_env_steps=8564 t=0.08s
Ep  258: len= 40 白胜 loss=26.9519 temp=0.25 total_env_steps=8604 t=0.09s
Ep  259: len= 25 黑胜 loss=26.5101 temp=0.25 total_env_steps=8629 t=0.06s
Ep  260: len= 21 黑胜 loss=26.5841 temp=0.25 total_env_steps=8650 t=0.06s
Ep  261: len= 14 白胜 loss=26.4110 temp=0.25 total_env_steps=8664 t=0.04s
Ep  262: len= 22 白胜 loss=26.8469 temp=0.25 total_env_steps=8686 t=0.06s
Ep  263: len= 29 黑胜 loss=27.2404 temp=0.25 total_env_steps=8715 t=0.08s
Ep  264: len= 21 黑胜 loss=26.8273 temp=0.25 total_env_steps=8736 t=0.06s
Ep  265: len= 28 白胜 loss=26.6525 temp=0.25 total_env_steps=8764 t=0.07s
Ep  266: len= 22 白胜 loss=26.8028 temp=0.25 total_env_steps=8786 t=0.06s
Ep  267: len= 18 白胜 loss=26.8882 temp=0.25 total_env_steps=8804 t=0.05s
Ep  268: len= 27 黑胜 loss=27.2416 temp=0.25 total_env_steps=8831 t=0.06s
Ep  269: len= 38 白胜 loss=26.4646 temp=0.25 total_env_steps=8869 t=0.08s
Ep  270: len= 45 黑胜 loss=26.3094 temp=0.25 total_env_steps=8914 t=0.10s
Ep  271: len= 19 黑胜 loss=27.1766 temp=0.25 total_env_steps=8933 t=0.05s
Ep  272: len= 46 白胜 loss=26.5267 temp=0.25 total_env_steps=8979 t=0.10s
Ep  273: len= 40 白胜 loss=27.2681 temp=0.25 total_env_steps=9019 t=0.09s
Ep  274: len= 35 黑胜 loss=26.1618 temp=0.25 total_env_steps=9054 t=0.08s
Ep  275: len= 34 白胜 loss=26.4977 temp=0.25 total_env_steps=9088 t=0.09s
Ep  276: len= 22 白胜 loss=26.2521 temp=0.25 total_env_steps=9110 t=0.05s
Ep  277: len= 23 黑胜 loss=26.3243 temp=0.25 total_env_steps=9133 t=0.06s
Ep  278: len= 40 白胜 loss=26.3952 temp=0.25 total_env_steps=9173 t=0.10s
Ep  279: len= 23 黑胜 loss=26.0759 temp=0.25 total_env_steps=9196 t=0.06s
Ep  280: len= 33 黑胜 loss=26.5400 temp=0.25 total_env_steps=9229 t=0.08s
Ep  281: len= 18 白胜 loss=26.0997 temp=0.25 total_env_steps=9247 t=0.05s
Ep  282: len= 27 黑胜 loss=26.5002 temp=0.25 total_env_steps=9274 t=0.07s
Ep  283: len= 33 黑胜 loss=26.5582 temp=0.25 total_env_steps=9307 t=0.08s
Ep  284: len= 24 白胜 loss=26.0809 temp=0.25 total_env_steps=9331 t=0.06s
Ep  285: len= 42 白胜 loss=26.3294 temp=0.25 total_env_steps=9373 t=0.09s
Ep  286: len= 40 白胜 loss=25.9174 temp=0.25 total_env_steps=9413 t=0.09s
Ep  287: len= 18 白胜 loss=26.1513 temp=0.25 total_env_steps=9431 t=0.05s
Ep  288: len= 26 白胜 loss=26.3537 temp=0.25 total_env_steps=9457 t=0.06s
Ep  289: len= 25 黑胜 loss=25.2230 temp=0.25 total_env_steps=9482 t=0.07s
Ep  290: len= 31 黑胜 loss=26.4856 temp=0.25 total_env_steps=9513 t=0.08s
Ep  291: len= 23 黑胜 loss=26.3479 temp=0.25 total_env_steps=9536 t=0.06s
Ep  292: len= 26 白胜 loss=25.3757 temp=0.25 total_env_steps=9562 t=0.06s
Ep  293: len= 28 白胜 loss=25.9616 temp=0.25 total_env_steps=9590 t=0.07s
Ep  294: len= 40 白胜 loss=25.6833 temp=0.25 total_env_steps=9630 t=0.08s
Ep  295: len= 38 白胜 loss=25.9833 temp=0.25 total_env_steps=9668 t=0.08s
Ep  296: len= 15 黑胜 loss=26.4339 temp=0.25 total_env_steps=9683 t=0.04s
Ep  297: len= 31 黑胜 loss=25.9549 temp=0.25 total_env_steps=9714 t=0.07s
Ep  298: len= 22 白胜 loss=25.4352 temp=0.25 total_env_steps=9736 t=0.06s
Ep  299: len= 13 黑胜 loss=25.8804 temp=0.25 total_env_steps=9749 t=0.04s
Ep  300: len= 31 黑胜 loss=25.6315 temp=0.25 total_env_steps=9780 t=0.07s
  eval vs Gomoku-random-v0: win_rate=1.00 mean_return=1.00（20 局，total_env_steps=9780）
Ep  301: len= 17 黑胜 loss=25.5794 temp=0.25 total_env_steps=9797 t=0.05s
Ep  302: len= 33 黑胜 loss=25.8997 temp=0.25 total_env_steps=9830 t=0.08s
Ep  303: len= 25 黑胜 loss=26.2143 temp=0.25 total_env_steps=9855 t=0.06s
Ep  304: len= 38 白胜 loss=24.3085 temp=0.25 total_env_steps=9893 t=0.08s
Ep  305: len= 19 黑胜 loss=25.9233 temp=0.25 total_env_steps=9912 t=0.05s
Ep  306: len= 41 黑胜 loss=25.8845 temp=0.25 total_env_steps=9953 t=0.09s
Ep  307: len= 23 黑胜 loss=25.9918 temp=0.25 total_env_steps=9976 t=0.06s
Ep  308: len= 18 白胜 loss=26.4237 temp=0.25 total_env_steps=9994 t=0.05s
Ep  309: len= 27 黑胜 loss=25.0627 temp=0.25 total_env_steps=10021 t=0.07s
Ep  310: len= 29 黑胜 loss=25.3043 temp=0.25 total_env_steps=10050 t=0.06s
Ep  311: len= 26 白胜 loss=25.4196 temp=0.25 total_env_steps=10076 t=0.06s
Ep  312: len= 27 黑胜 loss=25.9130 temp=0.25 total_env_steps=10103 t=0.07s
Ep  313: len= 40 白胜 loss=25.9909 temp=0.25 total_env_steps=10143 t=0.09s
Ep  314: len= 44 白胜 loss=26.3084 temp=0.25 total_env_steps=10187 t=0.10s
Ep  315: len= 25 黑胜 loss=24.7333 temp=0.25 total_env_steps=10212 t=0.06s
Ep  316: len= 29 黑胜 loss=25.7180 temp=0.25 total_env_steps=10241 t=0.07s
Ep  317: len= 15 黑胜 loss=25.5702 temp=0.25 total_env_steps=10256 t=0.04s
Ep  318: len= 35 黑胜 loss=26.2817 temp=0.25 total_env_steps=10291 t=0.08s
Ep  319: len= 37 黑胜 loss=25.3821 temp=0.25 total_env_steps=10328 t=0.08s
Ep  320: len= 15 黑胜 loss=25.7368 temp=0.25 total_env_steps=10343 t=0.04s
Ep  321: len= 15 黑胜 loss=25.1344 temp=0.25 total_env_steps=10358 t=0.04s
Ep  322: len= 17 黑胜 loss=25.0060 temp=0.25 total_env_steps=10375 t=0.05s
Ep  323: len= 24 白胜 loss=25.2668 temp=0.25 total_env_steps=10399 t=0.06s
Ep  324: len= 35 黑胜 loss=24.3447 temp=0.25 total_env_steps=10434 t=0.08s
Ep  325: len= 16 白胜 loss=25.2004 temp=0.25 total_env_steps=10450 t=0.05s
Ep  326: len= 44 白胜 loss=25.2077 temp=0.25 total_env_steps=10494 t=0.10s
Ep  327: len= 31 黑胜 loss=26.2813 temp=0.25 total_env_steps=10525 t=0.08s
Ep  328: len= 34 白胜 loss=25.1018 temp=0.25 total_env_steps=10559 t=0.09s
Ep  329: len= 41 黑胜 loss=24.9754 temp=0.25 total_env_steps=10600 t=0.09s
Ep  330: len= 25 黑胜 loss=25.9282 temp=0.25 total_env_steps=10625 t=0.07s
Ep  331: len= 35 黑胜 loss=26.1514 temp=0.25 total_env_steps=10660 t=0.09s
Ep  332: len= 47 黑胜 loss=24.7473 temp=0.25 total_env_steps=10707 t=0.10s
Ep  333: len= 29 黑胜 loss=25.7271 temp=0.25 total_env_steps=10736 t=0.08s
Ep  334: len= 25 黑胜 loss=26.3854 temp=0.25 total_env_steps=10761 t=0.06s
Ep  335: len= 23 黑胜 loss=25.6360 temp=0.25 total_env_steps=10784 t=0.07s
Ep  336: len= 33 黑胜 loss=25.0651 temp=0.25 total_env_steps=10817 t=0.08s
Ep  337: len= 19 黑胜 loss=23.3495 temp=0.25 total_env_steps=10836 t=0.05s
Ep  338: len= 44 白胜 loss=24.9402 temp=0.25 total_env_steps=10880 t=0.10s
Ep  339: len= 33 黑胜 loss=24.9727 temp=0.25 total_env_steps=10913 t=0.08s
Ep  340: len= 36 白胜 loss=25.3602 temp=0.25 total_env_steps=10949 t=0.08s
Ep  341: len= 33 黑胜 loss=25.4704 temp=0.25 total_env_steps=10982 t=0.08s
Ep  342: len= 31 黑胜 loss=25.0384 temp=0.25 total_env_steps=11013 t=0.07s
Ep  343: len= 12 白胜 loss=24.8615 temp=0.25 total_env_steps=11025 t=0.04s
Ep  344: len= 33 黑胜 loss=24.3616 temp=0.25 total_env_steps=11058 t=0.07s
Ep  345: len= 50 白胜 loss=25.2585 temp=0.25 total_env_steps=11108 t=0.10s
Ep  346: len= 26 白胜 loss=24.8853 temp=0.25 total_env_steps=11134 t=0.06s
Ep  347: len= 26 白胜 loss=24.4395 temp=0.25 total_env_steps=11160 t=0.06s
Ep  348: len= 20 白胜 loss=25.1679 temp=0.25 total_env_steps=11180 t=0.05s
Ep  349: len= 32 白胜 loss=25.2455 temp=0.25 total_env_steps=11212 t=0.07s
Ep  350: len= 31 黑胜 loss=25.1168 temp=0.25 total_env_steps=11243 t=0.07s
  eval vs Gomoku-random-v0: win_rate=0.95 mean_return=0.90（20 局，total_env_steps=11243）
Ep  351: len= 25 黑胜 loss=25.2287 temp=0.25 total_env_steps=11268 t=0.07s
Ep  352: len= 32 白胜 loss=25.4715 temp=0.25 total_env_steps=11300 t=0.08s
Ep  353: len= 24 白胜 loss=25.0056 temp=0.25 total_env_steps=11324 t=0.06s
Ep  354: len= 30 白胜 loss=25.1300 temp=0.25 total_env_steps=11354 t=0.07s
Ep  355: len= 33 黑胜 loss=25.3190 temp=0.25 total_env_steps=11387 t=0.07s
Ep  356: len= 51 黑胜 loss=26.2155 temp=0.25 total_env_steps=11438 t=0.11s
Ep  357: len= 23 黑胜 loss=24.0543 temp=0.25 total_env_steps=11461 t=0.07s
Ep  358: len= 22 白胜 loss=25.2910 temp=0.25 total_env_steps=11483 t=0.06s
Ep  359: len= 35 黑胜 loss=24.3988 temp=0.25 total_env_steps=11518 t=0.09s
Ep  360: len= 15 黑胜 loss=23.9272 temp=0.25 total_env_steps=11533 t=0.04s
Ep  361: len= 42 白胜 loss=24.1729 temp=0.25 total_env_steps=11575 t=0.10s
Ep  362: len= 30 白胜 loss=23.8557 temp=0.25 total_env_steps=11605 t=0.07s
Ep  363: len= 34 白胜 loss=24.2302 temp=0.25 total_env_steps=11639 t=0.08s
Ep  364: len= 17 黑胜 loss=24.1012 temp=0.25 total_env_steps=11656 t=0.05s
Ep  365: len= 40 白胜 loss=25.3627 temp=0.25 total_env_steps=11696 t=0.09s
Ep  366: len= 19 黑胜 loss=24.6784 temp=0.25 total_env_steps=11715 t=0.05s
Ep  367: len= 18 白胜 loss=24.4201 temp=0.25 total_env_steps=11733 t=0.05s
Ep  368: len= 24 白胜 loss=24.9567 temp=0.25 total_env_steps=11757 t=0.06s
Ep  369: len= 32 白胜 loss=25.1068 temp=0.25 total_env_steps=11789 t=0.07s
Ep  370: len= 19 黑胜 loss=24.4299 temp=0.25 total_env_steps=11808 t=0.05s
Ep  371: len= 16 白胜 loss=24.6994 temp=0.25 total_env_steps=11824 t=0.05s
Ep  372: len= 30 白胜 loss=23.7779 temp=0.25 total_env_steps=11854 t=0.07s
Ep  373: len= 15 黑胜 loss=24.1954 temp=0.25 total_env_steps=11869 t=0.04s
Ep  374: len= 34 白胜 loss=23.6968 temp=0.25 total_env_steps=11903 t=0.08s
Ep  375: len= 38 白胜 loss=23.8553 temp=0.25 total_env_steps=11941 t=0.09s
Ep  376: len= 40 白胜 loss=24.2980 temp=0.25 total_env_steps=11981 t=0.09s
Ep  377: len= 32 白胜 loss=24.1245 temp=0.25 total_env_steps=12013 t=0.08s
Ep  378: len= 23 黑胜 loss=23.6685 temp=0.25 total_env_steps=12036 t=0.06s
Ep  379: len= 28 白胜 loss=24.9104 temp=0.25 total_env_steps=12064 t=0.07s
Ep  380: len= 45 黑胜 loss=24.1890 temp=0.25 total_env_steps=12109 t=0.11s
Ep  381: len= 23 黑胜 loss=24.6485 temp=0.25 total_env_steps=12132 t=0.06s
Ep  382: len= 26 白胜 loss=23.9083 temp=0.25 total_env_steps=12158 t=0.07s
Ep  383: len= 36 白胜 loss=24.3173 temp=0.25 total_env_steps=12194 t=0.08s
Ep  384: len= 34 白胜 loss=24.0351 temp=0.25 total_env_steps=12228 t=0.08s
Ep  385: len= 20 白胜 loss=25.0505 temp=0.25 total_env_steps=12248 t=0.05s
Ep  386: len= 41 黑胜 loss=25.7465 temp=0.25 total_env_steps=12289 t=0.09s
Ep  387: len= 32 白胜 loss=23.8880 temp=0.25 total_env_steps=12321 t=0.08s
Ep  388: len= 45 黑胜 loss=24.6932 temp=0.25 total_env_steps=12366 t=0.09s
Ep  389: len= 25 黑胜 loss=24.7082 temp=0.25 total_env_steps=12391 t=0.06s
Ep  390: len= 15 黑胜 loss=24.8891 temp=0.25 total_env_steps=12406 t=0.04s
Ep  391: len= 17 黑胜 loss=24.2613 temp=0.25 total_env_steps=12423 t=0.05s
Ep  392: len= 29 黑胜 loss=22.7903 temp=0.25 total_env_steps=12452 t=0.07s
Ep  393: len= 28 白胜 loss=24.6409 temp=0.25 total_env_steps=12480 t=0.07s
Ep  394: len= 33 黑胜 loss=24.2356 temp=0.25 total_env_steps=12513 t=0.08s
Ep  395: len= 42 白胜 loss=24.5049 temp=0.25 total_env_steps=12555 t=0.09s
Ep  396: len= 27 黑胜 loss=23.8792 temp=0.25 total_env_steps=12582 t=0.06s
Ep  397: len= 43 黑胜 loss=23.8156 temp=0.25 total_env_steps=12625 t=0.10s
Ep  398: len= 18 白胜 loss=23.8917 temp=0.25 total_env_steps=12643 t=0.05s
Ep  399: len= 38 白胜 loss=24.0063 temp=0.25 total_env_steps=12681 t=0.09s
Ep  400: len= 21 黑胜 loss=25.0067 temp=0.25 total_env_steps=12702 t=0.06s
  eval vs Gomoku-random-v0: win_rate=1.00 mean_return=1.00（20 局，total_env_steps=12702）
[闸门] vs random（40 局）: win_rate=0.975
[闸门] vs 半程快照（40 局，黑白各半）: score=0.275
[梯队] vs naive0（20 局，观察性）: win_rate=0.45
[梯队] vs naive1（20 局，观察性）: win_rate=0.15
[梯队] vs naive2（20 局，观察性）: win_rate=0.00
[梯队] vs naive3（20 局，观察性）: win_rate=0.00
📈 Gomoku-selfplay-v0 win_rate=1.00（best 1.00）| 门槛 0.95 | 37.7s

--- M3 arm=true_rules 汇总（base 对照见 bench 头注释）---
  seed=42 vs_random=0.950 vs_snapshot=0.775 | 梯队 naive0=0.10 naive1=0.00 naive2=0.00 naive3=0.00 | env_steps=13108 wall=42s
  seed=43 vs_random=0.900 vs_snapshot=0.375 | 梯队 naive0=0.00 naive1=0.00 naive2=0.00 naive3=0.00 | env_steps=12757 wall=39s
  seed=44 vs_random=0.975 vs_snapshot=0.275 | 梯队 naive0=0.45 naive1=0.15 naive2=0.00 naive3=0.00 | env_steps=12702 wall=38s
ok

test result: ok. 1 passed; 0 failed; 0 ignored; 0 measured; 3431 filtered out; finished in 118.54s

     Running tests\cse_dedup.rs (target\release\deps\cse_dedup-7a657e998c2a0176.exe)

running 0 tests

test result: ok. 0 passed; 0 failed; 0 ignored; 0 measured; 1 filtered out; finished in 0.00s

     Running tests\mode_invariants.rs (target\release\deps\mode_invariants-12496c59841ba5c8.exe)

running 0 tests

test result: ok. 0 passed; 0 failed; 0 ignored; 0 measured; 9 filtered out; finished in 0.00s

     Running tests\onnx_otm_load_bench.rs (target\release\deps\onnx_otm_load_bench-39da60dd6dcd2511.exe)

running 0 tests

test result: ok. 0 passed; 0 failed; 0 ignored; 0 measured; 1 filtered out; finished in 0.00s

     Running tests\yolov5_xiangqi_import.rs (target\release\deps\yolov5_xiangqi_import-5a55f6b67c0e8a85.exe)

running 0 tests

test result: ok. 0 passed; 0 failed; 0 ignored; 0 measured; 6 filtered out; finished in 0.00s

