   Compiling only_torch v0.25.0 (D:\DATA\BaiduSyncdisk\project\personal\only_torch)
    Finished `release` profile [optimized] target(s) in 45.08s
     Running unittests src\lib.rs (target\release\deps\only_torch-45d502c1e61c3f90.exe)

running 1 test
test rl::algo::my_zero::tests::gomoku_m3_bench::gomoku_naive0_sims400 ... 
--- arm=sims400 seed=42 sims=400 ---
[MyZero-board Gomoku-selfplay-v0] obs=243(3×9²) |A|=81 sims=400 γ=1.0 negamax
Ep    1: len= 50 白胜 loss=0.0000 temp=1.00 total_env_steps=50 t=0.89s
Ep    2: len= 63 黑胜 loss=0.0000 temp=1.00 total_env_steps=113 t=1.00s
Ep    3: len= 62 白胜 loss=0.0000 temp=1.00 total_env_steps=175 t=0.91s
Ep    4: len= 64 白胜 loss=0.0000 temp=1.00 total_env_steps=239 t=0.90s
Ep    5: len= 40 白胜 loss=0.0000 temp=1.00 total_env_steps=279 t=0.82s
Ep    6: len= 36 白胜 loss=0.0000 temp=1.00 total_env_steps=315 t=0.47s
Ep    7: len= 33 黑胜 loss=0.0000 temp=1.00 total_env_steps=348 t=0.42s
Ep    8: len= 51 黑胜 loss=0.0000 temp=1.00 total_env_steps=399 t=0.59s
Ep    9: len= 55 黑胜 loss=0.0000 temp=1.00 total_env_steps=454 t=0.66s
Ep   10: len= 37 黑胜 loss=36.0279 temp=1.00 total_env_steps=491 t=0.42s
Ep   11: len= 36 白胜 loss=29.3933 temp=1.00 total_env_steps=527 t=0.45s
Ep   12: len= 43 黑胜 loss=28.1739 temp=1.00 total_env_steps=570 t=0.45s
Ep   13: len= 70 白胜 loss=27.7998 temp=1.00 total_env_steps=640 t=0.69s
Ep   14: len= 64 白胜 loss=28.1846 temp=1.00 total_env_steps=704 t=0.63s
Ep   15: len= 59 黑胜 loss=28.6926 temp=1.00 total_env_steps=763 t=0.58s
Ep   16: len= 51 黑胜 loss=28.2966 temp=1.00 total_env_steps=814 t=0.51s
Ep   17: len= 62 白胜 loss=27.9264 temp=1.00 total_env_steps=876 t=0.59s
Ep   18: len= 54 白胜 loss=27.9687 temp=1.00 total_env_steps=930 t=0.55s
Ep   19: len= 62 白胜 loss=27.8724 temp=1.00 total_env_steps=992 t=0.60s
Ep   20: len= 48 白胜 loss=28.1439 temp=1.00 total_env_steps=1040 t=0.49s
Ep   21: len= 39 黑胜 loss=27.9781 temp=1.00 total_env_steps=1079 t=0.38s
Ep   22: len= 45 黑胜 loss=28.0020 temp=1.00 total_env_steps=1124 t=0.43s
Ep   23: len= 62 白胜 loss=27.9381 temp=1.00 total_env_steps=1186 t=0.59s
Ep   24: len= 55 黑胜 loss=28.0164 temp=1.00 total_env_steps=1241 t=0.55s
Ep   25: len= 52 白胜 loss=28.1412 temp=1.00 total_env_steps=1293 t=0.49s
Ep   26: len= 69 黑胜 loss=28.6555 temp=1.00 total_env_steps=1362 t=0.67s
Ep   27: len= 56 白胜 loss=28.2616 temp=1.00 total_env_steps=1418 t=0.55s
Ep   28: len= 66 白胜 loss=28.2762 temp=1.00 total_env_steps=1484 t=0.64s
Ep   29: len= 50 白胜 loss=27.8946 temp=1.00 total_env_steps=1534 t=0.50s
Ep   30: len= 52 白胜 loss=28.5389 temp=1.00 total_env_steps=1586 t=0.48s
Ep   31: len= 61 黑胜 loss=28.3826 temp=1.00 total_env_steps=1647 t=0.63s
Ep   32: len= 36 白胜 loss=27.9078 temp=1.00 total_env_steps=1683 t=0.38s
Ep   33: len= 59 黑胜 loss=28.0189 temp=1.00 total_env_steps=1742 t=0.63s
Ep   34: len= 42 白胜 loss=28.0997 temp=1.00 total_env_steps=1784 t=0.60s
Ep   35: len= 52 白胜 loss=28.3827 temp=1.00 total_env_steps=1836 t=0.67s
Ep   36: len= 60 白胜 loss=28.0088 temp=1.00 total_env_steps=1896 t=0.71s
Ep   37: len= 68 白胜 loss=27.9371 temp=1.00 total_env_steps=1964 t=0.70s
Ep   38: len= 57 黑胜 loss=27.9364 temp=1.00 total_env_steps=2021 t=0.58s
Ep   39: len= 79 黑胜 loss=27.7863 temp=1.00 total_env_steps=2100 t=0.92s
Ep   40: len= 44 白胜 loss=27.7198 temp=1.00 total_env_steps=2144 t=0.47s
Ep   41: len= 72 白胜 loss=27.6316 temp=1.00 total_env_steps=2216 t=0.73s
Ep   42: len= 67 黑胜 loss=27.5738 temp=1.00 total_env_steps=2283 t=0.69s
Ep   43: len= 53 黑胜 loss=27.5417 temp=1.00 total_env_steps=2336 t=0.55s
Ep   44: len= 48 白胜 loss=27.8815 temp=1.00 total_env_steps=2384 t=0.49s
Ep   45: len= 52 白胜 loss=27.7342 temp=1.00 total_env_steps=2436 t=0.53s
Ep   46: len= 49 黑胜 loss=27.7741 temp=1.00 total_env_steps=2485 t=0.52s
Ep   47: len= 72 白胜 loss=27.7096 temp=1.00 total_env_steps=2557 t=0.73s
Ep   48: len= 43 黑胜 loss=27.8406 temp=1.00 total_env_steps=2600 t=0.44s
Ep   49: len= 51 黑胜 loss=27.9624 temp=1.00 total_env_steps=2651 t=0.79s
Ep   50: len= 50 白胜 loss=27.9498 temp=1.00 total_env_steps=2701 t=0.51s
  eval vs Gomoku-random-v0: win_rate=0.55 mean_return=0.10（20 局，total_env_steps=2701）
Ep   51: len= 71 黑胜 loss=27.7401 temp=1.00 total_env_steps=2772 t=0.67s
Ep   52: len= 79 黑胜 loss=27.6608 temp=1.00 total_env_steps=2851 t=0.73s
Ep   53: len= 51 黑胜 loss=27.8558 temp=1.00 total_env_steps=2902 t=0.47s
Ep   54: len= 50 白胜 loss=27.6891 temp=1.00 total_env_steps=2952 t=0.45s
Ep   55: len= 57 黑胜 loss=27.8719 temp=1.00 total_env_steps=3009 t=0.52s
Ep   56: len= 56 白胜 loss=27.5231 temp=1.00 total_env_steps=3065 t=0.54s
Ep   57: len= 49 黑胜 loss=27.6352 temp=1.00 total_env_steps=3114 t=0.47s
Ep   58: len= 52 白胜 loss=27.8966 temp=1.00 total_env_steps=3166 t=0.46s
Ep   59: len= 39 黑胜 loss=27.8757 temp=1.00 total_env_steps=3205 t=0.37s
Ep   60: len= 67 黑胜 loss=27.8481 temp=1.00 total_env_steps=3272 t=0.61s
Ep   61: len= 56 白胜 loss=27.6652 temp=1.00 total_env_steps=3328 t=0.51s
Ep   62: len= 36 白胜 loss=27.7875 temp=1.00 total_env_steps=3364 t=0.35s
Ep   63: len= 49 黑胜 loss=27.7536 temp=1.00 total_env_steps=3413 t=0.51s
Ep   64: len= 38 白胜 loss=27.8436 temp=1.00 total_env_steps=3451 t=0.37s
Ep   65: len= 51 黑胜 loss=27.6764 temp=1.00 total_env_steps=3502 t=0.46s
Ep   66: len= 55 黑胜 loss=27.7038 temp=1.00 total_env_steps=3557 t=0.49s
Ep   67: len= 49 黑胜 loss=27.6844 temp=1.00 total_env_steps=3606 t=0.43s
Ep   68: len= 44 白胜 loss=27.4324 temp=1.00 total_env_steps=3650 t=0.39s
Ep   69: len= 36 白胜 loss=27.9026 temp=1.00 total_env_steps=3686 t=0.34s
Ep   70: len= 56 白胜 loss=27.6181 temp=1.00 total_env_steps=3742 t=0.48s
Ep   71: len= 34 白胜 loss=27.8009 temp=1.00 total_env_steps=3776 t=0.31s
Ep   72: len= 81 平局 loss=27.8596 temp=1.00 total_env_steps=3857 t=0.79s
Ep   73: len= 49 黑胜 loss=27.6633 temp=1.00 total_env_steps=3906 t=0.45s
Ep   74: len= 59 黑胜 loss=27.8554 temp=1.00 total_env_steps=3965 t=0.53s
Ep   75: len= 36 白胜 loss=28.0817 temp=1.00 total_env_steps=4001 t=0.32s
Ep   76: len= 59 黑胜 loss=27.7727 temp=1.00 total_env_steps=4060 t=0.55s
Ep   77: len= 54 白胜 loss=27.7128 temp=1.00 total_env_steps=4114 t=0.48s
Ep   78: len= 39 黑胜 loss=28.0310 temp=1.00 total_env_steps=4153 t=0.34s
Ep   79: len= 46 白胜 loss=27.8206 temp=1.00 total_env_steps=4199 t=0.42s
Ep   80: len= 65 黑胜 loss=27.6690 temp=1.00 total_env_steps=4264 t=0.58s
Ep   81: len= 39 黑胜 loss=27.7147 temp=1.00 total_env_steps=4303 t=0.38s
Ep   82: len= 47 黑胜 loss=27.9910 temp=1.00 total_env_steps=4350 t=0.43s
Ep   83: len= 56 白胜 loss=27.7222 temp=1.00 total_env_steps=4406 t=0.58s
Ep   84: len= 58 白胜 loss=27.8056 temp=1.00 total_env_steps=4464 t=0.50s
Ep   85: len= 59 黑胜 loss=27.6985 temp=1.00 total_env_steps=4523 t=0.57s
Ep   86: len= 43 黑胜 loss=27.8400 temp=1.00 total_env_steps=4566 t=0.39s
Ep   87: len= 60 白胜 loss=27.7155 temp=1.00 total_env_steps=4626 t=0.58s
Ep   88: len= 30 白胜 loss=27.5861 temp=1.00 total_env_steps=4656 t=0.34s
Ep   89: len= 34 白胜 loss=28.0000 temp=1.00 total_env_steps=4690 t=0.37s
Ep   90: len= 38 白胜 loss=27.5371 temp=1.00 total_env_steps=4728 t=0.42s
Ep   91: len= 65 黑胜 loss=27.8348 temp=1.00 total_env_steps=4793 t=0.86s
Ep   92: len= 49 黑胜 loss=27.7022 temp=1.00 total_env_steps=4842 t=0.64s
Ep   93: len= 63 黑胜 loss=27.6708 temp=1.00 total_env_steps=4905 t=0.87s
Ep   94: len= 43 黑胜 loss=27.4378 temp=1.00 total_env_steps=4948 t=0.61s
Ep   95: len= 63 黑胜 loss=27.5840 temp=1.00 total_env_steps=5011 t=1.02s
Ep   96: len= 32 白胜 loss=27.7908 temp=1.00 total_env_steps=5043 t=0.50s
Ep   97: len= 62 白胜 loss=27.7128 temp=1.00 total_env_steps=5105 t=0.89s
Ep   98: len= 51 黑胜 loss=27.8554 temp=1.00 total_env_steps=5156 t=0.73s
Ep   99: len= 45 黑胜 loss=27.9071 temp=1.00 total_env_steps=5201 t=0.63s
Ep  100: len= 56 白胜 loss=27.7520 temp=1.00 total_env_steps=5257 t=0.76s
  eval vs Gomoku-random-v0: win_rate=0.80 mean_return=0.60（20 局，total_env_steps=5257）
Ep  101: len= 49 黑胜 loss=27.2748 temp=1.00 total_env_steps=5306 t=0.48s
Ep  102: len= 49 黑胜 loss=27.5805 temp=0.99 total_env_steps=5355 t=0.52s
Ep  103: len= 48 白胜 loss=27.4626 temp=0.99 total_env_steps=5403 t=0.48s
Ep  104: len= 37 黑胜 loss=27.6682 temp=0.98 total_env_steps=5440 t=0.34s
Ep  105: len= 36 白胜 loss=27.7830 temp=0.97 total_env_steps=5476 t=0.34s
Ep  106: len= 46 白胜 loss=27.5076 temp=0.96 total_env_steps=5522 t=0.41s
Ep  107: len= 44 白胜 loss=27.9984 temp=0.95 total_env_steps=5566 t=0.38s
Ep  108: len= 47 黑胜 loss=27.6532 temp=0.95 total_env_steps=5613 t=0.39s
Ep  109: len= 60 白胜 loss=27.6781 temp=0.94 total_env_steps=5673 t=0.51s
Ep  110: len= 47 黑胜 loss=28.1156 temp=0.93 total_env_steps=5720 t=0.44s
Ep  111: len= 40 白胜 loss=27.6417 temp=0.93 total_env_steps=5760 t=0.35s
Ep  112: len= 47 黑胜 loss=27.5833 temp=0.92 total_env_steps=5807 t=0.39s
Ep  113: len= 69 黑胜 loss=27.5648 temp=0.91 total_env_steps=5876 t=0.56s
Ep  114: len= 42 白胜 loss=27.8496 temp=0.90 total_env_steps=5918 t=0.36s
Ep  115: len= 52 白胜 loss=27.5060 temp=0.89 total_env_steps=5970 t=0.43s
Ep  116: len= 70 白胜 loss=28.0379 temp=0.89 total_env_steps=6040 t=0.61s
Ep  117: len= 58 白胜 loss=27.8017 temp=0.88 total_env_steps=6098 t=0.56s
Ep  118: len= 60 白胜 loss=27.5986 temp=0.87 total_env_steps=6158 t=0.54s
Ep  119: len= 57 黑胜 loss=27.6793 temp=0.87 total_env_steps=6215 t=0.52s
Ep  120: len= 53 黑胜 loss=27.6953 temp=0.86 total_env_steps=6268 t=0.48s
Ep  121: len= 46 白胜 loss=27.7125 temp=0.85 total_env_steps=6314 t=0.40s
Ep  122: len= 44 白胜 loss=27.7062 temp=0.84 total_env_steps=6358 t=0.40s
Ep  123: len= 39 黑胜 loss=27.5846 temp=0.84 total_env_steps=6397 t=0.36s
Ep  124: len= 35 黑胜 loss=27.6032 temp=0.83 total_env_steps=6432 t=0.31s
Ep  125: len= 48 白胜 loss=27.7340 temp=0.82 total_env_steps=6480 t=0.45s
Ep  126: len= 57 黑胜 loss=27.8560 temp=0.81 total_env_steps=6537 t=0.53s
Ep  127: len= 58 白胜 loss=27.4479 temp=0.81 total_env_steps=6595 t=0.53s
Ep  128: len= 45 黑胜 loss=27.4929 temp=0.80 total_env_steps=6640 t=0.40s
Ep  129: len= 37 黑胜 loss=27.7625 temp=0.79 total_env_steps=6677 t=0.34s
Ep  130: len= 49 黑胜 loss=27.6472 temp=0.78 total_env_steps=6726 t=0.43s
Ep  131: len= 46 白胜 loss=27.6953 temp=0.77 total_env_steps=6772 t=0.44s
Ep  132: len= 54 白胜 loss=27.6079 temp=0.77 total_env_steps=6826 t=0.51s
Ep  133: len= 46 白胜 loss=27.4679 temp=0.76 total_env_steps=6872 t=0.42s
Ep  134: len= 63 黑胜 loss=27.8139 temp=0.75 total_env_steps=6935 t=0.58s
Ep  135: len= 62 白胜 loss=27.6864 temp=0.75 total_env_steps=6997 t=0.56s
Ep  136: len= 49 黑胜 loss=27.7216 temp=0.74 total_env_steps=7046 t=0.44s
Ep  137: len= 52 白胜 loss=27.7159 temp=0.73 total_env_steps=7098 t=0.48s
Ep  138: len= 40 白胜 loss=27.5489 temp=0.72 total_env_steps=7138 t=0.37s
Ep  139: len= 31 黑胜 loss=27.6383 temp=0.72 total_env_steps=7169 t=0.28s
Ep  140: len= 57 黑胜 loss=27.6362 temp=0.71 total_env_steps=7226 t=0.53s
Ep  141: len= 38 白胜 loss=27.5907 temp=0.70 total_env_steps=7264 t=0.35s
Ep  142: len= 26 白胜 loss=27.5117 temp=0.69 total_env_steps=7290 t=0.24s
Ep  143: len= 32 白胜 loss=27.6194 temp=0.69 total_env_steps=7322 t=0.29s
Ep  144: len= 35 黑胜 loss=27.3014 temp=0.68 total_env_steps=7357 t=0.31s
Ep  145: len= 56 白胜 loss=27.6004 temp=0.67 total_env_steps=7413 t=0.49s
Ep  146: len= 41 黑胜 loss=27.6329 temp=0.66 total_env_steps=7454 t=0.36s
Ep  147: len= 58 白胜 loss=27.7153 temp=0.65 total_env_steps=7512 t=0.51s
Ep  148: len= 62 白胜 loss=27.7400 temp=0.65 total_env_steps=7574 t=0.55s
Ep  149: len= 52 白胜 loss=27.5338 temp=0.64 total_env_steps=7626 t=0.45s
Ep  150: len= 59 黑胜 loss=27.5282 temp=0.63 total_env_steps=7685 t=0.53s
  eval vs Gomoku-random-v0: win_rate=0.75 mean_return=0.50（20 局，total_env_steps=7685）
Ep  151: len= 54 白胜 loss=27.4789 temp=0.62 total_env_steps=7739 t=0.48s
Ep  152: len= 55 黑胜 loss=27.5613 temp=0.62 total_env_steps=7794 t=0.51s
Ep  153: len= 55 黑胜 loss=27.5707 temp=0.61 total_env_steps=7849 t=0.48s
Ep  154: len= 74 白胜 loss=27.9099 temp=0.60 total_env_steps=7923 t=0.65s
Ep  155: len= 67 黑胜 loss=27.4910 temp=0.59 total_env_steps=7990 t=0.58s
Ep  156: len= 66 白胜 loss=27.5615 temp=0.59 total_env_steps=8056 t=0.57s
Ep  157: len= 53 黑胜 loss=27.6166 temp=0.58 total_env_steps=8109 t=0.47s
Ep  158: len= 57 黑胜 loss=27.3134 temp=0.57 total_env_steps=8166 t=0.50s
Ep  159: len= 36 白胜 loss=27.7237 temp=0.56 total_env_steps=8202 t=0.32s
Ep  160: len= 46 白胜 loss=27.6845 temp=0.56 total_env_steps=8248 t=0.42s
Ep  161: len= 34 白胜 loss=27.5513 temp=0.55 total_env_steps=8282 t=0.29s
Ep  162: len= 43 黑胜 loss=27.8520 temp=0.54 total_env_steps=8325 t=0.42s
Ep  163: len= 34 白胜 loss=27.7624 temp=0.53 total_env_steps=8359 t=0.35s
Ep  164: len= 32 白胜 loss=27.4902 temp=0.53 total_env_steps=8391 t=0.31s
Ep  165: len= 69 黑胜 loss=27.5881 temp=0.52 total_env_steps=8460 t=0.75s
Ep  166: len= 40 白胜 loss=27.3729 temp=0.51 total_env_steps=8500 t=0.36s
Ep  167: len= 41 黑胜 loss=27.6158 temp=0.50 total_env_steps=8541 t=0.36s
Ep  168: len= 36 白胜 loss=27.4564 temp=0.50 total_env_steps=8577 t=0.32s
Ep  169: len= 34 白胜 loss=27.7259 temp=0.49 total_env_steps=8611 t=0.30s
Ep  170: len= 39 黑胜 loss=27.6961 temp=0.48 total_env_steps=8650 t=0.36s
Ep  171: len= 57 黑胜 loss=27.8345 temp=0.48 total_env_steps=8707 t=0.53s
Ep  172: len= 64 白胜 loss=27.6959 temp=0.47 total_env_steps=8771 t=0.58s
Ep  173: len= 53 黑胜 loss=27.3893 temp=0.46 total_env_steps=8824 t=0.47s
Ep  174: len= 60 白胜 loss=27.4915 temp=0.45 total_env_steps=8884 t=0.51s
Ep  175: len= 32 白胜 loss=27.4406 temp=0.44 total_env_steps=8916 t=0.29s
Ep  176: len= 52 白胜 loss=27.5158 temp=0.44 total_env_steps=8968 t=0.47s
Ep  177: len= 36 白胜 loss=27.3450 temp=0.43 total_env_steps=9004 t=0.32s
Ep  178: len= 41 黑胜 loss=27.6579 temp=0.42 total_env_steps=9045 t=0.37s
Ep  179: len= 37 黑胜 loss=27.5048 temp=0.42 total_env_steps=9082 t=0.32s
Ep  180: len= 38 白胜 loss=27.6043 temp=0.41 total_env_steps=9120 t=0.38s
Ep  181: len= 53 黑胜 loss=27.5876 temp=0.40 total_env_steps=9173 t=0.47s
Ep  182: len= 33 黑胜 loss=27.6166 temp=0.39 total_env_steps=9206 t=0.29s
Ep  183: len= 32 白胜 loss=27.6684 temp=0.38 total_env_steps=9238 t=0.28s
Ep  184: len= 37 黑胜 loss=27.5149 temp=0.38 total_env_steps=9275 t=0.33s
Ep  185: len= 50 白胜 loss=27.5785 temp=0.37 total_env_steps=9325 t=0.44s
Ep  186: len= 43 黑胜 loss=27.6785 temp=0.36 total_env_steps=9368 t=0.38s
Ep  187: len= 28 白胜 loss=27.6207 temp=0.36 total_env_steps=9396 t=0.24s
Ep  188: len= 57 黑胜 loss=27.5748 temp=0.35 total_env_steps=9453 t=0.50s
Ep  189: len= 60 白胜 loss=27.5549 temp=0.34 total_env_steps=9513 t=0.52s
Ep  190: len= 28 白胜 loss=27.1721 temp=0.33 total_env_steps=9541 t=0.26s
Ep  191: len= 61 黑胜 loss=27.5640 temp=0.33 total_env_steps=9602 t=0.53s
Ep  192: len= 38 白胜 loss=27.3296 temp=0.32 total_env_steps=9640 t=0.34s
Ep  193: len= 77 黑胜 loss=27.4026 temp=0.31 total_env_steps=9717 t=0.68s
Ep  194: len= 37 黑胜 loss=27.5324 temp=0.30 total_env_steps=9754 t=0.33s
Ep  195: len= 37 黑胜 loss=27.1929 temp=0.30 total_env_steps=9791 t=0.33s
Ep  196: len= 38 白胜 loss=27.6292 temp=0.29 total_env_steps=9829 t=0.33s
Ep  197: len= 65 黑胜 loss=27.5243 temp=0.28 total_env_steps=9894 t=0.59s
Ep  198: len= 46 白胜 loss=27.1819 temp=0.27 total_env_steps=9940 t=0.42s
Ep  199: len= 44 白胜 loss=27.4674 temp=0.26 total_env_steps=9984 t=0.40s
Ep  200: len= 59 黑胜 loss=27.5098 temp=0.26 total_env_steps=10043 t=0.54s
  eval vs Gomoku-random-v0: win_rate=1.00 mean_return=1.00（20 局，total_env_steps=10043）
  ✅ 达标 ep=200 total_env_steps=10043
  📸 已拍权重快照（ep=200，gating 对弈基准）
Ep  201: len= 38 白胜 loss=27.3172 temp=0.25 total_env_steps=10081 t=0.34s
Ep  202: len= 58 白胜 loss=27.4757 temp=0.25 total_env_steps=10139 t=0.55s
Ep  203: len= 36 白胜 loss=27.2702 temp=0.25 total_env_steps=10175 t=0.34s
Ep  204: len= 40 白胜 loss=27.2008 temp=0.25 total_env_steps=10215 t=0.38s
Ep  205: len= 81 平局 loss=26.9678 temp=0.25 total_env_steps=10296 t=0.74s
Ep  206: len= 52 白胜 loss=27.2719 temp=0.25 total_env_steps=10348 t=0.46s
Ep  207: len= 48 白胜 loss=27.7346 temp=0.25 total_env_steps=10396 t=0.40s
Ep  208: len= 48 白胜 loss=27.5164 temp=0.25 total_env_steps=10444 t=0.40s
Ep  209: len= 37 黑胜 loss=27.7853 temp=0.25 total_env_steps=10481 t=0.37s
Ep  210: len= 29 黑胜 loss=27.6959 temp=0.25 total_env_steps=10510 t=0.25s
Ep  211: len= 47 黑胜 loss=27.3183 temp=0.25 total_env_steps=10557 t=0.42s
Ep  212: len= 45 黑胜 loss=27.3023 temp=0.25 total_env_steps=10602 t=0.38s
Ep  213: len= 48 白胜 loss=27.5953 temp=0.25 total_env_steps=10650 t=0.43s
Ep  214: len= 64 白胜 loss=27.6000 temp=0.25 total_env_steps=10714 t=0.54s
Ep  215: len= 64 白胜 loss=27.4412 temp=0.25 total_env_steps=10778 t=0.56s
Ep  216: len= 48 白胜 loss=27.0951 temp=0.25 total_env_steps=10826 t=0.47s
Ep  217: len= 67 黑胜 loss=27.0775 temp=0.25 total_env_steps=10893 t=0.58s
Ep  218: len= 38 白胜 loss=27.7043 temp=0.25 total_env_steps=10931 t=0.32s
Ep  219: len= 40 白胜 loss=27.0322 temp=0.25 total_env_steps=10971 t=0.35s
Ep  220: len= 63 黑胜 loss=27.0977 temp=0.25 total_env_steps=11034 t=0.54s
Ep  221: len= 52 白胜 loss=28.0239 temp=0.25 total_env_steps=11086 t=0.47s
Ep  222: len= 55 黑胜 loss=27.4128 temp=0.25 total_env_steps=11141 t=0.50s
Ep  223: len= 45 黑胜 loss=27.2969 temp=0.25 total_env_steps=11186 t=0.41s
Ep  224: len= 49 黑胜 loss=26.9892 temp=0.25 total_env_steps=11235 t=0.43s
Ep  225: len= 42 白胜 loss=27.4550 temp=0.25 total_env_steps=11277 t=0.37s
Ep  226: len= 39 黑胜 loss=27.3899 temp=0.25 total_env_steps=11316 t=0.35s
Ep  227: len= 42 白胜 loss=27.1476 temp=0.25 total_env_steps=11358 t=0.37s
Ep  228: len= 50 白胜 loss=27.3366 temp=0.25 total_env_steps=11408 t=0.44s
Ep  229: len= 46 白胜 loss=27.3319 temp=0.25 total_env_steps=11454 t=0.41s
Ep  230: len= 40 白胜 loss=26.9641 temp=0.25 total_env_steps=11494 t=0.35s
Ep  231: len= 47 黑胜 loss=27.0733 temp=0.25 total_env_steps=11541 t=0.42s
Ep  232: len= 54 白胜 loss=27.1432 temp=0.25 total_env_steps=11595 t=0.47s
Ep  233: len= 33 黑胜 loss=27.7776 temp=0.25 total_env_steps=11628 t=0.29s
Ep  234: len= 39 黑胜 loss=26.9619 temp=0.25 total_env_steps=11667 t=0.36s
Ep  235: len= 63 黑胜 loss=27.3525 temp=0.25 total_env_steps=11730 t=0.56s
Ep  236: len= 46 白胜 loss=27.5444 temp=0.25 total_env_steps=11776 t=0.40s
Ep  237: len= 33 黑胜 loss=27.6471 temp=0.25 total_env_steps=11809 t=0.29s
Ep  238: len= 42 白胜 loss=27.1444 temp=0.25 total_env_steps=11851 t=0.37s
Ep  239: len= 52 白胜 loss=27.2450 temp=0.25 total_env_steps=11903 t=0.49s
Ep  240: len= 46 白胜 loss=27.2545 temp=0.25 total_env_steps=11949 t=0.40s
Ep  241: len= 48 白胜 loss=27.2877 temp=0.25 total_env_steps=11997 t=0.43s
Ep  242: len= 55 黑胜 loss=26.7215 temp=0.25 total_env_steps=12052 t=0.48s
Ep  243: len= 50 白胜 loss=27.1884 temp=0.25 total_env_steps=12102 t=0.44s
Ep  244: len= 27 黑胜 loss=27.3675 temp=0.25 total_env_steps=12129 t=0.24s
Ep  245: len= 75 黑胜 loss=27.1468 temp=0.25 total_env_steps=12204 t=0.72s
Ep  246: len= 35 黑胜 loss=27.0831 temp=0.25 total_env_steps=12239 t=0.33s
Ep  247: len= 49 黑胜 loss=26.6638 temp=0.25 total_env_steps=12288 t=0.46s
Ep  248: len= 65 黑胜 loss=27.5718 temp=0.25 total_env_steps=12353 t=0.60s
Ep  249: len= 42 白胜 loss=27.5380 temp=0.25 total_env_steps=12395 t=0.35s
Ep  250: len= 43 黑胜 loss=27.4370 temp=0.25 total_env_steps=12438 t=0.39s
  eval vs Gomoku-random-v0: win_rate=0.85 mean_return=0.70（20 局，total_env_steps=12438）
Ep  251: len= 44 白胜 loss=27.4333 temp=0.25 total_env_steps=12482 t=0.37s
Ep  252: len= 39 黑胜 loss=27.7068 temp=0.25 total_env_steps=12521 t=0.39s
Ep  253: len= 29 黑胜 loss=27.1164 temp=0.25 total_env_steps=12550 t=0.31s
Ep  254: len= 61 黑胜 loss=27.1666 temp=0.25 total_env_steps=12611 t=0.60s
Ep  255: len= 68 白胜 loss=27.3739 temp=0.25 total_env_steps=12679 t=0.75s
Ep  256: len= 62 白胜 loss=27.0990 temp=0.25 total_env_steps=12741 t=0.68s
Ep  257: len= 31 黑胜 loss=26.9380 temp=0.25 total_env_steps=12772 t=0.36s
Ep  258: len= 24 白胜 loss=26.5339 temp=0.25 total_env_steps=12796 t=0.26s
Ep  259: len= 27 黑胜 loss=26.9994 temp=0.25 total_env_steps=12823 t=0.29s
Ep  260: len= 54 白胜 loss=27.3252 temp=0.25 total_env_steps=12877 t=0.56s
Ep  261: len= 61 黑胜 loss=27.3765 temp=0.25 total_env_steps=12938 t=0.59s
Ep  262: len= 30 白胜 loss=27.0675 temp=0.25 total_env_steps=12968 t=0.29s
Ep  263: len= 20 白胜 loss=26.6888 temp=0.25 total_env_steps=12988 t=0.20s
Ep  264: len= 36 白胜 loss=26.3431 temp=0.25 total_env_steps=13024 t=0.34s
Ep  265: len= 34 白胜 loss=27.3383 temp=0.25 total_env_steps=13058 t=0.29s
Ep  266: len= 47 黑胜 loss=26.8771 temp=0.25 total_env_steps=13105 t=0.42s
Ep  267: len= 32 白胜 loss=26.9846 temp=0.25 total_env_steps=13137 t=0.28s
Ep  268: len= 48 白胜 loss=26.9761 temp=0.25 total_env_steps=13185 t=0.45s
Ep  269: len= 26 白胜 loss=26.8192 temp=0.25 total_env_steps=13211 t=0.25s
Ep  270: len= 43 黑胜 loss=27.1184 temp=0.25 total_env_steps=13254 t=0.39s
Ep  271: len= 45 黑胜 loss=26.7526 temp=0.25 total_env_steps=13299 t=0.40s
Ep  272: len= 34 白胜 loss=26.5813 temp=0.25 total_env_steps=13333 t=0.30s
Ep  273: len= 42 白胜 loss=26.3413 temp=0.25 total_env_steps=13375 t=0.35s
Ep  274: len= 32 白胜 loss=26.7900 temp=0.25 total_env_steps=13407 t=0.29s
Ep  275: len= 29 黑胜 loss=26.7319 temp=0.25 total_env_steps=13436 t=0.28s
Ep  276: len= 49 黑胜 loss=26.7037 temp=0.25 total_env_steps=13485 t=0.49s
Ep  277: len= 45 黑胜 loss=26.3320 temp=0.25 total_env_steps=13530 t=0.50s
Ep  278: len= 30 白胜 loss=26.6222 temp=0.25 total_env_steps=13560 t=0.33s
Ep  279: len= 45 黑胜 loss=26.6684 temp=0.25 total_env_steps=13605 t=0.46s
Ep  280: len= 47 黑胜 loss=26.7851 temp=0.25 total_env_steps=13652 t=0.47s
Ep  281: len= 50 白胜 loss=26.9789 temp=0.25 total_env_steps=13702 t=0.47s
Ep  282: len= 38 白胜 loss=26.6312 temp=0.25 total_env_steps=13740 t=0.37s
Ep  283: len= 43 黑胜 loss=26.8451 temp=0.25 total_env_steps=13783 t=0.38s
Ep  284: len= 43 黑胜 loss=26.4457 temp=0.25 total_env_steps=13826 t=0.38s
Ep  285: len= 56 白胜 loss=26.8660 temp=0.25 total_env_steps=13882 t=0.54s
Ep  286: len= 28 白胜 loss=26.6908 temp=0.25 total_env_steps=13910 t=0.28s
Ep  287: len= 40 白胜 loss=26.6316 temp=0.25 total_env_steps=13950 t=0.45s
Ep  288: len= 46 白胜 loss=26.0208 temp=0.25 total_env_steps=13996 t=0.46s
Ep  289: len= 29 黑胜 loss=26.5821 temp=0.25 total_env_steps=14025 t=0.32s
Ep  290: len= 25 黑胜 loss=26.9529 temp=0.25 total_env_steps=14050 t=0.28s
Ep  291: len= 44 白胜 loss=26.9102 temp=0.25 total_env_steps=14094 t=0.40s
Ep  292: len= 50 白胜 loss=26.2888 temp=0.25 total_env_steps=14144 t=0.44s
Ep  293: len= 35 黑胜 loss=26.8892 temp=0.25 total_env_steps=14179 t=0.33s
Ep  294: len= 29 黑胜 loss=26.7953 temp=0.25 total_env_steps=14208 t=0.26s
Ep  295: len= 27 黑胜 loss=26.7604 temp=0.25 total_env_steps=14235 t=0.25s
Ep  296: len= 55 黑胜 loss=26.2280 temp=0.25 total_env_steps=14290 t=0.53s
Ep  297: len= 29 黑胜 loss=26.0480 temp=0.25 total_env_steps=14319 t=0.29s
Ep  298: len= 31 黑胜 loss=26.2523 temp=0.25 total_env_steps=14350 t=0.32s
Ep  299: len= 32 白胜 loss=26.6740 temp=0.25 total_env_steps=14382 t=0.31s
Ep  300: len= 45 黑胜 loss=26.8074 temp=0.25 total_env_steps=14427 t=0.42s
  eval vs Gomoku-random-v0: win_rate=0.85 mean_return=0.70（20 局，total_env_steps=14427）
Ep  301: len= 41 黑胜 loss=26.4799 temp=0.25 total_env_steps=14468 t=0.40s
Ep  302: len= 32 白胜 loss=26.2808 temp=0.25 total_env_steps=14500 t=0.31s
Ep  303: len= 21 黑胜 loss=26.6522 temp=0.25 total_env_steps=14521 t=0.22s
Ep  304: len= 38 白胜 loss=26.9428 temp=0.25 total_env_steps=14559 t=0.36s
Ep  305: len= 18 白胜 loss=26.2014 temp=0.25 total_env_steps=14577 t=0.18s
Ep  306: len= 33 黑胜 loss=26.3790 temp=0.25 total_env_steps=14610 t=0.31s
Ep  307: len= 64 白胜 loss=26.1372 temp=0.25 total_env_steps=14674 t=0.58s
Ep  308: len= 67 黑胜 loss=26.3024 temp=0.25 total_env_steps=14741 t=0.66s
Ep  309: len= 57 黑胜 loss=26.6585 temp=0.25 total_env_steps=14798 t=0.54s
Ep  310: len= 48 白胜 loss=25.5577 temp=0.25 total_env_steps=14846 t=0.53s
Ep  311: len= 37 黑胜 loss=26.3509 temp=0.25 total_env_steps=14883 t=0.38s
Ep  312: len= 32 白胜 loss=26.5592 temp=0.25 total_env_steps=14915 t=0.34s
Ep  313: len= 31 黑胜 loss=26.3160 temp=0.25 total_env_steps=14946 t=0.32s
Ep  314: len= 41 黑胜 loss=25.9719 temp=0.25 total_env_steps=14987 t=0.37s
Ep  315: len= 30 白胜 loss=26.3751 temp=0.25 total_env_steps=15017 t=0.32s
Ep  316: len= 27 黑胜 loss=26.8956 temp=0.25 total_env_steps=15044 t=0.25s
Ep  317: len= 58 白胜 loss=26.0917 temp=0.25 total_env_steps=15102 t=0.53s
Ep  318: len= 57 黑胜 loss=26.2595 temp=0.25 total_env_steps=15159 t=0.49s
Ep  319: len= 51 黑胜 loss=26.4971 temp=0.25 total_env_steps=15210 t=0.42s
Ep  320: len= 42 白胜 loss=25.6474 temp=0.25 total_env_steps=15252 t=0.36s
Ep  321: len= 30 白胜 loss=26.2457 temp=0.25 total_env_steps=15282 t=0.25s
Ep  322: len= 36 白胜 loss=25.5148 temp=0.25 total_env_steps=15318 t=0.31s
Ep  323: len= 43 黑胜 loss=25.8794 temp=0.25 total_env_steps=15361 t=0.36s
Ep  324: len= 36 白胜 loss=26.1631 temp=0.25 total_env_steps=15397 t=0.31s
Ep  325: len= 44 白胜 loss=26.8993 temp=0.25 total_env_steps=15441 t=0.38s
Ep  326: len= 41 黑胜 loss=26.1475 temp=0.25 total_env_steps=15482 t=0.35s
Ep  327: len= 29 黑胜 loss=26.0249 temp=0.25 total_env_steps=15511 t=0.28s
Ep  328: len= 45 黑胜 loss=26.3030 temp=0.25 total_env_steps=15556 t=0.41s
Ep  329: len= 36 白胜 loss=25.7622 temp=0.25 total_env_steps=15592 t=0.32s
Ep  330: len= 42 白胜 loss=25.8181 temp=0.25 total_env_steps=15634 t=0.36s
Ep  331: len= 30 白胜 loss=26.1925 temp=0.25 total_env_steps=15664 t=0.27s
Ep  332: len= 40 白胜 loss=25.7100 temp=0.25 total_env_steps=15704 t=0.42s
Ep  333: len= 34 白胜 loss=25.9049 temp=0.25 total_env_steps=15738 t=0.32s
Ep  334: len= 47 黑胜 loss=26.0676 temp=0.25 total_env_steps=15785 t=0.49s
Ep  335: len= 33 黑胜 loss=26.3239 temp=0.25 total_env_steps=15818 t=0.43s
Ep  336: len= 43 黑胜 loss=25.5574 temp=0.25 total_env_steps=15861 t=0.47s
Ep  337: len= 33 黑胜 loss=25.8935 temp=0.25 total_env_steps=15894 t=0.36s
Ep  338: len= 33 黑胜 loss=25.0940 temp=0.25 total_env_steps=15927 t=0.33s
Ep  339: len= 18 白胜 loss=25.9052 temp=0.25 total_env_steps=15945 t=0.18s
Ep  340: len= 71 黑胜 loss=26.0916 temp=0.25 total_env_steps=16016 t=0.63s
Ep  341: len= 35 黑胜 loss=25.8486 temp=0.25 total_env_steps=16051 t=0.31s
Ep  342: len= 49 黑胜 loss=25.3802 temp=0.25 total_env_steps=16100 t=0.46s
Ep  343: len= 52 白胜 loss=25.8243 temp=0.25 total_env_steps=16152 t=0.47s
Ep  344: len= 26 白胜 loss=25.5591 temp=0.25 total_env_steps=16178 t=0.23s
Ep  345: len= 33 黑胜 loss=25.4087 temp=0.25 total_env_steps=16211 t=0.30s
Ep  346: len= 35 黑胜 loss=26.0563 temp=0.25 total_env_steps=16246 t=0.30s
Ep  347: len= 56 白胜 loss=25.9217 temp=0.25 total_env_steps=16302 t=0.49s
Ep  348: len= 33 黑胜 loss=25.7664 temp=0.25 total_env_steps=16335 t=0.30s
Ep  349: len= 32 白胜 loss=25.8415 temp=0.25 total_env_steps=16367 t=0.30s
Ep  350: len= 17 黑胜 loss=26.2662 temp=0.25 total_env_steps=16384 t=0.17s
  eval vs Gomoku-random-v0: win_rate=0.95 mean_return=0.90（20 局，total_env_steps=16384）
Ep  351: len= 59 黑胜 loss=26.1113 temp=0.25 total_env_steps=16443 t=0.54s
Ep  352: len= 72 白胜 loss=26.3727 temp=0.25 total_env_steps=16515 t=0.62s
Ep  353: len= 40 白胜 loss=26.3511 temp=0.25 total_env_steps=16555 t=0.36s
Ep  354: len= 28 白胜 loss=26.4622 temp=0.25 total_env_steps=16583 t=0.26s
Ep  355: len= 25 黑胜 loss=26.3249 temp=0.25 total_env_steps=16608 t=0.24s
Ep  356: len= 42 白胜 loss=26.0876 temp=0.25 total_env_steps=16650 t=0.37s
Ep  357: len= 40 白胜 loss=25.9560 temp=0.25 total_env_steps=16690 t=0.36s
Ep  358: len= 54 白胜 loss=25.4119 temp=0.25 total_env_steps=16744 t=0.48s
Ep  359: len= 32 白胜 loss=25.9942 temp=0.25 total_env_steps=16776 t=0.29s
Ep  360: len= 29 黑胜 loss=25.7192 temp=0.25 total_env_steps=16805 t=0.27s
Ep  361: len= 44 白胜 loss=25.2974 temp=0.25 total_env_steps=16849 t=0.41s
Ep  362: len= 48 白胜 loss=25.8026 temp=0.25 total_env_steps=16897 t=0.47s
Ep  363: len= 22 白胜 loss=25.0283 temp=0.25 total_env_steps=16919 t=0.24s
Ep  364: len= 62 白胜 loss=25.7359 temp=0.25 total_env_steps=16981 t=0.54s
Ep  365: len= 51 黑胜 loss=25.9045 temp=0.25 total_env_steps=17032 t=0.46s
Ep  366: len= 40 白胜 loss=25.2415 temp=0.25 total_env_steps=17072 t=0.39s
Ep  367: len= 49 黑胜 loss=24.9437 temp=0.25 total_env_steps=17121 t=0.45s
Ep  368: len= 56 白胜 loss=26.0379 temp=0.25 total_env_steps=17177 t=0.49s
Ep  369: len= 33 黑胜 loss=25.0071 temp=0.25 total_env_steps=17210 t=0.30s
Ep  370: len= 29 黑胜 loss=25.8560 temp=0.25 total_env_steps=17239 t=0.26s
Ep  371: len= 47 黑胜 loss=25.2440 temp=0.25 total_env_steps=17286 t=0.44s
Ep  372: len= 43 黑胜 loss=26.2302 temp=0.25 total_env_steps=17329 t=0.40s
Ep  373: len= 23 黑胜 loss=25.5997 temp=0.25 total_env_steps=17352 t=0.22s
Ep  374: len= 61 黑胜 loss=25.9185 temp=0.25 total_env_steps=17413 t=0.53s
Ep  375: len= 31 黑胜 loss=25.8645 temp=0.25 total_env_steps=17444 t=0.29s
Ep  376: len= 47 黑胜 loss=25.8136 temp=0.25 total_env_steps=17491 t=0.42s
Ep  377: len= 42 白胜 loss=25.9234 temp=0.25 total_env_steps=17533 t=0.39s
Ep  378: len= 73 黑胜 loss=25.3673 temp=0.25 total_env_steps=17606 t=0.66s
Ep  379: len= 36 白胜 loss=25.5152 temp=0.25 total_env_steps=17642 t=0.33s
Ep  380: len= 41 黑胜 loss=26.2198 temp=0.25 total_env_steps=17683 t=0.36s
Ep  381: len= 24 白胜 loss=25.8103 temp=0.25 total_env_steps=17707 t=0.22s
Ep  382: len= 55 黑胜 loss=24.8388 temp=0.25 total_env_steps=17762 t=0.49s
Ep  383: len= 42 白胜 loss=25.5674 temp=0.25 total_env_steps=17804 t=0.41s
Ep  384: len= 47 黑胜 loss=25.2280 temp=0.25 total_env_steps=17851 t=0.43s
Ep  385: len= 34 白胜 loss=25.7238 temp=0.25 total_env_steps=17885 t=0.32s
Ep  386: len= 36 白胜 loss=25.1103 temp=0.25 total_env_steps=17921 t=0.37s
Ep  387: len= 32 白胜 loss=24.9266 temp=0.25 total_env_steps=17953 t=0.32s
Ep  388: len= 41 黑胜 loss=26.0214 temp=0.25 total_env_steps=17994 t=0.41s
Ep  389: len= 36 白胜 loss=25.5222 temp=0.25 total_env_steps=18030 t=0.34s
Ep  390: len= 68 白胜 loss=25.7239 temp=0.25 total_env_steps=18098 t=0.64s
Ep  391: len= 56 白胜 loss=25.3587 temp=0.25 total_env_steps=18154 t=0.50s
Ep  392: len= 50 白胜 loss=24.7957 temp=0.25 total_env_steps=18204 t=0.47s
Ep  393: len= 18 白胜 loss=25.4390 temp=0.25 total_env_steps=18222 t=0.18s
Ep  394: len= 53 黑胜 loss=25.3439 temp=0.25 total_env_steps=18275 t=0.48s
Ep  395: len= 34 白胜 loss=25.6778 temp=0.25 total_env_steps=18309 t=0.30s
Ep  396: len= 53 黑胜 loss=25.4658 temp=0.25 total_env_steps=18362 t=0.44s
Ep  397: len= 26 白胜 loss=25.8266 temp=0.25 total_env_steps=18388 t=0.23s
Ep  398: len= 38 白胜 loss=25.5689 temp=0.25 total_env_steps=18426 t=0.33s
Ep  399: len= 38 白胜 loss=24.7956 temp=0.25 total_env_steps=18464 t=0.33s
Ep  400: len= 21 黑胜 loss=25.6802 temp=0.25 total_env_steps=18485 t=0.18s
  eval vs Gomoku-random-v0: win_rate=1.00 mean_return=1.00（20 局，total_env_steps=18485）
[闸门] vs random（40 局）: win_rate=0.950
[闸门] vs 半程快照（40 局，黑白各半）: score=0.950
[梯队] vs naive0（20 局，观察性）: win_rate=0.05
[梯队] vs naive1（20 局，观察性）: win_rate=0.00
[梯队] vs naive2（20 局，观察性）: win_rate=0.00
[梯队] vs naive3（20 局，观察性）: win_rate=0.00
📈 Gomoku-selfplay-v0 win_rate=1.00（best 1.00）| 门槛 0.95 | 230.2s

--- arm=sims400 seed=43 sims=400 ---
[MyZero-board Gomoku-selfplay-v0] obs=243(3×9²) |A|=81 sims=400 γ=1.0 negamax
Ep    1: len= 72 白胜 loss=0.0000 temp=1.00 total_env_steps=72 t=0.56s
Ep    2: len= 41 黑胜 loss=0.0000 temp=1.00 total_env_steps=113 t=0.33s
Ep    3: len= 56 白胜 loss=0.0000 temp=1.00 total_env_steps=169 t=0.45s
Ep    4: len= 57 黑胜 loss=0.0000 temp=1.00 total_env_steps=226 t=0.45s
Ep    5: len= 27 黑胜 loss=0.0000 temp=1.00 total_env_steps=253 t=0.21s
Ep    6: len= 46 白胜 loss=0.0000 temp=1.00 total_env_steps=299 t=0.37s
Ep    7: len= 66 白胜 loss=0.0000 temp=1.00 total_env_steps=365 t=0.51s
Ep    8: len= 45 黑胜 loss=0.0000 temp=1.00 total_env_steps=410 t=0.39s
Ep    9: len= 45 黑胜 loss=0.0000 temp=1.00 total_env_steps=455 t=0.37s
Ep   10: len= 58 白胜 loss=35.8344 temp=1.00 total_env_steps=513 t=0.48s
Ep   11: len= 69 黑胜 loss=28.6796 temp=1.00 total_env_steps=582 t=0.55s
Ep   12: len= 65 黑胜 loss=28.3120 temp=1.00 total_env_steps=647 t=0.52s
Ep   13: len= 55 黑胜 loss=28.3385 temp=1.00 total_env_steps=702 t=0.50s
Ep   14: len= 50 白胜 loss=28.1961 temp=1.00 total_env_steps=752 t=0.40s
Ep   15: len= 43 黑胜 loss=28.2966 temp=1.00 total_env_steps=795 t=0.36s
Ep   16: len= 47 黑胜 loss=28.2254 temp=1.00 total_env_steps=842 t=0.39s
Ep   17: len= 48 白胜 loss=28.0522 temp=1.00 total_env_steps=890 t=0.38s
Ep   18: len= 66 白胜 loss=28.0945 temp=1.00 total_env_steps=956 t=0.53s
Ep   19: len= 40 白胜 loss=27.9739 temp=1.00 total_env_steps=996 t=0.33s
Ep   20: len= 53 黑胜 loss=28.4257 temp=1.00 total_env_steps=1049 t=0.62s
Ep   21: len= 61 黑胜 loss=28.6983 temp=1.00 total_env_steps=1110 t=0.49s
Ep   22: len= 81 黑胜 loss=28.6970 temp=1.00 total_env_steps=1191 t=0.85s
Ep   23: len= 29 黑胜 loss=28.1833 temp=1.00 total_env_steps=1220 t=0.38s
Ep   24: len= 69 黑胜 loss=28.3762 temp=1.00 total_env_steps=1289 t=0.56s
Ep   25: len= 52 白胜 loss=28.2901 temp=1.00 total_env_steps=1341 t=0.43s
Ep   26: len= 62 白胜 loss=28.3214 temp=1.00 total_env_steps=1403 t=0.50s
Ep   27: len= 47 黑胜 loss=27.9122 temp=1.00 total_env_steps=1450 t=0.38s
Ep   28: len= 65 黑胜 loss=28.2743 temp=1.00 total_env_steps=1515 t=0.51s
Ep   29: len= 62 白胜 loss=28.2412 temp=1.00 total_env_steps=1577 t=0.49s
Ep   30: len= 62 白胜 loss=28.4197 temp=1.00 total_env_steps=1639 t=0.52s
Ep   31: len= 55 黑胜 loss=28.5206 temp=1.00 total_env_steps=1694 t=0.45s
Ep   32: len= 33 黑胜 loss=28.3039 temp=1.00 total_env_steps=1727 t=0.28s
Ep   33: len= 43 黑胜 loss=28.1794 temp=1.00 total_env_steps=1770 t=0.36s
Ep   34: len= 47 黑胜 loss=28.2447 temp=1.00 total_env_steps=1817 t=0.44s
Ep   35: len= 26 白胜 loss=28.4412 temp=1.00 total_env_steps=1843 t=0.22s
Ep   36: len= 47 黑胜 loss=28.4237 temp=1.00 total_env_steps=1890 t=0.39s
Ep   37: len= 53 黑胜 loss=28.5060 temp=1.00 total_env_steps=1943 t=0.46s
Ep   38: len= 49 黑胜 loss=28.1841 temp=1.00 total_env_steps=1992 t=0.42s
Ep   39: len= 55 黑胜 loss=28.5393 temp=1.00 total_env_steps=2047 t=0.44s
Ep   40: len= 59 黑胜 loss=28.2053 temp=1.00 total_env_steps=2106 t=0.56s
Ep   41: len= 59 黑胜 loss=28.0286 temp=1.00 total_env_steps=2165 t=0.49s
Ep   42: len= 75 黑胜 loss=27.8667 temp=1.00 total_env_steps=2240 t=0.64s
Ep   43: len= 52 白胜 loss=27.9978 temp=1.00 total_env_steps=2292 t=0.44s
Ep   44: len= 26 白胜 loss=28.3477 temp=1.00 total_env_steps=2318 t=0.21s
Ep   45: len= 54 白胜 loss=28.0803 temp=1.00 total_env_steps=2372 t=0.43s
Ep   46: len= 44 白胜 loss=28.0993 temp=1.00 total_env_steps=2416 t=0.37s
Ep   47: len= 41 黑胜 loss=28.2116 temp=1.00 total_env_steps=2457 t=0.35s
Ep   48: len= 32 白胜 loss=28.3130 temp=1.00 total_env_steps=2489 t=0.26s
Ep   49: len= 56 白胜 loss=28.2268 temp=1.00 total_env_steps=2545 t=0.46s
Ep   50: len= 41 黑胜 loss=27.7999 temp=1.00 total_env_steps=2586 t=0.32s
  eval vs Gomoku-random-v0: win_rate=0.80 mean_return=0.60（20 局，total_env_steps=2586）
Ep   51: len= 49 黑胜 loss=27.9209 temp=1.00 total_env_steps=2635 t=0.40s
Ep   52: len= 55 黑胜 loss=28.0652 temp=1.00 total_env_steps=2690 t=0.46s
Ep   53: len= 63 黑胜 loss=27.9593 temp=1.00 total_env_steps=2753 t=0.51s
Ep   54: len= 33 黑胜 loss=28.1875 temp=1.00 total_env_steps=2786 t=0.27s
Ep   55: len= 59 黑胜 loss=27.8627 temp=1.00 total_env_steps=2845 t=0.47s
Ep   56: len= 64 白胜 loss=27.9420 temp=1.00 total_env_steps=2909 t=0.53s
Ep   57: len= 52 白胜 loss=27.8236 temp=1.00 total_env_steps=2961 t=0.41s
Ep   58: len= 56 白胜 loss=28.0740 temp=1.00 total_env_steps=3017 t=0.44s
Ep   59: len= 51 黑胜 loss=28.0103 temp=1.00 total_env_steps=3068 t=0.41s
Ep   60: len= 35 黑胜 loss=28.0655 temp=1.00 total_env_steps=3103 t=0.28s
Ep   61: len= 44 白胜 loss=27.9732 temp=1.00 total_env_steps=3147 t=0.35s
Ep   62: len= 58 白胜 loss=27.6650 temp=1.00 total_env_steps=3205 t=0.46s
Ep   63: len= 52 白胜 loss=28.2416 temp=1.00 total_env_steps=3257 t=0.41s
Ep   64: len= 59 黑胜 loss=28.1827 temp=1.00 total_env_steps=3316 t=0.51s
Ep   65: len= 48 白胜 loss=27.7335 temp=1.00 total_env_steps=3364 t=0.43s
Ep   66: len= 56 白胜 loss=27.5760 temp=1.00 total_env_steps=3420 t=0.44s
Ep   67: len= 58 白胜 loss=27.6140 temp=1.00 total_env_steps=3478 t=0.46s
Ep   68: len= 64 白胜 loss=28.0670 temp=1.00 total_env_steps=3542 t=0.52s
Ep   69: len= 63 黑胜 loss=27.9093 temp=1.00 total_env_steps=3605 t=0.49s
Ep   70: len= 37 黑胜 loss=27.9177 temp=1.00 total_env_steps=3642 t=0.29s
Ep   71: len= 61 黑胜 loss=27.7290 temp=1.00 total_env_steps=3703 t=0.50s
Ep   72: len= 40 白胜 loss=27.7538 temp=1.00 total_env_steps=3743 t=0.33s
Ep   73: len= 62 白胜 loss=28.1415 temp=1.00 total_env_steps=3805 t=0.52s
Ep   74: len= 62 白胜 loss=27.6423 temp=1.00 total_env_steps=3867 t=0.52s
Ep   75: len= 59 黑胜 loss=27.8623 temp=1.00 total_env_steps=3926 t=0.53s
Ep   76: len= 50 白胜 loss=27.8008 temp=1.00 total_env_steps=3976 t=0.38s
Ep   77: len= 60 白胜 loss=27.8145 temp=1.00 total_env_steps=4036 t=0.47s
Ep   78: len= 61 黑胜 loss=27.3738 temp=1.00 total_env_steps=4097 t=0.49s
Ep   79: len= 35 黑胜 loss=28.1655 temp=1.00 total_env_steps=4132 t=0.28s
Ep   80: len= 47 黑胜 loss=27.7196 temp=1.00 total_env_steps=4179 t=0.37s
Ep   81: len= 53 黑胜 loss=28.0979 temp=1.00 total_env_steps=4232 t=0.42s
Ep   82: len= 29 黑胜 loss=27.8765 temp=1.00 total_env_steps=4261 t=0.24s
Ep   83: len= 50 白胜 loss=27.6896 temp=1.00 total_env_steps=4311 t=0.40s
Ep   84: len= 57 黑胜 loss=27.9368 temp=1.00 total_env_steps=4368 t=0.45s
Ep   85: len= 48 白胜 loss=27.9926 temp=1.00 total_env_steps=4416 t=0.39s
Ep   86: len= 46 白胜 loss=27.7513 temp=1.00 total_env_steps=4462 t=0.37s
Ep   87: len= 43 黑胜 loss=27.8194 temp=1.00 total_env_steps=4505 t=0.35s
Ep   88: len= 53 黑胜 loss=27.9472 temp=1.00 total_env_steps=4558 t=0.43s
Ep   89: len= 36 白胜 loss=28.1352 temp=1.00 total_env_steps=4594 t=0.30s
Ep   90: len= 38 白胜 loss=27.6284 temp=1.00 total_env_steps=4632 t=0.30s
Ep   91: len= 19 黑胜 loss=27.4603 temp=1.00 total_env_steps=4651 t=0.16s
Ep   92: len= 57 黑胜 loss=28.0012 temp=1.00 total_env_steps=4708 t=0.45s
Ep   93: len= 42 白胜 loss=27.8193 temp=1.00 total_env_steps=4750 t=0.34s
Ep   94: len= 52 白胜 loss=27.9588 temp=1.00 total_env_steps=4802 t=0.43s
Ep   95: len= 38 白胜 loss=27.8416 temp=1.00 total_env_steps=4840 t=0.30s
Ep   96: len= 41 黑胜 loss=27.8094 temp=1.00 total_env_steps=4881 t=0.32s
Ep   97: len= 44 白胜 loss=27.7263 temp=1.00 total_env_steps=4925 t=0.35s
Ep   98: len= 40 白胜 loss=28.2839 temp=1.00 total_env_steps=4965 t=0.31s
Ep   99: len= 26 白胜 loss=27.8398 temp=1.00 total_env_steps=4991 t=0.21s
Ep  100: len= 49 黑胜 loss=27.7898 temp=1.00 total_env_steps=5040 t=0.40s
  eval vs Gomoku-random-v0: win_rate=0.95 mean_return=0.90（20 局，total_env_steps=5040）
  ✅ 达标 ep=100 total_env_steps=5040
Ep  101: len= 45 黑胜 loss=27.7561 temp=1.00 total_env_steps=5085 t=0.38s
Ep  102: len= 53 黑胜 loss=27.5026 temp=0.99 total_env_steps=5138 t=0.42s
Ep  103: len= 34 白胜 loss=27.6807 temp=0.99 total_env_steps=5172 t=0.28s
Ep  104: len= 43 黑胜 loss=27.6140 temp=0.98 total_env_steps=5215 t=0.35s
Ep  105: len= 44 白胜 loss=27.6801 temp=0.97 total_env_steps=5259 t=0.35s
Ep  106: len= 61 黑胜 loss=28.2793 temp=0.96 total_env_steps=5320 t=0.49s
Ep  107: len= 60 白胜 loss=27.6212 temp=0.95 total_env_steps=5380 t=0.47s
Ep  108: len= 50 白胜 loss=27.7854 temp=0.95 total_env_steps=5430 t=0.40s
Ep  109: len= 63 黑胜 loss=27.7818 temp=0.94 total_env_steps=5493 t=0.51s
Ep  110: len= 42 白胜 loss=27.5619 temp=0.93 total_env_steps=5535 t=0.33s
Ep  111: len= 37 黑胜 loss=27.5298 temp=0.93 total_env_steps=5572 t=0.31s
Ep  112: len= 40 白胜 loss=27.5349 temp=0.92 total_env_steps=5612 t=0.32s
Ep  113: len= 32 白胜 loss=27.4200 temp=0.91 total_env_steps=5644 t=0.25s
Ep  114: len= 56 白胜 loss=27.4385 temp=0.90 total_env_steps=5700 t=0.45s
Ep  115: len= 41 黑胜 loss=27.6911 temp=0.89 total_env_steps=5741 t=0.34s
Ep  116: len= 54 白胜 loss=27.7859 temp=0.89 total_env_steps=5795 t=0.44s
Ep  117: len= 50 白胜 loss=27.6034 temp=0.88 total_env_steps=5845 t=0.40s
Ep  118: len= 54 白胜 loss=27.3371 temp=0.87 total_env_steps=5899 t=0.45s
Ep  119: len= 46 白胜 loss=27.7410 temp=0.87 total_env_steps=5945 t=0.37s
Ep  120: len= 48 白胜 loss=27.7519 temp=0.86 total_env_steps=5993 t=0.39s
Ep  121: len= 58 白胜 loss=27.5424 temp=0.85 total_env_steps=6051 t=0.48s
Ep  122: len= 19 黑胜 loss=27.7085 temp=0.84 total_env_steps=6070 t=0.16s
Ep  123: len= 47 黑胜 loss=27.5533 temp=0.84 total_env_steps=6117 t=0.37s
Ep  124: len= 28 白胜 loss=27.5027 temp=0.83 total_env_steps=6145 t=0.23s
Ep  125: len= 39 黑胜 loss=27.8375 temp=0.82 total_env_steps=6184 t=0.31s
Ep  126: len= 38 白胜 loss=27.3963 temp=0.81 total_env_steps=6222 t=0.30s
Ep  127: len= 55 黑胜 loss=27.7492 temp=0.81 total_env_steps=6277 t=0.43s
Ep  128: len= 66 白胜 loss=27.4243 temp=0.80 total_env_steps=6343 t=0.54s
Ep  129: len= 62 白胜 loss=27.3398 temp=0.79 total_env_steps=6405 t=0.48s
Ep  130: len= 49 黑胜 loss=27.2492 temp=0.78 total_env_steps=6454 t=0.39s
Ep  131: len= 21 黑胜 loss=27.0976 temp=0.77 total_env_steps=6475 t=0.16s
Ep  132: len= 51 黑胜 loss=27.5179 temp=0.77 total_env_steps=6526 t=0.40s
Ep  133: len= 43 黑胜 loss=27.2544 temp=0.76 total_env_steps=6569 t=0.34s
Ep  134: len= 71 黑胜 loss=27.4288 temp=0.75 total_env_steps=6640 t=0.56s
Ep  135: len= 57 黑胜 loss=27.5484 temp=0.75 total_env_steps=6697 t=0.45s
Ep  136: len= 26 白胜 loss=27.4867 temp=0.74 total_env_steps=6723 t=0.22s
Ep  137: len= 49 黑胜 loss=27.5111 temp=0.73 total_env_steps=6772 t=0.39s
Ep  138: len= 19 黑胜 loss=27.5471 temp=0.72 total_env_steps=6791 t=0.16s
Ep  139: len= 40 白胜 loss=27.6179 temp=0.72 total_env_steps=6831 t=0.35s
Ep  140: len= 49 黑胜 loss=27.6095 temp=0.71 total_env_steps=6880 t=0.40s
Ep  141: len= 44 白胜 loss=27.2948 temp=0.70 total_env_steps=6924 t=0.35s
Ep  142: len= 56 白胜 loss=27.2269 temp=0.69 total_env_steps=6980 t=0.45s
Ep  143: len= 52 白胜 loss=27.6197 temp=0.69 total_env_steps=7032 t=0.42s
Ep  144: len= 38 白胜 loss=27.3117 temp=0.68 total_env_steps=7070 t=0.31s
Ep  145: len= 17 黑胜 loss=27.1139 temp=0.67 total_env_steps=7087 t=0.14s
Ep  146: len= 23 黑胜 loss=27.5168 temp=0.66 total_env_steps=7110 t=0.19s
Ep  147: len= 41 黑胜 loss=27.4760 temp=0.65 total_env_steps=7151 t=0.35s
Ep  148: len= 32 白胜 loss=27.5224 temp=0.65 total_env_steps=7183 t=0.26s
Ep  149: len= 39 黑胜 loss=27.5291 temp=0.64 total_env_steps=7222 t=0.31s
Ep  150: len= 24 白胜 loss=27.3249 temp=0.63 total_env_steps=7246 t=0.20s
  eval vs Gomoku-random-v0: win_rate=1.00 mean_return=1.00（20 局，total_env_steps=7246）
Ep  151: len= 56 白胜 loss=27.5965 temp=0.62 total_env_steps=7302 t=0.44s
Ep  152: len= 55 黑胜 loss=27.3378 temp=0.62 total_env_steps=7357 t=0.45s
Ep  153: len= 38 白胜 loss=27.1834 temp=0.61 total_env_steps=7395 t=0.31s
Ep  154: len= 48 白胜 loss=27.1478 temp=0.60 total_env_steps=7443 t=0.38s
Ep  155: len= 51 黑胜 loss=27.1978 temp=0.59 total_env_steps=7494 t=0.41s
Ep  156: len= 25 黑胜 loss=27.4600 temp=0.59 total_env_steps=7519 t=0.20s
Ep  157: len= 54 白胜 loss=27.0357 temp=0.58 total_env_steps=7573 t=0.44s
Ep  158: len= 44 白胜 loss=27.0644 temp=0.57 total_env_steps=7617 t=0.37s
Ep  159: len= 67 黑胜 loss=27.2954 temp=0.56 total_env_steps=7684 t=0.52s
Ep  160: len= 32 白胜 loss=27.1654 temp=0.56 total_env_steps=7716 t=0.26s
Ep  161: len= 41 黑胜 loss=27.2399 temp=0.55 total_env_steps=7757 t=0.32s
Ep  162: len= 31 黑胜 loss=27.1559 temp=0.54 total_env_steps=7788 t=0.25s
Ep  163: len= 43 黑胜 loss=27.1027 temp=0.53 total_env_steps=7831 t=0.34s
Ep  164: len= 58 白胜 loss=27.3128 temp=0.53 total_env_steps=7889 t=0.46s
Ep  165: len= 43 黑胜 loss=27.2860 temp=0.52 total_env_steps=7932 t=0.33s
Ep  166: len= 15 黑胜 loss=27.0120 temp=0.51 total_env_steps=7947 t=0.13s
Ep  167: len= 33 黑胜 loss=27.6704 temp=0.50 total_env_steps=7980 t=0.27s
Ep  168: len= 42 白胜 loss=27.0681 temp=0.50 total_env_steps=8022 t=0.33s
Ep  169: len= 37 黑胜 loss=27.9307 temp=0.49 total_env_steps=8059 t=0.30s
Ep  170: len= 43 黑胜 loss=27.3282 temp=0.48 total_env_steps=8102 t=0.36s
Ep  171: len= 69 黑胜 loss=27.2954 temp=0.48 total_env_steps=8171 t=0.53s
Ep  172: len= 25 黑胜 loss=27.2426 temp=0.47 total_env_steps=8196 t=0.20s
Ep  173: len= 37 黑胜 loss=27.3612 temp=0.46 total_env_steps=8233 t=0.31s
Ep  174: len= 35 黑胜 loss=27.2001 temp=0.45 total_env_steps=8268 t=0.29s
Ep  175: len= 27 黑胜 loss=27.7837 temp=0.44 total_env_steps=8295 t=0.23s
Ep  176: len= 31 黑胜 loss=27.2548 temp=0.44 total_env_steps=8326 t=0.26s
Ep  177: len= 31 黑胜 loss=27.3013 temp=0.43 total_env_steps=8357 t=0.26s
Ep  178: len= 38 白胜 loss=27.2938 temp=0.42 total_env_steps=8395 t=0.30s
Ep  179: len= 53 黑胜 loss=27.4536 temp=0.42 total_env_steps=8448 t=0.43s
Ep  180: len= 51 黑胜 loss=27.3236 temp=0.41 total_env_steps=8499 t=0.39s
Ep  181: len= 44 白胜 loss=26.9039 temp=0.40 total_env_steps=8543 t=0.36s
Ep  182: len= 70 白胜 loss=27.5028 temp=0.39 total_env_steps=8613 t=0.54s
Ep  183: len= 38 白胜 loss=27.2204 temp=0.38 total_env_steps=8651 t=0.30s
Ep  184: len= 42 白胜 loss=27.0656 temp=0.38 total_env_steps=8693 t=0.34s
Ep  185: len= 69 黑胜 loss=26.9166 temp=0.37 total_env_steps=8762 t=0.54s
Ep  186: len= 62 白胜 loss=27.4272 temp=0.36 total_env_steps=8824 t=0.49s
Ep  187: len= 33 黑胜 loss=27.2862 temp=0.36 total_env_steps=8857 t=0.26s
Ep  188: len= 50 白胜 loss=27.4577 temp=0.35 total_env_steps=8907 t=0.39s
Ep  189: len= 49 黑胜 loss=26.9224 temp=0.34 total_env_steps=8956 t=0.41s
Ep  190: len= 21 黑胜 loss=27.2894 temp=0.33 total_env_steps=8977 t=0.18s
Ep  191: len= 36 白胜 loss=27.3224 temp=0.33 total_env_steps=9013 t=0.29s
Ep  192: len= 30 白胜 loss=27.4957 temp=0.32 total_env_steps=9043 t=0.24s
Ep  193: len= 43 黑胜 loss=27.5877 temp=0.31 total_env_steps=9086 t=0.35s
Ep  194: len= 21 黑胜 loss=27.1777 temp=0.30 total_env_steps=9107 t=0.17s
Ep  195: len= 34 白胜 loss=27.4262 temp=0.30 total_env_steps=9141 t=0.27s
Ep  196: len= 47 黑胜 loss=27.4566 temp=0.29 total_env_steps=9188 t=0.40s
Ep  197: len= 29 黑胜 loss=27.2645 temp=0.28 total_env_steps=9217 t=0.25s
Ep  198: len= 46 白胜 loss=27.2434 temp=0.27 total_env_steps=9263 t=0.37s
Ep  199: len= 31 黑胜 loss=27.5070 temp=0.26 total_env_steps=9294 t=0.25s
Ep  200: len= 35 黑胜 loss=26.9321 temp=0.26 total_env_steps=9329 t=0.28s
  eval vs Gomoku-random-v0: win_rate=1.00 mean_return=1.00（20 局，total_env_steps=9329）
  📸 已拍权重快照（ep=200，gating 对弈基准）
Ep  201: len= 40 白胜 loss=27.1418 temp=0.25 total_env_steps=9369 t=0.33s
Ep  202: len= 39 黑胜 loss=26.8901 temp=0.25 total_env_steps=9408 t=0.32s
Ep  203: len= 65 黑胜 loss=26.9356 temp=0.25 total_env_steps=9473 t=0.51s
Ep  204: len= 31 黑胜 loss=27.3449 temp=0.25 total_env_steps=9504 t=0.25s
Ep  205: len= 42 白胜 loss=27.1980 temp=0.25 total_env_steps=9546 t=0.34s
Ep  206: len= 39 黑胜 loss=27.3110 temp=0.25 total_env_steps=9585 t=0.32s
Ep  207: len= 35 黑胜 loss=27.1788 temp=0.25 total_env_steps=9620 t=0.30s
Ep  208: len= 45 黑胜 loss=27.0890 temp=0.25 total_env_steps=9665 t=0.37s
Ep  209: len= 38 白胜 loss=26.6809 temp=0.25 total_env_steps=9703 t=0.31s
Ep  210: len= 42 白胜 loss=27.0469 temp=0.25 total_env_steps=9745 t=0.35s
Ep  211: len= 52 白胜 loss=26.7835 temp=0.25 total_env_steps=9797 t=0.43s
Ep  212: len= 28 白胜 loss=26.7897 temp=0.25 total_env_steps=9825 t=0.24s
Ep  213: len= 32 白胜 loss=27.1177 temp=0.25 total_env_steps=9857 t=0.27s
Ep  214: len= 24 白胜 loss=26.7893 temp=0.25 total_env_steps=9881 t=0.20s
Ep  215: len= 45 黑胜 loss=27.4013 temp=0.25 total_env_steps=9926 t=0.38s
Ep  216: len= 27 黑胜 loss=26.8026 temp=0.25 total_env_steps=9953 t=0.23s
Ep  217: len= 29 黑胜 loss=26.9757 temp=0.25 total_env_steps=9982 t=0.24s
Ep  218: len= 38 白胜 loss=27.2277 temp=0.25 total_env_steps=10020 t=0.30s
Ep  219: len= 39 黑胜 loss=26.7971 temp=0.25 total_env_steps=10059 t=0.31s
Ep  220: len= 30 白胜 loss=27.0818 temp=0.25 total_env_steps=10089 t=0.24s
Ep  221: len= 75 黑胜 loss=26.9790 temp=0.25 total_env_steps=10164 t=0.59s
Ep  222: len= 27 黑胜 loss=26.9751 temp=0.25 total_env_steps=10191 t=0.22s
Ep  223: len= 81 平局 loss=26.9306 temp=0.25 total_env_steps=10272 t=0.63s
Ep  224: len= 45 黑胜 loss=27.3748 temp=0.25 total_env_steps=10317 t=0.36s
Ep  225: len= 56 白胜 loss=26.9205 temp=0.25 total_env_steps=10373 t=0.44s
Ep  226: len= 16 白胜 loss=27.4169 temp=0.25 total_env_steps=10389 t=0.14s
Ep  227: len= 38 白胜 loss=26.6885 temp=0.25 total_env_steps=10427 t=0.31s
Ep  228: len= 31 黑胜 loss=27.0638 temp=0.25 total_env_steps=10458 t=0.26s
Ep  229: len= 39 黑胜 loss=26.8292 temp=0.25 total_env_steps=10497 t=0.32s
Ep  230: len= 66 白胜 loss=27.1304 temp=0.25 total_env_steps=10563 t=0.54s
Ep  231: len= 69 黑胜 loss=27.0998 temp=0.25 total_env_steps=10632 t=0.55s
Ep  232: len= 40 白胜 loss=27.3698 temp=0.25 total_env_steps=10672 t=0.32s
Ep  233: len= 45 黑胜 loss=26.8111 temp=0.25 total_env_steps=10717 t=0.36s
Ep  234: len= 31 黑胜 loss=27.0843 temp=0.25 total_env_steps=10748 t=0.27s
Ep  235: len= 41 黑胜 loss=26.8577 temp=0.25 total_env_steps=10789 t=0.33s
Ep  236: len= 29 黑胜 loss=26.4557 temp=0.25 total_env_steps=10818 t=0.24s
Ep  237: len= 34 白胜 loss=26.8013 temp=0.25 total_env_steps=10852 t=0.28s
Ep  238: len= 55 黑胜 loss=27.2161 temp=0.25 total_env_steps=10907 t=0.44s
Ep  239: len= 24 白胜 loss=26.7205 temp=0.25 total_env_steps=10931 t=0.20s
Ep  240: len= 41 黑胜 loss=26.8544 temp=0.25 total_env_steps=10972 t=0.33s
Ep  241: len= 17 黑胜 loss=27.0664 temp=0.25 total_env_steps=10989 t=0.15s
Ep  242: len= 48 白胜 loss=26.9889 temp=0.25 total_env_steps=11037 t=0.40s
Ep  243: len= 39 黑胜 loss=26.8229 temp=0.25 total_env_steps=11076 t=0.31s
Ep  244: len= 26 白胜 loss=26.8661 temp=0.25 total_env_steps=11102 t=0.22s
Ep  245: len= 36 白胜 loss=26.7057 temp=0.25 total_env_steps=11138 t=0.29s
Ep  246: len= 28 白胜 loss=26.5073 temp=0.25 total_env_steps=11166 t=0.22s
Ep  247: len= 34 白胜 loss=26.4005 temp=0.25 total_env_steps=11200 t=0.27s
Ep  248: len= 27 黑胜 loss=27.1599 temp=0.25 total_env_steps=11227 t=0.22s
Ep  249: len= 44 白胜 loss=26.8795 temp=0.25 total_env_steps=11271 t=0.36s
Ep  250: len= 26 白胜 loss=26.9402 temp=0.25 total_env_steps=11297 t=0.22s
  eval vs Gomoku-random-v0: win_rate=1.00 mean_return=1.00（20 局，total_env_steps=11297）
Ep  251: len= 54 白胜 loss=26.9583 temp=0.25 total_env_steps=11351 t=0.43s
Ep  252: len= 31 黑胜 loss=26.7367 temp=0.25 total_env_steps=11382 t=0.26s
Ep  253: len= 43 黑胜 loss=27.0274 temp=0.25 total_env_steps=11425 t=0.34s
Ep  254: len= 35 黑胜 loss=26.5188 temp=0.25 total_env_steps=11460 t=0.31s
Ep  255: len= 41 黑胜 loss=27.0156 temp=0.25 total_env_steps=11501 t=0.34s
Ep  256: len= 29 黑胜 loss=26.5592 temp=0.25 total_env_steps=11530 t=0.24s
Ep  257: len= 44 白胜 loss=27.1014 temp=0.25 total_env_steps=11574 t=0.35s
Ep  258: len= 34 白胜 loss=26.4352 temp=0.25 total_env_steps=11608 t=0.28s
Ep  259: len= 81 平局 loss=26.8563 temp=0.25 total_env_steps=11689 t=0.63s
Ep  260: len= 31 黑胜 loss=26.4851 temp=0.25 total_env_steps=11720 t=0.26s
Ep  261: len= 39 黑胜 loss=27.1371 temp=0.25 total_env_steps=11759 t=0.32s
Ep  262: len= 16 白胜 loss=26.1339 temp=0.25 total_env_steps=11775 t=0.15s
Ep  263: len= 71 黑胜 loss=26.9981 temp=0.25 total_env_steps=11846 t=0.57s
Ep  264: len= 31 黑胜 loss=26.4214 temp=0.25 total_env_steps=11877 t=0.26s
Ep  265: len= 24 白胜 loss=26.6182 temp=0.25 total_env_steps=11901 t=0.20s
Ep  266: len= 65 黑胜 loss=25.9308 temp=0.25 total_env_steps=11966 t=0.53s
Ep  267: len= 52 白胜 loss=26.7436 temp=0.25 total_env_steps=12018 t=0.42s
Ep  268: len= 40 白胜 loss=26.4162 temp=0.25 total_env_steps=12058 t=0.33s
Ep  269: len= 78 白胜 loss=27.0475 temp=0.25 total_env_steps=12136 t=0.62s
Ep  270: len= 40 白胜 loss=26.3063 temp=0.25 total_env_steps=12176 t=0.34s
Ep  271: len= 21 黑胜 loss=26.6520 temp=0.25 total_env_steps=12197 t=0.19s
Ep  272: len= 47 黑胜 loss=26.4510 temp=0.25 total_env_steps=12244 t=0.39s
Ep  273: len= 56 白胜 loss=26.6598 temp=0.25 total_env_steps=12300 t=0.44s
Ep  274: len= 35 黑胜 loss=26.3114 temp=0.25 total_env_steps=12335 t=0.29s
Ep  275: len= 53 黑胜 loss=26.2953 temp=0.25 total_env_steps=12388 t=0.43s
Ep  276: len= 36 白胜 loss=26.3693 temp=0.25 total_env_steps=12424 t=0.30s
Ep  277: len= 44 白胜 loss=26.4713 temp=0.25 total_env_steps=12468 t=0.36s
Ep  278: len= 25 黑胜 loss=26.0005 temp=0.25 total_env_steps=12493 t=0.21s
Ep  279: len= 46 白胜 loss=26.4914 temp=0.25 total_env_steps=12539 t=0.38s
Ep  280: len= 53 黑胜 loss=26.5351 temp=0.25 total_env_steps=12592 t=0.44s
Ep  281: len= 24 白胜 loss=25.7432 temp=0.25 total_env_steps=12616 t=0.20s
Ep  282: len= 54 白胜 loss=26.3277 temp=0.25 total_env_steps=12670 t=0.43s
Ep  283: len= 49 黑胜 loss=26.9110 temp=0.25 total_env_steps=12719 t=0.39s
Ep  284: len= 58 白胜 loss=26.7065 temp=0.25 total_env_steps=12777 t=0.46s
Ep  285: len= 55 黑胜 loss=26.5181 temp=0.25 total_env_steps=12832 t=0.44s
Ep  286: len= 39 黑胜 loss=26.6754 temp=0.25 total_env_steps=12871 t=0.33s
Ep  287: len= 25 黑胜 loss=26.0299 temp=0.25 total_env_steps=12896 t=0.21s
Ep  288: len= 21 黑胜 loss=25.4126 temp=0.25 total_env_steps=12917 t=0.18s
Ep  289: len= 28 白胜 loss=25.9344 temp=0.25 total_env_steps=12945 t=0.24s
Ep  290: len= 27 黑胜 loss=26.4900 temp=0.25 total_env_steps=12972 t=0.24s
Ep  291: len= 64 白胜 loss=26.3179 temp=0.25 total_env_steps=13036 t=0.52s
Ep  292: len= 21 黑胜 loss=26.2405 temp=0.25 total_env_steps=13057 t=0.19s
Ep  293: len= 33 黑胜 loss=25.1515 temp=0.25 total_env_steps=13090 t=0.29s
Ep  294: len= 72 白胜 loss=26.8371 temp=0.25 total_env_steps=13162 t=0.57s
Ep  295: len= 63 黑胜 loss=25.3222 temp=0.25 total_env_steps=13225 t=0.53s
Ep  296: len= 39 黑胜 loss=26.3333 temp=0.25 total_env_steps=13264 t=0.32s
Ep  297: len= 35 黑胜 loss=25.9577 temp=0.25 total_env_steps=13299 t=0.29s
Ep  298: len= 25 黑胜 loss=25.4822 temp=0.25 total_env_steps=13324 t=0.21s
Ep  299: len= 35 黑胜 loss=26.3770 temp=0.25 total_env_steps=13359 t=0.28s
Ep  300: len= 56 白胜 loss=25.7124 temp=0.25 total_env_steps=13415 t=0.46s
  eval vs Gomoku-random-v0: win_rate=0.95 mean_return=0.90（20 局，total_env_steps=13415）
Ep  301: len= 51 黑胜 loss=25.9806 temp=0.25 total_env_steps=13466 t=0.42s
Ep  302: len= 36 白胜 loss=26.8186 temp=0.25 total_env_steps=13502 t=0.30s
Ep  303: len= 22 白胜 loss=26.0038 temp=0.25 total_env_steps=13524 t=0.19s
Ep  304: len= 43 黑胜 loss=25.5029 temp=0.25 total_env_steps=13567 t=0.34s
Ep  305: len= 34 白胜 loss=25.7748 temp=0.25 total_env_steps=13601 t=0.30s
Ep  306: len= 34 白胜 loss=25.8145 temp=0.25 total_env_steps=13635 t=0.29s
Ep  307: len= 34 白胜 loss=25.8466 temp=0.25 total_env_steps=13669 t=0.28s
Ep  308: len= 37 黑胜 loss=25.7696 temp=0.25 total_env_steps=13706 t=0.30s
Ep  309: len= 49 黑胜 loss=25.7562 temp=0.25 total_env_steps=13755 t=0.42s
Ep  310: len= 36 白胜 loss=25.5600 temp=0.25 total_env_steps=13791 t=0.29s
Ep  311: len= 31 黑胜 loss=26.0433 temp=0.25 total_env_steps=13822 t=0.25s
Ep  312: len= 23 黑胜 loss=25.3630 temp=0.25 total_env_steps=13845 t=0.19s
Ep  313: len= 21 黑胜 loss=26.2681 temp=0.25 total_env_steps=13866 t=0.18s
Ep  314: len= 56 白胜 loss=25.9803 temp=0.25 total_env_steps=13922 t=0.45s
Ep  315: len= 60 白胜 loss=26.4003 temp=0.25 total_env_steps=13982 t=0.48s
Ep  316: len= 18 白胜 loss=25.7022 temp=0.25 total_env_steps=14000 t=0.17s
Ep  317: len= 24 白胜 loss=25.4579 temp=0.25 total_env_steps=14024 t=0.21s
Ep  318: len= 35 黑胜 loss=25.4689 temp=0.25 total_env_steps=14059 t=0.30s
Ep  319: len= 49 黑胜 loss=25.3170 temp=0.25 total_env_steps=14108 t=0.40s
Ep  320: len= 33 黑胜 loss=25.8197 temp=0.25 total_env_steps=14141 t=0.27s
Ep  321: len= 27 黑胜 loss=26.1765 temp=0.25 total_env_steps=14168 t=0.22s
Ep  322: len= 35 黑胜 loss=26.0348 temp=0.25 total_env_steps=14203 t=0.29s
Ep  323: len= 26 白胜 loss=25.6300 temp=0.25 total_env_steps=14229 t=0.22s
Ep  324: len= 22 白胜 loss=25.3918 temp=0.25 total_env_steps=14251 t=0.19s
Ep  325: len= 21 黑胜 loss=25.8868 temp=0.25 total_env_steps=14272 t=0.18s
Ep  326: len= 39 黑胜 loss=25.6564 temp=0.25 total_env_steps=14311 t=0.32s
Ep  327: len= 40 白胜 loss=25.8240 temp=0.25 total_env_steps=14351 t=0.33s
Ep  328: len= 53 黑胜 loss=26.1980 temp=0.25 total_env_steps=14404 t=0.43s
Ep  329: len= 39 黑胜 loss=26.0337 temp=0.25 total_env_steps=14443 t=0.32s
Ep  330: len= 37 黑胜 loss=25.0394 temp=0.25 total_env_steps=14480 t=0.32s
Ep  331: len= 44 白胜 loss=25.8739 temp=0.25 total_env_steps=14524 t=0.35s
Ep  332: len= 37 黑胜 loss=25.8749 temp=0.25 total_env_steps=14561 t=0.32s
Ep  333: len= 34 白胜 loss=24.7736 temp=0.25 total_env_steps=14595 t=0.32s
Ep  334: len= 46 白胜 loss=25.7271 temp=0.25 total_env_steps=14641 t=0.38s
Ep  335: len= 42 白胜 loss=25.7470 temp=0.25 total_env_steps=14683 t=0.38s
Ep  336: len= 23 黑胜 loss=25.4847 temp=0.25 total_env_steps=14706 t=0.21s
Ep  337: len= 53 黑胜 loss=25.4416 temp=0.25 total_env_steps=14759 t=0.43s
Ep  338: len= 19 黑胜 loss=25.5877 temp=0.25 total_env_steps=14778 t=0.16s
Ep  339: len= 26 白胜 loss=25.7124 temp=0.25 total_env_steps=14804 t=0.24s
Ep  340: len= 61 黑胜 loss=25.7083 temp=0.25 total_env_steps=14865 t=0.49s
Ep  341: len= 41 黑胜 loss=25.5588 temp=0.25 total_env_steps=14906 t=0.34s
Ep  342: len= 15 黑胜 loss=25.2342 temp=0.25 total_env_steps=14921 t=0.13s
Ep  343: len= 66 白胜 loss=25.1962 temp=0.25 total_env_steps=14987 t=0.53s
Ep  344: len= 21 黑胜 loss=25.5281 temp=0.25 total_env_steps=15008 t=0.18s
Ep  345: len= 44 白胜 loss=25.1474 temp=0.25 total_env_steps=15052 t=0.36s
Ep  346: len= 21 黑胜 loss=25.4151 temp=0.25 total_env_steps=15073 t=0.19s
Ep  347: len= 41 黑胜 loss=25.4496 temp=0.25 total_env_steps=15114 t=0.33s
Ep  348: len= 27 黑胜 loss=24.2726 temp=0.25 total_env_steps=15141 t=0.24s
Ep  349: len= 46 白胜 loss=24.2922 temp=0.25 total_env_steps=15187 t=0.39s
Ep  350: len= 46 白胜 loss=25.8704 temp=0.25 total_env_steps=15233 t=0.37s
  eval vs Gomoku-random-v0: win_rate=1.00 mean_return=1.00（20 局，total_env_steps=15233）
Ep  351: len= 58 白胜 loss=25.5763 temp=0.25 total_env_steps=15291 t=0.47s
Ep  352: len= 46 白胜 loss=25.0972 temp=0.25 total_env_steps=15337 t=0.38s
Ep  353: len= 51 黑胜 loss=24.5601 temp=0.25 total_env_steps=15388 t=0.41s
Ep  354: len= 56 白胜 loss=24.8281 temp=0.25 total_env_steps=15444 t=0.45s
Ep  355: len= 45 黑胜 loss=25.7650 temp=0.25 total_env_steps=15489 t=0.36s
Ep  356: len= 29 黑胜 loss=25.2795 temp=0.25 total_env_steps=15518 t=0.24s
Ep  357: len= 19 黑胜 loss=24.2686 temp=0.25 total_env_steps=15537 t=0.16s
Ep  358: len= 46 白胜 loss=25.2221 temp=0.25 total_env_steps=15583 t=0.38s
Ep  359: len= 68 白胜 loss=25.2140 temp=0.25 total_env_steps=15651 t=0.53s
Ep  360: len= 29 黑胜 loss=24.8929 temp=0.25 total_env_steps=15680 t=0.23s
Ep  361: len= 21 黑胜 loss=23.9164 temp=0.25 total_env_steps=15701 t=0.18s
Ep  362: len= 22 白胜 loss=25.1840 temp=0.25 total_env_steps=15723 t=0.19s
Ep  363: len= 37 黑胜 loss=25.5392 temp=0.25 total_env_steps=15760 t=0.30s
Ep  364: len= 74 白胜 loss=24.6097 temp=0.25 total_env_steps=15834 t=0.59s
Ep  365: len= 48 白胜 loss=24.1473 temp=0.25 total_env_steps=15882 t=0.38s
Ep  366: len= 51 黑胜 loss=24.0022 temp=0.25 total_env_steps=15933 t=0.43s
Ep  367: len= 35 黑胜 loss=25.0699 temp=0.25 total_env_steps=15968 t=0.29s
Ep  368: len= 45 黑胜 loss=25.3167 temp=0.25 total_env_steps=16013 t=0.36s
Ep  369: len= 46 白胜 loss=25.0996 temp=0.25 total_env_steps=16059 t=0.37s
Ep  370: len= 53 黑胜 loss=24.9336 temp=0.25 total_env_steps=16112 t=0.43s
Ep  371: len= 33 黑胜 loss=25.1887 temp=0.25 total_env_steps=16145 t=0.27s
Ep  372: len= 46 白胜 loss=24.8501 temp=0.25 total_env_steps=16191 t=0.36s
Ep  373: len= 34 白胜 loss=24.6420 temp=0.25 total_env_steps=16225 t=0.27s
Ep  374: len= 27 黑胜 loss=24.0576 temp=0.25 total_env_steps=16252 t=0.22s
Ep  375: len= 39 黑胜 loss=24.8502 temp=0.25 total_env_steps=16291 t=0.32s
Ep  376: len= 14 白胜 loss=24.0519 temp=0.25 total_env_steps=16305 t=0.13s
Ep  377: len= 36 白胜 loss=23.9953 temp=0.25 total_env_steps=16341 t=0.30s
Ep  378: len= 75 黑胜 loss=24.3011 temp=0.25 total_env_steps=16416 t=0.59s
Ep  379: len= 21 黑胜 loss=25.1525 temp=0.25 total_env_steps=16437 t=0.18s
Ep  380: len= 31 黑胜 loss=25.0439 temp=0.25 total_env_steps=16468 t=0.26s
Ep  381: len= 43 黑胜 loss=24.7418 temp=0.25 total_env_steps=16511 t=0.35s
Ep  382: len= 36 白胜 loss=25.3158 temp=0.25 total_env_steps=16547 t=0.29s
Ep  383: len= 34 白胜 loss=24.9928 temp=0.25 total_env_steps=16581 t=0.29s
Ep  384: len= 25 黑胜 loss=24.5470 temp=0.25 total_env_steps=16606 t=0.21s
Ep  385: len= 51 黑胜 loss=25.2420 temp=0.25 total_env_steps=16657 t=0.43s
Ep  386: len= 27 黑胜 loss=24.7487 temp=0.25 total_env_steps=16684 t=0.23s
Ep  387: len= 27 黑胜 loss=24.5480 temp=0.25 total_env_steps=16711 t=0.23s
Ep  388: len= 29 黑胜 loss=23.9627 temp=0.25 total_env_steps=16740 t=0.24s
Ep  389: len= 47 黑胜 loss=24.5098 temp=0.25 total_env_steps=16787 t=0.38s
Ep  390: len= 25 黑胜 loss=25.4048 temp=0.25 total_env_steps=16812 t=0.21s
Ep  391: len= 29 黑胜 loss=24.8589 temp=0.25 total_env_steps=16841 t=0.24s
Ep  392: len= 35 黑胜 loss=24.3850 temp=0.25 total_env_steps=16876 t=0.29s
Ep  393: len= 21 黑胜 loss=24.5440 temp=0.25 total_env_steps=16897 t=0.18s
Ep  394: len= 44 白胜 loss=22.9610 temp=0.25 total_env_steps=16941 t=0.41s
Ep  395: len= 44 白胜 loss=25.1663 temp=0.25 total_env_steps=16985 t=0.51s
Ep  396: len= 45 黑胜 loss=24.1477 temp=0.25 total_env_steps=17030 t=0.54s
Ep  397: len= 40 白胜 loss=24.6643 temp=0.25 total_env_steps=17070 t=0.44s
Ep  398: len= 25 黑胜 loss=23.8842 temp=0.25 total_env_steps=17095 t=0.29s
Ep  399: len= 21 黑胜 loss=24.2665 temp=0.25 total_env_steps=17116 t=0.25s
Ep  400: len= 25 黑胜 loss=24.8055 temp=0.25 total_env_steps=17141 t=0.34s
  eval vs Gomoku-random-v0: win_rate=1.00 mean_return=1.00（20 局，total_env_steps=17141）
[闸门] vs random（40 局）: win_rate=0.950
[闸门] vs 半程快照（40 局，黑白各半）: score=0.900
[梯队] vs naive0（20 局，观察性）: win_rate=0.15
[梯队] vs naive1（20 局，观察性）: win_rate=0.00
[梯队] vs naive2（20 局，观察性）: win_rate=0.00
[梯队] vs naive3（20 局，观察性）: win_rate=0.00
📈 Gomoku-selfplay-v0 win_rate=1.00（best 1.00）| 门槛 0.95 | 184.2s

--- arm=sims400 seed=44 sims=400 ---
[MyZero-board Gomoku-selfplay-v0] obs=243(3×9²) |A|=81 sims=400 γ=1.0 negamax
Ep    1: len= 66 白胜 loss=0.0000 temp=1.00 total_env_steps=66 t=0.55s
Ep    2: len= 50 白胜 loss=0.0000 temp=1.00 total_env_steps=116 t=0.41s
Ep    3: len= 53 黑胜 loss=0.0000 temp=1.00 total_env_steps=169 t=0.49s
Ep    4: len= 51 黑胜 loss=0.0000 temp=1.00 total_env_steps=220 t=0.46s
Ep    5: len= 55 黑胜 loss=0.0000 temp=1.00 total_env_steps=275 t=0.48s
Ep    6: len= 54 白胜 loss=0.0000 temp=1.00 total_env_steps=329 t=0.43s
Ep    7: len= 68 白胜 loss=0.0000 temp=1.00 total_env_steps=397 t=2.44s
Ep    8: len= 71 黑胜 loss=0.0000 temp=1.00 total_env_steps=468 t=0.65s
Ep    9: len= 55 黑胜 loss=0.0000 temp=1.00 total_env_steps=523 t=0.51s
Ep   10: len= 55 黑胜 loss=37.7732 temp=1.00 total_env_steps=578 t=0.50s
Ep   11: len= 57 黑胜 loss=28.9222 temp=1.00 total_env_steps=635 t=0.54s
Ep   12: len= 50 白胜 loss=28.6083 temp=1.00 total_env_steps=685 t=0.48s
Ep   13: len= 36 白胜 loss=28.3858 temp=1.00 total_env_steps=721 t=0.36s
Ep   14: len= 60 白胜 loss=28.0202 temp=1.00 total_env_steps=781 t=0.56s
Ep   15: len= 35 黑胜 loss=27.8288 temp=1.00 total_env_steps=816 t=0.34s
Ep   16: len= 60 白胜 loss=28.9209 temp=1.00 total_env_steps=876 t=0.57s
Ep   17: len= 53 黑胜 loss=28.0791 temp=1.00 total_env_steps=929 t=0.50s
Ep   18: len= 44 白胜 loss=28.3662 temp=1.00 total_env_steps=973 t=0.41s
Ep   19: len= 44 白胜 loss=28.3197 temp=1.00 total_env_steps=1017 t=0.43s
Ep   20: len= 39 黑胜 loss=28.4621 temp=1.00 total_env_steps=1056 t=0.36s
Ep   21: len= 59 黑胜 loss=28.0433 temp=1.00 total_env_steps=1115 t=0.56s
Ep   22: len= 27 黑胜 loss=28.2724 temp=1.00 total_env_steps=1142 t=0.27s
Ep   23: len= 36 白胜 loss=28.4292 temp=1.00 total_env_steps=1178 t=0.35s
Ep   24: len= 48 白胜 loss=28.3744 temp=1.00 total_env_steps=1226 t=0.45s
Ep   25: len= 58 白胜 loss=28.2594 temp=1.00 total_env_steps=1284 t=0.55s
Ep   26: len= 16 白胜 loss=28.3102 temp=1.00 total_env_steps=1300 t=0.29s
Ep   27: len= 62 白胜 loss=27.9668 temp=1.00 total_env_steps=1362 t=0.66s
Ep   28: len= 54 白胜 loss=28.0296 temp=1.00 total_env_steps=1416 t=0.52s
Ep   29: len= 57 黑胜 loss=28.3322 temp=1.00 total_env_steps=1473 t=0.58s
Ep   30: len= 39 黑胜 loss=28.1117 temp=1.00 total_env_steps=1512 t=0.64s
Ep   31: len= 51 黑胜 loss=28.0847 temp=1.00 total_env_steps=1563 t=0.51s
Ep   32: len= 34 白胜 loss=28.2884 temp=1.00 total_env_steps=1597 t=0.33s
Ep   33: len= 39 黑胜 loss=28.3256 temp=1.00 total_env_steps=1636 t=0.50s
Ep   34: len= 43 黑胜 loss=28.4251 temp=1.00 total_env_steps=1679 t=0.57s
Ep   35: len= 75 黑胜 loss=28.2177 temp=1.00 total_env_steps=1754 t=1.25s
Ep   36: len= 57 黑胜 loss=28.2707 temp=1.00 total_env_steps=1811 t=1.16s
Ep   37: len= 60 白胜 loss=28.0292 temp=1.00 total_env_steps=1871 t=1.19s
Ep   38: len= 59 黑胜 loss=28.0765 temp=1.00 total_env_steps=1930 t=0.84s
Ep   39: len= 68 白胜 loss=28.1244 temp=1.00 total_env_steps=1998 t=0.80s
Ep   40: len= 66 白胜 loss=28.1653 temp=1.00 total_env_steps=2064 t=0.69s
Ep   41: len= 39 黑胜 loss=27.9832 temp=1.00 total_env_steps=2103 t=0.42s
Ep   42: len= 29 黑胜 loss=27.7983 temp=1.00 total_env_steps=2132 t=0.34s
Ep   43: len= 41 黑胜 loss=27.8483 temp=1.00 total_env_steps=2173 t=0.54s
Ep   44: len= 36 白胜 loss=27.7953 temp=1.00 total_env_steps=2209 t=0.34s
Ep   45: len= 43 黑胜 loss=28.0293 temp=1.00 total_env_steps=2252 t=0.42s
Ep   46: len= 70 白胜 loss=27.5726 temp=1.00 total_env_steps=2322 t=0.96s
Ep   47: len= 37 黑胜 loss=27.7615 temp=1.00 total_env_steps=2359 t=0.67s
Ep   48: len= 42 白胜 loss=27.6426 temp=1.00 total_env_steps=2401 t=0.63s
Ep   49: len= 51 黑胜 loss=27.7521 temp=1.00 total_env_steps=2452 t=0.71s
Ep   50: len= 50 白胜 loss=28.0274 temp=1.00 total_env_steps=2502 t=1.03s
  eval vs Gomoku-random-v0: win_rate=0.60 mean_return=0.20（20 局，total_env_steps=2502）
Ep   51: len= 41 黑胜 loss=27.5513 temp=1.00 total_env_steps=2543 t=0.36s
Ep   52: len= 44 白胜 loss=27.6608 temp=1.00 total_env_steps=2587 t=0.37s
Ep   53: len= 26 白胜 loss=27.7710 temp=1.00 total_env_steps=2613 t=0.22s
Ep   54: len= 24 白胜 loss=27.7742 temp=1.00 total_env_steps=2637 t=0.21s
Ep   55: len= 59 黑胜 loss=27.7647 temp=1.00 total_env_steps=2696 t=0.62s
Ep   56: len= 28 白胜 loss=27.7031 temp=1.00 total_env_steps=2724 t=0.23s
Ep   57: len= 53 黑胜 loss=27.6771 temp=1.00 total_env_steps=2777 t=0.43s
Ep   58: len= 37 黑胜 loss=27.6297 temp=1.00 total_env_steps=2814 t=0.30s
Ep   59: len= 37 黑胜 loss=27.6880 temp=1.00 total_env_steps=2851 t=0.32s
Ep   60: len= 73 黑胜 loss=27.7555 temp=1.00 total_env_steps=2924 t=0.64s
Ep   61: len= 69 黑胜 loss=27.9122 temp=1.00 total_env_steps=2993 t=0.56s
Ep   62: len= 53 黑胜 loss=27.5633 temp=1.00 total_env_steps=3046 t=0.54s
Ep   63: len= 53 黑胜 loss=27.7628 temp=1.00 total_env_steps=3099 t=0.48s
Ep   64: len= 65 黑胜 loss=27.7615 temp=1.00 total_env_steps=3164 t=0.53s
Ep   65: len= 57 黑胜 loss=28.0364 temp=1.00 total_env_steps=3221 t=0.48s
Ep   66: len= 24 白胜 loss=27.5032 temp=1.00 total_env_steps=3245 t=0.21s
Ep   67: len= 72 白胜 loss=27.6450 temp=1.00 total_env_steps=3317 t=0.68s
Ep   68: len= 46 白胜 loss=27.6802 temp=1.00 total_env_steps=3363 t=0.37s
Ep   69: len= 67 黑胜 loss=27.5714 temp=1.00 total_env_steps=3430 t=0.53s
Ep   70: len= 43 黑胜 loss=27.7213 temp=1.00 total_env_steps=3473 t=0.34s
Ep   71: len= 41 黑胜 loss=27.9137 temp=1.00 total_env_steps=3514 t=0.35s
Ep   72: len= 60 白胜 loss=27.8177 temp=1.00 total_env_steps=3574 t=0.53s
Ep   73: len= 19 黑胜 loss=28.0914 temp=1.00 total_env_steps=3593 t=0.16s
Ep   74: len= 80 白胜 loss=27.6696 temp=1.00 total_env_steps=3673 t=0.62s
Ep   75: len= 52 白胜 loss=27.5312 temp=1.00 total_env_steps=3725 t=0.41s
Ep   76: len= 48 白胜 loss=27.6905 temp=1.00 total_env_steps=3773 t=0.38s
Ep   77: len= 59 黑胜 loss=27.6804 temp=1.00 total_env_steps=3832 t=0.53s
Ep   78: len= 39 黑胜 loss=27.8372 temp=1.00 total_env_steps=3871 t=0.33s
Ep   79: len= 52 白胜 loss=27.7189 temp=1.00 total_env_steps=3923 t=0.47s
Ep   80: len= 44 白胜 loss=27.8474 temp=1.00 total_env_steps=3967 t=0.41s
Ep   81: len= 56 白胜 loss=27.6355 temp=1.00 total_env_steps=4023 t=0.45s
Ep   82: len= 42 白胜 loss=27.4096 temp=1.00 total_env_steps=4065 t=0.35s
Ep   83: len= 58 白胜 loss=27.4969 temp=1.00 total_env_steps=4123 t=0.51s
Ep   84: len= 46 白胜 loss=27.6480 temp=1.00 total_env_steps=4169 t=0.38s
Ep   85: len= 29 黑胜 loss=27.5281 temp=1.00 total_env_steps=4198 t=0.25s
Ep   86: len= 53 黑胜 loss=27.6227 temp=1.00 total_env_steps=4251 t=0.47s
Ep   87: len= 45 黑胜 loss=27.7827 temp=1.00 total_env_steps=4296 t=0.42s
Ep   88: len= 34 白胜 loss=27.8186 temp=1.00 total_env_steps=4330 t=0.31s
Ep   89: len= 57 黑胜 loss=27.7520 temp=1.00 total_env_steps=4387 t=0.45s
Ep   90: len= 43 黑胜 loss=27.7127 temp=1.00 total_env_steps=4430 t=0.40s
Ep   91: len= 44 白胜 loss=27.6588 temp=1.00 total_env_steps=4474 t=0.38s
Ep   92: len= 38 白胜 loss=27.8387 temp=1.00 total_env_steps=4512 t=0.31s
Ep   93: len= 61 黑胜 loss=27.5536 temp=1.00 total_env_steps=4573 t=0.50s
Ep   94: len= 39 黑胜 loss=27.9780 temp=1.00 total_env_steps=4612 t=0.32s
Ep   95: len= 48 白胜 loss=27.7430 temp=1.00 total_env_steps=4660 t=0.40s
Ep   96: len= 38 白胜 loss=27.7475 temp=1.00 total_env_steps=4698 t=0.31s
Ep   97: len= 56 白胜 loss=27.5789 temp=1.00 total_env_steps=4754 t=0.46s
Ep   98: len= 75 黑胜 loss=27.8902 temp=1.00 total_env_steps=4829 t=0.68s
Ep   99: len= 34 白胜 loss=27.7014 temp=1.00 total_env_steps=4863 t=0.29s
Ep  100: len= 41 黑胜 loss=27.6416 temp=1.00 total_env_steps=4904 t=0.34s
  eval vs Gomoku-random-v0: win_rate=0.90 mean_return=0.80（20 局，total_env_steps=4904）
Ep  101: len= 72 白胜 loss=27.7675 temp=1.00 total_env_steps=4976 t=0.56s
Ep  102: len= 45 黑胜 loss=27.5974 temp=0.99 total_env_steps=5021 t=0.36s
Ep  103: len= 62 白胜 loss=28.0478 temp=0.99 total_env_steps=5083 t=0.50s
Ep  104: len= 59 黑胜 loss=27.7691 temp=0.98 total_env_steps=5142 t=0.48s
Ep  105: len= 47 黑胜 loss=27.8015 temp=0.97 total_env_steps=5189 t=0.57s
Ep  106: len= 73 黑胜 loss=27.7501 temp=0.96 total_env_steps=5262 t=0.57s
Ep  107: len= 57 黑胜 loss=27.6260 temp=0.95 total_env_steps=5319 t=0.44s
Ep  108: len= 51 黑胜 loss=27.6757 temp=0.95 total_env_steps=5370 t=0.41s
Ep  109: len= 49 黑胜 loss=27.7064 temp=0.94 total_env_steps=5419 t=0.41s
Ep  110: len= 53 黑胜 loss=27.6443 temp=0.93 total_env_steps=5472 t=0.44s
Ep  111: len= 46 白胜 loss=27.4173 temp=0.93 total_env_steps=5518 t=0.39s
Ep  112: len= 54 白胜 loss=27.5360 temp=0.92 total_env_steps=5572 t=0.45s
Ep  113: len= 55 黑胜 loss=27.7695 temp=0.91 total_env_steps=5627 t=0.43s
Ep  114: len= 55 黑胜 loss=27.4796 temp=0.90 total_env_steps=5682 t=0.47s
Ep  115: len= 66 白胜 loss=27.8422 temp=0.89 total_env_steps=5748 t=0.55s
Ep  116: len= 66 白胜 loss=27.6253 temp=0.89 total_env_steps=5814 t=0.66s
Ep  117: len= 40 白胜 loss=27.5451 temp=0.88 total_env_steps=5854 t=0.32s
Ep  118: len= 36 白胜 loss=27.4628 temp=0.87 total_env_steps=5890 t=0.30s
Ep  119: len= 47 黑胜 loss=27.5601 temp=0.87 total_env_steps=5937 t=0.45s
Ep  120: len= 39 黑胜 loss=27.6822 temp=0.86 total_env_steps=5976 t=0.31s
Ep  121: len= 45 黑胜 loss=27.5152 temp=0.85 total_env_steps=6021 t=0.35s
Ep  122: len= 69 黑胜 loss=27.4771 temp=0.84 total_env_steps=6090 t=0.56s
Ep  123: len= 46 白胜 loss=27.4913 temp=0.84 total_env_steps=6136 t=0.38s
Ep  124: len= 42 白胜 loss=27.5452 temp=0.83 total_env_steps=6178 t=0.33s
Ep  125: len= 52 白胜 loss=27.6093 temp=0.82 total_env_steps=6230 t=0.41s
Ep  126: len= 47 黑胜 loss=27.4293 temp=0.81 total_env_steps=6277 t=0.41s
Ep  127: len= 37 黑胜 loss=27.6295 temp=0.81 total_env_steps=6314 t=0.30s
Ep  128: len= 41 黑胜 loss=27.2531 temp=0.80 total_env_steps=6355 t=0.34s
Ep  129: len= 45 黑胜 loss=27.5474 temp=0.79 total_env_steps=6400 t=0.37s
Ep  130: len= 51 黑胜 loss=27.2917 temp=0.78 total_env_steps=6451 t=0.43s
Ep  131: len= 59 黑胜 loss=27.5494 temp=0.77 total_env_steps=6510 t=0.49s
Ep  132: len= 52 白胜 loss=27.5880 temp=0.77 total_env_steps=6562 t=0.43s
Ep  133: len= 67 黑胜 loss=27.5663 temp=0.76 total_env_steps=6629 t=0.54s
Ep  134: len= 38 白胜 loss=27.3783 temp=0.75 total_env_steps=6667 t=0.31s
Ep  135: len= 50 白胜 loss=27.2994 temp=0.75 total_env_steps=6717 t=0.40s
Ep  136: len= 30 白胜 loss=27.8285 temp=0.74 total_env_steps=6747 t=0.25s
Ep  137: len= 39 黑胜 loss=27.6799 temp=0.73 total_env_steps=6786 t=0.33s
Ep  138: len= 70 白胜 loss=27.5531 temp=0.72 total_env_steps=6856 t=0.58s
Ep  139: len= 57 黑胜 loss=27.5920 temp=0.72 total_env_steps=6913 t=0.47s
Ep  140: len= 72 白胜 loss=27.7113 temp=0.71 total_env_steps=6985 t=0.57s
Ep  141: len= 46 白胜 loss=27.6732 temp=0.70 total_env_steps=7031 t=0.36s
Ep  142: len= 35 黑胜 loss=27.4218 temp=0.69 total_env_steps=7066 t=0.27s
Ep  143: len= 39 黑胜 loss=27.4967 temp=0.69 total_env_steps=7105 t=0.30s
Ep  144: len= 53 黑胜 loss=27.6413 temp=0.68 total_env_steps=7158 t=0.39s
Ep  145: len= 42 白胜 loss=27.5864 temp=0.67 total_env_steps=7200 t=0.34s
Ep  146: len= 69 黑胜 loss=27.7495 temp=0.66 total_env_steps=7269 t=0.57s
Ep  147: len= 39 黑胜 loss=27.6831 temp=0.65 total_env_steps=7308 t=0.31s
Ep  148: len= 52 白胜 loss=27.2764 temp=0.65 total_env_steps=7360 t=0.43s
Ep  149: len= 66 白胜 loss=27.5700 temp=0.64 total_env_steps=7426 t=0.55s
Ep  150: len= 29 黑胜 loss=27.6447 temp=0.63 total_env_steps=7455 t=0.23s
  eval vs Gomoku-random-v0: win_rate=0.95 mean_return=0.90（20 局，total_env_steps=7455）
  ✅ 达标 ep=150 total_env_steps=7455
Ep  151: len= 34 白胜 loss=27.6022 temp=0.62 total_env_steps=7489 t=0.28s
Ep  152: len= 44 白胜 loss=27.3948 temp=0.62 total_env_steps=7533 t=0.36s
Ep  153: len= 41 黑胜 loss=27.7509 temp=0.61 total_env_steps=7574 t=0.33s
Ep  154: len= 21 黑胜 loss=27.7183 temp=0.60 total_env_steps=7595 t=0.18s
Ep  155: len= 52 白胜 loss=27.7580 temp=0.59 total_env_steps=7647 t=0.44s
Ep  156: len= 22 白胜 loss=27.3291 temp=0.59 total_env_steps=7669 t=0.19s
Ep  157: len= 35 黑胜 loss=27.6079 temp=0.58 total_env_steps=7704 t=0.31s
Ep  158: len= 76 白胜 loss=27.4647 temp=0.57 total_env_steps=7780 t=0.62s
Ep  159: len= 59 黑胜 loss=27.5721 temp=0.56 total_env_steps=7839 t=0.46s
Ep  160: len= 72 白胜 loss=27.4354 temp=0.56 total_env_steps=7911 t=0.61s
Ep  161: len= 48 白胜 loss=27.5845 temp=0.55 total_env_steps=7959 t=0.40s
Ep  162: len= 55 黑胜 loss=27.2245 temp=0.54 total_env_steps=8014 t=0.44s
Ep  163: len= 59 黑胜 loss=27.5302 temp=0.53 total_env_steps=8073 t=0.46s
Ep  164: len= 42 白胜 loss=27.1258 temp=0.53 total_env_steps=8115 t=0.32s
Ep  165: len= 42 白胜 loss=27.5756 temp=0.52 total_env_steps=8157 t=0.33s
Ep  166: len= 47 黑胜 loss=27.2508 temp=0.51 total_env_steps=8204 t=0.37s
Ep  167: len= 62 白胜 loss=27.5024 temp=0.50 total_env_steps=8266 t=0.55s
Ep  168: len= 81 平局 loss=27.4702 temp=0.50 total_env_steps=8347 t=0.66s
Ep  169: len= 68 白胜 loss=27.3825 temp=0.49 total_env_steps=8415 t=0.55s
Ep  170: len= 52 白胜 loss=27.6401 temp=0.48 total_env_steps=8467 t=0.42s
Ep  171: len= 60 白胜 loss=27.4967 temp=0.48 total_env_steps=8527 t=0.48s
Ep  172: len= 53 黑胜 loss=27.4909 temp=0.47 total_env_steps=8580 t=0.44s
Ep  173: len= 58 白胜 loss=27.2599 temp=0.46 total_env_steps=8638 t=0.47s
Ep  174: len= 52 白胜 loss=27.6716 temp=0.45 total_env_steps=8690 t=0.42s
Ep  175: len= 25 黑胜 loss=27.6011 temp=0.44 total_env_steps=8715 t=0.21s
Ep  176: len= 54 白胜 loss=27.6089 temp=0.44 total_env_steps=8769 t=0.55s
Ep  177: len= 31 黑胜 loss=27.7273 temp=0.43 total_env_steps=8800 t=0.25s
Ep  178: len= 44 白胜 loss=27.3230 temp=0.42 total_env_steps=8844 t=0.37s
Ep  179: len= 32 白胜 loss=27.4478 temp=0.42 total_env_steps=8876 t=0.26s
Ep  180: len= 39 黑胜 loss=27.5605 temp=0.41 total_env_steps=8915 t=0.30s
Ep  181: len= 29 黑胜 loss=27.2321 temp=0.40 total_env_steps=8944 t=0.23s
Ep  182: len= 32 白胜 loss=27.3487 temp=0.39 total_env_steps=8976 t=0.26s
Ep  183: len= 32 白胜 loss=27.2681 temp=0.38 total_env_steps=9008 t=0.26s
Ep  184: len= 75 黑胜 loss=27.7387 temp=0.38 total_env_steps=9083 t=0.62s
Ep  185: len= 41 黑胜 loss=27.3618 temp=0.37 total_env_steps=9124 t=0.34s
Ep  186: len= 61 黑胜 loss=27.0956 temp=0.36 total_env_steps=9185 t=0.50s
Ep  187: len= 34 白胜 loss=27.4027 temp=0.36 total_env_steps=9219 t=0.28s
Ep  188: len= 67 黑胜 loss=27.8413 temp=0.35 total_env_steps=9286 t=0.53s
Ep  189: len= 26 白胜 loss=27.4920 temp=0.34 total_env_steps=9312 t=0.21s
Ep  190: len= 37 黑胜 loss=27.5956 temp=0.33 total_env_steps=9349 t=0.30s
Ep  191: len= 46 白胜 loss=27.4704 temp=0.33 total_env_steps=9395 t=0.37s
Ep  192: len= 32 白胜 loss=26.9766 temp=0.32 total_env_steps=9427 t=0.26s
Ep  193: len= 51 黑胜 loss=27.2418 temp=0.31 total_env_steps=9478 t=0.42s
Ep  194: len= 56 白胜 loss=27.1958 temp=0.30 total_env_steps=9534 t=0.46s
Ep  195: len= 45 黑胜 loss=27.0116 temp=0.30 total_env_steps=9579 t=0.36s
Ep  196: len= 41 黑胜 loss=27.2598 temp=0.29 total_env_steps=9620 t=0.34s
Ep  197: len= 47 黑胜 loss=27.4517 temp=0.28 total_env_steps=9667 t=0.37s
Ep  198: len= 45 黑胜 loss=27.3252 temp=0.27 total_env_steps=9712 t=0.38s
Ep  199: len= 45 黑胜 loss=27.4737 temp=0.26 total_env_steps=9757 t=0.36s
Ep  200: len= 23 黑胜 loss=27.1504 temp=0.26 total_env_steps=9780 t=0.19s
  eval vs Gomoku-random-v0: win_rate=0.80 mean_return=0.60（20 局，total_env_steps=9780）
  📸 已拍权重快照（ep=200，gating 对弈基准）
Ep  201: len= 48 白胜 loss=27.1088 temp=0.25 total_env_steps=9828 t=0.39s
Ep  202: len= 57 黑胜 loss=27.5991 temp=0.25 total_env_steps=9885 t=0.44s
Ep  203: len= 63 黑胜 loss=26.7617 temp=0.25 total_env_steps=9948 t=0.50s
Ep  204: len= 40 白胜 loss=27.1931 temp=0.25 total_env_steps=9988 t=0.35s
Ep  205: len= 32 白胜 loss=27.1321 temp=0.25 total_env_steps=10020 t=0.26s
Ep  206: len= 51 黑胜 loss=27.3342 temp=0.25 total_env_steps=10071 t=0.51s
Ep  207: len= 56 白胜 loss=27.3041 temp=0.25 total_env_steps=10127 t=0.46s
Ep  208: len= 46 白胜 loss=27.1885 temp=0.25 total_env_steps=10173 t=0.39s
Ep  209: len= 53 黑胜 loss=27.2588 temp=0.25 total_env_steps=10226 t=0.41s
Ep  210: len= 27 黑胜 loss=27.7117 temp=0.25 total_env_steps=10253 t=0.18s
Ep  211: len= 58 白胜 loss=27.3022 temp=0.25 total_env_steps=10311 t=0.49s
Ep  212: len= 41 黑胜 loss=27.3511 temp=0.25 total_env_steps=10352 t=0.33s
Ep  213: len= 25 黑胜 loss=27.1429 temp=0.25 total_env_steps=10377 t=0.20s
Ep  214: len= 37 黑胜 loss=27.3764 temp=0.25 total_env_steps=10414 t=0.31s
Ep  215: len= 69 黑胜 loss=27.1913 temp=0.25 total_env_steps=10483 t=0.55s
Ep  216: len= 35 黑胜 loss=27.5089 temp=0.25 total_env_steps=10518 t=0.29s
Ep  217: len= 21 黑胜 loss=27.4415 temp=0.25 total_env_steps=10539 t=0.18s
Ep  218: len= 20 白胜 loss=27.1101 temp=0.25 total_env_steps=10559 t=0.17s
Ep  219: len= 43 黑胜 loss=27.3274 temp=0.25 total_env_steps=10602 t=0.34s
Ep  220: len= 54 白胜 loss=27.2305 temp=0.25 total_env_steps=10656 t=0.44s
Ep  221: len= 54 白胜 loss=27.1286 temp=0.25 total_env_steps=10710 t=0.43s
Ep  222: len= 56 白胜 loss=27.2832 temp=0.25 total_env_steps=10766 t=0.45s
Ep  223: len= 24 白胜 loss=26.8476 temp=0.25 total_env_steps=10790 t=0.21s
Ep  224: len= 81 平局 loss=27.1725 temp=0.25 total_env_steps=10871 t=0.66s
Ep  225: len= 22 白胜 loss=27.1704 temp=0.25 total_env_steps=10893 t=0.18s
Ep  226: len= 45 黑胜 loss=26.9318 temp=0.25 total_env_steps=10938 t=0.39s
Ep  227: len= 25 黑胜 loss=26.9199 temp=0.25 total_env_steps=10963 t=0.22s
Ep  228: len= 54 白胜 loss=26.7832 temp=0.25 total_env_steps=11017 t=0.44s
Ep  229: len= 30 白胜 loss=27.1802 temp=0.25 total_env_steps=11047 t=0.25s
Ep  230: len= 45 黑胜 loss=27.0815 temp=0.25 total_env_steps=11092 t=0.38s
Ep  231: len= 52 白胜 loss=27.0259 temp=0.25 total_env_steps=11144 t=0.43s
Ep  232: len= 22 白胜 loss=26.8952 temp=0.25 total_env_steps=11166 t=0.20s
Ep  233: len= 34 白胜 loss=27.5602 temp=0.25 total_env_steps=11200 t=0.28s
Ep  234: len= 45 黑胜 loss=27.1825 temp=0.25 total_env_steps=11245 t=0.37s
Ep  235: len= 48 白胜 loss=26.9456 temp=0.25 total_env_steps=11293 t=0.38s
Ep  236: len= 58 白胜 loss=27.0649 temp=0.25 total_env_steps=11351 t=0.47s
Ep  237: len= 57 黑胜 loss=27.0851 temp=0.25 total_env_steps=11408 t=0.58s
Ep  238: len= 32 白胜 loss=26.8007 temp=0.25 total_env_steps=11440 t=0.29s
Ep  239: len= 34 白胜 loss=26.6010 temp=0.25 total_env_steps=11474 t=0.28s
Ep  240: len= 34 白胜 loss=26.9425 temp=0.25 total_env_steps=11508 t=0.29s
Ep  241: len= 47 黑胜 loss=26.5128 temp=0.25 total_env_steps=11555 t=0.38s
Ep  242: len= 64 白胜 loss=26.4657 temp=0.25 total_env_steps=11619 t=0.45s
Ep  243: len= 34 白胜 loss=27.1548 temp=0.25 total_env_steps=11653 t=0.26s
Ep  244: len= 67 黑胜 loss=26.9816 temp=0.25 total_env_steps=11720 t=0.58s
Ep  245: len= 28 白胜 loss=26.7404 temp=0.25 total_env_steps=11748 t=0.23s
Ep  246: len= 28 白胜 loss=26.6125 temp=0.25 total_env_steps=11776 t=0.25s
Ep  247: len= 29 黑胜 loss=26.7903 temp=0.25 total_env_steps=11805 t=0.24s
Ep  248: len= 28 白胜 loss=26.4009 temp=0.25 total_env_steps=11833 t=0.24s
Ep  249: len= 43 黑胜 loss=26.7786 temp=0.25 total_env_steps=11876 t=0.32s
Ep  250: len= 59 黑胜 loss=27.1225 temp=0.25 total_env_steps=11935 t=0.45s
  eval vs Gomoku-random-v0: win_rate=0.80 mean_return=0.60（20 局，total_env_steps=11935）
Ep  251: len= 48 白胜 loss=27.0344 temp=0.25 total_env_steps=11983 t=0.24s
Ep  252: len= 67 黑胜 loss=26.3677 temp=0.25 total_env_steps=12050 t=0.40s
Ep  253: len= 27 黑胜 loss=26.4697 temp=0.25 total_env_steps=12077 t=0.22s
Ep  254: len= 32 白胜 loss=26.6733 temp=0.25 total_env_steps=12109 t=0.26s
Ep  255: len= 45 黑胜 loss=26.4378 temp=0.25 total_env_steps=12154 t=0.37s
Ep  256: len= 38 白胜 loss=27.1354 temp=0.25 total_env_steps=12192 t=0.31s
Ep  257: len= 58 白胜 loss=26.5440 temp=0.25 total_env_steps=12250 t=0.48s
Ep  258: len= 57 黑胜 loss=26.5107 temp=0.25 total_env_steps=12307 t=0.46s
Ep  259: len= 28 白胜 loss=26.9501 temp=0.25 total_env_steps=12335 t=0.22s
Ep  260: len= 57 黑胜 loss=26.2612 temp=0.25 total_env_steps=12392 t=0.52s
Ep  261: len= 42 白胜 loss=26.4680 temp=0.25 total_env_steps=12434 t=0.33s
Ep  262: len= 21 黑胜 loss=26.6122 temp=0.25 total_env_steps=12455 t=0.16s
Ep  263: len= 40 白胜 loss=26.9492 temp=0.25 total_env_steps=12495 t=0.31s
Ep  264: len= 34 白胜 loss=26.8886 temp=0.25 total_env_steps=12529 t=0.29s
Ep  265: len= 55 黑胜 loss=25.9586 temp=0.25 total_env_steps=12584 t=0.46s
Ep  266: len= 30 白胜 loss=26.5267 temp=0.25 total_env_steps=12614 t=0.24s
Ep  267: len= 38 白胜 loss=27.0966 temp=0.25 total_env_steps=12652 t=0.31s
Ep  268: len= 31 黑胜 loss=26.6519 temp=0.25 total_env_steps=12683 t=0.25s
Ep  269: len= 28 白胜 loss=26.4105 temp=0.25 total_env_steps=12711 t=0.23s
Ep  270: len= 26 白胜 loss=27.0701 temp=0.25 total_env_steps=12737 t=0.22s
Ep  271: len= 46 白胜 loss=27.0359 temp=0.25 total_env_steps=12783 t=0.37s
Ep  272: len= 50 白胜 loss=26.0115 temp=0.25 total_env_steps=12833 t=0.40s
Ep  273: len= 32 白胜 loss=26.4676 temp=0.25 total_env_steps=12865 t=0.26s
Ep  274: len= 29 黑胜 loss=26.3786 temp=0.25 total_env_steps=12894 t=0.24s
Ep  275: len= 29 黑胜 loss=26.2945 temp=0.25 total_env_steps=12923 t=0.23s
Ep  276: len= 33 黑胜 loss=25.8276 temp=0.25 total_env_steps=12956 t=0.26s
Ep  277: len= 27 黑胜 loss=26.8954 temp=0.25 total_env_steps=12983 t=0.22s
Ep  278: len= 21 黑胜 loss=26.1459 temp=0.25 total_env_steps=13004 t=0.19s
Ep  279: len= 15 黑胜 loss=26.7417 temp=0.25 total_env_steps=13019 t=0.13s
Ep  280: len= 18 白胜 loss=27.0174 temp=0.25 total_env_steps=13037 t=0.16s
Ep  281: len= 57 黑胜 loss=26.3698 temp=0.25 total_env_steps=13094 t=0.48s
Ep  282: len= 38 白胜 loss=26.8569 temp=0.25 total_env_steps=13132 t=0.29s
Ep  283: len= 56 白胜 loss=26.5222 temp=0.25 total_env_steps=13188 t=0.47s
Ep  284: len= 26 白胜 loss=26.2576 temp=0.25 total_env_steps=13214 t=0.20s
Ep  285: len= 40 白胜 loss=25.6126 temp=0.25 total_env_steps=13254 t=0.34s
Ep  286: len= 26 白胜 loss=26.2414 temp=0.25 total_env_steps=13280 t=0.22s
Ep  287: len= 41 黑胜 loss=26.2749 temp=0.25 total_env_steps=13321 t=0.34s
Ep  288: len= 37 黑胜 loss=25.7824 temp=0.25 total_env_steps=13358 t=0.29s
Ep  289: len= 36 白胜 loss=26.6848 temp=0.25 total_env_steps=13394 t=0.29s
Ep  290: len= 25 黑胜 loss=26.6171 temp=0.25 total_env_steps=13419 t=0.20s
Ep  291: len= 38 白胜 loss=26.0455 temp=0.25 total_env_steps=13457 t=0.31s
Ep  292: len= 34 白胜 loss=26.2360 temp=0.25 total_env_steps=13491 t=0.28s
Ep  293: len= 22 白胜 loss=26.2065 temp=0.25 total_env_steps=13513 t=0.17s
Ep  294: len= 47 黑胜 loss=26.3865 temp=0.25 total_env_steps=13560 t=0.37s
Ep  295: len= 53 黑胜 loss=26.3216 temp=0.25 total_env_steps=13613 t=0.42s
Ep  296: len= 32 白胜 loss=26.4331 temp=0.25 total_env_steps=13645 t=0.25s
Ep  297: len= 74 白胜 loss=26.0597 temp=0.25 total_env_steps=13719 t=0.74s
Ep  298: len= 59 黑胜 loss=26.0983 temp=0.25 total_env_steps=13778 t=0.54s
Ep  299: len= 21 黑胜 loss=25.7162 temp=0.25 total_env_steps=13799 t=0.18s
Ep  300: len= 42 白胜 loss=25.4507 temp=0.25 total_env_steps=13841 t=0.33s
  eval vs Gomoku-random-v0: win_rate=0.95 mean_return=0.90（20 局，total_env_steps=13841）
Ep  301: len= 44 白胜 loss=26.5202 temp=0.25 total_env_steps=13885 t=0.34s
Ep  302: len= 55 黑胜 loss=26.0853 temp=0.25 total_env_steps=13940 t=0.44s
Ep  303: len= 70 白胜 loss=26.1902 temp=0.25 total_env_steps=14010 t=0.54s
Ep  304: len= 49 黑胜 loss=26.1210 temp=0.25 total_env_steps=14059 t=0.39s
Ep  305: len= 39 黑胜 loss=26.0361 temp=0.25 total_env_steps=14098 t=0.31s
Ep  306: len= 49 黑胜 loss=25.8460 temp=0.25 total_env_steps=14147 t=0.39s
Ep  307: len= 20 白胜 loss=26.8403 temp=0.25 total_env_steps=14167 t=0.16s
Ep  308: len= 65 黑胜 loss=26.4447 temp=0.25 total_env_steps=14232 t=0.51s
Ep  309: len= 53 黑胜 loss=25.7582 temp=0.25 total_env_steps=14285 t=0.39s
Ep  310: len= 33 黑胜 loss=26.1901 temp=0.25 total_env_steps=14318 t=0.27s
Ep  311: len= 31 黑胜 loss=25.4878 temp=0.25 total_env_steps=14349 t=0.26s
Ep  312: len= 29 黑胜 loss=25.6487 temp=0.25 total_env_steps=14378 t=0.25s
Ep  313: len= 29 黑胜 loss=26.2687 temp=0.25 total_env_steps=14407 t=0.24s
Ep  314: len= 49 黑胜 loss=26.0822 temp=0.25 total_env_steps=14456 t=0.39s
Ep  315: len= 39 黑胜 loss=25.6903 temp=0.25 total_env_steps=14495 t=0.31s
Ep  316: len= 37 黑胜 loss=25.8680 temp=0.25 total_env_steps=14532 t=0.31s
Ep  317: len= 47 黑胜 loss=26.1483 temp=0.25 total_env_steps=14579 t=0.37s
Ep  318: len= 59 黑胜 loss=25.7889 temp=0.25 total_env_steps=14638 t=0.48s
Ep  319: len= 23 黑胜 loss=26.7800 temp=0.25 total_env_steps=14661 t=0.20s
Ep  320: len= 21 黑胜 loss=26.0622 temp=0.25 total_env_steps=14682 t=0.18s
Ep  321: len= 35 黑胜 loss=26.2201 temp=0.25 total_env_steps=14717 t=0.29s
Ep  322: len= 30 白胜 loss=25.5912 temp=0.25 total_env_steps=14747 t=0.26s
Ep  323: len= 47 黑胜 loss=26.8617 temp=0.25 total_env_steps=14794 t=0.39s
Ep  324: len= 34 白胜 loss=25.8598 temp=0.25 total_env_steps=14828 t=0.29s
Ep  325: len= 32 白胜 loss=26.2981 temp=0.25 total_env_steps=14860 t=0.27s
Ep  326: len= 52 白胜 loss=26.3589 temp=0.25 total_env_steps=14912 t=0.43s
Ep  327: len= 52 白胜 loss=26.0454 temp=0.25 total_env_steps=14964 t=0.43s
Ep  328: len= 49 黑胜 loss=25.3275 temp=0.25 total_env_steps=15013 t=0.40s
Ep  329: len= 30 白胜 loss=26.1052 temp=0.25 total_env_steps=15043 t=0.24s
Ep  330: len= 35 黑胜 loss=25.1835 temp=0.25 total_env_steps=15078 t=0.29s
Ep  331: len= 30 白胜 loss=24.9387 temp=0.25 total_env_steps=15108 t=0.25s
Ep  332: len= 27 黑胜 loss=24.8219 temp=0.25 total_env_steps=15135 t=0.24s
Ep  333: len= 34 白胜 loss=25.6155 temp=0.25 total_env_steps=15169 t=0.28s
Ep  334: len= 73 黑胜 loss=25.5099 temp=0.25 total_env_steps=15242 t=0.58s
Ep  335: len= 43 黑胜 loss=25.3453 temp=0.25 total_env_steps=15285 t=0.33s
Ep  336: len= 42 白胜 loss=24.9661 temp=0.25 total_env_steps=15327 t=0.35s
Ep  337: len= 40 白胜 loss=25.9222 temp=0.25 total_env_steps=15367 t=0.35s
Ep  338: len= 40 白胜 loss=25.7871 temp=0.25 total_env_steps=15407 t=0.32s
Ep  339: len= 32 白胜 loss=25.0275 temp=0.25 total_env_steps=15439 t=0.27s
Ep  340: len= 52 白胜 loss=25.9534 temp=0.25 total_env_steps=15491 t=0.43s
Ep  341: len= 64 白胜 loss=25.2927 temp=0.25 total_env_steps=15555 t=0.52s
Ep  342: len= 20 白胜 loss=24.7804 temp=0.25 total_env_steps=15575 t=0.18s
Ep  343: len= 35 黑胜 loss=25.9475 temp=0.25 total_env_steps=15610 t=0.30s
Ep  344: len= 30 白胜 loss=25.6306 temp=0.25 total_env_steps=15640 t=0.25s
Ep  345: len= 79 黑胜 loss=25.1357 temp=0.25 total_env_steps=15719 t=0.64s
Ep  346: len= 22 白胜 loss=25.1709 temp=0.25 total_env_steps=15741 t=0.19s
Ep  347: len= 54 白胜 loss=25.1523 temp=0.25 total_env_steps=15795 t=0.44s
Ep  348: len= 37 黑胜 loss=25.1816 temp=0.25 total_env_steps=15832 t=0.31s
Ep  349: len= 38 白胜 loss=25.8281 temp=0.25 total_env_steps=15870 t=0.32s
Ep  350: len= 81 平局 loss=25.6842 temp=0.25 total_env_steps=15951 t=0.64s
  eval vs Gomoku-random-v0: win_rate=1.00 mean_return=1.00（20 局，total_env_steps=15951）
Ep  351: len= 36 白胜 loss=24.5606 temp=0.25 total_env_steps=15987 t=0.29s
Ep  352: len= 23 黑胜 loss=24.7586 temp=0.25 total_env_steps=16010 t=0.20s
Ep  353: len= 34 白胜 loss=25.3686 temp=0.25 total_env_steps=16044 t=0.29s
Ep  354: len= 40 白胜 loss=26.0352 temp=0.25 total_env_steps=16084 t=0.34s
Ep  355: len= 26 白胜 loss=25.3310 temp=0.25 total_env_steps=16110 t=0.22s
Ep  356: len= 65 黑胜 loss=25.7426 temp=0.25 total_env_steps=16175 t=0.53s
Ep  357: len= 47 黑胜 loss=24.7390 temp=0.25 total_env_steps=16222 t=0.39s
Ep  358: len= 52 白胜 loss=24.7497 temp=0.25 total_env_steps=16274 t=0.42s
Ep  359: len= 52 白胜 loss=25.9273 temp=0.25 total_env_steps=16326 t=0.44s
Ep  360: len= 42 白胜 loss=24.7178 temp=0.25 total_env_steps=16368 t=0.34s
Ep  361: len= 29 黑胜 loss=25.8089 temp=0.25 total_env_steps=16397 t=0.25s
Ep  362: len= 37 黑胜 loss=25.3481 temp=0.25 total_env_steps=16434 t=0.31s
Ep  363: len= 79 黑胜 loss=25.7207 temp=0.25 total_env_steps=16513 t=0.64s
Ep  364: len= 75 黑胜 loss=25.1238 temp=0.25 total_env_steps=16588 t=0.60s
Ep  365: len= 41 黑胜 loss=25.0674 temp=0.25 total_env_steps=16629 t=0.34s
Ep  366: len= 48 白胜 loss=25.5112 temp=0.25 total_env_steps=16677 t=0.39s
Ep  367: len= 32 白胜 loss=25.6531 temp=0.25 total_env_steps=16709 t=0.25s
Ep  368: len= 34 白胜 loss=25.2101 temp=0.25 total_env_steps=16743 t=0.28s
Ep  369: len= 52 白胜 loss=25.3273 temp=0.25 total_env_steps=16795 t=0.43s
Ep  370: len= 59 黑胜 loss=25.2060 temp=0.25 total_env_steps=16854 t=0.46s
Ep  371: len= 15 黑胜 loss=24.5817 temp=0.25 total_env_steps=16869 t=0.13s
Ep  372: len= 44 白胜 loss=25.6631 temp=0.25 total_env_steps=16913 t=0.37s
Ep  373: len= 31 黑胜 loss=23.8763 temp=0.25 total_env_steps=16944 t=0.27s
Ep  374: len= 48 白胜 loss=24.9257 temp=0.25 total_env_steps=16992 t=0.39s
Ep  375: len= 65 黑胜 loss=26.0195 temp=0.25 total_env_steps=17057 t=0.51s
Ep  376: len= 42 白胜 loss=25.2639 temp=0.25 total_env_steps=17099 t=0.33s
Ep  377: len= 29 黑胜 loss=24.7751 temp=0.25 total_env_steps=17128 t=0.25s
Ep  378: len= 21 黑胜 loss=24.7357 temp=0.25 total_env_steps=17149 t=0.19s
Ep  379: len= 20 白胜 loss=25.1234 temp=0.25 total_env_steps=17169 t=0.18s
Ep  380: len= 29 黑胜 loss=25.3910 temp=0.25 total_env_steps=17198 t=0.25s
Ep  381: len= 34 白胜 loss=24.7380 temp=0.25 total_env_steps=17232 t=0.28s
Ep  382: len= 32 白胜 loss=24.7211 temp=0.25 total_env_steps=17264 t=0.26s
Ep  383: len= 27 黑胜 loss=25.1088 temp=0.25 total_env_steps=17291 t=0.22s
Ep  384: len= 23 黑胜 loss=25.1230 temp=0.25 total_env_steps=17314 t=0.19s
Ep  385: len= 36 白胜 loss=24.4680 temp=0.25 total_env_steps=17350 t=0.29s
Ep  386: len= 34 白胜 loss=25.3364 temp=0.25 total_env_steps=17384 t=0.28s
Ep  387: len= 50 白胜 loss=24.2899 temp=0.25 total_env_steps=17434 t=0.41s
Ep  388: len= 45 黑胜 loss=24.9525 temp=0.25 total_env_steps=17479 t=0.35s
Ep  389: len= 40 白胜 loss=24.5843 temp=0.25 total_env_steps=17519 t=0.31s
Ep  390: len= 21 黑胜 loss=25.9309 temp=0.25 total_env_steps=17540 t=0.18s
Ep  391: len= 29 黑胜 loss=25.7400 temp=0.25 total_env_steps=17569 t=0.24s
Ep  392: len= 58 白胜 loss=24.8903 temp=0.25 total_env_steps=17627 t=0.49s
Ep  393: len= 54 白胜 loss=25.5228 temp=0.25 total_env_steps=17681 t=0.44s
Ep  394: len= 57 黑胜 loss=24.2071 temp=0.25 total_env_steps=17738 t=0.48s
Ep  395: len= 42 白胜 loss=24.4981 temp=0.25 total_env_steps=17780 t=0.35s
Ep  396: len= 66 白胜 loss=25.4240 temp=0.25 total_env_steps=17846 t=0.54s
Ep  397: len= 23 黑胜 loss=24.7866 temp=0.25 total_env_steps=17869 t=0.20s
Ep  398: len= 31 黑胜 loss=25.2745 temp=0.25 total_env_steps=17900 t=0.26s
Ep  399: len= 64 白胜 loss=24.3780 temp=0.25 total_env_steps=17964 t=0.52s
Ep  400: len= 31 黑胜 loss=23.7774 temp=0.25 total_env_steps=17995 t=0.25s
  eval vs Gomoku-random-v0: win_rate=0.95 mean_return=0.90（20 局，total_env_steps=17995）
[闸门] vs random（40 局）: win_rate=0.950
[闸门] vs 半程快照（40 局，黑白各半）: score=0.825
[梯队] vs naive0（20 局，观察性）: win_rate=0.05
[梯队] vs naive1（20 局，观察性）: win_rate=0.00
[梯队] vs naive2（20 局，观察性）: win_rate=0.00
[梯队] vs naive3（20 局，观察性）: win_rate=0.00
📈 Gomoku-selfplay-v0 win_rate=0.95（best 1.00）| 门槛 0.95 | 206.5s

--- M3 arm=sims400 汇总（base 对照见 bench 头注释）---
  seed=42 vs_random=0.950 vs_snapshot=0.950 | 梯队 naive0=0.05 naive1=0.00 naive2=0.00 naive3=0.00 | env_steps=18485 wall=230s
  seed=43 vs_random=0.950 vs_snapshot=0.900 | 梯队 naive0=0.15 naive1=0.00 naive2=0.00 naive3=0.00 | env_steps=17141 wall=184s
  seed=44 vs_random=0.950 vs_snapshot=0.825 | 梯队 naive0=0.05 naive1=0.00 naive2=0.00 naive3=0.00 | env_steps=17995 wall=207s
ok

test result: ok. 1 passed; 0 failed; 0 ignored; 0 measured; 3426 filtered out; finished in 621.03s

     Running tests\cse_dedup.rs (target\release\deps\cse_dedup-7a657e998c2a0176.exe)

running 0 tests

test result: ok. 0 passed; 0 failed; 0 ignored; 0 measured; 1 filtered out; finished in 0.00s

     Running tests\mode_invariants.rs (target\release\deps\mode_invariants-12496c59841ba5c8.exe)

running 0 tests

test result: ok. 0 passed; 0 failed; 0 ignored; 0 measured; 9 filtered out; finished in 0.00s

     Running tests\onnx_otm_load_bench.rs (target\release\deps\onnx_otm_load_bench-39da60dd6dcd2511.exe)

running 0 tests

test result: ok. 0 passed; 0 failed; 0 ignored; 0 measured; 1 filtered out; finished in 0.00s

     Running tests\yolov5_xiangqi_import.rs (target\release\deps\yolov5_xiangqi_import-5a55f6b67c0e8a85.exe)

running 0 tests

test result: ok. 0 passed; 0 failed; 0 ignored; 0 measured; 6 filtered out; finished in 0.00s

