   Compiling only_torch v0.25.0 (D:\DATA\BaiduSyncdisk\project\personal\only_torch)
    Finished `release` profile [optimized] target(s) in 1m 21s
     Running unittests src\lib.rs (target\release\deps\only_torch-45d502c1e61c3f90.exe)

running 1 test
test rl::algo::my_zero::tests::gomoku_m3_bench::gomoku_naive0_tactical_openings ... 
--- arm=tactical_openings seed=42 sims=100 ---
[MyZero-board Gomoku-selfplay-v0] obs=243(3×9²) |A|=81 sims=100 γ=1.0 negamax
[MyZero-board] 树内真规则开启（AlphaZero 式诊断；训练侧不变）
[MyZero-board] 战术开局课程开启（p=0.25，必挡局面前缀；eval 不受影响）
Ep    1: len= 40 白胜 loss=0.0000 temp=1.00 total_env_steps=40 t=0.10s
Ep    2: len= 61 黑胜 loss=0.0000 temp=1.00 total_env_steps=101 t=0.15s
Ep    3: len= 33 黑胜 loss=0.0000 temp=1.00 total_env_steps=134 t=0.09s
Ep    4: len= 12 白胜 loss=0.0000 temp=1.00 total_env_steps=146 t=0.03s
Ep    5: len= 30 白胜 loss=0.0000 temp=1.00 total_env_steps=176 t=0.09s
Ep    6: len= 41 黑胜 loss=0.0000 temp=1.00 total_env_steps=217 t=0.12s
Ep    7: len= 43 黑胜 loss=0.0000 temp=1.00 total_env_steps=260 t=0.11s
Ep    8: len= 41 黑胜 loss=0.0000 temp=1.00 total_env_steps=301 t=0.11s
Ep    9: len= 65 黑胜 loss=0.0000 temp=1.00 total_env_steps=366 t=0.15s
Ep   10: len=  8 黑胜 loss=36.7063 temp=1.00 total_env_steps=374 t=0.03s
Ep   11: len= 36 白胜 loss=29.4121 temp=1.00 total_env_steps=410 t=0.12s
Ep   12: len=  2 白胜 loss=28.9070 temp=1.00 total_env_steps=412 t=0.02s
Ep   13: len= 41 黑胜 loss=29.6641 temp=1.00 total_env_steps=453 t=0.11s
Ep   14: len=  2 白胜 loss=28.9801 temp=1.00 total_env_steps=455 t=0.02s
Ep   15: len= 37 黑胜 loss=28.7322 temp=1.00 total_env_steps=492 t=0.10s
Ep   16: len= 15 黑胜 loss=28.6960 temp=1.00 total_env_steps=507 t=0.04s
Ep   17: len= 27 黑胜 loss=28.4706 temp=1.00 total_env_steps=534 t=0.08s
Ep   18: len= 31 黑胜 loss=28.3544 temp=1.00 total_env_steps=565 t=0.08s
Ep   19: len= 10 白胜 loss=28.2603 temp=1.00 total_env_steps=575 t=0.03s
Ep   20: len= 34 白胜 loss=28.0095 temp=1.00 total_env_steps=609 t=0.10s
Ep   21: len= 74 白胜 loss=28.2687 temp=1.00 total_env_steps=683 t=0.16s
Ep   22: len=  2 白胜 loss=28.3535 temp=1.00 total_env_steps=685 t=0.02s
Ep   23: len= 53 黑胜 loss=28.3587 temp=1.00 total_env_steps=738 t=0.12s
Ep   24: len=  4 黑胜 loss=28.1355 temp=1.00 total_env_steps=742 t=0.02s
Ep   25: len=  4 黑胜 loss=28.6288 temp=1.00 total_env_steps=746 t=0.02s
Ep   26: len= 51 黑胜 loss=28.3169 temp=1.00 total_env_steps=797 t=0.13s
Ep   27: len= 31 黑胜 loss=28.2525 temp=1.00 total_env_steps=828 t=0.09s
Ep   28: len=  2 白胜 loss=28.4097 temp=1.00 total_env_steps=830 t=0.02s
Ep   29: len= 36 白胜 loss=28.5473 temp=1.00 total_env_steps=866 t=0.09s
Ep   30: len= 49 黑胜 loss=28.5848 temp=1.00 total_env_steps=915 t=0.15s
Ep   31: len= 28 白胜 loss=28.3997 temp=1.00 total_env_steps=943 t=0.09s
Ep   32: len= 32 白胜 loss=28.1747 temp=1.00 total_env_steps=975 t=0.10s
Ep   33: len= 33 黑胜 loss=28.6471 temp=1.00 total_env_steps=1008 t=0.10s
Ep   34: len= 48 白胜 loss=28.5251 temp=1.00 total_env_steps=1056 t=0.12s
Ep   35: len= 21 黑胜 loss=28.4660 temp=1.00 total_env_steps=1077 t=0.06s
Ep   36: len=  2 白胜 loss=28.2726 temp=1.00 total_env_steps=1079 t=0.02s
Ep   37: len=  2 黑胜 loss=28.3973 temp=1.00 total_env_steps=1081 t=0.02s
Ep   38: len=  4 白胜 loss=28.1749 temp=1.00 total_env_steps=1085 t=0.02s
Ep   39: len= 28 白胜 loss=28.3627 temp=1.00 total_env_steps=1113 t=0.07s
Ep   40: len= 30 白胜 loss=28.4526 temp=1.00 total_env_steps=1143 t=0.07s
Ep   41: len= 50 白胜 loss=28.2932 temp=1.00 total_env_steps=1193 t=0.11s
Ep   42: len= 44 白胜 loss=28.2303 temp=1.00 total_env_steps=1237 t=0.11s
Ep   43: len= 40 白胜 loss=28.3010 temp=1.00 total_env_steps=1277 t=0.10s
Ep   44: len= 14 白胜 loss=28.4745 temp=1.00 total_env_steps=1291 t=0.04s
Ep   45: len= 37 黑胜 loss=28.2223 temp=1.00 total_env_steps=1328 t=0.09s
Ep   46: len= 35 黑胜 loss=28.1872 temp=1.00 total_env_steps=1363 t=0.08s
Ep   47: len=  2 黑胜 loss=28.3281 temp=1.00 total_env_steps=1365 t=0.01s
Ep   48: len= 32 白胜 loss=28.3164 temp=1.00 total_env_steps=1397 t=0.08s
Ep   49: len= 40 白胜 loss=27.9761 temp=1.00 total_env_steps=1437 t=0.09s
Ep   50: len= 37 黑胜 loss=28.3038 temp=1.00 total_env_steps=1474 t=0.08s
  eval vs Gomoku-random-v0: win_rate=0.90 mean_return=0.80（20 局，total_env_steps=1474）
Ep   51: len=  4 白胜 loss=28.2420 temp=1.00 total_env_steps=1478 t=0.02s
Ep   52: len= 29 黑胜 loss=28.3368 temp=1.00 total_env_steps=1507 t=0.07s
Ep   53: len= 27 黑胜 loss=28.2970 temp=1.00 total_env_steps=1534 t=0.07s
Ep   54: len= 45 黑胜 loss=28.2016 temp=1.00 total_env_steps=1579 t=0.10s
Ep   55: len= 15 黑胜 loss=28.2186 temp=1.00 total_env_steps=1594 t=0.04s
Ep   56: len= 26 白胜 loss=28.1626 temp=1.00 total_env_steps=1620 t=0.07s
Ep   57: len= 29 黑胜 loss=28.3010 temp=1.00 total_env_steps=1649 t=0.07s
Ep   58: len= 32 白胜 loss=28.3762 temp=1.00 total_env_steps=1681 t=0.08s
Ep   59: len= 27 黑胜 loss=28.1717 temp=1.00 total_env_steps=1708 t=0.06s
Ep   60: len= 10 白胜 loss=28.2538 temp=1.00 total_env_steps=1718 t=0.03s
Ep   61: len= 51 黑胜 loss=28.1989 temp=1.00 total_env_steps=1769 t=0.11s
Ep   62: len= 34 白胜 loss=28.1693 temp=1.00 total_env_steps=1803 t=0.08s
Ep   63: len= 34 白胜 loss=28.0649 temp=1.00 total_env_steps=1837 t=0.08s
Ep   64: len= 52 白胜 loss=28.3482 temp=1.00 total_env_steps=1889 t=0.11s
Ep   65: len=  4 黑胜 loss=27.8617 temp=1.00 total_env_steps=1893 t=0.02s
Ep   66: len= 29 黑胜 loss=28.3336 temp=1.00 total_env_steps=1922 t=0.07s
Ep   67: len=  2 白胜 loss=28.1332 temp=1.00 total_env_steps=1924 t=0.01s
Ep   68: len= 41 黑胜 loss=27.9625 temp=1.00 total_env_steps=1965 t=0.10s
Ep   69: len= 16 白胜 loss=28.2174 temp=1.00 total_env_steps=1981 t=0.04s
Ep   70: len= 43 黑胜 loss=28.0216 temp=1.00 total_env_steps=2024 t=0.10s
Ep   71: len= 28 白胜 loss=28.2584 temp=1.00 total_env_steps=2052 t=0.07s
Ep   72: len= 26 白胜 loss=28.0501 temp=1.00 total_env_steps=2078 t=0.07s
Ep   73: len= 12 白胜 loss=28.1417 temp=1.00 total_env_steps=2090 t=0.04s
Ep   74: len= 40 白胜 loss=28.2802 temp=1.00 total_env_steps=2130 t=0.09s
Ep   75: len= 37 黑胜 loss=28.0175 temp=1.00 total_env_steps=2167 t=0.08s
Ep   76: len= 33 黑胜 loss=28.3182 temp=1.00 total_env_steps=2200 t=0.08s
Ep   77: len=  2 白胜 loss=28.2669 temp=1.00 total_env_steps=2202 t=0.01s
Ep   78: len= 31 黑胜 loss=28.0420 temp=1.00 total_env_steps=2233 t=0.08s
Ep   79: len= 26 白胜 loss=28.1765 temp=1.00 total_env_steps=2259 t=0.06s
Ep   80: len=  4 白胜 loss=28.2592 temp=1.00 total_env_steps=2263 t=0.02s
Ep   81: len= 42 白胜 loss=27.9970 temp=1.00 total_env_steps=2305 t=0.09s
Ep   82: len= 32 白胜 loss=28.1036 temp=1.00 total_env_steps=2337 t=0.08s
Ep   83: len= 20 白胜 loss=28.2889 temp=1.00 total_env_steps=2357 t=0.06s
Ep   84: len= 42 白胜 loss=27.8677 temp=1.00 total_env_steps=2399 t=0.10s
Ep   85: len= 34 白胜 loss=28.2311 temp=1.00 total_env_steps=2433 t=0.08s
Ep   86: len= 45 黑胜 loss=28.0021 temp=1.00 total_env_steps=2478 t=0.10s
Ep   87: len= 38 白胜 loss=28.0582 temp=1.00 total_env_steps=2516 t=0.10s
Ep   88: len=  8 白胜 loss=28.1049 temp=1.00 total_env_steps=2524 t=0.03s
Ep   89: len= 25 黑胜 loss=28.1280 temp=1.00 total_env_steps=2549 t=0.06s
Ep   90: len= 31 黑胜 loss=28.1775 temp=1.00 total_env_steps=2580 t=0.07s
Ep   91: len=  2 黑胜 loss=28.0301 temp=1.00 total_env_steps=2582 t=0.01s
Ep   92: len= 37 黑胜 loss=28.0185 temp=1.00 total_env_steps=2619 t=0.08s
Ep   93: len= 34 白胜 loss=28.1587 temp=1.00 total_env_steps=2653 t=0.08s
Ep   94: len= 25 黑胜 loss=28.1050 temp=1.00 total_env_steps=2678 t=0.06s
Ep   95: len= 36 白胜 loss=27.8737 temp=1.00 total_env_steps=2714 t=0.08s
Ep   96: len=  4 黑胜 loss=28.3201 temp=1.00 total_env_steps=2718 t=0.02s
Ep   97: len= 12 白胜 loss=28.1076 temp=1.00 total_env_steps=2730 t=0.03s
Ep   98: len= 37 黑胜 loss=28.0084 temp=1.00 total_env_steps=2767 t=0.09s
Ep   99: len= 43 黑胜 loss=28.0384 temp=1.00 total_env_steps=2810 t=0.11s
Ep  100: len= 32 白胜 loss=27.9921 temp=1.00 total_env_steps=2842 t=0.08s
  eval vs Gomoku-random-v0: win_rate=1.00 mean_return=1.00（20 局，total_env_steps=2842）
  ✅ 达标 ep=100 total_env_steps=2842
Ep  101: len= 35 黑胜 loss=27.9114 temp=1.00 total_env_steps=2877 t=0.08s
Ep  102: len= 36 白胜 loss=28.0314 temp=0.99 total_env_steps=2913 t=0.08s
Ep  103: len= 46 白胜 loss=28.2147 temp=0.99 total_env_steps=2959 t=0.10s
Ep  104: len= 28 黑胜 loss=28.1580 temp=0.98 total_env_steps=2987 t=0.07s
Ep  105: len= 40 白胜 loss=28.0671 temp=0.97 total_env_steps=3027 t=0.10s
Ep  106: len= 34 白胜 loss=27.9282 temp=0.96 total_env_steps=3061 t=0.08s
Ep  107: len=  6 白胜 loss=28.1718 temp=0.95 total_env_steps=3067 t=0.02s
Ep  108: len= 31 黑胜 loss=27.9823 temp=0.95 total_env_steps=3098 t=0.07s
Ep  109: len= 34 白胜 loss=28.1475 temp=0.94 total_env_steps=3132 t=0.08s
Ep  110: len= 37 黑胜 loss=28.0590 temp=0.93 total_env_steps=3169 t=0.09s
Ep  111: len= 20 黑胜 loss=28.0231 temp=0.93 total_env_steps=3189 t=0.05s
Ep  112: len= 41 黑胜 loss=28.0025 temp=0.92 total_env_steps=3230 t=0.09s
Ep  113: len= 13 黑胜 loss=28.0655 temp=0.91 total_env_steps=3243 t=0.04s
Ep  114: len= 41 黑胜 loss=28.1513 temp=0.90 total_env_steps=3284 t=0.10s
Ep  115: len= 33 黑胜 loss=27.9514 temp=0.89 total_env_steps=3317 t=0.08s
Ep  116: len= 39 黑胜 loss=28.1238 temp=0.89 total_env_steps=3356 t=0.10s
Ep  117: len= 44 白胜 loss=28.2240 temp=0.88 total_env_steps=3400 t=0.09s
Ep  118: len= 31 黑胜 loss=28.1281 temp=0.87 total_env_steps=3431 t=0.07s
Ep  119: len= 15 黑胜 loss=27.9700 temp=0.87 total_env_steps=3446 t=0.04s
Ep  120: len=  2 黑胜 loss=28.1335 temp=0.86 total_env_steps=3448 t=0.01s
Ep  121: len= 30 白胜 loss=27.9062 temp=0.85 total_env_steps=3478 t=0.07s
Ep  122: len= 39 黑胜 loss=28.3758 temp=0.84 total_env_steps=3517 t=0.10s
Ep  123: len= 31 黑胜 loss=28.1639 temp=0.84 total_env_steps=3548 t=0.08s
Ep  124: len= 24 白胜 loss=27.9459 temp=0.83 total_env_steps=3572 t=0.06s
Ep  125: len= 30 白胜 loss=27.9983 temp=0.82 total_env_steps=3602 t=0.08s
Ep  126: len= 39 黑胜 loss=28.1312 temp=0.81 total_env_steps=3641 t=0.09s
Ep  127: len=  2 黑胜 loss=28.2192 temp=0.81 total_env_steps=3643 t=0.01s
Ep  128: len= 32 白胜 loss=28.2960 temp=0.80 total_env_steps=3675 t=0.09s
Ep  129: len= 43 黑胜 loss=28.1177 temp=0.79 total_env_steps=3718 t=0.10s
Ep  130: len= 18 白胜 loss=27.9594 temp=0.78 total_env_steps=3736 t=0.05s
Ep  131: len= 23 黑胜 loss=28.1109 temp=0.77 total_env_steps=3759 t=0.06s
Ep  132: len= 15 黑胜 loss=27.9488 temp=0.77 total_env_steps=3774 t=0.04s
Ep  133: len= 26 白胜 loss=28.1407 temp=0.76 total_env_steps=3800 t=0.06s
Ep  134: len= 36 白胜 loss=28.1981 temp=0.75 total_env_steps=3836 t=0.08s
Ep  135: len= 29 黑胜 loss=27.9370 temp=0.75 total_env_steps=3865 t=0.07s
Ep  136: len= 41 黑胜 loss=28.0065 temp=0.74 total_env_steps=3906 t=0.09s
Ep  137: len=  6 白胜 loss=27.8774 temp=0.73 total_env_steps=3912 t=0.03s
Ep  138: len= 27 黑胜 loss=28.0607 temp=0.72 total_env_steps=3939 t=0.06s
Ep  139: len= 30 白胜 loss=28.2265 temp=0.72 total_env_steps=3969 t=0.07s
Ep  140: len=  2 白胜 loss=28.0887 temp=0.71 total_env_steps=3971 t=0.02s
Ep  141: len= 35 黑胜 loss=27.9318 temp=0.70 total_env_steps=4006 t=0.08s
Ep  142: len= 16 白胜 loss=28.2643 temp=0.69 total_env_steps=4022 t=0.04s
Ep  143: len=  6 黑胜 loss=27.9207 temp=0.69 total_env_steps=4028 t=0.02s
Ep  144: len= 37 黑胜 loss=27.9885 temp=0.68 total_env_steps=4065 t=0.09s
Ep  145: len= 29 黑胜 loss=28.0904 temp=0.67 total_env_steps=4094 t=0.07s
Ep  146: len= 38 白胜 loss=27.8769 temp=0.66 total_env_steps=4132 t=0.09s
Ep  147: len= 23 黑胜 loss=27.9483 temp=0.65 total_env_steps=4155 t=0.05s
Ep  148: len= 22 白胜 loss=27.9012 temp=0.65 total_env_steps=4177 t=0.06s
Ep  149: len= 38 白胜 loss=28.0037 temp=0.64 total_env_steps=4215 t=0.10s
Ep  150: len= 25 黑胜 loss=27.9055 temp=0.63 total_env_steps=4240 t=0.07s
  eval vs Gomoku-random-v0: win_rate=1.00 mean_return=1.00（20 局，total_env_steps=4240）
Ep  151: len=  2 白胜 loss=27.9964 temp=0.62 total_env_steps=4242 t=0.02s
Ep  152: len=  2 黑胜 loss=27.8188 temp=0.62 total_env_steps=4244 t=0.02s
Ep  153: len=  2 黑胜 loss=28.0524 temp=0.61 total_env_steps=4246 t=0.02s
Ep  154: len=  6 黑胜 loss=27.8447 temp=0.60 total_env_steps=4252 t=0.02s
Ep  155: len= 34 白胜 loss=28.1841 temp=0.59 total_env_steps=4286 t=0.08s
Ep  156: len= 34 白胜 loss=27.9177 temp=0.59 total_env_steps=4320 t=0.08s
Ep  157: len= 31 黑胜 loss=27.9250 temp=0.58 total_env_steps=4351 t=0.08s
Ep  158: len= 19 黑胜 loss=27.7879 temp=0.57 total_env_steps=4370 t=0.05s
Ep  159: len=  6 黑胜 loss=27.6450 temp=0.56 total_env_steps=4376 t=0.02s
Ep  160: len= 28 白胜 loss=27.9512 temp=0.56 total_env_steps=4404 t=0.07s
Ep  161: len= 30 白胜 loss=28.0570 temp=0.55 total_env_steps=4434 t=0.07s
Ep  162: len= 27 黑胜 loss=28.0103 temp=0.54 total_env_steps=4461 t=0.06s
Ep  163: len= 34 白胜 loss=28.0516 temp=0.53 total_env_steps=4495 t=0.08s
Ep  164: len= 19 黑胜 loss=27.9885 temp=0.53 total_env_steps=4514 t=0.05s
Ep  165: len=  2 黑胜 loss=28.1688 temp=0.52 total_env_steps=4516 t=0.02s
Ep  166: len= 34 白胜 loss=28.0746 temp=0.51 total_env_steps=4550 t=0.08s
Ep  167: len=  2 白胜 loss=28.2380 temp=0.50 total_env_steps=4552 t=0.01s
Ep  168: len= 34 白胜 loss=28.1674 temp=0.50 total_env_steps=4586 t=0.08s
Ep  169: len=  4 白胜 loss=28.2687 temp=0.49 total_env_steps=4590 t=0.02s
Ep  170: len= 35 黑胜 loss=28.0874 temp=0.48 total_env_steps=4625 t=0.08s
Ep  171: len= 29 黑胜 loss=27.9984 temp=0.48 total_env_steps=4654 t=0.07s
Ep  172: len= 18 白胜 loss=28.1524 temp=0.47 total_env_steps=4672 t=0.05s
Ep  173: len= 35 黑胜 loss=28.0455 temp=0.46 total_env_steps=4707 t=0.08s
Ep  174: len= 29 黑胜 loss=27.9628 temp=0.45 total_env_steps=4736 t=0.07s
Ep  175: len= 13 黑胜 loss=27.8606 temp=0.44 total_env_steps=4749 t=0.04s
Ep  176: len=  2 黑胜 loss=28.0635 temp=0.44 total_env_steps=4751 t=0.02s
Ep  177: len= 24 白胜 loss=28.2039 temp=0.43 total_env_steps=4775 t=0.07s
Ep  178: len= 12 白胜 loss=28.0459 temp=0.42 total_env_steps=4787 t=0.04s
Ep  179: len= 19 黑胜 loss=27.6743 temp=0.42 total_env_steps=4806 t=0.06s
Ep  180: len=  2 黑胜 loss=27.9688 temp=0.41 total_env_steps=4808 t=0.02s
Ep  181: len= 31 黑胜 loss=27.7613 temp=0.40 total_env_steps=4839 t=0.08s
Ep  182: len= 29 黑胜 loss=28.0641 temp=0.39 total_env_steps=4868 t=0.07s
Ep  183: len= 19 黑胜 loss=28.0051 temp=0.38 total_env_steps=4887 t=0.05s
Ep  184: len= 12 黑胜 loss=28.0333 temp=0.38 total_env_steps=4899 t=0.04s
Ep  185: len=  6 白胜 loss=28.0020 temp=0.37 total_env_steps=4905 t=0.02s
Ep  186: len= 20 白胜 loss=27.7907 temp=0.36 total_env_steps=4925 t=0.05s
Ep  187: len= 37 黑胜 loss=27.5234 temp=0.36 total_env_steps=4962 t=0.09s
Ep  188: len=  2 白胜 loss=27.8761 temp=0.35 total_env_steps=4964 t=0.02s
Ep  189: len= 17 黑胜 loss=27.8929 temp=0.34 total_env_steps=4981 t=0.05s
Ep  190: len= 16 白胜 loss=27.8999 temp=0.33 total_env_steps=4997 t=0.04s
Ep  191: len= 22 白胜 loss=27.6768 temp=0.33 total_env_steps=5019 t=0.05s
Ep  192: len= 27 黑胜 loss=27.6823 temp=0.32 total_env_steps=5046 t=0.08s
Ep  193: len=  2 白胜 loss=27.6898 temp=0.31 total_env_steps=5048 t=0.02s
Ep  194: len= 25 黑胜 loss=27.6776 temp=0.30 total_env_steps=5073 t=0.06s
Ep  195: len= 35 黑胜 loss=27.5282 temp=0.30 total_env_steps=5108 t=0.08s
Ep  196: len= 17 黑胜 loss=27.8234 temp=0.29 total_env_steps=5125 t=0.05s
Ep  197: len= 24 白胜 loss=27.9481 temp=0.28 total_env_steps=5149 t=0.06s
Ep  198: len=  2 黑胜 loss=27.7592 temp=0.27 total_env_steps=5151 t=0.02s
Ep  199: len= 26 白胜 loss=27.8755 temp=0.26 total_env_steps=5177 t=0.07s
Ep  200: len= 18 白胜 loss=27.7417 temp=0.26 total_env_steps=5195 t=0.05s
  eval vs Gomoku-random-v0: win_rate=1.00 mean_return=1.00（20 局，total_env_steps=5195）
  📸 已拍权重快照（ep=200，gating 对弈基准）
Ep  201: len= 27 黑胜 loss=27.8416 temp=0.25 total_env_steps=5222 t=0.07s
Ep  202: len= 31 黑胜 loss=27.6439 temp=0.25 total_env_steps=5253 t=0.07s
Ep  203: len= 17 黑胜 loss=27.6774 temp=0.25 total_env_steps=5270 t=0.05s
Ep  204: len= 19 黑胜 loss=27.8265 temp=0.25 total_env_steps=5289 t=0.06s
Ep  205: len= 35 黑胜 loss=27.9131 temp=0.25 total_env_steps=5324 t=0.09s
Ep  206: len= 25 黑胜 loss=27.9213 temp=0.25 total_env_steps=5349 t=0.08s
Ep  207: len= 17 黑胜 loss=27.6983 temp=0.25 total_env_steps=5366 t=0.05s
Ep  208: len= 38 白胜 loss=27.6026 temp=0.25 total_env_steps=5404 t=0.09s
Ep  209: len= 27 黑胜 loss=27.4130 temp=0.25 total_env_steps=5431 t=0.08s
Ep  210: len= 15 黑胜 loss=27.6666 temp=0.25 total_env_steps=5446 t=0.05s
Ep  211: len=  6 白胜 loss=27.2616 temp=0.25 total_env_steps=5452 t=0.03s
Ep  212: len= 18 黑胜 loss=27.9517 temp=0.25 total_env_steps=5470 t=0.06s
Ep  213: len= 26 白胜 loss=27.7389 temp=0.25 total_env_steps=5496 t=0.08s
Ep  214: len=  2 白胜 loss=27.9508 temp=0.25 total_env_steps=5498 t=0.02s
Ep  215: len= 19 黑胜 loss=27.8413 temp=0.25 total_env_steps=5517 t=0.06s
Ep  216: len= 32 白胜 loss=27.9118 temp=0.25 total_env_steps=5549 t=0.09s
Ep  217: len= 24 白胜 loss=27.9611 temp=0.25 total_env_steps=5573 t=0.08s
Ep  218: len= 39 黑胜 loss=27.3833 temp=0.25 total_env_steps=5612 t=0.11s
Ep  219: len= 17 黑胜 loss=27.6960 temp=0.25 total_env_steps=5629 t=0.05s
Ep  220: len= 19 黑胜 loss=27.9684 temp=0.25 total_env_steps=5648 t=0.06s
Ep  221: len= 36 白胜 loss=27.4414 temp=0.25 total_env_steps=5684 t=0.11s
Ep  222: len= 17 黑胜 loss=27.6219 temp=0.25 total_env_steps=5701 t=0.06s
Ep  223: len= 19 黑胜 loss=27.7015 temp=0.25 total_env_steps=5720 t=0.06s
Ep  224: len= 14 黑胜 loss=27.6199 temp=0.25 total_env_steps=5734 t=0.05s
Ep  225: len=  2 黑胜 loss=28.1024 temp=0.25 total_env_steps=5736 t=0.02s
Ep  226: len= 23 黑胜 loss=27.9579 temp=0.25 total_env_steps=5759 t=0.07s
Ep  227: len= 19 黑胜 loss=27.4287 temp=0.25 total_env_steps=5778 t=0.06s
Ep  228: len= 37 黑胜 loss=27.7744 temp=0.25 total_env_steps=5815 t=0.10s
Ep  229: len= 21 黑胜 loss=27.8241 temp=0.25 total_env_steps=5836 t=0.07s
Ep  230: len= 16 白胜 loss=27.4983 temp=0.25 total_env_steps=5852 t=0.06s
Ep  231: len= 28 白胜 loss=27.6810 temp=0.25 total_env_steps=5880 t=0.09s
Ep  232: len= 23 黑胜 loss=27.1031 temp=0.25 total_env_steps=5903 t=0.07s
Ep  233: len= 27 黑胜 loss=27.9845 temp=0.25 total_env_steps=5930 t=0.08s
Ep  234: len=  2 白胜 loss=27.5077 temp=0.25 total_env_steps=5932 t=0.02s
Ep  235: len= 25 黑胜 loss=27.1818 temp=0.25 total_env_steps=5957 t=0.08s
Ep  236: len= 23 黑胜 loss=27.4233 temp=0.25 total_env_steps=5980 t=0.07s
Ep  237: len= 19 黑胜 loss=27.4796 temp=0.25 total_env_steps=5999 t=0.07s
Ep  238: len= 44 白胜 loss=27.3258 temp=0.25 total_env_steps=6043 t=0.12s
Ep  239: len= 37 黑胜 loss=27.1075 temp=0.25 total_env_steps=6080 t=0.10s
Ep  240: len= 21 黑胜 loss=27.5842 temp=0.25 total_env_steps=6101 t=0.07s
Ep  241: len= 35 黑胜 loss=27.2126 temp=0.25 total_env_steps=6136 t=0.09s
Ep  242: len= 34 白胜 loss=27.2834 temp=0.25 total_env_steps=6170 t=0.10s
Ep  243: len= 28 白胜 loss=27.0124 temp=0.25 total_env_steps=6198 t=0.08s
Ep  244: len= 13 黑胜 loss=27.1970 temp=0.25 total_env_steps=6211 t=0.05s
Ep  245: len= 17 黑胜 loss=26.5335 temp=0.25 total_env_steps=6228 t=0.05s
Ep  246: len= 19 黑胜 loss=27.0553 temp=0.25 total_env_steps=6247 t=0.06s
Ep  247: len= 19 黑胜 loss=27.3645 temp=0.25 total_env_steps=6266 t=0.07s
Ep  248: len= 25 黑胜 loss=27.1919 temp=0.25 total_env_steps=6291 t=0.08s
Ep  249: len= 17 白胜 loss=26.7945 temp=0.25 total_env_steps=6308 t=0.06s
Ep  250: len= 16 白胜 loss=26.9635 temp=0.25 total_env_steps=6324 t=0.06s
  eval vs Gomoku-random-v0: win_rate=1.00 mean_return=1.00（20 局，total_env_steps=6324）
Ep  251: len= 46 白胜 loss=27.2542 temp=0.25 total_env_steps=6370 t=0.12s
Ep  252: len= 23 黑胜 loss=27.2896 temp=0.25 total_env_steps=6393 t=0.07s
Ep  253: len= 40 白胜 loss=26.5673 temp=0.25 total_env_steps=6433 t=0.11s
Ep  254: len= 25 黑胜 loss=27.1084 temp=0.25 total_env_steps=6458 t=0.08s
Ep  255: len= 28 白胜 loss=26.7250 temp=0.25 total_env_steps=6486 t=0.10s
Ep  256: len= 23 黑胜 loss=27.3554 temp=0.25 total_env_steps=6509 t=0.07s
Ep  257: len=  2 白胜 loss=27.3982 temp=0.25 total_env_steps=6511 t=0.02s
Ep  258: len= 25 黑胜 loss=26.7693 temp=0.25 total_env_steps=6536 t=0.08s
Ep  259: len= 35 黑胜 loss=26.6802 temp=0.25 total_env_steps=6571 t=0.10s
Ep  260: len= 21 黑胜 loss=26.8299 temp=0.25 total_env_steps=6592 t=0.07s
Ep  261: len= 25 黑胜 loss=27.6651 temp=0.25 total_env_steps=6617 t=0.08s
Ep  262: len=  2 白胜 loss=26.9241 temp=0.25 total_env_steps=6619 t=0.02s
Ep  263: len= 19 黑胜 loss=26.6503 temp=0.25 total_env_steps=6638 t=0.06s
Ep  264: len= 29 黑胜 loss=27.3782 temp=0.25 total_env_steps=6667 t=0.09s
Ep  265: len= 23 黑胜 loss=27.3609 temp=0.25 total_env_steps=6690 t=0.07s
Ep  266: len=  6 黑胜 loss=26.8414 temp=0.25 total_env_steps=6696 t=0.03s
Ep  267: len= 33 黑胜 loss=26.8421 temp=0.25 total_env_steps=6729 t=0.10s
Ep  268: len= 42 白胜 loss=26.8292 temp=0.25 total_env_steps=6771 t=0.12s
Ep  269: len=  2 黑胜 loss=27.0136 temp=0.25 total_env_steps=6773 t=0.02s
Ep  270: len= 35 黑胜 loss=26.9068 temp=0.25 total_env_steps=6808 t=0.11s
Ep  271: len= 27 黑胜 loss=27.0516 temp=0.25 total_env_steps=6835 t=0.09s
Ep  272: len= 21 黑胜 loss=26.9770 temp=0.25 total_env_steps=6856 t=0.07s
Ep  273: len= 31 黑胜 loss=27.3083 temp=0.25 total_env_steps=6887 t=0.10s
Ep  274: len= 36 白胜 loss=26.7051 temp=0.25 total_env_steps=6923 t=0.10s
Ep  275: len= 25 黑胜 loss=26.8677 temp=0.25 total_env_steps=6948 t=0.10s
Ep  276: len=  6 黑胜 loss=27.4301 temp=0.25 total_env_steps=6954 t=0.04s
Ep  277: len= 17 黑胜 loss=26.5010 temp=0.25 total_env_steps=6971 t=0.08s
Ep  278: len= 19 黑胜 loss=26.5640 temp=0.25 total_env_steps=6990 t=0.07s
Ep  279: len= 19 黑胜 loss=26.1302 temp=0.25 total_env_steps=7009 t=0.08s
Ep  280: len= 42 白胜 loss=25.2460 temp=0.25 total_env_steps=7051 t=0.15s
Ep  281: len= 23 黑胜 loss=27.1765 temp=0.25 total_env_steps=7074 t=0.08s
Ep  282: len= 17 黑胜 loss=26.4518 temp=0.25 total_env_steps=7091 t=0.06s
Ep  283: len= 33 黑胜 loss=26.9678 temp=0.25 total_env_steps=7124 t=0.09s
Ep  284: len= 31 黑胜 loss=27.2711 temp=0.25 total_env_steps=7155 t=0.09s
Ep  285: len= 19 黑胜 loss=25.9922 temp=0.25 total_env_steps=7174 t=0.06s
Ep  286: len= 17 黑胜 loss=26.5036 temp=0.25 total_env_steps=7191 t=0.06s
Ep  287: len= 25 黑胜 loss=26.3199 temp=0.25 total_env_steps=7216 t=0.07s
Ep  288: len=  2 白胜 loss=26.7962 temp=0.25 total_env_steps=7218 t=0.02s
Ep  289: len= 20 白胜 loss=26.3930 temp=0.25 total_env_steps=7238 t=0.07s
Ep  290: len= 25 黑胜 loss=26.3597 temp=0.25 total_env_steps=7263 t=0.07s
Ep  291: len=  2 白胜 loss=26.0369 temp=0.25 total_env_steps=7265 t=0.02s
Ep  292: len=  6 白胜 loss=26.5560 temp=0.25 total_env_steps=7271 t=0.03s
Ep  293: len= 12 黑胜 loss=26.3762 temp=0.25 total_env_steps=7283 t=0.04s
Ep  294: len=  2 白胜 loss=26.4920 temp=0.25 total_env_steps=7285 t=0.02s
Ep  295: len= 19 黑胜 loss=26.4030 temp=0.25 total_env_steps=7304 t=0.07s
Ep  296: len= 33 黑胜 loss=25.3526 temp=0.25 total_env_steps=7337 t=0.10s
Ep  297: len= 27 黑胜 loss=25.7769 temp=0.25 total_env_steps=7364 t=0.09s
Ep  298: len=  2 白胜 loss=26.7624 temp=0.25 total_env_steps=7366 t=0.02s
Ep  299: len= 29 黑胜 loss=26.9052 temp=0.25 total_env_steps=7395 t=0.08s
Ep  300: len= 23 黑胜 loss=25.6612 temp=0.25 total_env_steps=7418 t=0.07s
  eval vs Gomoku-random-v0: win_rate=1.00 mean_return=1.00（20 局，total_env_steps=7418）
Ep  301: len= 19 黑胜 loss=26.2567 temp=0.25 total_env_steps=7437 t=0.06s
Ep  302: len= 21 黑胜 loss=26.5050 temp=0.25 total_env_steps=7458 t=0.06s
Ep  303: len= 19 黑胜 loss=25.9224 temp=0.25 total_env_steps=7477 t=0.06s
Ep  304: len= 10 黑胜 loss=26.4244 temp=0.25 total_env_steps=7487 t=0.04s
Ep  305: len= 21 黑胜 loss=26.2488 temp=0.25 total_env_steps=7508 t=0.07s
Ep  306: len= 25 黑胜 loss=26.6036 temp=0.25 total_env_steps=7533 t=0.07s
Ep  307: len= 25 黑胜 loss=26.1152 temp=0.25 total_env_steps=7558 t=0.07s
Ep  308: len= 14 黑胜 loss=25.2498 temp=0.25 total_env_steps=7572 t=0.05s
Ep  309: len= 10 白胜 loss=26.2581 temp=0.25 total_env_steps=7582 t=0.04s
Ep  310: len= 31 黑胜 loss=25.8159 temp=0.25 total_env_steps=7613 t=0.09s
Ep  311: len= 19 黑胜 loss=25.7315 temp=0.25 total_env_steps=7632 t=0.07s
Ep  312: len= 29 黑胜 loss=26.4583 temp=0.25 total_env_steps=7661 t=0.09s
Ep  313: len= 21 黑胜 loss=26.4142 temp=0.25 total_env_steps=7682 t=0.06s
Ep  314: len= 21 黑胜 loss=25.6925 temp=0.25 total_env_steps=7703 t=0.07s
Ep  315: len=  8 黑胜 loss=26.1235 temp=0.25 total_env_steps=7711 t=0.03s
Ep  316: len= 12 黑胜 loss=26.3731 temp=0.25 total_env_steps=7723 t=0.04s
Ep  317: len= 27 黑胜 loss=25.7166 temp=0.25 total_env_steps=7750 t=0.08s
Ep  318: len= 25 黑胜 loss=25.5542 temp=0.25 total_env_steps=7775 t=0.07s
Ep  319: len= 33 黑胜 loss=25.6167 temp=0.25 total_env_steps=7808 t=0.10s
Ep  320: len= 23 黑胜 loss=25.0367 temp=0.25 total_env_steps=7831 t=0.07s
Ep  321: len= 17 黑胜 loss=24.6989 temp=0.25 total_env_steps=7848 t=0.06s
Ep  322: len= 25 黑胜 loss=26.0538 temp=0.25 total_env_steps=7873 t=0.07s
Ep  323: len= 19 黑胜 loss=25.5849 temp=0.25 total_env_steps=7892 t=0.06s
Ep  324: len=  2 黑胜 loss=25.2575 temp=0.25 total_env_steps=7894 t=0.02s
Ep  325: len=  2 黑胜 loss=25.8027 temp=0.25 total_env_steps=7896 t=0.02s
Ep  326: len=  4 白胜 loss=26.9471 temp=0.25 total_env_steps=7900 t=0.03s
Ep  327: len= 30 白胜 loss=25.5142 temp=0.25 total_env_steps=7930 t=0.09s
Ep  328: len= 37 黑胜 loss=25.6945 temp=0.25 total_env_steps=7967 t=0.11s
Ep  329: len= 23 黑胜 loss=25.7124 temp=0.25 total_env_steps=7990 t=0.06s
Ep  330: len= 19 黑胜 loss=24.3038 temp=0.25 total_env_steps=8009 t=0.06s
Ep  331: len=  2 白胜 loss=25.9067 temp=0.25 total_env_steps=8011 t=0.02s
Ep  332: len= 19 黑胜 loss=25.8883 temp=0.25 total_env_steps=8030 t=0.07s
Ep  333: len= 17 黑胜 loss=25.1970 temp=0.25 total_env_steps=8047 t=0.06s
Ep  334: len=  2 白胜 loss=25.7184 temp=0.25 total_env_steps=8049 t=0.03s
Ep  335: len= 28 白胜 loss=25.6735 temp=0.25 total_env_steps=8077 t=0.09s
Ep  336: len= 16 白胜 loss=24.4890 temp=0.25 total_env_steps=8093 t=0.05s
Ep  337: len= 40 白胜 loss=25.2221 temp=0.25 total_env_steps=8133 t=0.12s
Ep  338: len= 23 黑胜 loss=24.5811 temp=0.25 total_env_steps=8156 t=0.07s
Ep  339: len=  2 白胜 loss=24.6337 temp=0.25 total_env_steps=8158 t=0.02s
Ep  340: len= 19 黑胜 loss=24.9791 temp=0.25 total_env_steps=8177 t=0.06s
Ep  341: len= 19 黑胜 loss=25.0173 temp=0.25 total_env_steps=8196 t=0.07s
Ep  342: len= 19 黑胜 loss=24.6297 temp=0.25 total_env_steps=8215 t=0.06s
Ep  343: len= 33 黑胜 loss=25.0473 temp=0.25 total_env_steps=8248 t=0.09s
Ep  344: len= 34 白胜 loss=24.9854 temp=0.25 total_env_steps=8282 t=0.08s
Ep  345: len= 24 白胜 loss=24.1696 temp=0.25 total_env_steps=8306 t=0.08s
Ep  346: len= 16 白胜 loss=24.8254 temp=0.25 total_env_steps=8322 t=0.06s
Ep  347: len= 25 黑胜 loss=24.5162 temp=0.25 total_env_steps=8347 t=0.07s
Ep  348: len=  2 黑胜 loss=24.5561 temp=0.25 total_env_steps=8349 t=0.02s
Ep  349: len=  8 黑胜 loss=24.5165 temp=0.25 total_env_steps=8357 t=0.04s
Ep  350: len=  2 黑胜 loss=24.6915 temp=0.25 total_env_steps=8359 t=0.02s
  eval vs Gomoku-random-v0: win_rate=1.00 mean_return=1.00（20 局，total_env_steps=8359）
Ep  351: len= 27 黑胜 loss=24.6359 temp=0.25 total_env_steps=8386 t=0.08s
Ep  352: len=  2 黑胜 loss=24.9066 temp=0.25 total_env_steps=8388 t=0.02s
Ep  353: len= 25 黑胜 loss=23.6276 temp=0.25 total_env_steps=8413 t=0.07s
Ep  354: len=  2 黑胜 loss=23.6592 temp=0.25 total_env_steps=8415 t=0.02s
Ep  355: len= 25 黑胜 loss=23.7123 temp=0.25 total_env_steps=8440 t=0.07s
Ep  356: len= 33 黑胜 loss=24.8803 temp=0.25 total_env_steps=8473 t=0.08s
Ep  357: len= 19 黑胜 loss=24.2606 temp=0.25 total_env_steps=8492 t=0.06s
Ep  358: len= 17 黑胜 loss=24.3340 temp=0.25 total_env_steps=8509 t=0.06s
Ep  359: len= 27 黑胜 loss=24.2523 temp=0.25 total_env_steps=8536 t=0.08s
Ep  360: len= 29 黑胜 loss=25.2593 temp=0.25 total_env_steps=8565 t=0.09s
Ep  361: len= 35 黑胜 loss=24.7731 temp=0.25 total_env_steps=8600 t=0.11s
Ep  362: len= 29 黑胜 loss=24.6380 temp=0.25 total_env_steps=8629 t=0.08s
Ep  363: len= 37 黑胜 loss=23.9366 temp=0.25 total_env_steps=8666 t=0.10s
Ep  364: len= 21 黑胜 loss=23.2595 temp=0.25 total_env_steps=8687 t=0.06s
Ep  365: len= 13 黑胜 loss=24.0873 temp=0.25 total_env_steps=8700 t=0.05s
Ep  366: len= 31 黑胜 loss=23.8577 temp=0.25 total_env_steps=8731 t=0.09s
Ep  367: len= 33 黑胜 loss=24.5530 temp=0.25 total_env_steps=8764 t=0.09s
Ep  368: len= 25 黑胜 loss=24.1018 temp=0.25 total_env_steps=8789 t=0.08s
Ep  369: len=  2 黑胜 loss=23.0887 temp=0.25 total_env_steps=8791 t=0.02s
Ep  370: len= 13 黑胜 loss=23.1470 temp=0.25 total_env_steps=8804 t=0.05s
Ep  371: len= 35 白胜 loss=22.8039 temp=0.25 total_env_steps=8839 t=0.08s
Ep  372: len= 23 黑胜 loss=24.7270 temp=0.25 total_env_steps=8862 t=0.06s
Ep  373: len= 23 黑胜 loss=23.8364 temp=0.25 total_env_steps=8885 t=0.07s
Ep  374: len= 13 黑胜 loss=23.6104 temp=0.25 total_env_steps=8898 t=0.05s
Ep  375: len= 16 白胜 loss=24.9402 temp=0.25 total_env_steps=8914 t=0.05s
Ep  376: len=  2 白胜 loss=24.5368 temp=0.25 total_env_steps=8916 t=0.02s
Ep  377: len= 15 黑胜 loss=24.4964 temp=0.25 total_env_steps=8931 t=0.05s
Ep  378: len= 22 白胜 loss=24.2602 temp=0.25 total_env_steps=8953 t=0.07s
Ep  379: len= 56 白胜 loss=24.3547 temp=0.25 total_env_steps=9009 t=0.15s
Ep  380: len= 17 黑胜 loss=24.6118 temp=0.25 total_env_steps=9026 t=0.05s
Ep  381: len= 21 黑胜 loss=24.6001 temp=0.25 total_env_steps=9047 t=0.07s
Ep  382: len= 15 黑胜 loss=23.9205 temp=0.25 total_env_steps=9062 t=0.05s
Ep  383: len=  2 黑胜 loss=23.8736 temp=0.25 total_env_steps=9064 t=0.02s
Ep  384: len= 13 黑胜 loss=23.8414 temp=0.25 total_env_steps=9077 t=0.05s
Ep  385: len= 15 黑胜 loss=23.6913 temp=0.25 total_env_steps=9092 t=0.05s
Ep  386: len= 15 黑胜 loss=23.8997 temp=0.25 total_env_steps=9107 t=0.05s
Ep  387: len= 15 黑胜 loss=24.0711 temp=0.25 total_env_steps=9122 t=0.06s
Ep  388: len=  2 黑胜 loss=25.1096 temp=0.25 total_env_steps=9124 t=0.02s
Ep  389: len= 25 黑胜 loss=23.1490 temp=0.25 total_env_steps=9149 t=0.07s
Ep  390: len= 25 黑胜 loss=23.2756 temp=0.25 total_env_steps=9174 t=0.07s
Ep  391: len= 24 白胜 loss=23.1639 temp=0.25 total_env_steps=9198 t=0.08s
Ep  392: len= 23 黑胜 loss=23.4747 temp=0.25 total_env_steps=9221 t=0.07s
Ep  393: len= 10 白胜 loss=24.2577 temp=0.25 total_env_steps=9231 t=0.04s
Ep  394: len= 35 黑胜 loss=22.2287 temp=0.25 total_env_steps=9266 t=0.10s
Ep  395: len= 15 黑胜 loss=23.4929 temp=0.25 total_env_steps=9281 t=0.05s
Ep  396: len=  4 黑胜 loss=23.5332 temp=0.25 total_env_steps=9285 t=0.02s
Ep  397: len= 17 黑胜 loss=23.4783 temp=0.25 total_env_steps=9302 t=0.06s
Ep  398: len=  2 白胜 loss=23.7822 temp=0.25 total_env_steps=9304 t=0.02s
Ep  399: len= 26 白胜 loss=23.4389 temp=0.25 total_env_steps=9330 t=0.07s
Ep  400: len=  2 白胜 loss=23.1788 temp=0.25 total_env_steps=9332 t=0.02s
  eval vs Gomoku-random-v0: win_rate=1.00 mean_return=1.00（20 局，total_env_steps=9332）
[闸门] vs random（40 局）: win_rate=1.000
[闸门] vs 半程快照（40 局，黑白各半）: score=0.600
[梯队] vs naive0（20 局，观察性）: win_rate=0.60
[梯队] vs naive1（20 局，观察性）: win_rate=0.00
[梯队] vs naive2（20 局，观察性）: win_rate=0.00
[梯队] vs naive3（20 局，观察性）: win_rate=0.00
📈 Gomoku-selfplay-v0 win_rate=1.00（best 1.00）| 门槛 0.95 | 36.2s

--- arm=tactical_openings seed=43 sims=100 ---
[MyZero-board Gomoku-selfplay-v0] obs=243(3×9²) |A|=81 sims=100 γ=1.0 negamax
[MyZero-board] 树内真规则开启（AlphaZero 式诊断；训练侧不变）
[MyZero-board] 战术开局课程开启（p=0.25，必挡局面前缀；eval 不受影响）
Ep    1: len= 35 黑胜 loss=0.0000 temp=1.00 total_env_steps=35 t=0.07s
Ep    2: len= 39 黑胜 loss=0.0000 temp=1.00 total_env_steps=74 t=0.07s
Ep    3: len= 45 黑胜 loss=0.0000 temp=1.00 total_env_steps=119 t=0.08s
Ep    4: len= 70 白胜 loss=0.0000 temp=1.00 total_env_steps=189 t=0.13s
Ep    5: len= 48 白胜 loss=0.0000 temp=1.00 total_env_steps=237 t=0.10s
Ep    6: len= 34 白胜 loss=0.0000 temp=1.00 total_env_steps=271 t=0.06s
Ep    7: len= 63 黑胜 loss=0.0000 temp=1.00 total_env_steps=334 t=0.11s
Ep    8: len= 31 黑胜 loss=0.0000 temp=1.00 total_env_steps=365 t=0.06s
Ep    9: len= 29 黑胜 loss=0.0000 temp=1.00 total_env_steps=394 t=0.05s
Ep   10: len= 61 黑胜 loss=35.2071 temp=1.00 total_env_steps=455 t=0.12s
Ep   11: len= 28 白胜 loss=29.0151 temp=1.00 total_env_steps=483 t=0.06s
Ep   12: len=  2 黑胜 loss=28.7815 temp=1.00 total_env_steps=485 t=0.01s
Ep   13: len=  2 黑胜 loss=29.3187 temp=1.00 total_env_steps=487 t=0.01s
Ep   14: len=  6 黑胜 loss=29.0405 temp=1.00 total_env_steps=493 t=0.02s
Ep   15: len= 37 黑胜 loss=28.5785 temp=1.00 total_env_steps=530 t=0.08s
Ep   16: len= 45 黑胜 loss=28.7564 temp=1.00 total_env_steps=575 t=0.10s
Ep   17: len= 26 白胜 loss=28.4784 temp=1.00 total_env_steps=601 t=0.06s
Ep   18: len= 43 黑胜 loss=28.2599 temp=1.00 total_env_steps=644 t=0.09s
Ep   19: len= 21 黑胜 loss=28.1892 temp=1.00 total_env_steps=665 t=0.05s
Ep   20: len= 31 黑胜 loss=28.0686 temp=1.00 total_env_steps=696 t=0.07s
Ep   21: len=  2 黑胜 loss=28.2940 temp=1.00 total_env_steps=698 t=0.01s
Ep   22: len=  4 黑胜 loss=28.2186 temp=1.00 total_env_steps=702 t=0.02s
Ep   23: len= 46 白胜 loss=28.1506 temp=1.00 total_env_steps=748 t=0.10s
Ep   24: len=  2 黑胜 loss=28.1887 temp=1.00 total_env_steps=750 t=0.01s
Ep   25: len= 38 白胜 loss=28.2255 temp=1.00 total_env_steps=788 t=0.09s
Ep   26: len= 26 白胜 loss=28.1433 temp=1.00 total_env_steps=814 t=0.07s
Ep   27: len= 23 黑胜 loss=28.0434 temp=1.00 total_env_steps=837 t=0.05s
Ep   28: len= 41 黑胜 loss=27.9309 temp=1.00 total_env_steps=878 t=0.09s
Ep   29: len= 51 黑胜 loss=28.1159 temp=1.00 total_env_steps=929 t=0.11s
Ep   30: len= 46 白胜 loss=28.0241 temp=1.00 total_env_steps=975 t=0.11s
Ep   31: len= 38 白胜 loss=27.8239 temp=1.00 total_env_steps=1013 t=0.08s
Ep   32: len= 36 白胜 loss=27.7715 temp=1.00 total_env_steps=1049 t=0.08s
Ep   33: len= 36 白胜 loss=27.9674 temp=1.00 total_env_steps=1085 t=0.09s
Ep   34: len=  2 白胜 loss=28.0594 temp=1.00 total_env_steps=1087 t=0.01s
Ep   35: len=  2 黑胜 loss=28.3591 temp=1.00 total_env_steps=1089 t=0.01s
Ep   36: len= 40 白胜 loss=28.0836 temp=1.00 total_env_steps=1129 t=0.08s
Ep   37: len= 10 白胜 loss=28.2569 temp=1.00 total_env_steps=1139 t=0.03s
Ep   38: len= 30 白胜 loss=28.3253 temp=1.00 total_env_steps=1169 t=0.07s
Ep   39: len= 42 白胜 loss=28.1760 temp=1.00 total_env_steps=1211 t=0.09s
Ep   40: len= 37 黑胜 loss=28.0525 temp=1.00 total_env_steps=1248 t=0.09s
Ep   41: len= 35 黑胜 loss=27.9995 temp=1.00 total_env_steps=1283 t=0.08s
Ep   42: len= 24 白胜 loss=28.2219 temp=1.00 total_env_steps=1307 t=0.06s
Ep   43: len= 44 白胜 loss=27.9260 temp=1.00 total_env_steps=1351 t=0.10s
Ep   44: len=  6 黑胜 loss=27.9251 temp=1.00 total_env_steps=1357 t=0.02s
Ep   45: len= 34 白胜 loss=28.0155 temp=1.00 total_env_steps=1391 t=0.08s
Ep   46: len= 12 黑胜 loss=28.0460 temp=1.00 total_env_steps=1403 t=0.03s
Ep   47: len=  4 黑胜 loss=27.8687 temp=1.00 total_env_steps=1407 t=0.02s
Ep   48: len= 22 白胜 loss=27.9721 temp=1.00 total_env_steps=1429 t=0.06s
Ep   49: len= 33 黑胜 loss=28.0121 temp=1.00 total_env_steps=1462 t=0.07s
Ep   50: len=  2 黑胜 loss=28.2627 temp=1.00 total_env_steps=1464 t=0.02s
  eval vs Gomoku-random-v0: win_rate=0.90 mean_return=0.80（20 局，total_env_steps=1464）
Ep   51: len= 36 白胜 loss=28.0766 temp=1.00 total_env_steps=1500 t=0.08s
Ep   52: len= 10 白胜 loss=28.1028 temp=1.00 total_env_steps=1510 t=0.03s
Ep   53: len=  2 黑胜 loss=28.0538 temp=1.00 total_env_steps=1512 t=0.01s
Ep   54: len= 37 黑胜 loss=27.9495 temp=1.00 total_env_steps=1549 t=0.09s
Ep   55: len= 36 白胜 loss=27.9206 temp=1.00 total_env_steps=1585 t=0.09s
Ep   56: len= 42 白胜 loss=27.7644 temp=1.00 total_env_steps=1627 t=0.10s
Ep   57: len= 53 黑胜 loss=28.0079 temp=1.00 total_env_steps=1680 t=0.12s
Ep   58: len= 51 黑胜 loss=27.9279 temp=1.00 total_env_steps=1731 t=0.10s
Ep   59: len=  4 白胜 loss=28.1035 temp=1.00 total_env_steps=1735 t=0.01s
Ep   60: len= 20 白胜 loss=28.1691 temp=1.00 total_env_steps=1755 t=0.05s
Ep   61: len=  6 黑胜 loss=28.0985 temp=1.00 total_env_steps=1761 t=0.02s
Ep   62: len=  2 白胜 loss=27.7974 temp=1.00 total_env_steps=1763 t=0.01s
Ep   63: len= 25 黑胜 loss=27.9271 temp=1.00 total_env_steps=1788 t=0.06s
Ep   64: len= 18 白胜 loss=28.1179 temp=1.00 total_env_steps=1806 t=0.05s
Ep   65: len= 38 白胜 loss=28.0744 temp=1.00 total_env_steps=1844 t=0.08s
Ep   66: len= 36 白胜 loss=28.0674 temp=1.00 total_env_steps=1880 t=0.08s
Ep   67: len= 44 白胜 loss=28.1478 temp=1.00 total_env_steps=1924 t=0.09s
Ep   68: len= 19 黑胜 loss=28.1286 temp=1.00 total_env_steps=1943 t=0.05s
Ep   69: len= 24 白胜 loss=28.0447 temp=1.00 total_env_steps=1967 t=0.06s
Ep   70: len=  2 黑胜 loss=28.2360 temp=1.00 total_env_steps=1969 t=0.01s
Ep   71: len= 38 白胜 loss=28.0381 temp=1.00 total_env_steps=2007 t=0.09s
Ep   72: len= 25 黑胜 loss=28.2137 temp=1.00 total_env_steps=2032 t=0.06s
Ep   73: len=  2 黑胜 loss=27.9095 temp=1.00 total_env_steps=2034 t=0.01s
Ep   74: len= 31 黑胜 loss=27.7469 temp=1.00 total_env_steps=2065 t=0.08s
Ep   75: len= 35 黑胜 loss=27.9099 temp=1.00 total_env_steps=2100 t=0.08s
Ep   76: len= 25 黑胜 loss=27.9669 temp=1.00 total_env_steps=2125 t=0.06s
Ep   77: len=  2 白胜 loss=28.0255 temp=1.00 total_env_steps=2127 t=0.01s
Ep   78: len= 14 黑胜 loss=27.8166 temp=1.00 total_env_steps=2141 t=0.04s
Ep   79: len= 26 白胜 loss=27.8539 temp=1.00 total_env_steps=2167 t=0.06s
Ep   80: len= 42 白胜 loss=28.0467 temp=1.00 total_env_steps=2209 t=0.10s
Ep   81: len=  4 黑胜 loss=27.9812 temp=1.00 total_env_steps=2213 t=0.02s
Ep   82: len=  4 白胜 loss=27.8568 temp=1.00 total_env_steps=2217 t=0.02s
Ep   83: len=  2 黑胜 loss=27.9429 temp=1.00 total_env_steps=2219 t=0.01s
Ep   84: len= 16 黑胜 loss=27.8157 temp=1.00 total_env_steps=2235 t=0.04s
Ep   85: len= 41 黑胜 loss=27.9008 temp=1.00 total_env_steps=2276 t=0.10s
Ep   86: len= 37 黑胜 loss=27.7416 temp=1.00 total_env_steps=2313 t=0.09s
Ep   87: len= 38 白胜 loss=27.9730 temp=1.00 total_env_steps=2351 t=0.09s
Ep   88: len= 48 白胜 loss=27.8881 temp=1.00 total_env_steps=2399 t=0.11s
Ep   89: len= 37 黑胜 loss=27.5007 temp=1.00 total_env_steps=2436 t=0.09s
Ep   90: len= 23 黑胜 loss=27.4573 temp=1.00 total_env_steps=2459 t=0.06s
Ep   91: len= 40 白胜 loss=27.9585 temp=1.00 total_env_steps=2499 t=0.09s
Ep   92: len= 35 黑胜 loss=28.1044 temp=1.00 total_env_steps=2534 t=0.08s
Ep   93: len=  4 白胜 loss=27.6980 temp=1.00 total_env_steps=2538 t=0.02s
Ep   94: len=  2 黑胜 loss=27.6976 temp=1.00 total_env_steps=2540 t=0.01s
Ep   95: len= 46 白胜 loss=28.1597 temp=1.00 total_env_steps=2586 t=0.09s
Ep   96: len= 23 黑胜 loss=27.9580 temp=1.00 total_env_steps=2609 t=0.06s
Ep   97: len= 32 白胜 loss=28.2048 temp=1.00 total_env_steps=2641 t=0.07s
Ep   98: len=  6 白胜 loss=28.0412 temp=1.00 total_env_steps=2647 t=0.02s
Ep   99: len= 37 黑胜 loss=27.6878 temp=1.00 total_env_steps=2684 t=0.09s
Ep  100: len= 20 白胜 loss=27.9054 temp=1.00 total_env_steps=2704 t=0.05s
  eval vs Gomoku-random-v0: win_rate=0.90 mean_return=0.80（20 局，total_env_steps=2704）
Ep  101: len= 35 黑胜 loss=27.7250 temp=1.00 total_env_steps=2739 t=0.08s
Ep  102: len= 31 黑胜 loss=28.0182 temp=0.99 total_env_steps=2770 t=0.07s
Ep  103: len= 35 黑胜 loss=28.0064 temp=0.99 total_env_steps=2805 t=0.08s
Ep  104: len= 41 黑胜 loss=27.8714 temp=0.98 total_env_steps=2846 t=0.09s
Ep  105: len= 38 黑胜 loss=27.9695 temp=0.97 total_env_steps=2884 t=0.08s
Ep  106: len= 10 黑胜 loss=27.8518 temp=0.96 total_env_steps=2894 t=0.03s
Ep  107: len= 19 黑胜 loss=27.8822 temp=0.95 total_env_steps=2913 t=0.05s
Ep  108: len= 41 黑胜 loss=27.6888 temp=0.95 total_env_steps=2954 t=0.08s
Ep  109: len= 33 黑胜 loss=27.7349 temp=0.94 total_env_steps=2987 t=0.08s
Ep  110: len= 21 黑胜 loss=27.9058 temp=0.93 total_env_steps=3008 t=0.05s
Ep  111: len= 10 黑胜 loss=27.7948 temp=0.93 total_env_steps=3018 t=0.03s
Ep  112: len= 30 白胜 loss=27.6714 temp=0.92 total_env_steps=3048 t=0.07s
Ep  113: len= 26 白胜 loss=27.8802 temp=0.91 total_env_steps=3074 t=0.06s
Ep  114: len= 41 黑胜 loss=28.0729 temp=0.90 total_env_steps=3115 t=0.09s
Ep  115: len= 21 黑胜 loss=27.6157 temp=0.89 total_env_steps=3136 t=0.05s
Ep  116: len= 31 黑胜 loss=27.9643 temp=0.89 total_env_steps=3167 t=0.07s
Ep  117: len= 31 黑胜 loss=27.9428 temp=0.88 total_env_steps=3198 t=0.08s
Ep  118: len= 10 黑胜 loss=27.9852 temp=0.87 total_env_steps=3208 t=0.03s
Ep  119: len=  2 白胜 loss=27.8916 temp=0.87 total_env_steps=3210 t=0.01s
Ep  120: len= 38 白胜 loss=28.2230 temp=0.86 total_env_steps=3248 t=0.09s
Ep  121: len= 27 黑胜 loss=27.8324 temp=0.85 total_env_steps=3275 t=0.07s
Ep  122: len= 49 黑胜 loss=27.9163 temp=0.84 total_env_steps=3324 t=0.11s
Ep  123: len= 19 黑胜 loss=27.8547 temp=0.84 total_env_steps=3343 t=0.05s
Ep  124: len= 38 白胜 loss=27.8813 temp=0.83 total_env_steps=3381 t=0.09s
Ep  125: len= 19 黑胜 loss=27.9160 temp=0.82 total_env_steps=3400 t=0.05s
Ep  126: len= 39 黑胜 loss=27.9952 temp=0.81 total_env_steps=3439 t=0.08s
Ep  127: len= 36 白胜 loss=27.8807 temp=0.81 total_env_steps=3475 t=0.08s
Ep  128: len= 41 黑胜 loss=28.1311 temp=0.80 total_env_steps=3516 t=0.09s
Ep  129: len= 32 黑胜 loss=27.7371 temp=0.79 total_env_steps=3548 t=0.07s
Ep  130: len= 19 黑胜 loss=27.7744 temp=0.78 total_env_steps=3567 t=0.05s
Ep  131: len=  2 白胜 loss=27.8946 temp=0.77 total_env_steps=3569 t=0.01s
Ep  132: len= 21 黑胜 loss=27.8872 temp=0.77 total_env_steps=3590 t=0.05s
Ep  133: len= 29 黑胜 loss=27.6397 temp=0.76 total_env_steps=3619 t=0.07s
Ep  134: len= 46 白胜 loss=28.1051 temp=0.75 total_env_steps=3665 t=0.10s
Ep  135: len= 36 白胜 loss=27.8586 temp=0.75 total_env_steps=3701 t=0.08s
Ep  136: len= 21 黑胜 loss=28.2492 temp=0.74 total_env_steps=3722 t=0.05s
Ep  137: len= 33 黑胜 loss=27.9705 temp=0.73 total_env_steps=3755 t=0.08s
Ep  138: len= 34 白胜 loss=27.7870 temp=0.72 total_env_steps=3789 t=0.08s
Ep  139: len= 33 黑胜 loss=27.8258 temp=0.72 total_env_steps=3822 t=0.08s
Ep  140: len= 21 黑胜 loss=27.8753 temp=0.71 total_env_steps=3843 t=0.05s
Ep  141: len= 35 黑胜 loss=27.5899 temp=0.70 total_env_steps=3878 t=0.08s
Ep  142: len=  6 白胜 loss=27.7167 temp=0.69 total_env_steps=3884 t=0.02s
Ep  143: len= 12 白胜 loss=28.0410 temp=0.69 total_env_steps=3896 t=0.03s
Ep  144: len= 24 黑胜 loss=27.7535 temp=0.68 total_env_steps=3920 t=0.06s
Ep  145: len= 18 白胜 loss=27.8078 temp=0.67 total_env_steps=3938 t=0.05s
Ep  146: len= 31 黑胜 loss=28.0470 temp=0.66 total_env_steps=3969 t=0.08s
Ep  147: len=  2 白胜 loss=27.8477 temp=0.65 total_env_steps=3971 t=0.01s
Ep  148: len=  2 黑胜 loss=27.8291 temp=0.65 total_env_steps=3973 t=0.01s
Ep  149: len= 13 黑胜 loss=27.8029 temp=0.64 total_env_steps=3986 t=0.04s
Ep  150: len= 27 黑胜 loss=27.8888 temp=0.63 total_env_steps=4013 t=0.07s
  eval vs Gomoku-random-v0: win_rate=1.00 mean_return=1.00（20 局，total_env_steps=4013）
  ✅ 达标 ep=150 total_env_steps=4013
Ep  151: len= 28 白胜 loss=27.7088 temp=0.62 total_env_steps=4041 t=0.07s
Ep  152: len= 28 白胜 loss=27.9518 temp=0.62 total_env_steps=4069 t=0.07s
Ep  153: len= 31 黑胜 loss=28.0047 temp=0.61 total_env_steps=4100 t=0.08s
Ep  154: len=  2 白胜 loss=27.7349 temp=0.60 total_env_steps=4102 t=0.01s
Ep  155: len=  4 白胜 loss=28.0342 temp=0.59 total_env_steps=4106 t=0.02s
Ep  156: len= 21 黑胜 loss=27.6646 temp=0.59 total_env_steps=4127 t=0.06s
Ep  157: len= 27 黑胜 loss=27.9501 temp=0.58 total_env_steps=4154 t=0.07s
Ep  158: len= 25 黑胜 loss=27.5682 temp=0.57 total_env_steps=4179 t=0.07s
Ep  159: len=  2 黑胜 loss=27.6463 temp=0.56 total_env_steps=4181 t=0.02s
Ep  160: len=  2 黑胜 loss=27.5296 temp=0.56 total_env_steps=4183 t=0.01s
Ep  161: len= 29 黑胜 loss=27.6644 temp=0.55 total_env_steps=4212 t=0.07s
Ep  162: len= 49 黑胜 loss=27.8021 temp=0.54 total_env_steps=4261 t=0.12s
Ep  163: len=  6 黑胜 loss=28.0673 temp=0.53 total_env_steps=4267 t=0.02s
Ep  164: len=  2 白胜 loss=27.8720 temp=0.53 total_env_steps=4269 t=0.01s
Ep  165: len= 16 白胜 loss=27.8515 temp=0.52 total_env_steps=4285 t=0.04s
Ep  166: len=  2 黑胜 loss=27.7583 temp=0.51 total_env_steps=4287 t=0.01s
Ep  167: len= 18 白胜 loss=28.1202 temp=0.50 total_env_steps=4305 t=0.05s
Ep  168: len= 39 黑胜 loss=27.7992 temp=0.50 total_env_steps=4344 t=0.08s
Ep  169: len= 47 黑胜 loss=27.8887 temp=0.49 total_env_steps=4391 t=0.10s
Ep  170: len= 17 黑胜 loss=27.9588 temp=0.48 total_env_steps=4408 t=0.05s
Ep  171: len= 26 白胜 loss=27.5754 temp=0.48 total_env_steps=4434 t=0.06s
Ep  172: len= 33 黑胜 loss=27.3317 temp=0.47 total_env_steps=4467 t=0.07s
Ep  173: len= 15 黑胜 loss=27.6846 temp=0.46 total_env_steps=4482 t=0.04s
Ep  174: len= 22 白胜 loss=27.6485 temp=0.45 total_env_steps=4504 t=0.06s
Ep  175: len= 24 白胜 loss=27.8670 temp=0.44 total_env_steps=4528 t=0.06s
Ep  176: len= 20 白胜 loss=28.0258 temp=0.44 total_env_steps=4548 t=0.05s
Ep  177: len= 15 黑胜 loss=27.9224 temp=0.43 total_env_steps=4563 t=0.04s
Ep  178: len= 31 黑胜 loss=27.5623 temp=0.42 total_env_steps=4594 t=0.08s
Ep  179: len= 39 黑胜 loss=27.8379 temp=0.42 total_env_steps=4633 t=0.10s
Ep  180: len=  2 黑胜 loss=27.2496 temp=0.41 total_env_steps=4635 t=0.02s
Ep  181: len=  2 黑胜 loss=27.5302 temp=0.40 total_env_steps=4637 t=0.01s
Ep  182: len= 15 黑胜 loss=27.8186 temp=0.39 total_env_steps=4652 t=0.04s
Ep  183: len= 23 黑胜 loss=27.7820 temp=0.38 total_env_steps=4675 t=0.05s
Ep  184: len= 35 黑胜 loss=27.7668 temp=0.38 total_env_steps=4710 t=0.08s
Ep  185: len=  2 黑胜 loss=27.9533 temp=0.37 total_env_steps=4712 t=0.01s
Ep  186: len= 24 白胜 loss=27.7287 temp=0.36 total_env_steps=4736 t=0.06s
Ep  187: len= 17 黑胜 loss=27.6135 temp=0.36 total_env_steps=4753 t=0.05s
Ep  188: len= 39 黑胜 loss=27.6798 temp=0.35 total_env_steps=4792 t=0.10s
Ep  189: len= 13 黑胜 loss=27.5828 temp=0.34 total_env_steps=4805 t=0.04s
Ep  190: len= 22 白胜 loss=27.8299 temp=0.33 total_env_steps=4827 t=0.06s
Ep  191: len= 10 白胜 loss=28.0036 temp=0.33 total_env_steps=4837 t=0.03s
Ep  192: len= 21 黑胜 loss=27.3961 temp=0.32 total_env_steps=4858 t=0.06s
Ep  193: len= 17 黑胜 loss=28.0458 temp=0.31 total_env_steps=4875 t=0.05s
Ep  194: len= 23 黑胜 loss=28.0395 temp=0.30 total_env_steps=4898 t=0.06s
Ep  195: len= 31 黑胜 loss=27.4754 temp=0.30 total_env_steps=4929 t=0.08s
Ep  196: len= 28 白胜 loss=27.5890 temp=0.29 total_env_steps=4957 t=0.07s
Ep  197: len= 33 黑胜 loss=27.3496 temp=0.28 total_env_steps=4990 t=0.09s
Ep  198: len= 21 黑胜 loss=27.7996 temp=0.27 total_env_steps=5011 t=0.06s
Ep  199: len= 36 白胜 loss=27.4659 temp=0.26 total_env_steps=5047 t=0.09s
Ep  200: len= 17 黑胜 loss=27.4602 temp=0.26 total_env_steps=5064 t=0.05s
  eval vs Gomoku-random-v0: win_rate=1.00 mean_return=1.00（20 局，total_env_steps=5064）
  📸 已拍权重快照（ep=200，gating 对弈基准）
Ep  201: len= 37 黑胜 loss=27.4359 temp=0.25 total_env_steps=5101 t=0.09s
Ep  202: len= 31 黑胜 loss=27.6132 temp=0.25 total_env_steps=5132 t=0.08s
Ep  203: len= 25 黑胜 loss=27.7136 temp=0.25 total_env_steps=5157 t=0.07s
Ep  204: len=  8 黑胜 loss=27.3524 temp=0.25 total_env_steps=5165 t=0.03s
Ep  205: len= 28 白胜 loss=27.5315 temp=0.25 total_env_steps=5193 t=0.08s
Ep  206: len= 37 黑胜 loss=26.9854 temp=0.25 total_env_steps=5230 t=0.09s
Ep  207: len= 36 白胜 loss=27.2548 temp=0.25 total_env_steps=5266 t=0.09s
Ep  208: len= 18 白胜 loss=27.3067 temp=0.25 total_env_steps=5284 t=0.05s
Ep  209: len= 35 黑胜 loss=27.4130 temp=0.25 total_env_steps=5319 t=0.08s
Ep  210: len= 23 黑胜 loss=27.4807 temp=0.25 total_env_steps=5342 t=0.06s
Ep  211: len= 35 黑胜 loss=27.1289 temp=0.25 total_env_steps=5377 t=0.08s
Ep  212: len= 21 黑胜 loss=26.5433 temp=0.25 total_env_steps=5398 t=0.06s
Ep  213: len= 29 黑胜 loss=27.8424 temp=0.25 total_env_steps=5427 t=0.08s
Ep  214: len=  2 黑胜 loss=27.5139 temp=0.25 total_env_steps=5429 t=0.02s
Ep  215: len= 27 黑胜 loss=26.9687 temp=0.25 total_env_steps=5456 t=0.07s
Ep  216: len= 34 白胜 loss=27.1202 temp=0.25 total_env_steps=5490 t=0.08s
Ep  217: len= 23 黑胜 loss=27.3379 temp=0.25 total_env_steps=5513 t=0.06s
Ep  218: len=  2 白胜 loss=27.3571 temp=0.25 total_env_steps=5515 t=0.02s
Ep  219: len= 21 黑胜 loss=27.0525 temp=0.25 total_env_steps=5536 t=0.07s
Ep  220: len= 32 白胜 loss=27.5488 temp=0.25 total_env_steps=5568 t=0.08s
Ep  221: len= 14 黑胜 loss=27.3197 temp=0.25 total_env_steps=5582 t=0.04s
Ep  222: len=  4 黑胜 loss=27.5795 temp=0.25 total_env_steps=5586 t=0.02s
Ep  223: len= 19 黑胜 loss=26.9187 temp=0.25 total_env_steps=5605 t=0.06s
Ep  224: len= 41 黑胜 loss=26.8142 temp=0.25 total_env_steps=5646 t=0.10s
Ep  225: len= 33 黑胜 loss=27.2348 temp=0.25 total_env_steps=5679 t=0.08s
Ep  226: len= 31 黑胜 loss=27.4609 temp=0.25 total_env_steps=5710 t=0.08s
Ep  227: len= 20 白胜 loss=27.3822 temp=0.25 total_env_steps=5730 t=0.06s
Ep  228: len= 31 黑胜 loss=27.4054 temp=0.25 total_env_steps=5761 t=0.08s
Ep  229: len= 34 白胜 loss=27.3004 temp=0.25 total_env_steps=5795 t=0.08s
Ep  230: len=  2 黑胜 loss=27.2951 temp=0.25 total_env_steps=5797 t=0.02s
Ep  231: len= 53 黑胜 loss=27.2620 temp=0.25 total_env_steps=5850 t=0.12s
Ep  232: len= 33 黑胜 loss=27.3316 temp=0.25 total_env_steps=5883 t=0.08s
Ep  233: len= 22 白胜 loss=27.2251 temp=0.25 total_env_steps=5905 t=0.06s
Ep  234: len= 14 白胜 loss=27.2186 temp=0.25 total_env_steps=5919 t=0.04s
Ep  235: len= 21 黑胜 loss=27.0631 temp=0.25 total_env_steps=5940 t=0.05s
Ep  236: len= 21 黑胜 loss=26.8652 temp=0.25 total_env_steps=5961 t=0.06s
Ep  237: len= 45 黑胜 loss=27.0739 temp=0.25 total_env_steps=6006 t=0.11s
Ep  238: len= 18 白胜 loss=26.6810 temp=0.25 total_env_steps=6024 t=0.06s
Ep  239: len= 29 黑胜 loss=26.6858 temp=0.25 total_env_steps=6053 t=0.07s
Ep  240: len= 28 白胜 loss=26.7343 temp=0.25 total_env_steps=6081 t=0.07s
Ep  241: len= 34 白胜 loss=26.8833 temp=0.25 total_env_steps=6115 t=0.09s
Ep  242: len= 22 白胜 loss=27.1090 temp=0.25 total_env_steps=6137 t=0.06s
Ep  243: len=  2 白胜 loss=26.8199 temp=0.25 total_env_steps=6139 t=0.02s
Ep  244: len= 20 白胜 loss=27.3384 temp=0.25 total_env_steps=6159 t=0.06s
Ep  245: len= 18 白胜 loss=26.6003 temp=0.25 total_env_steps=6177 t=0.05s
Ep  246: len= 19 黑胜 loss=27.3079 temp=0.25 total_env_steps=6196 t=0.06s
Ep  247: len= 41 黑胜 loss=27.1459 temp=0.25 total_env_steps=6237 t=0.10s
Ep  248: len= 24 白胜 loss=26.8690 temp=0.25 total_env_steps=6261 t=0.07s
Ep  249: len= 30 白胜 loss=26.2470 temp=0.25 total_env_steps=6291 t=0.08s
Ep  250: len= 17 白胜 loss=26.5637 temp=0.25 total_env_steps=6308 t=0.05s
  eval vs Gomoku-random-v0: win_rate=1.00 mean_return=1.00（20 局，total_env_steps=6308）
Ep  251: len= 17 黑胜 loss=26.3872 temp=0.25 total_env_steps=6325 t=0.05s
Ep  252: len=  2 黑胜 loss=27.1033 temp=0.25 total_env_steps=6327 t=0.02s
Ep  253: len= 27 黑胜 loss=26.5528 temp=0.25 total_env_steps=6354 t=0.07s
Ep  254: len= 16 白胜 loss=26.5295 temp=0.25 total_env_steps=6370 t=0.05s
Ep  255: len= 32 白胜 loss=27.4235 temp=0.25 total_env_steps=6402 t=0.08s
Ep  256: len= 27 黑胜 loss=26.8239 temp=0.25 total_env_steps=6429 t=0.08s
Ep  257: len= 14 白胜 loss=27.0631 temp=0.25 total_env_steps=6443 t=0.04s
Ep  258: len=  2 白胜 loss=27.2420 temp=0.25 total_env_steps=6445 t=0.02s
Ep  259: len=  4 黑胜 loss=26.6253 temp=0.25 total_env_steps=6449 t=0.02s
Ep  260: len=  2 黑胜 loss=27.1015 temp=0.25 total_env_steps=6451 t=0.02s
Ep  261: len= 34 白胜 loss=26.8452 temp=0.25 total_env_steps=6485 t=0.09s
Ep  262: len= 26 白胜 loss=26.8657 temp=0.25 total_env_steps=6511 t=0.07s
Ep  263: len= 35 黑胜 loss=26.3204 temp=0.25 total_env_steps=6546 t=0.08s
Ep  264: len= 48 白胜 loss=26.2931 temp=0.25 total_env_steps=6594 t=0.11s
Ep  265: len= 22 白胜 loss=26.5346 temp=0.25 total_env_steps=6616 t=0.07s
Ep  266: len=  2 黑胜 loss=26.6946 temp=0.25 total_env_steps=6618 t=0.02s
Ep  267: len= 20 白胜 loss=26.4302 temp=0.25 total_env_steps=6638 t=0.06s
Ep  268: len= 25 黑胜 loss=26.7334 temp=0.25 total_env_steps=6663 t=0.07s
Ep  269: len= 20 白胜 loss=26.8945 temp=0.25 total_env_steps=6683 t=0.05s
Ep  270: len= 44 白胜 loss=26.5205 temp=0.25 total_env_steps=6727 t=0.11s
Ep  271: len= 16 黑胜 loss=26.5612 temp=0.25 total_env_steps=6743 t=0.05s
Ep  272: len=  2 黑胜 loss=26.2615 temp=0.25 total_env_steps=6745 t=0.02s
Ep  273: len=  2 白胜 loss=26.8485 temp=0.25 total_env_steps=6747 t=0.02s
Ep  274: len= 27 黑胜 loss=26.5964 temp=0.25 total_env_steps=6774 t=0.08s
Ep  275: len= 44 白胜 loss=26.4406 temp=0.25 total_env_steps=6818 t=0.10s
Ep  276: len=  2 黑胜 loss=26.1405 temp=0.25 total_env_steps=6820 t=0.02s
Ep  277: len= 36 白胜 loss=26.7194 temp=0.25 total_env_steps=6856 t=0.09s
Ep  278: len=  2 黑胜 loss=26.8261 temp=0.25 total_env_steps=6858 t=0.02s
Ep  279: len=  6 白胜 loss=26.3693 temp=0.25 total_env_steps=6864 t=0.03s
Ep  280: len= 23 黑胜 loss=26.5166 temp=0.25 total_env_steps=6887 t=0.07s
Ep  281: len=  8 黑胜 loss=26.2204 temp=0.25 total_env_steps=6895 t=0.04s
Ep  282: len= 24 白胜 loss=26.6917 temp=0.25 total_env_steps=6919 t=0.07s
Ep  283: len=  2 黑胜 loss=26.6031 temp=0.25 total_env_steps=6921 t=0.02s
Ep  284: len= 12 白胜 loss=26.6439 temp=0.25 total_env_steps=6933 t=0.04s
Ep  285: len=  8 白胜 loss=26.4483 temp=0.25 total_env_steps=6941 t=0.04s
Ep  286: len=  4 黑胜 loss=26.4179 temp=0.25 total_env_steps=6945 t=0.03s
Ep  287: len= 16 白胜 loss=26.0935 temp=0.25 total_env_steps=6961 t=0.06s
Ep  288: len= 20 白胜 loss=26.4013 temp=0.25 total_env_steps=6981 t=0.08s
Ep  289: len= 13 黑胜 loss=26.2322 temp=0.25 total_env_steps=6994 t=0.05s
Ep  290: len= 37 黑胜 loss=26.2630 temp=0.25 total_env_steps=7031 t=0.09s
Ep  291: len= 37 黑胜 loss=26.4311 temp=0.25 total_env_steps=7068 t=0.10s
Ep  292: len= 24 白胜 loss=26.2430 temp=0.25 total_env_steps=7092 t=0.07s
Ep  293: len= 19 黑胜 loss=25.9571 temp=0.25 total_env_steps=7111 t=0.05s
Ep  294: len= 25 黑胜 loss=26.3150 temp=0.25 total_env_steps=7136 t=0.07s
Ep  295: len= 18 白胜 loss=26.5053 temp=0.25 total_env_steps=7154 t=0.06s
Ep  296: len= 14 白胜 loss=26.4498 temp=0.25 total_env_steps=7168 t=0.04s
Ep  297: len= 11 黑胜 loss=25.4448 temp=0.25 total_env_steps=7179 t=0.04s
Ep  298: len= 36 白胜 loss=26.4785 temp=0.25 total_env_steps=7215 t=0.09s
Ep  299: len= 51 黑胜 loss=25.6675 temp=0.25 total_env_steps=7266 t=0.11s
Ep  300: len= 40 白胜 loss=26.3208 temp=0.25 total_env_steps=7306 t=0.09s
  eval vs Gomoku-random-v0: win_rate=1.00 mean_return=1.00（20 局，total_env_steps=7306）
Ep  301: len= 28 白胜 loss=25.7187 temp=0.25 total_env_steps=7334 t=0.08s
Ep  302: len= 29 黑胜 loss=26.2327 temp=0.25 total_env_steps=7363 t=0.07s
Ep  303: len= 18 白胜 loss=25.8742 temp=0.25 total_env_steps=7381 t=0.06s
Ep  304: len=  2 白胜 loss=25.8514 temp=0.25 total_env_steps=7383 t=0.02s
Ep  305: len=  2 白胜 loss=25.4322 temp=0.25 total_env_steps=7385 t=0.02s
Ep  306: len= 33 黑胜 loss=26.2778 temp=0.25 total_env_steps=7418 t=0.09s
Ep  307: len= 19 黑胜 loss=26.1622 temp=0.25 total_env_steps=7437 t=0.06s
Ep  308: len= 17 白胜 loss=25.0162 temp=0.25 total_env_steps=7454 t=0.05s
Ep  309: len=  2 白胜 loss=26.1983 temp=0.25 total_env_steps=7456 t=0.02s
Ep  310: len=  2 白胜 loss=25.9667 temp=0.25 total_env_steps=7458 t=0.02s
Ep  311: len= 20 白胜 loss=26.2832 temp=0.25 total_env_steps=7478 t=0.05s
Ep  312: len= 25 黑胜 loss=26.0623 temp=0.25 total_env_steps=7503 t=0.07s
Ep  313: len=  6 白胜 loss=25.7504 temp=0.25 total_env_steps=7509 t=0.03s
Ep  314: len= 25 黑胜 loss=25.7655 temp=0.25 total_env_steps=7534 t=0.07s
Ep  315: len= 43 黑胜 loss=26.1643 temp=0.25 total_env_steps=7577 t=0.09s
Ep  316: len=  2 黑胜 loss=26.3352 temp=0.25 total_env_steps=7579 t=0.02s
Ep  317: len= 13 黑胜 loss=25.6602 temp=0.25 total_env_steps=7592 t=0.04s
Ep  318: len= 40 白胜 loss=25.4467 temp=0.25 total_env_steps=7632 t=0.10s
Ep  319: len= 31 黑胜 loss=25.4335 temp=0.25 total_env_steps=7663 t=0.10s
Ep  320: len= 20 白胜 loss=24.9210 temp=0.25 total_env_steps=7683 t=0.07s
Ep  321: len=  2 白胜 loss=25.6336 temp=0.25 total_env_steps=7685 t=0.02s
Ep  322: len= 25 黑胜 loss=25.2663 temp=0.25 total_env_steps=7710 t=0.07s
Ep  323: len= 28 白胜 loss=25.4770 temp=0.25 total_env_steps=7738 t=0.08s
Ep  324: len= 34 白胜 loss=25.4796 temp=0.25 total_env_steps=7772 t=0.10s
Ep  325: len= 33 黑胜 loss=25.1678 temp=0.25 total_env_steps=7805 t=0.11s
Ep  326: len= 28 白胜 loss=26.5851 temp=0.25 total_env_steps=7833 t=0.09s
Ep  327: len= 33 黑胜 loss=25.4770 temp=0.25 total_env_steps=7866 t=0.09s
Ep  328: len=  2 黑胜 loss=26.1591 temp=0.25 total_env_steps=7868 t=0.02s
Ep  329: len= 12 黑胜 loss=26.4646 temp=0.25 total_env_steps=7880 t=0.05s
Ep  330: len= 26 黑胜 loss=25.3968 temp=0.25 total_env_steps=7906 t=0.08s
Ep  331: len=  4 黑胜 loss=25.5781 temp=0.25 total_env_steps=7910 t=0.03s
Ep  332: len= 15 黑胜 loss=25.3497 temp=0.25 total_env_steps=7925 t=0.05s
Ep  333: len= 30 白胜 loss=25.1854 temp=0.25 total_env_steps=7955 t=0.09s
Ep  334: len=  4 黑胜 loss=24.2945 temp=0.25 total_env_steps=7959 t=0.04s
Ep  335: len= 21 黑胜 loss=24.9411 temp=0.25 total_env_steps=7980 t=0.08s
Ep  336: len= 29 黑胜 loss=26.5628 temp=0.25 total_env_steps=8009 t=0.09s
Ep  337: len= 13 黑胜 loss=25.2193 temp=0.25 total_env_steps=8022 t=0.05s
Ep  338: len= 20 白胜 loss=25.7556 temp=0.25 total_env_steps=8042 t=0.06s
Ep  339: len=  8 黑胜 loss=24.9589 temp=0.25 total_env_steps=8050 t=0.03s
Ep  340: len= 14 白胜 loss=25.2221 temp=0.25 total_env_steps=8064 t=0.06s
Ep  341: len= 17 黑胜 loss=25.5752 temp=0.25 total_env_steps=8081 t=0.06s
Ep  342: len= 33 黑胜 loss=25.0310 temp=0.25 total_env_steps=8114 t=0.10s
Ep  343: len= 30 白胜 loss=25.8718 temp=0.25 total_env_steps=8144 t=0.10s
Ep  344: len= 21 黑胜 loss=26.0246 temp=0.25 total_env_steps=8165 t=0.07s
Ep  345: len=  4 白胜 loss=25.8964 temp=0.25 total_env_steps=8169 t=0.03s
Ep  346: len= 19 黑胜 loss=25.2257 temp=0.25 total_env_steps=8188 t=0.06s
Ep  347: len=  2 黑胜 loss=24.6293 temp=0.25 total_env_steps=8190 t=0.02s
Ep  348: len=  2 白胜 loss=25.0528 temp=0.25 total_env_steps=8192 t=0.02s
Ep  349: len= 20 白胜 loss=25.3520 temp=0.25 total_env_steps=8212 t=0.07s
Ep  350: len= 17 黑胜 loss=24.9973 temp=0.25 total_env_steps=8229 t=0.06s
  eval vs Gomoku-random-v0: win_rate=1.00 mean_return=1.00（20 局，total_env_steps=8229）
Ep  351: len= 32 白胜 loss=24.8809 temp=0.25 total_env_steps=8261 t=0.08s
Ep  352: len= 27 黑胜 loss=24.9753 temp=0.25 total_env_steps=8288 t=0.07s
Ep  353: len= 23 黑胜 loss=25.5992 temp=0.25 total_env_steps=8311 t=0.07s
Ep  354: len=  2 黑胜 loss=25.0966 temp=0.25 total_env_steps=8313 t=0.02s
Ep  355: len= 18 白胜 loss=24.2518 temp=0.25 total_env_steps=8331 t=0.06s
Ep  356: len= 43 黑胜 loss=24.3832 temp=0.25 total_env_steps=8374 t=0.11s
Ep  357: len= 16 白胜 loss=24.4290 temp=0.25 total_env_steps=8390 t=0.05s
Ep  358: len= 24 白胜 loss=25.4963 temp=0.25 total_env_steps=8414 t=0.07s
Ep  359: len= 24 白胜 loss=24.0103 temp=0.25 total_env_steps=8438 t=0.07s
Ep  360: len= 10 黑胜 loss=25.9312 temp=0.25 total_env_steps=8448 t=0.04s
Ep  361: len= 17 黑胜 loss=25.5338 temp=0.25 total_env_steps=8465 t=0.05s
Ep  362: len= 36 白胜 loss=24.2942 temp=0.25 total_env_steps=8501 t=0.09s
Ep  363: len= 24 白胜 loss=24.9656 temp=0.25 total_env_steps=8525 t=0.08s
Ep  364: len= 14 白胜 loss=24.4661 temp=0.25 total_env_steps=8539 t=0.06s
Ep  365: len=  6 黑胜 loss=24.9967 temp=0.25 total_env_steps=8545 t=0.03s
Ep  366: len= 14 白胜 loss=25.1348 temp=0.25 total_env_steps=8559 t=0.05s
Ep  367: len= 26 白胜 loss=23.6591 temp=0.25 total_env_steps=8585 t=0.07s
Ep  368: len= 29 黑胜 loss=24.5554 temp=0.25 total_env_steps=8614 t=0.09s
Ep  369: len= 35 黑胜 loss=23.5220 temp=0.25 total_env_steps=8649 t=0.10s
Ep  370: len= 18 白胜 loss=25.1357 temp=0.25 total_env_steps=8667 t=0.06s
Ep  371: len=  2 白胜 loss=25.7048 temp=0.25 total_env_steps=8669 t=0.02s
Ep  372: len=  2 黑胜 loss=25.3091 temp=0.25 total_env_steps=8671 t=0.02s
Ep  373: len= 21 黑胜 loss=25.7783 temp=0.25 total_env_steps=8692 t=0.08s
Ep  374: len= 33 黑胜 loss=24.9216 temp=0.25 total_env_steps=8725 t=0.08s
Ep  375: len= 22 白胜 loss=25.0952 temp=0.25 total_env_steps=8747 t=0.06s
Ep  376: len=  2 白胜 loss=23.2731 temp=0.25 total_env_steps=8749 t=0.02s
Ep  377: len= 14 白胜 loss=24.1060 temp=0.25 total_env_steps=8763 t=0.04s
Ep  378: len= 12 白胜 loss=23.8955 temp=0.25 total_env_steps=8775 t=0.05s
Ep  379: len= 15 黑胜 loss=24.7310 temp=0.25 total_env_steps=8790 t=0.05s
Ep  380: len= 17 黑胜 loss=24.4511 temp=0.25 total_env_steps=8807 t=0.06s
Ep  381: len= 56 白胜 loss=24.4241 temp=0.25 total_env_steps=8863 t=0.13s
Ep  382: len= 12 白胜 loss=24.7196 temp=0.25 total_env_steps=8875 t=0.04s
Ep  383: len= 16 白胜 loss=25.2158 temp=0.25 total_env_steps=8891 t=0.06s
Ep  384: len= 14 白胜 loss=25.3796 temp=0.25 total_env_steps=8905 t=0.05s
Ep  385: len= 12 白胜 loss=25.0657 temp=0.25 total_env_steps=8917 t=0.04s
Ep  386: len= 12 白胜 loss=24.2582 temp=0.25 total_env_steps=8929 t=0.05s
Ep  387: len= 14 白胜 loss=22.7950 temp=0.25 total_env_steps=8943 t=0.04s
Ep  388: len= 15 黑胜 loss=24.7380 temp=0.25 total_env_steps=8958 t=0.05s
Ep  389: len= 28 白胜 loss=24.7811 temp=0.25 total_env_steps=8986 t=0.08s
Ep  390: len= 12 白胜 loss=24.3021 temp=0.25 total_env_steps=8998 t=0.04s
Ep  391: len= 14 白胜 loss=23.8389 temp=0.25 total_env_steps=9012 t=0.05s
Ep  392: len= 12 白胜 loss=24.6948 temp=0.25 total_env_steps=9024 t=0.09s
Ep  393: len= 14 白胜 loss=24.0350 temp=0.25 total_env_steps=9038 t=0.09s
Ep  394: len= 11 黑胜 loss=24.0092 temp=0.25 total_env_steps=9049 t=0.09s
Ep  395: len= 10 黑胜 loss=23.0517 temp=0.25 total_env_steps=9059 t=0.09s
Ep  396: len=  2 白胜 loss=22.8590 temp=0.25 total_env_steps=9061 t=0.06s
Ep  397: len=  2 白胜 loss=23.6998 temp=0.25 total_env_steps=9063 t=0.06s
Ep  398: len= 12 白胜 loss=24.0213 temp=0.25 total_env_steps=9075 t=0.09s
Ep  399: len=  4 黑胜 loss=24.0980 temp=0.25 total_env_steps=9079 t=0.07s
Ep  400: len= 13 黑胜 loss=24.2451 temp=0.25 total_env_steps=9092 t=0.09s
  eval vs Gomoku-random-v0: win_rate=1.00 mean_return=1.00（20 局，total_env_steps=9092）
[闸门] vs random（40 局）: win_rate=1.000
[闸门] vs 半程快照（40 局，黑白各半）: score=0.825
[梯队] vs naive0（20 局，观察性）: win_rate=0.40
[梯队] vs naive1（20 局，观察性）: win_rate=0.00
[梯队] vs naive2（20 局，观察性）: win_rate=0.00
[梯队] vs naive3（20 局，观察性）: win_rate=0.00
📈 Gomoku-selfplay-v0 win_rate=1.00（best 1.00）| 门槛 0.95 | 34.7s

--- arm=tactical_openings seed=44 sims=100 ---
[MyZero-board Gomoku-selfplay-v0] obs=243(3×9²) |A|=81 sims=100 γ=1.0 negamax
[MyZero-board] 树内真规则开启（AlphaZero 式诊断；训练侧不变）
[MyZero-board] 战术开局课程开启（p=0.25，必挡局面前缀；eval 不受影响）
Ep    1: len= 32 白胜 loss=0.0000 temp=1.00 total_env_steps=32 t=0.09s
Ep    2: len= 41 黑胜 loss=0.0000 temp=1.00 total_env_steps=73 t=0.11s
Ep    3: len= 21 黑胜 loss=0.0000 temp=1.00 total_env_steps=94 t=0.05s
Ep    4: len= 45 黑胜 loss=0.0000 temp=1.00 total_env_steps=139 t=0.12s
Ep    5: len= 24 黑胜 loss=0.0000 temp=1.00 total_env_steps=163 t=0.06s
Ep    6: len= 41 黑胜 loss=0.0000 temp=1.00 total_env_steps=204 t=0.11s
Ep    7: len= 32 白胜 loss=0.0000 temp=1.00 total_env_steps=236 t=0.10s
Ep    8: len= 49 黑胜 loss=0.0000 temp=1.00 total_env_steps=285 t=0.14s
Ep    9: len= 27 黑胜 loss=0.0000 temp=1.00 total_env_steps=312 t=0.08s
Ep   10: len= 42 白胜 loss=37.2474 temp=1.00 total_env_steps=354 t=0.14s
Ep   11: len= 27 黑胜 loss=28.4390 temp=1.00 total_env_steps=381 t=0.09s
Ep   12: len= 29 黑胜 loss=28.5082 temp=1.00 total_env_steps=410 t=0.09s
Ep   13: len= 18 白胜 loss=28.2089 temp=1.00 total_env_steps=428 t=0.06s
Ep   14: len= 24 白胜 loss=28.6001 temp=1.00 total_env_steps=452 t=0.08s
Ep   15: len= 29 黑胜 loss=28.8071 temp=1.00 total_env_steps=481 t=0.10s
Ep   16: len= 37 黑胜 loss=28.6761 temp=1.00 total_env_steps=518 t=0.11s
Ep   17: len= 33 黑胜 loss=28.7639 temp=1.00 total_env_steps=551 t=0.10s
Ep   18: len= 27 黑胜 loss=28.7028 temp=1.00 total_env_steps=578 t=0.09s
Ep   19: len=  6 白胜 loss=28.4323 temp=1.00 total_env_steps=584 t=0.03s
Ep   20: len= 26 白胜 loss=28.3518 temp=1.00 total_env_steps=610 t=0.09s
Ep   21: len=  2 黑胜 loss=28.6603 temp=1.00 total_env_steps=612 t=0.02s
Ep   22: len=  2 黑胜 loss=29.1743 temp=1.00 total_env_steps=614 t=0.02s
Ep   23: len= 29 黑胜 loss=29.3432 temp=1.00 total_env_steps=643 t=0.09s
Ep   24: len= 42 白胜 loss=28.9994 temp=1.00 total_env_steps=685 t=0.12s
Ep   25: len=  2 黑胜 loss=29.0100 temp=1.00 total_env_steps=687 t=0.02s
Ep   26: len= 42 白胜 loss=29.5007 temp=1.00 total_env_steps=729 t=0.15s
Ep   27: len= 35 黑胜 loss=28.9406 temp=1.00 total_env_steps=764 t=0.14s
Ep   28: len= 38 白胜 loss=28.7804 temp=1.00 total_env_steps=802 t=0.16s
Ep   29: len= 33 黑胜 loss=29.0454 temp=1.00 total_env_steps=835 t=0.13s
Ep   30: len=  4 黑胜 loss=29.5605 temp=1.00 total_env_steps=839 t=0.03s
Ep   31: len= 32 白胜 loss=29.2864 temp=1.00 total_env_steps=871 t=0.13s
Ep   32: len= 32 白胜 loss=29.1848 temp=1.00 total_env_steps=903 t=0.13s
Ep   33: len= 27 黑胜 loss=28.8123 temp=1.00 total_env_steps=930 t=0.12s
Ep   34: len=  2 白胜 loss=29.2120 temp=1.00 total_env_steps=932 t=0.03s
Ep   35: len= 13 黑胜 loss=28.7080 temp=1.00 total_env_steps=945 t=0.07s
Ep   36: len= 25 黑胜 loss=29.2476 temp=1.00 total_env_steps=970 t=0.11s
Ep   37: len= 13 黑胜 loss=28.7931 temp=1.00 total_env_steps=983 t=0.08s
Ep   38: len= 50 白胜 loss=28.4117 temp=1.00 total_env_steps=1033 t=0.20s
Ep   39: len= 38 白胜 loss=28.2978 temp=1.00 total_env_steps=1071 t=0.15s
Ep   40: len= 28 白胜 loss=28.4172 temp=1.00 total_env_steps=1099 t=0.12s
Ep   41: len=  2 黑胜 loss=28.1314 temp=1.00 total_env_steps=1101 t=0.03s
Ep   42: len=  4 黑胜 loss=28.6602 temp=1.00 total_env_steps=1105 t=0.03s
Ep   43: len= 39 黑胜 loss=28.2087 temp=1.00 total_env_steps=1144 t=0.16s
Ep   44: len= 43 黑胜 loss=28.3520 temp=1.00 total_env_steps=1187 t=0.17s
Ep   45: len= 35 黑胜 loss=28.3869 temp=1.00 total_env_steps=1222 t=0.14s
Ep   46: len= 30 白胜 loss=28.1946 temp=1.00 total_env_steps=1252 t=0.13s
Ep   47: len=  2 黑胜 loss=28.1000 temp=1.00 total_env_steps=1254 t=0.03s
Ep   48: len= 46 白胜 loss=28.3716 temp=1.00 total_env_steps=1300 t=0.19s
Ep   49: len= 36 白胜 loss=28.1570 temp=1.00 total_env_steps=1336 t=0.15s
Ep   50: len= 46 白胜 loss=28.2987 temp=1.00 total_env_steps=1382 t=0.15s
  eval vs Gomoku-random-v0: win_rate=0.95 mean_return=0.90（20 局，total_env_steps=1382）
  ✅ 达标 ep=50 total_env_steps=1382
Ep   51: len= 19 黑胜 loss=28.3066 temp=1.00 total_env_steps=1401 t=0.09s
Ep   52: len= 38 白胜 loss=28.3852 temp=1.00 total_env_steps=1439 t=0.16s
Ep   53: len= 41 黑胜 loss=28.3428 temp=1.00 total_env_steps=1480 t=0.15s
Ep   54: len=  6 白胜 loss=28.2559 temp=1.00 total_env_steps=1486 t=0.03s
Ep   55: len= 25 黑胜 loss=28.2727 temp=1.00 total_env_steps=1511 t=0.10s
Ep   56: len=  2 白胜 loss=28.4346 temp=1.00 total_env_steps=1513 t=0.03s
Ep   57: len= 36 白胜 loss=28.3669 temp=1.00 total_env_steps=1549 t=0.14s
Ep   58: len= 37 黑胜 loss=28.2759 temp=1.00 total_env_steps=1586 t=0.15s
Ep   59: len= 36 白胜 loss=28.3046 temp=1.00 total_env_steps=1622 t=0.15s
Ep   60: len= 46 白胜 loss=28.2106 temp=1.00 total_env_steps=1668 t=0.17s
Ep   61: len= 33 黑胜 loss=28.2839 temp=1.00 total_env_steps=1701 t=0.13s
Ep   62: len= 34 白胜 loss=28.2964 temp=1.00 total_env_steps=1735 t=0.13s
Ep   63: len= 31 黑胜 loss=28.2856 temp=1.00 total_env_steps=1766 t=0.12s
Ep   64: len= 25 黑胜 loss=28.3556 temp=1.00 total_env_steps=1791 t=0.11s
Ep   65: len= 39 黑胜 loss=28.2266 temp=1.00 total_env_steps=1830 t=0.15s
Ep   66: len= 35 黑胜 loss=28.0695 temp=1.00 total_env_steps=1865 t=0.13s
Ep   67: len= 51 黑胜 loss=28.1678 temp=1.00 total_env_steps=1916 t=0.19s
Ep   68: len= 35 黑胜 loss=28.1849 temp=1.00 total_env_steps=1951 t=0.16s
Ep   69: len= 38 白胜 loss=28.1941 temp=1.00 total_env_steps=1989 t=0.17s
Ep   70: len= 31 黑胜 loss=28.1078 temp=1.00 total_env_steps=2020 t=0.13s
Ep   71: len=  2 黑胜 loss=28.3231 temp=1.00 total_env_steps=2022 t=0.03s
Ep   72: len= 34 白胜 loss=27.9573 temp=1.00 total_env_steps=2056 t=0.15s
Ep   73: len=  8 白胜 loss=28.1550 temp=1.00 total_env_steps=2064 t=0.05s
Ep   74: len= 29 黑胜 loss=28.2585 temp=1.00 total_env_steps=2093 t=0.12s
Ep   75: len= 52 白胜 loss=28.3411 temp=1.00 total_env_steps=2145 t=0.20s
Ep   76: len= 10 黑胜 loss=28.3097 temp=1.00 total_env_steps=2155 t=0.06s
Ep   77: len= 36 白胜 loss=28.1907 temp=1.00 total_env_steps=2191 t=0.14s
Ep   78: len= 50 白胜 loss=28.0377 temp=1.00 total_env_steps=2241 t=0.17s
Ep   79: len=  4 黑胜 loss=28.0411 temp=1.00 total_env_steps=2245 t=0.03s
Ep   80: len=  4 黑胜 loss=28.1530 temp=1.00 total_env_steps=2249 t=0.03s
Ep   81: len=  4 黑胜 loss=28.2109 temp=1.00 total_env_steps=2253 t=0.04s
Ep   82: len= 32 白胜 loss=28.1760 temp=1.00 total_env_steps=2285 t=0.13s
Ep   83: len= 46 白胜 loss=28.1517 temp=1.00 total_env_steps=2331 t=0.16s
Ep   84: len= 39 黑胜 loss=28.2905 temp=1.00 total_env_steps=2370 t=0.14s
Ep   85: len= 43 黑胜 loss=28.2766 temp=1.00 total_env_steps=2413 t=0.16s
Ep   86: len= 49 黑胜 loss=28.3587 temp=1.00 total_env_steps=2462 t=0.19s
Ep   87: len=  4 白胜 loss=28.0656 temp=1.00 total_env_steps=2466 t=0.03s
Ep   88: len= 43 黑胜 loss=28.1035 temp=1.00 total_env_steps=2509 t=0.16s
Ep   89: len= 23 黑胜 loss=28.1620 temp=1.00 total_env_steps=2532 t=0.11s
Ep   90: len= 30 白胜 loss=28.3878 temp=1.00 total_env_steps=2562 t=0.12s
Ep   91: len= 25 黑胜 loss=28.2850 temp=1.00 total_env_steps=2587 t=0.08s
Ep   92: len= 24 白胜 loss=28.0577 temp=1.00 total_env_steps=2611 t=0.10s
Ep   93: len= 26 白胜 loss=28.0562 temp=1.00 total_env_steps=2637 t=0.10s
Ep   94: len= 28 白胜 loss=28.2639 temp=1.00 total_env_steps=2665 t=0.12s
Ep   95: len= 28 白胜 loss=28.1395 temp=1.00 total_env_steps=2693 t=0.10s
Ep   96: len= 49 黑胜 loss=28.1866 temp=1.00 total_env_steps=2742 t=0.15s
Ep   97: len=  4 黑胜 loss=28.0744 temp=1.00 total_env_steps=2746 t=0.02s
Ep   98: len= 26 黑胜 loss=28.4467 temp=1.00 total_env_steps=2772 t=0.08s
Ep   99: len=  2 白胜 loss=28.1036 temp=1.00 total_env_steps=2774 t=0.02s
Ep  100: len= 25 黑胜 loss=28.0928 temp=1.00 total_env_steps=2799 t=0.08s
  eval vs Gomoku-random-v0: win_rate=0.95 mean_return=0.90（20 局，total_env_steps=2799）
Ep  101: len=  6 白胜 loss=28.0602 temp=1.00 total_env_steps=2805 t=0.03s
Ep  102: len= 34 白胜 loss=28.1387 temp=0.99 total_env_steps=2839 t=0.10s
Ep  103: len= 32 白胜 loss=28.2642 temp=0.99 total_env_steps=2871 t=0.10s
Ep  104: len= 37 黑胜 loss=28.2942 temp=0.98 total_env_steps=2908 t=0.12s
Ep  105: len= 23 黑胜 loss=28.1013 temp=0.97 total_env_steps=2931 t=0.08s
Ep  106: len= 10 黑胜 loss=28.2407 temp=0.96 total_env_steps=2941 t=0.04s
Ep  107: len=  2 黑胜 loss=28.2444 temp=0.95 total_env_steps=2943 t=0.02s
Ep  108: len= 17 黑胜 loss=28.1810 temp=0.95 total_env_steps=2960 t=0.06s
Ep  109: len= 36 白胜 loss=28.2396 temp=0.94 total_env_steps=2996 t=0.12s
Ep  110: len=  2 白胜 loss=27.9660 temp=0.93 total_env_steps=2998 t=0.02s
Ep  111: len= 30 白胜 loss=28.0110 temp=0.93 total_env_steps=3028 t=0.10s
Ep  112: len= 43 黑胜 loss=28.1404 temp=0.92 total_env_steps=3071 t=0.13s
Ep  113: len= 25 黑胜 loss=28.0846 temp=0.91 total_env_steps=3096 t=0.10s
Ep  114: len= 25 黑胜 loss=27.9006 temp=0.90 total_env_steps=3121 t=0.11s
Ep  115: len=  2 黑胜 loss=28.0822 temp=0.89 total_env_steps=3123 t=0.03s
Ep  116: len= 34 白胜 loss=28.3030 temp=0.89 total_env_steps=3157 t=0.11s
Ep  117: len= 40 白胜 loss=27.8775 temp=0.88 total_env_steps=3197 t=0.14s
Ep  118: len= 34 白胜 loss=28.1231 temp=0.87 total_env_steps=3231 t=0.11s
Ep  119: len= 25 黑胜 loss=28.1628 temp=0.87 total_env_steps=3256 t=0.09s
Ep  120: len= 37 黑胜 loss=28.0097 temp=0.86 total_env_steps=3293 t=0.14s
Ep  121: len= 41 黑胜 loss=28.0265 temp=0.85 total_env_steps=3334 t=0.16s
Ep  122: len= 17 黑胜 loss=27.9750 temp=0.84 total_env_steps=3351 t=0.08s
Ep  123: len= 33 黑胜 loss=28.1898 temp=0.84 total_env_steps=3384 t=0.13s
Ep  124: len= 21 黑胜 loss=27.9221 temp=0.83 total_env_steps=3405 t=0.09s
Ep  125: len= 36 白胜 loss=28.2270 temp=0.82 total_env_steps=3441 t=0.15s
Ep  126: len= 31 黑胜 loss=28.2066 temp=0.81 total_env_steps=3472 t=0.12s
Ep  127: len=  6 白胜 loss=28.0606 temp=0.81 total_env_steps=3478 t=0.04s
Ep  128: len=  6 黑胜 loss=28.0927 temp=0.80 total_env_steps=3484 t=0.04s
Ep  129: len= 35 黑胜 loss=28.1054 temp=0.79 total_env_steps=3519 t=0.14s
Ep  130: len=  6 黑胜 loss=28.1139 temp=0.78 total_env_steps=3525 t=0.05s
Ep  131: len= 24 白胜 loss=28.2254 temp=0.77 total_env_steps=3549 t=0.11s
Ep  132: len= 16 白胜 loss=28.3335 temp=0.77 total_env_steps=3565 t=0.08s
Ep  133: len=  2 白胜 loss=27.9102 temp=0.76 total_env_steps=3567 t=0.03s
Ep  134: len= 34 白胜 loss=28.2537 temp=0.75 total_env_steps=3601 t=0.15s
Ep  135: len=  2 黑胜 loss=28.1470 temp=0.75 total_env_steps=3603 t=0.03s
Ep  136: len= 30 白胜 loss=28.2103 temp=0.74 total_env_steps=3633 t=0.13s
Ep  137: len= 27 黑胜 loss=27.8716 temp=0.73 total_env_steps=3660 t=0.12s
Ep  138: len=  2 白胜 loss=28.1851 temp=0.72 total_env_steps=3662 t=0.03s
Ep  139: len= 16 白胜 loss=28.1237 temp=0.72 total_env_steps=3678 t=0.08s
Ep  140: len=  2 黑胜 loss=28.0447 temp=0.71 total_env_steps=3680 t=0.03s
Ep  141: len= 49 黑胜 loss=28.1376 temp=0.70 total_env_steps=3729 t=0.19s
Ep  142: len= 37 黑胜 loss=27.9684 temp=0.69 total_env_steps=3766 t=0.15s
Ep  143: len=  2 黑胜 loss=28.1354 temp=0.69 total_env_steps=3768 t=0.03s
Ep  144: len= 31 黑胜 loss=28.1229 temp=0.68 total_env_steps=3799 t=0.13s
Ep  145: len= 22 白胜 loss=27.9509 temp=0.67 total_env_steps=3821 t=0.10s
Ep  146: len= 44 白胜 loss=27.9646 temp=0.66 total_env_steps=3865 t=0.17s
Ep  147: len= 35 黑胜 loss=28.2266 temp=0.65 total_env_steps=3900 t=0.13s
Ep  148: len= 17 黑胜 loss=28.0930 temp=0.65 total_env_steps=3917 t=0.08s
Ep  149: len=  4 黑胜 loss=27.9548 temp=0.64 total_env_steps=3921 t=0.03s
Ep  150: len= 42 白胜 loss=28.0340 temp=0.63 total_env_steps=3963 t=0.16s
  eval vs Gomoku-random-v0: win_rate=1.00 mean_return=1.00（20 局，total_env_steps=3963）
Ep  151: len=  2 黑胜 loss=28.0131 temp=0.62 total_env_steps=3965 t=0.03s
Ep  152: len= 33 黑胜 loss=27.9713 temp=0.62 total_env_steps=3998 t=0.14s
Ep  153: len= 30 白胜 loss=27.9822 temp=0.61 total_env_steps=4028 t=0.13s
Ep  154: len=  2 白胜 loss=27.9207 temp=0.60 total_env_steps=4030 t=0.03s
Ep  155: len= 26 白胜 loss=28.2204 temp=0.59 total_env_steps=4056 t=0.12s
Ep  156: len= 30 白胜 loss=27.8753 temp=0.59 total_env_steps=4086 t=0.13s
Ep  157: len=  2 白胜 loss=27.6876 temp=0.58 total_env_steps=4088 t=0.03s
Ep  158: len=  2 白胜 loss=28.0102 temp=0.57 total_env_steps=4090 t=0.02s
Ep  159: len= 29 黑胜 loss=27.9773 temp=0.56 total_env_steps=4119 t=0.11s
Ep  160: len=  4 白胜 loss=28.0657 temp=0.56 total_env_steps=4123 t=0.04s
Ep  161: len= 33 黑胜 loss=27.8616 temp=0.55 total_env_steps=4156 t=0.14s
Ep  162: len= 14 白胜 loss=27.9493 temp=0.54 total_env_steps=4170 t=0.06s
Ep  163: len= 27 黑胜 loss=27.8786 temp=0.53 total_env_steps=4197 t=0.11s
Ep  164: len= 44 白胜 loss=28.2007 temp=0.53 total_env_steps=4241 t=0.16s
Ep  165: len= 31 黑胜 loss=28.2245 temp=0.52 total_env_steps=4272 t=0.13s
Ep  166: len= 28 白胜 loss=27.8367 temp=0.51 total_env_steps=4300 t=0.10s
Ep  167: len= 20 白胜 loss=28.2123 temp=0.50 total_env_steps=4320 t=0.09s
Ep  168: len= 30 白胜 loss=28.1224 temp=0.50 total_env_steps=4350 t=0.11s
Ep  169: len= 31 黑胜 loss=28.0146 temp=0.49 total_env_steps=4381 t=0.10s
Ep  170: len= 30 白胜 loss=27.7259 temp=0.48 total_env_steps=4411 t=0.10s
Ep  171: len= 35 黑胜 loss=28.2006 temp=0.48 total_env_steps=4446 t=0.12s
Ep  172: len=  2 黑胜 loss=27.9584 temp=0.47 total_env_steps=4448 t=0.02s
Ep  173: len= 22 白胜 loss=27.8194 temp=0.46 total_env_steps=4470 t=0.08s
Ep  174: len= 20 白胜 loss=28.2456 temp=0.45 total_env_steps=4490 t=0.08s
Ep  175: len= 28 白胜 loss=27.9736 temp=0.44 total_env_steps=4518 t=0.11s
Ep  176: len= 18 白胜 loss=28.0223 temp=0.44 total_env_steps=4536 t=0.07s
Ep  177: len=  2 黑胜 loss=27.9292 temp=0.43 total_env_steps=4538 t=0.02s
Ep  178: len= 25 黑胜 loss=27.9255 temp=0.42 total_env_steps=4563 t=0.09s
Ep  179: len= 15 黑胜 loss=27.9146 temp=0.42 total_env_steps=4578 t=0.08s
Ep  180: len= 15 黑胜 loss=28.2757 temp=0.41 total_env_steps=4593 t=0.07s
Ep  181: len=  2 黑胜 loss=27.9510 temp=0.40 total_env_steps=4595 t=0.02s
Ep  182: len= 34 白胜 loss=28.0429 temp=0.39 total_env_steps=4629 t=0.13s
Ep  183: len= 45 黑胜 loss=28.0211 temp=0.38 total_env_steps=4674 t=0.15s
Ep  184: len= 12 黑胜 loss=27.8012 temp=0.38 total_env_steps=4686 t=0.05s
Ep  185: len= 24 白胜 loss=27.8501 temp=0.37 total_env_steps=4710 t=0.11s
Ep  186: len= 26 白胜 loss=27.5889 temp=0.36 total_env_steps=4736 t=0.09s
Ep  187: len= 38 白胜 loss=27.9536 temp=0.36 total_env_steps=4774 t=0.14s
Ep  188: len= 21 黑胜 loss=27.7552 temp=0.35 total_env_steps=4795 t=0.09s
Ep  189: len= 43 黑胜 loss=27.9509 temp=0.34 total_env_steps=4838 t=0.15s
Ep  190: len= 30 白胜 loss=28.1067 temp=0.33 total_env_steps=4868 t=0.12s
Ep  191: len= 15 黑胜 loss=28.0530 temp=0.33 total_env_steps=4883 t=0.06s
Ep  192: len= 43 黑胜 loss=27.8840 temp=0.32 total_env_steps=4926 t=0.15s
Ep  193: len= 29 黑胜 loss=27.9429 temp=0.31 total_env_steps=4955 t=0.11s
Ep  194: len= 28 白胜 loss=28.0994 temp=0.30 total_env_steps=4983 t=0.11s
Ep  195: len= 27 黑胜 loss=28.1995 temp=0.30 total_env_steps=5010 t=0.11s
Ep  196: len=  2 黑胜 loss=27.9682 temp=0.29 total_env_steps=5012 t=0.03s
Ep  197: len=  2 白胜 loss=27.8503 temp=0.28 total_env_steps=5014 t=0.03s
Ep  198: len= 25 黑胜 loss=27.8188 temp=0.27 total_env_steps=5039 t=0.12s
Ep  199: len= 39 黑胜 loss=27.7158 temp=0.26 total_env_steps=5078 t=0.14s
Ep  200: len= 38 白胜 loss=27.6245 temp=0.26 total_env_steps=5116 t=0.15s
  eval vs Gomoku-random-v0: win_rate=0.95 mean_return=0.90（20 局，total_env_steps=5116）
  📸 已拍权重快照（ep=200，gating 对弈基准）
Ep  201: len= 43 黑胜 loss=27.9707 temp=0.25 total_env_steps=5159 t=0.17s
Ep  202: len=  2 白胜 loss=27.9547 temp=0.25 total_env_steps=5161 t=0.04s
Ep  203: len= 25 黑胜 loss=27.8682 temp=0.25 total_env_steps=5186 t=0.12s
Ep  204: len= 50 白胜 loss=28.0208 temp=0.25 total_env_steps=5236 t=0.19s
Ep  205: len=  8 黑胜 loss=27.7957 temp=0.25 total_env_steps=5244 t=0.08s
Ep  206: len= 33 黑胜 loss=27.9183 temp=0.25 total_env_steps=5277 t=0.14s
Ep  207: len= 23 黑胜 loss=27.9400 temp=0.25 total_env_steps=5300 t=0.12s
Ep  208: len= 38 白胜 loss=27.8990 temp=0.25 total_env_steps=5338 t=0.15s
Ep  209: len= 25 黑胜 loss=27.6621 temp=0.25 total_env_steps=5363 t=0.12s
Ep  210: len=  4 黑胜 loss=27.8874 temp=0.25 total_env_steps=5367 t=0.05s
Ep  211: len= 35 黑胜 loss=28.0702 temp=0.25 total_env_steps=5402 t=0.14s
Ep  212: len= 31 黑胜 loss=27.9247 temp=0.25 total_env_steps=5433 t=0.15s
Ep  213: len= 25 黑胜 loss=27.9960 temp=0.25 total_env_steps=5458 t=0.12s
Ep  214: len= 59 黑胜 loss=27.8190 temp=0.25 total_env_steps=5517 t=0.22s
Ep  215: len= 23 黑胜 loss=28.0000 temp=0.25 total_env_steps=5540 t=0.15s
Ep  216: len=  2 白胜 loss=27.9109 temp=0.25 total_env_steps=5542 t=0.06s
Ep  217: len=  6 白胜 loss=27.9050 temp=0.25 total_env_steps=5548 t=0.07s
Ep  218: len= 44 白胜 loss=28.1924 temp=0.25 total_env_steps=5592 t=0.18s
Ep  219: len= 25 黑胜 loss=27.9634 temp=0.25 total_env_steps=5617 t=0.13s
Ep  220: len= 52 白胜 loss=28.0300 temp=0.25 total_env_steps=5669 t=0.20s
Ep  221: len= 15 黑胜 loss=27.8425 temp=0.25 total_env_steps=5684 t=0.10s
Ep  222: len= 19 黑胜 loss=28.1038 temp=0.25 total_env_steps=5703 t=0.11s
Ep  223: len= 38 白胜 loss=27.8177 temp=0.25 total_env_steps=5741 t=0.18s
Ep  224: len=  2 黑胜 loss=27.9570 temp=0.25 total_env_steps=5743 t=0.06s
Ep  225: len=  8 白胜 loss=27.9932 temp=0.25 total_env_steps=5751 t=0.08s
Ep  226: len= 34 白胜 loss=27.8463 temp=0.25 total_env_steps=5785 t=0.16s
Ep  227: len= 35 黑胜 loss=27.8735 temp=0.25 total_env_steps=5820 t=0.16s
Ep  228: len= 17 黑胜 loss=28.1485 temp=0.25 total_env_steps=5837 t=0.12s
Ep  229: len= 40 白胜 loss=27.7194 temp=0.25 total_env_steps=5877 t=0.17s
Ep  230: len= 22 黑胜 loss=28.1702 temp=0.25 total_env_steps=5899 t=0.13s
Ep  231: len= 15 黑胜 loss=27.6843 temp=0.25 total_env_steps=5914 t=0.10s
Ep  232: len= 20 白胜 loss=27.7007 temp=0.25 total_env_steps=5934 t=0.13s
Ep  233: len= 26 白胜 loss=28.0975 temp=0.25 total_env_steps=5960 t=0.12s
Ep  234: len= 31 黑胜 loss=27.8501 temp=0.25 total_env_steps=5991 t=0.15s
Ep  235: len= 15 黑胜 loss=27.8978 temp=0.25 total_env_steps=6006 t=0.11s
Ep  236: len= 10 黑胜 loss=28.0721 temp=0.25 total_env_steps=6016 t=0.11s
Ep  237: len= 33 黑胜 loss=27.8801 temp=0.25 total_env_steps=6049 t=0.15s
Ep  238: len= 39 黑胜 loss=27.5163 temp=0.25 total_env_steps=6088 t=0.18s
Ep  239: len= 35 黑胜 loss=28.0378 temp=0.25 total_env_steps=6123 t=0.16s
Ep  240: len= 17 黑胜 loss=27.5929 temp=0.25 total_env_steps=6140 t=0.11s
Ep  241: len=  2 白胜 loss=27.4688 temp=0.25 total_env_steps=6142 t=0.06s
Ep  242: len= 34 白胜 loss=27.4717 temp=0.25 total_env_steps=6176 t=0.16s
Ep  243: len= 31 黑胜 loss=27.5987 temp=0.25 total_env_steps=6207 t=0.16s
Ep  244: len= 26 白胜 loss=27.6695 temp=0.25 total_env_steps=6233 t=0.15s
Ep  245: len= 30 白胜 loss=27.6332 temp=0.25 total_env_steps=6263 t=0.14s
Ep  246: len= 18 白胜 loss=27.5848 temp=0.25 total_env_steps=6281 t=0.12s
Ep  247: len= 25 黑胜 loss=27.5482 temp=0.25 total_env_steps=6306 t=0.12s
Ep  248: len= 41 黑胜 loss=27.5673 temp=0.25 total_env_steps=6347 t=0.18s
Ep  249: len= 21 黑胜 loss=27.9108 temp=0.25 total_env_steps=6368 t=0.12s
Ep  250: len= 37 黑胜 loss=27.4378 temp=0.25 total_env_steps=6405 t=0.18s
  eval vs Gomoku-random-v0: win_rate=1.00 mean_return=1.00（20 局，total_env_steps=6405）
Ep  251: len= 27 黑胜 loss=27.4321 temp=0.25 total_env_steps=6432 t=0.14s
Ep  252: len=  4 白胜 loss=27.3305 temp=0.25 total_env_steps=6436 t=0.07s
Ep  253: len=  2 白胜 loss=27.3706 temp=0.25 total_env_steps=6438 t=0.06s
Ep  254: len= 23 黑胜 loss=27.4835 temp=0.25 total_env_steps=6461 t=0.14s
Ep  255: len= 36 白胜 loss=27.7307 temp=0.25 total_env_steps=6497 t=0.17s
Ep  256: len= 21 黑胜 loss=27.6288 temp=0.25 total_env_steps=6518 t=0.12s
Ep  257: len=  2 黑胜 loss=27.3936 temp=0.25 total_env_steps=6520 t=0.06s
Ep  258: len= 22 白胜 loss=26.9692 temp=0.25 total_env_steps=6542 t=0.13s
Ep  259: len=  4 白胜 loss=27.4679 temp=0.25 total_env_steps=6546 t=0.06s
Ep  260: len= 28 白胜 loss=27.6815 temp=0.25 total_env_steps=6574 t=0.14s
Ep  261: len= 42 白胜 loss=27.5050 temp=0.25 total_env_steps=6616 t=0.17s
Ep  262: len= 27 黑胜 loss=27.2623 temp=0.25 total_env_steps=6643 t=0.17s
Ep  263: len= 29 黑胜 loss=27.7070 temp=0.25 total_env_steps=6672 t=0.16s
Ep  264: len= 30 白胜 loss=27.6863 temp=0.25 total_env_steps=6702 t=0.16s
Ep  265: len= 47 黑胜 loss=27.8062 temp=0.25 total_env_steps=6749 t=0.20s
Ep  266: len= 35 黑胜 loss=27.8068 temp=0.25 total_env_steps=6784 t=0.18s
Ep  267: len= 33 黑胜 loss=27.9211 temp=0.25 total_env_steps=6817 t=0.20s
Ep  268: len= 26 白胜 loss=27.3607 temp=0.25 total_env_steps=6843 t=0.16s
Ep  269: len= 25 黑胜 loss=27.1338 temp=0.25 total_env_steps=6868 t=0.14s
Ep  270: len= 12 黑胜 loss=27.6392 temp=0.25 total_env_steps=6880 t=0.11s
Ep  271: len=  6 黑胜 loss=27.3053 temp=0.25 total_env_steps=6886 t=0.08s
Ep  272: len= 28 白胜 loss=27.3359 temp=0.25 total_env_steps=6914 t=0.15s
Ep  273: len= 31 黑胜 loss=27.0134 temp=0.25 total_env_steps=6945 t=0.16s
Ep  274: len= 23 黑胜 loss=27.5265 temp=0.25 total_env_steps=6968 t=0.14s
Ep  275: len=  2 白胜 loss=26.9576 temp=0.25 total_env_steps=6970 t=0.07s
Ep  276: len= 17 黑胜 loss=27.8292 temp=0.25 total_env_steps=6987 t=0.13s
Ep  277: len= 25 黑胜 loss=27.0247 temp=0.25 total_env_steps=7012 t=0.14s
Ep  278: len= 36 白胜 loss=27.4225 temp=0.25 total_env_steps=7048 t=0.20s
Ep  279: len= 36 白胜 loss=27.5090 temp=0.25 total_env_steps=7084 t=0.17s
Ep  280: len= 20 白胜 loss=27.8491 temp=0.25 total_env_steps=7104 t=0.15s
Ep  281: len= 36 白胜 loss=27.4319 temp=0.25 total_env_steps=7140 t=0.20s
Ep  282: len= 22 白胜 loss=27.3779 temp=0.25 total_env_steps=7162 t=0.14s
Ep  283: len= 46 白胜 loss=27.6043 temp=0.25 total_env_steps=7208 t=0.22s
Ep  284: len=  2 黑胜 loss=27.4241 temp=0.25 total_env_steps=7210 t=0.08s
Ep  285: len= 27 黑胜 loss=27.5440 temp=0.25 total_env_steps=7237 t=0.17s
Ep  286: len=  4 白胜 loss=27.2743 temp=0.25 total_env_steps=7241 t=0.07s
Ep  287: len= 35 黑胜 loss=27.2025 temp=0.25 total_env_steps=7276 t=0.16s
Ep  288: len= 10 黑胜 loss=27.2565 temp=0.25 total_env_steps=7286 t=0.09s
Ep  289: len= 22 白胜 loss=27.2894 temp=0.25 total_env_steps=7308 t=0.13s
Ep  290: len= 19 黑胜 loss=27.5157 temp=0.25 total_env_steps=7327 t=0.11s
Ep  291: len= 28 白胜 loss=27.0271 temp=0.25 total_env_steps=7355 t=0.15s
Ep  292: len= 12 白胜 loss=27.2712 temp=0.25 total_env_steps=7367 t=0.09s
Ep  293: len= 47 黑胜 loss=27.2999 temp=0.25 total_env_steps=7414 t=0.20s
Ep  294: len= 31 黑胜 loss=27.1473 temp=0.25 total_env_steps=7445 t=0.14s
Ep  295: len= 41 黑胜 loss=27.0982 temp=0.25 total_env_steps=7486 t=0.19s
Ep  296: len=  2 黑胜 loss=26.8643 temp=0.25 total_env_steps=7488 t=0.06s
Ep  297: len=  2 黑胜 loss=26.9437 temp=0.25 total_env_steps=7490 t=0.07s
Ep  298: len= 35 黑胜 loss=26.9873 temp=0.25 total_env_steps=7525 t=0.17s
Ep  299: len= 35 黑胜 loss=26.5496 temp=0.25 total_env_steps=7560 t=0.17s
Ep  300: len= 42 白胜 loss=26.8055 temp=0.25 total_env_steps=7602 t=0.19s
  eval vs Gomoku-random-v0: win_rate=0.90 mean_return=0.80（20 局，total_env_steps=7602）
Ep  301: len= 38 白胜 loss=27.3848 temp=0.25 total_env_steps=7640 t=0.17s
Ep  302: len= 39 黑胜 loss=26.9839 temp=0.25 total_env_steps=7679 t=0.17s
Ep  303: len= 30 白胜 loss=26.7698 temp=0.25 total_env_steps=7709 t=0.15s
Ep  304: len= 26 白胜 loss=27.1593 temp=0.25 total_env_steps=7735 t=0.13s
Ep  305: len= 19 黑胜 loss=27.1438 temp=0.25 total_env_steps=7754 t=0.12s
Ep  306: len= 26 白胜 loss=27.0335 temp=0.25 total_env_steps=7780 t=0.14s
Ep  307: len= 27 黑胜 loss=26.9386 temp=0.25 total_env_steps=7807 t=0.15s
Ep  308: len= 37 黑胜 loss=26.8665 temp=0.25 total_env_steps=7844 t=0.17s
Ep  309: len= 33 黑胜 loss=27.1802 temp=0.25 total_env_steps=7877 t=0.15s
Ep  310: len= 25 黑胜 loss=27.2561 temp=0.25 total_env_steps=7902 t=0.14s
Ep  311: len= 33 黑胜 loss=27.3188 temp=0.25 total_env_steps=7935 t=0.16s
Ep  312: len= 33 黑胜 loss=26.7763 temp=0.25 total_env_steps=7968 t=0.18s
Ep  313: len= 19 黑胜 loss=27.0444 temp=0.25 total_env_steps=7987 t=0.12s
Ep  314: len= 12 白胜 loss=26.8807 temp=0.25 total_env_steps=7999 t=0.10s
Ep  315: len=  2 黑胜 loss=27.3319 temp=0.25 total_env_steps=8001 t=0.06s
Ep  316: len= 31 黑胜 loss=26.7585 temp=0.25 total_env_steps=8032 t=0.15s
Ep  317: len=  6 白胜 loss=26.6014 temp=0.25 total_env_steps=8038 t=0.07s
Ep  318: len= 25 黑胜 loss=27.0503 temp=0.25 total_env_steps=8063 t=0.14s
Ep  319: len= 27 黑胜 loss=27.0177 temp=0.25 total_env_steps=8090 t=0.15s
Ep  320: len= 19 黑胜 loss=26.7488 temp=0.25 total_env_steps=8109 t=0.12s
Ep  321: len=  4 黑胜 loss=26.8437 temp=0.25 total_env_steps=8113 t=0.08s
Ep  322: len= 33 黑胜 loss=27.2317 temp=0.25 total_env_steps=8146 t=0.15s
Ep  323: len=  2 黑胜 loss=26.8225 temp=0.25 total_env_steps=8148 t=0.09s
Ep  324: len= 30 白胜 loss=26.7941 temp=0.25 total_env_steps=8178 t=0.14s
Ep  325: len= 28 白胜 loss=27.5207 temp=0.25 total_env_steps=8206 t=0.15s
Ep  326: len= 23 黑胜 loss=27.1835 temp=0.25 total_env_steps=8229 t=0.12s
Ep  327: len= 30 白胜 loss=26.4070 temp=0.25 total_env_steps=8259 t=0.16s
Ep  328: len= 24 白胜 loss=26.7711 temp=0.25 total_env_steps=8283 t=0.12s
Ep  329: len= 41 黑胜 loss=26.0888 temp=0.25 total_env_steps=8324 t=0.19s
Ep  330: len= 41 黑胜 loss=27.0692 temp=0.25 total_env_steps=8365 t=0.19s
Ep  331: len= 15 黑胜 loss=26.6223 temp=0.25 total_env_steps=8380 t=0.10s
Ep  332: len= 26 白胜 loss=26.4357 temp=0.25 total_env_steps=8406 t=0.15s
Ep  333: len= 26 白胜 loss=26.6273 temp=0.25 total_env_steps=8432 t=0.13s
Ep  334: len=  2 白胜 loss=27.1157 temp=0.25 total_env_steps=8434 t=0.07s
Ep  335: len= 32 白胜 loss=26.7147 temp=0.25 total_env_steps=8466 t=0.17s
Ep  336: len= 14 白胜 loss=26.7087 temp=0.25 total_env_steps=8480 t=0.10s
Ep  337: len= 19 黑胜 loss=26.9955 temp=0.25 total_env_steps=8499 t=0.13s
Ep  338: len= 17 黑胜 loss=26.4384 temp=0.25 total_env_steps=8516 t=0.11s
Ep  339: len= 33 黑胜 loss=26.8195 temp=0.25 total_env_steps=8549 t=0.16s
Ep  340: len= 13 黑胜 loss=26.2480 temp=0.25 total_env_steps=8562 t=0.10s
Ep  341: len= 34 白胜 loss=26.7027 temp=0.25 total_env_steps=8596 t=0.17s
Ep  342: len= 29 黑胜 loss=26.5494 temp=0.25 total_env_steps=8625 t=0.16s
Ep  343: len= 17 黑胜 loss=26.9620 temp=0.25 total_env_steps=8642 t=0.12s
Ep  344: len=  2 白胜 loss=27.0799 temp=0.25 total_env_steps=8644 t=0.07s
Ep  345: len= 34 白胜 loss=26.4764 temp=0.25 total_env_steps=8678 t=0.17s
Ep  346: len= 27 黑胜 loss=26.5596 temp=0.25 total_env_steps=8705 t=0.14s
Ep  347: len=  8 黑胜 loss=26.4910 temp=0.25 total_env_steps=8713 t=0.10s
Ep  348: len= 12 白胜 loss=26.3147 temp=0.25 total_env_steps=8725 t=0.09s
Ep  349: len= 38 白胜 loss=25.6726 temp=0.25 total_env_steps=8763 t=0.18s
Ep  350: len= 17 黑胜 loss=25.9853 temp=0.25 total_env_steps=8780 t=0.10s
  eval vs Gomoku-random-v0: win_rate=0.95 mean_return=0.90（20 局，total_env_steps=8780）
Ep  351: len= 23 黑胜 loss=26.6370 temp=0.25 total_env_steps=8803 t=0.12s
Ep  352: len= 29 黑胜 loss=26.0910 temp=0.25 total_env_steps=8832 t=0.15s
Ep  353: len= 35 黑胜 loss=26.4610 temp=0.25 total_env_steps=8867 t=0.15s
Ep  354: len= 22 白胜 loss=26.5234 temp=0.25 total_env_steps=8889 t=0.15s
Ep  355: len= 38 白胜 loss=26.7926 temp=0.25 total_env_steps=8927 t=0.18s
Ep  356: len=  6 黑胜 loss=26.2784 temp=0.25 total_env_steps=8933 t=0.08s
Ep  357: len=  2 黑胜 loss=26.6321 temp=0.25 total_env_steps=8935 t=0.06s
Ep  358: len=  6 黑胜 loss=26.9108 temp=0.25 total_env_steps=8941 t=0.08s
Ep  359: len= 27 黑胜 loss=26.2653 temp=0.25 total_env_steps=8968 t=0.14s
Ep  360: len=  2 白胜 loss=26.5613 temp=0.25 total_env_steps=8970 t=0.06s
Ep  361: len= 37 黑胜 loss=26.4833 temp=0.25 total_env_steps=9007 t=0.17s
Ep  362: len= 45 黑胜 loss=26.8976 temp=0.25 total_env_steps=9052 t=0.20s
Ep  363: len= 31 黑胜 loss=26.1862 temp=0.25 total_env_steps=9083 t=0.15s
Ep  364: len= 36 白胜 loss=26.5957 temp=0.25 total_env_steps=9119 t=0.17s
Ep  365: len= 40 白胜 loss=26.3529 temp=0.25 total_env_steps=9159 t=0.17s
Ep  366: len= 27 黑胜 loss=26.6783 temp=0.25 total_env_steps=9186 t=0.15s
Ep  367: len= 29 黑胜 loss=26.3412 temp=0.25 total_env_steps=9215 t=0.15s
Ep  368: len= 15 黑胜 loss=26.5845 temp=0.25 total_env_steps=9230 t=0.10s
Ep  369: len=  2 白胜 loss=26.9879 temp=0.25 total_env_steps=9232 t=0.07s
Ep  370: len= 21 黑胜 loss=26.8420 temp=0.25 total_env_steps=9253 t=0.13s
Ep  371: len= 23 黑胜 loss=26.0524 temp=0.25 total_env_steps=9276 t=0.12s
Ep  372: len= 21 黑胜 loss=26.0815 temp=0.25 total_env_steps=9297 t=0.13s
Ep  373: len= 21 黑胜 loss=26.1571 temp=0.25 total_env_steps=9318 t=0.12s
Ep  374: len= 26 白胜 loss=26.1389 temp=0.25 total_env_steps=9344 t=0.15s
Ep  375: len=  4 白胜 loss=26.9168 temp=0.25 total_env_steps=9348 t=0.07s
Ep  376: len= 34 白胜 loss=26.7679 temp=0.25 total_env_steps=9382 t=0.15s
Ep  377: len= 25 黑胜 loss=26.3430 temp=0.25 total_env_steps=9407 t=0.17s
Ep  378: len= 31 黑胜 loss=26.1147 temp=0.25 total_env_steps=9438 t=0.16s
Ep  379: len= 23 黑胜 loss=26.9832 temp=0.25 total_env_steps=9461 t=0.13s
Ep  380: len= 62 白胜 loss=26.0822 temp=0.25 total_env_steps=9523 t=0.26s
Ep  381: len= 33 黑胜 loss=26.4478 temp=0.25 total_env_steps=9556 t=0.17s
Ep  382: len= 14 白胜 loss=25.8500 temp=0.25 total_env_steps=9570 t=0.13s
Ep  383: len=  6 白胜 loss=26.5384 temp=0.25 total_env_steps=9576 t=0.10s
Ep  384: len= 24 白胜 loss=26.0754 temp=0.25 total_env_steps=9600 t=0.16s
Ep  385: len= 24 白胜 loss=26.0463 temp=0.25 total_env_steps=9624 t=0.18s
Ep  386: len= 23 黑胜 loss=26.8720 temp=0.25 total_env_steps=9647 t=0.16s
Ep  387: len= 31 黑胜 loss=26.7107 temp=0.25 total_env_steps=9678 t=0.19s
Ep  388: len= 29 黑胜 loss=26.4465 temp=0.25 total_env_steps=9707 t=0.18s
Ep  389: len= 27 黑胜 loss=26.9594 temp=0.25 total_env_steps=9734 t=0.18s
Ep  390: len=  9 黑胜 loss=26.4726 temp=0.25 total_env_steps=9743 t=0.10s
Ep  391: len= 45 黑胜 loss=26.1097 temp=0.25 total_env_steps=9788 t=0.20s
Ep  392: len= 18 黑胜 loss=25.2901 temp=0.25 total_env_steps=9806 t=0.12s
Ep  393: len=  2 黑胜 loss=26.8453 temp=0.25 total_env_steps=9808 t=0.07s
Ep  394: len= 25 黑胜 loss=26.4029 temp=0.25 total_env_steps=9833 t=0.15s
Ep  395: len=  2 白胜 loss=25.9349 temp=0.25 total_env_steps=9835 t=0.07s
Ep  396: len= 27 黑胜 loss=26.7113 temp=0.25 total_env_steps=9862 t=0.16s
Ep  397: len= 24 白胜 loss=26.7237 temp=0.25 total_env_steps=9886 t=0.14s
Ep  398: len= 22 白胜 loss=26.5323 temp=0.25 total_env_steps=9908 t=0.14s
Ep  399: len= 18 白胜 loss=26.5650 temp=0.25 total_env_steps=9926 t=0.11s
Ep  400: len= 23 黑胜 loss=26.2128 temp=0.25 total_env_steps=9949 t=0.14s
  eval vs Gomoku-random-v0: win_rate=1.00 mean_return=1.00（20 局，total_env_steps=9949）
[闸门] vs random（40 局）: win_rate=1.000
[闸门] vs 半程快照（40 局，黑白各半）: score=0.600
[梯队] vs naive0（20 局，观察性）: win_rate=0.35
[梯队] vs naive1（20 局，观察性）: win_rate=0.05
[梯队] vs naive2（20 局，观察性）: win_rate=0.00
[梯队] vs naive3（20 局，观察性）: win_rate=0.00
📈 Gomoku-selfplay-v0 win_rate=1.00（best 1.00）| 门槛 0.95 | 61.5s

--- M3 arm=tactical_openings 汇总（base 对照见 bench 头注释）---
  seed=42 vs_random=1.000 vs_snapshot=0.600 | 梯队 naive0=0.60 naive1=0.00 naive2=0.00 naive3=0.00 | env_steps=9332 wall=36s
  seed=43 vs_random=1.000 vs_snapshot=0.825 | 梯队 naive0=0.40 naive1=0.00 naive2=0.00 naive3=0.00 | env_steps=9092 wall=35s
  seed=44 vs_random=1.000 vs_snapshot=0.600 | 梯队 naive0=0.35 naive1=0.05 naive2=0.00 naive3=0.00 | env_steps=9949 wall=61s
ok

test result: ok. 1 passed; 0 failed; 0 ignored; 0 measured; 3440 filtered out; finished in 132.38s

     Running tests\cse_dedup.rs (target\release\deps\cse_dedup-7a657e998c2a0176.exe)

running 0 tests

test result: ok. 0 passed; 0 failed; 0 ignored; 0 measured; 1 filtered out; finished in 0.00s

     Running tests\mode_invariants.rs (target\release\deps\mode_invariants-12496c59841ba5c8.exe)

running 0 tests

test result: ok. 0 passed; 0 failed; 0 ignored; 0 measured; 9 filtered out; finished in 0.00s

     Running tests\onnx_otm_load_bench.rs (target\release\deps\onnx_otm_load_bench-39da60dd6dcd2511.exe)

running 0 tests

test result: ok. 0 passed; 0 failed; 0 ignored; 0 measured; 1 filtered out; finished in 0.00s

     Running tests\yolov5_xiangqi_import.rs (target\release\deps\yolov5_xiangqi_import-5a55f6b67c0e8a85.exe)

running 0 tests

test result: ok. 0 passed; 0 failed; 0 ignored; 0 measured; 6 filtered out; finished in 0.00s

