    Finished `release` profile [optimized] target(s) in 0.76s
     Running unittests src\lib.rs (target\release\deps\only_torch-45d502c1e61c3f90.exe)

running 1 test
test rl::algo::my_zero::tests::gomoku_m3_bench::gomoku_m3_recon ... 
--- arm=recon seed=42 sims=100 ---
[MyZero-board] 组件: reconstruction
[MyZero-board Gomoku-selfplay-v0] obs=243(3×9²) |A|=81 sims=100 γ=1.0 negamax
Ep    1: len= 52 白胜 loss=0.0000 temp=1.00 total_env_steps=52 t=0.21s
Ep    2: len= 35 黑胜 loss=0.0000 temp=1.00 total_env_steps=87 t=0.13s
Ep    3: len= 54 白胜 loss=0.0000 temp=1.00 total_env_steps=141 t=0.21s
Ep    4: len= 58 白胜 loss=0.0000 temp=1.00 total_env_steps=199 t=0.20s
Ep    5: len= 57 黑胜 loss=0.0000 temp=1.00 total_env_steps=256 t=0.21s
Ep    6: len= 67 黑胜 loss=0.0000 temp=1.00 total_env_steps=323 t=0.22s
Ep    7: len= 35 黑胜 loss=0.0000 temp=1.00 total_env_steps=358 t=0.12s
Ep    8: len= 73 黑胜 loss=0.0000 temp=1.00 total_env_steps=431 t=0.23s
Ep    9: len= 43 黑胜 loss=0.0000 temp=1.00 total_env_steps=474 t=0.14s
Ep   10: len= 59 黑胜 loss=86.3524 temp=1.00 total_env_steps=533 t=0.22s
Ep   11: len= 48 白胜 loss=46.1643 temp=1.00 total_env_steps=581 t=0.19s
Ep   12: len= 61 黑胜 loss=44.2066 temp=1.00 total_env_steps=642 t=0.23s
Ep   13: len= 41 黑胜 loss=43.4249 temp=1.00 total_env_steps=683 t=0.16s
Ep   14: len= 57 黑胜 loss=44.4312 temp=1.00 total_env_steps=740 t=0.22s
Ep   15: len= 61 黑胜 loss=42.9410 temp=1.00 total_env_steps=801 t=0.23s
Ep   16: len= 40 白胜 loss=43.9017 temp=1.00 total_env_steps=841 t=0.16s
Ep   17: len= 77 黑胜 loss=43.6934 temp=1.00 total_env_steps=918 t=0.30s
Ep   18: len= 62 白胜 loss=43.1381 temp=1.00 total_env_steps=980 t=0.22s
Ep   19: len= 62 白胜 loss=41.7359 temp=1.00 total_env_steps=1042 t=0.22s
Ep   20: len= 60 白胜 loss=43.9329 temp=1.00 total_env_steps=1102 t=0.20s
Ep   21: len= 55 黑胜 loss=42.9164 temp=1.00 total_env_steps=1157 t=0.18s
Ep   22: len= 44 白胜 loss=43.0135 temp=1.00 total_env_steps=1201 t=0.16s
Ep   23: len= 34 白胜 loss=42.9737 temp=1.00 total_env_steps=1235 t=0.14s
Ep   24: len= 44 白胜 loss=43.8654 temp=1.00 total_env_steps=1279 t=0.16s
Ep   25: len= 58 白胜 loss=42.5651 temp=1.00 total_env_steps=1337 t=0.19s
Ep   26: len= 63 黑胜 loss=42.7506 temp=1.00 total_env_steps=1400 t=0.21s
Ep   27: len= 66 白胜 loss=42.9873 temp=1.00 total_env_steps=1466 t=0.22s
Ep   28: len= 50 白胜 loss=43.2837 temp=1.00 total_env_steps=1516 t=0.16s
Ep   29: len= 49 黑胜 loss=42.0796 temp=1.00 total_env_steps=1565 t=0.16s
Ep   30: len= 38 白胜 loss=42.6168 temp=1.00 total_env_steps=1603 t=0.14s
Ep   31: len= 55 黑胜 loss=42.8736 temp=1.00 total_env_steps=1658 t=0.20s
Ep   32: len= 58 白胜 loss=43.8374 temp=1.00 total_env_steps=1716 t=0.23s
Ep   33: len= 73 黑胜 loss=43.6361 temp=1.00 total_env_steps=1789 t=0.24s
Ep   34: len= 63 黑胜 loss=43.7758 temp=1.00 total_env_steps=1852 t=0.21s
Ep   35: len= 51 黑胜 loss=43.5202 temp=1.00 total_env_steps=1903 t=0.16s
Ep   36: len= 56 白胜 loss=43.4038 temp=1.00 total_env_steps=1959 t=0.17s
Ep   37: len= 60 白胜 loss=43.3269 temp=1.00 total_env_steps=2019 t=0.18s
Ep   38: len= 45 黑胜 loss=43.0605 temp=1.00 total_env_steps=2064 t=0.16s
Ep   39: len= 57 黑胜 loss=42.8700 temp=1.00 total_env_steps=2121 t=0.18s
Ep   40: len= 52 白胜 loss=43.6777 temp=1.00 total_env_steps=2173 t=0.18s
Ep   41: len= 39 黑胜 loss=41.2107 temp=1.00 total_env_steps=2212 t=0.14s
Ep   42: len= 33 黑胜 loss=44.0169 temp=1.00 total_env_steps=2245 t=0.13s
Ep   43: len= 54 白胜 loss=41.9160 temp=1.00 total_env_steps=2299 t=0.19s
Ep   44: len= 29 黑胜 loss=42.5978 temp=1.00 total_env_steps=2328 t=0.11s
Ep   45: len= 69 黑胜 loss=42.6603 temp=1.00 total_env_steps=2397 t=0.22s
Ep   46: len= 41 黑胜 loss=41.6525 temp=1.00 total_env_steps=2438 t=0.14s
Ep   47: len= 66 白胜 loss=43.4547 temp=1.00 total_env_steps=2504 t=0.21s
Ep   48: len= 50 白胜 loss=42.7531 temp=1.00 total_env_steps=2554 t=0.20s
Ep   49: len= 47 黑胜 loss=42.1939 temp=1.00 total_env_steps=2601 t=0.14s
Ep   50: len= 46 白胜 loss=42.8960 temp=1.00 total_env_steps=2647 t=0.14s
  eval vs Gomoku-random-v0: win_rate=0.90 mean_return=0.80（20 局，total_env_steps=2647）
Ep   51: len= 44 白胜 loss=42.6664 temp=1.00 total_env_steps=2691 t=0.15s
Ep   52: len= 31 黑胜 loss=41.8523 temp=1.00 total_env_steps=2722 t=0.15s
Ep   53: len= 37 黑胜 loss=42.3853 temp=1.00 total_env_steps=2759 t=0.15s
Ep   54: len= 64 白胜 loss=41.3755 temp=1.00 total_env_steps=2823 t=0.23s
Ep   55: len= 32 白胜 loss=42.8953 temp=1.00 total_env_steps=2855 t=0.15s
Ep   56: len= 75 黑胜 loss=41.4973 temp=1.00 total_env_steps=2930 t=0.36s
Ep   57: len= 58 白胜 loss=42.5762 temp=1.00 total_env_steps=2988 t=0.22s
Ep   58: len= 51 黑胜 loss=41.2231 temp=1.00 total_env_steps=3039 t=0.21s
Ep   59: len= 63 黑胜 loss=41.2431 temp=1.00 total_env_steps=3102 t=0.23s
Ep   60: len= 50 白胜 loss=40.6753 temp=1.00 total_env_steps=3152 t=0.15s
Ep   61: len= 51 黑胜 loss=41.1906 temp=1.00 total_env_steps=3203 t=0.17s
Ep   62: len= 53 黑胜 loss=41.8239 temp=1.00 total_env_steps=3256 t=0.18s
Ep   63: len= 46 白胜 loss=41.7200 temp=1.00 total_env_steps=3302 t=0.15s
Ep   64: len= 49 黑胜 loss=40.8566 temp=1.00 total_env_steps=3351 t=0.17s
Ep   65: len= 46 白胜 loss=41.7934 temp=1.00 total_env_steps=3397 t=0.17s
Ep   66: len= 35 黑胜 loss=42.4817 temp=1.00 total_env_steps=3432 t=0.12s
Ep   67: len= 57 黑胜 loss=40.2395 temp=1.00 total_env_steps=3489 t=0.20s
Ep   68: len= 52 白胜 loss=42.6859 temp=1.00 total_env_steps=3541 t=0.17s
Ep   69: len= 34 白胜 loss=42.1665 temp=1.00 total_env_steps=3575 t=0.13s
Ep   70: len= 56 白胜 loss=42.4016 temp=1.00 total_env_steps=3631 t=0.18s
Ep   71: len= 44 白胜 loss=41.2983 temp=1.00 total_env_steps=3675 t=0.16s
Ep   72: len= 63 黑胜 loss=40.9814 temp=1.00 total_env_steps=3738 t=0.19s
Ep   73: len= 44 白胜 loss=42.4627 temp=1.00 total_env_steps=3782 t=0.15s
Ep   74: len= 47 黑胜 loss=42.1020 temp=1.00 total_env_steps=3829 t=0.17s
Ep   75: len= 81 平局 loss=40.7052 temp=1.00 total_env_steps=3910 t=0.26s
Ep   76: len= 52 白胜 loss=41.6017 temp=1.00 total_env_steps=3962 t=0.18s
Ep   77: len= 50 白胜 loss=42.5461 temp=1.00 total_env_steps=4012 t=0.19s
Ep   78: len= 63 黑胜 loss=42.2625 temp=1.00 total_env_steps=4075 t=0.19s
Ep   79: len= 46 白胜 loss=39.8335 temp=1.00 total_env_steps=4121 t=0.15s
Ep   80: len= 59 黑胜 loss=41.5205 temp=1.00 total_env_steps=4180 t=0.20s
Ep   81: len= 34 白胜 loss=40.8474 temp=1.00 total_env_steps=4214 t=0.12s
Ep   82: len= 66 白胜 loss=41.8735 temp=1.00 total_env_steps=4280 t=0.23s
Ep   83: len= 41 黑胜 loss=41.6268 temp=1.00 total_env_steps=4321 t=0.15s
Ep   84: len= 53 黑胜 loss=40.8062 temp=1.00 total_env_steps=4374 t=0.18s
Ep   85: len= 37 黑胜 loss=41.3522 temp=1.00 total_env_steps=4411 t=0.13s
Ep   86: len= 51 黑胜 loss=41.0972 temp=1.00 total_env_steps=4462 t=0.18s
Ep   87: len= 68 白胜 loss=40.9301 temp=1.00 total_env_steps=4530 t=0.22s
Ep   88: len= 56 白胜 loss=40.9761 temp=1.00 total_env_steps=4586 t=0.17s
Ep   89: len= 51 黑胜 loss=41.7426 temp=1.00 total_env_steps=4637 t=0.18s
Ep   90: len= 51 黑胜 loss=39.9199 temp=1.00 total_env_steps=4688 t=0.18s
Ep   91: len= 59 黑胜 loss=39.2607 temp=1.00 total_env_steps=4747 t=0.20s
Ep   92: len= 72 白胜 loss=42.0743 temp=1.00 total_env_steps=4819 t=0.23s
Ep   93: len= 68 白胜 loss=42.0349 temp=1.00 total_env_steps=4887 t=0.23s
Ep   94: len= 49 黑胜 loss=43.6324 temp=1.00 total_env_steps=4936 t=0.16s
Ep   95: len= 30 白胜 loss=42.1422 temp=1.00 total_env_steps=4966 t=0.10s
Ep   96: len= 36 白胜 loss=42.0452 temp=1.00 total_env_steps=5002 t=0.14s
Ep   97: len= 33 黑胜 loss=40.4290 temp=1.00 total_env_steps=5035 t=0.12s
Ep   98: len= 39 黑胜 loss=40.3080 temp=1.00 total_env_steps=5074 t=0.13s
Ep   99: len= 36 白胜 loss=39.7671 temp=1.00 total_env_steps=5110 t=0.11s
Ep  100: len= 55 黑胜 loss=39.9854 temp=1.00 total_env_steps=5165 t=0.20s
  eval vs Gomoku-random-v0: win_rate=0.90 mean_return=0.80（20 局，total_env_steps=5165）
Ep  101: len= 35 黑胜 loss=39.8324 temp=1.00 total_env_steps=5200 t=0.13s
Ep  102: len= 51 黑胜 loss=40.8981 temp=0.99 total_env_steps=5251 t=0.17s
Ep  103: len= 28 白胜 loss=39.3064 temp=0.99 total_env_steps=5279 t=0.10s
Ep  104: len= 49 黑胜 loss=40.6516 temp=0.98 total_env_steps=5328 t=0.16s
Ep  105: len= 54 白胜 loss=41.7602 temp=0.97 total_env_steps=5382 t=0.20s
Ep  106: len= 72 白胜 loss=41.0018 temp=0.96 total_env_steps=5454 t=0.26s
Ep  107: len= 44 白胜 loss=40.6823 temp=0.95 total_env_steps=5498 t=0.15s
Ep  108: len= 57 黑胜 loss=40.4712 temp=0.95 total_env_steps=5555 t=0.19s
Ep  109: len= 58 白胜 loss=40.9493 temp=0.94 total_env_steps=5613 t=0.18s
Ep  110: len= 46 白胜 loss=41.3300 temp=0.93 total_env_steps=5659 t=0.16s
Ep  111: len= 70 白胜 loss=41.3968 temp=0.93 total_env_steps=5729 t=0.22s
Ep  112: len= 50 白胜 loss=40.6716 temp=0.92 total_env_steps=5779 t=0.17s
Ep  113: len= 55 黑胜 loss=41.0636 temp=0.91 total_env_steps=5834 t=0.20s
Ep  114: len= 35 黑胜 loss=40.6104 temp=0.90 total_env_steps=5869 t=0.13s
Ep  115: len= 50 白胜 loss=42.0241 temp=0.89 total_env_steps=5919 t=0.16s
Ep  116: len= 53 黑胜 loss=41.2872 temp=0.89 total_env_steps=5972 t=0.17s
Ep  117: len= 61 黑胜 loss=39.7416 temp=0.88 total_env_steps=6033 t=0.22s
Ep  118: len= 43 黑胜 loss=42.2666 temp=0.87 total_env_steps=6076 t=0.14s
Ep  119: len= 69 黑胜 loss=42.0825 temp=0.87 total_env_steps=6145 t=0.19s
Ep  120: len= 62 白胜 loss=40.3843 temp=0.86 total_env_steps=6207 t=0.19s
Ep  121: len= 34 白胜 loss=40.8015 temp=0.85 total_env_steps=6241 t=0.12s
Ep  122: len= 32 白胜 loss=40.4507 temp=0.84 total_env_steps=6273 t=0.12s
Ep  123: len= 56 白胜 loss=41.0913 temp=0.84 total_env_steps=6329 t=0.18s
Ep  124: len= 53 黑胜 loss=40.0262 temp=0.83 total_env_steps=6382 t=0.18s
Ep  125: len= 53 黑胜 loss=40.0924 temp=0.82 total_env_steps=6435 t=0.17s
Ep  126: len= 37 黑胜 loss=40.8239 temp=0.81 total_env_steps=6472 t=0.12s
Ep  127: len= 58 白胜 loss=40.6402 temp=0.81 total_env_steps=6530 t=0.19s
Ep  128: len= 41 黑胜 loss=40.3056 temp=0.80 total_env_steps=6571 t=0.15s
Ep  129: len= 38 白胜 loss=41.5311 temp=0.79 total_env_steps=6609 t=0.13s
Ep  130: len= 43 黑胜 loss=40.7289 temp=0.78 total_env_steps=6652 t=0.14s
Ep  131: len= 66 白胜 loss=41.2725 temp=0.77 total_env_steps=6718 t=0.23s
Ep  132: len= 51 黑胜 loss=40.8520 temp=0.77 total_env_steps=6769 t=0.15s
Ep  133: len= 45 黑胜 loss=40.8764 temp=0.76 total_env_steps=6814 t=0.15s
Ep  134: len= 39 黑胜 loss=39.7392 temp=0.75 total_env_steps=6853 t=0.13s
Ep  135: len= 51 黑胜 loss=40.5168 temp=0.75 total_env_steps=6904 t=0.16s
Ep  136: len= 27 黑胜 loss=40.1030 temp=0.74 total_env_steps=6931 t=0.10s
Ep  137: len= 45 黑胜 loss=40.8740 temp=0.73 total_env_steps=6976 t=0.16s
Ep  138: len= 28 白胜 loss=40.6417 temp=0.72 total_env_steps=7004 t=0.11s
Ep  139: len= 62 白胜 loss=40.2057 temp=0.72 total_env_steps=7066 t=0.18s
Ep  140: len= 44 白胜 loss=40.7178 temp=0.71 total_env_steps=7110 t=0.15s
Ep  141: len= 43 黑胜 loss=40.4696 temp=0.70 total_env_steps=7153 t=0.17s
Ep  142: len= 41 黑胜 loss=40.5975 temp=0.69 total_env_steps=7194 t=0.16s
Ep  143: len= 51 黑胜 loss=40.9009 temp=0.69 total_env_steps=7245 t=0.18s
Ep  144: len= 66 白胜 loss=40.8313 temp=0.68 total_env_steps=7311 t=0.22s
Ep  145: len= 47 黑胜 loss=40.7350 temp=0.67 total_env_steps=7358 t=0.14s
Ep  146: len= 60 白胜 loss=40.9038 temp=0.66 total_env_steps=7418 t=0.21s
Ep  147: len= 55 黑胜 loss=39.9033 temp=0.65 total_env_steps=7473 t=0.19s
Ep  148: len= 41 黑胜 loss=39.9672 temp=0.65 total_env_steps=7514 t=0.14s
Ep  149: len= 40 白胜 loss=40.5537 temp=0.64 total_env_steps=7554 t=0.15s
Ep  150: len= 45 黑胜 loss=41.3862 temp=0.63 total_env_steps=7599 t=0.15s
  eval vs Gomoku-random-v0: win_rate=1.00 mean_return=1.00（20 局，total_env_steps=7599）
  ✅ 达标 ep=150 total_env_steps=7599
Ep  151: len= 40 白胜 loss=39.8340 temp=0.62 total_env_steps=7639 t=0.13s
Ep  152: len= 13 黑胜 loss=41.0272 temp=0.62 total_env_steps=7652 t=0.07s
Ep  153: len= 23 黑胜 loss=39.5509 temp=0.61 total_env_steps=7675 t=0.10s
Ep  154: len= 37 黑胜 loss=40.2475 temp=0.60 total_env_steps=7712 t=0.14s
Ep  155: len= 41 黑胜 loss=40.4766 temp=0.59 total_env_steps=7753 t=0.13s
Ep  156: len= 35 黑胜 loss=40.0637 temp=0.59 total_env_steps=7788 t=0.12s
Ep  157: len= 74 白胜 loss=40.1096 temp=0.58 total_env_steps=7862 t=0.23s
Ep  158: len= 55 黑胜 loss=40.1800 temp=0.57 total_env_steps=7917 t=0.17s
Ep  159: len= 59 黑胜 loss=40.8211 temp=0.56 total_env_steps=7976 t=0.18s
Ep  160: len= 39 黑胜 loss=39.3728 temp=0.56 total_env_steps=8015 t=0.13s
Ep  161: len= 65 黑胜 loss=41.4638 temp=0.55 total_env_steps=8080 t=0.20s
Ep  162: len= 35 黑胜 loss=40.3140 temp=0.54 total_env_steps=8115 t=0.13s
Ep  163: len= 72 白胜 loss=39.8721 temp=0.53 total_env_steps=8187 t=0.22s
Ep  164: len= 66 白胜 loss=40.2578 temp=0.53 total_env_steps=8253 t=0.22s
Ep  165: len= 36 白胜 loss=40.8209 temp=0.52 total_env_steps=8289 t=0.13s
Ep  166: len= 43 黑胜 loss=40.6693 temp=0.51 total_env_steps=8332 t=0.16s
Ep  167: len= 30 白胜 loss=38.8189 temp=0.50 total_env_steps=8362 t=0.11s
Ep  168: len= 46 白胜 loss=39.0472 temp=0.50 total_env_steps=8408 t=0.16s
Ep  169: len= 42 白胜 loss=40.9317 temp=0.49 total_env_steps=8450 t=0.15s
Ep  170: len= 41 黑胜 loss=41.9153 temp=0.48 total_env_steps=8491 t=0.14s
Ep  171: len= 36 白胜 loss=39.8297 temp=0.48 total_env_steps=8527 t=0.13s
Ep  172: len= 48 白胜 loss=40.9074 temp=0.47 total_env_steps=8575 t=0.16s
Ep  173: len= 63 黑胜 loss=38.7351 temp=0.46 total_env_steps=8638 t=0.21s
Ep  174: len= 45 黑胜 loss=41.4129 temp=0.45 total_env_steps=8683 t=0.15s
Ep  175: len= 39 黑胜 loss=40.3808 temp=0.44 total_env_steps=8722 t=0.13s
Ep  176: len= 68 白胜 loss=40.1914 temp=0.44 total_env_steps=8790 t=0.20s
Ep  177: len= 40 白胜 loss=40.3404 temp=0.43 total_env_steps=8830 t=0.13s
Ep  178: len= 57 黑胜 loss=40.4455 temp=0.42 total_env_steps=8887 t=0.19s
Ep  179: len= 50 白胜 loss=41.3911 temp=0.42 total_env_steps=8937 t=0.15s
Ep  180: len= 42 白胜 loss=39.4855 temp=0.41 total_env_steps=8979 t=0.13s
Ep  181: len= 49 黑胜 loss=40.7346 temp=0.40 total_env_steps=9028 t=0.16s
Ep  182: len= 54 白胜 loss=39.8742 temp=0.39 total_env_steps=9082 t=0.18s
Ep  183: len= 31 黑胜 loss=40.9439 temp=0.38 total_env_steps=9113 t=0.12s
Ep  184: len= 30 白胜 loss=40.8906 temp=0.38 total_env_steps=9143 t=0.12s
Ep  185: len= 45 黑胜 loss=40.4057 temp=0.37 total_env_steps=9188 t=0.14s
Ep  186: len= 44 白胜 loss=40.3757 temp=0.36 total_env_steps=9232 t=0.15s
Ep  187: len= 21 黑胜 loss=39.9798 temp=0.36 total_env_steps=9253 t=0.08s
Ep  188: len= 51 黑胜 loss=41.3041 temp=0.35 total_env_steps=9304 t=0.18s
Ep  189: len= 62 白胜 loss=40.4023 temp=0.34 total_env_steps=9366 t=0.23s
Ep  190: len= 41 黑胜 loss=39.5578 temp=0.33 total_env_steps=9407 t=0.15s
Ep  191: len= 39 黑胜 loss=39.1197 temp=0.33 total_env_steps=9446 t=0.13s
Ep  192: len= 39 黑胜 loss=39.8924 temp=0.32 total_env_steps=9485 t=0.13s
Ep  193: len= 53 黑胜 loss=40.3050 temp=0.31 total_env_steps=9538 t=0.17s
Ep  194: len= 51 黑胜 loss=40.2303 temp=0.30 total_env_steps=9589 t=0.17s
Ep  195: len= 47 黑胜 loss=40.6941 temp=0.30 total_env_steps=9636 t=0.16s
Ep  196: len= 60 白胜 loss=40.4528 temp=0.29 total_env_steps=9696 t=0.18s
Ep  197: len= 55 黑胜 loss=40.8345 temp=0.28 total_env_steps=9751 t=0.17s
Ep  198: len= 41 黑胜 loss=40.4504 temp=0.27 total_env_steps=9792 t=0.13s
Ep  199: len= 46 白胜 loss=40.1489 temp=0.26 total_env_steps=9838 t=0.14s
Ep  200: len= 31 黑胜 loss=40.0767 temp=0.26 total_env_steps=9869 t=0.13s
  eval vs Gomoku-random-v0: win_rate=1.00 mean_return=1.00（20 局，total_env_steps=9869）
  📸 已拍权重快照（ep=200，gating 对弈基准）
Ep  201: len= 44 白胜 loss=40.5819 temp=0.25 total_env_steps=9913 t=0.14s
Ep  202: len= 67 黑胜 loss=39.6921 temp=0.25 total_env_steps=9980 t=0.23s
Ep  203: len= 63 黑胜 loss=39.5461 temp=0.25 total_env_steps=10043 t=0.19s
Ep  204: len= 68 白胜 loss=39.1707 temp=0.25 total_env_steps=10111 t=0.22s
Ep  205: len= 36 白胜 loss=41.3533 temp=0.25 total_env_steps=10147 t=0.15s
Ep  206: len= 37 黑胜 loss=39.1672 temp=0.25 total_env_steps=10184 t=0.14s
Ep  207: len= 40 白胜 loss=40.7807 temp=0.25 total_env_steps=10224 t=0.13s
Ep  208: len= 33 黑胜 loss=39.7381 temp=0.25 total_env_steps=10257 t=0.12s
Ep  209: len= 35 黑胜 loss=39.7186 temp=0.25 total_env_steps=10292 t=0.13s
Ep  210: len= 67 黑胜 loss=39.2331 temp=0.25 total_env_steps=10359 t=0.23s
Ep  211: len= 71 黑胜 loss=40.0609 temp=0.25 total_env_steps=10430 t=0.22s
Ep  212: len= 35 黑胜 loss=39.6203 temp=0.25 total_env_steps=10465 t=0.14s
Ep  213: len= 40 白胜 loss=39.3189 temp=0.25 total_env_steps=10505 t=0.15s
Ep  214: len= 47 黑胜 loss=38.5607 temp=0.25 total_env_steps=10552 t=0.17s
Ep  215: len= 53 黑胜 loss=38.5448 temp=0.25 total_env_steps=10605 t=0.18s
Ep  216: len= 65 黑胜 loss=39.6241 temp=0.25 total_env_steps=10670 t=0.22s
Ep  217: len= 39 黑胜 loss=40.4885 temp=0.25 total_env_steps=10709 t=0.16s
Ep  218: len= 49 黑胜 loss=39.9352 temp=0.25 total_env_steps=10758 t=0.19s
Ep  219: len= 37 黑胜 loss=40.1041 temp=0.25 total_env_steps=10795 t=0.14s
Ep  220: len= 44 白胜 loss=39.0264 temp=0.25 total_env_steps=10839 t=0.18s
Ep  221: len= 41 黑胜 loss=39.9066 temp=0.25 total_env_steps=10880 t=0.16s
Ep  222: len= 41 黑胜 loss=39.1863 temp=0.25 total_env_steps=10921 t=0.15s
Ep  223: len= 42 白胜 loss=39.8810 temp=0.25 total_env_steps=10963 t=0.16s
Ep  224: len= 41 黑胜 loss=39.7853 temp=0.25 total_env_steps=11004 t=0.16s
Ep  225: len= 66 白胜 loss=40.7397 temp=0.25 total_env_steps=11070 t=0.22s
Ep  226: len= 79 黑胜 loss=40.1970 temp=0.25 total_env_steps=11149 t=0.27s
Ep  227: len= 45 黑胜 loss=39.9360 temp=0.25 total_env_steps=11194 t=0.15s
Ep  228: len= 21 黑胜 loss=38.6537 temp=0.25 total_env_steps=11215 t=0.08s
Ep  229: len= 33 黑胜 loss=39.1535 temp=0.25 total_env_steps=11248 t=0.11s
Ep  230: len= 31 黑胜 loss=38.0748 temp=0.25 total_env_steps=11279 t=0.12s
Ep  231: len= 36 白胜 loss=38.6222 temp=0.25 total_env_steps=11315 t=0.13s
Ep  232: len= 40 白胜 loss=37.8305 temp=0.25 total_env_steps=11355 t=0.16s
Ep  233: len= 18 白胜 loss=39.5170 temp=0.25 total_env_steps=11373 t=0.09s
Ep  234: len= 34 白胜 loss=40.1280 temp=0.25 total_env_steps=11407 t=0.15s
Ep  235: len= 32 白胜 loss=39.3891 temp=0.25 total_env_steps=11439 t=0.14s
Ep  236: len= 43 黑胜 loss=38.9047 temp=0.25 total_env_steps=11482 t=0.16s
Ep  237: len= 54 白胜 loss=37.8328 temp=0.25 total_env_steps=11536 t=0.19s
Ep  238: len= 45 黑胜 loss=38.1059 temp=0.25 total_env_steps=11581 t=0.16s
Ep  239: len= 40 白胜 loss=37.5334 temp=0.25 total_env_steps=11621 t=0.16s
Ep  240: len= 46 白胜 loss=39.7771 temp=0.25 total_env_steps=11667 t=0.17s
Ep  241: len= 25 黑胜 loss=38.0867 temp=0.25 total_env_steps=11692 t=0.11s
Ep  242: len= 39 黑胜 loss=38.7408 temp=0.25 total_env_steps=11731 t=0.15s
Ep  243: len= 30 白胜 loss=39.2838 temp=0.25 total_env_steps=11761 t=0.13s
Ep  244: len= 46 白胜 loss=37.6728 temp=0.25 total_env_steps=11807 t=0.19s
Ep  245: len= 25 黑胜 loss=38.1027 temp=0.25 total_env_steps=11832 t=0.11s
Ep  246: len= 30 白胜 loss=39.7124 temp=0.25 total_env_steps=11862 t=0.13s
Ep  247: len= 68 白胜 loss=39.6686 temp=0.25 total_env_steps=11930 t=0.22s
Ep  248: len= 65 黑胜 loss=39.5711 temp=0.25 total_env_steps=11995 t=0.21s
Ep  249: len= 34 白胜 loss=38.8714 temp=0.25 total_env_steps=12029 t=0.14s
Ep  250: len= 27 黑胜 loss=37.7698 temp=0.25 total_env_steps=12056 t=0.11s
  eval vs Gomoku-random-v0: win_rate=1.00 mean_return=1.00（20 局，total_env_steps=12056）
Ep  251: len= 31 黑胜 loss=38.5712 temp=0.25 total_env_steps=12087 t=0.14s
Ep  252: len= 42 白胜 loss=38.4298 temp=0.25 total_env_steps=12129 t=0.17s
Ep  253: len= 30 白胜 loss=37.4451 temp=0.25 total_env_steps=12159 t=0.12s
Ep  254: len= 30 白胜 loss=37.9521 temp=0.25 total_env_steps=12189 t=0.12s
Ep  255: len= 48 白胜 loss=37.8382 temp=0.25 total_env_steps=12237 t=0.17s
Ep  256: len= 31 黑胜 loss=38.6734 temp=0.25 total_env_steps=12268 t=0.13s
Ep  257: len= 43 黑胜 loss=38.3895 temp=0.25 total_env_steps=12311 t=0.18s
Ep  258: len= 59 黑胜 loss=39.4438 temp=0.25 total_env_steps=12370 t=0.28s
Ep  259: len= 39 黑胜 loss=37.7191 temp=0.25 total_env_steps=12409 t=0.16s
Ep  260: len= 44 白胜 loss=39.8076 temp=0.25 total_env_steps=12453 t=0.17s
Ep  261: len= 29 黑胜 loss=39.6892 temp=0.25 total_env_steps=12482 t=0.12s
Ep  262: len= 44 白胜 loss=38.3728 temp=0.25 total_env_steps=12526 t=0.16s
Ep  263: len= 23 黑胜 loss=37.8005 temp=0.25 total_env_steps=12549 t=0.11s
Ep  264: len= 44 白胜 loss=38.7923 temp=0.25 total_env_steps=12593 t=0.17s
Ep  265: len= 58 白胜 loss=37.3508 temp=0.25 total_env_steps=12651 t=0.22s
Ep  266: len= 37 黑胜 loss=38.6749 temp=0.25 total_env_steps=12688 t=0.15s
Ep  267: len= 54 白胜 loss=36.8147 temp=0.25 total_env_steps=12742 t=0.20s
Ep  268: len= 51 黑胜 loss=37.9942 temp=0.25 total_env_steps=12793 t=0.19s
Ep  269: len= 31 黑胜 loss=38.6519 temp=0.25 total_env_steps=12824 t=0.12s
Ep  270: len= 44 白胜 loss=38.7332 temp=0.25 total_env_steps=12868 t=0.17s
Ep  271: len= 70 白胜 loss=38.8150 temp=0.25 total_env_steps=12938 t=0.22s
Ep  272: len= 32 白胜 loss=38.1497 temp=0.25 total_env_steps=12970 t=0.13s
Ep  273: len= 56 白胜 loss=38.7702 temp=0.25 total_env_steps=13026 t=0.19s
Ep  274: len= 41 黑胜 loss=38.8524 temp=0.25 total_env_steps=13067 t=0.16s
Ep  275: len= 29 黑胜 loss=37.4959 temp=0.25 total_env_steps=13096 t=0.13s
Ep  276: len= 58 白胜 loss=37.6406 temp=0.25 total_env_steps=13154 t=0.24s
Ep  277: len= 81 平局 loss=38.7481 temp=0.25 total_env_steps=13235 t=0.27s
Ep  278: len= 39 黑胜 loss=39.3523 temp=0.25 total_env_steps=13274 t=0.15s
Ep  279: len= 48 白胜 loss=38.4619 temp=0.25 total_env_steps=13322 t=0.16s
Ep  280: len= 34 白胜 loss=38.0136 temp=0.25 total_env_steps=13356 t=0.14s
Ep  281: len= 37 黑胜 loss=37.6066 temp=0.25 total_env_steps=13393 t=0.14s
Ep  282: len= 39 黑胜 loss=39.3445 temp=0.25 total_env_steps=13432 t=0.15s
Ep  283: len= 33 黑胜 loss=38.9865 temp=0.25 total_env_steps=13465 t=0.14s
Ep  284: len= 36 白胜 loss=38.0511 temp=0.25 total_env_steps=13501 t=0.14s
Ep  285: len= 51 黑胜 loss=38.0578 temp=0.25 total_env_steps=13552 t=0.19s
Ep  286: len= 30 白胜 loss=37.7810 temp=0.25 total_env_steps=13582 t=0.13s
Ep  287: len= 60 白胜 loss=37.1034 temp=0.25 total_env_steps=13642 t=0.20s
Ep  288: len= 46 白胜 loss=37.8039 temp=0.25 total_env_steps=13688 t=0.18s
Ep  289: len= 54 白胜 loss=38.5084 temp=0.25 total_env_steps=13742 t=0.24s
Ep  290: len= 59 黑胜 loss=37.6655 temp=0.25 total_env_steps=13801 t=0.21s
Ep  291: len= 55 黑胜 loss=38.0441 temp=0.25 total_env_steps=13856 t=0.20s
Ep  292: len= 36 白胜 loss=38.0536 temp=0.25 total_env_steps=13892 t=0.14s
Ep  293: len= 29 黑胜 loss=37.0126 temp=0.25 total_env_steps=13921 t=0.12s
Ep  294: len= 46 白胜 loss=38.1419 temp=0.25 total_env_steps=13967 t=0.16s
Ep  295: len= 48 白胜 loss=38.3183 temp=0.25 total_env_steps=14015 t=0.19s
Ep  296: len= 24 白胜 loss=37.9080 temp=0.25 total_env_steps=14039 t=0.11s
Ep  297: len= 81 平局 loss=36.9496 temp=0.25 total_env_steps=14120 t=0.27s
Ep  298: len= 40 白胜 loss=38.5233 temp=0.25 total_env_steps=14160 t=0.15s
Ep  299: len= 40 白胜 loss=37.7661 temp=0.25 total_env_steps=14200 t=0.15s
Ep  300: len= 68 白胜 loss=38.0557 temp=0.25 total_env_steps=14268 t=0.25s
  eval vs Gomoku-random-v0: win_rate=0.90 mean_return=0.80（20 局，total_env_steps=14268）
Ep  301: len= 61 黑胜 loss=37.7964 temp=0.25 total_env_steps=14329 t=0.23s
Ep  302: len= 43 黑胜 loss=37.7824 temp=0.25 total_env_steps=14372 t=0.16s
Ep  303: len= 28 白胜 loss=38.9227 temp=0.25 total_env_steps=14400 t=0.11s
Ep  304: len= 44 白胜 loss=37.5183 temp=0.25 total_env_steps=14444 t=0.16s
Ep  305: len= 49 黑胜 loss=37.2133 temp=0.25 total_env_steps=14493 t=0.19s
Ep  306: len= 33 黑胜 loss=37.6738 temp=0.25 total_env_steps=14526 t=0.14s
Ep  307: len= 61 黑胜 loss=37.7524 temp=0.25 total_env_steps=14587 t=0.21s
Ep  308: len= 66 白胜 loss=36.6868 temp=0.25 total_env_steps=14653 t=0.22s
Ep  309: len= 34 白胜 loss=37.6227 temp=0.25 total_env_steps=14687 t=0.13s
Ep  310: len= 18 白胜 loss=37.4653 temp=0.25 total_env_steps=14705 t=0.09s
Ep  311: len= 25 黑胜 loss=36.3501 temp=0.25 total_env_steps=14730 t=0.11s
Ep  312: len= 41 黑胜 loss=37.3189 temp=0.25 total_env_steps=14771 t=0.16s
Ep  313: len= 36 白胜 loss=37.2074 temp=0.25 total_env_steps=14807 t=0.15s
Ep  314: len= 28 白胜 loss=37.5551 temp=0.25 total_env_steps=14835 t=0.11s
Ep  315: len= 50 白胜 loss=37.1740 temp=0.25 total_env_steps=14885 t=0.18s
Ep  316: len= 48 白胜 loss=37.1340 temp=0.25 total_env_steps=14933 t=0.19s
Ep  317: len= 39 黑胜 loss=36.5022 temp=0.25 total_env_steps=14972 t=0.15s
Ep  318: len= 26 白胜 loss=37.6491 temp=0.25 total_env_steps=14998 t=0.11s
Ep  319: len= 41 黑胜 loss=36.3390 temp=0.25 total_env_steps=15039 t=0.18s
Ep  320: len= 36 白胜 loss=36.3989 temp=0.25 total_env_steps=15075 t=0.15s
Ep  321: len= 32 白胜 loss=35.8563 temp=0.25 total_env_steps=15107 t=0.12s
Ep  322: len= 27 黑胜 loss=37.7686 temp=0.25 total_env_steps=15134 t=0.11s
Ep  323: len= 33 黑胜 loss=36.5345 temp=0.25 total_env_steps=15167 t=0.13s
Ep  324: len= 49 黑胜 loss=36.4079 temp=0.25 total_env_steps=15216 t=0.18s
Ep  325: len= 34 白胜 loss=35.4065 temp=0.25 total_env_steps=15250 t=0.13s
Ep  326: len= 43 黑胜 loss=36.3666 temp=0.25 total_env_steps=15293 t=0.16s
Ep  327: len= 32 白胜 loss=37.4017 temp=0.25 total_env_steps=15325 t=0.11s
Ep  328: len= 31 黑胜 loss=36.1911 temp=0.25 total_env_steps=15356 t=0.12s
Ep  329: len= 48 白胜 loss=35.8514 temp=0.25 total_env_steps=15404 t=0.16s
Ep  330: len= 62 白胜 loss=36.9328 temp=0.25 total_env_steps=15466 t=0.20s
Ep  331: len= 58 白胜 loss=37.0491 temp=0.25 total_env_steps=15524 t=0.19s
Ep  332: len= 39 黑胜 loss=37.9333 temp=0.25 total_env_steps=15563 t=0.14s
Ep  333: len= 50 白胜 loss=37.4840 temp=0.25 total_env_steps=15613 t=0.17s
Ep  334: len= 43 黑胜 loss=36.1404 temp=0.25 total_env_steps=15656 t=0.16s
Ep  335: len= 50 白胜 loss=37.0737 temp=0.25 total_env_steps=15706 t=0.19s
Ep  336: len= 49 黑胜 loss=36.9401 temp=0.25 total_env_steps=15755 t=0.17s
Ep  337: len= 29 黑胜 loss=37.1595 temp=0.25 total_env_steps=15784 t=0.12s
Ep  338: len= 30 白胜 loss=36.6290 temp=0.25 total_env_steps=15814 t=0.13s
Ep  339: len= 29 黑胜 loss=37.0907 temp=0.25 total_env_steps=15843 t=0.11s
Ep  340: len= 32 白胜 loss=37.5650 temp=0.25 total_env_steps=15875 t=0.13s
Ep  341: len= 51 黑胜 loss=36.8809 temp=0.25 total_env_steps=15926 t=0.25s
Ep  342: len= 31 黑胜 loss=36.0648 temp=0.25 total_env_steps=15957 t=0.14s
Ep  343: len= 33 黑胜 loss=37.1032 temp=0.25 total_env_steps=15990 t=0.12s
Ep  344: len= 37 黑胜 loss=36.2119 temp=0.25 total_env_steps=16027 t=0.14s
Ep  345: len= 48 白胜 loss=36.4349 temp=0.25 total_env_steps=16075 t=0.16s
Ep  346: len= 66 白胜 loss=36.0932 temp=0.25 total_env_steps=16141 t=0.22s
Ep  347: len= 47 黑胜 loss=37.2114 temp=0.25 total_env_steps=16188 t=0.17s
Ep  348: len= 26 白胜 loss=35.9664 temp=0.25 total_env_steps=16214 t=0.11s
Ep  349: len= 71 黑胜 loss=36.3786 temp=0.25 total_env_steps=16285 t=0.24s
Ep  350: len= 31 黑胜 loss=36.0581 temp=0.25 total_env_steps=16316 t=0.13s
  eval vs Gomoku-random-v0: win_rate=0.95 mean_return=0.90（20 局，total_env_steps=16316）
Ep  351: len= 46 白胜 loss=35.2741 temp=0.25 total_env_steps=16362 t=0.15s
Ep  352: len= 47 黑胜 loss=36.4539 temp=0.25 total_env_steps=16409 t=0.17s
Ep  353: len= 25 黑胜 loss=35.8407 temp=0.25 total_env_steps=16434 t=0.11s
Ep  354: len= 55 黑胜 loss=37.0950 temp=0.25 total_env_steps=16489 t=0.21s
Ep  355: len= 45 黑胜 loss=36.3783 temp=0.25 total_env_steps=16534 t=0.16s
Ep  356: len= 42 白胜 loss=36.9131 temp=0.25 total_env_steps=16576 t=0.15s
Ep  357: len= 35 黑胜 loss=36.3769 temp=0.25 total_env_steps=16611 t=0.14s
Ep  358: len= 32 白胜 loss=37.1387 temp=0.25 total_env_steps=16643 t=0.12s
Ep  359: len= 31 黑胜 loss=36.2025 temp=0.25 total_env_steps=16674 t=0.12s
Ep  360: len= 32 白胜 loss=34.6643 temp=0.25 total_env_steps=16706 t=0.16s
Ep  361: len= 54 白胜 loss=36.3114 temp=0.25 total_env_steps=16760 t=0.22s
Ep  362: len= 48 白胜 loss=36.0561 temp=0.25 total_env_steps=16808 t=0.16s
Ep  363: len= 55 黑胜 loss=35.3038 temp=0.25 total_env_steps=16863 t=0.18s
Ep  364: len= 24 白胜 loss=36.8348 temp=0.25 total_env_steps=16887 t=0.11s
Ep  365: len= 21 黑胜 loss=36.1132 temp=0.25 total_env_steps=16908 t=0.10s
Ep  366: len= 39 黑胜 loss=34.8191 temp=0.25 total_env_steps=16947 t=0.14s
Ep  367: len= 43 黑胜 loss=35.2705 temp=0.25 total_env_steps=16990 t=0.16s
Ep  368: len= 38 白胜 loss=36.8109 temp=0.25 total_env_steps=17028 t=0.15s
Ep  369: len= 42 白胜 loss=36.1377 temp=0.25 total_env_steps=17070 t=0.15s
Ep  370: len= 38 白胜 loss=36.6094 temp=0.25 total_env_steps=17108 t=0.14s
Ep  371: len= 28 白胜 loss=34.9523 temp=0.25 total_env_steps=17136 t=0.11s
Ep  372: len= 65 黑胜 loss=37.0706 temp=0.25 total_env_steps=17201 t=0.22s
Ep  373: len= 29 黑胜 loss=37.0903 temp=0.25 total_env_steps=17230 t=0.12s
Ep  374: len= 29 黑胜 loss=38.1057 temp=0.25 total_env_steps=17259 t=0.13s
Ep  375: len= 53 黑胜 loss=35.3484 temp=0.25 total_env_steps=17312 t=0.20s
Ep  376: len= 36 白胜 loss=36.8852 temp=0.25 total_env_steps=17348 t=0.13s
Ep  377: len= 32 白胜 loss=35.7703 temp=0.25 total_env_steps=17380 t=0.11s
Ep  378: len= 53 黑胜 loss=36.3916 temp=0.25 total_env_steps=17433 t=0.18s
Ep  379: len= 24 白胜 loss=36.6645 temp=0.25 total_env_steps=17457 t=0.11s
Ep  380: len= 28 白胜 loss=36.1804 temp=0.25 total_env_steps=17485 t=0.11s
Ep  381: len= 28 白胜 loss=36.5642 temp=0.25 total_env_steps=17513 t=0.12s
Ep  382: len= 60 白胜 loss=37.1452 temp=0.25 total_env_steps=17573 t=0.25s
Ep  383: len= 56 白胜 loss=37.0162 temp=0.25 total_env_steps=17629 t=0.21s
Ep  384: len= 38 白胜 loss=36.2978 temp=0.25 total_env_steps=17667 t=0.14s
Ep  385: len= 29 黑胜 loss=35.6297 temp=0.25 total_env_steps=17696 t=0.13s
Ep  386: len= 39 黑胜 loss=36.6555 temp=0.25 total_env_steps=17735 t=0.15s
Ep  387: len= 44 白胜 loss=37.5801 temp=0.25 total_env_steps=17779 t=0.19s
Ep  388: len= 62 白胜 loss=36.7967 temp=0.25 total_env_steps=17841 t=0.22s
Ep  389: len= 33 黑胜 loss=36.6248 temp=0.25 total_env_steps=17874 t=0.13s
Ep  390: len= 60 白胜 loss=35.0876 temp=0.25 total_env_steps=17934 t=0.22s
Ep  391: len= 27 黑胜 loss=36.2358 temp=0.25 total_env_steps=17961 t=0.11s
Ep  392: len= 58 白胜 loss=36.6666 temp=0.25 total_env_steps=18019 t=0.20s
Ep  393: len= 41 黑胜 loss=34.9659 temp=0.25 total_env_steps=18060 t=0.16s
Ep  394: len= 50 白胜 loss=34.5187 temp=0.25 total_env_steps=18110 t=0.19s
Ep  395: len= 33 黑胜 loss=34.2929 temp=0.25 total_env_steps=18143 t=0.14s
Ep  396: len= 24 白胜 loss=36.3184 temp=0.25 total_env_steps=18167 t=0.11s
Ep  397: len= 49 黑胜 loss=36.9707 temp=0.25 total_env_steps=18216 t=0.20s
Ep  398: len= 21 黑胜 loss=35.7994 temp=0.25 total_env_steps=18237 t=0.11s
Ep  399: len= 49 黑胜 loss=35.4592 temp=0.25 total_env_steps=18286 t=0.18s
Ep  400: len= 54 白胜 loss=36.1178 temp=0.25 total_env_steps=18340 t=0.19s
  eval vs Gomoku-random-v0: win_rate=1.00 mean_return=1.00（20 局，total_env_steps=18340）
[闸门] vs random（40 局）: win_rate=0.975
[闸门] vs 半程快照（40 局，黑白各半）: score=0.550
[梯队] vs naive0（20 局，观察性）: win_rate=0.10
[梯队] vs naive1（20 局，观察性）: win_rate=0.00
[梯队] vs naive2（20 局，观察性）: win_rate=0.00
[梯队] vs naive3（20 局，观察性）: win_rate=0.00
📈 Gomoku-selfplay-v0 win_rate=1.00（best 1.00）| 门槛 0.95 | 80.9s

--- arm=recon seed=43 sims=100 ---
[MyZero-board] 组件: reconstruction
[MyZero-board Gomoku-selfplay-v0] obs=243(3×9²) |A|=81 sims=100 γ=1.0 negamax
Ep    1: len= 80 白胜 loss=0.0000 temp=1.00 total_env_steps=80 t=0.22s
Ep    2: len= 38 白胜 loss=0.0000 temp=1.00 total_env_steps=118 t=0.10s
Ep    3: len= 69 黑胜 loss=0.0000 temp=1.00 total_env_steps=187 t=0.20s
Ep    4: len= 51 黑胜 loss=0.0000 temp=1.00 total_env_steps=238 t=0.14s
Ep    5: len= 55 黑胜 loss=0.0000 temp=1.00 total_env_steps=293 t=0.16s
Ep    6: len= 36 白胜 loss=0.0000 temp=1.00 total_env_steps=329 t=0.10s
Ep    7: len= 51 黑胜 loss=0.0000 temp=1.00 total_env_steps=380 t=0.15s
Ep    8: len= 55 黑胜 loss=0.0000 temp=1.00 total_env_steps=435 t=0.15s
Ep    9: len= 65 黑胜 loss=0.0000 temp=1.00 total_env_steps=500 t=0.19s
Ep   10: len= 68 白胜 loss=73.1777 temp=1.00 total_env_steps=568 t=0.23s
Ep   11: len= 56 白胜 loss=46.8101 temp=1.00 total_env_steps=624 t=0.16s
Ep   12: len= 48 白胜 loss=45.8448 temp=1.00 total_env_steps=672 t=0.16s
Ep   13: len= 46 白胜 loss=43.5255 temp=1.00 total_env_steps=718 t=0.16s
Ep   14: len= 44 白胜 loss=43.0252 temp=1.00 total_env_steps=762 t=0.15s
Ep   15: len= 28 白胜 loss=43.3308 temp=1.00 total_env_steps=790 t=0.12s
Ep   16: len= 73 黑胜 loss=44.2412 temp=1.00 total_env_steps=863 t=0.22s
Ep   17: len= 67 黑胜 loss=42.6188 temp=1.00 total_env_steps=930 t=0.20s
Ep   18: len= 56 白胜 loss=42.9486 temp=1.00 total_env_steps=986 t=0.19s
Ep   19: len= 42 白胜 loss=42.0917 temp=1.00 total_env_steps=1028 t=0.14s
Ep   20: len= 41 黑胜 loss=43.5481 temp=1.00 total_env_steps=1069 t=0.20s
Ep   21: len= 72 白胜 loss=42.8161 temp=1.00 total_env_steps=1141 t=0.23s
Ep   22: len= 48 白胜 loss=44.7582 temp=1.00 total_env_steps=1189 t=0.15s
Ep   23: len= 49 黑胜 loss=43.0289 temp=1.00 total_env_steps=1238 t=0.16s
Ep   24: len= 41 黑胜 loss=43.5891 temp=1.00 total_env_steps=1279 t=0.14s
Ep   25: len= 63 黑胜 loss=43.2827 temp=1.00 total_env_steps=1342 t=0.19s
Ep   26: len= 55 黑胜 loss=42.9666 temp=1.00 total_env_steps=1397 t=0.17s
Ep   27: len= 39 黑胜 loss=42.0985 temp=1.00 total_env_steps=1436 t=0.13s
Ep   28: len= 58 白胜 loss=43.2985 temp=1.00 total_env_steps=1494 t=0.19s
Ep   29: len= 58 白胜 loss=42.1035 temp=1.00 total_env_steps=1552 t=0.18s
Ep   30: len= 47 黑胜 loss=43.4325 temp=1.00 total_env_steps=1599 t=0.15s
Ep   31: len= 72 白胜 loss=43.4354 temp=1.00 total_env_steps=1671 t=0.21s
Ep   32: len= 46 白胜 loss=42.5370 temp=1.00 total_env_steps=1717 t=0.14s
Ep   33: len= 52 白胜 loss=43.0590 temp=1.00 total_env_steps=1769 t=0.16s
Ep   34: len= 55 黑胜 loss=41.3450 temp=1.00 total_env_steps=1824 t=0.17s
Ep   35: len= 56 白胜 loss=42.9310 temp=1.00 total_env_steps=1880 t=0.17s
Ep   36: len= 67 黑胜 loss=43.6081 temp=1.00 total_env_steps=1947 t=0.20s
Ep   37: len= 57 黑胜 loss=43.0642 temp=1.00 total_env_steps=2004 t=0.18s
Ep   38: len= 47 黑胜 loss=42.7074 temp=1.00 total_env_steps=2051 t=0.15s
Ep   39: len= 34 白胜 loss=41.5133 temp=1.00 total_env_steps=2085 t=0.12s
Ep   40: len= 58 白胜 loss=43.0272 temp=1.00 total_env_steps=2143 t=0.18s
Ep   41: len= 71 黑胜 loss=43.8659 temp=1.00 total_env_steps=2214 t=0.21s
Ep   42: len= 41 黑胜 loss=41.8301 temp=1.00 total_env_steps=2255 t=0.13s
Ep   43: len= 47 黑胜 loss=42.5399 temp=1.00 total_env_steps=2302 t=0.14s
Ep   44: len= 68 白胜 loss=40.8178 temp=1.00 total_env_steps=2370 t=0.22s
Ep   45: len= 42 白胜 loss=41.1129 temp=1.00 total_env_steps=2412 t=0.16s
Ep   46: len= 55 黑胜 loss=42.2567 temp=1.00 total_env_steps=2467 t=0.18s
Ep   47: len= 63 黑胜 loss=41.9207 temp=1.00 total_env_steps=2530 t=0.20s
Ep   48: len= 58 白胜 loss=40.6900 temp=1.00 total_env_steps=2588 t=0.19s
Ep   49: len= 29 黑胜 loss=41.3947 temp=1.00 total_env_steps=2617 t=0.10s
Ep   50: len= 72 白胜 loss=41.4422 temp=1.00 total_env_steps=2689 t=0.24s
  eval vs Gomoku-random-v0: win_rate=0.70 mean_return=0.40（20 局，total_env_steps=2689）
Ep   51: len= 66 白胜 loss=41.8148 temp=1.00 total_env_steps=2755 t=0.25s
Ep   52: len= 63 黑胜 loss=42.1769 temp=1.00 total_env_steps=2818 t=0.21s
Ep   53: len= 48 白胜 loss=41.0824 temp=1.00 total_env_steps=2866 t=0.16s
Ep   54: len= 61 黑胜 loss=42.6552 temp=1.00 total_env_steps=2927 t=0.20s
Ep   55: len= 52 白胜 loss=42.4152 temp=1.00 total_env_steps=2979 t=0.17s
Ep   56: len= 74 白胜 loss=41.2420 temp=1.00 total_env_steps=3053 t=0.24s
Ep   57: len= 38 白胜 loss=42.6628 temp=1.00 total_env_steps=3091 t=0.13s
Ep   58: len= 34 白胜 loss=40.9233 temp=1.00 total_env_steps=3125 t=0.12s
Ep   59: len= 62 白胜 loss=40.5912 temp=1.00 total_env_steps=3187 t=0.18s
Ep   60: len= 32 白胜 loss=41.3642 temp=1.00 total_env_steps=3219 t=0.11s
Ep   61: len= 69 黑胜 loss=41.6882 temp=1.00 total_env_steps=3288 t=0.23s
Ep   62: len= 52 白胜 loss=42.3609 temp=1.00 total_env_steps=3340 t=0.17s
Ep   63: len= 56 白胜 loss=41.0680 temp=1.00 total_env_steps=3396 t=0.19s
Ep   64: len= 58 白胜 loss=42.9220 temp=1.00 total_env_steps=3454 t=0.22s
Ep   65: len= 27 黑胜 loss=41.3199 temp=1.00 total_env_steps=3481 t=0.09s
Ep   66: len= 44 白胜 loss=41.9761 temp=1.00 total_env_steps=3525 t=0.18s
Ep   67: len= 50 白胜 loss=42.2451 temp=1.00 total_env_steps=3575 t=0.16s
Ep   68: len= 45 黑胜 loss=41.2829 temp=1.00 total_env_steps=3620 t=0.15s
Ep   69: len= 32 白胜 loss=39.7457 temp=1.00 total_env_steps=3652 t=0.11s
Ep   70: len= 70 白胜 loss=41.5504 temp=1.00 total_env_steps=3722 t=0.25s
Ep   71: len= 57 黑胜 loss=41.4793 temp=1.00 total_env_steps=3779 t=0.20s
Ep   72: len= 79 黑胜 loss=42.2716 temp=1.00 total_env_steps=3858 t=0.25s
Ep   73: len= 56 白胜 loss=41.0374 temp=1.00 total_env_steps=3914 t=0.17s
Ep   74: len= 46 白胜 loss=41.2591 temp=1.00 total_env_steps=3960 t=0.15s
Ep   75: len= 49 黑胜 loss=42.2241 temp=1.00 total_env_steps=4009 t=0.16s
Ep   76: len= 38 白胜 loss=41.9433 temp=1.00 total_env_steps=4047 t=0.13s
Ep   77: len= 56 白胜 loss=41.1908 temp=1.00 total_env_steps=4103 t=0.18s
Ep   78: len= 52 白胜 loss=41.2462 temp=1.00 total_env_steps=4155 t=0.17s
Ep   79: len= 73 黑胜 loss=41.7448 temp=1.00 total_env_steps=4228 t=0.22s
Ep   80: len= 57 黑胜 loss=41.9404 temp=1.00 total_env_steps=4285 t=0.20s
Ep   81: len= 67 黑胜 loss=41.6694 temp=1.00 total_env_steps=4352 t=0.23s
Ep   82: len= 52 白胜 loss=41.8065 temp=1.00 total_env_steps=4404 t=0.17s
Ep   83: len= 51 黑胜 loss=41.4984 temp=1.00 total_env_steps=4455 t=0.16s
Ep   84: len= 53 黑胜 loss=40.6796 temp=1.00 total_env_steps=4508 t=0.18s
Ep   85: len= 60 白胜 loss=42.2561 temp=1.00 total_env_steps=4568 t=0.23s
Ep   86: len= 43 黑胜 loss=42.8028 temp=1.00 total_env_steps=4611 t=0.14s
Ep   87: len= 64 白胜 loss=42.6478 temp=1.00 total_env_steps=4675 t=0.20s
Ep   88: len= 39 黑胜 loss=41.3932 temp=1.00 total_env_steps=4714 t=0.12s
Ep   89: len= 29 黑胜 loss=42.0778 temp=1.00 total_env_steps=4743 t=0.11s
Ep   90: len= 65 黑胜 loss=41.2895 temp=1.00 total_env_steps=4808 t=0.21s
Ep   91: len= 53 黑胜 loss=41.6459 temp=1.00 total_env_steps=4861 t=0.18s
Ep   92: len= 56 白胜 loss=41.9059 temp=1.00 total_env_steps=4917 t=0.19s
Ep   93: len= 34 白胜 loss=42.0546 temp=1.00 total_env_steps=4951 t=0.12s
Ep   94: len= 45 黑胜 loss=40.2426 temp=1.00 total_env_steps=4996 t=0.15s
Ep   95: len= 64 白胜 loss=41.6457 temp=1.00 total_env_steps=5060 t=0.21s
Ep   96: len= 65 黑胜 loss=42.1199 temp=1.00 total_env_steps=5125 t=0.19s
Ep   97: len= 62 白胜 loss=40.4043 temp=1.00 total_env_steps=5187 t=0.20s
Ep   98: len= 70 白胜 loss=41.2920 temp=1.00 total_env_steps=5257 t=0.24s
Ep   99: len= 34 白胜 loss=42.0442 temp=1.00 total_env_steps=5291 t=0.12s
Ep  100: len= 57 黑胜 loss=41.0303 temp=1.00 total_env_steps=5348 t=0.17s
  eval vs Gomoku-random-v0: win_rate=0.95 mean_return=0.90（20 局，total_env_steps=5348）
  ✅ 达标 ep=100 total_env_steps=5348
Ep  101: len= 65 黑胜 loss=41.8558 temp=1.00 total_env_steps=5413 t=0.23s
Ep  102: len= 27 黑胜 loss=42.0056 temp=0.99 total_env_steps=5440 t=0.10s
Ep  103: len= 43 黑胜 loss=39.8160 temp=0.99 total_env_steps=5483 t=0.15s
Ep  104: len= 48 白胜 loss=40.9839 temp=0.98 total_env_steps=5531 t=0.15s
Ep  105: len= 54 白胜 loss=42.3927 temp=0.97 total_env_steps=5585 t=0.19s
Ep  106: len= 58 白胜 loss=41.4817 temp=0.96 total_env_steps=5643 t=0.18s
Ep  107: len= 41 黑胜 loss=41.8215 temp=0.95 total_env_steps=5684 t=0.14s
Ep  108: len= 57 黑胜 loss=41.7319 temp=0.95 total_env_steps=5741 t=0.17s
Ep  109: len= 58 白胜 loss=41.8239 temp=0.94 total_env_steps=5799 t=0.19s
Ep  110: len= 51 黑胜 loss=41.2544 temp=0.93 total_env_steps=5850 t=0.18s
Ep  111: len= 37 黑胜 loss=40.5696 temp=0.93 total_env_steps=5887 t=0.13s
Ep  112: len= 53 黑胜 loss=41.9965 temp=0.92 total_env_steps=5940 t=0.18s
Ep  113: len= 57 黑胜 loss=42.4698 temp=0.91 total_env_steps=5997 t=0.20s
Ep  114: len= 44 白胜 loss=40.9925 temp=0.90 total_env_steps=6041 t=0.15s
Ep  115: len= 48 白胜 loss=42.2406 temp=0.89 total_env_steps=6089 t=0.14s
Ep  116: len= 38 白胜 loss=40.8658 temp=0.89 total_env_steps=6127 t=0.12s
Ep  117: len= 40 白胜 loss=42.2367 temp=0.88 total_env_steps=6167 t=0.14s
Ep  118: len= 51 黑胜 loss=42.5101 temp=0.87 total_env_steps=6218 t=0.17s
Ep  119: len= 30 白胜 loss=41.0382 temp=0.87 total_env_steps=6248 t=0.11s
Ep  120: len= 57 黑胜 loss=41.9235 temp=0.86 total_env_steps=6305 t=0.19s
Ep  121: len= 41 黑胜 loss=41.7065 temp=0.85 total_env_steps=6346 t=0.13s
Ep  122: len= 53 黑胜 loss=41.5350 temp=0.84 total_env_steps=6399 t=0.17s
Ep  123: len= 54 白胜 loss=41.0617 temp=0.84 total_env_steps=6453 t=0.16s
Ep  124: len= 45 黑胜 loss=41.1177 temp=0.83 total_env_steps=6498 t=0.17s
Ep  125: len= 58 白胜 loss=40.0921 temp=0.82 total_env_steps=6556 t=0.19s
Ep  126: len= 40 白胜 loss=40.6932 temp=0.81 total_env_steps=6596 t=0.12s
Ep  127: len= 65 黑胜 loss=39.5125 temp=0.81 total_env_steps=6661 t=0.19s
Ep  128: len= 61 黑胜 loss=41.5872 temp=0.80 total_env_steps=6722 t=0.19s
Ep  129: len= 42 白胜 loss=40.8693 temp=0.79 total_env_steps=6764 t=0.14s
Ep  130: len= 63 黑胜 loss=41.7781 temp=0.78 total_env_steps=6827 t=0.22s
Ep  131: len= 53 黑胜 loss=42.7975 temp=0.77 total_env_steps=6880 t=0.19s
Ep  132: len= 49 黑胜 loss=41.9081 temp=0.77 total_env_steps=6929 t=0.15s
Ep  133: len= 45 黑胜 loss=41.3481 temp=0.76 total_env_steps=6974 t=0.14s
Ep  134: len= 43 黑胜 loss=41.4152 temp=0.75 total_env_steps=7017 t=0.16s
Ep  135: len= 32 白胜 loss=41.0395 temp=0.75 total_env_steps=7049 t=0.11s
Ep  136: len= 49 黑胜 loss=41.3232 temp=0.74 total_env_steps=7098 t=0.17s
Ep  137: len= 51 黑胜 loss=42.0363 temp=0.73 total_env_steps=7149 t=0.17s
Ep  138: len= 49 黑胜 loss=41.5413 temp=0.72 total_env_steps=7198 t=0.17s
Ep  139: len= 42 白胜 loss=41.0753 temp=0.72 total_env_steps=7240 t=0.15s
Ep  140: len= 54 白胜 loss=40.9529 temp=0.71 total_env_steps=7294 t=0.19s
Ep  141: len= 56 白胜 loss=40.1355 temp=0.70 total_env_steps=7350 t=0.24s
Ep  142: len= 35 黑胜 loss=40.6190 temp=0.69 total_env_steps=7385 t=0.12s
Ep  143: len= 47 黑胜 loss=41.6968 temp=0.69 total_env_steps=7432 t=0.15s
Ep  144: len= 46 白胜 loss=41.5241 temp=0.68 total_env_steps=7478 t=0.16s
Ep  145: len= 32 白胜 loss=42.2249 temp=0.67 total_env_steps=7510 t=0.12s
Ep  146: len= 45 黑胜 loss=40.6571 temp=0.66 total_env_steps=7555 t=0.16s
Ep  147: len= 43 黑胜 loss=41.5652 temp=0.65 total_env_steps=7598 t=0.15s
Ep  148: len= 55 黑胜 loss=40.9903 temp=0.65 total_env_steps=7653 t=0.18s
Ep  149: len= 45 黑胜 loss=42.2698 temp=0.64 total_env_steps=7698 t=0.16s
Ep  150: len= 55 黑胜 loss=40.4088 temp=0.63 total_env_steps=7753 t=0.18s
  eval vs Gomoku-random-v0: win_rate=0.85 mean_return=0.70（20 局，total_env_steps=7753）
Ep  151: len= 47 黑胜 loss=41.4413 temp=0.62 total_env_steps=7800 t=0.20s
Ep  152: len= 57 黑胜 loss=41.5946 temp=0.62 total_env_steps=7857 t=0.20s
Ep  153: len= 49 黑胜 loss=41.4371 temp=0.61 total_env_steps=7906 t=0.16s
Ep  154: len= 54 白胜 loss=42.3809 temp=0.60 total_env_steps=7960 t=0.17s
Ep  155: len= 67 黑胜 loss=41.8403 temp=0.59 total_env_steps=8027 t=0.22s
Ep  156: len= 63 黑胜 loss=40.8072 temp=0.59 total_env_steps=8090 t=0.19s
Ep  157: len= 60 白胜 loss=41.4334 temp=0.58 total_env_steps=8150 t=0.21s
Ep  158: len= 45 黑胜 loss=40.6600 temp=0.57 total_env_steps=8195 t=0.15s
Ep  159: len= 44 白胜 loss=40.5478 temp=0.56 total_env_steps=8239 t=0.14s
Ep  160: len= 62 白胜 loss=40.7363 temp=0.56 total_env_steps=8301 t=0.20s
Ep  161: len= 52 白胜 loss=41.5734 temp=0.55 total_env_steps=8353 t=0.16s
Ep  162: len= 73 黑胜 loss=40.8600 temp=0.54 total_env_steps=8426 t=0.27s
Ep  163: len= 60 白胜 loss=40.6116 temp=0.53 total_env_steps=8486 t=0.19s
Ep  164: len= 49 黑胜 loss=41.5693 temp=0.53 total_env_steps=8535 t=0.16s
Ep  165: len= 50 白胜 loss=39.3666 temp=0.52 total_env_steps=8585 t=0.18s
Ep  166: len= 54 白胜 loss=41.0119 temp=0.51 total_env_steps=8639 t=0.17s
Ep  167: len= 57 黑胜 loss=39.6290 temp=0.50 total_env_steps=8696 t=0.18s
Ep  168: len= 47 黑胜 loss=41.7905 temp=0.50 total_env_steps=8743 t=0.17s
Ep  169: len= 35 黑胜 loss=40.1766 temp=0.49 total_env_steps=8778 t=0.12s
Ep  170: len= 35 黑胜 loss=42.3301 temp=0.48 total_env_steps=8813 t=0.11s
Ep  171: len= 57 黑胜 loss=41.8549 temp=0.48 total_env_steps=8870 t=0.16s
Ep  172: len= 37 黑胜 loss=40.6551 temp=0.47 total_env_steps=8907 t=0.12s
Ep  173: len= 40 白胜 loss=41.7662 temp=0.46 total_env_steps=8947 t=0.13s
Ep  174: len= 42 白胜 loss=41.6179 temp=0.45 total_env_steps=8989 t=0.13s
Ep  175: len= 52 白胜 loss=40.5286 temp=0.44 total_env_steps=9041 t=0.20s
Ep  176: len= 47 黑胜 loss=39.8379 temp=0.44 total_env_steps=9088 t=0.16s
Ep  177: len= 54 白胜 loss=41.9727 temp=0.43 total_env_steps=9142 t=0.17s
Ep  178: len= 50 白胜 loss=40.7310 temp=0.42 total_env_steps=9192 t=0.17s
Ep  179: len= 40 白胜 loss=41.2803 temp=0.42 total_env_steps=9232 t=0.12s
Ep  180: len= 43 黑胜 loss=40.7635 temp=0.41 total_env_steps=9275 t=0.14s
Ep  181: len= 35 黑胜 loss=40.5099 temp=0.40 total_env_steps=9310 t=0.12s
Ep  182: len= 21 黑胜 loss=40.7735 temp=0.39 total_env_steps=9331 t=0.08s
Ep  183: len= 45 黑胜 loss=41.2164 temp=0.38 total_env_steps=9376 t=0.16s
Ep  184: len= 61 黑胜 loss=41.2888 temp=0.38 total_env_steps=9437 t=0.21s
Ep  185: len= 49 黑胜 loss=40.8081 temp=0.37 total_env_steps=9486 t=0.15s
Ep  186: len= 28 白胜 loss=40.3339 temp=0.36 total_env_steps=9514 t=0.10s
Ep  187: len= 64 白胜 loss=42.2201 temp=0.36 total_env_steps=9578 t=0.20s
Ep  188: len= 60 白胜 loss=40.2637 temp=0.35 total_env_steps=9638 t=0.19s
Ep  189: len= 35 黑胜 loss=41.3464 temp=0.34 total_env_steps=9673 t=0.12s
Ep  190: len= 60 白胜 loss=41.3006 temp=0.33 total_env_steps=9733 t=0.19s
Ep  191: len= 54 白胜 loss=40.0322 temp=0.33 total_env_steps=9787 t=0.17s
Ep  192: len= 52 白胜 loss=39.9187 temp=0.32 total_env_steps=9839 t=0.18s
Ep  193: len= 54 白胜 loss=40.6140 temp=0.31 total_env_steps=9893 t=0.19s
Ep  194: len= 37 黑胜 loss=40.4778 temp=0.30 total_env_steps=9930 t=0.14s
Ep  195: len= 42 白胜 loss=40.4844 temp=0.30 total_env_steps=9972 t=0.13s
Ep  196: len= 48 白胜 loss=40.7697 temp=0.29 total_env_steps=10020 t=0.16s
Ep  197: len= 40 白胜 loss=40.8305 temp=0.28 total_env_steps=10060 t=0.13s
Ep  198: len= 38 白胜 loss=40.3381 temp=0.27 total_env_steps=10098 t=0.13s
Ep  199: len= 44 白胜 loss=40.1429 temp=0.26 total_env_steps=10142 t=0.19s
Ep  200: len= 38 白胜 loss=40.8641 temp=0.26 total_env_steps=10180 t=0.16s
  eval vs Gomoku-random-v0: win_rate=0.80 mean_return=0.60（20 局，total_env_steps=10180）
  📸 已拍权重快照（ep=200，gating 对弈基准）
Ep  201: len= 43 黑胜 loss=39.0318 temp=0.25 total_env_steps=10223 t=0.15s
Ep  202: len= 53 黑胜 loss=39.9547 temp=0.25 total_env_steps=10276 t=0.18s
Ep  203: len= 65 黑胜 loss=40.5749 temp=0.25 total_env_steps=10341 t=0.23s
Ep  204: len= 49 黑胜 loss=40.7226 temp=0.25 total_env_steps=10390 t=0.17s
Ep  205: len= 35 黑胜 loss=40.1177 temp=0.25 total_env_steps=10425 t=0.12s
Ep  206: len= 46 白胜 loss=41.5942 temp=0.25 total_env_steps=10471 t=0.15s
Ep  207: len= 55 黑胜 loss=40.9669 temp=0.25 total_env_steps=10526 t=0.18s
Ep  208: len= 37 黑胜 loss=40.6651 temp=0.25 total_env_steps=10563 t=0.13s
Ep  209: len= 54 白胜 loss=41.6209 temp=0.25 total_env_steps=10617 t=0.17s
Ep  210: len= 44 白胜 loss=40.6997 temp=0.25 total_env_steps=10661 t=0.16s
Ep  211: len= 51 黑胜 loss=40.7476 temp=0.25 total_env_steps=10712 t=0.19s
Ep  212: len= 36 白胜 loss=39.5689 temp=0.25 total_env_steps=10748 t=0.14s
Ep  213: len= 59 黑胜 loss=41.1052 temp=0.25 total_env_steps=10807 t=0.22s
Ep  214: len= 52 白胜 loss=39.8756 temp=0.25 total_env_steps=10859 t=0.21s
Ep  215: len= 47 黑胜 loss=40.0108 temp=0.25 total_env_steps=10906 t=0.19s
Ep  216: len= 35 黑胜 loss=41.4248 temp=0.25 total_env_steps=10941 t=0.17s
Ep  217: len= 28 白胜 loss=39.8735 temp=0.25 total_env_steps=10969 t=0.12s
Ep  218: len= 30 白胜 loss=41.1491 temp=0.25 total_env_steps=10999 t=0.12s
Ep  219: len= 28 白胜 loss=39.7974 temp=0.25 total_env_steps=11027 t=0.11s
Ep  220: len= 36 白胜 loss=40.7231 temp=0.25 total_env_steps=11063 t=0.14s
Ep  221: len= 41 黑胜 loss=40.9362 temp=0.25 total_env_steps=11104 t=0.17s
Ep  222: len= 58 白胜 loss=40.5694 temp=0.25 total_env_steps=11162 t=0.20s
Ep  223: len= 55 黑胜 loss=41.6036 temp=0.25 total_env_steps=11217 t=0.19s
Ep  224: len= 60 白胜 loss=39.5162 temp=0.25 total_env_steps=11277 t=0.21s
Ep  225: len= 41 黑胜 loss=39.9775 temp=0.25 total_env_steps=11318 t=0.16s
Ep  226: len= 38 白胜 loss=40.9187 temp=0.25 total_env_steps=11356 t=0.15s
Ep  227: len= 53 黑胜 loss=39.3386 temp=0.25 total_env_steps=11409 t=0.18s
Ep  228: len= 62 白胜 loss=40.1622 temp=0.25 total_env_steps=11471 t=0.23s
Ep  229: len= 51 黑胜 loss=41.3671 temp=0.25 total_env_steps=11522 t=0.19s
Ep  230: len= 30 白胜 loss=41.4032 temp=0.25 total_env_steps=11552 t=0.14s
Ep  231: len= 58 白胜 loss=40.9375 temp=0.25 total_env_steps=11610 t=0.23s
Ep  232: len= 38 白胜 loss=41.6974 temp=0.25 total_env_steps=11648 t=0.15s
Ep  233: len= 54 白胜 loss=40.1746 temp=0.25 total_env_steps=11702 t=0.19s
Ep  234: len= 74 白胜 loss=41.5071 temp=0.25 total_env_steps=11776 t=0.25s
Ep  235: len= 48 白胜 loss=39.6879 temp=0.25 total_env_steps=11824 t=0.16s
Ep  236: len= 33 黑胜 loss=40.3024 temp=0.25 total_env_steps=11857 t=0.13s
Ep  237: len= 47 黑胜 loss=40.2499 temp=0.25 total_env_steps=11904 t=0.15s
Ep  238: len= 29 黑胜 loss=38.7466 temp=0.25 total_env_steps=11933 t=0.11s
Ep  239: len= 33 黑胜 loss=41.0742 temp=0.25 total_env_steps=11966 t=0.12s
Ep  240: len= 54 白胜 loss=40.0534 temp=0.25 total_env_steps=12020 t=0.18s
Ep  241: len= 55 黑胜 loss=40.0528 temp=0.25 total_env_steps=12075 t=0.19s
Ep  242: len= 56 白胜 loss=39.7327 temp=0.25 total_env_steps=12131 t=0.17s
Ep  243: len= 39 黑胜 loss=40.0787 temp=0.25 total_env_steps=12170 t=0.14s
Ep  244: len= 32 白胜 loss=40.5950 temp=0.25 total_env_steps=12202 t=0.13s
Ep  245: len= 39 黑胜 loss=39.7375 temp=0.25 total_env_steps=12241 t=0.14s
Ep  246: len= 48 白胜 loss=39.9707 temp=0.25 total_env_steps=12289 t=0.19s
Ep  247: len= 49 黑胜 loss=40.7550 temp=0.25 total_env_steps=12338 t=0.20s
Ep  248: len= 70 白胜 loss=40.1971 temp=0.25 total_env_steps=12408 t=0.22s
Ep  249: len= 39 黑胜 loss=40.6244 temp=0.25 total_env_steps=12447 t=0.15s
Ep  250: len= 48 白胜 loss=39.5050 temp=0.25 total_env_steps=12495 t=0.17s
  eval vs Gomoku-random-v0: win_rate=0.85 mean_return=0.70（20 局，total_env_steps=12495）
Ep  251: len= 44 白胜 loss=38.9256 temp=0.25 total_env_steps=12539 t=0.18s
Ep  252: len= 54 白胜 loss=39.4355 temp=0.25 total_env_steps=12593 t=0.19s
Ep  253: len= 41 黑胜 loss=39.1313 temp=0.25 total_env_steps=12634 t=0.16s
Ep  254: len= 44 白胜 loss=39.8158 temp=0.25 total_env_steps=12678 t=0.17s
Ep  255: len= 37 黑胜 loss=40.6010 temp=0.25 total_env_steps=12715 t=0.16s
Ep  256: len= 41 黑胜 loss=40.2768 temp=0.25 total_env_steps=12756 t=0.17s
Ep  257: len= 59 黑胜 loss=40.6393 temp=0.25 total_env_steps=12815 t=0.23s
Ep  258: len= 54 白胜 loss=40.3903 temp=0.25 total_env_steps=12869 t=0.24s
Ep  259: len= 63 黑胜 loss=40.2412 temp=0.25 total_env_steps=12932 t=0.22s
Ep  260: len= 30 白胜 loss=39.6054 temp=0.25 total_env_steps=12962 t=0.12s
Ep  261: len= 42 白胜 loss=40.5281 temp=0.25 total_env_steps=13004 t=0.16s
Ep  262: len= 39 黑胜 loss=39.4996 temp=0.25 total_env_steps=13043 t=0.14s
Ep  263: len= 38 白胜 loss=39.8494 temp=0.25 total_env_steps=13081 t=0.15s
Ep  264: len= 41 黑胜 loss=40.2961 temp=0.25 total_env_steps=13122 t=0.15s
Ep  265: len= 55 黑胜 loss=39.1462 temp=0.25 total_env_steps=13177 t=0.18s
Ep  266: len= 63 黑胜 loss=39.1838 temp=0.25 total_env_steps=13240 t=0.20s
Ep  267: len= 58 白胜 loss=39.9867 temp=0.25 total_env_steps=13298 t=0.20s
Ep  268: len= 62 白胜 loss=39.6278 temp=0.25 total_env_steps=13360 t=0.18s
Ep  269: len= 44 白胜 loss=38.8598 temp=0.25 total_env_steps=13404 t=0.16s
Ep  270: len= 51 黑胜 loss=39.8067 temp=0.25 total_env_steps=13455 t=0.18s
Ep  271: len= 58 白胜 loss=40.7959 temp=0.25 total_env_steps=13513 t=0.18s
Ep  272: len= 47 黑胜 loss=39.7134 temp=0.25 total_env_steps=13560 t=0.16s
Ep  273: len= 32 白胜 loss=40.0610 temp=0.25 total_env_steps=13592 t=0.12s
Ep  274: len= 52 白胜 loss=39.5476 temp=0.25 total_env_steps=13644 t=0.18s
Ep  275: len= 55 黑胜 loss=39.8344 temp=0.25 total_env_steps=13699 t=0.18s
Ep  276: len= 61 黑胜 loss=38.9686 temp=0.25 total_env_steps=13760 t=0.20s
Ep  277: len= 62 白胜 loss=38.1919 temp=0.25 total_env_steps=13822 t=0.20s
Ep  278: len= 40 白胜 loss=39.8544 temp=0.25 total_env_steps=13862 t=0.17s
Ep  279: len= 47 黑胜 loss=40.8617 temp=0.25 total_env_steps=13909 t=0.19s
Ep  280: len= 44 白胜 loss=39.7658 temp=0.25 total_env_steps=13953 t=0.16s
Ep  281: len= 44 白胜 loss=39.5533 temp=0.25 total_env_steps=13997 t=0.14s
Ep  282: len= 34 白胜 loss=40.5920 temp=0.25 total_env_steps=14031 t=0.13s
Ep  283: len= 41 黑胜 loss=38.7370 temp=0.25 total_env_steps=14072 t=0.15s
Ep  284: len= 29 黑胜 loss=40.1903 temp=0.25 total_env_steps=14101 t=0.11s
Ep  285: len= 61 黑胜 loss=40.9526 temp=0.25 total_env_steps=14162 t=0.20s
Ep  286: len= 70 白胜 loss=39.3937 temp=0.25 total_env_steps=14232 t=0.22s
Ep  287: len= 32 白胜 loss=40.6810 temp=0.25 total_env_steps=14264 t=0.13s
Ep  288: len= 54 白胜 loss=39.4460 temp=0.25 total_env_steps=14318 t=0.17s
Ep  289: len= 34 白胜 loss=38.9779 temp=0.25 total_env_steps=14352 t=0.13s
Ep  290: len= 21 黑胜 loss=39.0962 temp=0.25 total_env_steps=14373 t=0.10s
Ep  291: len= 56 白胜 loss=38.2202 temp=0.25 total_env_steps=14429 t=0.18s
Ep  292: len= 31 黑胜 loss=39.2896 temp=0.25 total_env_steps=14460 t=0.13s
Ep  293: len= 34 白胜 loss=39.2514 temp=0.25 total_env_steps=14494 t=0.13s
Ep  294: len= 24 白胜 loss=38.4417 temp=0.25 total_env_steps=14518 t=0.10s
Ep  295: len= 43 黑胜 loss=38.7277 temp=0.25 total_env_steps=14561 t=0.16s
Ep  296: len= 38 白胜 loss=39.2411 temp=0.25 total_env_steps=14599 t=0.14s
Ep  297: len= 51 黑胜 loss=38.6074 temp=0.25 total_env_steps=14650 t=0.18s
Ep  298: len= 39 黑胜 loss=38.8795 temp=0.25 total_env_steps=14689 t=0.14s
Ep  299: len= 39 黑胜 loss=40.0252 temp=0.25 total_env_steps=14728 t=0.14s
Ep  300: len= 57 黑胜 loss=38.8151 temp=0.25 total_env_steps=14785 t=0.20s
  eval vs Gomoku-random-v0: win_rate=0.95 mean_return=0.90（20 局，total_env_steps=14785）
Ep  301: len= 47 黑胜 loss=40.1412 temp=0.25 total_env_steps=14832 t=0.17s
Ep  302: len= 72 白胜 loss=38.2701 temp=0.25 total_env_steps=14904 t=0.23s
Ep  303: len= 44 白胜 loss=38.9756 temp=0.25 total_env_steps=14948 t=0.18s
Ep  304: len= 45 黑胜 loss=39.0018 temp=0.25 total_env_steps=14993 t=0.16s
Ep  305: len= 36 白胜 loss=40.8955 temp=0.25 total_env_steps=15029 t=0.13s
Ep  306: len= 71 黑胜 loss=38.2410 temp=0.25 total_env_steps=15100 t=0.23s
Ep  307: len= 33 黑胜 loss=38.9525 temp=0.25 total_env_steps=15133 t=0.13s
Ep  308: len= 20 白胜 loss=39.3336 temp=0.25 total_env_steps=15153 t=0.10s
Ep  309: len= 27 黑胜 loss=39.9366 temp=0.25 total_env_steps=15180 t=0.12s
Ep  310: len= 39 黑胜 loss=38.7845 temp=0.25 total_env_steps=15219 t=0.15s
Ep  311: len= 53 黑胜 loss=39.1791 temp=0.25 total_env_steps=15272 t=0.22s
Ep  312: len= 19 黑胜 loss=39.0961 temp=0.25 total_env_steps=15291 t=0.12s
Ep  313: len= 24 白胜 loss=39.1362 temp=0.25 total_env_steps=15315 t=0.12s
Ep  314: len= 45 黑胜 loss=38.1180 temp=0.25 total_env_steps=15360 t=0.20s
Ep  315: len= 23 黑胜 loss=37.8291 temp=0.25 total_env_steps=15383 t=0.11s
Ep  316: len= 36 白胜 loss=38.8468 temp=0.25 total_env_steps=15419 t=0.15s
Ep  317: len= 38 白胜 loss=37.9461 temp=0.25 total_env_steps=15457 t=0.13s
Ep  318: len= 62 白胜 loss=39.9874 temp=0.25 total_env_steps=15519 t=0.23s
Ep  319: len= 51 黑胜 loss=38.0919 temp=0.25 total_env_steps=15570 t=0.17s
Ep  320: len= 37 黑胜 loss=39.2154 temp=0.25 total_env_steps=15607 t=0.13s
Ep  321: len= 47 黑胜 loss=39.6894 temp=0.25 total_env_steps=15654 t=0.16s
Ep  322: len= 45 黑胜 loss=39.0358 temp=0.25 total_env_steps=15699 t=0.15s
Ep  323: len= 41 黑胜 loss=38.0519 temp=0.25 total_env_steps=15740 t=0.17s
Ep  324: len= 42 白胜 loss=39.8329 temp=0.25 total_env_steps=15782 t=0.17s
Ep  325: len= 27 黑胜 loss=38.3087 temp=0.25 total_env_steps=15809 t=0.12s
Ep  326: len= 39 黑胜 loss=39.9241 temp=0.25 total_env_steps=15848 t=0.15s
Ep  327: len= 46 白胜 loss=38.9401 temp=0.25 total_env_steps=15894 t=0.17s
Ep  328: len= 53 黑胜 loss=38.5985 temp=0.25 total_env_steps=15947 t=0.21s
Ep  329: len= 60 白胜 loss=39.5727 temp=0.25 total_env_steps=16007 t=0.22s
Ep  330: len= 66 白胜 loss=38.2395 temp=0.25 total_env_steps=16073 t=0.24s
Ep  331: len= 19 黑胜 loss=38.1994 temp=0.25 total_env_steps=16092 t=0.10s
Ep  332: len= 31 黑胜 loss=39.1900 temp=0.25 total_env_steps=16123 t=0.13s
Ep  333: len= 58 白胜 loss=38.0345 temp=0.25 total_env_steps=16181 t=0.19s
Ep  334: len= 52 白胜 loss=38.7048 temp=0.25 total_env_steps=16233 t=0.17s
Ep  335: len= 37 黑胜 loss=39.2008 temp=0.25 total_env_steps=16270 t=0.14s
Ep  336: len= 23 黑胜 loss=39.1205 temp=0.25 total_env_steps=16293 t=0.10s
Ep  337: len= 29 黑胜 loss=39.1518 temp=0.25 total_env_steps=16322 t=0.13s
Ep  338: len= 57 黑胜 loss=38.2436 temp=0.25 total_env_steps=16379 t=0.20s
Ep  339: len= 58 白胜 loss=38.1590 temp=0.25 total_env_steps=16437 t=0.20s
Ep  340: len= 45 黑胜 loss=37.6707 temp=0.25 total_env_steps=16482 t=0.17s
Ep  341: len= 68 白胜 loss=37.7381 temp=0.25 total_env_steps=16550 t=0.23s
Ep  342: len= 28 白胜 loss=37.2136 temp=0.25 total_env_steps=16578 t=0.12s
Ep  343: len= 36 白胜 loss=38.2855 temp=0.25 total_env_steps=16614 t=0.13s
Ep  344: len= 56 白胜 loss=38.0172 temp=0.25 total_env_steps=16670 t=0.19s
Ep  345: len= 59 黑胜 loss=37.5681 temp=0.25 total_env_steps=16729 t=0.20s
Ep  346: len= 28 白胜 loss=39.0272 temp=0.25 total_env_steps=16757 t=0.12s
Ep  347: len= 41 黑胜 loss=39.2856 temp=0.25 total_env_steps=16798 t=0.15s
Ep  348: len= 63 黑胜 loss=38.5358 temp=0.25 total_env_steps=16861 t=0.23s
Ep  349: len= 51 黑胜 loss=38.9590 temp=0.25 total_env_steps=16912 t=0.21s
Ep  350: len= 38 白胜 loss=38.5431 temp=0.25 total_env_steps=16950 t=0.16s
  eval vs Gomoku-random-v0: win_rate=0.95 mean_return=0.90（20 局，total_env_steps=16950）
Ep  351: len= 28 白胜 loss=38.0467 temp=0.25 total_env_steps=16978 t=0.14s
Ep  352: len= 38 白胜 loss=40.3217 temp=0.25 total_env_steps=17016 t=0.15s
Ep  353: len= 44 白胜 loss=39.0399 temp=0.25 total_env_steps=17060 t=0.17s
Ep  354: len= 50 白胜 loss=38.9838 temp=0.25 total_env_steps=17110 t=0.19s
Ep  355: len= 45 黑胜 loss=37.7789 temp=0.25 total_env_steps=17155 t=0.17s
Ep  356: len= 59 黑胜 loss=38.3819 temp=0.25 total_env_steps=17214 t=0.20s
Ep  357: len= 38 白胜 loss=37.7959 temp=0.25 total_env_steps=17252 t=0.15s
Ep  358: len= 48 白胜 loss=38.7470 temp=0.25 total_env_steps=17300 t=0.16s
Ep  359: len= 51 黑胜 loss=38.2042 temp=0.25 total_env_steps=17351 t=0.18s
Ep  360: len= 37 黑胜 loss=38.8336 temp=0.25 total_env_steps=17388 t=0.15s
Ep  361: len= 52 白胜 loss=38.7376 temp=0.25 total_env_steps=17440 t=0.18s
Ep  362: len= 56 白胜 loss=38.1167 temp=0.25 total_env_steps=17496 t=0.19s
Ep  363: len= 41 黑胜 loss=38.2585 temp=0.25 total_env_steps=17537 t=0.15s
Ep  364: len= 43 黑胜 loss=38.1824 temp=0.25 total_env_steps=17580 t=0.16s
Ep  365: len= 42 白胜 loss=38.1602 temp=0.25 total_env_steps=17622 t=0.15s
Ep  366: len= 53 黑胜 loss=38.6795 temp=0.25 total_env_steps=17675 t=0.19s
Ep  367: len= 49 黑胜 loss=37.6507 temp=0.25 total_env_steps=17724 t=0.18s
Ep  368: len= 52 白胜 loss=36.7358 temp=0.25 total_env_steps=17776 t=0.17s
Ep  369: len= 34 白胜 loss=38.3872 temp=0.25 total_env_steps=17810 t=0.13s
Ep  370: len= 47 黑胜 loss=38.3881 temp=0.25 total_env_steps=17857 t=0.18s
Ep  371: len= 47 黑胜 loss=38.3289 temp=0.25 total_env_steps=17904 t=0.16s
Ep  372: len= 50 白胜 loss=38.2672 temp=0.25 total_env_steps=17954 t=0.18s
Ep  373: len= 54 白胜 loss=38.4547 temp=0.25 total_env_steps=18008 t=0.18s
Ep  374: len= 44 白胜 loss=38.3469 temp=0.25 total_env_steps=18052 t=0.15s
Ep  375: len= 62 白胜 loss=39.1980 temp=0.25 total_env_steps=18114 t=0.21s
Ep  376: len= 33 黑胜 loss=38.4165 temp=0.25 total_env_steps=18147 t=0.13s
Ep  377: len= 32 白胜 loss=37.8810 temp=0.25 total_env_steps=18179 t=0.12s
Ep  378: len= 52 白胜 loss=39.2808 temp=0.25 total_env_steps=18231 t=0.17s
Ep  379: len= 58 白胜 loss=37.3287 temp=0.25 total_env_steps=18289 t=0.21s
Ep  380: len= 34 白胜 loss=38.1579 temp=0.25 total_env_steps=18323 t=0.12s
Ep  381: len= 64 白胜 loss=37.3812 temp=0.25 total_env_steps=18387 t=0.21s
Ep  382: len= 39 黑胜 loss=38.2351 temp=0.25 total_env_steps=18426 t=0.14s
Ep  383: len= 58 白胜 loss=37.9116 temp=0.25 total_env_steps=18484 t=0.19s
Ep  384: len= 46 白胜 loss=38.7828 temp=0.25 total_env_steps=18530 t=0.16s
Ep  385: len= 63 黑胜 loss=37.4223 temp=0.25 total_env_steps=18593 t=0.21s
Ep  386: len= 53 黑胜 loss=37.0888 temp=0.25 total_env_steps=18646 t=0.17s
Ep  387: len= 30 白胜 loss=38.9129 temp=0.25 total_env_steps=18676 t=0.12s
Ep  388: len= 49 黑胜 loss=38.1320 temp=0.25 total_env_steps=18725 t=0.17s
Ep  389: len= 59 黑胜 loss=37.6037 temp=0.25 total_env_steps=18784 t=0.19s
Ep  390: len= 48 白胜 loss=38.0963 temp=0.25 total_env_steps=18832 t=0.16s
Ep  391: len= 50 白胜 loss=38.3215 temp=0.25 total_env_steps=18882 t=0.16s
Ep  392: len= 51 黑胜 loss=37.7669 temp=0.25 total_env_steps=18933 t=0.18s
Ep  393: len= 54 白胜 loss=37.7313 temp=0.25 total_env_steps=18987 t=0.18s
Ep  394: len= 67 黑胜 loss=37.1238 temp=0.25 total_env_steps=19054 t=0.21s
Ep  395: len= 40 白胜 loss=37.7816 temp=0.25 total_env_steps=19094 t=0.15s
Ep  396: len= 49 黑胜 loss=38.5002 temp=0.25 total_env_steps=19143 t=0.17s
Ep  397: len= 32 白胜 loss=36.7830 temp=0.25 total_env_steps=19175 t=0.13s
Ep  398: len= 34 白胜 loss=38.5481 temp=0.25 total_env_steps=19209 t=0.13s
Ep  399: len= 56 白胜 loss=37.8818 temp=0.25 total_env_steps=19265 t=0.20s
Ep  400: len= 39 黑胜 loss=37.4536 temp=0.25 total_env_steps=19304 t=0.14s
  eval vs Gomoku-random-v0: win_rate=1.00 mean_return=1.00（20 局，total_env_steps=19304）
[闸门] vs random（40 局）: win_rate=0.925
[闸门] vs 半程快照（40 局，黑白各半）: score=0.775
[梯队] vs naive0（20 局，观察性）: win_rate=0.05
[梯队] vs naive1（20 局，观察性）: win_rate=0.00
[梯队] vs naive2（20 局，观察性）: win_rate=0.00
[梯队] vs naive3（20 局，观察性）: win_rate=0.00
📈 Gomoku-selfplay-v0 win_rate=1.00（best 1.00）| 门槛 0.95 | 84.9s

--- arm=recon seed=44 sims=100 ---
[MyZero-board] 组件: reconstruction
[MyZero-board Gomoku-selfplay-v0] obs=243(3×9²) |A|=81 sims=100 γ=1.0 negamax
Ep    1: len= 44 白胜 loss=0.0000 temp=1.00 total_env_steps=44 t=0.11s
Ep    2: len= 59 黑胜 loss=0.0000 temp=1.00 total_env_steps=103 t=0.15s
Ep    3: len= 55 黑胜 loss=0.0000 temp=1.00 total_env_steps=158 t=0.14s
Ep    4: len= 71 黑胜 loss=0.0000 temp=1.00 total_env_steps=229 t=0.20s
Ep    5: len= 60 白胜 loss=0.0000 temp=1.00 total_env_steps=289 t=0.16s
Ep    6: len= 41 黑胜 loss=0.0000 temp=1.00 total_env_steps=330 t=0.11s
Ep    7: len= 47 黑胜 loss=0.0000 temp=1.00 total_env_steps=377 t=0.12s
Ep    8: len= 66 白胜 loss=0.0000 temp=1.00 total_env_steps=443 t=0.18s
Ep    9: len= 63 黑胜 loss=0.0000 temp=1.00 total_env_steps=506 t=0.17s
Ep   10: len= 48 白胜 loss=74.8723 temp=1.00 total_env_steps=554 t=0.15s
Ep   11: len= 50 白胜 loss=44.9749 temp=1.00 total_env_steps=604 t=0.18s
Ep   12: len= 45 黑胜 loss=43.4795 temp=1.00 total_env_steps=649 t=0.16s
Ep   13: len= 78 白胜 loss=43.2280 temp=1.00 total_env_steps=727 t=0.22s
Ep   14: len= 22 白胜 loss=43.6707 temp=1.00 total_env_steps=749 t=0.08s
Ep   15: len= 68 白胜 loss=43.3818 temp=1.00 total_env_steps=817 t=0.34s
Ep   16: len= 34 白胜 loss=42.9131 temp=1.00 total_env_steps=851 t=0.12s
Ep   17: len= 54 白胜 loss=42.7667 temp=1.00 total_env_steps=905 t=0.18s
Ep   18: len= 57 黑胜 loss=42.9959 temp=1.00 total_env_steps=962 t=0.18s
Ep   19: len= 32 白胜 loss=42.9645 temp=1.00 total_env_steps=994 t=0.11s
Ep   20: len= 45 黑胜 loss=41.8365 temp=1.00 total_env_steps=1039 t=0.14s
Ep   21: len= 69 黑胜 loss=43.0930 temp=1.00 total_env_steps=1108 t=0.19s
Ep   22: len= 36 白胜 loss=43.4557 temp=1.00 total_env_steps=1144 t=0.12s
Ep   23: len= 64 白胜 loss=41.9434 temp=1.00 total_env_steps=1208 t=0.19s
Ep   24: len= 61 黑胜 loss=44.6359 temp=1.00 total_env_steps=1269 t=0.19s
Ep   25: len= 29 黑胜 loss=43.6393 temp=1.00 total_env_steps=1298 t=0.10s
Ep   26: len= 73 黑胜 loss=42.9972 temp=1.00 total_env_steps=1371 t=0.21s
Ep   27: len= 60 白胜 loss=42.3440 temp=1.00 total_env_steps=1431 t=0.19s
Ep   28: len= 61 黑胜 loss=42.6489 temp=1.00 total_env_steps=1492 t=0.19s
Ep   29: len= 51 黑胜 loss=42.8311 temp=1.00 total_env_steps=1543 t=0.15s
Ep   30: len= 57 黑胜 loss=42.9226 temp=1.00 total_env_steps=1600 t=0.24s
Ep   31: len= 60 白胜 loss=42.4308 temp=1.00 total_env_steps=1660 t=0.18s
Ep   32: len= 39 黑胜 loss=42.9540 temp=1.00 total_env_steps=1699 t=0.13s
Ep   33: len= 30 白胜 loss=41.4852 temp=1.00 total_env_steps=1729 t=0.10s
Ep   34: len= 66 白胜 loss=42.1643 temp=1.00 total_env_steps=1795 t=0.19s
Ep   35: len= 61 黑胜 loss=41.3526 temp=1.00 total_env_steps=1856 t=0.20s
Ep   36: len= 69 黑胜 loss=43.0071 temp=1.00 total_env_steps=1925 t=0.22s
Ep   37: len= 55 黑胜 loss=42.0396 temp=1.00 total_env_steps=1980 t=0.17s
Ep   38: len= 54 白胜 loss=41.8059 temp=1.00 total_env_steps=2034 t=0.16s
Ep   39: len= 65 黑胜 loss=41.8409 temp=1.00 total_env_steps=2099 t=0.19s
Ep   40: len= 45 黑胜 loss=40.6463 temp=1.00 total_env_steps=2144 t=0.14s
Ep   41: len= 62 白胜 loss=40.8215 temp=1.00 total_env_steps=2206 t=0.24s
Ep   42: len= 54 白胜 loss=42.1789 temp=1.00 total_env_steps=2260 t=0.20s
Ep   43: len= 49 黑胜 loss=43.0381 temp=1.00 total_env_steps=2309 t=0.16s
Ep   44: len= 69 黑胜 loss=42.6882 temp=1.00 total_env_steps=2378 t=0.20s
Ep   45: len= 61 黑胜 loss=41.6851 temp=1.00 total_env_steps=2439 t=0.21s
Ep   46: len= 68 白胜 loss=41.5385 temp=1.00 total_env_steps=2507 t=0.22s
Ep   47: len= 42 白胜 loss=40.1412 temp=1.00 total_env_steps=2549 t=0.14s
Ep   48: len= 50 白胜 loss=41.8120 temp=1.00 total_env_steps=2599 t=0.15s
Ep   49: len= 47 黑胜 loss=42.5386 temp=1.00 total_env_steps=2646 t=0.18s
Ep   50: len= 66 白胜 loss=41.1388 temp=1.00 total_env_steps=2712 t=0.21s
  eval vs Gomoku-random-v0: win_rate=0.95 mean_return=0.90（20 局，total_env_steps=2712）
  ✅ 达标 ep=50 total_env_steps=2712
Ep   51: len= 42 白胜 loss=41.4381 temp=1.00 total_env_steps=2754 t=0.14s
Ep   52: len= 51 黑胜 loss=41.1198 temp=1.00 total_env_steps=2805 t=0.16s
Ep   53: len= 30 白胜 loss=40.4464 temp=1.00 total_env_steps=2835 t=0.10s
Ep   54: len= 53 黑胜 loss=42.4130 temp=1.00 total_env_steps=2888 t=0.16s
Ep   55: len= 52 白胜 loss=41.7005 temp=1.00 total_env_steps=2940 t=0.15s
Ep   56: len= 18 白胜 loss=40.1588 temp=1.00 total_env_steps=2958 t=0.07s
Ep   57: len= 42 白胜 loss=39.8877 temp=1.00 total_env_steps=3000 t=0.14s
Ep   58: len= 51 黑胜 loss=40.7231 temp=1.00 total_env_steps=3051 t=0.15s
Ep   59: len= 53 黑胜 loss=41.4575 temp=1.00 total_env_steps=3104 t=0.17s
Ep   60: len= 33 黑胜 loss=41.7294 temp=1.00 total_env_steps=3137 t=0.11s
Ep   61: len= 45 黑胜 loss=40.7697 temp=1.00 total_env_steps=3182 t=0.14s
Ep   62: len= 70 白胜 loss=41.9156 temp=1.00 total_env_steps=3252 t=0.20s
Ep   63: len= 49 黑胜 loss=41.0474 temp=1.00 total_env_steps=3301 t=0.16s
Ep   64: len= 61 黑胜 loss=40.2778 temp=1.00 total_env_steps=3362 t=0.21s
Ep   65: len= 26 白胜 loss=41.0256 temp=1.00 total_env_steps=3388 t=0.10s
Ep   66: len= 49 黑胜 loss=40.6951 temp=1.00 total_env_steps=3437 t=0.15s
Ep   67: len= 45 黑胜 loss=41.2467 temp=1.00 total_env_steps=3482 t=0.13s
Ep   68: len= 62 白胜 loss=39.0825 temp=1.00 total_env_steps=3544 t=0.20s
Ep   69: len= 45 黑胜 loss=41.5487 temp=1.00 total_env_steps=3589 t=0.15s
Ep   70: len= 42 白胜 loss=41.1738 temp=1.00 total_env_steps=3631 t=0.15s
Ep   71: len= 64 白胜 loss=41.5840 temp=1.00 total_env_steps=3695 t=0.21s
Ep   72: len= 46 白胜 loss=41.1078 temp=1.00 total_env_steps=3741 t=0.16s
Ep   73: len= 41 黑胜 loss=40.7968 temp=1.00 total_env_steps=3782 t=0.15s
Ep   74: len= 61 黑胜 loss=40.4824 temp=1.00 total_env_steps=3843 t=0.20s
Ep   75: len= 35 黑胜 loss=41.7959 temp=1.00 total_env_steps=3878 t=0.12s
Ep   76: len= 69 黑胜 loss=41.6055 temp=1.00 total_env_steps=3947 t=0.22s
Ep   77: len= 63 黑胜 loss=40.0168 temp=1.00 total_env_steps=4010 t=0.20s
Ep   78: len= 32 白胜 loss=41.5476 temp=1.00 total_env_steps=4042 t=0.11s
Ep   79: len= 45 黑胜 loss=41.3235 temp=1.00 total_env_steps=4087 t=0.14s
Ep   80: len= 61 黑胜 loss=41.5947 temp=1.00 total_env_steps=4148 t=0.21s
Ep   81: len= 62 白胜 loss=41.8098 temp=1.00 total_env_steps=4210 t=0.23s
Ep   82: len= 59 黑胜 loss=40.5683 temp=1.00 total_env_steps=4269 t=0.22s
Ep   83: len= 47 黑胜 loss=41.6062 temp=1.00 total_env_steps=4316 t=0.14s
Ep   84: len= 59 黑胜 loss=41.0672 temp=1.00 total_env_steps=4375 t=0.18s
Ep   85: len= 69 黑胜 loss=39.6712 temp=1.00 total_env_steps=4444 t=0.24s
Ep   86: len= 58 白胜 loss=41.2392 temp=1.00 total_env_steps=4502 t=0.20s
Ep   87: len= 49 黑胜 loss=39.6533 temp=1.00 total_env_steps=4551 t=0.18s
Ep   88: len= 36 白胜 loss=40.7236 temp=1.00 total_env_steps=4587 t=0.13s
Ep   89: len= 55 黑胜 loss=39.7952 temp=1.00 total_env_steps=4642 t=0.17s
Ep   90: len= 51 黑胜 loss=42.4842 temp=1.00 total_env_steps=4693 t=0.15s
Ep   91: len= 81 平局 loss=41.5679 temp=1.00 total_env_steps=4774 t=0.25s
Ep   92: len= 52 白胜 loss=39.3384 temp=1.00 total_env_steps=4826 t=0.18s
Ep   93: len= 38 白胜 loss=40.8407 temp=1.00 total_env_steps=4864 t=0.13s
Ep   94: len= 31 黑胜 loss=40.5755 temp=1.00 total_env_steps=4895 t=0.10s
Ep   95: len= 66 白胜 loss=41.1937 temp=1.00 total_env_steps=4961 t=0.19s
Ep   96: len= 61 黑胜 loss=40.6780 temp=1.00 total_env_steps=5022 t=0.17s
Ep   97: len= 68 白胜 loss=40.0771 temp=1.00 total_env_steps=5090 t=0.22s
Ep   98: len= 60 白胜 loss=41.2057 temp=1.00 total_env_steps=5150 t=0.21s
Ep   99: len= 56 白胜 loss=40.9485 temp=1.00 total_env_steps=5206 t=0.20s
Ep  100: len= 25 黑胜 loss=41.0902 temp=1.00 total_env_steps=5231 t=0.09s
  eval vs Gomoku-random-v0: win_rate=1.00 mean_return=1.00（20 局，total_env_steps=5231）
Ep  101: len= 49 黑胜 loss=40.1963 temp=1.00 total_env_steps=5280 t=0.14s
Ep  102: len= 53 黑胜 loss=41.0775 temp=0.99 total_env_steps=5333 t=0.17s
Ep  103: len= 56 白胜 loss=41.2719 temp=0.99 total_env_steps=5389 t=0.17s
Ep  104: len= 39 黑胜 loss=40.9037 temp=0.98 total_env_steps=5428 t=0.12s
Ep  105: len= 42 白胜 loss=40.3032 temp=0.97 total_env_steps=5470 t=0.13s
Ep  106: len= 45 黑胜 loss=40.9592 temp=0.96 total_env_steps=5515 t=0.14s
Ep  107: len= 40 白胜 loss=40.3926 temp=0.95 total_env_steps=5555 t=0.15s
Ep  108: len= 37 黑胜 loss=41.6791 temp=0.95 total_env_steps=5592 t=0.14s
Ep  109: len= 41 黑胜 loss=39.8796 temp=0.94 total_env_steps=5633 t=0.15s
Ep  110: len= 51 黑胜 loss=41.3801 temp=0.93 total_env_steps=5684 t=0.17s
Ep  111: len= 57 黑胜 loss=40.0181 temp=0.93 total_env_steps=5741 t=0.19s
Ep  112: len= 50 白胜 loss=40.0002 temp=0.92 total_env_steps=5791 t=0.16s
Ep  113: len= 31 黑胜 loss=39.8337 temp=0.91 total_env_steps=5822 t=0.10s
Ep  114: len= 40 白胜 loss=40.7636 temp=0.90 total_env_steps=5862 t=0.13s
Ep  115: len= 39 黑胜 loss=40.0521 temp=0.89 total_env_steps=5901 t=0.14s
Ep  116: len= 57 黑胜 loss=40.4502 temp=0.89 total_env_steps=5958 t=0.19s
Ep  117: len= 23 黑胜 loss=39.6025 temp=0.88 total_env_steps=5981 t=0.09s
Ep  118: len= 47 黑胜 loss=41.4169 temp=0.87 total_env_steps=6028 t=0.17s
Ep  119: len= 52 白胜 loss=40.3892 temp=0.87 total_env_steps=6080 t=0.17s
Ep  120: len= 34 白胜 loss=41.0817 temp=0.86 total_env_steps=6114 t=0.12s
Ep  121: len= 35 黑胜 loss=41.4180 temp=0.85 total_env_steps=6149 t=0.13s
Ep  122: len= 69 黑胜 loss=40.5851 temp=0.84 total_env_steps=6218 t=0.20s
Ep  123: len= 50 白胜 loss=39.9675 temp=0.84 total_env_steps=6268 t=0.16s
Ep  124: len= 49 黑胜 loss=40.5348 temp=0.83 total_env_steps=6317 t=0.16s
Ep  125: len= 59 黑胜 loss=40.8776 temp=0.82 total_env_steps=6376 t=0.18s
Ep  126: len= 34 白胜 loss=40.5776 temp=0.81 total_env_steps=6410 t=0.11s
Ep  127: len= 47 黑胜 loss=40.3774 temp=0.81 total_env_steps=6457 t=0.15s
Ep  128: len= 40 白胜 loss=40.5224 temp=0.80 total_env_steps=6497 t=0.12s
Ep  129: len= 54 白胜 loss=40.7135 temp=0.79 total_env_steps=6551 t=0.15s
Ep  130: len= 60 白胜 loss=41.0259 temp=0.78 total_env_steps=6611 t=0.18s
Ep  131: len= 38 白胜 loss=40.7008 temp=0.77 total_env_steps=6649 t=0.13s
Ep  132: len= 38 白胜 loss=39.6021 temp=0.77 total_env_steps=6687 t=0.12s
Ep  133: len= 56 白胜 loss=38.9675 temp=0.76 total_env_steps=6743 t=0.17s
Ep  134: len= 42 白胜 loss=39.4960 temp=0.75 total_env_steps=6785 t=0.14s
Ep  135: len= 67 黑胜 loss=39.8354 temp=0.75 total_env_steps=6852 t=0.20s
Ep  136: len= 52 白胜 loss=40.3390 temp=0.74 total_env_steps=6904 t=0.16s
Ep  137: len= 81 平局 loss=40.4215 temp=0.73 total_env_steps=6985 t=0.24s
Ep  138: len= 59 黑胜 loss=41.1931 temp=0.72 total_env_steps=7044 t=0.18s
Ep  139: len= 49 黑胜 loss=41.0470 temp=0.72 total_env_steps=7093 t=0.19s
Ep  140: len= 53 黑胜 loss=40.4246 temp=0.71 total_env_steps=7146 t=0.20s
Ep  141: len= 46 白胜 loss=41.6724 temp=0.70 total_env_steps=7192 t=0.17s
Ep  142: len= 24 白胜 loss=40.4845 temp=0.69 total_env_steps=7216 t=0.09s
Ep  143: len= 45 黑胜 loss=40.1849 temp=0.69 total_env_steps=7261 t=0.14s
Ep  144: len= 53 黑胜 loss=39.9163 temp=0.68 total_env_steps=7314 t=0.18s
Ep  145: len= 27 黑胜 loss=39.2532 temp=0.67 total_env_steps=7341 t=0.09s
Ep  146: len= 47 黑胜 loss=40.7293 temp=0.66 total_env_steps=7388 t=0.14s
Ep  147: len= 54 白胜 loss=40.2042 temp=0.65 total_env_steps=7442 t=0.17s
Ep  148: len= 48 白胜 loss=40.8069 temp=0.65 total_env_steps=7490 t=0.16s
Ep  149: len= 35 黑胜 loss=39.7411 temp=0.64 total_env_steps=7525 t=0.11s
Ep  150: len= 44 白胜 loss=38.7366 temp=0.63 total_env_steps=7569 t=0.17s
  eval vs Gomoku-random-v0: win_rate=0.85 mean_return=0.70（20 局，total_env_steps=7569）
Ep  151: len= 81 平局 loss=40.0443 temp=0.62 total_env_steps=7650 t=0.25s
Ep  152: len= 67 黑胜 loss=40.8324 temp=0.62 total_env_steps=7717 t=0.19s
Ep  153: len= 40 白胜 loss=39.4399 temp=0.61 total_env_steps=7757 t=0.13s
Ep  154: len= 30 白胜 loss=39.9938 temp=0.60 total_env_steps=7787 t=0.10s
Ep  155: len= 44 白胜 loss=40.7157 temp=0.59 total_env_steps=7831 t=0.15s
Ep  156: len= 32 白胜 loss=39.4995 temp=0.59 total_env_steps=7863 t=0.12s
Ep  157: len= 54 白胜 loss=39.3566 temp=0.58 total_env_steps=7917 t=0.18s
Ep  158: len= 39 黑胜 loss=41.0885 temp=0.57 total_env_steps=7956 t=0.13s
Ep  159: len= 53 黑胜 loss=39.4061 temp=0.56 total_env_steps=8009 t=0.17s
Ep  160: len= 34 白胜 loss=41.3387 temp=0.56 total_env_steps=8043 t=0.11s
Ep  161: len= 39 黑胜 loss=39.6454 temp=0.55 total_env_steps=8082 t=0.13s
Ep  162: len= 36 白胜 loss=40.8823 temp=0.54 total_env_steps=8118 t=0.12s
Ep  163: len= 41 黑胜 loss=39.7128 temp=0.53 total_env_steps=8159 t=0.14s
Ep  164: len= 57 黑胜 loss=39.0483 temp=0.53 total_env_steps=8216 t=0.19s
Ep  165: len= 34 白胜 loss=41.2440 temp=0.52 total_env_steps=8250 t=0.13s
Ep  166: len= 45 黑胜 loss=39.4200 temp=0.51 total_env_steps=8295 t=0.15s
Ep  167: len= 21 黑胜 loss=39.7487 temp=0.50 total_env_steps=8316 t=0.08s
Ep  168: len= 39 黑胜 loss=41.0589 temp=0.50 total_env_steps=8355 t=0.13s
Ep  169: len= 40 白胜 loss=39.2367 temp=0.49 total_env_steps=8395 t=0.12s
Ep  170: len= 49 黑胜 loss=38.2037 temp=0.48 total_env_steps=8444 t=0.15s
Ep  171: len= 33 黑胜 loss=40.4750 temp=0.48 total_env_steps=8477 t=0.12s
Ep  172: len= 62 白胜 loss=40.3242 temp=0.47 total_env_steps=8539 t=0.19s
Ep  173: len= 59 黑胜 loss=41.2219 temp=0.46 total_env_steps=8598 t=0.19s
Ep  174: len= 47 黑胜 loss=39.8480 temp=0.45 total_env_steps=8645 t=0.14s
Ep  175: len= 46 白胜 loss=41.2471 temp=0.44 total_env_steps=8691 t=0.15s
Ep  176: len= 53 黑胜 loss=40.0238 temp=0.44 total_env_steps=8744 t=0.17s
Ep  177: len= 64 白胜 loss=40.5247 temp=0.43 total_env_steps=8808 t=0.20s
Ep  178: len= 40 白胜 loss=39.3482 temp=0.42 total_env_steps=8848 t=0.15s
Ep  179: len= 41 黑胜 loss=39.4603 temp=0.42 total_env_steps=8889 t=0.15s
Ep  180: len= 35 黑胜 loss=39.9514 temp=0.41 total_env_steps=8924 t=0.12s
Ep  181: len= 38 白胜 loss=39.9791 temp=0.40 total_env_steps=8962 t=0.13s
Ep  182: len= 51 黑胜 loss=40.1959 temp=0.39 total_env_steps=9013 t=0.17s
Ep  183: len= 50 白胜 loss=39.3252 temp=0.38 total_env_steps=9063 t=0.17s
Ep  184: len= 45 黑胜 loss=40.0279 temp=0.38 total_env_steps=9108 t=0.15s
Ep  185: len= 49 黑胜 loss=40.2269 temp=0.37 total_env_steps=9157 t=0.17s
Ep  186: len= 29 黑胜 loss=40.3729 temp=0.36 total_env_steps=9186 t=0.12s
Ep  187: len= 35 黑胜 loss=41.0183 temp=0.36 total_env_steps=9221 t=0.12s
Ep  188: len= 58 白胜 loss=40.1797 temp=0.35 total_env_steps=9279 t=0.19s
Ep  189: len= 34 白胜 loss=40.4884 temp=0.34 total_env_steps=9313 t=0.11s
Ep  190: len= 40 白胜 loss=39.7880 temp=0.33 total_env_steps=9353 t=0.15s
Ep  191: len= 33 黑胜 loss=39.3419 temp=0.33 total_env_steps=9386 t=0.13s
Ep  192: len= 65 黑胜 loss=40.6111 temp=0.32 total_env_steps=9451 t=0.22s
Ep  193: len= 47 黑胜 loss=40.4559 temp=0.31 total_env_steps=9498 t=0.17s
Ep  194: len= 57 黑胜 loss=38.8812 temp=0.30 total_env_steps=9555 t=0.20s
Ep  195: len= 51 黑胜 loss=40.5062 temp=0.30 total_env_steps=9606 t=0.18s
Ep  196: len= 39 黑胜 loss=39.3209 temp=0.29 total_env_steps=9645 t=0.15s
Ep  197: len= 56 白胜 loss=39.7025 temp=0.28 total_env_steps=9701 t=0.27s
Ep  198: len= 48 白胜 loss=40.2116 temp=0.27 total_env_steps=9749 t=0.22s
Ep  199: len= 57 黑胜 loss=40.7007 temp=0.26 total_env_steps=9806 t=0.21s
Ep  200: len= 45 黑胜 loss=39.6018 temp=0.26 total_env_steps=9851 t=0.16s
  eval vs Gomoku-random-v0: win_rate=1.00 mean_return=1.00（20 局，total_env_steps=9851）
  📸 已拍权重快照（ep=200，gating 对弈基准）
Ep  201: len= 37 黑胜 loss=40.3085 temp=0.25 total_env_steps=9888 t=0.14s
Ep  202: len= 44 白胜 loss=40.2521 temp=0.25 total_env_steps=9932 t=0.14s
Ep  203: len= 65 黑胜 loss=40.1869 temp=0.25 total_env_steps=9997 t=0.23s
Ep  204: len= 45 黑胜 loss=39.4356 temp=0.25 total_env_steps=10042 t=0.20s
Ep  205: len= 64 白胜 loss=40.2941 temp=0.25 total_env_steps=10106 t=0.21s
Ep  206: len= 59 黑胜 loss=40.4891 temp=0.25 total_env_steps=10165 t=0.20s
Ep  207: len= 64 白胜 loss=39.3098 temp=0.25 total_env_steps=10229 t=0.21s
Ep  208: len= 51 黑胜 loss=40.4680 temp=0.25 total_env_steps=10280 t=0.19s
Ep  209: len= 50 白胜 loss=39.9953 temp=0.25 total_env_steps=10330 t=0.17s
Ep  210: len= 27 黑胜 loss=38.7886 temp=0.25 total_env_steps=10357 t=0.12s
Ep  211: len= 33 黑胜 loss=40.8316 temp=0.25 total_env_steps=10390 t=0.13s
Ep  212: len= 42 白胜 loss=39.0314 temp=0.25 total_env_steps=10432 t=0.15s
Ep  213: len= 31 黑胜 loss=39.4103 temp=0.25 total_env_steps=10463 t=0.12s
Ep  214: len= 50 白胜 loss=39.4891 temp=0.25 total_env_steps=10513 t=0.19s
Ep  215: len= 40 白胜 loss=38.0924 temp=0.25 total_env_steps=10553 t=0.16s
Ep  216: len= 45 黑胜 loss=40.1422 temp=0.25 total_env_steps=10598 t=0.17s
Ep  217: len= 37 黑胜 loss=39.8122 temp=0.25 total_env_steps=10635 t=0.15s
Ep  218: len= 42 白胜 loss=39.4782 temp=0.25 total_env_steps=10677 t=0.18s
Ep  219: len= 44 白胜 loss=38.2925 temp=0.25 total_env_steps=10721 t=0.16s
Ep  220: len= 70 白胜 loss=39.3876 temp=0.25 total_env_steps=10791 t=0.28s
Ep  221: len= 56 白胜 loss=39.9986 temp=0.25 total_env_steps=10847 t=0.21s
Ep  222: len= 56 白胜 loss=40.2295 temp=0.25 total_env_steps=10903 t=0.20s
Ep  223: len= 41 黑胜 loss=39.2753 temp=0.25 total_env_steps=10944 t=0.15s
Ep  224: len= 81 平局 loss=39.0036 temp=0.25 total_env_steps=11025 t=0.27s
Ep  225: len= 48 白胜 loss=38.5006 temp=0.25 total_env_steps=11073 t=0.18s
Ep  226: len= 63 黑胜 loss=38.9579 temp=0.25 total_env_steps=11136 t=0.22s
Ep  227: len= 50 白胜 loss=39.5710 temp=0.25 total_env_steps=11186 t=0.18s
Ep  228: len= 36 白胜 loss=38.3422 temp=0.25 total_env_steps=11222 t=0.13s
Ep  229: len= 65 黑胜 loss=39.0434 temp=0.25 total_env_steps=11287 t=0.23s
Ep  230: len= 35 黑胜 loss=39.9241 temp=0.25 total_env_steps=11322 t=0.14s
Ep  231: len= 66 白胜 loss=39.7121 temp=0.25 total_env_steps=11388 t=0.24s
Ep  232: len= 30 白胜 loss=38.5455 temp=0.25 total_env_steps=11418 t=0.13s
Ep  233: len= 37 黑胜 loss=38.8310 temp=0.25 total_env_steps=11455 t=0.14s
Ep  234: len= 42 白胜 loss=39.6480 temp=0.25 total_env_steps=11497 t=0.16s
Ep  235: len= 53 黑胜 loss=39.9029 temp=0.25 total_env_steps=11550 t=0.20s
Ep  236: len= 43 黑胜 loss=38.4520 temp=0.25 total_env_steps=11593 t=0.16s
Ep  237: len= 49 黑胜 loss=38.1188 temp=0.25 total_env_steps=11642 t=0.18s
Ep  238: len= 35 黑胜 loss=38.8414 temp=0.25 total_env_steps=11677 t=0.14s
Ep  239: len= 39 黑胜 loss=38.9557 temp=0.25 total_env_steps=11716 t=0.15s
Ep  240: len= 39 黑胜 loss=38.3915 temp=0.25 total_env_steps=11755 t=0.16s
Ep  241: len= 27 黑胜 loss=40.1028 temp=0.25 total_env_steps=11782 t=0.12s
Ep  242: len= 46 白胜 loss=38.8529 temp=0.25 total_env_steps=11828 t=0.17s
Ep  243: len= 49 黑胜 loss=39.2548 temp=0.25 total_env_steps=11877 t=0.19s
Ep  244: len= 62 白胜 loss=39.9189 temp=0.25 total_env_steps=11939 t=0.24s
Ep  245: len= 43 黑胜 loss=37.7965 temp=0.25 total_env_steps=11982 t=0.15s
Ep  246: len= 38 白胜 loss=37.8522 temp=0.25 total_env_steps=12020 t=0.15s
Ep  247: len= 30 白胜 loss=36.9186 temp=0.25 total_env_steps=12050 t=0.13s
Ep  248: len= 34 白胜 loss=40.2090 temp=0.25 total_env_steps=12084 t=0.14s
Ep  249: len= 47 黑胜 loss=38.1237 temp=0.25 total_env_steps=12131 t=0.18s
Ep  250: len= 54 白胜 loss=39.9210 temp=0.25 total_env_steps=12185 t=0.19s
  eval vs Gomoku-random-v0: win_rate=0.75 mean_return=0.50（20 局，total_env_steps=12185）
Ep  251: len= 47 黑胜 loss=38.9727 temp=0.25 total_env_steps=12232 t=0.17s
Ep  252: len= 59 黑胜 loss=38.3016 temp=0.25 total_env_steps=12291 t=0.21s
Ep  253: len= 43 黑胜 loss=40.0294 temp=0.25 total_env_steps=12334 t=0.17s
Ep  254: len= 56 白胜 loss=38.9584 temp=0.25 total_env_steps=12390 t=0.18s
Ep  255: len= 39 黑胜 loss=39.3359 temp=0.25 total_env_steps=12429 t=0.16s
Ep  256: len= 38 白胜 loss=38.9179 temp=0.25 total_env_steps=12467 t=0.14s
Ep  257: len= 35 黑胜 loss=37.8481 temp=0.25 total_env_steps=12502 t=0.15s
Ep  258: len= 57 黑胜 loss=39.2795 temp=0.25 total_env_steps=12559 t=0.22s
Ep  259: len= 40 白胜 loss=39.6661 temp=0.25 total_env_steps=12599 t=0.16s
Ep  260: len= 37 黑胜 loss=39.6065 temp=0.25 total_env_steps=12636 t=0.15s
Ep  261: len= 60 白胜 loss=38.7015 temp=0.25 total_env_steps=12696 t=0.21s
Ep  262: len= 35 黑胜 loss=38.4697 temp=0.25 total_env_steps=12731 t=0.14s
Ep  263: len= 48 白胜 loss=39.3173 temp=0.25 total_env_steps=12779 t=0.17s
Ep  264: len= 52 白胜 loss=38.1955 temp=0.25 total_env_steps=12831 t=0.18s
Ep  265: len= 55 黑胜 loss=38.8503 temp=0.25 total_env_steps=12886 t=0.21s
Ep  266: len= 55 黑胜 loss=38.4475 temp=0.25 total_env_steps=12941 t=0.19s
Ep  267: len= 47 黑胜 loss=39.7611 temp=0.25 total_env_steps=12988 t=0.18s
Ep  268: len= 43 黑胜 loss=37.8071 temp=0.25 total_env_steps=13031 t=0.17s
Ep  269: len= 43 黑胜 loss=37.8784 temp=0.25 total_env_steps=13074 t=0.16s
Ep  270: len= 22 白胜 loss=37.8971 temp=0.25 total_env_steps=13096 t=0.11s
Ep  271: len= 36 白胜 loss=39.2604 temp=0.25 total_env_steps=13132 t=0.14s
Ep  272: len= 57 黑胜 loss=38.8935 temp=0.25 total_env_steps=13189 t=0.19s
Ep  273: len= 62 白胜 loss=39.1403 temp=0.25 total_env_steps=13251 t=0.23s
Ep  274: len= 31 黑胜 loss=37.8840 temp=0.25 total_env_steps=13282 t=0.12s
Ep  275: len= 52 白胜 loss=38.9751 temp=0.25 total_env_steps=13334 t=0.20s
Ep  276: len= 45 黑胜 loss=37.3576 temp=0.25 total_env_steps=13379 t=0.18s
Ep  277: len= 54 白胜 loss=38.3008 temp=0.25 total_env_steps=13433 t=0.18s
Ep  278: len= 55 黑胜 loss=36.9205 temp=0.25 total_env_steps=13488 t=0.19s
Ep  279: len= 51 黑胜 loss=36.2452 temp=0.25 total_env_steps=13539 t=0.18s
Ep  280: len= 46 白胜 loss=38.4128 temp=0.25 total_env_steps=13585 t=0.18s
Ep  281: len= 30 白胜 loss=37.5733 temp=0.25 total_env_steps=13615 t=0.13s
Ep  282: len= 32 白胜 loss=38.9194 temp=0.25 total_env_steps=13647 t=0.13s
Ep  283: len= 18 白胜 loss=38.4003 temp=0.25 total_env_steps=13665 t=0.10s
Ep  284: len= 43 黑胜 loss=38.0836 temp=0.25 total_env_steps=13708 t=0.16s
Ep  285: len= 44 白胜 loss=38.7228 temp=0.25 total_env_steps=13752 t=0.17s
Ep  286: len= 42 白胜 loss=38.4496 temp=0.25 total_env_steps=13794 t=0.16s
Ep  287: len= 58 白胜 loss=39.1680 temp=0.25 total_env_steps=13852 t=0.21s
Ep  288: len= 45 黑胜 loss=38.8439 temp=0.25 total_env_steps=13897 t=0.16s
Ep  289: len= 40 白胜 loss=37.8287 temp=0.25 total_env_steps=13937 t=0.17s
Ep  290: len= 73 黑胜 loss=38.8728 temp=0.25 total_env_steps=14010 t=0.24s
Ep  291: len= 44 白胜 loss=37.8317 temp=0.25 total_env_steps=14054 t=0.17s
Ep  292: len= 48 白胜 loss=38.9481 temp=0.25 total_env_steps=14102 t=0.18s
Ep  293: len= 45 黑胜 loss=37.9007 temp=0.25 total_env_steps=14147 t=0.17s
Ep  294: len= 38 白胜 loss=38.0994 temp=0.25 total_env_steps=14185 t=0.16s
Ep  295: len= 34 白胜 loss=37.4337 temp=0.25 total_env_steps=14219 t=0.13s
Ep  296: len= 29 黑胜 loss=38.3060 temp=0.25 total_env_steps=14248 t=0.13s
Ep  297: len= 50 白胜 loss=37.9505 temp=0.25 total_env_steps=14298 t=0.22s
Ep  298: len= 36 白胜 loss=37.5038 temp=0.25 total_env_steps=14334 t=0.16s
Ep  299: len= 39 黑胜 loss=38.3718 temp=0.25 total_env_steps=14373 t=0.17s
Ep  300: len= 57 黑胜 loss=38.2761 temp=0.25 total_env_steps=14430 t=0.21s
  eval vs Gomoku-random-v0: win_rate=0.80 mean_return=0.60（20 局，total_env_steps=14430）
Ep  301: len= 47 黑胜 loss=38.8389 temp=0.25 total_env_steps=14477 t=0.20s
Ep  302: len= 57 黑胜 loss=38.3667 temp=0.25 total_env_steps=14534 t=0.21s
Ep  303: len= 46 白胜 loss=36.6572 temp=0.25 total_env_steps=14580 t=0.19s
Ep  304: len= 60 白胜 loss=39.2241 temp=0.25 total_env_steps=14640 t=0.21s
Ep  305: len= 37 黑胜 loss=37.4124 temp=0.25 total_env_steps=14677 t=0.16s
Ep  306: len= 38 白胜 loss=37.8166 temp=0.25 total_env_steps=14715 t=0.16s
Ep  307: len= 21 黑胜 loss=37.8184 temp=0.25 total_env_steps=14736 t=0.11s
Ep  308: len= 34 白胜 loss=37.4293 temp=0.25 total_env_steps=14770 t=0.16s
Ep  309: len= 41 黑胜 loss=38.0909 temp=0.25 total_env_steps=14811 t=0.16s
Ep  310: len= 36 白胜 loss=38.2045 temp=0.25 total_env_steps=14847 t=0.15s
Ep  311: len= 41 黑胜 loss=37.8132 temp=0.25 total_env_steps=14888 t=0.16s
Ep  312: len= 56 白胜 loss=37.6886 temp=0.25 total_env_steps=14944 t=0.23s
Ep  313: len= 28 白胜 loss=37.8985 temp=0.25 total_env_steps=14972 t=0.12s
Ep  314: len= 40 白胜 loss=37.2935 temp=0.25 total_env_steps=15012 t=0.16s
Ep  315: len= 29 黑胜 loss=40.0584 temp=0.25 total_env_steps=15041 t=0.13s
Ep  316: len= 54 白胜 loss=38.9232 temp=0.25 total_env_steps=15095 t=0.19s
Ep  317: len= 36 白胜 loss=38.4584 temp=0.25 total_env_steps=15131 t=0.13s
Ep  318: len= 24 白胜 loss=37.1926 temp=0.25 total_env_steps=15155 t=0.10s
Ep  319: len= 50 白胜 loss=37.5063 temp=0.25 total_env_steps=15205 t=0.17s
Ep  320: len= 41 黑胜 loss=37.6874 temp=0.25 total_env_steps=15246 t=0.15s
Ep  321: len= 50 白胜 loss=37.7191 temp=0.25 total_env_steps=15296 t=0.18s
Ep  322: len= 45 黑胜 loss=37.6287 temp=0.25 total_env_steps=15341 t=0.17s
Ep  323: len= 80 白胜 loss=37.7755 temp=0.25 total_env_steps=15421 t=0.25s
Ep  324: len= 73 黑胜 loss=36.6418 temp=0.25 total_env_steps=15494 t=0.24s
Ep  325: len= 57 黑胜 loss=37.8217 temp=0.25 total_env_steps=15551 t=0.20s
Ep  326: len= 52 白胜 loss=37.4414 temp=0.25 total_env_steps=15603 t=0.18s
Ep  327: len= 53 黑胜 loss=37.4934 temp=0.25 total_env_steps=15656 t=0.18s
Ep  328: len= 55 黑胜 loss=38.7017 temp=0.25 total_env_steps=15711 t=0.18s
Ep  329: len= 44 白胜 loss=37.2544 temp=0.25 total_env_steps=15755 t=0.16s
Ep  330: len= 54 白胜 loss=36.9619 temp=0.25 total_env_steps=15809 t=0.21s
Ep  331: len= 41 黑胜 loss=36.7389 temp=0.25 total_env_steps=15850 t=0.15s
Ep  332: len= 39 黑胜 loss=37.5854 temp=0.25 total_env_steps=15889 t=0.13s
Ep  333: len= 60 白胜 loss=38.2420 temp=0.25 total_env_steps=15949 t=0.20s
Ep  334: len= 39 黑胜 loss=38.0897 temp=0.25 total_env_steps=15988 t=0.14s
Ep  335: len= 36 白胜 loss=38.6018 temp=0.25 total_env_steps=16024 t=0.14s
Ep  336: len= 55 黑胜 loss=37.3150 temp=0.25 total_env_steps=16079 t=0.20s
Ep  337: len= 43 黑胜 loss=37.4033 temp=0.25 total_env_steps=16122 t=0.17s
Ep  338: len= 33 黑胜 loss=37.5743 temp=0.25 total_env_steps=16155 t=0.13s
Ep  339: len= 52 白胜 loss=37.5662 temp=0.25 total_env_steps=16207 t=0.20s
Ep  340: len= 46 白胜 loss=37.4650 temp=0.25 total_env_steps=16253 t=0.17s
Ep  341: len= 33 黑胜 loss=37.8585 temp=0.25 total_env_steps=16286 t=0.13s
Ep  342: len= 52 白胜 loss=36.6247 temp=0.25 total_env_steps=16338 t=0.21s
Ep  343: len= 62 白胜 loss=38.1545 temp=0.25 total_env_steps=16400 t=0.22s
Ep  344: len= 48 白胜 loss=38.4829 temp=0.25 total_env_steps=16448 t=0.20s
Ep  345: len= 36 白胜 loss=38.2894 temp=0.25 total_env_steps=16484 t=0.15s
Ep  346: len= 54 白胜 loss=39.0392 temp=0.25 total_env_steps=16538 t=0.19s
Ep  347: len= 38 白胜 loss=38.2248 temp=0.25 total_env_steps=16576 t=0.16s
Ep  348: len= 44 白胜 loss=37.4695 temp=0.25 total_env_steps=16620 t=0.18s
Ep  349: len= 45 黑胜 loss=37.7511 temp=0.25 total_env_steps=16665 t=0.17s
Ep  350: len= 43 黑胜 loss=36.1341 temp=0.25 total_env_steps=16708 t=0.18s
  eval vs Gomoku-random-v0: win_rate=0.80 mean_return=0.60（20 局，total_env_steps=16708）
Ep  351: len= 58 白胜 loss=37.2891 temp=0.25 total_env_steps=16766 t=0.21s
Ep  352: len= 68 白胜 loss=38.4636 temp=0.25 total_env_steps=16834 t=0.22s
Ep  353: len= 26 白胜 loss=37.1622 temp=0.25 total_env_steps=16860 t=0.12s
Ep  354: len= 31 黑胜 loss=37.1868 temp=0.25 total_env_steps=16891 t=0.14s
Ep  355: len= 40 白胜 loss=37.1374 temp=0.25 total_env_steps=16931 t=0.16s
Ep  356: len= 77 黑胜 loss=39.5007 temp=0.25 total_env_steps=17008 t=0.24s
Ep  357: len= 30 白胜 loss=36.4693 temp=0.25 total_env_steps=17038 t=0.12s
Ep  358: len= 55 黑胜 loss=38.1145 temp=0.25 total_env_steps=17093 t=0.19s
Ep  359: len= 41 黑胜 loss=36.7069 temp=0.25 total_env_steps=17134 t=0.16s
Ep  360: len= 53 黑胜 loss=38.6585 temp=0.25 total_env_steps=17187 t=0.18s
Ep  361: len= 33 黑胜 loss=36.3593 temp=0.25 total_env_steps=17220 t=0.13s
Ep  362: len= 60 白胜 loss=37.8301 temp=0.25 total_env_steps=17280 t=0.19s
Ep  363: len= 33 黑胜 loss=38.4842 temp=0.25 total_env_steps=17313 t=0.14s
Ep  364: len= 43 黑胜 loss=36.5493 temp=0.25 total_env_steps=17356 t=0.17s
Ep  365: len= 40 白胜 loss=37.2135 temp=0.25 total_env_steps=17396 t=0.16s
Ep  366: len= 49 黑胜 loss=36.6510 temp=0.25 total_env_steps=17445 t=0.17s
Ep  367: len= 33 黑胜 loss=36.8991 temp=0.25 total_env_steps=17478 t=0.12s
Ep  368: len= 70 白胜 loss=37.1931 temp=0.25 total_env_steps=17548 t=0.22s
Ep  369: len= 27 黑胜 loss=37.7771 temp=0.25 total_env_steps=17575 t=0.12s
Ep  370: len= 46 白胜 loss=36.9304 temp=0.25 total_env_steps=17621 t=0.16s
Ep  371: len= 42 白胜 loss=38.0203 temp=0.25 total_env_steps=17663 t=0.14s
Ep  372: len= 52 白胜 loss=38.0622 temp=0.25 total_env_steps=17715 t=0.18s
Ep  373: len= 56 白胜 loss=37.1890 temp=0.25 total_env_steps=17771 t=0.20s
Ep  374: len= 43 黑胜 loss=37.2079 temp=0.25 total_env_steps=17814 t=0.15s
Ep  375: len= 31 黑胜 loss=37.2044 temp=0.25 total_env_steps=17845 t=0.12s
Ep  376: len= 51 黑胜 loss=37.9764 temp=0.25 total_env_steps=17896 t=0.17s
Ep  377: len= 38 白胜 loss=37.2425 temp=0.25 total_env_steps=17934 t=0.14s
Ep  378: len= 26 白胜 loss=37.2473 temp=0.25 total_env_steps=17960 t=0.12s
Ep  379: len= 20 白胜 loss=38.3672 temp=0.25 total_env_steps=17980 t=0.09s
Ep  380: len= 27 黑胜 loss=37.2084 temp=0.25 total_env_steps=18007 t=0.13s
Ep  381: len= 36 白胜 loss=37.9894 temp=0.25 total_env_steps=18043 t=0.13s
Ep  382: len= 32 白胜 loss=38.4509 temp=0.25 total_env_steps=18075 t=0.13s
Ep  383: len= 51 黑胜 loss=37.5178 temp=0.25 total_env_steps=18126 t=0.17s
Ep  384: len= 37 黑胜 loss=37.0721 temp=0.25 total_env_steps=18163 t=0.15s
Ep  385: len= 43 黑胜 loss=37.5666 temp=0.25 total_env_steps=18206 t=0.16s
Ep  386: len= 33 黑胜 loss=37.6120 temp=0.25 total_env_steps=18239 t=0.14s
Ep  387: len= 32 白胜 loss=38.0367 temp=0.25 total_env_steps=18271 t=0.13s
Ep  388: len= 45 黑胜 loss=36.5063 temp=0.25 total_env_steps=18316 t=0.17s
Ep  389: len= 57 黑胜 loss=36.8671 temp=0.25 total_env_steps=18373 t=0.21s
Ep  390: len= 44 白胜 loss=37.9817 temp=0.25 total_env_steps=18417 t=0.18s
Ep  391: len= 18 白胜 loss=37.9260 temp=0.25 total_env_steps=18435 t=0.09s
Ep  392: len= 58 白胜 loss=37.5757 temp=0.25 total_env_steps=18493 t=0.22s
Ep  393: len= 36 白胜 loss=39.5887 temp=0.25 total_env_steps=18529 t=0.16s
Ep  394: len= 39 黑胜 loss=37.3185 temp=0.25 total_env_steps=18568 t=0.15s
Ep  395: len= 69 黑胜 loss=37.5960 temp=0.25 total_env_steps=18637 t=0.23s
Ep  396: len= 46 白胜 loss=37.3164 temp=0.25 total_env_steps=18683 t=0.22s
Ep  397: len= 50 白胜 loss=37.7367 temp=0.25 total_env_steps=18733 t=0.17s
Ep  398: len= 50 白胜 loss=37.4717 temp=0.25 total_env_steps=18783 t=0.17s
Ep  399: len= 51 黑胜 loss=36.9446 temp=0.25 total_env_steps=18834 t=0.18s
Ep  400: len= 39 黑胜 loss=37.7401 temp=0.25 total_env_steps=18873 t=0.14s
  eval vs Gomoku-random-v0: win_rate=0.70 mean_return=0.40（20 局，total_env_steps=18873）
[闸门] vs random（40 局）: win_rate=0.875
[闸门] vs 半程快照（40 局，黑白各半）: score=0.100
[梯队] vs naive0（20 局，观察性）: win_rate=0.00
[梯队] vs naive1（20 局，观察性）: win_rate=0.00
[梯队] vs naive2（20 局，观察性）: win_rate=0.00
[梯队] vs naive3（20 局，观察性）: win_rate=0.00
📈 Gomoku-selfplay-v0 win_rate=0.70（best 1.00）| 门槛 0.95 | 83.4s

--- M3 arm=recon 汇总（base 对照见 bench 头注释）---
  seed=42 vs_random=0.975 vs_snapshot=0.550 | 梯队 naive0=0.10 naive1=0.00 naive2=0.00 naive3=0.00 | env_steps=18340 wall=81s
  seed=43 vs_random=0.925 vs_snapshot=0.775 | 梯队 naive0=0.05 naive1=0.00 naive2=0.00 naive3=0.00 | env_steps=19304 wall=85s
  seed=44 vs_random=0.875 vs_snapshot=0.100 | 梯队 naive0=0.00 naive1=0.00 naive2=0.00 naive3=0.00 | env_steps=18873 wall=83s
ok

test result: ok. 1 passed; 0 failed; 0 ignored; 0 measured; 3416 filtered out; finished in 249.25s

     Running tests\cse_dedup.rs (target\release\deps\cse_dedup-7a657e998c2a0176.exe)

running 0 tests

test result: ok. 0 passed; 0 failed; 0 ignored; 0 measured; 1 filtered out; finished in 0.00s

     Running tests\mode_invariants.rs (target\release\deps\mode_invariants-12496c59841ba5c8.exe)

running 0 tests

test result: ok. 0 passed; 0 failed; 0 ignored; 0 measured; 9 filtered out; finished in 0.00s

     Running tests\onnx_otm_load_bench.rs (target\release\deps\onnx_otm_load_bench-39da60dd6dcd2511.exe)

running 0 tests

test result: ok. 0 passed; 0 failed; 0 ignored; 0 measured; 1 filtered out; finished in 0.00s

     Running tests\yolov5_xiangqi_import.rs (target\release\deps\yolov5_xiangqi_import-5a55f6b67c0e8a85.exe)

running 0 tests

test result: ok. 0 passed; 0 failed; 0 ignored; 0 measured; 6 filtered out; finished in 0.00s

