   Compiling only_torch v0.25.0 (D:\DATA\BaiduSyncdisk\project\personal\only_torch)
    Finished `release` profile [optimized] target(s) in 49.50s
     Running unittests src\lib.rs (target\release\deps\only_torch-45d502c1e61c3f90.exe)

running 1 test
test rl::algo::my_zero::tests::gomoku_m3_bench::gomoku_naive0_true_rules_seedext ... 
--- arm=true_rules_ext seed=45 sims=100 ---
[MyZero-board Gomoku-selfplay-v0] obs=243(3×9²) |A|=81 sims=100 γ=1.0 negamax
[MyZero-board] 树内真规则开启（AlphaZero 式诊断；训练侧不变）
Ep    1: len= 35 黑胜 loss=0.0000 temp=1.00 total_env_steps=35 t=0.09s
Ep    2: len= 33 黑胜 loss=0.0000 temp=1.00 total_env_steps=68 t=0.08s
Ep    3: len= 44 白胜 loss=0.0000 temp=1.00 total_env_steps=112 t=0.11s
Ep    4: len= 39 黑胜 loss=0.0000 temp=1.00 total_env_steps=151 t=0.10s
Ep    5: len= 38 白胜 loss=0.0000 temp=1.00 total_env_steps=189 t=0.09s
Ep    6: len= 31 黑胜 loss=0.0000 temp=1.00 total_env_steps=220 t=0.08s
Ep    7: len= 47 黑胜 loss=0.0000 temp=1.00 total_env_steps=267 t=0.11s
Ep    8: len= 19 黑胜 loss=0.0000 temp=1.00 total_env_steps=286 t=0.06s
Ep    9: len= 43 黑胜 loss=0.0000 temp=1.00 total_env_steps=329 t=0.12s
Ep   10: len= 43 黑胜 loss=36.3734 temp=1.00 total_env_steps=372 t=0.11s
Ep   11: len= 40 白胜 loss=28.6665 temp=1.00 total_env_steps=412 t=0.10s
Ep   12: len= 33 黑胜 loss=28.4640 temp=1.00 total_env_steps=445 t=0.08s
Ep   13: len= 29 黑胜 loss=28.7142 temp=1.00 total_env_steps=474 t=0.08s
Ep   14: len= 49 黑胜 loss=28.1883 temp=1.00 total_env_steps=523 t=0.11s
Ep   15: len= 30 白胜 loss=28.4893 temp=1.00 total_env_steps=553 t=0.08s
Ep   16: len= 35 黑胜 loss=28.4686 temp=1.00 total_env_steps=588 t=0.08s
Ep   17: len= 25 黑胜 loss=28.3029 temp=1.00 total_env_steps=613 t=0.07s
Ep   18: len= 35 黑胜 loss=28.6817 temp=1.00 total_env_steps=648 t=0.09s
Ep   19: len= 32 白胜 loss=28.6210 temp=1.00 total_env_steps=680 t=0.09s
Ep   20: len= 31 黑胜 loss=28.3580 temp=1.00 total_env_steps=711 t=0.08s
Ep   21: len= 32 白胜 loss=28.2922 temp=1.00 total_env_steps=743 t=0.09s
Ep   22: len= 44 白胜 loss=28.1435 temp=1.00 total_env_steps=787 t=0.12s
Ep   23: len= 36 白胜 loss=28.2034 temp=1.00 total_env_steps=823 t=0.08s
Ep   24: len= 35 黑胜 loss=28.4826 temp=1.00 total_env_steps=858 t=0.08s
Ep   25: len= 26 白胜 loss=28.4709 temp=1.00 total_env_steps=884 t=0.06s
Ep   26: len= 43 黑胜 loss=28.5305 temp=1.00 total_env_steps=927 t=0.10s
Ep   27: len= 28 白胜 loss=28.1890 temp=1.00 total_env_steps=955 t=0.08s
Ep   28: len= 28 白胜 loss=28.1386 temp=1.00 total_env_steps=983 t=0.06s
Ep   29: len= 35 黑胜 loss=28.3520 temp=1.00 total_env_steps=1018 t=0.08s
Ep   30: len= 15 黑胜 loss=28.3931 temp=1.00 total_env_steps=1033 t=0.04s
Ep   31: len= 27 黑胜 loss=28.2127 temp=1.00 total_env_steps=1060 t=0.06s
Ep   32: len= 49 黑胜 loss=28.4704 temp=1.00 total_env_steps=1109 t=0.10s
Ep   33: len= 29 黑胜 loss=27.9574 temp=1.00 total_env_steps=1138 t=0.07s
Ep   34: len= 31 黑胜 loss=28.6996 temp=1.00 total_env_steps=1169 t=0.08s
Ep   35: len= 30 白胜 loss=28.3337 temp=1.00 total_env_steps=1199 t=0.07s
Ep   36: len= 30 白胜 loss=28.0905 temp=1.00 total_env_steps=1229 t=0.07s
Ep   37: len= 43 黑胜 loss=28.3564 temp=1.00 total_env_steps=1272 t=0.09s
Ep   38: len= 37 黑胜 loss=28.4496 temp=1.00 total_env_steps=1309 t=0.09s
Ep   39: len= 50 白胜 loss=28.0373 temp=1.00 total_env_steps=1359 t=0.11s
Ep   40: len= 50 白胜 loss=28.3740 temp=1.00 total_env_steps=1409 t=0.11s
Ep   41: len= 33 黑胜 loss=28.4905 temp=1.00 total_env_steps=1442 t=0.08s
Ep   42: len= 24 白胜 loss=28.0670 temp=1.00 total_env_steps=1466 t=0.05s
Ep   43: len= 21 黑胜 loss=28.1891 temp=1.00 total_env_steps=1487 t=0.06s
Ep   44: len= 43 黑胜 loss=28.3691 temp=1.00 total_env_steps=1530 t=0.10s
Ep   45: len= 47 黑胜 loss=28.1048 temp=1.00 total_env_steps=1577 t=0.12s
Ep   46: len= 25 黑胜 loss=27.8892 temp=1.00 total_env_steps=1602 t=0.06s
Ep   47: len= 41 黑胜 loss=28.0143 temp=1.00 total_env_steps=1643 t=0.09s
Ep   48: len= 34 白胜 loss=28.5055 temp=1.00 total_env_steps=1677 t=0.08s
Ep   49: len= 31 黑胜 loss=28.1236 temp=1.00 total_env_steps=1708 t=0.07s
Ep   50: len= 29 黑胜 loss=28.2890 temp=1.00 total_env_steps=1737 t=0.07s
  eval vs Gomoku-random-v0: win_rate=0.95 mean_return=0.90（20 局，total_env_steps=1737）
  ✅ 达标 ep=50 total_env_steps=1737
Ep   51: len= 51 黑胜 loss=28.1651 temp=1.00 total_env_steps=1788 t=0.11s
Ep   52: len= 32 白胜 loss=28.6440 temp=1.00 total_env_steps=1820 t=0.07s
Ep   53: len= 36 白胜 loss=28.0513 temp=1.00 total_env_steps=1856 t=0.09s
Ep   54: len= 28 白胜 loss=28.1496 temp=1.00 total_env_steps=1884 t=0.07s
Ep   55: len= 40 白胜 loss=28.5329 temp=1.00 total_env_steps=1924 t=0.10s
Ep   56: len= 33 黑胜 loss=28.2135 temp=1.00 total_env_steps=1957 t=0.07s
Ep   57: len= 39 黑胜 loss=28.2627 temp=1.00 total_env_steps=1996 t=0.08s
Ep   58: len= 42 白胜 loss=28.7083 temp=1.00 total_env_steps=2038 t=0.09s
Ep   59: len= 23 黑胜 loss=28.2288 temp=1.00 total_env_steps=2061 t=0.06s
Ep   60: len= 43 黑胜 loss=28.2275 temp=1.00 total_env_steps=2104 t=0.10s
Ep   61: len= 47 黑胜 loss=28.6270 temp=1.00 total_env_steps=2151 t=0.10s
Ep   62: len= 33 黑胜 loss=28.1896 temp=1.00 total_env_steps=2184 t=0.08s
Ep   63: len= 48 白胜 loss=28.5722 temp=1.00 total_env_steps=2232 t=0.11s
Ep   64: len= 28 白胜 loss=28.5194 temp=1.00 total_env_steps=2260 t=0.06s
Ep   65: len= 44 白胜 loss=28.6394 temp=1.00 total_env_steps=2304 t=0.10s
Ep   66: len= 39 黑胜 loss=28.5419 temp=1.00 total_env_steps=2343 t=0.08s
Ep   67: len= 27 黑胜 loss=28.1937 temp=1.00 total_env_steps=2370 t=0.07s
Ep   68: len= 35 黑胜 loss=28.1811 temp=1.00 total_env_steps=2405 t=0.08s
Ep   69: len= 38 白胜 loss=28.5005 temp=1.00 total_env_steps=2443 t=0.08s
Ep   70: len= 47 黑胜 loss=28.4979 temp=1.00 total_env_steps=2490 t=0.10s
Ep   71: len= 22 白胜 loss=28.5330 temp=1.00 total_env_steps=2512 t=0.06s
Ep   72: len= 25 黑胜 loss=28.2160 temp=1.00 total_env_steps=2537 t=0.07s
Ep   73: len= 28 白胜 loss=28.2576 temp=1.00 total_env_steps=2565 t=0.07s
Ep   74: len= 40 白胜 loss=28.5715 temp=1.00 total_env_steps=2605 t=0.08s
Ep   75: len= 36 白胜 loss=28.0191 temp=1.00 total_env_steps=2641 t=0.09s
Ep   76: len= 36 白胜 loss=28.2397 temp=1.00 total_env_steps=2677 t=0.08s
Ep   77: len= 34 白胜 loss=28.0838 temp=1.00 total_env_steps=2711 t=0.08s
Ep   78: len= 12 白胜 loss=28.7487 temp=1.00 total_env_steps=2723 t=0.03s
Ep   79: len= 45 黑胜 loss=28.4508 temp=1.00 total_env_steps=2768 t=0.09s
Ep   80: len= 28 白胜 loss=28.2799 temp=1.00 total_env_steps=2796 t=0.07s
Ep   81: len= 23 黑胜 loss=28.5136 temp=1.00 total_env_steps=2819 t=0.05s
Ep   82: len= 34 白胜 loss=28.3588 temp=1.00 total_env_steps=2853 t=0.07s
Ep   83: len= 38 白胜 loss=28.2401 temp=1.00 total_env_steps=2891 t=0.09s
Ep   84: len= 39 黑胜 loss=28.2757 temp=1.00 total_env_steps=2930 t=0.08s
Ep   85: len= 22 白胜 loss=28.2443 temp=1.00 total_env_steps=2952 t=0.05s
Ep   86: len= 23 黑胜 loss=28.6444 temp=1.00 total_env_steps=2975 t=0.06s
Ep   87: len= 22 白胜 loss=28.3843 temp=1.00 total_env_steps=2997 t=0.05s
Ep   88: len= 36 白胜 loss=28.6925 temp=1.00 total_env_steps=3033 t=0.08s
Ep   89: len= 35 黑胜 loss=28.1748 temp=1.00 total_env_steps=3068 t=0.08s
Ep   90: len= 40 白胜 loss=28.1977 temp=1.00 total_env_steps=3108 t=0.10s
Ep   91: len= 30 白胜 loss=28.6259 temp=1.00 total_env_steps=3138 t=0.07s
Ep   92: len= 56 白胜 loss=28.3357 temp=1.00 total_env_steps=3194 t=0.11s
Ep   93: len= 43 黑胜 loss=28.2112 temp=1.00 total_env_steps=3237 t=0.09s
Ep   94: len= 34 白胜 loss=28.5321 temp=1.00 total_env_steps=3271 t=0.07s
Ep   95: len= 36 白胜 loss=28.3825 temp=1.00 total_env_steps=3307 t=0.08s
Ep   96: len= 34 白胜 loss=28.4045 temp=1.00 total_env_steps=3341 t=0.07s
Ep   97: len= 38 白胜 loss=28.1383 temp=1.00 total_env_steps=3379 t=0.08s
Ep   98: len= 19 黑胜 loss=28.3769 temp=1.00 total_env_steps=3398 t=0.05s
Ep   99: len= 45 黑胜 loss=27.9436 temp=1.00 total_env_steps=3443 t=0.09s
Ep  100: len= 22 白胜 loss=28.2864 temp=1.00 total_env_steps=3465 t=0.06s
  eval vs Gomoku-random-v0: win_rate=1.00 mean_return=1.00（20 局，total_env_steps=3465）
Ep  101: len= 31 黑胜 loss=28.3442 temp=1.00 total_env_steps=3496 t=0.08s
Ep  102: len= 29 黑胜 loss=28.1394 temp=0.99 total_env_steps=3525 t=0.07s
Ep  103: len= 42 白胜 loss=28.3778 temp=0.99 total_env_steps=3567 t=0.09s
Ep  104: len= 48 白胜 loss=28.3198 temp=0.98 total_env_steps=3615 t=0.09s
Ep  105: len= 34 白胜 loss=28.3279 temp=0.97 total_env_steps=3649 t=0.07s
Ep  106: len= 38 白胜 loss=28.0082 temp=0.96 total_env_steps=3687 t=0.08s
Ep  107: len= 24 白胜 loss=28.7095 temp=0.95 total_env_steps=3711 t=0.05s
Ep  108: len= 37 黑胜 loss=28.4395 temp=0.95 total_env_steps=3748 t=0.09s
Ep  109: len= 46 白胜 loss=28.3248 temp=0.94 total_env_steps=3794 t=0.10s
Ep  110: len= 32 白胜 loss=28.3895 temp=0.93 total_env_steps=3826 t=0.07s
Ep  111: len= 36 白胜 loss=28.4450 temp=0.93 total_env_steps=3862 t=0.08s
Ep  112: len= 37 黑胜 loss=28.0465 temp=0.92 total_env_steps=3899 t=0.08s
Ep  113: len= 31 黑胜 loss=28.3024 temp=0.91 total_env_steps=3930 t=0.07s
Ep  114: len= 26 白胜 loss=28.4255 temp=0.90 total_env_steps=3956 t=0.05s
Ep  115: len= 35 黑胜 loss=28.4584 temp=0.89 total_env_steps=3991 t=0.08s
Ep  116: len= 29 黑胜 loss=28.7013 temp=0.89 total_env_steps=4020 t=0.06s
Ep  117: len= 54 白胜 loss=28.4753 temp=0.88 total_env_steps=4074 t=0.10s
Ep  118: len= 42 白胜 loss=28.5459 temp=0.87 total_env_steps=4116 t=0.09s
Ep  119: len= 31 黑胜 loss=28.2998 temp=0.87 total_env_steps=4147 t=0.06s
Ep  120: len= 54 白胜 loss=28.4234 temp=0.86 total_env_steps=4201 t=0.11s
Ep  121: len= 48 白胜 loss=28.1972 temp=0.85 total_env_steps=4249 t=0.11s
Ep  122: len= 22 白胜 loss=28.0897 temp=0.84 total_env_steps=4271 t=0.06s
Ep  123: len= 20 白胜 loss=28.1697 temp=0.84 total_env_steps=4291 t=0.05s
Ep  124: len= 29 黑胜 loss=28.5270 temp=0.83 total_env_steps=4320 t=0.07s
Ep  125: len= 43 黑胜 loss=28.1495 temp=0.82 total_env_steps=4363 t=0.10s
Ep  126: len= 29 黑胜 loss=28.3961 temp=0.81 total_env_steps=4392 t=0.07s
Ep  127: len= 29 黑胜 loss=28.1665 temp=0.81 total_env_steps=4421 t=0.07s
Ep  128: len= 45 黑胜 loss=28.0950 temp=0.80 total_env_steps=4466 t=0.11s
Ep  129: len= 43 黑胜 loss=28.5569 temp=0.79 total_env_steps=4509 t=0.10s
Ep  130: len= 38 白胜 loss=28.2669 temp=0.78 total_env_steps=4547 t=0.10s
Ep  131: len= 31 黑胜 loss=28.7530 temp=0.77 total_env_steps=4578 t=0.08s
Ep  132: len= 35 黑胜 loss=28.3845 temp=0.77 total_env_steps=4613 t=0.08s
Ep  133: len= 16 白胜 loss=27.9877 temp=0.76 total_env_steps=4629 t=0.04s
Ep  134: len= 24 白胜 loss=28.2210 temp=0.75 total_env_steps=4653 t=0.06s
Ep  135: len= 34 白胜 loss=28.4102 temp=0.75 total_env_steps=4687 t=0.09s
Ep  136: len= 54 白胜 loss=28.3588 temp=0.74 total_env_steps=4741 t=0.12s
Ep  137: len= 26 白胜 loss=28.2303 temp=0.73 total_env_steps=4767 t=0.06s
Ep  138: len= 37 黑胜 loss=28.2842 temp=0.72 total_env_steps=4804 t=0.08s
Ep  139: len= 39 黑胜 loss=28.3642 temp=0.72 total_env_steps=4843 t=0.08s
Ep  140: len= 17 黑胜 loss=28.3513 temp=0.71 total_env_steps=4860 t=0.05s
Ep  141: len= 28 白胜 loss=28.5566 temp=0.70 total_env_steps=4888 t=0.07s
Ep  142: len= 18 白胜 loss=28.4552 temp=0.69 total_env_steps=4906 t=0.04s
Ep  143: len= 43 黑胜 loss=28.1246 temp=0.69 total_env_steps=4949 t=0.09s
Ep  144: len= 40 白胜 loss=28.3638 temp=0.68 total_env_steps=4989 t=0.08s
Ep  145: len= 42 白胜 loss=28.1829 temp=0.67 total_env_steps=5031 t=0.09s
Ep  146: len= 29 黑胜 loss=28.5768 temp=0.66 total_env_steps=5060 t=0.06s
Ep  147: len= 50 白胜 loss=28.2495 temp=0.65 total_env_steps=5110 t=0.10s
Ep  148: len= 21 黑胜 loss=28.2699 temp=0.65 total_env_steps=5131 t=0.05s
Ep  149: len= 36 白胜 loss=27.7971 temp=0.64 total_env_steps=5167 t=0.07s
Ep  150: len= 38 白胜 loss=28.5310 temp=0.63 total_env_steps=5205 t=0.08s
  eval vs Gomoku-random-v0: win_rate=1.00 mean_return=1.00（20 局，total_env_steps=5205）
Ep  151: len= 39 黑胜 loss=27.8300 temp=0.62 total_env_steps=5244 t=0.08s
Ep  152: len= 31 黑胜 loss=28.2438 temp=0.62 total_env_steps=5275 t=0.07s
Ep  153: len= 30 白胜 loss=28.3850 temp=0.61 total_env_steps=5305 t=0.06s
Ep  154: len= 35 黑胜 loss=28.1211 temp=0.60 total_env_steps=5340 t=0.07s
Ep  155: len= 36 白胜 loss=28.3821 temp=0.59 total_env_steps=5376 t=0.07s
Ep  156: len= 32 白胜 loss=28.7375 temp=0.59 total_env_steps=5408 t=0.06s
Ep  157: len= 25 黑胜 loss=28.2063 temp=0.58 total_env_steps=5433 t=0.06s
Ep  158: len= 37 黑胜 loss=28.5037 temp=0.57 total_env_steps=5470 t=0.07s
Ep  159: len= 25 黑胜 loss=28.3005 temp=0.56 total_env_steps=5495 t=0.06s
Ep  160: len= 32 白胜 loss=28.2936 temp=0.56 total_env_steps=5527 t=0.08s
Ep  161: len= 40 白胜 loss=28.2370 temp=0.55 total_env_steps=5567 t=0.08s
Ep  162: len= 18 白胜 loss=28.1199 temp=0.54 total_env_steps=5585 t=0.04s
Ep  163: len= 48 白胜 loss=28.0727 temp=0.53 total_env_steps=5633 t=0.09s
Ep  164: len= 44 白胜 loss=27.7941 temp=0.53 total_env_steps=5677 t=0.09s
Ep  165: len= 43 黑胜 loss=28.4852 temp=0.52 total_env_steps=5720 t=0.08s
Ep  166: len= 16 白胜 loss=28.2140 temp=0.51 total_env_steps=5736 t=0.05s
Ep  167: len= 23 黑胜 loss=28.3993 temp=0.50 total_env_steps=5759 t=0.06s
Ep  168: len= 37 黑胜 loss=27.9976 temp=0.50 total_env_steps=5796 t=0.07s
Ep  169: len= 34 白胜 loss=27.8968 temp=0.49 total_env_steps=5830 t=0.07s
Ep  170: len= 28 白胜 loss=28.1080 temp=0.48 total_env_steps=5858 t=0.06s
Ep  171: len= 36 白胜 loss=28.1479 temp=0.48 total_env_steps=5894 t=0.08s
Ep  172: len= 35 黑胜 loss=28.1602 temp=0.47 total_env_steps=5929 t=0.07s
Ep  173: len= 27 黑胜 loss=28.5228 temp=0.46 total_env_steps=5956 t=0.06s
Ep  174: len= 37 黑胜 loss=28.2968 temp=0.45 total_env_steps=5993 t=0.08s
Ep  175: len= 40 白胜 loss=28.2370 temp=0.44 total_env_steps=6033 t=0.08s
Ep  176: len= 42 白胜 loss=28.4627 temp=0.44 total_env_steps=6075 t=0.08s
Ep  177: len= 27 黑胜 loss=27.9868 temp=0.43 total_env_steps=6102 t=0.06s
Ep  178: len= 40 白胜 loss=28.8544 temp=0.42 total_env_steps=6142 t=0.08s
Ep  179: len= 48 白胜 loss=28.6017 temp=0.42 total_env_steps=6190 t=0.09s
Ep  180: len= 26 白胜 loss=28.1213 temp=0.41 total_env_steps=6216 t=0.06s
Ep  181: len= 22 白胜 loss=28.5107 temp=0.40 total_env_steps=6238 t=0.05s
Ep  182: len= 37 黑胜 loss=28.5664 temp=0.39 total_env_steps=6275 t=0.07s
Ep  183: len= 27 黑胜 loss=27.8084 temp=0.38 total_env_steps=6302 t=0.06s
Ep  184: len= 19 黑胜 loss=28.1780 temp=0.38 total_env_steps=6321 t=0.05s
Ep  185: len= 31 黑胜 loss=28.3509 temp=0.37 total_env_steps=6352 t=0.07s
Ep  186: len= 38 白胜 loss=28.4024 temp=0.36 total_env_steps=6390 t=0.08s
Ep  187: len= 41 黑胜 loss=28.2892 temp=0.36 total_env_steps=6431 t=0.08s
Ep  188: len= 30 白胜 loss=28.0130 temp=0.35 total_env_steps=6461 t=0.06s
Ep  189: len= 35 黑胜 loss=28.0693 temp=0.34 total_env_steps=6496 t=0.08s
Ep  190: len= 14 白胜 loss=28.1022 temp=0.33 total_env_steps=6510 t=0.04s
Ep  191: len= 26 白胜 loss=28.3786 temp=0.33 total_env_steps=6536 t=0.06s
Ep  192: len= 25 黑胜 loss=28.1871 temp=0.32 total_env_steps=6561 t=0.06s
Ep  193: len= 23 黑胜 loss=28.3772 temp=0.31 total_env_steps=6584 t=0.05s
Ep  194: len= 24 白胜 loss=28.0421 temp=0.30 total_env_steps=6608 t=0.06s
Ep  195: len= 31 黑胜 loss=28.0205 temp=0.30 total_env_steps=6639 t=0.07s
Ep  196: len= 20 白胜 loss=28.4165 temp=0.29 total_env_steps=6659 t=0.06s
Ep  197: len= 26 白胜 loss=28.2811 temp=0.28 total_env_steps=6685 t=0.07s
Ep  198: len= 33 黑胜 loss=28.3155 temp=0.27 total_env_steps=6718 t=0.07s
Ep  199: len= 26 白胜 loss=28.3098 temp=0.26 total_env_steps=6744 t=0.07s
Ep  200: len= 46 白胜 loss=28.1331 temp=0.26 total_env_steps=6790 t=0.10s
  eval vs Gomoku-random-v0: win_rate=1.00 mean_return=1.00（20 局，total_env_steps=6790）
  📸 已拍权重快照（ep=200，gating 对弈基准）
Ep  201: len= 24 白胜 loss=28.2335 temp=0.25 total_env_steps=6814 t=0.06s
Ep  202: len= 32 白胜 loss=28.2432 temp=0.25 total_env_steps=6846 t=0.07s
Ep  203: len= 39 黑胜 loss=27.8982 temp=0.25 total_env_steps=6885 t=0.08s
Ep  204: len= 33 黑胜 loss=27.8509 temp=0.25 total_env_steps=6918 t=0.07s
Ep  205: len= 19 黑胜 loss=27.8436 temp=0.25 total_env_steps=6937 t=0.05s
Ep  206: len= 26 白胜 loss=27.9288 temp=0.25 total_env_steps=6963 t=0.06s
Ep  207: len= 45 黑胜 loss=28.1572 temp=0.25 total_env_steps=7008 t=0.09s
Ep  208: len= 27 黑胜 loss=28.0942 temp=0.25 total_env_steps=7035 t=0.06s
Ep  209: len= 44 白胜 loss=28.1067 temp=0.25 total_env_steps=7079 t=0.09s
Ep  210: len= 30 白胜 loss=28.0140 temp=0.25 total_env_steps=7109 t=0.07s
Ep  211: len= 31 黑胜 loss=27.9731 temp=0.25 total_env_steps=7140 t=0.07s
Ep  212: len= 33 黑胜 loss=27.6473 temp=0.25 total_env_steps=7173 t=0.07s
Ep  213: len= 30 白胜 loss=28.2395 temp=0.25 total_env_steps=7203 t=0.07s
Ep  214: len= 31 黑胜 loss=27.9523 temp=0.25 total_env_steps=7234 t=0.08s
Ep  215: len= 39 黑胜 loss=28.1450 temp=0.25 total_env_steps=7273 t=0.09s
Ep  216: len= 45 黑胜 loss=28.1595 temp=0.25 total_env_steps=7318 t=0.09s
Ep  217: len= 24 白胜 loss=28.0200 temp=0.25 total_env_steps=7342 t=0.06s
Ep  218: len= 29 黑胜 loss=27.6961 temp=0.25 total_env_steps=7371 t=0.07s
Ep  219: len= 31 黑胜 loss=27.9330 temp=0.25 total_env_steps=7402 t=0.07s
Ep  220: len= 43 黑胜 loss=28.1811 temp=0.25 total_env_steps=7445 t=0.09s
Ep  221: len= 35 黑胜 loss=27.8316 temp=0.25 total_env_steps=7480 t=0.08s
Ep  222: len= 23 黑胜 loss=27.8496 temp=0.25 total_env_steps=7503 t=0.06s
Ep  223: len= 18 白胜 loss=27.7553 temp=0.25 total_env_steps=7521 t=0.05s
Ep  224: len= 21 黑胜 loss=28.0940 temp=0.25 total_env_steps=7542 t=0.06s
Ep  225: len= 20 白胜 loss=27.5466 temp=0.25 total_env_steps=7562 t=0.05s
Ep  226: len= 24 白胜 loss=27.9347 temp=0.25 total_env_steps=7586 t=0.06s
Ep  227: len= 23 黑胜 loss=27.8041 temp=0.25 total_env_steps=7609 t=0.07s
Ep  228: len= 33 黑胜 loss=27.7686 temp=0.25 total_env_steps=7642 t=0.08s
Ep  229: len= 30 白胜 loss=27.7060 temp=0.25 total_env_steps=7672 t=0.07s
Ep  230: len= 12 白胜 loss=27.6672 temp=0.25 total_env_steps=7684 t=0.04s
Ep  231: len= 33 黑胜 loss=27.8479 temp=0.25 total_env_steps=7717 t=0.07s
Ep  232: len= 32 白胜 loss=27.6772 temp=0.25 total_env_steps=7749 t=0.08s
Ep  233: len= 35 黑胜 loss=27.9870 temp=0.25 total_env_steps=7784 t=0.08s
Ep  234: len= 58 白胜 loss=27.7947 temp=0.25 total_env_steps=7842 t=0.12s
Ep  235: len= 30 白胜 loss=27.7208 temp=0.25 total_env_steps=7872 t=0.07s
Ep  236: len= 20 白胜 loss=27.9865 temp=0.25 total_env_steps=7892 t=0.06s
Ep  237: len= 40 白胜 loss=27.8446 temp=0.25 total_env_steps=7932 t=0.09s
Ep  238: len= 33 黑胜 loss=27.5764 temp=0.25 total_env_steps=7965 t=0.08s
Ep  239: len= 27 黑胜 loss=27.7218 temp=0.25 total_env_steps=7992 t=0.06s
Ep  240: len= 45 黑胜 loss=27.6686 temp=0.25 total_env_steps=8037 t=0.10s
Ep  241: len= 35 黑胜 loss=27.9546 temp=0.25 total_env_steps=8072 t=0.08s
Ep  242: len= 40 白胜 loss=27.4560 temp=0.25 total_env_steps=8112 t=0.08s
Ep  243: len= 23 黑胜 loss=27.9258 temp=0.25 total_env_steps=8135 t=0.06s
Ep  244: len= 23 黑胜 loss=27.6033 temp=0.25 total_env_steps=8158 t=0.06s
Ep  245: len= 35 黑胜 loss=27.8767 temp=0.25 total_env_steps=8193 t=0.08s
Ep  246: len= 28 白胜 loss=27.6739 temp=0.25 total_env_steps=8221 t=0.07s
Ep  247: len= 29 黑胜 loss=27.7519 temp=0.25 total_env_steps=8250 t=0.06s
Ep  248: len= 26 白胜 loss=27.8603 temp=0.25 total_env_steps=8276 t=0.06s
Ep  249: len= 47 黑胜 loss=27.4191 temp=0.25 total_env_steps=8323 t=0.10s
Ep  250: len= 43 黑胜 loss=27.5036 temp=0.25 total_env_steps=8366 t=0.10s
  eval vs Gomoku-random-v0: win_rate=1.00 mean_return=1.00（20 局，total_env_steps=8366）
Ep  251: len= 54 白胜 loss=27.7884 temp=0.25 total_env_steps=8420 t=0.10s
Ep  252: len= 50 白胜 loss=27.7686 temp=0.25 total_env_steps=8470 t=0.10s
Ep  253: len= 39 黑胜 loss=27.6847 temp=0.25 total_env_steps=8509 t=0.09s
Ep  254: len= 41 黑胜 loss=27.6838 temp=0.25 total_env_steps=8550 t=0.09s
Ep  255: len= 44 白胜 loss=27.5291 temp=0.25 total_env_steps=8594 t=0.09s
Ep  256: len= 44 白胜 loss=28.1939 temp=0.25 total_env_steps=8638 t=0.09s
Ep  257: len= 45 黑胜 loss=27.7874 temp=0.25 total_env_steps=8683 t=0.09s
Ep  258: len= 29 黑胜 loss=27.6401 temp=0.25 total_env_steps=8712 t=0.07s
Ep  259: len= 38 白胜 loss=28.1655 temp=0.25 total_env_steps=8750 t=0.08s
Ep  260: len= 41 黑胜 loss=27.5897 temp=0.25 total_env_steps=8791 t=0.09s
Ep  261: len=  9 黑胜 loss=27.8125 temp=0.25 total_env_steps=8800 t=0.04s
Ep  262: len= 26 白胜 loss=27.7651 temp=0.25 total_env_steps=8826 t=0.07s
Ep  263: len= 34 白胜 loss=27.6056 temp=0.25 total_env_steps=8860 t=0.09s
Ep  264: len= 21 黑胜 loss=27.7458 temp=0.25 total_env_steps=8881 t=0.05s
Ep  265: len= 32 白胜 loss=27.5393 temp=0.25 total_env_steps=8913 t=0.07s
Ep  266: len= 38 白胜 loss=27.6334 temp=0.25 total_env_steps=8951 t=0.09s
Ep  267: len= 58 白胜 loss=27.4854 temp=0.25 total_env_steps=9009 t=0.11s
Ep  268: len= 31 黑胜 loss=27.8581 temp=0.25 total_env_steps=9040 t=0.07s
Ep  269: len= 28 白胜 loss=27.7520 temp=0.25 total_env_steps=9068 t=0.07s
Ep  270: len= 26 白胜 loss=27.5115 temp=0.25 total_env_steps=9094 t=0.06s
Ep  271: len= 34 白胜 loss=27.5582 temp=0.25 total_env_steps=9128 t=0.07s
Ep  272: len= 27 黑胜 loss=27.4130 temp=0.25 total_env_steps=9155 t=0.06s
Ep  273: len= 20 白胜 loss=27.6846 temp=0.25 total_env_steps=9175 t=0.05s
Ep  274: len= 37 黑胜 loss=27.6846 temp=0.25 total_env_steps=9212 t=0.08s
Ep  275: len= 43 黑胜 loss=27.5400 temp=0.25 total_env_steps=9255 t=0.09s
Ep  276: len= 41 黑胜 loss=27.7469 temp=0.25 total_env_steps=9296 t=0.09s
Ep  277: len= 25 黑胜 loss=27.8114 temp=0.25 total_env_steps=9321 t=0.06s
Ep  278: len= 32 白胜 loss=27.5790 temp=0.25 total_env_steps=9353 t=0.07s
Ep  279: len= 26 白胜 loss=27.4899 temp=0.25 total_env_steps=9379 t=0.07s
Ep  280: len= 46 白胜 loss=27.4987 temp=0.25 total_env_steps=9425 t=0.09s
Ep  281: len= 37 黑胜 loss=27.7884 temp=0.25 total_env_steps=9462 t=0.08s
Ep  282: len= 35 黑胜 loss=27.6697 temp=0.25 total_env_steps=9497 t=0.08s
Ep  283: len= 28 白胜 loss=27.5661 temp=0.25 total_env_steps=9525 t=0.06s
Ep  284: len= 27 黑胜 loss=27.8141 temp=0.25 total_env_steps=9552 t=0.06s
Ep  285: len= 45 黑胜 loss=27.2868 temp=0.25 total_env_steps=9597 t=0.10s
Ep  286: len= 47 黑胜 loss=27.4098 temp=0.25 total_env_steps=9644 t=0.10s
Ep  287: len= 16 白胜 loss=27.7319 temp=0.25 total_env_steps=9660 t=0.05s
Ep  288: len= 17 黑胜 loss=27.6565 temp=0.25 total_env_steps=9677 t=0.05s
Ep  289: len= 21 黑胜 loss=27.4068 temp=0.25 total_env_steps=9698 t=0.06s
Ep  290: len= 34 白胜 loss=27.8787 temp=0.25 total_env_steps=9732 t=0.08s
Ep  291: len= 30 白胜 loss=27.2880 temp=0.25 total_env_steps=9762 t=0.08s
Ep  292: len= 38 白胜 loss=27.6630 temp=0.25 total_env_steps=9800 t=0.08s
Ep  293: len= 24 白胜 loss=27.4394 temp=0.25 total_env_steps=9824 t=0.06s
Ep  294: len= 44 白胜 loss=27.7035 temp=0.25 total_env_steps=9868 t=0.10s
Ep  295: len= 31 黑胜 loss=27.3861 temp=0.25 total_env_steps=9899 t=0.07s
Ep  296: len= 18 白胜 loss=27.4085 temp=0.25 total_env_steps=9917 t=0.05s
Ep  297: len= 22 白胜 loss=27.5296 temp=0.25 total_env_steps=9939 t=0.06s
Ep  298: len= 30 白胜 loss=27.7133 temp=0.25 total_env_steps=9969 t=0.07s
Ep  299: len= 33 黑胜 loss=27.4571 temp=0.25 total_env_steps=10002 t=0.08s
Ep  300: len= 37 黑胜 loss=27.6658 temp=0.25 total_env_steps=10039 t=0.09s
  eval vs Gomoku-random-v0: win_rate=1.00 mean_return=1.00（20 局，total_env_steps=10039）
Ep  301: len= 36 白胜 loss=27.6725 temp=0.25 total_env_steps=10075 t=0.08s
Ep  302: len= 34 白胜 loss=27.7604 temp=0.25 total_env_steps=10109 t=0.08s
Ep  303: len= 25 黑胜 loss=27.4370 temp=0.25 total_env_steps=10134 t=0.06s
Ep  304: len= 31 黑胜 loss=27.6049 temp=0.25 total_env_steps=10165 t=0.07s
Ep  305: len= 26 白胜 loss=27.3746 temp=0.25 total_env_steps=10191 t=0.06s
Ep  306: len= 28 白胜 loss=27.4742 temp=0.25 total_env_steps=10219 t=0.07s
Ep  307: len= 29 黑胜 loss=27.5107 temp=0.25 total_env_steps=10248 t=0.07s
Ep  308: len= 26 白胜 loss=27.5241 temp=0.25 total_env_steps=10274 t=0.06s
Ep  309: len= 25 黑胜 loss=27.3465 temp=0.25 total_env_steps=10299 t=0.07s
Ep  310: len= 24 白胜 loss=27.3692 temp=0.25 total_env_steps=10323 t=0.06s
Ep  311: len= 22 白胜 loss=27.5742 temp=0.25 total_env_steps=10345 t=0.06s
Ep  312: len= 33 黑胜 loss=27.5551 temp=0.25 total_env_steps=10378 t=0.07s
Ep  313: len= 36 白胜 loss=27.6078 temp=0.25 total_env_steps=10414 t=0.08s
Ep  314: len= 47 黑胜 loss=27.4605 temp=0.25 total_env_steps=10461 t=0.10s
Ep  315: len= 35 黑胜 loss=27.3494 temp=0.25 total_env_steps=10496 t=0.08s
Ep  316: len= 24 白胜 loss=27.3210 temp=0.25 total_env_steps=10520 t=0.06s
Ep  317: len= 36 白胜 loss=27.5973 temp=0.25 total_env_steps=10556 t=0.08s
Ep  318: len= 19 黑胜 loss=27.1037 temp=0.25 total_env_steps=10575 t=0.05s
Ep  319: len= 35 黑胜 loss=27.4989 temp=0.25 total_env_steps=10610 t=0.08s
Ep  320: len= 23 黑胜 loss=27.4816 temp=0.25 total_env_steps=10633 t=0.06s
Ep  321: len= 29 黑胜 loss=27.3707 temp=0.25 total_env_steps=10662 t=0.07s
Ep  322: len= 42 白胜 loss=27.5437 temp=0.25 total_env_steps=10704 t=0.09s
Ep  323: len= 41 黑胜 loss=27.3194 temp=0.25 total_env_steps=10745 t=0.09s
Ep  324: len= 36 白胜 loss=27.5370 temp=0.25 total_env_steps=10781 t=0.08s
Ep  325: len= 22 白胜 loss=27.5381 temp=0.25 total_env_steps=10803 t=0.06s
Ep  326: len= 39 黑胜 loss=27.1341 temp=0.25 total_env_steps=10842 t=0.09s
Ep  327: len= 32 白胜 loss=27.2218 temp=0.25 total_env_steps=10874 t=0.08s
Ep  328: len= 43 黑胜 loss=27.2373 temp=0.25 total_env_steps=10917 t=0.09s
Ep  329: len= 34 白胜 loss=27.3249 temp=0.25 total_env_steps=10951 t=0.08s
Ep  330: len= 49 黑胜 loss=27.1031 temp=0.25 total_env_steps=11000 t=0.10s
Ep  331: len= 31 黑胜 loss=26.9508 temp=0.25 total_env_steps=11031 t=0.07s
Ep  332: len= 27 黑胜 loss=27.5965 temp=0.25 total_env_steps=11058 t=0.06s
Ep  333: len= 39 黑胜 loss=27.3176 temp=0.25 total_env_steps=11097 t=0.08s
Ep  334: len= 67 黑胜 loss=27.7091 temp=0.25 total_env_steps=11164 t=0.13s
Ep  335: len= 23 黑胜 loss=27.3574 temp=0.25 total_env_steps=11187 t=0.06s
Ep  336: len= 35 黑胜 loss=27.3949 temp=0.25 total_env_steps=11222 t=0.08s
Ep  337: len= 33 黑胜 loss=27.3283 temp=0.25 total_env_steps=11255 t=0.08s
Ep  338: len= 26 白胜 loss=27.8233 temp=0.25 total_env_steps=11281 t=0.06s
Ep  339: len= 40 白胜 loss=26.9691 temp=0.25 total_env_steps=11321 t=0.08s
Ep  340: len= 19 黑胜 loss=27.4068 temp=0.25 total_env_steps=11340 t=0.05s
Ep  341: len= 39 黑胜 loss=27.1381 temp=0.25 total_env_steps=11379 t=0.09s
Ep  342: len= 33 黑胜 loss=27.3822 temp=0.25 total_env_steps=11412 t=0.08s
Ep  343: len= 43 黑胜 loss=26.9661 temp=0.25 total_env_steps=11455 t=0.09s
Ep  344: len= 55 黑胜 loss=27.1663 temp=0.25 total_env_steps=11510 t=0.11s
Ep  345: len= 32 白胜 loss=26.7616 temp=0.25 total_env_steps=11542 t=0.09s
Ep  346: len= 28 白胜 loss=27.3035 temp=0.25 total_env_steps=11570 t=0.08s
Ep  347: len= 43 黑胜 loss=27.6883 temp=0.25 total_env_steps=11613 t=0.09s
Ep  348: len= 53 黑胜 loss=27.4915 temp=0.25 total_env_steps=11666 t=0.11s
Ep  349: len= 39 黑胜 loss=27.5737 temp=0.25 total_env_steps=11705 t=0.08s
Ep  350: len= 27 黑胜 loss=27.5319 temp=0.25 total_env_steps=11732 t=0.06s
  eval vs Gomoku-random-v0: win_rate=1.00 mean_return=1.00（20 局，total_env_steps=11732）
Ep  351: len= 29 黑胜 loss=27.5738 temp=0.25 total_env_steps=11761 t=0.07s
Ep  352: len= 31 黑胜 loss=27.4737 temp=0.25 total_env_steps=11792 t=0.07s
Ep  353: len= 22 白胜 loss=27.1316 temp=0.25 total_env_steps=11814 t=0.07s
Ep  354: len= 29 黑胜 loss=27.5281 temp=0.25 total_env_steps=11843 t=0.09s
Ep  355: len= 23 黑胜 loss=27.3286 temp=0.25 total_env_steps=11866 t=0.06s
Ep  356: len= 33 黑胜 loss=27.3641 temp=0.25 total_env_steps=11899 t=0.07s
Ep  357: len= 31 黑胜 loss=27.6945 temp=0.25 total_env_steps=11930 t=0.08s
Ep  358: len= 40 白胜 loss=27.3503 temp=0.25 total_env_steps=11970 t=0.09s
Ep  359: len= 28 白胜 loss=27.2660 temp=0.25 total_env_steps=11998 t=0.06s
Ep  360: len= 33 黑胜 loss=27.6845 temp=0.25 total_env_steps=12031 t=0.07s
Ep  361: len= 28 白胜 loss=27.0787 temp=0.25 total_env_steps=12059 t=0.07s
Ep  362: len= 33 黑胜 loss=27.0341 temp=0.25 total_env_steps=12092 t=0.08s
Ep  363: len= 52 白胜 loss=27.2960 temp=0.25 total_env_steps=12144 t=0.10s
Ep  364: len= 31 黑胜 loss=27.3995 temp=0.25 total_env_steps=12175 t=0.08s
Ep  365: len= 28 白胜 loss=27.3074 temp=0.25 total_env_steps=12203 t=0.07s
Ep  366: len= 32 白胜 loss=27.4204 temp=0.25 total_env_steps=12235 t=0.07s
Ep  367: len= 36 白胜 loss=27.2534 temp=0.25 total_env_steps=12271 t=0.09s
Ep  368: len= 29 黑胜 loss=27.3477 temp=0.25 total_env_steps=12300 t=0.07s
Ep  369: len= 40 白胜 loss=27.3798 temp=0.25 total_env_steps=12340 t=0.09s
Ep  370: len= 23 黑胜 loss=27.0741 temp=0.25 total_env_steps=12363 t=0.07s
Ep  371: len= 19 黑胜 loss=27.1933 temp=0.25 total_env_steps=12382 t=0.05s
Ep  372: len= 17 黑胜 loss=27.2572 temp=0.25 total_env_steps=12399 t=0.05s
Ep  373: len= 39 黑胜 loss=27.2436 temp=0.25 total_env_steps=12438 t=0.08s
Ep  374: len= 37 黑胜 loss=27.4285 temp=0.25 total_env_steps=12475 t=0.08s
Ep  375: len= 43 黑胜 loss=27.3126 temp=0.25 total_env_steps=12518 t=0.09s
Ep  376: len= 41 黑胜 loss=27.4406 temp=0.25 total_env_steps=12559 t=0.09s
Ep  377: len= 35 黑胜 loss=26.7576 temp=0.25 total_env_steps=12594 t=0.08s
Ep  378: len= 37 黑胜 loss=27.0930 temp=0.25 total_env_steps=12631 t=0.08s
Ep  379: len= 26 白胜 loss=26.9354 temp=0.25 total_env_steps=12657 t=0.06s
Ep  380: len= 30 白胜 loss=27.1672 temp=0.25 total_env_steps=12687 t=0.07s
Ep  381: len= 35 黑胜 loss=27.3288 temp=0.25 total_env_steps=12722 t=0.08s
Ep  382: len= 29 黑胜 loss=27.1147 temp=0.25 total_env_steps=12751 t=0.06s
Ep  383: len= 39 黑胜 loss=27.5276 temp=0.25 total_env_steps=12790 t=0.08s
Ep  384: len= 38 白胜 loss=26.8782 temp=0.25 total_env_steps=12828 t=0.08s
Ep  385: len= 25 黑胜 loss=27.4031 temp=0.25 total_env_steps=12853 t=0.06s
Ep  386: len= 38 白胜 loss=27.3708 temp=0.25 total_env_steps=12891 t=0.08s
Ep  387: len= 32 白胜 loss=27.1710 temp=0.25 total_env_steps=12923 t=0.07s
Ep  388: len= 46 白胜 loss=27.2477 temp=0.25 total_env_steps=12969 t=0.10s
Ep  389: len= 27 黑胜 loss=27.6574 temp=0.25 total_env_steps=12996 t=0.08s
Ep  390: len= 44 白胜 loss=26.9180 temp=0.25 total_env_steps=13040 t=0.11s
Ep  391: len= 36 白胜 loss=27.1916 temp=0.25 total_env_steps=13076 t=0.09s
Ep  392: len= 43 黑胜 loss=27.1243 temp=0.25 total_env_steps=13119 t=0.10s
Ep  393: len= 25 黑胜 loss=27.1384 temp=0.25 total_env_steps=13144 t=0.06s
Ep  394: len= 21 黑胜 loss=26.6892 temp=0.25 total_env_steps=13165 t=0.05s
Ep  395: len= 27 黑胜 loss=27.4991 temp=0.25 total_env_steps=13192 t=0.06s
Ep  396: len= 37 黑胜 loss=27.3646 temp=0.25 total_env_steps=13229 t=0.09s
Ep  397: len= 42 白胜 loss=27.3983 temp=0.25 total_env_steps=13271 t=0.09s
Ep  398: len= 29 黑胜 loss=27.0457 temp=0.25 total_env_steps=13300 t=0.07s
Ep  399: len= 28 白胜 loss=27.2342 temp=0.25 total_env_steps=13328 t=0.06s
Ep  400: len= 38 白胜 loss=27.4520 temp=0.25 total_env_steps=13366 t=0.08s
  eval vs Gomoku-random-v0: win_rate=0.90 mean_return=0.80（20 局，total_env_steps=13366）
[闸门] vs random（40 局）: win_rate=0.950
[闸门] vs 半程快照（40 局，黑白各半）: score=0.450
[梯队] vs naive0（20 局，观察性）: win_rate=0.20
[梯队] vs naive1（20 局，观察性）: win_rate=0.05
[梯队] vs naive2（20 局，观察性）: win_rate=0.00
[梯队] vs naive3（20 局，观察性）: win_rate=0.00
📈 Gomoku-selfplay-v0 win_rate=0.90（best 1.00）| 门槛 0.95 | 39.6s

--- arm=true_rules_ext seed=46 sims=100 ---
[MyZero-board Gomoku-selfplay-v0] obs=243(3×9²) |A|=81 sims=100 γ=1.0 negamax
[MyZero-board] 树内真规则开启（AlphaZero 式诊断；训练侧不变）
Ep    1: len= 48 白胜 loss=0.0000 temp=1.00 total_env_steps=48 t=0.08s
Ep    2: len= 56 白胜 loss=0.0000 temp=1.00 total_env_steps=104 t=0.10s
Ep    3: len= 47 黑胜 loss=0.0000 temp=1.00 total_env_steps=151 t=0.08s
Ep    4: len= 48 白胜 loss=0.0000 temp=1.00 total_env_steps=199 t=0.09s
Ep    5: len= 50 白胜 loss=0.0000 temp=1.00 total_env_steps=249 t=0.10s
Ep    6: len= 55 黑胜 loss=0.0000 temp=1.00 total_env_steps=304 t=0.09s
Ep    7: len= 52 白胜 loss=0.0000 temp=1.00 total_env_steps=356 t=0.09s
Ep    8: len= 40 白胜 loss=0.0000 temp=1.00 total_env_steps=396 t=0.07s
Ep    9: len= 34 白胜 loss=0.0000 temp=1.00 total_env_steps=430 t=0.06s
Ep   10: len= 42 白胜 loss=36.4308 temp=1.00 total_env_steps=472 t=0.09s
Ep   11: len= 56 白胜 loss=28.9636 temp=1.00 total_env_steps=528 t=0.10s
Ep   12: len= 48 白胜 loss=28.8299 temp=1.00 total_env_steps=576 t=0.09s
Ep   13: len= 27 黑胜 loss=28.3425 temp=1.00 total_env_steps=603 t=0.06s
Ep   14: len= 29 黑胜 loss=28.4670 temp=1.00 total_env_steps=632 t=0.06s
Ep   15: len= 59 黑胜 loss=28.2199 temp=1.00 total_env_steps=691 t=0.12s
Ep   16: len= 31 黑胜 loss=28.4829 temp=1.00 total_env_steps=722 t=0.06s
Ep   17: len= 45 黑胜 loss=28.2024 temp=1.00 total_env_steps=767 t=0.10s
Ep   18: len= 31 黑胜 loss=28.4152 temp=1.00 total_env_steps=798 t=0.07s
Ep   19: len= 51 黑胜 loss=28.0351 temp=1.00 total_env_steps=849 t=0.11s
Ep   20: len= 28 白胜 loss=28.0740 temp=1.00 total_env_steps=877 t=0.06s
Ep   21: len= 30 白胜 loss=27.7134 temp=1.00 total_env_steps=907 t=0.06s
Ep   22: len= 35 黑胜 loss=28.3834 temp=1.00 total_env_steps=942 t=0.08s
Ep   23: len= 27 黑胜 loss=28.2101 temp=1.00 total_env_steps=969 t=0.06s
Ep   24: len= 37 黑胜 loss=28.0707 temp=1.00 total_env_steps=1006 t=0.07s
Ep   25: len= 37 黑胜 loss=28.2503 temp=1.00 total_env_steps=1043 t=0.09s
Ep   26: len= 38 白胜 loss=28.3020 temp=1.00 total_env_steps=1081 t=0.09s
Ep   27: len= 28 白胜 loss=28.1040 temp=1.00 total_env_steps=1109 t=0.06s
Ep   28: len= 22 白胜 loss=27.8458 temp=1.00 total_env_steps=1131 t=0.05s
Ep   29: len= 41 黑胜 loss=28.3466 temp=1.00 total_env_steps=1172 t=0.09s
Ep   30: len= 44 白胜 loss=28.0408 temp=1.00 total_env_steps=1216 t=0.10s
Ep   31: len= 24 白胜 loss=28.4602 temp=1.00 total_env_steps=1240 t=0.06s
Ep   32: len= 45 黑胜 loss=27.9742 temp=1.00 total_env_steps=1285 t=0.10s
Ep   33: len= 40 白胜 loss=28.0458 temp=1.00 total_env_steps=1325 t=0.08s
Ep   34: len= 31 黑胜 loss=28.1184 temp=1.00 total_env_steps=1356 t=0.07s
Ep   35: len= 28 白胜 loss=28.1468 temp=1.00 total_env_steps=1384 t=0.06s
Ep   36: len= 27 黑胜 loss=28.0144 temp=1.00 total_env_steps=1411 t=0.06s
Ep   37: len= 38 白胜 loss=28.1845 temp=1.00 total_env_steps=1449 t=0.08s
Ep   38: len= 44 白胜 loss=28.0385 temp=1.00 total_env_steps=1493 t=0.09s
Ep   39: len= 25 黑胜 loss=27.9911 temp=1.00 total_env_steps=1518 t=0.06s
Ep   40: len= 27 黑胜 loss=27.9926 temp=1.00 total_env_steps=1545 t=0.06s
Ep   41: len= 26 白胜 loss=28.3287 temp=1.00 total_env_steps=1571 t=0.06s
Ep   42: len= 38 白胜 loss=28.1923 temp=1.00 total_env_steps=1609 t=0.07s
Ep   43: len= 36 白胜 loss=28.0872 temp=1.00 total_env_steps=1645 t=0.07s
Ep   44: len= 43 黑胜 loss=28.1307 temp=1.00 total_env_steps=1688 t=0.08s
Ep   45: len= 42 白胜 loss=28.0994 temp=1.00 total_env_steps=1730 t=0.08s
Ep   46: len= 34 白胜 loss=28.0261 temp=1.00 total_env_steps=1764 t=0.07s
Ep   47: len= 32 白胜 loss=28.0234 temp=1.00 total_env_steps=1796 t=0.07s
Ep   48: len= 31 黑胜 loss=28.1211 temp=1.00 total_env_steps=1827 t=0.07s
Ep   49: len= 46 白胜 loss=27.9978 temp=1.00 total_env_steps=1873 t=0.09s
Ep   50: len= 40 白胜 loss=28.0317 temp=1.00 total_env_steps=1913 t=0.08s
  eval vs Gomoku-random-v0: win_rate=0.90 mean_return=0.80（20 局，total_env_steps=1913）
Ep   51: len= 35 黑胜 loss=28.2566 temp=1.00 total_env_steps=1948 t=0.07s
Ep   52: len= 23 黑胜 loss=28.3132 temp=1.00 total_env_steps=1971 t=0.05s
Ep   53: len= 19 黑胜 loss=28.2079 temp=1.00 total_env_steps=1990 t=0.05s
Ep   54: len= 39 黑胜 loss=28.3379 temp=1.00 total_env_steps=2029 t=0.07s
Ep   55: len= 32 白胜 loss=28.1828 temp=1.00 total_env_steps=2061 t=0.06s
Ep   56: len= 35 黑胜 loss=28.0541 temp=1.00 total_env_steps=2096 t=0.07s
Ep   57: len= 47 黑胜 loss=28.1690 temp=1.00 total_env_steps=2143 t=0.09s
Ep   58: len= 37 黑胜 loss=28.0798 temp=1.00 total_env_steps=2180 t=0.07s
Ep   59: len= 21 黑胜 loss=28.0766 temp=1.00 total_env_steps=2201 t=0.05s
Ep   60: len= 33 黑胜 loss=28.2281 temp=1.00 total_env_steps=2234 t=0.08s
Ep   61: len= 23 黑胜 loss=27.9706 temp=1.00 total_env_steps=2257 t=0.06s
Ep   62: len= 29 黑胜 loss=28.1831 temp=1.00 total_env_steps=2286 t=0.07s
Ep   63: len= 45 黑胜 loss=28.2513 temp=1.00 total_env_steps=2331 t=0.10s
Ep   64: len= 39 黑胜 loss=28.0819 temp=1.00 total_env_steps=2370 t=0.09s
Ep   65: len= 43 黑胜 loss=28.3233 temp=1.00 total_env_steps=2413 t=0.09s
Ep   66: len= 24 白胜 loss=27.8972 temp=1.00 total_env_steps=2437 t=0.05s
Ep   67: len= 28 白胜 loss=28.4091 temp=1.00 total_env_steps=2465 t=0.06s
Ep   68: len= 47 黑胜 loss=28.2078 temp=1.00 total_env_steps=2512 t=0.10s
Ep   69: len= 39 黑胜 loss=28.2132 temp=1.00 total_env_steps=2551 t=0.08s
Ep   70: len= 35 黑胜 loss=28.0851 temp=1.00 total_env_steps=2586 t=0.07s
Ep   71: len= 57 黑胜 loss=28.0448 temp=1.00 total_env_steps=2643 t=0.11s
Ep   72: len= 39 黑胜 loss=28.0141 temp=1.00 total_env_steps=2682 t=0.08s
Ep   73: len= 14 白胜 loss=28.2631 temp=1.00 total_env_steps=2696 t=0.04s
Ep   74: len= 29 黑胜 loss=28.0571 temp=1.00 total_env_steps=2725 t=0.06s
Ep   75: len= 42 白胜 loss=28.1324 temp=1.00 total_env_steps=2767 t=0.08s
Ep   76: len= 36 白胜 loss=27.9555 temp=1.00 total_env_steps=2803 t=0.07s
Ep   77: len= 30 白胜 loss=28.0448 temp=1.00 total_env_steps=2833 t=0.07s
Ep   78: len= 40 白胜 loss=27.9544 temp=1.00 total_env_steps=2873 t=0.08s
Ep   79: len= 29 黑胜 loss=28.0425 temp=1.00 total_env_steps=2902 t=0.06s
Ep   80: len= 16 白胜 loss=28.0264 temp=1.00 total_env_steps=2918 t=0.04s
Ep   81: len= 47 黑胜 loss=27.9669 temp=1.00 total_env_steps=2965 t=0.09s
Ep   82: len= 34 白胜 loss=28.1563 temp=1.00 total_env_steps=2999 t=0.08s
Ep   83: len= 37 黑胜 loss=28.0825 temp=1.00 total_env_steps=3036 t=0.08s
Ep   84: len= 34 白胜 loss=28.3349 temp=1.00 total_env_steps=3070 t=0.07s
Ep   85: len= 19 黑胜 loss=28.0539 temp=1.00 total_env_steps=3089 t=0.05s
Ep   86: len= 29 黑胜 loss=27.9279 temp=1.00 total_env_steps=3118 t=0.07s
Ep   87: len= 28 白胜 loss=28.0282 temp=1.00 total_env_steps=3146 t=0.06s
Ep   88: len= 40 白胜 loss=28.0936 temp=1.00 total_env_steps=3186 t=0.08s
Ep   89: len= 41 黑胜 loss=27.9295 temp=1.00 total_env_steps=3227 t=0.08s
Ep   90: len= 43 黑胜 loss=28.0273 temp=1.00 total_env_steps=3270 t=0.08s
Ep   91: len= 36 白胜 loss=28.0901 temp=1.00 total_env_steps=3306 t=0.07s
Ep   92: len= 26 白胜 loss=28.2424 temp=1.00 total_env_steps=3332 t=0.06s
Ep   93: len= 28 白胜 loss=28.0104 temp=1.00 total_env_steps=3360 t=0.06s
Ep   94: len= 45 黑胜 loss=28.1284 temp=1.00 total_env_steps=3405 t=0.09s
Ep   95: len= 33 黑胜 loss=28.0718 temp=1.00 total_env_steps=3438 t=0.07s
Ep   96: len= 39 黑胜 loss=28.0457 temp=1.00 total_env_steps=3477 t=0.08s
Ep   97: len= 41 黑胜 loss=27.9048 temp=1.00 total_env_steps=3518 t=0.08s
Ep   98: len= 44 白胜 loss=28.0625 temp=1.00 total_env_steps=3562 t=0.09s
Ep   99: len= 45 黑胜 loss=28.2664 temp=1.00 total_env_steps=3607 t=0.09s
Ep  100: len= 30 白胜 loss=28.1260 temp=1.00 total_env_steps=3637 t=0.07s
  eval vs Gomoku-random-v0: win_rate=0.95 mean_return=0.90（20 局，total_env_steps=3637）
  ✅ 达标 ep=100 total_env_steps=3637
Ep  101: len= 26 白胜 loss=28.0783 temp=1.00 total_env_steps=3663 t=0.06s
Ep  102: len= 44 白胜 loss=27.9363 temp=0.99 total_env_steps=3707 t=0.09s
Ep  103: len= 30 白胜 loss=27.8084 temp=0.99 total_env_steps=3737 t=0.06s
Ep  104: len= 30 白胜 loss=28.1504 temp=0.98 total_env_steps=3767 t=0.06s
Ep  105: len= 31 黑胜 loss=28.0778 temp=0.97 total_env_steps=3798 t=0.06s
Ep  106: len= 28 白胜 loss=28.0745 temp=0.96 total_env_steps=3826 t=0.06s
Ep  107: len= 40 白胜 loss=27.8001 temp=0.95 total_env_steps=3866 t=0.08s
Ep  108: len= 33 黑胜 loss=28.1549 temp=0.95 total_env_steps=3899 t=0.07s
Ep  109: len= 32 白胜 loss=28.1940 temp=0.94 total_env_steps=3931 t=0.07s
Ep  110: len= 24 白胜 loss=27.8692 temp=0.93 total_env_steps=3955 t=0.05s
Ep  111: len= 39 黑胜 loss=27.9889 temp=0.93 total_env_steps=3994 t=0.08s
Ep  112: len= 30 白胜 loss=28.2376 temp=0.92 total_env_steps=4024 t=0.07s
Ep  113: len= 40 白胜 loss=28.2058 temp=0.91 total_env_steps=4064 t=0.08s
Ep  114: len= 31 黑胜 loss=28.2992 temp=0.90 total_env_steps=4095 t=0.07s
Ep  115: len= 26 白胜 loss=27.7801 temp=0.89 total_env_steps=4121 t=0.05s
Ep  116: len= 40 白胜 loss=27.6788 temp=0.89 total_env_steps=4161 t=0.09s
Ep  117: len= 50 白胜 loss=28.2587 temp=0.88 total_env_steps=4211 t=0.10s
Ep  118: len= 44 白胜 loss=27.8089 temp=0.87 total_env_steps=4255 t=0.10s
Ep  119: len= 54 白胜 loss=27.9160 temp=0.87 total_env_steps=4309 t=0.10s
Ep  120: len= 42 白胜 loss=27.9749 temp=0.86 total_env_steps=4351 t=0.08s
Ep  121: len= 43 黑胜 loss=28.0208 temp=0.85 total_env_steps=4394 t=0.08s
Ep  122: len= 29 黑胜 loss=27.9932 temp=0.84 total_env_steps=4423 t=0.06s
Ep  123: len= 37 黑胜 loss=28.1495 temp=0.84 total_env_steps=4460 t=0.08s
Ep  124: len= 29 黑胜 loss=28.1805 temp=0.83 total_env_steps=4489 t=0.07s
Ep  125: len= 34 白胜 loss=28.0612 temp=0.82 total_env_steps=4523 t=0.08s
Ep  126: len= 44 白胜 loss=28.0372 temp=0.81 total_env_steps=4567 t=0.08s
Ep  127: len= 38 白胜 loss=28.0031 temp=0.81 total_env_steps=4605 t=0.08s
Ep  128: len= 23 黑胜 loss=28.0042 temp=0.80 total_env_steps=4628 t=0.05s
Ep  129: len= 40 白胜 loss=28.0473 temp=0.79 total_env_steps=4668 t=0.09s
Ep  130: len= 42 白胜 loss=27.9018 temp=0.78 total_env_steps=4710 t=0.08s
Ep  131: len= 26 白胜 loss=28.0619 temp=0.77 total_env_steps=4736 t=0.06s
Ep  132: len= 31 黑胜 loss=28.0319 temp=0.77 total_env_steps=4767 t=0.06s
Ep  133: len= 45 黑胜 loss=27.9790 temp=0.76 total_env_steps=4812 t=0.09s
Ep  134: len= 50 白胜 loss=27.8606 temp=0.75 total_env_steps=4862 t=0.09s
Ep  135: len= 40 白胜 loss=27.8403 temp=0.75 total_env_steps=4902 t=0.08s
Ep  136: len= 27 黑胜 loss=28.1666 temp=0.74 total_env_steps=4929 t=0.06s
Ep  137: len= 36 白胜 loss=28.0097 temp=0.73 total_env_steps=4965 t=0.08s
Ep  138: len= 30 白胜 loss=27.9142 temp=0.72 total_env_steps=4995 t=0.07s
Ep  139: len= 51 黑胜 loss=28.0920 temp=0.72 total_env_steps=5046 t=0.10s
Ep  140: len= 33 黑胜 loss=28.1509 temp=0.71 total_env_steps=5079 t=0.07s
Ep  141: len= 15 黑胜 loss=27.9253 temp=0.70 total_env_steps=5094 t=0.04s
Ep  142: len= 52 白胜 loss=27.9176 temp=0.69 total_env_steps=5146 t=0.11s
Ep  143: len= 57 黑胜 loss=27.9416 temp=0.69 total_env_steps=5203 t=0.11s
Ep  144: len= 25 黑胜 loss=27.8765 temp=0.68 total_env_steps=5228 t=0.05s
Ep  145: len= 51 黑胜 loss=27.8877 temp=0.67 total_env_steps=5279 t=0.10s
Ep  146: len= 21 黑胜 loss=27.9090 temp=0.66 total_env_steps=5300 t=0.05s
Ep  147: len= 32 白胜 loss=27.8123 temp=0.65 total_env_steps=5332 t=0.07s
Ep  148: len= 23 黑胜 loss=27.9683 temp=0.65 total_env_steps=5355 t=0.05s
Ep  149: len= 33 黑胜 loss=27.7338 temp=0.64 total_env_steps=5388 t=0.07s
Ep  150: len= 22 白胜 loss=27.7942 temp=0.63 total_env_steps=5410 t=0.05s
  eval vs Gomoku-random-v0: win_rate=1.00 mean_return=1.00（20 局，total_env_steps=5410）
Ep  151: len= 37 黑胜 loss=27.7767 temp=0.62 total_env_steps=5447 t=0.07s
Ep  152: len= 25 黑胜 loss=27.7661 temp=0.62 total_env_steps=5472 t=0.05s
Ep  153: len= 39 黑胜 loss=28.0501 temp=0.61 total_env_steps=5511 t=0.07s
Ep  154: len= 17 黑胜 loss=27.8358 temp=0.60 total_env_steps=5528 t=0.04s
Ep  155: len= 39 黑胜 loss=27.9826 temp=0.59 total_env_steps=5567 t=0.08s
Ep  156: len= 42 白胜 loss=28.0607 temp=0.59 total_env_steps=5609 t=0.08s
Ep  157: len= 45 黑胜 loss=27.9851 temp=0.58 total_env_steps=5654 t=0.09s
Ep  158: len= 19 黑胜 loss=27.9522 temp=0.57 total_env_steps=5673 t=0.05s
Ep  159: len= 45 黑胜 loss=27.7831 temp=0.56 total_env_steps=5718 t=0.09s
Ep  160: len= 40 白胜 loss=27.6011 temp=0.56 total_env_steps=5758 t=0.08s
Ep  161: len= 25 黑胜 loss=27.6882 temp=0.55 total_env_steps=5783 t=0.05s
Ep  162: len= 22 白胜 loss=27.8153 temp=0.54 total_env_steps=5805 t=0.05s
Ep  163: len= 18 白胜 loss=27.7583 temp=0.53 total_env_steps=5823 t=0.04s
Ep  164: len= 29 黑胜 loss=27.9307 temp=0.53 total_env_steps=5852 t=0.06s
Ep  165: len= 32 白胜 loss=27.7954 temp=0.52 total_env_steps=5884 t=0.07s
Ep  166: len= 26 白胜 loss=27.6236 temp=0.51 total_env_steps=5910 t=0.06s
Ep  167: len= 36 白胜 loss=27.8694 temp=0.50 total_env_steps=5946 t=0.07s
Ep  168: len= 26 白胜 loss=27.7658 temp=0.50 total_env_steps=5972 t=0.05s
Ep  169: len= 46 白胜 loss=27.7641 temp=0.49 total_env_steps=6018 t=0.09s
Ep  170: len= 19 黑胜 loss=27.7250 temp=0.48 total_env_steps=6037 t=0.04s
Ep  171: len= 32 白胜 loss=27.6905 temp=0.48 total_env_steps=6069 t=0.06s
Ep  172: len= 45 黑胜 loss=27.9234 temp=0.47 total_env_steps=6114 t=0.09s
Ep  173: len= 28 白胜 loss=27.8395 temp=0.46 total_env_steps=6142 t=0.06s
Ep  174: len= 45 黑胜 loss=28.0596 temp=0.45 total_env_steps=6187 t=0.10s
Ep  175: len= 36 白胜 loss=27.8760 temp=0.44 total_env_steps=6223 t=0.08s
Ep  176: len= 30 白胜 loss=27.7926 temp=0.44 total_env_steps=6253 t=0.06s
Ep  177: len= 28 白胜 loss=27.7623 temp=0.43 total_env_steps=6281 t=0.06s
Ep  178: len= 39 黑胜 loss=28.0409 temp=0.42 total_env_steps=6320 t=0.08s
Ep  179: len= 30 白胜 loss=27.7335 temp=0.42 total_env_steps=6350 t=0.06s
Ep  180: len= 19 黑胜 loss=27.6480 temp=0.41 total_env_steps=6369 t=0.05s
Ep  181: len= 36 白胜 loss=27.7482 temp=0.40 total_env_steps=6405 t=0.09s
Ep  182: len= 35 黑胜 loss=27.8006 temp=0.39 total_env_steps=6440 t=0.07s
Ep  183: len= 21 黑胜 loss=27.9088 temp=0.38 total_env_steps=6461 t=0.05s
Ep  184: len= 32 白胜 loss=27.8008 temp=0.38 total_env_steps=6493 t=0.07s
Ep  185: len= 28 白胜 loss=27.7792 temp=0.37 total_env_steps=6521 t=0.06s
Ep  186: len= 33 黑胜 loss=27.7885 temp=0.36 total_env_steps=6554 t=0.07s
Ep  187: len= 21 黑胜 loss=27.6881 temp=0.36 total_env_steps=6575 t=0.05s
Ep  188: len= 48 白胜 loss=27.7535 temp=0.35 total_env_steps=6623 t=0.09s
Ep  189: len= 43 黑胜 loss=27.9631 temp=0.34 total_env_steps=6666 t=0.08s
Ep  190: len= 32 白胜 loss=27.6162 temp=0.33 total_env_steps=6698 t=0.07s
Ep  191: len= 41 黑胜 loss=27.3690 temp=0.33 total_env_steps=6739 t=0.08s
Ep  192: len= 41 黑胜 loss=27.6788 temp=0.32 total_env_steps=6780 t=0.08s
Ep  193: len= 35 黑胜 loss=27.8065 temp=0.31 total_env_steps=6815 t=0.07s
Ep  194: len= 35 黑胜 loss=27.7586 temp=0.30 total_env_steps=6850 t=0.08s
Ep  195: len= 38 白胜 loss=27.7915 temp=0.30 total_env_steps=6888 t=0.09s
Ep  196: len= 25 黑胜 loss=27.7782 temp=0.29 total_env_steps=6913 t=0.06s
Ep  197: len= 30 白胜 loss=27.8125 temp=0.28 total_env_steps=6943 t=0.07s
Ep  198: len= 33 黑胜 loss=27.9858 temp=0.27 total_env_steps=6976 t=0.07s
Ep  199: len= 24 白胜 loss=27.7006 temp=0.26 total_env_steps=7000 t=0.07s
Ep  200: len= 41 黑胜 loss=27.8226 temp=0.26 total_env_steps=7041 t=0.10s
  eval vs Gomoku-random-v0: win_rate=0.90 mean_return=0.80（20 局，total_env_steps=7041）
  📸 已拍权重快照（ep=200，gating 对弈基准）
Ep  201: len= 42 白胜 loss=27.7849 temp=0.25 total_env_steps=7083 t=0.09s
Ep  202: len= 33 黑胜 loss=27.8891 temp=0.25 total_env_steps=7116 t=0.08s
Ep  203: len= 28 白胜 loss=27.5483 temp=0.25 total_env_steps=7144 t=0.06s
Ep  204: len= 43 黑胜 loss=27.7298 temp=0.25 total_env_steps=7187 t=0.09s
Ep  205: len= 29 黑胜 loss=27.5481 temp=0.25 total_env_steps=7216 t=0.07s
Ep  206: len= 17 黑胜 loss=27.9561 temp=0.25 total_env_steps=7233 t=0.04s
Ep  207: len= 28 白胜 loss=27.6346 temp=0.25 total_env_steps=7261 t=0.07s
Ep  208: len= 33 黑胜 loss=27.6725 temp=0.25 total_env_steps=7294 t=0.07s
Ep  209: len= 33 黑胜 loss=27.4633 temp=0.25 total_env_steps=7327 t=0.08s
Ep  210: len= 19 黑胜 loss=27.7591 temp=0.25 total_env_steps=7346 t=0.05s
Ep  211: len= 28 白胜 loss=27.6157 temp=0.25 total_env_steps=7374 t=0.06s
Ep  212: len= 46 白胜 loss=27.4740 temp=0.25 total_env_steps=7420 t=0.10s
Ep  213: len= 41 黑胜 loss=27.6164 temp=0.25 total_env_steps=7461 t=0.09s
Ep  214: len= 30 白胜 loss=27.6491 temp=0.25 total_env_steps=7491 t=0.07s
Ep  215: len= 43 黑胜 loss=27.6016 temp=0.25 total_env_steps=7534 t=0.10s
Ep  216: len= 32 白胜 loss=27.7296 temp=0.25 total_env_steps=7566 t=0.07s
Ep  217: len= 49 黑胜 loss=28.0481 temp=0.25 total_env_steps=7615 t=0.10s
Ep  218: len= 17 黑胜 loss=27.9904 temp=0.25 total_env_steps=7632 t=0.05s
Ep  219: len= 20 白胜 loss=27.7187 temp=0.25 total_env_steps=7652 t=0.06s
Ep  220: len= 31 黑胜 loss=27.6512 temp=0.25 total_env_steps=7683 t=0.07s
Ep  221: len= 27 黑胜 loss=27.7746 temp=0.25 total_env_steps=7710 t=0.06s
Ep  222: len= 40 白胜 loss=27.8554 temp=0.25 total_env_steps=7750 t=0.09s
Ep  223: len= 34 白胜 loss=27.9731 temp=0.25 total_env_steps=7784 t=0.08s
Ep  224: len= 29 黑胜 loss=27.5081 temp=0.25 total_env_steps=7813 t=0.07s
Ep  225: len= 27 黑胜 loss=27.7076 temp=0.25 total_env_steps=7840 t=0.07s
Ep  226: len= 26 白胜 loss=27.3350 temp=0.25 total_env_steps=7866 t=0.07s
Ep  227: len= 43 黑胜 loss=27.3691 temp=0.25 total_env_steps=7909 t=0.09s
Ep  228: len= 35 黑胜 loss=27.7687 temp=0.25 total_env_steps=7944 t=0.08s
Ep  229: len= 47 黑胜 loss=27.4415 temp=0.25 total_env_steps=7991 t=0.10s
Ep  230: len= 37 黑胜 loss=27.5858 temp=0.25 total_env_steps=8028 t=0.08s
Ep  231: len= 28 白胜 loss=27.8601 temp=0.25 total_env_steps=8056 t=0.06s
Ep  232: len= 35 黑胜 loss=27.6110 temp=0.25 total_env_steps=8091 t=0.08s
Ep  233: len= 36 白胜 loss=27.6586 temp=0.25 total_env_steps=8127 t=0.08s
Ep  234: len= 41 黑胜 loss=27.6548 temp=0.25 total_env_steps=8168 t=0.09s
Ep  235: len= 37 黑胜 loss=27.5748 temp=0.25 total_env_steps=8205 t=0.08s
Ep  236: len= 37 黑胜 loss=27.8986 temp=0.25 total_env_steps=8242 t=0.08s
Ep  237: len= 19 黑胜 loss=27.8958 temp=0.25 total_env_steps=8261 t=0.05s
Ep  238: len= 26 白胜 loss=27.4100 temp=0.25 total_env_steps=8287 t=0.07s
Ep  239: len= 24 白胜 loss=27.7550 temp=0.25 total_env_steps=8311 t=0.06s
Ep  240: len= 19 黑胜 loss=27.5361 temp=0.25 total_env_steps=8330 t=0.05s
Ep  241: len= 46 白胜 loss=27.7053 temp=0.25 total_env_steps=8376 t=0.09s
Ep  242: len= 35 黑胜 loss=27.0688 temp=0.25 total_env_steps=8411 t=0.08s
Ep  243: len= 51 黑胜 loss=27.7697 temp=0.25 total_env_steps=8462 t=0.12s
Ep  244: len= 36 白胜 loss=27.5573 temp=0.25 total_env_steps=8498 t=0.08s
Ep  245: len= 24 白胜 loss=27.6407 temp=0.25 total_env_steps=8522 t=0.06s
Ep  246: len= 40 白胜 loss=27.2482 temp=0.25 total_env_steps=8562 t=0.09s
Ep  247: len= 35 黑胜 loss=27.5564 temp=0.25 total_env_steps=8597 t=0.08s
Ep  248: len= 41 黑胜 loss=27.6601 temp=0.25 total_env_steps=8638 t=0.08s
Ep  249: len= 45 黑胜 loss=27.5534 temp=0.25 total_env_steps=8683 t=0.09s
Ep  250: len= 22 白胜 loss=27.3242 temp=0.25 total_env_steps=8705 t=0.06s
  eval vs Gomoku-random-v0: win_rate=1.00 mean_return=1.00（20 局，total_env_steps=8705）
Ep  251: len= 33 黑胜 loss=27.3555 temp=0.25 total_env_steps=8738 t=0.08s
Ep  252: len= 11 黑胜 loss=27.5932 temp=0.25 total_env_steps=8749 t=0.04s
Ep  253: len= 39 黑胜 loss=27.4150 temp=0.25 total_env_steps=8788 t=0.08s
Ep  254: len= 32 白胜 loss=27.2299 temp=0.25 total_env_steps=8820 t=0.07s
Ep  255: len= 19 黑胜 loss=27.5449 temp=0.25 total_env_steps=8839 t=0.05s
Ep  256: len= 41 黑胜 loss=27.2927 temp=0.25 total_env_steps=8880 t=0.08s
Ep  257: len= 37 黑胜 loss=27.5903 temp=0.25 total_env_steps=8917 t=0.08s
Ep  258: len= 33 黑胜 loss=27.4645 temp=0.25 total_env_steps=8950 t=0.07s
Ep  259: len= 32 白胜 loss=27.6040 temp=0.25 total_env_steps=8982 t=0.07s
Ep  260: len= 33 黑胜 loss=27.2328 temp=0.25 total_env_steps=9015 t=0.08s
Ep  261: len= 34 白胜 loss=27.0987 temp=0.25 total_env_steps=9049 t=0.08s
Ep  262: len= 36 白胜 loss=27.3083 temp=0.25 total_env_steps=9085 t=0.08s
Ep  263: len= 29 黑胜 loss=27.4503 temp=0.25 total_env_steps=9114 t=0.07s
Ep  264: len= 40 白胜 loss=27.1126 temp=0.25 total_env_steps=9154 t=0.08s
Ep  265: len= 43 黑胜 loss=27.8599 temp=0.25 total_env_steps=9197 t=0.09s
Ep  266: len= 29 黑胜 loss=27.2712 temp=0.25 total_env_steps=9226 t=0.07s
Ep  267: len= 24 白胜 loss=27.5664 temp=0.25 total_env_steps=9250 t=0.06s
Ep  268: len= 14 白胜 loss=27.2161 temp=0.25 total_env_steps=9264 t=0.04s
Ep  269: len= 33 黑胜 loss=27.6572 temp=0.25 total_env_steps=9297 t=0.08s
Ep  270: len= 36 白胜 loss=27.3698 temp=0.25 total_env_steps=9333 t=0.08s
Ep  271: len= 20 白胜 loss=27.5539 temp=0.25 total_env_steps=9353 t=0.06s
Ep  272: len= 23 黑胜 loss=27.6975 temp=0.25 total_env_steps=9376 t=0.06s
Ep  273: len= 35 黑胜 loss=27.3894 temp=0.25 total_env_steps=9411 t=0.08s
Ep  274: len= 45 黑胜 loss=27.5004 temp=0.25 total_env_steps=9456 t=0.09s
Ep  275: len= 27 黑胜 loss=27.2113 temp=0.25 total_env_steps=9483 t=0.06s
Ep  276: len= 36 白胜 loss=27.2036 temp=0.25 total_env_steps=9519 t=0.08s
Ep  277: len= 52 白胜 loss=27.3839 temp=0.25 total_env_steps=9571 t=0.11s
Ep  278: len= 21 黑胜 loss=27.0691 temp=0.25 total_env_steps=9592 t=0.05s
Ep  279: len= 31 黑胜 loss=27.7305 temp=0.25 total_env_steps=9623 t=0.07s
Ep  280: len= 32 白胜 loss=27.3556 temp=0.25 total_env_steps=9655 t=0.07s
Ep  281: len= 31 黑胜 loss=27.4537 temp=0.25 total_env_steps=9686 t=0.07s
Ep  282: len= 36 白胜 loss=27.2182 temp=0.25 total_env_steps=9722 t=0.08s
Ep  283: len= 31 黑胜 loss=27.1518 temp=0.25 total_env_steps=9753 t=0.07s
Ep  284: len= 39 黑胜 loss=27.6311 temp=0.25 total_env_steps=9792 t=0.08s
Ep  285: len= 36 白胜 loss=27.2264 temp=0.25 total_env_steps=9828 t=0.08s
Ep  286: len= 36 白胜 loss=27.5329 temp=0.25 total_env_steps=9864 t=0.08s
Ep  287: len= 23 黑胜 loss=27.4619 temp=0.25 total_env_steps=9887 t=0.06s
Ep  288: len= 27 黑胜 loss=27.6166 temp=0.25 total_env_steps=9914 t=0.07s
Ep  289: len= 41 黑胜 loss=27.3216 temp=0.25 total_env_steps=9955 t=0.10s
Ep  290: len= 31 黑胜 loss=27.5566 temp=0.25 total_env_steps=9986 t=0.07s
Ep  291: len= 30 白胜 loss=27.2742 temp=0.25 total_env_steps=10016 t=0.07s
Ep  292: len= 35 黑胜 loss=27.2958 temp=0.25 total_env_steps=10051 t=0.08s
Ep  293: len= 37 黑胜 loss=27.5177 temp=0.25 total_env_steps=10088 t=0.08s
Ep  294: len= 32 白胜 loss=27.3439 temp=0.25 total_env_steps=10120 t=0.08s
Ep  295: len= 28 白胜 loss=27.1787 temp=0.25 total_env_steps=10148 t=0.07s
Ep  296: len= 49 黑胜 loss=27.2731 temp=0.25 total_env_steps=10197 t=0.10s
Ep  297: len= 24 白胜 loss=27.1607 temp=0.25 total_env_steps=10221 t=0.06s
Ep  298: len= 49 黑胜 loss=27.2712 temp=0.25 total_env_steps=10270 t=0.11s
Ep  299: len= 39 黑胜 loss=27.2999 temp=0.25 total_env_steps=10309 t=0.09s
Ep  300: len= 47 黑胜 loss=26.8098 temp=0.25 total_env_steps=10356 t=0.10s
  eval vs Gomoku-random-v0: win_rate=0.95 mean_return=0.90（20 局，total_env_steps=10356）
Ep  301: len= 25 黑胜 loss=27.0071 temp=0.25 total_env_steps=10381 t=0.06s
Ep  302: len= 15 黑胜 loss=27.3637 temp=0.25 total_env_steps=10396 t=0.04s
Ep  303: len= 19 黑胜 loss=27.2009 temp=0.25 total_env_steps=10415 t=0.05s
Ep  304: len= 18 白胜 loss=27.6757 temp=0.25 total_env_steps=10433 t=0.05s
Ep  305: len= 45 黑胜 loss=27.1825 temp=0.25 total_env_steps=10478 t=0.09s
Ep  306: len= 49 黑胜 loss=27.3371 temp=0.25 total_env_steps=10527 t=0.10s
Ep  307: len= 16 白胜 loss=27.3950 temp=0.25 total_env_steps=10543 t=0.05s
Ep  308: len= 30 白胜 loss=27.2692 temp=0.25 total_env_steps=10573 t=0.08s
Ep  309: len= 41 黑胜 loss=26.9851 temp=0.25 total_env_steps=10614 t=0.10s
Ep  310: len= 48 白胜 loss=27.5910 temp=0.25 total_env_steps=10662 t=0.10s
Ep  311: len= 31 黑胜 loss=27.6674 temp=0.25 total_env_steps=10693 t=0.07s
Ep  312: len= 19 黑胜 loss=27.1999 temp=0.25 total_env_steps=10712 t=0.05s
Ep  313: len= 28 白胜 loss=27.1316 temp=0.25 total_env_steps=10740 t=0.07s
Ep  314: len= 42 白胜 loss=27.1635 temp=0.25 total_env_steps=10782 t=0.10s
Ep  315: len= 37 黑胜 loss=27.2222 temp=0.25 total_env_steps=10819 t=0.08s
Ep  316: len= 42 白胜 loss=26.9252 temp=0.25 total_env_steps=10861 t=0.09s
Ep  317: len= 36 白胜 loss=27.0085 temp=0.25 total_env_steps=10897 t=0.08s
Ep  318: len= 21 黑胜 loss=27.7043 temp=0.25 total_env_steps=10918 t=0.05s
Ep  319: len= 37 黑胜 loss=27.4471 temp=0.25 total_env_steps=10955 t=0.08s
Ep  320: len= 42 白胜 loss=27.4305 temp=0.25 total_env_steps=10997 t=0.09s
Ep  321: len= 40 白胜 loss=27.2267 temp=0.25 total_env_steps=11037 t=0.09s
Ep  322: len= 27 黑胜 loss=27.1576 temp=0.25 total_env_steps=11064 t=0.06s
Ep  323: len= 29 黑胜 loss=27.3243 temp=0.25 total_env_steps=11093 t=0.07s
Ep  324: len= 29 黑胜 loss=27.0839 temp=0.25 total_env_steps=11122 t=0.07s
Ep  325: len= 33 黑胜 loss=27.3822 temp=0.25 total_env_steps=11155 t=0.07s
Ep  326: len= 29 黑胜 loss=27.3382 temp=0.25 total_env_steps=11184 t=0.07s
Ep  327: len= 33 黑胜 loss=27.6857 temp=0.25 total_env_steps=11217 t=0.08s
Ep  328: len= 40 白胜 loss=27.4946 temp=0.25 total_env_steps=11257 t=0.08s
Ep  329: len= 37 黑胜 loss=27.0276 temp=0.25 total_env_steps=11294 t=0.08s
Ep  330: len= 28 白胜 loss=27.3951 temp=0.25 total_env_steps=11322 t=0.07s
Ep  331: len= 43 黑胜 loss=27.2901 temp=0.25 total_env_steps=11365 t=0.09s
Ep  332: len= 25 黑胜 loss=27.1399 temp=0.25 total_env_steps=11390 t=0.06s
Ep  333: len= 22 白胜 loss=27.2868 temp=0.25 total_env_steps=11412 t=0.06s
Ep  334: len= 34 白胜 loss=27.6613 temp=0.25 total_env_steps=11446 t=0.08s
Ep  335: len= 31 黑胜 loss=27.4023 temp=0.25 total_env_steps=11477 t=0.07s
Ep  336: len= 53 黑胜 loss=27.4216 temp=0.25 total_env_steps=11530 t=0.11s
Ep  337: len= 39 黑胜 loss=27.5287 temp=0.25 total_env_steps=11569 t=0.09s
Ep  338: len= 26 白胜 loss=26.8179 temp=0.25 total_env_steps=11595 t=0.07s
Ep  339: len= 42 白胜 loss=27.7555 temp=0.25 total_env_steps=11637 t=0.09s
Ep  340: len= 24 白胜 loss=27.6556 temp=0.25 total_env_steps=11661 t=0.06s
Ep  341: len= 34 白胜 loss=27.3549 temp=0.25 total_env_steps=11695 t=0.07s
Ep  342: len= 42 白胜 loss=27.8952 temp=0.25 total_env_steps=11737 t=0.08s
Ep  343: len= 29 黑胜 loss=27.1306 temp=0.25 total_env_steps=11766 t=0.07s
Ep  344: len= 32 白胜 loss=27.2545 temp=0.25 total_env_steps=11798 t=0.07s
Ep  345: len= 19 黑胜 loss=27.4134 temp=0.25 total_env_steps=11817 t=0.05s
Ep  346: len= 40 白胜 loss=27.3501 temp=0.25 total_env_steps=11857 t=0.08s
Ep  347: len= 29 黑胜 loss=27.3740 temp=0.25 total_env_steps=11886 t=0.07s
Ep  348: len= 16 白胜 loss=26.9268 temp=0.25 total_env_steps=11902 t=0.04s
Ep  349: len= 25 黑胜 loss=27.1341 temp=0.25 total_env_steps=11927 t=0.06s
Ep  350: len= 44 白胜 loss=27.4422 temp=0.25 total_env_steps=11971 t=0.09s
  eval vs Gomoku-random-v0: win_rate=1.00 mean_return=1.00（20 局，total_env_steps=11971）
Ep  351: len= 23 黑胜 loss=27.0574 temp=0.25 total_env_steps=11994 t=0.06s
Ep  352: len= 32 白胜 loss=27.2319 temp=0.25 total_env_steps=12026 t=0.08s
Ep  353: len= 31 黑胜 loss=27.1050 temp=0.25 total_env_steps=12057 t=0.08s
Ep  354: len= 37 黑胜 loss=27.3101 temp=0.25 total_env_steps=12094 t=0.08s
Ep  355: len= 37 黑胜 loss=27.3144 temp=0.25 total_env_steps=12131 t=0.08s
Ep  356: len= 29 黑胜 loss=27.2967 temp=0.25 total_env_steps=12160 t=0.07s
Ep  357: len= 14 白胜 loss=26.9571 temp=0.25 total_env_steps=12174 t=0.04s
Ep  358: len= 38 白胜 loss=27.4555 temp=0.25 total_env_steps=12212 t=0.08s
Ep  359: len= 26 白胜 loss=27.3027 temp=0.25 total_env_steps=12238 t=0.06s
Ep  360: len= 48 白胜 loss=27.0553 temp=0.25 total_env_steps=12286 t=0.10s
Ep  361: len= 22 白胜 loss=27.2090 temp=0.25 total_env_steps=12308 t=0.06s
Ep  362: len= 32 白胜 loss=27.1476 temp=0.25 total_env_steps=12340 t=0.08s
Ep  363: len= 26 白胜 loss=27.5223 temp=0.25 total_env_steps=12366 t=0.07s
Ep  364: len= 35 黑胜 loss=27.5314 temp=0.25 total_env_steps=12401 t=0.08s
Ep  365: len= 54 白胜 loss=27.2706 temp=0.25 total_env_steps=12455 t=0.11s
Ep  366: len= 25 黑胜 loss=27.4376 temp=0.25 total_env_steps=12480 t=0.06s
Ep  367: len= 18 白胜 loss=27.6532 temp=0.25 total_env_steps=12498 t=0.05s
Ep  368: len= 28 白胜 loss=27.3021 temp=0.25 total_env_steps=12526 t=0.07s
Ep  369: len= 26 白胜 loss=27.1817 temp=0.25 total_env_steps=12552 t=0.06s
Ep  370: len= 20 白胜 loss=27.3433 temp=0.25 total_env_steps=12572 t=0.05s
Ep  371: len= 35 黑胜 loss=27.1668 temp=0.25 total_env_steps=12607 t=0.08s
Ep  372: len= 41 黑胜 loss=27.4056 temp=0.25 total_env_steps=12648 t=0.09s
Ep  373: len= 28 白胜 loss=27.2387 temp=0.25 total_env_steps=12676 t=0.06s
Ep  374: len= 16 白胜 loss=27.4894 temp=0.25 total_env_steps=12692 t=0.05s
Ep  375: len= 39 黑胜 loss=27.7293 temp=0.25 total_env_steps=12731 t=0.08s
Ep  376: len= 40 白胜 loss=26.9287 temp=0.25 total_env_steps=12771 t=0.08s
Ep  377: len= 30 白胜 loss=27.8058 temp=0.25 total_env_steps=12801 t=0.07s
Ep  378: len= 23 黑胜 loss=27.5695 temp=0.25 total_env_steps=12824 t=0.06s
Ep  379: len= 54 白胜 loss=27.3169 temp=0.25 total_env_steps=12878 t=0.11s
Ep  380: len= 36 白胜 loss=27.6925 temp=0.25 total_env_steps=12914 t=0.08s
Ep  381: len= 20 白胜 loss=27.6009 temp=0.25 total_env_steps=12934 t=0.05s
Ep  382: len= 30 白胜 loss=27.4503 temp=0.25 total_env_steps=12964 t=0.07s
Ep  383: len= 51 黑胜 loss=27.2502 temp=0.25 total_env_steps=13015 t=0.10s
Ep  384: len= 28 白胜 loss=27.4636 temp=0.25 total_env_steps=13043 t=0.06s
Ep  385: len= 37 黑胜 loss=27.7899 temp=0.25 total_env_steps=13080 t=0.08s
Ep  386: len= 44 白胜 loss=27.3881 temp=0.25 total_env_steps=13124 t=0.10s
Ep  387: len= 29 黑胜 loss=27.4404 temp=0.25 total_env_steps=13153 t=0.07s
Ep  388: len= 45 黑胜 loss=27.3148 temp=0.25 total_env_steps=13198 t=0.09s
Ep  389: len= 19 黑胜 loss=27.6169 temp=0.25 total_env_steps=13217 t=0.05s
Ep  390: len= 29 黑胜 loss=27.1833 temp=0.25 total_env_steps=13246 t=0.07s
Ep  391: len= 24 白胜 loss=26.8480 temp=0.25 total_env_steps=13270 t=0.06s
Ep  392: len= 18 白胜 loss=26.9389 temp=0.25 total_env_steps=13288 t=0.05s
Ep  393: len= 28 白胜 loss=27.5429 temp=0.25 total_env_steps=13316 t=0.06s
Ep  394: len= 42 白胜 loss=27.2526 temp=0.25 total_env_steps=13358 t=0.09s
Ep  395: len= 20 白胜 loss=27.1878 temp=0.25 total_env_steps=13378 t=0.05s
Ep  396: len= 48 白胜 loss=27.5305 temp=0.25 total_env_steps=13426 t=0.10s
Ep  397: len= 21 黑胜 loss=27.0547 temp=0.25 total_env_steps=13447 t=0.06s
Ep  398: len= 19 黑胜 loss=27.6007 temp=0.25 total_env_steps=13466 t=0.05s
Ep  399: len= 31 黑胜 loss=27.0045 temp=0.25 total_env_steps=13497 t=0.08s
Ep  400: len= 35 黑胜 loss=27.4892 temp=0.25 total_env_steps=13532 t=0.08s
  eval vs Gomoku-random-v0: win_rate=0.95 mean_return=0.90（20 局，total_env_steps=13532）
[闸门] vs random（40 局）: win_rate=0.950
[闸门] vs 半程快照（40 局，黑白各半）: score=0.575
[梯队] vs naive0（20 局，观察性）: win_rate=0.20
[梯队] vs naive1（20 局，观察性）: win_rate=0.00
[梯队] vs naive2（20 局，观察性）: win_rate=0.00
[梯队] vs naive3（20 局，观察性）: win_rate=0.00
📈 Gomoku-selfplay-v0 win_rate=0.95（best 1.00）| 门槛 0.95 | 39.1s

--- M3 arm=true_rules_ext 汇总（base 对照见 bench 头注释）---
  seed=45 vs_random=0.950 vs_snapshot=0.450 | 梯队 naive0=0.20 naive1=0.05 naive2=0.00 naive3=0.00 | env_steps=13366 wall=40s
  seed=46 vs_random=0.950 vs_snapshot=0.575 | 梯队 naive0=0.20 naive1=0.00 naive2=0.00 naive3=0.00 | env_steps=13532 wall=39s
ok

test result: ok. 1 passed; 0 failed; 0 ignored; 0 measured; 3432 filtered out; finished in 78.79s

     Running tests\cse_dedup.rs (target\release\deps\cse_dedup-7a657e998c2a0176.exe)

running 0 tests

test result: ok. 0 passed; 0 failed; 0 ignored; 0 measured; 1 filtered out; finished in 0.00s

     Running tests\mode_invariants.rs (target\release\deps\mode_invariants-12496c59841ba5c8.exe)

running 0 tests

test result: ok. 0 passed; 0 failed; 0 ignored; 0 measured; 9 filtered out; finished in 0.00s

     Running tests\onnx_otm_load_bench.rs (target\release\deps\onnx_otm_load_bench-39da60dd6dcd2511.exe)

running 0 tests

test result: ok. 0 passed; 0 failed; 0 ignored; 0 measured; 1 filtered out; finished in 0.00s

     Running tests\yolov5_xiangqi_import.rs (target\release\deps\yolov5_xiangqi_import-5a55f6b67c0e8a85.exe)

running 0 tests

test result: ok. 0 passed; 0 failed; 0 ignored; 0 measured; 6 filtered out; finished in 0.00s

