    Finished `release` profile [optimized] target(s) in 1.11s
     Running unittests src\lib.rs (target\release\deps\only_torch-45d502c1e61c3f90.exe)

running 1 test
test rl::algo::my_zero::tests::gomoku_m3_bench::gomoku_m3_gumbel_s16 ... 
--- arm=gumbel_s16 seed=42 sims=16 ---
[MyZero-board] 组件: Gumbel + completedQ
[MyZero-board Gomoku-selfplay-v0] obs=243(3×9²) |A|=81 sims=16 γ=1.0 negamax
Ep    1: len= 45 黑胜 loss=0.0000 temp=1.00 total_env_steps=45 t=0.03s
Ep    2: len= 45 黑胜 loss=0.0000 temp=1.00 total_env_steps=90 t=0.03s
Ep    3: len= 40 白胜 loss=0.0000 temp=1.00 total_env_steps=130 t=0.03s
Ep    4: len= 70 白胜 loss=0.0000 temp=1.00 total_env_steps=200 t=0.05s
Ep    5: len= 47 黑胜 loss=0.0000 temp=1.00 total_env_steps=247 t=0.03s
Ep    6: len= 57 黑胜 loss=0.0000 temp=1.00 total_env_steps=304 t=0.04s
Ep    7: len= 39 黑胜 loss=0.0000 temp=1.00 total_env_steps=343 t=0.03s
Ep    8: len= 70 白胜 loss=0.0000 temp=1.00 total_env_steps=413 t=0.05s
Ep    9: len= 73 黑胜 loss=0.0000 temp=1.00 total_env_steps=486 t=0.05s
Ep   10: len= 51 黑胜 loss=36.3174 temp=1.00 total_env_steps=537 t=0.06s
Ep   11: len= 61 黑胜 loss=27.7586 temp=1.00 total_env_steps=598 t=0.06s
Ep   12: len= 39 黑胜 loss=27.7089 temp=1.00 total_env_steps=637 t=0.04s
Ep   13: len= 58 白胜 loss=27.5862 temp=1.00 total_env_steps=695 t=0.06s
Ep   14: len= 65 黑胜 loss=28.0997 temp=1.00 total_env_steps=760 t=0.05s
Ep   15: len= 64 白胜 loss=27.6907 temp=1.00 total_env_steps=824 t=0.06s
Ep   16: len= 35 黑胜 loss=28.0434 temp=1.00 total_env_steps=859 t=0.04s
Ep   17: len= 65 黑胜 loss=27.7515 temp=1.00 total_env_steps=924 t=0.07s
Ep   18: len= 36 白胜 loss=27.9118 temp=1.00 total_env_steps=960 t=0.04s
Ep   19: len= 77 黑胜 loss=27.9092 temp=1.00 total_env_steps=1037 t=0.07s
Ep   20: len= 47 黑胜 loss=27.3931 temp=1.00 total_env_steps=1084 t=0.05s
Ep   21: len= 62 白胜 loss=27.6324 temp=1.00 total_env_steps=1146 t=0.06s
Ep   22: len= 64 白胜 loss=27.3845 temp=1.00 total_env_steps=1210 t=0.07s
Ep   23: len= 64 白胜 loss=27.5286 temp=1.00 total_env_steps=1274 t=0.06s
Ep   24: len= 22 白胜 loss=28.1206 temp=1.00 total_env_steps=1296 t=0.03s
Ep   25: len= 65 黑胜 loss=27.5480 temp=1.00 total_env_steps=1361 t=0.06s
Ep   26: len= 50 白胜 loss=28.0803 temp=1.00 total_env_steps=1411 t=0.05s
Ep   27: len= 33 黑胜 loss=27.7369 temp=1.00 total_env_steps=1444 t=0.04s
Ep   28: len= 46 白胜 loss=27.7375 temp=1.00 total_env_steps=1490 t=0.05s
Ep   29: len= 55 黑胜 loss=27.8670 temp=1.00 total_env_steps=1545 t=0.05s
Ep   30: len= 23 黑胜 loss=27.7276 temp=1.00 total_env_steps=1568 t=0.03s
Ep   31: len= 57 黑胜 loss=28.0334 temp=1.00 total_env_steps=1625 t=0.05s
Ep   32: len= 50 白胜 loss=28.3354 temp=1.00 total_env_steps=1675 t=0.04s
Ep   33: len= 42 白胜 loss=27.6923 temp=1.00 total_env_steps=1717 t=0.04s
Ep   34: len= 45 黑胜 loss=27.6747 temp=1.00 total_env_steps=1762 t=0.04s
Ep   35: len= 59 黑胜 loss=27.6819 temp=1.00 total_env_steps=1821 t=0.06s
Ep   36: len= 53 黑胜 loss=27.7623 temp=1.00 total_env_steps=1874 t=0.06s
Ep   37: len= 54 白胜 loss=27.5535 temp=1.00 total_env_steps=1928 t=0.06s
Ep   38: len= 48 白胜 loss=27.5692 temp=1.00 total_env_steps=1976 t=0.05s
Ep   39: len= 61 黑胜 loss=27.7780 temp=1.00 total_env_steps=2037 t=0.05s
Ep   40: len= 48 白胜 loss=27.4228 temp=1.00 total_env_steps=2085 t=0.04s
Ep   41: len= 67 黑胜 loss=27.8809 temp=1.00 total_env_steps=2152 t=0.05s
Ep   42: len= 62 白胜 loss=27.8860 temp=1.00 total_env_steps=2214 t=0.05s
Ep   43: len= 73 黑胜 loss=27.7207 temp=1.00 total_env_steps=2287 t=0.06s
Ep   44: len= 58 白胜 loss=27.6485 temp=1.00 total_env_steps=2345 t=0.05s
Ep   45: len= 41 黑胜 loss=28.0050 temp=1.00 total_env_steps=2386 t=0.04s
Ep   46: len= 51 黑胜 loss=27.7546 temp=1.00 total_env_steps=2437 t=0.04s
Ep   47: len= 68 白胜 loss=27.8295 temp=1.00 total_env_steps=2505 t=0.05s
Ep   48: len= 56 白胜 loss=27.7592 temp=1.00 total_env_steps=2561 t=0.05s
Ep   49: len= 48 白胜 loss=27.6390 temp=1.00 total_env_steps=2609 t=0.04s
Ep   50: len= 51 黑胜 loss=27.6880 temp=1.00 total_env_steps=2660 t=0.04s
  eval vs Gomoku-random-v0: win_rate=0.60 mean_return=0.20（20 局，total_env_steps=2660）
Ep   51: len= 52 白胜 loss=27.6355 temp=1.00 total_env_steps=2712 t=0.04s
Ep   52: len= 77 黑胜 loss=27.8296 temp=1.00 total_env_steps=2789 t=0.06s
Ep   53: len= 45 黑胜 loss=27.7879 temp=1.00 total_env_steps=2834 t=0.04s
Ep   54: len= 52 白胜 loss=27.5390 temp=1.00 total_env_steps=2886 t=0.04s
Ep   55: len= 44 白胜 loss=27.5501 temp=1.00 total_env_steps=2930 t=0.04s
Ep   56: len= 63 黑胜 loss=27.4794 temp=1.00 total_env_steps=2993 t=0.06s
Ep   57: len= 33 黑胜 loss=27.7238 temp=1.00 total_env_steps=3026 t=0.03s
Ep   58: len= 42 白胜 loss=27.5422 temp=1.00 total_env_steps=3068 t=0.04s
Ep   59: len= 71 黑胜 loss=27.5568 temp=1.00 total_env_steps=3139 t=0.06s
Ep   60: len= 52 白胜 loss=27.3306 temp=1.00 total_env_steps=3191 t=0.05s
Ep   61: len= 53 黑胜 loss=27.7440 temp=1.00 total_env_steps=3244 t=0.05s
Ep   62: len= 63 黑胜 loss=28.0178 temp=1.00 total_env_steps=3307 t=0.06s
Ep   63: len= 42 白胜 loss=27.5749 temp=1.00 total_env_steps=3349 t=0.05s
Ep   64: len= 41 黑胜 loss=28.0137 temp=1.00 total_env_steps=3390 t=0.04s
Ep   65: len= 40 白胜 loss=27.5922 temp=1.00 total_env_steps=3430 t=0.04s
Ep   66: len= 51 黑胜 loss=27.6935 temp=1.00 total_env_steps=3481 t=0.04s
Ep   67: len= 49 黑胜 loss=27.3432 temp=1.00 total_env_steps=3530 t=0.04s
Ep   68: len= 41 黑胜 loss=27.2710 temp=1.00 total_env_steps=3571 t=0.04s
Ep   69: len= 70 白胜 loss=27.2624 temp=1.00 total_env_steps=3641 t=0.05s
Ep   70: len= 64 白胜 loss=27.1121 temp=1.00 total_env_steps=3705 t=0.05s
Ep   71: len= 45 黑胜 loss=27.1691 temp=1.00 total_env_steps=3750 t=0.04s
Ep   72: len= 40 白胜 loss=27.3090 temp=1.00 total_env_steps=3790 t=0.03s
Ep   73: len= 61 黑胜 loss=27.0742 temp=1.00 total_env_steps=3851 t=0.05s
Ep   74: len= 52 白胜 loss=27.2608 temp=1.00 total_env_steps=3903 t=0.04s
Ep   75: len= 70 白胜 loss=27.5801 temp=1.00 total_env_steps=3973 t=0.05s
Ep   76: len= 31 黑胜 loss=27.7069 temp=1.00 total_env_steps=4004 t=0.03s
Ep   77: len= 66 白胜 loss=27.1839 temp=1.00 total_env_steps=4070 t=0.05s
Ep   78: len= 57 黑胜 loss=27.3950 temp=1.00 total_env_steps=4127 t=0.04s
Ep   79: len= 58 白胜 loss=27.5120 temp=1.00 total_env_steps=4185 t=0.05s
Ep   80: len= 55 黑胜 loss=27.1313 temp=1.00 total_env_steps=4240 t=0.04s
Ep   81: len= 40 白胜 loss=27.3384 temp=1.00 total_env_steps=4280 t=0.04s
Ep   82: len= 38 白胜 loss=27.0011 temp=1.00 total_env_steps=4318 t=0.03s
Ep   83: len= 66 白胜 loss=27.1177 temp=1.00 total_env_steps=4384 t=0.05s
Ep   84: len= 40 白胜 loss=27.1945 temp=1.00 total_env_steps=4424 t=0.04s
Ep   85: len= 61 黑胜 loss=27.3177 temp=1.00 total_env_steps=4485 t=0.05s
Ep   86: len= 44 白胜 loss=27.6020 temp=1.00 total_env_steps=4529 t=0.04s
Ep   87: len= 64 白胜 loss=27.4556 temp=1.00 total_env_steps=4593 t=0.05s
Ep   88: len= 48 白胜 loss=27.1473 temp=1.00 total_env_steps=4641 t=0.04s
Ep   89: len= 41 黑胜 loss=27.1720 temp=1.00 total_env_steps=4682 t=0.04s
Ep   90: len= 23 黑胜 loss=27.3771 temp=1.00 total_env_steps=4705 t=0.03s
Ep   91: len= 52 白胜 loss=27.1151 temp=1.00 total_env_steps=4757 t=0.04s
Ep   92: len= 40 白胜 loss=26.8559 temp=1.00 total_env_steps=4797 t=0.04s
Ep   93: len= 32 白胜 loss=27.3894 temp=1.00 total_env_steps=4829 t=0.03s
Ep   94: len= 53 黑胜 loss=27.2776 temp=1.00 total_env_steps=4882 t=0.04s
Ep   95: len= 74 白胜 loss=27.4128 temp=1.00 total_env_steps=4956 t=0.05s
Ep   96: len= 46 白胜 loss=27.2232 temp=1.00 total_env_steps=5002 t=0.04s
Ep   97: len= 43 黑胜 loss=27.0781 temp=1.00 total_env_steps=5045 t=0.05s
Ep   98: len= 54 白胜 loss=27.3494 temp=1.00 total_env_steps=5099 t=0.05s
Ep   99: len= 35 黑胜 loss=27.0689 temp=1.00 total_env_steps=5134 t=0.04s
Ep  100: len= 36 白胜 loss=27.3514 temp=1.00 total_env_steps=5170 t=0.04s
  eval vs Gomoku-random-v0: win_rate=0.90 mean_return=0.80（20 局，total_env_steps=5170）
Ep  101: len= 46 白胜 loss=27.1934 temp=1.00 total_env_steps=5216 t=0.05s
Ep  102: len= 61 黑胜 loss=27.2244 temp=0.99 total_env_steps=5277 t=0.05s
Ep  103: len= 41 黑胜 loss=27.4029 temp=0.99 total_env_steps=5318 t=0.04s
Ep  104: len= 57 黑胜 loss=27.5025 temp=0.98 total_env_steps=5375 t=0.05s
Ep  105: len= 51 黑胜 loss=26.9859 temp=0.97 total_env_steps=5426 t=0.04s
Ep  106: len= 66 白胜 loss=27.3470 temp=0.96 total_env_steps=5492 t=0.05s
Ep  107: len= 37 黑胜 loss=27.0699 temp=0.95 total_env_steps=5529 t=0.03s
Ep  108: len= 35 黑胜 loss=26.8704 temp=0.95 total_env_steps=5564 t=0.03s
Ep  109: len= 30 白胜 loss=27.0639 temp=0.94 total_env_steps=5594 t=0.03s
Ep  110: len= 34 白胜 loss=27.2929 temp=0.93 total_env_steps=5628 t=0.03s
Ep  111: len= 51 黑胜 loss=27.2766 temp=0.93 total_env_steps=5679 t=0.05s
Ep  112: len= 33 黑胜 loss=27.1322 temp=0.92 total_env_steps=5712 t=0.03s
Ep  113: len= 59 黑胜 loss=26.9755 temp=0.91 total_env_steps=5771 t=0.05s
Ep  114: len= 43 黑胜 loss=27.1998 temp=0.90 total_env_steps=5814 t=0.04s
Ep  115: len= 40 白胜 loss=27.0281 temp=0.89 total_env_steps=5854 t=0.04s
Ep  116: len= 36 白胜 loss=27.3327 temp=0.89 total_env_steps=5890 t=0.04s
Ep  117: len= 58 白胜 loss=27.2302 temp=0.88 total_env_steps=5948 t=0.05s
Ep  118: len= 46 白胜 loss=27.0553 temp=0.87 total_env_steps=5994 t=0.04s
Ep  119: len= 61 黑胜 loss=27.0478 temp=0.87 total_env_steps=6055 t=0.05s
Ep  120: len= 48 白胜 loss=27.1098 temp=0.86 total_env_steps=6103 t=0.04s
Ep  121: len= 37 黑胜 loss=27.4561 temp=0.85 total_env_steps=6140 t=0.03s
Ep  122: len= 38 白胜 loss=27.0765 temp=0.84 total_env_steps=6178 t=0.04s
Ep  123: len= 25 黑胜 loss=27.2608 temp=0.84 total_env_steps=6203 t=0.03s
Ep  124: len= 69 黑胜 loss=26.9657 temp=0.83 total_env_steps=6272 t=0.05s
Ep  125: len= 40 白胜 loss=27.1749 temp=0.82 total_env_steps=6312 t=0.04s
Ep  126: len= 45 黑胜 loss=27.2449 temp=0.81 total_env_steps=6357 t=0.04s
Ep  127: len= 33 黑胜 loss=26.9818 temp=0.81 total_env_steps=6390 t=0.03s
Ep  128: len= 47 黑胜 loss=27.4042 temp=0.80 total_env_steps=6437 t=0.04s
Ep  129: len= 38 白胜 loss=27.3502 temp=0.79 total_env_steps=6475 t=0.04s
Ep  130: len= 31 黑胜 loss=27.4510 temp=0.78 total_env_steps=6506 t=0.03s
Ep  131: len= 42 白胜 loss=27.0943 temp=0.77 total_env_steps=6548 t=0.04s
Ep  132: len= 27 黑胜 loss=27.3446 temp=0.77 total_env_steps=6575 t=0.03s
Ep  133: len= 61 黑胜 loss=27.2367 temp=0.76 total_env_steps=6636 t=0.05s
Ep  134: len= 69 黑胜 loss=27.4055 temp=0.75 total_env_steps=6705 t=0.05s
Ep  135: len= 76 白胜 loss=26.9473 temp=0.75 total_env_steps=6781 t=0.05s
Ep  136: len= 69 黑胜 loss=26.9969 temp=0.74 total_env_steps=6850 t=0.05s
Ep  137: len= 44 白胜 loss=27.2157 temp=0.73 total_env_steps=6894 t=0.04s
Ep  138: len= 59 黑胜 loss=27.2890 temp=0.72 total_env_steps=6953 t=0.05s
Ep  139: len= 50 白胜 loss=27.3973 temp=0.72 total_env_steps=7003 t=0.05s
Ep  140: len= 49 黑胜 loss=27.2117 temp=0.71 total_env_steps=7052 t=0.04s
Ep  141: len= 37 黑胜 loss=27.1391 temp=0.70 total_env_steps=7089 t=0.04s
Ep  142: len= 44 白胜 loss=27.0364 temp=0.69 total_env_steps=7133 t=0.04s
Ep  143: len= 23 黑胜 loss=27.0236 temp=0.69 total_env_steps=7156 t=0.03s
Ep  144: len= 53 黑胜 loss=27.1942 temp=0.68 total_env_steps=7209 t=0.05s
Ep  145: len= 29 黑胜 loss=27.0991 temp=0.67 total_env_steps=7238 t=0.03s
Ep  146: len= 68 白胜 loss=27.0577 temp=0.66 total_env_steps=7306 t=0.06s
Ep  147: len= 43 黑胜 loss=27.0428 temp=0.65 total_env_steps=7349 t=0.04s
Ep  148: len= 50 白胜 loss=26.9615 temp=0.65 total_env_steps=7399 t=0.05s
Ep  149: len= 35 黑胜 loss=27.0793 temp=0.64 total_env_steps=7434 t=0.04s
Ep  150: len= 47 黑胜 loss=27.2609 temp=0.63 total_env_steps=7481 t=0.05s
  eval vs Gomoku-random-v0: win_rate=0.95 mean_return=0.90（20 局，total_env_steps=7481）
  ✅ 达标 ep=150 total_env_steps=7481
Ep  151: len= 55 黑胜 loss=27.0377 temp=0.62 total_env_steps=7536 t=0.05s
Ep  152: len= 44 白胜 loss=26.7652 temp=0.62 total_env_steps=7580 t=0.05s
Ep  153: len= 51 黑胜 loss=27.7360 temp=0.61 total_env_steps=7631 t=0.07s
Ep  154: len= 39 黑胜 loss=27.1572 temp=0.60 total_env_steps=7670 t=0.05s
Ep  155: len= 56 白胜 loss=26.9290 temp=0.59 total_env_steps=7726 t=0.07s
Ep  156: len= 33 黑胜 loss=27.0898 temp=0.59 total_env_steps=7759 t=0.06s
Ep  157: len= 38 白胜 loss=27.1591 temp=0.58 total_env_steps=7797 t=0.06s
Ep  158: len= 34 白胜 loss=27.2410 temp=0.57 total_env_steps=7831 t=0.05s
Ep  159: len= 35 黑胜 loss=26.6779 temp=0.56 total_env_steps=7866 t=0.05s
Ep  160: len= 36 白胜 loss=27.0097 temp=0.56 total_env_steps=7902 t=0.05s
Ep  161: len= 50 白胜 loss=27.0853 temp=0.55 total_env_steps=7952 t=0.06s
Ep  162: len= 37 黑胜 loss=27.0602 temp=0.54 total_env_steps=7989 t=0.05s
Ep  163: len= 40 白胜 loss=27.4268 temp=0.53 total_env_steps=8029 t=0.05s
Ep  164: len= 53 黑胜 loss=27.3268 temp=0.53 total_env_steps=8082 t=0.06s
Ep  165: len= 38 白胜 loss=27.2054 temp=0.52 total_env_steps=8120 t=0.06s
Ep  166: len= 41 黑胜 loss=27.1682 temp=0.51 total_env_steps=8161 t=0.05s
Ep  167: len= 38 白胜 loss=26.9646 temp=0.50 total_env_steps=8199 t=0.05s
Ep  168: len= 35 黑胜 loss=27.4126 temp=0.50 total_env_steps=8234 t=0.05s
Ep  169: len= 41 黑胜 loss=27.2336 temp=0.49 total_env_steps=8275 t=0.06s
Ep  170: len= 46 白胜 loss=26.8251 temp=0.48 total_env_steps=8321 t=0.07s
Ep  171: len= 46 白胜 loss=26.8471 temp=0.48 total_env_steps=8367 t=0.07s
Ep  172: len= 55 黑胜 loss=26.9987 temp=0.47 total_env_steps=8422 t=0.07s
Ep  173: len= 36 白胜 loss=27.0490 temp=0.46 total_env_steps=8458 t=0.05s
Ep  174: len= 71 黑胜 loss=27.2338 temp=0.45 total_env_steps=8529 t=0.07s
Ep  175: len= 26 白胜 loss=27.1733 temp=0.44 total_env_steps=8555 t=0.04s
Ep  176: len= 44 白胜 loss=26.7112 temp=0.44 total_env_steps=8599 t=0.06s
Ep  177: len= 54 白胜 loss=27.2552 temp=0.43 total_env_steps=8653 t=0.07s
Ep  178: len= 27 黑胜 loss=27.1643 temp=0.42 total_env_steps=8680 t=0.04s
Ep  179: len= 31 黑胜 loss=27.4126 temp=0.42 total_env_steps=8711 t=0.05s
Ep  180: len= 48 白胜 loss=26.9999 temp=0.41 total_env_steps=8759 t=0.06s
Ep  181: len= 26 白胜 loss=26.8844 temp=0.40 total_env_steps=8785 t=0.05s
Ep  182: len= 51 黑胜 loss=27.0453 temp=0.39 total_env_steps=8836 t=0.07s
Ep  183: len= 33 黑胜 loss=27.1087 temp=0.38 total_env_steps=8869 t=0.05s
Ep  184: len= 31 黑胜 loss=26.7865 temp=0.38 total_env_steps=8900 t=0.05s
Ep  185: len= 46 白胜 loss=27.3339 temp=0.37 total_env_steps=8946 t=0.06s
Ep  186: len= 77 黑胜 loss=27.2217 temp=0.36 total_env_steps=9023 t=0.09s
Ep  187: len= 52 白胜 loss=26.9250 temp=0.36 total_env_steps=9075 t=0.07s
Ep  188: len= 62 白胜 loss=26.9127 temp=0.35 total_env_steps=9137 t=0.07s
Ep  189: len= 31 黑胜 loss=27.0104 temp=0.34 total_env_steps=9168 t=0.05s
Ep  190: len= 49 黑胜 loss=27.1440 temp=0.33 total_env_steps=9217 t=0.07s
Ep  191: len= 47 黑胜 loss=27.0871 temp=0.33 total_env_steps=9264 t=0.07s
Ep  192: len= 50 白胜 loss=27.1203 temp=0.32 total_env_steps=9314 t=0.07s
Ep  193: len= 55 黑胜 loss=27.4197 temp=0.31 total_env_steps=9369 t=0.07s
Ep  194: len= 25 黑胜 loss=26.8188 temp=0.30 total_env_steps=9394 t=0.05s
Ep  195: len= 38 白胜 loss=27.2354 temp=0.30 total_env_steps=9432 t=0.07s
Ep  196: len= 47 黑胜 loss=26.8828 temp=0.29 total_env_steps=9479 t=0.08s
Ep  197: len= 49 黑胜 loss=27.1872 temp=0.28 total_env_steps=9528 t=0.08s
Ep  198: len= 54 白胜 loss=27.0380 temp=0.27 total_env_steps=9582 t=0.09s
Ep  199: len= 23 黑胜 loss=27.1538 temp=0.26 total_env_steps=9605 t=0.07s
Ep  200: len= 53 黑胜 loss=26.8040 temp=0.26 total_env_steps=9658 t=0.09s
  eval vs Gomoku-random-v0: win_rate=0.90 mean_return=0.80（20 局，total_env_steps=9658）
  📸 已拍权重快照（ep=200，gating 对弈基准）
Ep  201: len= 35 黑胜 loss=26.9873 temp=0.25 total_env_steps=9693 t=0.08s
Ep  202: len= 51 黑胜 loss=26.7160 temp=0.25 total_env_steps=9744 t=0.10s
Ep  203: len= 42 白胜 loss=27.2677 temp=0.25 total_env_steps=9786 t=0.09s
Ep  204: len= 58 白胜 loss=26.6280 temp=0.25 total_env_steps=9844 t=0.11s
Ep  205: len= 32 白胜 loss=27.1657 temp=0.25 total_env_steps=9876 t=0.09s
Ep  206: len= 52 白胜 loss=26.5836 temp=0.25 total_env_steps=9928 t=0.10s
Ep  207: len= 40 白胜 loss=26.6697 temp=0.25 total_env_steps=9968 t=0.09s
Ep  208: len= 53 黑胜 loss=26.5795 temp=0.25 total_env_steps=10021 t=0.10s
Ep  209: len= 36 白胜 loss=27.0093 temp=0.25 total_env_steps=10057 t=0.09s
Ep  210: len= 55 黑胜 loss=26.7581 temp=0.25 total_env_steps=10112 t=0.11s
Ep  211: len= 39 黑胜 loss=26.5708 temp=0.25 total_env_steps=10151 t=0.11s
Ep  212: len= 47 黑胜 loss=26.6477 temp=0.25 total_env_steps=10198 t=0.11s
Ep  213: len= 47 黑胜 loss=27.0550 temp=0.25 total_env_steps=10245 t=0.11s
Ep  214: len= 53 黑胜 loss=26.8997 temp=0.25 total_env_steps=10298 t=0.13s
Ep  215: len= 47 黑胜 loss=26.7087 temp=0.25 total_env_steps=10345 t=0.12s
Ep  216: len= 45 黑胜 loss=27.2068 temp=0.25 total_env_steps=10390 t=0.11s
Ep  217: len= 44 白胜 loss=26.9375 temp=0.25 total_env_steps=10434 t=0.11s
Ep  218: len= 35 黑胜 loss=27.0941 temp=0.25 total_env_steps=10469 t=0.11s
Ep  219: len= 33 黑胜 loss=26.4636 temp=0.25 total_env_steps=10502 t=0.11s
Ep  220: len= 60 白胜 loss=26.6338 temp=0.25 total_env_steps=10562 t=0.13s
Ep  221: len= 36 白胜 loss=26.7293 temp=0.25 total_env_steps=10598 t=0.11s
Ep  222: len= 26 白胜 loss=26.7197 temp=0.25 total_env_steps=10624 t=0.10s
Ep  223: len= 39 黑胜 loss=27.3152 temp=0.25 total_env_steps=10663 t=0.11s
Ep  224: len= 25 黑胜 loss=26.8109 temp=0.25 total_env_steps=10688 t=0.10s
Ep  225: len= 65 黑胜 loss=26.7160 temp=0.25 total_env_steps=10753 t=0.13s
Ep  226: len= 39 黑胜 loss=26.6479 temp=0.25 total_env_steps=10792 t=0.11s
Ep  227: len= 40 白胜 loss=26.6545 temp=0.25 total_env_steps=10832 t=0.11s
Ep  228: len= 40 白胜 loss=26.6493 temp=0.25 total_env_steps=10872 t=0.11s
Ep  229: len= 42 白胜 loss=26.7790 temp=0.25 total_env_steps=10914 t=0.11s
Ep  230: len= 63 黑胜 loss=26.8272 temp=0.25 total_env_steps=10977 t=0.13s
Ep  231: len= 38 白胜 loss=27.0767 temp=0.25 total_env_steps=11015 t=0.11s
Ep  232: len= 40 白胜 loss=26.5278 temp=0.25 total_env_steps=11055 t=0.11s
Ep  233: len= 15 黑胜 loss=26.5047 temp=0.25 total_env_steps=11070 t=0.09s
Ep  234: len= 59 黑胜 loss=26.4811 temp=0.25 total_env_steps=11129 t=0.12s
Ep  235: len= 66 白胜 loss=26.4898 temp=0.25 total_env_steps=11195 t=0.13s
Ep  236: len= 47 黑胜 loss=26.8518 temp=0.25 total_env_steps=11242 t=0.11s
Ep  237: len= 31 黑胜 loss=26.5217 temp=0.25 total_env_steps=11273 t=0.15s
Ep  238: len= 50 白胜 loss=26.6296 temp=0.25 total_env_steps=11323 t=0.25s
Ep  239: len= 31 黑胜 loss=26.7547 temp=0.25 total_env_steps=11354 t=0.11s
Ep  240: len= 32 白胜 loss=26.3184 temp=0.25 total_env_steps=11386 t=0.11s
Ep  241: len= 37 黑胜 loss=26.7275 temp=0.25 total_env_steps=11423 t=0.11s
Ep  242: len= 30 白胜 loss=26.3738 temp=0.25 total_env_steps=11453 t=0.11s
Ep  243: len= 20 白胜 loss=26.7009 temp=0.25 total_env_steps=11473 t=0.10s
Ep  244: len= 42 白胜 loss=26.4510 temp=0.25 total_env_steps=11515 t=0.11s
Ep  245: len= 56 白胜 loss=26.3890 temp=0.25 total_env_steps=11571 t=0.13s
Ep  246: len= 47 黑胜 loss=26.7300 temp=0.25 total_env_steps=11618 t=0.12s
Ep  247: len= 41 黑胜 loss=26.1562 temp=0.25 total_env_steps=11659 t=0.11s
Ep  248: len= 50 白胜 loss=26.5547 temp=0.25 total_env_steps=11709 t=0.12s
Ep  249: len= 41 黑胜 loss=26.9147 temp=0.25 total_env_steps=11750 t=0.11s
Ep  250: len= 39 黑胜 loss=26.6143 temp=0.25 total_env_steps=11789 t=0.11s
  eval vs Gomoku-random-v0: win_rate=0.90 mean_return=0.80（20 局，total_env_steps=11789）
Ep  251: len= 33 黑胜 loss=27.0868 temp=0.25 total_env_steps=11822 t=0.11s
Ep  252: len= 51 黑胜 loss=27.0135 temp=0.25 total_env_steps=11873 t=0.12s
Ep  253: len= 45 黑胜 loss=26.5497 temp=0.25 total_env_steps=11918 t=0.11s
Ep  254: len= 71 黑胜 loss=26.5640 temp=0.25 total_env_steps=11989 t=0.14s
Ep  255: len= 46 白胜 loss=26.0524 temp=0.25 total_env_steps=12035 t=0.12s
Ep  256: len= 48 白胜 loss=26.6031 temp=0.25 total_env_steps=12083 t=0.12s
Ep  257: len= 47 黑胜 loss=26.9289 temp=0.25 total_env_steps=12130 t=0.12s
Ep  258: len= 49 黑胜 loss=26.5183 temp=0.25 total_env_steps=12179 t=0.13s
Ep  259: len= 50 白胜 loss=26.6980 temp=0.25 total_env_steps=12229 t=0.11s
Ep  260: len= 42 白胜 loss=26.8162 temp=0.25 total_env_steps=12271 t=0.11s
Ep  261: len= 31 黑胜 loss=26.2563 temp=0.25 total_env_steps=12302 t=0.11s
Ep  262: len= 37 黑胜 loss=26.3398 temp=0.25 total_env_steps=12339 t=0.11s
Ep  263: len= 39 黑胜 loss=26.3953 temp=0.25 total_env_steps=12378 t=0.11s
Ep  264: len= 41 黑胜 loss=26.3492 temp=0.25 total_env_steps=12419 t=0.11s
Ep  265: len= 57 黑胜 loss=26.6016 temp=0.25 total_env_steps=12476 t=0.13s
Ep  266: len= 36 白胜 loss=26.3730 temp=0.25 total_env_steps=12512 t=0.11s
Ep  267: len= 34 白胜 loss=26.1722 temp=0.25 total_env_steps=12546 t=0.11s
Ep  268: len= 49 黑胜 loss=26.4223 temp=0.25 total_env_steps=12595 t=0.11s
Ep  269: len= 45 黑胜 loss=26.1161 temp=0.25 total_env_steps=12640 t=0.11s
Ep  270: len= 66 白胜 loss=25.9758 temp=0.25 total_env_steps=12706 t=0.13s
Ep  271: len= 44 白胜 loss=26.4199 temp=0.25 total_env_steps=12750 t=0.12s
Ep  272: len= 29 黑胜 loss=26.4681 temp=0.25 total_env_steps=12779 t=0.11s
Ep  273: len= 28 白胜 loss=26.3491 temp=0.25 total_env_steps=12807 t=0.11s
Ep  274: len= 45 黑胜 loss=26.2347 temp=0.25 total_env_steps=12852 t=0.12s
Ep  275: len= 61 黑胜 loss=26.3093 temp=0.25 total_env_steps=12913 t=0.13s
Ep  276: len= 41 黑胜 loss=26.4846 temp=0.25 total_env_steps=12954 t=0.11s
Ep  277: len= 46 白胜 loss=26.9653 temp=0.25 total_env_steps=13000 t=0.12s
Ep  278: len= 26 白胜 loss=25.8283 temp=0.25 total_env_steps=13026 t=0.10s
Ep  279: len= 37 黑胜 loss=26.0403 temp=0.25 total_env_steps=13063 t=0.10s
Ep  280: len= 26 白胜 loss=26.4985 temp=0.25 total_env_steps=13089 t=0.10s
Ep  281: len= 28 白胜 loss=26.4075 temp=0.25 total_env_steps=13117 t=0.11s
Ep  282: len= 61 黑胜 loss=26.4299 temp=0.25 total_env_steps=13178 t=0.13s
Ep  283: len= 33 黑胜 loss=25.9241 temp=0.25 total_env_steps=13211 t=0.11s
Ep  284: len= 60 白胜 loss=26.7128 temp=0.25 total_env_steps=13271 t=0.13s
Ep  285: len= 55 黑胜 loss=26.7712 temp=0.25 total_env_steps=13326 t=0.12s
Ep  286: len= 51 黑胜 loss=26.7281 temp=0.25 total_env_steps=13377 t=0.12s
Ep  287: len= 23 黑胜 loss=26.6142 temp=0.25 total_env_steps=13400 t=0.10s
Ep  288: len= 54 白胜 loss=26.6239 temp=0.25 total_env_steps=13454 t=0.13s
Ep  289: len= 33 黑胜 loss=26.4536 temp=0.25 total_env_steps=13487 t=0.11s
Ep  290: len= 31 黑胜 loss=26.1254 temp=0.25 total_env_steps=13518 t=0.11s
Ep  291: len= 34 白胜 loss=26.4245 temp=0.25 total_env_steps=13552 t=0.11s
Ep  292: len= 41 黑胜 loss=25.9192 temp=0.25 total_env_steps=13593 t=0.11s
Ep  293: len= 35 黑胜 loss=26.4109 temp=0.25 total_env_steps=13628 t=0.11s
Ep  294: len= 63 黑胜 loss=26.0506 temp=0.25 total_env_steps=13691 t=0.13s
Ep  295: len= 38 白胜 loss=26.3809 temp=0.25 total_env_steps=13729 t=0.11s
Ep  296: len= 23 黑胜 loss=26.7813 temp=0.25 total_env_steps=13752 t=0.10s
Ep  297: len= 56 白胜 loss=26.1110 temp=0.25 total_env_steps=13808 t=0.12s
Ep  298: len= 51 黑胜 loss=26.2656 temp=0.25 total_env_steps=13859 t=0.12s
Ep  299: len= 58 白胜 loss=26.6001 temp=0.25 total_env_steps=13917 t=0.13s
Ep  300: len= 39 黑胜 loss=26.2016 temp=0.25 total_env_steps=13956 t=0.11s
  eval vs Gomoku-random-v0: win_rate=0.85 mean_return=0.70（20 局，total_env_steps=13956）
Ep  301: len= 20 白胜 loss=26.5952 temp=0.25 total_env_steps=13976 t=0.10s
Ep  302: len= 36 白胜 loss=26.3331 temp=0.25 total_env_steps=14012 t=0.11s
Ep  303: len= 79 黑胜 loss=26.6081 temp=0.25 total_env_steps=14091 t=0.14s
Ep  304: len= 44 白胜 loss=26.3917 temp=0.25 total_env_steps=14135 t=0.12s
Ep  305: len= 44 白胜 loss=26.2986 temp=0.25 total_env_steps=14179 t=0.12s
Ep  306: len= 46 白胜 loss=26.5118 temp=0.25 total_env_steps=14225 t=0.12s
Ep  307: len= 54 白胜 loss=26.3121 temp=0.25 total_env_steps=14279 t=0.12s
Ep  308: len= 33 黑胜 loss=26.2277 temp=0.25 total_env_steps=14312 t=0.11s
Ep  309: len= 54 白胜 loss=26.5197 temp=0.25 total_env_steps=14366 t=0.13s
Ep  310: len= 49 黑胜 loss=26.1178 temp=0.25 total_env_steps=14415 t=0.12s
Ep  311: len= 23 黑胜 loss=25.8469 temp=0.25 total_env_steps=14438 t=0.10s
Ep  312: len= 49 黑胜 loss=26.1270 temp=0.25 total_env_steps=14487 t=0.12s
Ep  313: len= 34 白胜 loss=26.3930 temp=0.25 total_env_steps=14521 t=0.11s
Ep  314: len= 65 黑胜 loss=26.1443 temp=0.25 total_env_steps=14586 t=0.13s
Ep  315: len= 61 黑胜 loss=26.4678 temp=0.25 total_env_steps=14647 t=0.13s
Ep  316: len= 46 白胜 loss=26.0888 temp=0.25 total_env_steps=14693 t=0.11s
Ep  317: len= 38 白胜 loss=26.5380 temp=0.25 total_env_steps=14731 t=0.11s
Ep  318: len= 48 白胜 loss=26.0450 temp=0.25 total_env_steps=14779 t=0.12s
Ep  319: len= 38 白胜 loss=25.5314 temp=0.25 total_env_steps=14817 t=0.11s
Ep  320: len= 29 黑胜 loss=26.2747 temp=0.25 total_env_steps=14846 t=0.10s
Ep  321: len= 47 黑胜 loss=25.8630 temp=0.25 total_env_steps=14893 t=0.12s
Ep  322: len= 32 白胜 loss=26.5371 temp=0.25 total_env_steps=14925 t=0.11s
Ep  323: len= 44 白胜 loss=26.4846 temp=0.25 total_env_steps=14969 t=0.11s
Ep  324: len= 54 白胜 loss=25.9695 temp=0.25 total_env_steps=15023 t=0.12s
Ep  325: len= 52 白胜 loss=26.1591 temp=0.25 total_env_steps=15075 t=0.12s
Ep  326: len= 28 白胜 loss=25.6233 temp=0.25 total_env_steps=15103 t=0.11s
Ep  327: len= 31 黑胜 loss=25.9302 temp=0.25 total_env_steps=15134 t=0.11s
Ep  328: len= 45 黑胜 loss=26.1999 temp=0.25 total_env_steps=15179 t=0.12s
Ep  329: len= 35 黑胜 loss=25.9703 temp=0.25 total_env_steps=15214 t=0.11s
Ep  330: len= 25 黑胜 loss=26.4893 temp=0.25 total_env_steps=15239 t=0.10s
Ep  331: len= 42 白胜 loss=26.4183 temp=0.25 total_env_steps=15281 t=0.11s
Ep  332: len= 32 白胜 loss=26.4053 temp=0.25 total_env_steps=15313 t=0.10s
Ep  333: len= 73 黑胜 loss=26.0277 temp=0.25 total_env_steps=15386 t=0.13s
Ep  334: len= 41 黑胜 loss=26.5051 temp=0.25 total_env_steps=15427 t=0.12s
Ep  335: len= 35 黑胜 loss=26.7987 temp=0.25 total_env_steps=15462 t=0.11s
Ep  336: len= 64 白胜 loss=26.7769 temp=0.25 total_env_steps=15526 t=0.13s
Ep  337: len= 53 黑胜 loss=26.0444 temp=0.25 total_env_steps=15579 t=0.12s
Ep  338: len= 49 黑胜 loss=26.5540 temp=0.25 total_env_steps=15628 t=0.12s
Ep  339: len= 36 白胜 loss=26.3499 temp=0.25 total_env_steps=15664 t=0.11s
Ep  340: len= 52 白胜 loss=26.0357 temp=0.25 total_env_steps=15716 t=0.13s
Ep  341: len= 50 白胜 loss=26.4956 temp=0.25 total_env_steps=15766 t=0.12s
Ep  342: len= 25 黑胜 loss=25.9656 temp=0.25 total_env_steps=15791 t=0.10s
Ep  343: len= 31 黑胜 loss=25.8077 temp=0.25 total_env_steps=15822 t=0.11s
Ep  344: len= 40 白胜 loss=25.9649 temp=0.25 total_env_steps=15862 t=0.12s
Ep  345: len= 51 黑胜 loss=26.1961 temp=0.25 total_env_steps=15913 t=0.13s
Ep  346: len= 29 黑胜 loss=25.8209 temp=0.25 total_env_steps=15942 t=0.11s
Ep  347: len= 31 黑胜 loss=26.6791 temp=0.25 total_env_steps=15973 t=0.11s
Ep  348: len= 45 黑胜 loss=26.5269 temp=0.25 total_env_steps=16018 t=0.12s
Ep  349: len= 35 黑胜 loss=26.0519 temp=0.25 total_env_steps=16053 t=0.11s
Ep  350: len= 44 白胜 loss=26.6227 temp=0.25 total_env_steps=16097 t=0.12s
  eval vs Gomoku-random-v0: win_rate=0.90 mean_return=0.80（20 局，total_env_steps=16097）
Ep  351: len= 51 黑胜 loss=25.9569 temp=0.25 total_env_steps=16148 t=0.11s
Ep  352: len= 45 黑胜 loss=26.1508 temp=0.25 total_env_steps=16193 t=0.11s
Ep  353: len= 59 黑胜 loss=26.0032 temp=0.25 total_env_steps=16252 t=0.12s
Ep  354: len= 30 白胜 loss=26.6095 temp=0.25 total_env_steps=16282 t=0.10s
Ep  355: len= 40 白胜 loss=25.6594 temp=0.25 total_env_steps=16322 t=0.11s
Ep  356: len= 68 白胜 loss=25.8609 temp=0.25 total_env_steps=16390 t=0.13s
Ep  357: len= 48 白胜 loss=26.1381 temp=0.25 total_env_steps=16438 t=0.12s
Ep  358: len= 51 黑胜 loss=26.1240 temp=0.25 total_env_steps=16489 t=0.12s
Ep  359: len= 65 黑胜 loss=25.7195 temp=0.25 total_env_steps=16554 t=0.12s
Ep  360: len= 41 黑胜 loss=26.1327 temp=0.25 total_env_steps=16595 t=0.11s
Ep  361: len= 49 黑胜 loss=26.1022 temp=0.25 total_env_steps=16644 t=0.12s
Ep  362: len= 43 黑胜 loss=26.2365 temp=0.25 total_env_steps=16687 t=0.12s
Ep  363: len= 43 黑胜 loss=25.8075 temp=0.25 total_env_steps=16730 t=0.12s
Ep  364: len= 37 黑胜 loss=25.5638 temp=0.25 total_env_steps=16767 t=0.11s
Ep  365: len= 54 白胜 loss=25.6088 temp=0.25 total_env_steps=16821 t=0.11s
Ep  366: len= 63 黑胜 loss=26.1766 temp=0.25 total_env_steps=16884 t=0.12s
Ep  367: len= 32 白胜 loss=26.1324 temp=0.25 total_env_steps=16916 t=0.10s
Ep  368: len= 57 黑胜 loss=26.1007 temp=0.25 total_env_steps=16973 t=0.12s
Ep  369: len= 40 白胜 loss=26.2365 temp=0.25 total_env_steps=17013 t=0.11s
Ep  370: len= 61 黑胜 loss=25.9433 temp=0.25 total_env_steps=17074 t=0.12s
Ep  371: len= 38 白胜 loss=26.2896 temp=0.25 total_env_steps=17112 t=0.11s
Ep  372: len= 38 白胜 loss=25.9175 temp=0.25 total_env_steps=17150 t=0.11s
Ep  373: len= 62 白胜 loss=25.7821 temp=0.25 total_env_steps=17212 t=0.13s
Ep  374: len= 56 白胜 loss=26.5280 temp=0.25 total_env_steps=17268 t=0.12s
Ep  375: len= 52 白胜 loss=26.2554 temp=0.25 total_env_steps=17320 t=0.12s
Ep  376: len= 44 白胜 loss=25.7120 temp=0.25 total_env_steps=17364 t=0.12s
Ep  377: len= 50 白胜 loss=26.5971 temp=0.25 total_env_steps=17414 t=0.12s
Ep  378: len= 49 黑胜 loss=26.1546 temp=0.25 total_env_steps=17463 t=0.12s
Ep  379: len= 58 白胜 loss=26.6969 temp=0.25 total_env_steps=17521 t=0.13s
Ep  380: len= 56 白胜 loss=26.5492 temp=0.25 total_env_steps=17577 t=0.13s
Ep  381: len= 52 白胜 loss=26.2576 temp=0.25 total_env_steps=17629 t=0.12s
Ep  382: len= 53 黑胜 loss=26.8827 temp=0.25 total_env_steps=17682 t=0.12s
Ep  383: len= 48 白胜 loss=25.9570 temp=0.25 total_env_steps=17730 t=0.12s
Ep  384: len= 50 白胜 loss=26.2275 temp=0.25 total_env_steps=17780 t=0.12s
Ep  385: len= 49 黑胜 loss=25.9726 temp=0.25 total_env_steps=17829 t=0.12s
Ep  386: len= 33 黑胜 loss=26.0981 temp=0.25 total_env_steps=17862 t=0.11s
Ep  387: len= 35 黑胜 loss=26.4736 temp=0.25 total_env_steps=17897 t=0.11s
Ep  388: len= 47 黑胜 loss=26.5313 temp=0.25 total_env_steps=17944 t=0.12s
Ep  389: len= 77 黑胜 loss=25.8886 temp=0.25 total_env_steps=18021 t=0.14s
Ep  390: len= 79 黑胜 loss=26.8507 temp=0.25 total_env_steps=18100 t=0.14s
Ep  391: len= 47 黑胜 loss=26.6475 temp=0.25 total_env_steps=18147 t=0.11s
Ep  392: len= 39 黑胜 loss=26.0998 temp=0.25 total_env_steps=18186 t=0.11s
Ep  393: len= 45 黑胜 loss=25.8153 temp=0.25 total_env_steps=18231 t=0.12s
Ep  394: len= 50 白胜 loss=26.2264 temp=0.25 total_env_steps=18281 t=0.12s
Ep  395: len= 72 白胜 loss=25.8751 temp=0.25 total_env_steps=18353 t=0.14s
Ep  396: len= 58 白胜 loss=26.1144 temp=0.25 total_env_steps=18411 t=0.12s
Ep  397: len= 16 白胜 loss=25.3001 temp=0.25 total_env_steps=18427 t=0.10s
Ep  398: len= 30 白胜 loss=25.9698 temp=0.25 total_env_steps=18457 t=0.11s
Ep  399: len= 37 黑胜 loss=26.3608 temp=0.25 total_env_steps=18494 t=0.12s
Ep  400: len= 48 白胜 loss=26.1690 temp=0.25 total_env_steps=18542 t=0.12s
  eval vs Gomoku-random-v0: win_rate=1.00 mean_return=1.00（20 局，total_env_steps=18542）
[闸门] vs random（40 局）: win_rate=0.900
[闸门] vs 半程快照（40 局，黑白各半）: score=0.825
[梯队] vs naive0（20 局，观察性）: win_rate=0.00
[梯队] vs naive1（20 局，观察性）: win_rate=0.00
[梯队] vs naive2（20 局，观察性）: win_rate=0.00
[梯队] vs naive3（20 局，观察性）: win_rate=0.00
📈 Gomoku-selfplay-v0 win_rate=1.00（best 1.00）| 门槛 0.95 | 38.3s

--- arm=gumbel_s16 seed=43 sims=16 ---
[MyZero-board] 组件: Gumbel + completedQ
[MyZero-board Gomoku-selfplay-v0] obs=243(3×9²) |A|=81 sims=16 γ=1.0 negamax
Ep    1: len= 54 白胜 loss=0.0000 temp=1.00 total_env_steps=54 t=0.04s
Ep    2: len= 61 黑胜 loss=0.0000 temp=1.00 total_env_steps=115 t=0.04s
Ep    3: len= 54 白胜 loss=0.0000 temp=1.00 total_env_steps=169 t=0.04s
Ep    4: len= 30 白胜 loss=0.0000 temp=1.00 total_env_steps=199 t=0.02s
Ep    5: len= 57 黑胜 loss=0.0000 temp=1.00 total_env_steps=256 t=0.04s
Ep    6: len= 44 白胜 loss=0.0000 temp=1.00 total_env_steps=300 t=0.03s
Ep    7: len= 53 黑胜 loss=0.0000 temp=1.00 total_env_steps=353 t=0.04s
Ep    8: len= 47 黑胜 loss=0.0000 temp=1.00 total_env_steps=400 t=0.03s
Ep    9: len= 50 白胜 loss=0.0000 temp=1.00 total_env_steps=450 t=0.04s
Ep   10: len= 55 黑胜 loss=33.6931 temp=1.00 total_env_steps=505 t=0.06s
Ep   11: len= 70 白胜 loss=27.4415 temp=1.00 total_env_steps=575 t=0.08s
Ep   12: len= 57 黑胜 loss=27.3580 temp=1.00 total_env_steps=632 t=0.07s
Ep   13: len= 41 黑胜 loss=27.4439 temp=1.00 total_env_steps=673 t=0.05s
Ep   14: len= 46 白胜 loss=27.7410 temp=1.00 total_env_steps=719 t=0.06s
Ep   15: len= 17 黑胜 loss=27.6393 temp=1.00 total_env_steps=736 t=0.04s
Ep   16: len= 44 白胜 loss=27.3502 temp=1.00 total_env_steps=780 t=0.06s
Ep   17: len= 64 白胜 loss=27.9042 temp=1.00 total_env_steps=844 t=0.07s
Ep   18: len= 61 黑胜 loss=27.3912 temp=1.00 total_env_steps=905 t=0.07s
Ep   19: len= 53 黑胜 loss=27.6788 temp=1.00 total_env_steps=958 t=0.07s
Ep   20: len= 51 黑胜 loss=27.5754 temp=1.00 total_env_steps=1009 t=0.07s
Ep   21: len= 57 黑胜 loss=27.1334 temp=1.00 total_env_steps=1066 t=0.07s
Ep   22: len= 62 白胜 loss=27.9790 temp=1.00 total_env_steps=1128 t=0.07s
Ep   23: len= 62 白胜 loss=27.5751 temp=1.00 total_env_steps=1190 t=0.07s
Ep   24: len= 31 黑胜 loss=27.7820 temp=1.00 total_env_steps=1221 t=0.05s
Ep   25: len= 74 白胜 loss=27.5121 temp=1.00 total_env_steps=1295 t=0.08s
Ep   26: len= 44 白胜 loss=27.4376 temp=1.00 total_env_steps=1339 t=0.06s
Ep   27: len= 70 白胜 loss=27.5633 temp=1.00 total_env_steps=1409 t=0.07s
Ep   28: len= 23 黑胜 loss=27.7475 temp=1.00 total_env_steps=1432 t=0.04s
Ep   29: len= 49 黑胜 loss=27.8563 temp=1.00 total_env_steps=1481 t=0.06s
Ep   30: len= 61 黑胜 loss=27.8223 temp=1.00 total_env_steps=1542 t=0.07s
Ep   31: len= 54 白胜 loss=27.6081 temp=1.00 total_env_steps=1596 t=0.07s
Ep   32: len= 20 白胜 loss=27.8551 temp=1.00 total_env_steps=1616 t=0.04s
Ep   33: len= 43 黑胜 loss=27.6477 temp=1.00 total_env_steps=1659 t=0.06s
Ep   34: len= 49 黑胜 loss=27.9651 temp=1.00 total_env_steps=1708 t=0.06s
Ep   35: len= 29 黑胜 loss=27.5307 temp=1.00 total_env_steps=1737 t=0.05s
Ep   36: len= 59 黑胜 loss=27.8254 temp=1.00 total_env_steps=1796 t=0.06s
Ep   37: len= 74 白胜 loss=27.8247 temp=1.00 total_env_steps=1870 t=0.08s
Ep   38: len= 52 白胜 loss=27.5750 temp=1.00 total_env_steps=1922 t=0.06s
Ep   39: len= 28 白胜 loss=27.9179 temp=1.00 total_env_steps=1950 t=0.05s
Ep   40: len= 55 黑胜 loss=27.7324 temp=1.00 total_env_steps=2005 t=0.07s
Ep   41: len= 50 白胜 loss=27.6495 temp=1.00 total_env_steps=2055 t=0.07s
Ep   42: len= 39 黑胜 loss=28.1060 temp=1.00 total_env_steps=2094 t=0.05s
Ep   43: len= 26 白胜 loss=28.0049 temp=1.00 total_env_steps=2120 t=0.04s
Ep   44: len= 61 黑胜 loss=27.9015 temp=1.00 total_env_steps=2181 t=0.07s
Ep   45: len= 42 白胜 loss=27.8205 temp=1.00 total_env_steps=2223 t=0.06s
Ep   46: len= 34 白胜 loss=27.4869 temp=1.00 total_env_steps=2257 t=0.05s
Ep   47: len= 41 黑胜 loss=27.6175 temp=1.00 total_env_steps=2298 t=0.06s
Ep   48: len= 45 黑胜 loss=27.6502 temp=1.00 total_env_steps=2343 t=0.06s
Ep   49: len= 52 白胜 loss=27.7191 temp=1.00 total_env_steps=2395 t=0.06s
Ep   50: len= 29 黑胜 loss=27.6003 temp=1.00 total_env_steps=2424 t=0.05s
  eval vs Gomoku-random-v0: win_rate=0.75 mean_return=0.50（20 局，total_env_steps=2424）
Ep   51: len= 54 白胜 loss=28.1698 temp=1.00 total_env_steps=2478 t=0.07s
Ep   52: len= 55 黑胜 loss=27.8112 temp=1.00 total_env_steps=2533 t=0.07s
Ep   53: len= 65 黑胜 loss=27.7241 temp=1.00 total_env_steps=2598 t=0.08s
Ep   54: len= 36 白胜 loss=27.9080 temp=1.00 total_env_steps=2634 t=0.05s
Ep   55: len= 57 黑胜 loss=27.5365 temp=1.00 total_env_steps=2691 t=0.07s
Ep   56: len= 50 白胜 loss=27.8132 temp=1.00 total_env_steps=2741 t=0.06s
Ep   57: len= 55 黑胜 loss=27.6709 temp=1.00 total_env_steps=2796 t=0.07s
Ep   58: len= 51 黑胜 loss=27.6555 temp=1.00 total_env_steps=2847 t=0.07s
Ep   59: len= 19 黑胜 loss=27.5761 temp=1.00 total_env_steps=2866 t=0.04s
Ep   60: len= 66 白胜 loss=27.8370 temp=1.00 total_env_steps=2932 t=0.07s
Ep   61: len= 47 黑胜 loss=28.0357 temp=1.00 total_env_steps=2979 t=0.06s
Ep   62: len= 51 黑胜 loss=27.8412 temp=1.00 total_env_steps=3030 t=0.06s
Ep   63: len= 46 白胜 loss=28.1230 temp=1.00 total_env_steps=3076 t=0.06s
Ep   64: len= 41 黑胜 loss=27.8151 temp=1.00 total_env_steps=3117 t=0.06s
Ep   65: len= 58 白胜 loss=27.9534 temp=1.00 total_env_steps=3175 t=0.07s
Ep   66: len= 51 黑胜 loss=27.3449 temp=1.00 total_env_steps=3226 t=0.06s
Ep   67: len= 67 黑胜 loss=27.8973 temp=1.00 total_env_steps=3293 t=0.08s
Ep   68: len= 44 白胜 loss=27.3955 temp=1.00 total_env_steps=3337 t=0.06s
Ep   69: len= 36 白胜 loss=27.9240 temp=1.00 total_env_steps=3373 t=0.05s
Ep   70: len= 49 黑胜 loss=27.7481 temp=1.00 total_env_steps=3422 t=0.06s
Ep   71: len= 51 黑胜 loss=28.0517 temp=1.00 total_env_steps=3473 t=0.06s
Ep   72: len= 41 黑胜 loss=28.0648 temp=1.00 total_env_steps=3514 t=0.06s
Ep   73: len= 37 黑胜 loss=27.7982 temp=1.00 total_env_steps=3551 t=0.05s
Ep   74: len= 66 白胜 loss=27.7092 temp=1.00 total_env_steps=3617 t=0.08s
Ep   75: len= 70 白胜 loss=27.6585 temp=1.00 total_env_steps=3687 t=0.08s
Ep   76: len= 54 白胜 loss=27.8370 temp=1.00 total_env_steps=3741 t=0.06s
Ep   77: len= 21 黑胜 loss=27.9298 temp=1.00 total_env_steps=3762 t=0.04s
Ep   78: len= 28 白胜 loss=27.3646 temp=1.00 total_env_steps=3790 t=0.05s
Ep   79: len= 50 白胜 loss=28.0282 temp=1.00 total_env_steps=3840 t=0.07s
Ep   80: len= 66 白胜 loss=27.6343 temp=1.00 total_env_steps=3906 t=0.08s
Ep   81: len= 68 白胜 loss=27.9745 temp=1.00 total_env_steps=3974 t=0.08s
Ep   82: len= 44 白胜 loss=27.7130 temp=1.00 total_env_steps=4018 t=0.06s
Ep   83: len= 72 白胜 loss=27.6992 temp=1.00 total_env_steps=4090 t=0.08s
Ep   84: len= 37 黑胜 loss=28.0829 temp=1.00 total_env_steps=4127 t=0.05s
Ep   85: len= 49 黑胜 loss=27.7221 temp=1.00 total_env_steps=4176 t=0.06s
Ep   86: len= 54 白胜 loss=27.5889 temp=1.00 total_env_steps=4230 t=0.06s
Ep   87: len= 46 白胜 loss=27.7289 temp=1.00 total_env_steps=4276 t=0.06s
Ep   88: len= 58 白胜 loss=27.7291 temp=1.00 total_env_steps=4334 t=0.07s
Ep   89: len= 45 黑胜 loss=27.9092 temp=1.00 total_env_steps=4379 t=0.06s
Ep   90: len= 45 黑胜 loss=27.9036 temp=1.00 total_env_steps=4424 t=0.05s
Ep   91: len= 36 白胜 loss=27.7152 temp=1.00 total_env_steps=4460 t=0.05s
Ep   92: len= 55 黑胜 loss=28.0600 temp=1.00 total_env_steps=4515 t=0.07s
Ep   93: len= 65 黑胜 loss=27.7444 temp=1.00 total_env_steps=4580 t=0.08s
Ep   94: len= 23 黑胜 loss=27.6392 temp=1.00 total_env_steps=4603 t=0.04s
Ep   95: len= 57 黑胜 loss=27.6718 temp=1.00 total_env_steps=4660 t=0.07s
Ep   96: len= 55 黑胜 loss=27.7563 temp=1.00 total_env_steps=4715 t=0.06s
Ep   97: len= 47 黑胜 loss=27.6556 temp=1.00 total_env_steps=4762 t=0.05s
Ep   98: len= 47 黑胜 loss=27.9997 temp=1.00 total_env_steps=4809 t=0.06s
Ep   99: len= 50 白胜 loss=27.9782 temp=1.00 total_env_steps=4859 t=0.06s
Ep  100: len= 70 白胜 loss=27.6461 temp=1.00 total_env_steps=4929 t=0.07s
  eval vs Gomoku-random-v0: win_rate=0.90 mean_return=0.80（20 局，total_env_steps=4929）
Ep  101: len= 58 白胜 loss=27.6803 temp=1.00 total_env_steps=4987 t=0.06s
Ep  102: len= 43 黑胜 loss=27.6545 temp=0.99 total_env_steps=5030 t=0.06s
Ep  103: len= 45 黑胜 loss=27.9856 temp=0.99 total_env_steps=5075 t=0.06s
Ep  104: len= 62 白胜 loss=27.6555 temp=0.98 total_env_steps=5137 t=0.07s
Ep  105: len= 40 白胜 loss=27.8950 temp=0.97 total_env_steps=5177 t=0.05s
Ep  106: len= 59 黑胜 loss=27.9527 temp=0.96 total_env_steps=5236 t=0.07s
Ep  107: len= 36 白胜 loss=27.8390 temp=0.95 total_env_steps=5272 t=0.05s
Ep  108: len= 57 黑胜 loss=27.7975 temp=0.95 total_env_steps=5329 t=0.06s
Ep  109: len= 44 白胜 loss=27.9769 temp=0.94 total_env_steps=5373 t=0.05s
Ep  110: len= 74 白胜 loss=27.7409 temp=0.93 total_env_steps=5447 t=0.08s
Ep  111: len= 51 黑胜 loss=27.7092 temp=0.93 total_env_steps=5498 t=0.06s
Ep  112: len= 58 白胜 loss=27.7664 temp=0.92 total_env_steps=5556 t=0.07s
Ep  113: len= 45 黑胜 loss=28.1134 temp=0.91 total_env_steps=5601 t=0.06s
Ep  114: len= 44 白胜 loss=28.0747 temp=0.90 total_env_steps=5645 t=0.06s
Ep  115: len= 63 黑胜 loss=27.5786 temp=0.89 total_env_steps=5708 t=0.07s
Ep  116: len= 45 黑胜 loss=27.7226 temp=0.89 total_env_steps=5753 t=0.06s
Ep  117: len= 68 白胜 loss=27.9891 temp=0.88 total_env_steps=5821 t=0.07s
Ep  118: len= 49 黑胜 loss=27.9908 temp=0.87 total_env_steps=5870 t=0.06s
Ep  119: len= 81 黑胜 loss=27.5179 temp=0.87 total_env_steps=5951 t=0.08s
Ep  120: len= 74 白胜 loss=27.9356 temp=0.86 total_env_steps=6025 t=0.08s
Ep  121: len= 44 白胜 loss=27.9919 temp=0.85 total_env_steps=6069 t=0.05s
Ep  122: len= 61 黑胜 loss=27.8835 temp=0.84 total_env_steps=6130 t=0.07s
Ep  123: len= 64 白胜 loss=27.7105 temp=0.84 total_env_steps=6194 t=0.07s
Ep  124: len= 45 黑胜 loss=27.7538 temp=0.83 total_env_steps=6239 t=0.06s
Ep  125: len= 65 黑胜 loss=27.8195 temp=0.82 total_env_steps=6304 t=0.07s
Ep  126: len= 60 白胜 loss=27.9267 temp=0.81 total_env_steps=6364 t=0.06s
Ep  127: len= 31 黑胜 loss=27.8232 temp=0.81 total_env_steps=6395 t=0.04s
Ep  128: len= 71 黑胜 loss=27.9650 temp=0.80 total_env_steps=6466 t=0.07s
Ep  129: len= 37 黑胜 loss=27.8632 temp=0.79 total_env_steps=6503 t=0.05s
Ep  130: len= 66 白胜 loss=27.8664 temp=0.78 total_env_steps=6569 t=0.07s
Ep  131: len= 62 白胜 loss=27.8035 temp=0.77 total_env_steps=6631 t=0.07s
Ep  132: len= 46 白胜 loss=27.7490 temp=0.77 total_env_steps=6677 t=0.06s
Ep  133: len= 56 白胜 loss=27.7661 temp=0.76 total_env_steps=6733 t=0.06s
Ep  134: len= 60 白胜 loss=27.7590 temp=0.75 total_env_steps=6793 t=0.07s
Ep  135: len= 39 黑胜 loss=27.8410 temp=0.75 total_env_steps=6832 t=0.05s
Ep  136: len= 34 白胜 loss=27.6505 temp=0.74 total_env_steps=6866 t=0.05s
Ep  137: len= 45 黑胜 loss=27.7718 temp=0.73 total_env_steps=6911 t=0.05s
Ep  138: len= 51 黑胜 loss=27.9459 temp=0.72 total_env_steps=6962 t=0.06s
Ep  139: len= 65 黑胜 loss=27.4938 temp=0.72 total_env_steps=7027 t=0.07s
Ep  140: len= 40 白胜 loss=27.9803 temp=0.71 total_env_steps=7067 t=0.05s
Ep  141: len= 32 白胜 loss=27.9710 temp=0.70 total_env_steps=7099 t=0.05s
Ep  142: len= 49 黑胜 loss=27.7920 temp=0.69 total_env_steps=7148 t=0.06s
Ep  143: len= 51 黑胜 loss=27.6595 temp=0.69 total_env_steps=7199 t=0.06s
Ep  144: len= 31 黑胜 loss=27.6382 temp=0.68 total_env_steps=7230 t=0.05s
Ep  145: len= 51 黑胜 loss=27.8449 temp=0.67 total_env_steps=7281 t=0.06s
Ep  146: len= 47 黑胜 loss=27.8674 temp=0.66 total_env_steps=7328 t=0.06s
Ep  147: len= 55 黑胜 loss=27.8587 temp=0.65 total_env_steps=7383 t=0.06s
Ep  148: len= 46 白胜 loss=27.8125 temp=0.65 total_env_steps=7429 t=0.06s
Ep  149: len= 67 黑胜 loss=27.5899 temp=0.64 total_env_steps=7496 t=0.08s
Ep  150: len= 61 黑胜 loss=27.5810 temp=0.63 total_env_steps=7557 t=0.07s
  eval vs Gomoku-random-v0: win_rate=0.80 mean_return=0.60（20 局，total_env_steps=7557）
Ep  151: len= 38 白胜 loss=27.4001 temp=0.62 total_env_steps=7595 t=0.05s
Ep  152: len= 30 白胜 loss=27.7233 temp=0.62 total_env_steps=7625 t=0.05s
Ep  153: len= 40 白胜 loss=27.8264 temp=0.61 total_env_steps=7665 t=0.06s
Ep  154: len= 59 黑胜 loss=27.7811 temp=0.60 total_env_steps=7724 t=0.07s
Ep  155: len= 39 黑胜 loss=27.6497 temp=0.59 total_env_steps=7763 t=0.06s
Ep  156: len= 50 白胜 loss=27.7781 temp=0.59 total_env_steps=7813 t=0.07s
Ep  157: len= 29 黑胜 loss=27.4792 temp=0.58 total_env_steps=7842 t=0.05s
Ep  158: len= 32 白胜 loss=27.6043 temp=0.57 total_env_steps=7874 t=0.05s
Ep  159: len= 50 白胜 loss=27.3011 temp=0.56 total_env_steps=7924 t=0.08s
Ep  160: len= 39 黑胜 loss=27.6951 temp=0.56 total_env_steps=7963 t=0.06s
Ep  161: len= 52 白胜 loss=27.7616 temp=0.55 total_env_steps=8015 t=0.07s
Ep  162: len= 43 黑胜 loss=27.4797 temp=0.54 total_env_steps=8058 t=0.06s
Ep  163: len= 52 白胜 loss=27.7803 temp=0.53 total_env_steps=8110 t=0.07s
Ep  164: len= 50 白胜 loss=27.4530 temp=0.53 total_env_steps=8160 t=0.06s
Ep  165: len= 41 黑胜 loss=27.4517 temp=0.52 total_env_steps=8201 t=0.06s
Ep  166: len= 50 白胜 loss=27.8881 temp=0.51 total_env_steps=8251 t=0.06s
Ep  167: len= 43 黑胜 loss=27.6178 temp=0.50 total_env_steps=8294 t=0.06s
Ep  168: len= 50 白胜 loss=27.5100 temp=0.50 total_env_steps=8344 t=0.06s
Ep  169: len= 52 白胜 loss=27.5914 temp=0.49 total_env_steps=8396 t=0.07s
Ep  170: len= 38 白胜 loss=27.7552 temp=0.48 total_env_steps=8434 t=0.06s
Ep  171: len= 50 白胜 loss=27.6665 temp=0.48 total_env_steps=8484 t=0.06s
Ep  172: len= 52 白胜 loss=27.7221 temp=0.47 total_env_steps=8536 t=0.06s
Ep  173: len= 52 白胜 loss=27.7712 temp=0.46 total_env_steps=8588 t=0.06s
Ep  174: len= 34 白胜 loss=27.6717 temp=0.45 total_env_steps=8622 t=0.05s
Ep  175: len= 53 黑胜 loss=27.5243 temp=0.44 total_env_steps=8675 t=0.07s
Ep  176: len= 43 黑胜 loss=27.8407 temp=0.44 total_env_steps=8718 t=0.06s
Ep  177: len= 33 黑胜 loss=27.7517 temp=0.43 total_env_steps=8751 t=0.05s
Ep  178: len= 40 白胜 loss=27.5372 temp=0.42 total_env_steps=8791 t=0.05s
Ep  179: len= 41 黑胜 loss=27.6720 temp=0.42 total_env_steps=8832 t=0.05s
Ep  180: len= 46 白胜 loss=27.8254 temp=0.41 total_env_steps=8878 t=0.06s
Ep  181: len= 61 黑胜 loss=27.8914 temp=0.40 total_env_steps=8939 t=0.07s
Ep  182: len= 57 黑胜 loss=27.4768 temp=0.39 total_env_steps=8996 t=0.07s
Ep  183: len= 49 黑胜 loss=27.3341 temp=0.38 total_env_steps=9045 t=0.06s
Ep  184: len= 25 黑胜 loss=28.0171 temp=0.38 total_env_steps=9070 t=0.04s
Ep  185: len= 46 白胜 loss=27.3778 temp=0.37 total_env_steps=9116 t=0.06s
Ep  186: len= 50 白胜 loss=27.8005 temp=0.36 total_env_steps=9166 t=0.07s
Ep  187: len= 51 黑胜 loss=27.6942 temp=0.36 total_env_steps=9217 t=0.07s
Ep  188: len= 39 黑胜 loss=27.3565 temp=0.35 total_env_steps=9256 t=0.06s
Ep  189: len= 51 黑胜 loss=27.7662 temp=0.34 total_env_steps=9307 t=0.07s
Ep  190: len= 37 黑胜 loss=27.7557 temp=0.33 total_env_steps=9344 t=0.06s
Ep  191: len= 50 白胜 loss=28.0706 temp=0.33 total_env_steps=9394 t=0.07s
Ep  192: len= 24 白胜 loss=28.0697 temp=0.32 total_env_steps=9418 t=0.05s
Ep  193: len= 51 黑胜 loss=27.6925 temp=0.31 total_env_steps=9469 t=0.08s
Ep  194: len= 66 白胜 loss=27.5740 temp=0.30 total_env_steps=9535 t=0.09s
Ep  195: len= 44 白胜 loss=27.6405 temp=0.30 total_env_steps=9579 t=0.07s
Ep  196: len= 50 白胜 loss=27.5013 temp=0.29 total_env_steps=9629 t=0.08s
Ep  197: len= 46 白胜 loss=27.6238 temp=0.28 total_env_steps=9675 t=0.08s
Ep  198: len= 48 白胜 loss=27.5098 temp=0.27 total_env_steps=9723 t=0.08s
Ep  199: len= 59 黑胜 loss=27.3097 temp=0.26 total_env_steps=9782 t=0.09s
Ep  200: len= 57 黑胜 loss=27.1214 temp=0.26 total_env_steps=9839 t=0.10s
  eval vs Gomoku-random-v0: win_rate=0.85 mean_return=0.70（20 局，total_env_steps=9839）
  📸 已拍权重快照（ep=200，gating 对弈基准）
Ep  201: len= 19 黑胜 loss=27.5644 temp=0.25 total_env_steps=9858 t=0.07s
Ep  202: len= 49 黑胜 loss=27.4142 temp=0.25 total_env_steps=9907 t=0.09s
Ep  203: len= 62 白胜 loss=27.6106 temp=0.25 total_env_steps=9969 t=0.11s
Ep  204: len= 33 黑胜 loss=27.4925 temp=0.25 total_env_steps=10002 t=0.08s
Ep  205: len= 35 黑胜 loss=27.7866 temp=0.25 total_env_steps=10037 t=0.08s
Ep  206: len= 24 白胜 loss=27.4157 temp=0.25 total_env_steps=10061 t=0.08s
Ep  207: len= 55 黑胜 loss=27.5724 temp=0.25 total_env_steps=10116 t=0.10s
Ep  208: len= 49 黑胜 loss=27.7614 temp=0.25 total_env_steps=10165 t=0.10s
Ep  209: len= 54 白胜 loss=27.5673 temp=0.25 total_env_steps=10219 t=0.10s
Ep  210: len= 30 白胜 loss=27.3621 temp=0.25 total_env_steps=10249 t=0.08s
Ep  211: len= 44 白胜 loss=27.3090 temp=0.25 total_env_steps=10293 t=0.11s
Ep  212: len= 40 白胜 loss=27.6261 temp=0.25 total_env_steps=10333 t=0.11s
Ep  213: len= 47 黑胜 loss=27.2387 temp=0.25 total_env_steps=10380 t=0.11s
Ep  214: len= 66 白胜 loss=27.8167 temp=0.25 total_env_steps=10446 t=0.12s
Ep  215: len= 48 白胜 loss=27.4713 temp=0.25 total_env_steps=10494 t=0.11s
Ep  216: len= 29 黑胜 loss=27.5909 temp=0.25 total_env_steps=10523 t=0.10s
Ep  217: len= 50 白胜 loss=27.3850 temp=0.25 total_env_steps=10573 t=0.11s
Ep  218: len= 30 白胜 loss=27.7941 temp=0.25 total_env_steps=10603 t=0.10s
Ep  219: len= 44 白胜 loss=27.6610 temp=0.25 total_env_steps=10647 t=0.11s
Ep  220: len= 26 白胜 loss=27.5056 temp=0.25 total_env_steps=10673 t=0.10s
Ep  221: len= 46 白胜 loss=27.6076 temp=0.25 total_env_steps=10719 t=0.11s
Ep  222: len= 47 黑胜 loss=27.6130 temp=0.25 total_env_steps=10766 t=0.12s
Ep  223: len= 58 白胜 loss=27.5556 temp=0.25 total_env_steps=10824 t=0.12s
Ep  224: len= 24 白胜 loss=27.6209 temp=0.25 total_env_steps=10848 t=0.10s
Ep  225: len= 35 黑胜 loss=27.5901 temp=0.25 total_env_steps=10883 t=0.10s
Ep  226: len= 59 黑胜 loss=27.3325 temp=0.25 total_env_steps=10942 t=0.12s
Ep  227: len= 65 黑胜 loss=27.6767 temp=0.25 total_env_steps=11007 t=0.12s
Ep  228: len= 43 黑胜 loss=27.7295 temp=0.25 total_env_steps=11050 t=0.10s
Ep  229: len= 34 白胜 loss=27.5662 temp=0.25 total_env_steps=11084 t=0.10s
Ep  230: len= 42 白胜 loss=27.5558 temp=0.25 total_env_steps=11126 t=0.11s
Ep  231: len= 32 白胜 loss=27.8716 temp=0.25 total_env_steps=11158 t=0.10s
Ep  232: len= 51 黑胜 loss=27.3767 temp=0.25 total_env_steps=11209 t=0.11s
Ep  233: len= 43 黑胜 loss=27.7681 temp=0.25 total_env_steps=11252 t=0.11s
Ep  234: len= 27 黑胜 loss=27.5421 temp=0.25 total_env_steps=11279 t=0.10s
Ep  235: len= 47 黑胜 loss=27.5095 temp=0.25 total_env_steps=11326 t=0.12s
Ep  236: len= 54 白胜 loss=27.4408 temp=0.25 total_env_steps=11380 t=0.12s
Ep  237: len= 51 黑胜 loss=27.5040 temp=0.25 total_env_steps=11431 t=0.11s
Ep  238: len= 56 白胜 loss=27.6367 temp=0.25 total_env_steps=11487 t=0.12s
Ep  239: len= 49 黑胜 loss=27.5590 temp=0.25 total_env_steps=11536 t=0.12s
Ep  240: len= 47 黑胜 loss=27.4216 temp=0.25 total_env_steps=11583 t=0.12s
Ep  241: len= 38 白胜 loss=27.4333 temp=0.25 total_env_steps=11621 t=0.11s
Ep  242: len= 40 白胜 loss=27.9710 temp=0.25 total_env_steps=11661 t=0.11s
Ep  243: len= 41 黑胜 loss=27.7487 temp=0.25 total_env_steps=11702 t=0.11s
Ep  244: len= 36 白胜 loss=27.6801 temp=0.25 total_env_steps=11738 t=0.10s
Ep  245: len= 48 白胜 loss=27.2457 temp=0.25 total_env_steps=11786 t=0.12s
Ep  246: len= 61 黑胜 loss=27.6905 temp=0.25 total_env_steps=11847 t=0.12s
Ep  247: len= 43 黑胜 loss=27.5380 temp=0.25 total_env_steps=11890 t=0.11s
Ep  248: len= 58 白胜 loss=27.3820 temp=0.25 total_env_steps=11948 t=0.12s
Ep  249: len= 69 黑胜 loss=27.2962 temp=0.25 total_env_steps=12017 t=0.13s
Ep  250: len= 65 黑胜 loss=27.3314 temp=0.25 total_env_steps=12082 t=0.13s
  eval vs Gomoku-random-v0: win_rate=0.95 mean_return=0.90（20 局，total_env_steps=12082）
  ✅ 达标 ep=250 total_env_steps=12082
Ep  251: len= 34 白胜 loss=27.5753 temp=0.25 total_env_steps=12116 t=0.11s
Ep  252: len= 40 白胜 loss=27.6034 temp=0.25 total_env_steps=12156 t=0.11s
Ep  253: len= 28 白胜 loss=27.5894 temp=0.25 total_env_steps=12184 t=0.10s
Ep  254: len= 29 黑胜 loss=27.2959 temp=0.25 total_env_steps=12213 t=0.10s
Ep  255: len= 52 白胜 loss=27.5671 temp=0.25 total_env_steps=12265 t=0.12s
Ep  256: len= 45 黑胜 loss=27.9276 temp=0.25 total_env_steps=12310 t=0.12s
Ep  257: len= 36 白胜 loss=27.4889 temp=0.25 total_env_steps=12346 t=0.11s
Ep  258: len= 40 白胜 loss=27.5951 temp=0.25 total_env_steps=12386 t=0.11s
Ep  259: len= 29 黑胜 loss=27.2083 temp=0.25 total_env_steps=12415 t=0.10s
Ep  260: len= 23 黑胜 loss=27.7462 temp=0.25 total_env_steps=12438 t=0.10s
Ep  261: len= 50 白胜 loss=27.4353 temp=0.25 total_env_steps=12488 t=0.12s
Ep  262: len= 57 黑胜 loss=27.4848 temp=0.25 total_env_steps=12545 t=0.13s
Ep  263: len= 59 黑胜 loss=27.4456 temp=0.25 total_env_steps=12604 t=0.13s
Ep  264: len= 62 白胜 loss=27.5733 temp=0.25 total_env_steps=12666 t=0.13s
Ep  265: len= 44 白胜 loss=27.4189 temp=0.25 total_env_steps=12710 t=0.11s
Ep  266: len= 58 白胜 loss=27.4258 temp=0.25 total_env_steps=12768 t=0.12s
Ep  267: len= 44 白胜 loss=27.2421 temp=0.25 total_env_steps=12812 t=0.12s
Ep  268: len= 37 黑胜 loss=27.4632 temp=0.25 total_env_steps=12849 t=0.11s
Ep  269: len= 29 黑胜 loss=27.5448 temp=0.25 total_env_steps=12878 t=0.10s
Ep  270: len= 38 白胜 loss=27.2094 temp=0.25 total_env_steps=12916 t=0.11s
Ep  271: len= 39 黑胜 loss=27.2957 temp=0.25 total_env_steps=12955 t=0.11s
Ep  272: len= 28 白胜 loss=27.5110 temp=0.25 total_env_steps=12983 t=0.10s
Ep  273: len= 43 黑胜 loss=27.1152 temp=0.25 total_env_steps=13026 t=0.11s
Ep  274: len= 29 黑胜 loss=27.2319 temp=0.25 total_env_steps=13055 t=0.10s
Ep  275: len= 33 黑胜 loss=27.3004 temp=0.25 total_env_steps=13088 t=0.11s
Ep  276: len= 37 黑胜 loss=27.3591 temp=0.25 total_env_steps=13125 t=0.11s
Ep  277: len= 77 黑胜 loss=27.3528 temp=0.25 total_env_steps=13202 t=0.14s
Ep  278: len= 43 黑胜 loss=27.5488 temp=0.25 total_env_steps=13245 t=0.12s
Ep  279: len= 43 黑胜 loss=27.3230 temp=0.25 total_env_steps=13288 t=0.11s
Ep  280: len= 32 白胜 loss=27.5748 temp=0.25 total_env_steps=13320 t=0.11s
Ep  281: len= 42 白胜 loss=27.4777 temp=0.25 total_env_steps=13362 t=0.12s
Ep  282: len= 57 黑胜 loss=27.5566 temp=0.25 total_env_steps=13419 t=0.12s
Ep  283: len= 48 白胜 loss=27.5470 temp=0.25 total_env_steps=13467 t=0.12s
Ep  284: len= 35 黑胜 loss=27.4069 temp=0.25 total_env_steps=13502 t=0.11s
Ep  285: len= 33 黑胜 loss=27.0490 temp=0.25 total_env_steps=13535 t=0.11s
Ep  286: len= 35 黑胜 loss=27.4511 temp=0.25 total_env_steps=13570 t=0.11s
Ep  287: len= 32 白胜 loss=27.5152 temp=0.25 total_env_steps=13602 t=0.11s
Ep  288: len= 56 白胜 loss=27.5856 temp=0.25 total_env_steps=13658 t=0.12s
Ep  289: len= 32 白胜 loss=27.2132 temp=0.25 total_env_steps=13690 t=0.11s
Ep  290: len= 44 白胜 loss=27.1329 temp=0.25 total_env_steps=13734 t=0.12s
Ep  291: len= 35 黑胜 loss=27.3404 temp=0.25 total_env_steps=13769 t=0.11s
Ep  292: len= 49 黑胜 loss=27.5336 temp=0.25 total_env_steps=13818 t=0.12s
Ep  293: len= 47 黑胜 loss=27.3375 temp=0.25 total_env_steps=13865 t=0.12s
Ep  294: len= 35 黑胜 loss=27.3275 temp=0.25 total_env_steps=13900 t=0.11s
Ep  295: len= 57 黑胜 loss=27.2981 temp=0.25 total_env_steps=13957 t=0.13s
Ep  296: len= 72 白胜 loss=27.3687 temp=0.25 total_env_steps=14029 t=0.14s
Ep  297: len= 63 黑胜 loss=27.1875 temp=0.25 total_env_steps=14092 t=0.13s
Ep  298: len= 23 黑胜 loss=27.3023 temp=0.25 total_env_steps=14115 t=0.10s
Ep  299: len= 64 白胜 loss=27.4501 temp=0.25 total_env_steps=14179 t=0.13s
Ep  300: len= 40 白胜 loss=27.3886 temp=0.25 total_env_steps=14219 t=0.12s
  eval vs Gomoku-random-v0: win_rate=0.75 mean_return=0.50（20 局，total_env_steps=14219）
Ep  301: len= 62 白胜 loss=27.5998 temp=0.25 total_env_steps=14281 t=0.13s
Ep  302: len= 25 黑胜 loss=27.4439 temp=0.25 total_env_steps=14306 t=0.10s
Ep  303: len= 54 白胜 loss=27.1598 temp=0.25 total_env_steps=14360 t=0.12s
Ep  304: len= 30 白胜 loss=27.2415 temp=0.25 total_env_steps=14390 t=0.11s
Ep  305: len= 41 黑胜 loss=27.2071 temp=0.25 total_env_steps=14431 t=0.12s
Ep  306: len= 33 黑胜 loss=27.2174 temp=0.25 total_env_steps=14464 t=0.11s
Ep  307: len= 47 黑胜 loss=27.0712 temp=0.25 total_env_steps=14511 t=0.12s
Ep  308: len= 54 白胜 loss=27.4170 temp=0.25 total_env_steps=14565 t=0.12s
Ep  309: len= 49 黑胜 loss=27.3534 temp=0.25 total_env_steps=14614 t=0.12s
Ep  310: len= 50 白胜 loss=27.4644 temp=0.25 total_env_steps=14664 t=0.12s
Ep  311: len= 17 黑胜 loss=27.2420 temp=0.25 total_env_steps=14681 t=0.10s
Ep  312: len= 56 白胜 loss=27.4761 temp=0.25 total_env_steps=14737 t=0.13s
Ep  313: len= 44 白胜 loss=27.4792 temp=0.25 total_env_steps=14781 t=0.12s
Ep  314: len= 48 白胜 loss=27.0786 temp=0.25 total_env_steps=14829 t=0.12s
Ep  315: len= 51 黑胜 loss=26.9911 temp=0.25 total_env_steps=14880 t=0.12s
Ep  316: len= 54 白胜 loss=27.3376 temp=0.25 total_env_steps=14934 t=0.12s
Ep  317: len= 40 白胜 loss=27.6918 temp=0.25 total_env_steps=14974 t=0.11s
Ep  318: len= 38 白胜 loss=27.2166 temp=0.25 total_env_steps=15012 t=0.11s
Ep  319: len= 45 黑胜 loss=27.0291 temp=0.25 total_env_steps=15057 t=0.12s
Ep  320: len= 62 白胜 loss=26.9174 temp=0.25 total_env_steps=15119 t=0.13s
Ep  321: len= 50 白胜 loss=27.3820 temp=0.25 total_env_steps=15169 t=0.12s
Ep  322: len= 59 黑胜 loss=27.0542 temp=0.25 total_env_steps=15228 t=0.13s
Ep  323: len= 60 白胜 loss=27.3459 temp=0.25 total_env_steps=15288 t=0.13s
Ep  324: len= 56 白胜 loss=27.5621 temp=0.25 total_env_steps=15344 t=0.13s
Ep  325: len= 44 白胜 loss=27.1752 temp=0.25 total_env_steps=15388 t=0.12s
Ep  326: len= 26 白胜 loss=27.0431 temp=0.25 total_env_steps=15414 t=0.10s
Ep  327: len= 42 白胜 loss=27.4308 temp=0.25 total_env_steps=15456 t=0.12s
Ep  328: len= 27 黑胜 loss=27.4401 temp=0.25 total_env_steps=15483 t=0.10s
Ep  329: len= 63 黑胜 loss=27.4204 temp=0.25 total_env_steps=15546 t=0.12s
Ep  330: len= 26 白胜 loss=26.9972 temp=0.25 total_env_steps=15572 t=0.10s
Ep  331: len= 33 黑胜 loss=27.1689 temp=0.25 total_env_steps=15605 t=0.12s
Ep  332: len= 63 黑胜 loss=27.2640 temp=0.25 total_env_steps=15668 t=0.13s
Ep  333: len= 39 黑胜 loss=27.1725 temp=0.25 total_env_steps=15707 t=0.12s
Ep  334: len= 33 黑胜 loss=26.6874 temp=0.25 total_env_steps=15740 t=0.11s
Ep  335: len= 45 黑胜 loss=26.6124 temp=0.25 total_env_steps=15785 t=0.12s
Ep  336: len= 61 黑胜 loss=27.1517 temp=0.25 total_env_steps=15846 t=0.13s
Ep  337: len= 36 白胜 loss=27.1375 temp=0.25 total_env_steps=15882 t=0.11s
Ep  338: len= 70 白胜 loss=27.6150 temp=0.25 total_env_steps=15952 t=0.14s
Ep  339: len= 28 白胜 loss=27.4463 temp=0.25 total_env_steps=15980 t=0.10s
Ep  340: len= 26 白胜 loss=26.8787 temp=0.25 total_env_steps=16006 t=0.10s
Ep  341: len= 38 白胜 loss=27.2450 temp=0.25 total_env_steps=16044 t=0.11s
Ep  342: len= 36 白胜 loss=27.6723 temp=0.25 total_env_steps=16080 t=0.11s
Ep  343: len= 42 白胜 loss=27.0490 temp=0.25 total_env_steps=16122 t=0.12s
Ep  344: len= 37 黑胜 loss=27.0570 temp=0.25 total_env_steps=16159 t=0.11s
Ep  345: len= 42 白胜 loss=27.5474 temp=0.25 total_env_steps=16201 t=0.11s
Ep  346: len= 61 黑胜 loss=27.2473 temp=0.25 total_env_steps=16262 t=0.13s
Ep  347: len= 41 黑胜 loss=27.5252 temp=0.25 total_env_steps=16303 t=0.12s
Ep  348: len= 51 黑胜 loss=27.0788 temp=0.25 total_env_steps=16354 t=0.13s
Ep  349: len= 48 白胜 loss=27.2953 temp=0.25 total_env_steps=16402 t=0.12s
Ep  350: len= 41 黑胜 loss=26.8897 temp=0.25 total_env_steps=16443 t=0.12s
  eval vs Gomoku-random-v0: win_rate=1.00 mean_return=1.00（20 局，total_env_steps=16443）
Ep  351: len= 33 黑胜 loss=27.3026 temp=0.25 total_env_steps=16476 t=0.11s
Ep  352: len= 35 黑胜 loss=27.5082 temp=0.25 total_env_steps=16511 t=0.11s
Ep  353: len= 32 白胜 loss=27.1898 temp=0.25 total_env_steps=16543 t=0.11s
Ep  354: len= 61 黑胜 loss=27.1509 temp=0.25 total_env_steps=16604 t=0.13s
Ep  355: len= 36 白胜 loss=27.4157 temp=0.25 total_env_steps=16640 t=0.11s
Ep  356: len= 74 白胜 loss=27.2423 temp=0.25 total_env_steps=16714 t=0.14s
Ep  357: len= 35 黑胜 loss=26.9948 temp=0.25 total_env_steps=16749 t=0.11s
Ep  358: len= 72 白胜 loss=27.1031 temp=0.25 total_env_steps=16821 t=0.14s
Ep  359: len= 47 黑胜 loss=26.9001 temp=0.25 total_env_steps=16868 t=0.12s
Ep  360: len= 40 白胜 loss=26.8128 temp=0.25 total_env_steps=16908 t=0.11s
Ep  361: len= 42 白胜 loss=27.1943 temp=0.25 total_env_steps=16950 t=0.12s
Ep  362: len= 38 白胜 loss=27.1315 temp=0.25 total_env_steps=16988 t=0.11s
Ep  363: len= 33 黑胜 loss=27.0444 temp=0.25 total_env_steps=17021 t=0.11s
Ep  364: len= 28 白胜 loss=26.7699 temp=0.25 total_env_steps=17049 t=0.11s
Ep  365: len= 30 白胜 loss=26.8986 temp=0.25 total_env_steps=17079 t=0.11s
Ep  366: len= 34 白胜 loss=26.6789 temp=0.25 total_env_steps=17113 t=0.11s
Ep  367: len= 38 白胜 loss=27.0105 temp=0.25 total_env_steps=17151 t=0.12s
Ep  368: len= 30 白胜 loss=27.5326 temp=0.25 total_env_steps=17181 t=0.11s
Ep  369: len= 46 白胜 loss=27.3632 temp=0.25 total_env_steps=17227 t=0.12s
Ep  370: len= 37 黑胜 loss=26.5864 temp=0.25 total_env_steps=17264 t=0.12s
Ep  371: len= 50 白胜 loss=27.0428 temp=0.25 total_env_steps=17314 t=0.12s
Ep  372: len= 66 白胜 loss=26.7462 temp=0.25 total_env_steps=17380 t=0.13s
Ep  373: len= 52 白胜 loss=26.8099 temp=0.25 total_env_steps=17432 t=0.12s
Ep  374: len= 21 黑胜 loss=26.8414 temp=0.25 total_env_steps=17453 t=0.10s
Ep  375: len= 63 黑胜 loss=26.8323 temp=0.25 total_env_steps=17516 t=0.13s
Ep  376: len= 52 白胜 loss=26.8481 temp=0.25 total_env_steps=17568 t=0.13s
Ep  377: len= 34 白胜 loss=26.8427 temp=0.25 total_env_steps=17602 t=0.11s
Ep  378: len= 23 黑胜 loss=27.0066 temp=0.25 total_env_steps=17625 t=0.10s
Ep  379: len= 34 白胜 loss=26.7110 temp=0.25 total_env_steps=17659 t=0.11s
Ep  380: len= 45 黑胜 loss=26.8652 temp=0.25 total_env_steps=17704 t=0.12s
Ep  381: len= 32 白胜 loss=27.1139 temp=0.25 total_env_steps=17736 t=0.11s
Ep  382: len= 35 黑胜 loss=26.9915 temp=0.25 total_env_steps=17771 t=0.11s
Ep  383: len= 36 白胜 loss=26.7395 temp=0.25 total_env_steps=17807 t=0.11s
Ep  384: len= 53 黑胜 loss=26.9086 temp=0.25 total_env_steps=17860 t=0.13s
Ep  385: len= 35 黑胜 loss=27.2204 temp=0.25 total_env_steps=17895 t=0.11s
Ep  386: len= 38 白胜 loss=26.9139 temp=0.25 total_env_steps=17933 t=0.11s
Ep  387: len= 67 黑胜 loss=26.8430 temp=0.25 total_env_steps=18000 t=0.14s
Ep  388: len= 41 黑胜 loss=26.6755 temp=0.25 total_env_steps=18041 t=0.12s
Ep  389: len= 54 白胜 loss=26.5414 temp=0.25 total_env_steps=18095 t=0.13s
Ep  390: len= 41 黑胜 loss=27.0074 temp=0.25 total_env_steps=18136 t=0.12s
Ep  391: len= 29 黑胜 loss=27.1357 temp=0.25 total_env_steps=18165 t=0.11s
Ep  392: len= 28 白胜 loss=26.0935 temp=0.25 total_env_steps=18193 t=0.11s
Ep  393: len= 51 黑胜 loss=26.0921 temp=0.25 total_env_steps=18244 t=0.13s
Ep  394: len= 62 白胜 loss=27.3689 temp=0.25 total_env_steps=18306 t=0.13s
Ep  395: len= 33 黑胜 loss=26.8489 temp=0.25 total_env_steps=18339 t=0.11s
Ep  396: len= 45 黑胜 loss=27.2026 temp=0.25 total_env_steps=18384 t=0.12s
Ep  397: len= 55 黑胜 loss=26.9792 temp=0.25 total_env_steps=18439 t=0.13s
Ep  398: len= 45 黑胜 loss=26.7060 temp=0.25 total_env_steps=18484 t=0.12s
Ep  399: len= 55 黑胜 loss=27.0464 temp=0.25 total_env_steps=18539 t=0.13s
Ep  400: len= 29 黑胜 loss=26.5696 temp=0.25 total_env_steps=18568 t=0.11s
  eval vs Gomoku-random-v0: win_rate=0.95 mean_return=0.90（20 局，total_env_steps=18568）
[闸门] vs random（40 局）: win_rate=0.975
[闸门] vs 半程快照（40 局，黑白各半）: score=0.450
[梯队] vs naive0（20 局，观察性）: win_rate=0.00
[梯队] vs naive1（20 局，观察性）: win_rate=0.00
[梯队] vs naive2（20 局，观察性）: win_rate=0.00
[梯队] vs naive3（20 局，观察性）: win_rate=0.00
📈 Gomoku-selfplay-v0 win_rate=0.95（best 1.00）| 门槛 0.95 | 40.4s

--- arm=gumbel_s16 seed=44 sims=16 ---
[MyZero-board] 组件: Gumbel + completedQ
[MyZero-board Gomoku-selfplay-v0] obs=243(3×9²) |A|=81 sims=16 γ=1.0 negamax
Ep    1: len= 40 白胜 loss=0.0000 temp=1.00 total_env_steps=40 t=0.03s
Ep    2: len= 40 白胜 loss=0.0000 temp=1.00 total_env_steps=80 t=0.03s
Ep    3: len= 58 白胜 loss=0.0000 temp=1.00 total_env_steps=138 t=0.04s
Ep    4: len= 67 黑胜 loss=0.0000 temp=1.00 total_env_steps=205 t=0.05s
Ep    5: len= 71 黑胜 loss=0.0000 temp=1.00 total_env_steps=276 t=0.05s
Ep    6: len= 65 黑胜 loss=0.0000 temp=1.00 total_env_steps=341 t=0.05s
Ep    7: len= 46 白胜 loss=0.0000 temp=1.00 total_env_steps=387 t=0.03s
Ep    8: len= 47 黑胜 loss=0.0000 temp=1.00 total_env_steps=434 t=0.03s
Ep    9: len= 56 白胜 loss=0.0000 temp=1.00 total_env_steps=490 t=0.04s
Ep   10: len= 41 黑胜 loss=36.7208 temp=1.00 total_env_steps=531 t=0.05s
Ep   11: len= 56 白胜 loss=28.7086 temp=1.00 total_env_steps=587 t=0.07s
Ep   12: len= 38 白胜 loss=27.8879 temp=1.00 total_env_steps=625 t=0.05s
Ep   13: len= 51 黑胜 loss=28.0640 temp=1.00 total_env_steps=676 t=0.06s
Ep   14: len= 59 黑胜 loss=27.7456 temp=1.00 total_env_steps=735 t=0.07s
Ep   15: len= 69 黑胜 loss=26.9634 temp=1.00 total_env_steps=804 t=0.08s
Ep   16: len= 69 黑胜 loss=27.8125 temp=1.00 total_env_steps=873 t=0.08s
Ep   17: len= 60 白胜 loss=27.4126 temp=1.00 total_env_steps=933 t=0.07s
Ep   18: len= 50 白胜 loss=27.8571 temp=1.00 total_env_steps=983 t=0.06s
Ep   19: len= 63 黑胜 loss=27.5473 temp=1.00 total_env_steps=1046 t=0.07s
Ep   20: len= 40 白胜 loss=27.3760 temp=1.00 total_env_steps=1086 t=0.06s
Ep   21: len= 22 白胜 loss=27.7471 temp=1.00 total_env_steps=1108 t=0.04s
Ep   22: len= 46 白胜 loss=27.4884 temp=1.00 total_env_steps=1154 t=0.06s
Ep   23: len= 61 黑胜 loss=27.0684 temp=1.00 total_env_steps=1215 t=0.07s
Ep   24: len= 48 白胜 loss=27.2760 temp=1.00 total_env_steps=1263 t=0.06s
Ep   25: len= 59 黑胜 loss=27.2592 temp=1.00 total_env_steps=1322 t=0.07s
Ep   26: len= 56 白胜 loss=27.9715 temp=1.00 total_env_steps=1378 t=0.07s
Ep   27: len= 66 白胜 loss=27.4975 temp=1.00 total_env_steps=1444 t=0.08s
Ep   28: len= 17 黑胜 loss=28.1579 temp=1.00 total_env_steps=1461 t=0.04s
Ep   29: len= 40 白胜 loss=27.8280 temp=1.00 total_env_steps=1501 t=0.06s
Ep   30: len= 49 黑胜 loss=27.7553 temp=1.00 total_env_steps=1550 t=0.06s
Ep   31: len= 50 白胜 loss=27.5665 temp=1.00 total_env_steps=1600 t=0.06s
Ep   32: len= 54 白胜 loss=27.8450 temp=1.00 total_env_steps=1654 t=0.07s
Ep   33: len= 41 黑胜 loss=27.5740 temp=1.00 total_env_steps=1695 t=0.05s
Ep   34: len= 46 白胜 loss=27.3475 temp=1.00 total_env_steps=1741 t=0.06s
Ep   35: len= 45 黑胜 loss=27.7045 temp=1.00 total_env_steps=1786 t=0.06s
Ep   36: len= 60 白胜 loss=27.4766 temp=1.00 total_env_steps=1846 t=0.07s
Ep   37: len= 34 白胜 loss=27.7538 temp=1.00 total_env_steps=1880 t=0.05s
Ep   38: len= 61 黑胜 loss=27.1516 temp=1.00 total_env_steps=1941 t=0.07s
Ep   39: len= 61 黑胜 loss=27.3522 temp=1.00 total_env_steps=2002 t=0.07s
Ep   40: len= 69 黑胜 loss=27.0427 temp=1.00 total_env_steps=2071 t=0.08s
Ep   41: len= 63 黑胜 loss=27.4996 temp=1.00 total_env_steps=2134 t=0.07s
Ep   42: len= 74 白胜 loss=27.4508 temp=1.00 total_env_steps=2208 t=0.08s
Ep   43: len= 46 白胜 loss=27.3174 temp=1.00 total_env_steps=2254 t=0.06s
Ep   44: len= 71 黑胜 loss=27.3956 temp=1.00 total_env_steps=2325 t=0.08s
Ep   45: len= 81 平局 loss=27.4282 temp=1.00 total_env_steps=2406 t=0.09s
Ep   46: len= 32 白胜 loss=26.9637 temp=1.00 total_env_steps=2438 t=0.05s
Ep   47: len= 47 黑胜 loss=27.4390 temp=1.00 total_env_steps=2485 t=0.06s
Ep   48: len= 40 白胜 loss=27.4510 temp=1.00 total_env_steps=2525 t=0.05s
Ep   49: len= 75 黑胜 loss=27.3222 temp=1.00 total_env_steps=2600 t=0.08s
Ep   50: len= 56 白胜 loss=27.4207 temp=1.00 total_env_steps=2656 t=0.07s
  eval vs Gomoku-random-v0: win_rate=0.70 mean_return=0.40（20 局，total_env_steps=2656）
Ep   51: len= 50 白胜 loss=27.3580 temp=1.00 total_env_steps=2706 t=0.06s
Ep   52: len= 31 黑胜 loss=27.4750 temp=1.00 total_env_steps=2737 t=0.05s
Ep   53: len= 48 白胜 loss=27.8028 temp=1.00 total_env_steps=2785 t=0.06s
Ep   54: len= 46 白胜 loss=27.1782 temp=1.00 total_env_steps=2831 t=0.06s
Ep   55: len= 53 黑胜 loss=27.5481 temp=1.00 total_env_steps=2884 t=0.06s
Ep   56: len= 45 黑胜 loss=27.1976 temp=1.00 total_env_steps=2929 t=0.06s
Ep   57: len= 60 白胜 loss=27.4842 temp=1.00 total_env_steps=2989 t=0.07s
Ep   58: len= 41 黑胜 loss=26.9524 temp=1.00 total_env_steps=3030 t=0.06s
Ep   59: len= 59 黑胜 loss=27.6218 temp=1.00 total_env_steps=3089 t=0.07s
Ep   60: len= 51 黑胜 loss=27.2791 temp=1.00 total_env_steps=3140 t=0.06s
Ep   61: len= 49 黑胜 loss=27.2552 temp=1.00 total_env_steps=3189 t=0.07s
Ep   62: len= 54 白胜 loss=27.1503 temp=1.00 total_env_steps=3243 t=0.07s
Ep   63: len= 77 黑胜 loss=26.9452 temp=1.00 total_env_steps=3320 t=0.08s
Ep   64: len= 61 黑胜 loss=27.1630 temp=1.00 total_env_steps=3381 t=0.07s
Ep   65: len= 51 黑胜 loss=27.0053 temp=1.00 total_env_steps=3432 t=0.06s
Ep   66: len= 34 白胜 loss=27.1472 temp=1.00 total_env_steps=3466 t=0.05s
Ep   67: len= 51 黑胜 loss=26.7976 temp=1.00 total_env_steps=3517 t=0.06s
Ep   68: len= 56 白胜 loss=26.7902 temp=1.00 total_env_steps=3573 t=0.07s
Ep   69: len= 42 白胜 loss=27.2315 temp=1.00 total_env_steps=3615 t=0.06s
Ep   70: len= 48 白胜 loss=27.0667 temp=1.00 total_env_steps=3663 t=0.06s
Ep   71: len= 63 黑胜 loss=27.2205 temp=1.00 total_env_steps=3726 t=0.07s
Ep   72: len= 36 白胜 loss=27.3033 temp=1.00 total_env_steps=3762 t=0.05s
Ep   73: len= 61 黑胜 loss=27.3147 temp=1.00 total_env_steps=3823 t=0.07s
Ep   74: len= 38 白胜 loss=27.4846 temp=1.00 total_env_steps=3861 t=0.05s
Ep   75: len= 56 白胜 loss=27.4462 temp=1.00 total_env_steps=3917 t=0.07s
Ep   76: len= 69 黑胜 loss=27.3392 temp=1.00 total_env_steps=3986 t=0.08s
Ep   77: len= 46 白胜 loss=27.5112 temp=1.00 total_env_steps=4032 t=0.06s
Ep   78: len= 40 白胜 loss=27.1257 temp=1.00 total_env_steps=4072 t=0.05s
Ep   79: len= 42 白胜 loss=26.7705 temp=1.00 total_env_steps=4114 t=0.06s
Ep   80: len= 24 白胜 loss=27.0422 temp=1.00 total_env_steps=4138 t=0.04s
Ep   81: len= 38 白胜 loss=27.0969 temp=1.00 total_env_steps=4176 t=0.05s
Ep   82: len= 28 白胜 loss=27.2793 temp=1.00 total_env_steps=4204 t=0.04s
Ep   83: len= 46 白胜 loss=27.7314 temp=1.00 total_env_steps=4250 t=0.06s
Ep   84: len= 56 白胜 loss=27.1201 temp=1.00 total_env_steps=4306 t=0.07s
Ep   85: len= 60 白胜 loss=27.3261 temp=1.00 total_env_steps=4366 t=0.07s
Ep   86: len= 56 白胜 loss=27.6746 temp=1.00 total_env_steps=4422 t=0.06s
Ep   87: len= 55 黑胜 loss=27.2654 temp=1.00 total_env_steps=4477 t=0.07s
Ep   88: len= 75 黑胜 loss=27.2553 temp=1.00 total_env_steps=4552 t=0.08s
Ep   89: len= 60 白胜 loss=26.9288 temp=1.00 total_env_steps=4612 t=0.07s
Ep   90: len= 35 黑胜 loss=27.1705 temp=1.00 total_env_steps=4647 t=0.05s
Ep   91: len= 41 黑胜 loss=27.4164 temp=1.00 total_env_steps=4688 t=0.05s
Ep   92: len= 48 白胜 loss=27.0279 temp=1.00 total_env_steps=4736 t=0.06s
Ep   93: len= 48 白胜 loss=27.4863 temp=1.00 total_env_steps=4784 t=0.06s
Ep   94: len= 36 白胜 loss=27.1612 temp=1.00 total_env_steps=4820 t=0.05s
Ep   95: len= 56 白胜 loss=27.2137 temp=1.00 total_env_steps=4876 t=0.07s
Ep   96: len= 50 白胜 loss=27.2634 temp=1.00 total_env_steps=4926 t=0.06s
Ep   97: len= 44 白胜 loss=27.0516 temp=1.00 total_env_steps=4970 t=0.06s
Ep   98: len= 40 白胜 loss=26.9580 temp=1.00 total_env_steps=5010 t=0.06s
Ep   99: len= 31 黑胜 loss=27.2549 temp=1.00 total_env_steps=5041 t=0.05s
Ep  100: len= 54 白胜 loss=26.9297 temp=1.00 total_env_steps=5095 t=0.07s
  eval vs Gomoku-random-v0: win_rate=0.85 mean_return=0.70（20 局，total_env_steps=5095）
Ep  101: len= 61 黑胜 loss=27.1911 temp=1.00 total_env_steps=5156 t=0.07s
Ep  102: len= 58 白胜 loss=27.5629 temp=0.99 total_env_steps=5214 t=0.07s
Ep  103: len= 49 黑胜 loss=27.0482 temp=0.99 total_env_steps=5263 t=0.06s
Ep  104: len= 32 白胜 loss=27.4980 temp=0.98 total_env_steps=5295 t=0.05s
Ep  105: len= 67 黑胜 loss=27.0914 temp=0.97 total_env_steps=5362 t=0.07s
Ep  106: len= 36 白胜 loss=27.5202 temp=0.96 total_env_steps=5398 t=0.05s
Ep  107: len= 64 白胜 loss=27.1577 temp=0.95 total_env_steps=5462 t=0.07s
Ep  108: len= 44 白胜 loss=27.3905 temp=0.95 total_env_steps=5506 t=0.06s
Ep  109: len= 54 白胜 loss=26.8130 temp=0.94 total_env_steps=5560 t=0.07s
Ep  110: len= 51 黑胜 loss=27.1548 temp=0.93 total_env_steps=5611 t=0.06s
Ep  111: len= 39 黑胜 loss=27.1451 temp=0.93 total_env_steps=5650 t=0.05s
Ep  112: len= 29 黑胜 loss=27.4054 temp=0.92 total_env_steps=5679 t=0.05s
Ep  113: len= 49 黑胜 loss=26.9762 temp=0.91 total_env_steps=5728 t=0.06s
Ep  114: len= 33 黑胜 loss=27.0460 temp=0.90 total_env_steps=5761 t=0.05s
Ep  115: len= 36 白胜 loss=27.0198 temp=0.89 total_env_steps=5797 t=0.05s
Ep  116: len= 76 白胜 loss=26.8741 temp=0.89 total_env_steps=5873 t=0.08s
Ep  117: len= 68 白胜 loss=27.0958 temp=0.88 total_env_steps=5941 t=0.07s
Ep  118: len= 43 黑胜 loss=27.4008 temp=0.87 total_env_steps=5984 t=0.05s
Ep  119: len= 33 黑胜 loss=26.9309 temp=0.87 total_env_steps=6017 t=0.05s
Ep  120: len= 41 黑胜 loss=27.1892 temp=0.86 total_env_steps=6058 t=0.05s
Ep  121: len= 39 黑胜 loss=27.3511 temp=0.85 total_env_steps=6097 t=0.05s
Ep  122: len= 40 白胜 loss=27.1216 temp=0.84 total_env_steps=6137 t=0.05s
Ep  123: len= 45 黑胜 loss=27.1699 temp=0.84 total_env_steps=6182 t=0.06s
Ep  124: len= 40 白胜 loss=27.4178 temp=0.83 total_env_steps=6222 t=0.05s
Ep  125: len= 41 黑胜 loss=26.8937 temp=0.82 total_env_steps=6263 t=0.05s
Ep  126: len= 60 白胜 loss=27.6216 temp=0.81 total_env_steps=6323 t=0.07s
Ep  127: len= 40 白胜 loss=26.9109 temp=0.81 total_env_steps=6363 t=0.05s
Ep  128: len= 56 白胜 loss=26.8042 temp=0.80 total_env_steps=6419 t=0.06s
Ep  129: len= 56 白胜 loss=26.7016 temp=0.79 total_env_steps=6475 t=0.06s
Ep  130: len= 23 黑胜 loss=26.7436 temp=0.78 total_env_steps=6498 t=0.04s
Ep  131: len= 58 白胜 loss=27.0862 temp=0.77 total_env_steps=6556 t=0.06s
Ep  132: len= 62 白胜 loss=26.9996 temp=0.77 total_env_steps=6618 t=0.07s
Ep  133: len= 25 黑胜 loss=27.3060 temp=0.76 total_env_steps=6643 t=0.04s
Ep  134: len= 39 黑胜 loss=27.0750 temp=0.75 total_env_steps=6682 t=0.05s
Ep  135: len= 26 白胜 loss=26.9881 temp=0.75 total_env_steps=6708 t=0.04s
Ep  136: len= 65 黑胜 loss=27.3048 temp=0.74 total_env_steps=6773 t=0.07s
Ep  137: len= 50 白胜 loss=27.0811 temp=0.73 total_env_steps=6823 t=0.06s
Ep  138: len= 57 黑胜 loss=26.9120 temp=0.72 total_env_steps=6880 t=0.07s
Ep  139: len= 57 黑胜 loss=26.7530 temp=0.72 total_env_steps=6937 t=0.07s
Ep  140: len= 56 白胜 loss=27.8241 temp=0.71 total_env_steps=6993 t=0.07s
Ep  141: len= 52 白胜 loss=27.1073 temp=0.70 total_env_steps=7045 t=0.06s
Ep  142: len= 56 白胜 loss=26.8314 temp=0.69 total_env_steps=7101 t=0.06s
Ep  143: len= 38 白胜 loss=27.0537 temp=0.69 total_env_steps=7139 t=0.05s
Ep  144: len= 81 平局 loss=26.8516 temp=0.68 total_env_steps=7220 t=0.08s
Ep  145: len= 65 黑胜 loss=27.1847 temp=0.67 total_env_steps=7285 t=0.07s
Ep  146: len= 38 白胜 loss=27.5024 temp=0.66 total_env_steps=7323 t=0.05s
Ep  147: len= 31 黑胜 loss=27.1477 temp=0.65 total_env_steps=7354 t=0.05s
Ep  148: len= 52 白胜 loss=27.1592 temp=0.65 total_env_steps=7406 t=0.06s
Ep  149: len= 30 白胜 loss=27.0072 temp=0.64 total_env_steps=7436 t=0.04s
Ep  150: len= 59 黑胜 loss=27.0146 temp=0.63 total_env_steps=7495 t=0.07s
  eval vs Gomoku-random-v0: win_rate=0.80 mean_return=0.60（20 局，total_env_steps=7495）
Ep  151: len= 74 白胜 loss=27.2618 temp=0.62 total_env_steps=7569 t=0.07s
Ep  152: len= 43 黑胜 loss=26.8141 temp=0.62 total_env_steps=7612 t=0.05s
Ep  153: len= 35 黑胜 loss=27.1788 temp=0.61 total_env_steps=7647 t=0.05s
Ep  154: len= 57 黑胜 loss=27.1901 temp=0.60 total_env_steps=7704 t=0.06s
Ep  155: len= 48 白胜 loss=26.9611 temp=0.59 total_env_steps=7752 t=0.06s
Ep  156: len= 54 白胜 loss=27.3137 temp=0.59 total_env_steps=7806 t=0.06s
Ep  157: len= 42 白胜 loss=27.2903 temp=0.58 total_env_steps=7848 t=0.05s
Ep  158: len= 59 黑胜 loss=27.3300 temp=0.57 total_env_steps=7907 t=0.07s
Ep  159: len= 44 白胜 loss=27.3631 temp=0.56 total_env_steps=7951 t=0.06s
Ep  160: len= 67 黑胜 loss=26.7585 temp=0.56 total_env_steps=8018 t=0.08s
Ep  161: len= 38 白胜 loss=27.0281 temp=0.55 total_env_steps=8056 t=0.05s
Ep  162: len= 74 白胜 loss=27.1262 temp=0.54 total_env_steps=8130 t=0.08s
Ep  163: len= 28 白胜 loss=27.0796 temp=0.53 total_env_steps=8158 t=0.05s
Ep  164: len= 58 白胜 loss=26.7394 temp=0.53 total_env_steps=8216 t=0.07s
Ep  165: len= 40 白胜 loss=27.1774 temp=0.52 total_env_steps=8256 t=0.06s
Ep  166: len= 30 白胜 loss=27.1620 temp=0.51 total_env_steps=8286 t=0.05s
Ep  167: len= 55 黑胜 loss=26.7192 temp=0.50 total_env_steps=8341 t=0.07s
Ep  168: len= 56 白胜 loss=27.0257 temp=0.50 total_env_steps=8397 t=0.07s
Ep  169: len= 59 黑胜 loss=26.8757 temp=0.49 total_env_steps=8456 t=0.07s
Ep  170: len= 51 黑胜 loss=27.0573 temp=0.48 total_env_steps=8507 t=0.06s
Ep  171: len= 56 白胜 loss=27.0698 temp=0.48 total_env_steps=8563 t=0.07s
Ep  172: len= 52 白胜 loss=26.9096 temp=0.47 total_env_steps=8615 t=0.07s
Ep  173: len= 45 黑胜 loss=27.3551 temp=0.46 total_env_steps=8660 t=0.06s
Ep  174: len= 41 黑胜 loss=27.1126 temp=0.45 total_env_steps=8701 t=0.05s
Ep  175: len= 40 白胜 loss=26.9991 temp=0.44 total_env_steps=8741 t=0.05s
Ep  176: len= 55 黑胜 loss=27.1821 temp=0.44 total_env_steps=8796 t=0.07s
Ep  177: len= 53 黑胜 loss=26.9332 temp=0.43 total_env_steps=8849 t=0.07s
Ep  178: len= 51 黑胜 loss=27.1021 temp=0.42 total_env_steps=8900 t=0.06s
Ep  179: len= 46 白胜 loss=27.1374 temp=0.42 total_env_steps=8946 t=0.06s
Ep  180: len= 45 黑胜 loss=26.7332 temp=0.41 total_env_steps=8991 t=0.06s
Ep  181: len= 41 黑胜 loss=27.5627 temp=0.40 total_env_steps=9032 t=0.06s
Ep  182: len= 47 黑胜 loss=27.4033 temp=0.39 total_env_steps=9079 t=0.06s
Ep  183: len= 28 白胜 loss=26.4614 temp=0.38 total_env_steps=9107 t=0.05s
Ep  184: len= 36 白胜 loss=26.8756 temp=0.38 total_env_steps=9143 t=0.05s
Ep  185: len= 30 白胜 loss=27.2191 temp=0.37 total_env_steps=9173 t=0.05s
Ep  186: len= 51 黑胜 loss=26.6683 temp=0.36 total_env_steps=9224 t=0.07s
Ep  187: len= 31 黑胜 loss=26.9639 temp=0.36 total_env_steps=9255 t=0.05s
Ep  188: len= 54 白胜 loss=26.9223 temp=0.35 total_env_steps=9309 t=0.07s
Ep  189: len= 48 白胜 loss=26.9947 temp=0.34 total_env_steps=9357 t=0.07s
Ep  190: len= 60 白胜 loss=27.3531 temp=0.33 total_env_steps=9417 t=0.08s
Ep  191: len= 46 白胜 loss=27.0060 temp=0.33 total_env_steps=9463 t=0.07s
Ep  192: len= 49 黑胜 loss=27.1434 temp=0.32 total_env_steps=9512 t=0.07s
Ep  193: len= 41 黑胜 loss=27.3149 temp=0.31 total_env_steps=9553 t=0.06s
Ep  194: len= 40 白胜 loss=27.0185 temp=0.30 total_env_steps=9593 t=0.07s
Ep  195: len= 45 黑胜 loss=26.8967 temp=0.30 total_env_steps=9638 t=0.07s
Ep  196: len= 77 黑胜 loss=27.1916 temp=0.29 total_env_steps=9715 t=0.10s
Ep  197: len= 30 白胜 loss=27.0531 temp=0.28 total_env_steps=9745 t=0.07s
Ep  198: len= 42 白胜 loss=27.1756 temp=0.27 total_env_steps=9787 t=0.08s
Ep  199: len= 45 黑胜 loss=26.9043 temp=0.26 total_env_steps=9832 t=0.08s
Ep  200: len= 28 白胜 loss=27.0355 temp=0.26 total_env_steps=9860 t=0.08s
  eval vs Gomoku-random-v0: win_rate=1.00 mean_return=1.00（20 局，total_env_steps=9860）
  ✅ 达标 ep=200 total_env_steps=9860
  📸 已拍权重快照（ep=200，gating 对弈基准）
Ep  201: len= 39 黑胜 loss=26.5966 temp=0.25 total_env_steps=9899 t=0.08s
Ep  202: len= 47 黑胜 loss=27.4256 temp=0.25 total_env_steps=9946 t=0.09s
Ep  203: len= 81 平局 loss=27.4934 temp=0.25 total_env_steps=10027 t=0.12s
Ep  204: len= 36 白胜 loss=26.8485 temp=0.25 total_env_steps=10063 t=0.09s
Ep  205: len= 71 黑胜 loss=27.2715 temp=0.25 total_env_steps=10134 t=0.12s
Ep  206: len= 29 黑胜 loss=26.7239 temp=0.25 total_env_steps=10163 t=0.08s
Ep  207: len= 55 黑胜 loss=26.8997 temp=0.25 total_env_steps=10218 t=0.10s
Ep  208: len= 47 黑胜 loss=26.4549 temp=0.25 total_env_steps=10265 t=0.09s
Ep  209: len= 29 黑胜 loss=26.9780 temp=0.25 total_env_steps=10294 t=0.08s
Ep  210: len= 58 白胜 loss=26.8387 temp=0.25 total_env_steps=10352 t=0.11s
Ep  211: len= 44 白胜 loss=26.8974 temp=0.25 total_env_steps=10396 t=0.10s
Ep  212: len= 45 黑胜 loss=27.0505 temp=0.25 total_env_steps=10441 t=0.11s
Ep  213: len= 42 白胜 loss=26.7348 temp=0.25 total_env_steps=10483 t=0.10s
Ep  214: len= 38 白胜 loss=26.8408 temp=0.25 total_env_steps=10521 t=0.10s
Ep  215: len= 29 黑胜 loss=26.7674 temp=0.25 total_env_steps=10550 t=0.09s
Ep  216: len= 49 黑胜 loss=27.0121 temp=0.25 total_env_steps=10599 t=0.11s
Ep  217: len= 37 黑胜 loss=26.7744 temp=0.25 total_env_steps=10636 t=0.11s
Ep  218: len= 51 黑胜 loss=26.9484 temp=0.25 total_env_steps=10687 t=0.12s
Ep  219: len= 28 白胜 loss=26.9353 temp=0.25 total_env_steps=10715 t=0.10s
Ep  220: len= 42 白胜 loss=26.6455 temp=0.25 total_env_steps=10757 t=0.10s
Ep  221: len= 42 白胜 loss=26.7444 temp=0.25 total_env_steps=10799 t=0.10s
Ep  222: len= 31 黑胜 loss=26.9587 temp=0.25 total_env_steps=10830 t=0.10s
Ep  223: len= 33 黑胜 loss=27.2259 temp=0.25 total_env_steps=10863 t=0.10s
Ep  224: len= 40 白胜 loss=27.0220 temp=0.25 total_env_steps=10903 t=0.11s
Ep  225: len= 43 黑胜 loss=26.9719 temp=0.25 total_env_steps=10946 t=0.11s
Ep  226: len= 35 黑胜 loss=26.6702 temp=0.25 total_env_steps=10981 t=0.10s
Ep  227: len= 48 白胜 loss=26.8232 temp=0.25 total_env_steps=11029 t=0.11s
Ep  228: len= 41 黑胜 loss=26.8778 temp=0.25 total_env_steps=11070 t=0.11s
Ep  229: len= 45 黑胜 loss=26.9351 temp=0.25 total_env_steps=11115 t=0.11s
Ep  230: len= 40 白胜 loss=26.8065 temp=0.25 total_env_steps=11155 t=0.10s
Ep  231: len= 47 黑胜 loss=26.4585 temp=0.25 total_env_steps=11202 t=0.11s
Ep  232: len= 37 黑胜 loss=26.8295 temp=0.25 total_env_steps=11239 t=0.11s
Ep  233: len= 30 白胜 loss=26.9421 temp=0.25 total_env_steps=11269 t=0.10s
Ep  234: len= 48 白胜 loss=26.5893 temp=0.25 total_env_steps=11317 t=0.11s
Ep  235: len= 33 黑胜 loss=26.7228 temp=0.25 total_env_steps=11350 t=0.10s
Ep  236: len= 47 黑胜 loss=27.1177 temp=0.25 total_env_steps=11397 t=0.12s
Ep  237: len= 71 黑胜 loss=27.0919 temp=0.25 total_env_steps=11468 t=0.13s
Ep  238: len= 27 黑胜 loss=26.6177 temp=0.25 total_env_steps=11495 t=0.10s
Ep  239: len= 39 黑胜 loss=27.1547 temp=0.25 total_env_steps=11534 t=0.11s
Ep  240: len= 39 黑胜 loss=27.0264 temp=0.25 total_env_steps=11573 t=0.11s
Ep  241: len= 49 黑胜 loss=26.5092 temp=0.25 total_env_steps=11622 t=0.12s
Ep  242: len= 63 黑胜 loss=26.8399 temp=0.25 total_env_steps=11685 t=0.13s
Ep  243: len= 52 白胜 loss=26.7927 temp=0.25 total_env_steps=11737 t=0.12s
Ep  244: len= 29 黑胜 loss=26.7057 temp=0.25 total_env_steps=11766 t=0.10s
Ep  245: len= 50 白胜 loss=26.6237 temp=0.25 total_env_steps=11816 t=0.12s
Ep  246: len= 57 黑胜 loss=27.0513 temp=0.25 total_env_steps=11873 t=0.12s
Ep  247: len= 45 黑胜 loss=26.3933 temp=0.25 total_env_steps=11918 t=0.12s
Ep  248: len= 51 黑胜 loss=26.9523 temp=0.25 total_env_steps=11969 t=0.12s
Ep  249: len= 47 黑胜 loss=27.1128 temp=0.25 total_env_steps=12016 t=0.12s
Ep  250: len= 53 黑胜 loss=27.0319 temp=0.25 total_env_steps=12069 t=0.12s
  eval vs Gomoku-random-v0: win_rate=0.85 mean_return=0.70（20 局，total_env_steps=12069）
Ep  251: len= 37 黑胜 loss=26.8573 temp=0.25 total_env_steps=12106 t=0.11s
Ep  252: len= 39 黑胜 loss=27.0348 temp=0.25 total_env_steps=12145 t=0.11s
Ep  253: len= 54 白胜 loss=26.5844 temp=0.25 total_env_steps=12199 t=0.12s
Ep  254: len= 38 白胜 loss=26.5450 temp=0.25 total_env_steps=12237 t=0.11s
Ep  255: len= 50 白胜 loss=26.9646 temp=0.25 total_env_steps=12287 t=0.12s
Ep  256: len= 53 黑胜 loss=27.0018 temp=0.25 total_env_steps=12340 t=0.13s
Ep  257: len= 22 白胜 loss=26.1659 temp=0.25 total_env_steps=12362 t=0.10s
Ep  258: len= 37 黑胜 loss=26.7982 temp=0.25 total_env_steps=12399 t=0.11s
Ep  259: len= 48 白胜 loss=26.9630 temp=0.25 total_env_steps=12447 t=0.11s
Ep  260: len= 46 白胜 loss=26.4157 temp=0.25 total_env_steps=12493 t=0.13s
Ep  261: len= 36 白胜 loss=26.7055 temp=0.25 total_env_steps=12529 t=0.12s
Ep  262: len= 67 黑胜 loss=26.8920 temp=0.25 total_env_steps=12596 t=0.13s
Ep  263: len= 44 白胜 loss=26.9110 temp=0.25 total_env_steps=12640 t=0.11s
Ep  264: len= 41 黑胜 loss=26.4193 temp=0.25 total_env_steps=12681 t=0.11s
Ep  265: len= 70 白胜 loss=26.4985 temp=0.25 total_env_steps=12751 t=0.12s
Ep  266: len= 31 黑胜 loss=26.4734 temp=0.25 total_env_steps=12782 t=0.10s
Ep  267: len= 36 白胜 loss=26.8733 temp=0.25 total_env_steps=12818 t=0.10s
Ep  268: len= 49 黑胜 loss=27.3014 temp=0.25 total_env_steps=12867 t=0.11s
Ep  269: len= 59 黑胜 loss=26.7034 temp=0.25 total_env_steps=12926 t=0.12s
Ep  270: len= 45 黑胜 loss=26.9406 temp=0.25 total_env_steps=12971 t=0.11s
Ep  271: len= 29 黑胜 loss=27.0275 temp=0.25 total_env_steps=13000 t=0.10s
Ep  272: len= 40 白胜 loss=27.0025 temp=0.25 total_env_steps=13040 t=0.11s
Ep  273: len= 53 黑胜 loss=26.6691 temp=0.25 total_env_steps=13093 t=0.12s
Ep  274: len= 36 白胜 loss=26.8418 temp=0.25 total_env_steps=13129 t=0.11s
Ep  275: len= 53 黑胜 loss=26.7174 temp=0.25 total_env_steps=13182 t=0.12s
Ep  276: len= 43 黑胜 loss=26.7502 temp=0.25 total_env_steps=13225 t=0.11s
Ep  277: len= 59 黑胜 loss=26.3325 temp=0.25 total_env_steps=13284 t=0.13s
Ep  278: len= 59 黑胜 loss=27.0284 temp=0.25 total_env_steps=13343 t=0.13s
Ep  279: len= 35 黑胜 loss=26.1296 temp=0.25 total_env_steps=13378 t=0.10s
Ep  280: len= 30 白胜 loss=26.1773 temp=0.25 total_env_steps=13408 t=0.10s
Ep  281: len= 43 黑胜 loss=26.4177 temp=0.25 total_env_steps=13451 t=0.11s
Ep  282: len= 33 黑胜 loss=26.7505 temp=0.25 total_env_steps=13484 t=0.12s
Ep  283: len= 35 黑胜 loss=26.8372 temp=0.25 total_env_steps=13519 t=0.11s
Ep  284: len= 53 黑胜 loss=26.5075 temp=0.25 total_env_steps=13572 t=0.12s
Ep  285: len= 37 黑胜 loss=26.6962 temp=0.25 total_env_steps=13609 t=0.11s
Ep  286: len= 48 白胜 loss=26.3830 temp=0.25 total_env_steps=13657 t=0.12s
Ep  287: len= 33 黑胜 loss=26.7566 temp=0.25 total_env_steps=13690 t=0.10s
Ep  288: len= 28 白胜 loss=26.7313 temp=0.25 total_env_steps=13718 t=0.10s
Ep  289: len= 42 白胜 loss=26.8404 temp=0.25 total_env_steps=13760 t=0.11s
Ep  290: len= 31 黑胜 loss=26.5255 temp=0.25 total_env_steps=13791 t=0.10s
Ep  291: len= 30 白胜 loss=26.7850 temp=0.25 total_env_steps=13821 t=0.10s
Ep  292: len= 43 黑胜 loss=26.3813 temp=0.25 total_env_steps=13864 t=0.11s
Ep  293: len= 42 白胜 loss=26.1122 temp=0.25 total_env_steps=13906 t=0.11s
Ep  294: len= 36 白胜 loss=26.4796 temp=0.25 total_env_steps=13942 t=0.10s
Ep  295: len= 22 白胜 loss=26.2633 temp=0.25 total_env_steps=13964 t=0.10s
Ep  296: len= 30 白胜 loss=26.7597 temp=0.25 total_env_steps=13994 t=0.10s
Ep  297: len= 47 黑胜 loss=26.7061 temp=0.25 total_env_steps=14041 t=0.11s
Ep  298: len= 40 白胜 loss=26.5638 temp=0.25 total_env_steps=14081 t=0.11s
Ep  299: len= 54 白胜 loss=26.3136 temp=0.25 total_env_steps=14135 t=0.12s
Ep  300: len= 49 黑胜 loss=26.6088 temp=0.25 total_env_steps=14184 t=0.11s
  eval vs Gomoku-random-v0: win_rate=0.85 mean_return=0.70（20 局，total_env_steps=14184）
Ep  301: len= 45 黑胜 loss=26.5267 temp=0.25 total_env_steps=14229 t=0.11s
Ep  302: len= 34 白胜 loss=26.8353 temp=0.25 total_env_steps=14263 t=0.10s
Ep  303: len= 54 白胜 loss=26.0714 temp=0.25 total_env_steps=14317 t=0.12s
Ep  304: len= 53 黑胜 loss=26.5422 temp=0.25 total_env_steps=14370 t=0.12s
Ep  305: len= 42 白胜 loss=26.4836 temp=0.25 total_env_steps=14412 t=0.10s
Ep  306: len= 48 白胜 loss=26.3417 temp=0.25 total_env_steps=14460 t=0.11s
Ep  307: len= 47 黑胜 loss=26.6106 temp=0.25 total_env_steps=14507 t=0.12s
Ep  308: len= 29 黑胜 loss=26.7570 temp=0.25 total_env_steps=14536 t=0.10s
Ep  309: len= 53 黑胜 loss=26.9657 temp=0.25 total_env_steps=14589 t=0.12s
Ep  310: len= 54 白胜 loss=26.8709 temp=0.25 total_env_steps=14643 t=0.12s
Ep  311: len= 38 白胜 loss=26.4861 temp=0.25 total_env_steps=14681 t=0.11s
Ep  312: len= 64 白胜 loss=26.1635 temp=0.25 total_env_steps=14745 t=0.13s
Ep  313: len= 41 黑胜 loss=26.3863 temp=0.25 total_env_steps=14786 t=0.11s
Ep  314: len= 29 黑胜 loss=26.4993 temp=0.25 total_env_steps=14815 t=0.10s
Ep  315: len= 40 白胜 loss=26.4968 temp=0.25 total_env_steps=14855 t=0.10s
Ep  316: len= 37 黑胜 loss=26.7882 temp=0.25 total_env_steps=14892 t=0.10s
Ep  317: len= 46 白胜 loss=26.8854 temp=0.25 total_env_steps=14938 t=0.11s
Ep  318: len= 49 黑胜 loss=26.8871 temp=0.25 total_env_steps=14987 t=0.11s
Ep  319: len= 33 黑胜 loss=26.8585 temp=0.25 total_env_steps=15020 t=0.10s
Ep  320: len= 47 黑胜 loss=26.4306 temp=0.25 total_env_steps=15067 t=0.11s
Ep  321: len= 49 黑胜 loss=26.6811 temp=0.25 total_env_steps=15116 t=0.12s
Ep  322: len= 40 白胜 loss=27.0051 temp=0.25 total_env_steps=15156 t=0.11s
Ep  323: len= 65 黑胜 loss=26.6656 temp=0.25 total_env_steps=15221 t=0.12s
Ep  324: len= 57 黑胜 loss=27.1849 temp=0.25 total_env_steps=15278 t=0.12s
Ep  325: len= 39 黑胜 loss=26.4846 temp=0.25 total_env_steps=15317 t=0.10s
Ep  326: len= 48 白胜 loss=26.1743 temp=0.25 total_env_steps=15365 t=0.11s
Ep  327: len= 25 黑胜 loss=26.4070 temp=0.25 total_env_steps=15390 t=0.10s
Ep  328: len= 43 黑胜 loss=26.8960 temp=0.25 total_env_steps=15433 t=0.11s
Ep  329: len= 25 黑胜 loss=26.7084 temp=0.25 total_env_steps=15458 t=0.09s
Ep  330: len= 41 黑胜 loss=26.4519 temp=0.25 total_env_steps=15499 t=0.10s
Ep  331: len= 31 黑胜 loss=26.4280 temp=0.25 total_env_steps=15530 t=0.10s
Ep  332: len= 52 白胜 loss=26.2237 temp=0.25 total_env_steps=15582 t=0.11s
Ep  333: len= 49 黑胜 loss=26.3848 temp=0.25 total_env_steps=15631 t=0.11s
Ep  334: len= 30 白胜 loss=26.7321 temp=0.25 total_env_steps=15661 t=0.10s
Ep  335: len= 26 白胜 loss=26.4995 temp=0.25 total_env_steps=15687 t=0.10s
Ep  336: len= 48 白胜 loss=26.6581 temp=0.25 total_env_steps=15735 t=0.12s
Ep  337: len= 43 黑胜 loss=26.7032 temp=0.25 total_env_steps=15778 t=0.11s
Ep  338: len= 52 白胜 loss=26.4140 temp=0.25 total_env_steps=15830 t=0.11s
Ep  339: len= 31 黑胜 loss=26.5818 temp=0.25 total_env_steps=15861 t=0.10s
Ep  340: len= 76 白胜 loss=26.6874 temp=0.25 total_env_steps=15937 t=0.13s
Ep  341: len= 37 黑胜 loss=26.5046 temp=0.25 total_env_steps=15974 t=0.11s
Ep  342: len= 45 黑胜 loss=26.8216 temp=0.25 total_env_steps=16019 t=0.12s
Ep  343: len= 32 白胜 loss=26.9542 temp=0.25 total_env_steps=16051 t=0.11s
Ep  344: len= 38 白胜 loss=26.4433 temp=0.25 total_env_steps=16089 t=0.11s
Ep  345: len= 45 黑胜 loss=26.4605 temp=0.25 total_env_steps=16134 t=0.11s
Ep  346: len= 54 白胜 loss=26.7989 temp=0.25 total_env_steps=16188 t=0.12s
Ep  347: len= 56 白胜 loss=26.3462 temp=0.25 total_env_steps=16244 t=0.13s
Ep  348: len= 53 黑胜 loss=26.7022 temp=0.25 total_env_steps=16297 t=0.12s
Ep  349: len= 48 白胜 loss=26.5088 temp=0.25 total_env_steps=16345 t=0.12s
Ep  350: len= 33 黑胜 loss=26.3526 temp=0.25 total_env_steps=16378 t=0.10s
  eval vs Gomoku-random-v0: win_rate=1.00 mean_return=1.00（20 局，total_env_steps=16378）
Ep  351: len= 72 白胜 loss=26.3070 temp=0.25 total_env_steps=16450 t=0.12s
Ep  352: len= 53 黑胜 loss=26.4395 temp=0.25 total_env_steps=16503 t=0.11s
Ep  353: len= 65 黑胜 loss=26.4705 temp=0.25 total_env_steps=16568 t=0.13s
Ep  354: len= 40 白胜 loss=26.6077 temp=0.25 total_env_steps=16608 t=0.11s
Ep  355: len= 37 黑胜 loss=26.7958 temp=0.25 total_env_steps=16645 t=0.11s
Ep  356: len= 22 白胜 loss=26.2995 temp=0.25 total_env_steps=16667 t=0.10s
Ep  357: len= 49 黑胜 loss=26.3667 temp=0.25 total_env_steps=16716 t=0.12s
Ep  358: len= 41 黑胜 loss=26.6629 temp=0.25 total_env_steps=16757 t=0.11s
Ep  359: len= 50 白胜 loss=26.3841 temp=0.25 total_env_steps=16807 t=0.12s
Ep  360: len= 51 黑胜 loss=26.5750 temp=0.25 total_env_steps=16858 t=0.12s
Ep  361: len= 28 白胜 loss=26.3391 temp=0.25 total_env_steps=16886 t=0.10s
Ep  362: len= 52 白胜 loss=26.1188 temp=0.25 total_env_steps=16938 t=0.12s
Ep  363: len= 81 平局 loss=26.4185 temp=0.25 total_env_steps=17019 t=0.15s
Ep  364: len= 48 白胜 loss=26.5251 temp=0.25 total_env_steps=17067 t=0.11s
Ep  365: len= 47 黑胜 loss=26.9526 temp=0.25 total_env_steps=17114 t=0.07s
Ep  366: len= 42 白胜 loss=26.1103 temp=0.25 total_env_steps=17156 t=0.05s
Ep  367: len= 45 黑胜 loss=26.5439 temp=0.25 total_env_steps=17201 t=0.06s
Ep  368: len= 49 黑胜 loss=26.4868 temp=0.25 total_env_steps=17250 t=0.07s
Ep  369: len= 22 白胜 loss=26.5448 temp=0.25 total_env_steps=17272 t=0.05s
Ep  370: len= 53 黑胜 loss=26.5810 temp=0.25 total_env_steps=17325 t=0.07s
Ep  371: len= 22 白胜 loss=26.4208 temp=0.25 total_env_steps=17347 t=0.05s
Ep  372: len= 62 白胜 loss=26.4442 temp=0.25 total_env_steps=17409 t=0.08s
Ep  373: len= 35 黑胜 loss=26.1572 temp=0.25 total_env_steps=17444 t=0.06s
Ep  374: len= 49 黑胜 loss=26.7077 temp=0.25 total_env_steps=17493 t=0.07s
Ep  375: len= 50 白胜 loss=26.2343 temp=0.25 total_env_steps=17543 t=0.07s
Ep  376: len= 52 白胜 loss=26.5464 temp=0.25 total_env_steps=17595 t=0.08s
Ep  377: len= 33 黑胜 loss=26.6188 temp=0.25 total_env_steps=17628 t=0.06s
Ep  378: len= 52 白胜 loss=26.2676 temp=0.25 total_env_steps=17680 t=0.07s
Ep  379: len= 28 白胜 loss=26.0864 temp=0.25 total_env_steps=17708 t=0.05s
Ep  380: len= 50 白胜 loss=26.5006 temp=0.25 total_env_steps=17758 t=0.07s
Ep  381: len= 52 白胜 loss=26.2177 temp=0.25 total_env_steps=17810 t=0.08s
Ep  382: len= 23 黑胜 loss=26.1828 temp=0.25 total_env_steps=17833 t=0.05s
Ep  383: len= 36 白胜 loss=26.9922 temp=0.25 total_env_steps=17869 t=0.06s
Ep  384: len= 45 黑胜 loss=26.5192 temp=0.25 total_env_steps=17914 t=0.06s
Ep  385: len= 61 黑胜 loss=26.1143 temp=0.25 total_env_steps=17975 t=0.07s
Ep  386: len= 43 黑胜 loss=26.4754 temp=0.25 total_env_steps=18018 t=0.06s
Ep  387: len= 41 黑胜 loss=26.5217 temp=0.25 total_env_steps=18059 t=0.06s
Ep  388: len= 48 白胜 loss=26.5146 temp=0.25 total_env_steps=18107 t=0.06s
Ep  389: len= 40 白胜 loss=26.0973 temp=0.25 total_env_steps=18147 t=0.07s
Ep  390: len= 47 黑胜 loss=26.1230 temp=0.25 total_env_steps=18194 t=0.08s
Ep  391: len= 35 黑胜 loss=26.3275 temp=0.25 total_env_steps=18229 t=0.07s
Ep  392: len= 72 白胜 loss=26.2481 temp=0.25 total_env_steps=18301 t=0.11s
Ep  393: len= 49 黑胜 loss=26.3633 temp=0.25 total_env_steps=18350 t=0.09s
Ep  394: len= 35 黑胜 loss=26.0866 temp=0.25 total_env_steps=18385 t=0.08s
Ep  395: len= 39 黑胜 loss=26.1303 temp=0.25 total_env_steps=18424 t=0.07s
Ep  396: len= 35 黑胜 loss=26.5482 temp=0.25 total_env_steps=18459 t=0.06s
Ep  397: len= 42 白胜 loss=26.5288 temp=0.25 total_env_steps=18501 t=0.06s
Ep  398: len= 52 白胜 loss=26.3869 temp=0.25 total_env_steps=18553 t=0.06s
Ep  399: len= 51 黑胜 loss=26.3034 temp=0.25 total_env_steps=18604 t=0.06s
Ep  400: len= 53 黑胜 loss=26.1891 temp=0.25 total_env_steps=18657 t=0.07s
  eval vs Gomoku-random-v0: win_rate=0.95 mean_return=0.90（20 局，total_env_steps=18657）
[闸门] vs random（40 局）: win_rate=1.000
[闸门] vs 半程快照（40 局，黑白各半）: score=0.875
[梯队] vs naive0（20 局，观察性）: win_rate=0.05
[梯队] vs naive1（20 局，观察性）: win_rate=0.00
[梯队] vs naive2（20 局，观察性）: win_rate=0.00
[梯队] vs naive3（20 局，观察性）: win_rate=0.00
📈 Gomoku-selfplay-v0 win_rate=0.95（best 1.00）| 门槛 0.95 | 37.8s

--- M3 arm=gumbel_s16 汇总（base 对照见 bench 头注释）---
  seed=42 vs_random=0.900 vs_snapshot=0.825 | 梯队 naive0=0.00 naive1=0.00 naive2=0.00 naive3=0.00 | env_steps=18542 wall=38s
  seed=43 vs_random=0.975 vs_snapshot=0.450 | 梯队 naive0=0.00 naive1=0.00 naive2=0.00 naive3=0.00 | env_steps=18568 wall=40s
  seed=44 vs_random=1.000 vs_snapshot=0.875 | 梯队 naive0=0.05 naive1=0.00 naive2=0.00 naive3=0.00 | env_steps=18657 wall=38s
ok

test result: ok. 1 passed; 0 failed; 0 ignored; 0 measured; 3414 filtered out; finished in 116.58s

     Running tests\cse_dedup.rs (target\release\deps\cse_dedup-7a657e998c2a0176.exe)

running 0 tests

test result: ok. 0 passed; 0 failed; 0 ignored; 0 measured; 1 filtered out; finished in 0.00s

     Running tests\mode_invariants.rs (target\release\deps\mode_invariants-12496c59841ba5c8.exe)

running 0 tests

test result: ok. 0 passed; 0 failed; 0 ignored; 0 measured; 9 filtered out; finished in 0.00s

     Running tests\onnx_otm_load_bench.rs (target\release\deps\onnx_otm_load_bench-39da60dd6dcd2511.exe)

running 0 tests

test result: ok. 0 passed; 0 failed; 0 ignored; 0 measured; 1 filtered out; finished in 0.00s

     Running tests\yolov5_xiangqi_import.rs (target\release\deps\yolov5_xiangqi_import-5a55f6b67c0e8a85.exe)

running 0 tests

test result: ok. 0 passed; 0 failed; 0 ignored; 0 measured; 6 filtered out; finished in 0.00s

