    Finished `release` profile [optimized] target(s) in 0.98s
     Running unittests src\lib.rs (target\release\deps\only_torch-45d502c1e61c3f90.exe)

running 1 test
test rl::algo::my_zero::tests::gomoku_m3_bench::gomoku_m3_combo ... 
--- arm=combo_aug_rr32_lr3e3 seed=42 sims=100 ---
[MyZero-board Gomoku-selfplay-v0] obs=243(3×9²) |A|=81 sims=100 γ=1.0 negamax
[MyZero-board] 8 重对称增广开启（D4，采样时随机套变换）
Ep    1: len= 52 白胜 loss=0.0000 temp=1.00 total_env_steps=52 t=0.17s
Ep    2: len= 35 黑胜 loss=0.0000 temp=1.00 total_env_steps=87 t=0.11s
Ep    3: len= 54 白胜 loss=0.0000 temp=1.00 total_env_steps=141 t=0.18s
Ep    4: len= 58 白胜 loss=0.0000 temp=1.00 total_env_steps=199 t=0.20s
Ep    5: len= 57 黑胜 loss=0.0000 temp=1.00 total_env_steps=256 t=0.19s
Ep    6: len= 67 黑胜 loss=0.0000 temp=1.00 total_env_steps=323 t=0.22s
Ep    7: len= 35 黑胜 loss=0.0000 temp=1.00 total_env_steps=358 t=0.12s
Ep    8: len= 73 黑胜 loss=0.0000 temp=1.00 total_env_steps=431 t=0.25s
Ep    9: len= 43 黑胜 loss=0.0000 temp=1.00 total_env_steps=474 t=0.13s
Ep   10: len= 59 黑胜 loss=31.1912 temp=1.00 total_env_steps=533 t=0.32s
Ep   11: len= 29 黑胜 loss=28.4058 temp=1.00 total_env_steps=562 t=0.20s
Ep   12: len= 21 黑胜 loss=28.3801 temp=1.00 total_env_steps=583 t=0.22s
Ep   13: len= 53 黑胜 loss=28.3558 temp=1.00 total_env_steps=636 t=0.30s
Ep   14: len= 67 黑胜 loss=28.2565 temp=1.00 total_env_steps=703 t=0.29s
Ep   15: len= 52 白胜 loss=28.2044 temp=1.00 total_env_steps=755 t=0.26s
Ep   16: len= 57 黑胜 loss=28.1687 temp=1.00 total_env_steps=812 t=0.28s
Ep   17: len= 66 白胜 loss=28.1133 temp=1.00 total_env_steps=878 t=0.32s
Ep   18: len= 53 黑胜 loss=28.1142 temp=1.00 total_env_steps=931 t=0.29s
Ep   19: len= 19 黑胜 loss=28.1373 temp=1.00 total_env_steps=950 t=0.18s
Ep   20: len= 51 黑胜 loss=28.1833 temp=1.00 total_env_steps=1001 t=0.26s
Ep   21: len= 52 白胜 loss=28.1432 temp=1.00 total_env_steps=1053 t=0.26s
Ep   22: len= 20 白胜 loss=28.0976 temp=1.00 total_env_steps=1073 t=0.17s
Ep   23: len= 39 黑胜 loss=28.0857 temp=1.00 total_env_steps=1112 t=0.23s
Ep   24: len= 66 白胜 loss=28.0597 temp=1.00 total_env_steps=1178 t=0.32s
Ep   25: len= 57 黑胜 loss=28.0492 temp=1.00 total_env_steps=1235 t=0.28s
Ep   26: len= 54 白胜 loss=28.0147 temp=1.00 total_env_steps=1289 t=0.26s
Ep   27: len= 69 黑胜 loss=27.9665 temp=1.00 total_env_steps=1358 t=0.32s
Ep   28: len= 47 黑胜 loss=27.8544 temp=1.00 total_env_steps=1405 t=0.26s
Ep   29: len= 17 黑胜 loss=27.9017 temp=1.00 total_env_steps=1422 t=0.17s
Ep   30: len= 46 白胜 loss=27.8785 temp=1.00 total_env_steps=1468 t=0.26s
Ep   31: len= 45 黑胜 loss=27.8563 temp=1.00 total_env_steps=1513 t=0.25s
Ep   32: len= 40 白胜 loss=27.9000 temp=1.00 total_env_steps=1553 t=0.25s
Ep   33: len= 30 白胜 loss=27.8158 temp=1.00 total_env_steps=1583 t=0.25s
Ep   34: len= 58 白胜 loss=27.8092 temp=1.00 total_env_steps=1641 t=0.43s
Ep   35: len= 62 白胜 loss=27.7819 temp=1.00 total_env_steps=1703 t=0.51s
Ep   36: len= 44 白胜 loss=27.7369 temp=1.00 total_env_steps=1747 t=0.46s
Ep   37: len= 71 黑胜 loss=27.6630 temp=1.00 total_env_steps=1818 t=0.55s
Ep   38: len= 61 黑胜 loss=27.7299 temp=1.00 total_env_steps=1879 t=0.49s
Ep   39: len= 39 黑胜 loss=27.6318 temp=1.00 total_env_steps=1918 t=0.43s
Ep   40: len= 55 黑胜 loss=27.5628 temp=1.00 total_env_steps=1973 t=0.50s
Ep   41: len= 50 白胜 loss=27.7259 temp=1.00 total_env_steps=2023 t=0.50s
Ep   42: len= 39 黑胜 loss=27.6283 temp=1.00 total_env_steps=2062 t=0.45s
Ep   43: len= 22 白胜 loss=27.6208 temp=1.00 total_env_steps=2084 t=0.40s
Ep   44: len= 62 白胜 loss=27.5598 temp=1.00 total_env_steps=2146 t=0.56s
Ep   45: len= 30 白胜 loss=27.5807 temp=1.00 total_env_steps=2176 t=0.44s
Ep   46: len= 29 黑胜 loss=27.5543 temp=1.00 total_env_steps=2205 t=0.43s
Ep   47: len= 57 黑胜 loss=27.5667 temp=1.00 total_env_steps=2262 t=0.54s
Ep   48: len= 64 白胜 loss=27.4676 temp=1.00 total_env_steps=2326 t=0.58s
Ep   49: len= 42 白胜 loss=27.4186 temp=1.00 total_env_steps=2368 t=0.50s
Ep   50: len= 40 白胜 loss=27.4965 temp=1.00 total_env_steps=2408 t=0.50s
  eval vs Gomoku-random-v0: win_rate=0.85 mean_return=0.70（20 局，total_env_steps=2408）
Ep   51: len= 46 白胜 loss=27.3566 temp=1.00 total_env_steps=2454 t=0.51s
Ep   52: len= 65 黑胜 loss=27.4299 temp=1.00 total_env_steps=2519 t=0.59s
Ep   53: len= 55 黑胜 loss=27.4315 temp=1.00 total_env_steps=2574 t=0.53s
Ep   54: len= 71 黑胜 loss=27.3093 temp=1.00 total_env_steps=2645 t=0.60s
Ep   55: len= 34 白胜 loss=27.3953 temp=1.00 total_env_steps=2679 t=0.50s
Ep   56: len= 18 白胜 loss=27.5067 temp=1.00 total_env_steps=2697 t=0.42s
Ep   57: len= 47 黑胜 loss=27.4419 temp=1.00 total_env_steps=2744 t=0.53s
Ep   58: len= 34 白胜 loss=27.3267 temp=1.00 total_env_steps=2778 t=0.53s
Ep   59: len= 51 黑胜 loss=27.3667 temp=1.00 total_env_steps=2829 t=0.54s
Ep   60: len= 42 白胜 loss=27.3520 temp=1.00 total_env_steps=2871 t=0.50s
Ep   61: len= 22 白胜 loss=27.3459 temp=1.00 total_env_steps=2893 t=0.44s
Ep   62: len= 51 黑胜 loss=27.2829 temp=1.00 total_env_steps=2944 t=0.52s
Ep   63: len= 81 平局 loss=27.3286 temp=1.00 total_env_steps=3025 t=0.68s
Ep   64: len= 37 黑胜 loss=27.1352 temp=1.00 total_env_steps=3062 t=0.54s
Ep   65: len= 66 白胜 loss=27.2806 temp=1.00 total_env_steps=3128 t=0.54s
Ep   66: len= 35 黑胜 loss=27.2597 temp=1.00 total_env_steps=3163 t=0.45s
Ep   67: len= 47 黑胜 loss=27.1264 temp=1.00 total_env_steps=3210 t=0.47s
Ep   68: len= 75 黑胜 loss=27.1041 temp=1.00 total_env_steps=3285 t=0.59s
Ep   69: len= 53 黑胜 loss=27.1705 temp=1.00 total_env_steps=3338 t=0.51s
Ep   70: len= 41 黑胜 loss=27.0016 temp=1.00 total_env_steps=3379 t=0.47s
Ep   71: len= 32 白胜 loss=27.0820 temp=1.00 total_env_steps=3411 t=0.44s
Ep   72: len= 15 黑胜 loss=27.0470 temp=1.00 total_env_steps=3426 t=0.37s
Ep   73: len= 40 白胜 loss=27.0340 temp=1.00 total_env_steps=3466 t=0.46s
Ep   74: len= 50 白胜 loss=27.1258 temp=1.00 total_env_steps=3516 t=0.51s
Ep   75: len= 47 黑胜 loss=27.0061 temp=1.00 total_env_steps=3563 t=0.49s
Ep   76: len= 52 白胜 loss=27.0288 temp=1.00 total_env_steps=3615 t=0.52s
Ep   77: len= 35 黑胜 loss=26.8232 temp=1.00 total_env_steps=3650 t=0.46s
Ep   78: len= 49 黑胜 loss=26.9572 temp=1.00 total_env_steps=3699 t=0.51s
Ep   79: len= 13 黑胜 loss=26.8566 temp=1.00 total_env_steps=3712 t=0.38s
Ep   80: len= 18 白胜 loss=26.9064 temp=1.00 total_env_steps=3730 t=0.40s
Ep   81: len= 64 白胜 loss=26.7821 temp=1.00 total_env_steps=3794 t=0.57s
Ep   82: len= 61 黑胜 loss=26.8326 temp=1.00 total_env_steps=3855 t=0.55s
Ep   83: len= 27 黑胜 loss=26.5777 temp=1.00 total_env_steps=3882 t=0.43s
Ep   84: len= 47 黑胜 loss=26.7676 temp=1.00 total_env_steps=3929 t=0.53s
Ep   85: len= 33 黑胜 loss=26.6831 temp=1.00 total_env_steps=3962 t=0.45s
Ep   86: len= 26 白胜 loss=26.6707 temp=1.00 total_env_steps=3988 t=0.45s
Ep   87: len= 25 黑胜 loss=26.6454 temp=1.00 total_env_steps=4013 t=0.44s
Ep   88: len= 36 白胜 loss=26.6181 temp=1.00 total_env_steps=4049 t=0.50s
Ep   89: len= 30 白胜 loss=26.5985 temp=1.00 total_env_steps=4079 t=0.46s
Ep   90: len= 33 黑胜 loss=26.7321 temp=1.00 total_env_steps=4112 t=0.46s
Ep   91: len= 35 黑胜 loss=26.7497 temp=1.00 total_env_steps=4147 t=0.47s
Ep   92: len= 47 黑胜 loss=26.5762 temp=1.00 total_env_steps=4194 t=0.53s
Ep   93: len= 15 黑胜 loss=26.5286 temp=1.00 total_env_steps=4209 t=0.40s
Ep   94: len= 49 黑胜 loss=26.5522 temp=1.00 total_env_steps=4258 t=0.53s
Ep   95: len= 33 黑胜 loss=26.4658 temp=1.00 total_env_steps=4291 t=0.47s
Ep   96: len= 53 黑胜 loss=26.5054 temp=1.00 total_env_steps=4344 t=0.54s
Ep   97: len= 25 黑胜 loss=26.2151 temp=1.00 total_env_steps=4369 t=0.46s
Ep   98: len= 54 白胜 loss=26.3792 temp=1.00 total_env_steps=4423 t=0.53s
Ep   99: len= 21 黑胜 loss=26.3177 temp=1.00 total_env_steps=4444 t=0.44s
Ep  100: len= 45 黑胜 loss=26.3130 temp=1.00 total_env_steps=4489 t=0.52s
  eval vs Gomoku-random-v0: win_rate=0.95 mean_return=0.90（20 局，total_env_steps=4489）
  ✅ 达标 ep=100 total_env_steps=4489
Ep  101: len= 49 黑胜 loss=26.4947 temp=1.00 total_env_steps=4538 t=0.53s
Ep  102: len= 21 黑胜 loss=26.4252 temp=0.99 total_env_steps=4559 t=0.43s
Ep  103: len= 43 黑胜 loss=26.3213 temp=0.99 total_env_steps=4602 t=0.51s
Ep  104: len= 15 黑胜 loss=26.2236 temp=0.98 total_env_steps=4617 t=0.42s
Ep  105: len= 11 黑胜 loss=26.2655 temp=0.97 total_env_steps=4628 t=0.43s
Ep  106: len= 57 黑胜 loss=26.3210 temp=0.96 total_env_steps=4685 t=0.57s
Ep  107: len= 47 黑胜 loss=26.2452 temp=0.95 total_env_steps=4732 t=0.53s
Ep  108: len= 29 黑胜 loss=26.1211 temp=0.95 total_env_steps=4761 t=0.47s
Ep  109: len= 17 黑胜 loss=25.9692 temp=0.94 total_env_steps=4778 t=0.43s
Ep  110: len= 45 黑胜 loss=26.1648 temp=0.93 total_env_steps=4823 t=0.60s
Ep  111: len= 45 黑胜 loss=26.1036 temp=0.93 total_env_steps=4868 t=0.54s
Ep  112: len= 19 黑胜 loss=26.0350 temp=0.92 total_env_steps=4887 t=0.45s
Ep  113: len= 19 黑胜 loss=26.1056 temp=0.91 total_env_steps=4906 t=0.43s
Ep  114: len= 45 黑胜 loss=26.2086 temp=0.90 total_env_steps=4951 t=0.73s
Ep  115: len= 25 黑胜 loss=25.8459 temp=0.89 total_env_steps=4976 t=0.46s
Ep  116: len= 37 黑胜 loss=26.0351 temp=0.89 total_env_steps=5013 t=0.52s
Ep  117: len= 17 黑胜 loss=25.8417 temp=0.88 total_env_steps=5030 t=0.44s
Ep  118: len= 52 白胜 loss=26.0767 temp=0.87 total_env_steps=5082 t=0.59s
Ep  119: len= 15 黑胜 loss=26.0097 temp=0.87 total_env_steps=5097 t=0.44s
Ep  120: len= 46 白胜 loss=25.9311 temp=0.86 total_env_steps=5143 t=0.56s
Ep  121: len= 59 黑胜 loss=25.8717 temp=0.85 total_env_steps=5202 t=0.59s
Ep  122: len= 27 黑胜 loss=25.6490 temp=0.84 total_env_steps=5229 t=0.48s
Ep  123: len= 66 白胜 loss=25.7331 temp=0.84 total_env_steps=5295 t=0.61s
Ep  124: len= 44 白胜 loss=26.0925 temp=0.83 total_env_steps=5339 t=0.55s
Ep  125: len= 35 黑胜 loss=25.9142 temp=0.82 total_env_steps=5374 t=0.52s
Ep  126: len= 57 黑胜 loss=25.7256 temp=0.81 total_env_steps=5431 t=0.58s
Ep  127: len= 19 黑胜 loss=25.8512 temp=0.81 total_env_steps=5450 t=0.46s
Ep  128: len= 54 白胜 loss=25.7947 temp=0.80 total_env_steps=5504 t=0.59s
Ep  129: len= 58 白胜 loss=25.7035 temp=0.79 total_env_steps=5562 t=0.60s
Ep  130: len= 27 黑胜 loss=25.8644 temp=0.78 total_env_steps=5589 t=0.50s
Ep  131: len= 29 黑胜 loss=25.8663 temp=0.77 total_env_steps=5618 t=0.49s
Ep  132: len= 17 黑胜 loss=25.7672 temp=0.77 total_env_steps=5635 t=0.44s
Ep  133: len= 63 黑胜 loss=25.6945 temp=0.76 total_env_steps=5698 t=0.61s
Ep  134: len= 52 白胜 loss=25.4659 temp=0.75 total_env_steps=5750 t=0.57s
Ep  135: len= 41 黑胜 loss=25.8053 temp=0.75 total_env_steps=5791 t=0.54s
Ep  136: len= 15 黑胜 loss=25.9340 temp=0.74 total_env_steps=5806 t=0.44s
Ep  137: len= 37 黑胜 loss=25.6887 temp=0.73 total_env_steps=5843 t=0.53s
Ep  138: len= 53 黑胜 loss=25.7630 temp=0.72 total_env_steps=5896 t=0.57s
Ep  139: len= 11 黑胜 loss=25.6625 temp=0.72 total_env_steps=5907 t=0.43s
Ep  140: len= 65 黑胜 loss=25.5862 temp=0.71 total_env_steps=5972 t=0.59s
Ep  141: len= 49 黑胜 loss=25.6082 temp=0.70 total_env_steps=6021 t=0.55s
Ep  142: len= 47 黑胜 loss=25.6854 temp=0.69 total_env_steps=6068 t=0.57s
Ep  143: len= 52 白胜 loss=25.5234 temp=0.69 total_env_steps=6120 t=0.57s
Ep  144: len= 41 黑胜 loss=25.4027 temp=0.68 total_env_steps=6161 t=0.55s
Ep  145: len= 37 黑胜 loss=25.7276 temp=0.67 total_env_steps=6198 t=0.51s
Ep  146: len= 13 黑胜 loss=25.4556 temp=0.66 total_env_steps=6211 t=0.44s
Ep  147: len= 47 黑胜 loss=25.2763 temp=0.65 total_env_steps=6258 t=0.55s
Ep  148: len= 61 黑胜 loss=25.3789 temp=0.65 total_env_steps=6319 t=0.62s
Ep  149: len= 47 黑胜 loss=25.3868 temp=0.64 total_env_steps=6366 t=0.56s
Ep  150: len= 17 黑胜 loss=25.5333 temp=0.63 total_env_steps=6383 t=0.46s
  eval vs Gomoku-random-v0: win_rate=1.00 mean_return=1.00（20 局，total_env_steps=6383）
Ep  151: len= 11 黑胜 loss=25.3523 temp=0.62 total_env_steps=6394 t=0.43s
Ep  152: len= 15 黑胜 loss=25.4790 temp=0.62 total_env_steps=6409 t=0.44s
Ep  153: len= 13 黑胜 loss=25.3971 temp=0.61 total_env_steps=6422 t=0.44s
Ep  154: len= 56 白胜 loss=25.0793 temp=0.60 total_env_steps=6478 t=0.58s
Ep  155: len= 53 黑胜 loss=25.2840 temp=0.59 total_env_steps=6531 t=0.58s
Ep  156: len= 69 黑胜 loss=25.1531 temp=0.59 total_env_steps=6600 t=0.61s
Ep  157: len= 64 白胜 loss=24.9967 temp=0.58 total_env_steps=6664 t=0.62s
Ep  158: len= 17 黑胜 loss=25.2664 temp=0.57 total_env_steps=6681 t=0.45s
Ep  159: len= 21 黑胜 loss=25.1950 temp=0.56 total_env_steps=6702 t=0.46s
Ep  160: len= 24 白胜 loss=25.3338 temp=0.56 total_env_steps=6726 t=0.48s
Ep  161: len= 43 黑胜 loss=25.2120 temp=0.55 total_env_steps=6769 t=0.56s
Ep  162: len= 59 黑胜 loss=25.2031 temp=0.54 total_env_steps=6828 t=0.61s
Ep  163: len= 15 黑胜 loss=24.9809 temp=0.53 total_env_steps=6843 t=0.45s
Ep  164: len= 63 黑胜 loss=25.3247 temp=0.53 total_env_steps=6906 t=0.60s
Ep  165: len= 49 黑胜 loss=25.0543 temp=0.52 total_env_steps=6955 t=0.58s
Ep  166: len= 19 黑胜 loss=24.9318 temp=0.51 total_env_steps=6974 t=0.47s
Ep  167: len= 17 黑胜 loss=25.2299 temp=0.50 total_env_steps=6991 t=0.46s
Ep  168: len= 25 黑胜 loss=25.0158 temp=0.50 total_env_steps=7016 t=0.49s
Ep  169: len= 68 白胜 loss=25.1352 temp=0.49 total_env_steps=7084 t=0.63s
Ep  170: len= 19 黑胜 loss=25.2363 temp=0.48 total_env_steps=7103 t=0.46s
Ep  171: len= 52 白胜 loss=25.1728 temp=0.48 total_env_steps=7155 t=0.59s
Ep  172: len= 55 黑胜 loss=25.0443 temp=0.47 total_env_steps=7210 t=0.58s
Ep  173: len= 13 黑胜 loss=25.1701 temp=0.46 total_env_steps=7223 t=0.45s
Ep  174: len= 49 黑胜 loss=25.0194 temp=0.45 total_env_steps=7272 t=0.57s
Ep  175: len= 41 黑胜 loss=25.1102 temp=0.44 total_env_steps=7313 t=0.53s
Ep  176: len= 51 黑胜 loss=24.9592 temp=0.44 total_env_steps=7364 t=0.58s
Ep  177: len=  9 黑胜 loss=25.0083 temp=0.43 total_env_steps=7373 t=0.43s
Ep  178: len= 53 黑胜 loss=24.8734 temp=0.42 total_env_steps=7426 t=0.60s
Ep  179: len= 45 黑胜 loss=25.2134 temp=0.42 total_env_steps=7471 t=0.56s
Ep  180: len= 60 白胜 loss=24.4262 temp=0.41 total_env_steps=7531 t=0.62s
Ep  181: len= 45 黑胜 loss=24.6626 temp=0.40 total_env_steps=7576 t=0.56s
Ep  182: len= 57 黑胜 loss=24.6002 temp=0.39 total_env_steps=7633 t=0.61s
Ep  183: len= 45 黑胜 loss=24.7198 temp=0.38 total_env_steps=7678 t=0.54s
Ep  184: len= 65 黑胜 loss=24.7897 temp=0.38 total_env_steps=7743 t=0.64s
Ep  185: len= 48 白胜 loss=24.9494 temp=0.37 total_env_steps=7791 t=0.57s
Ep  186: len= 59 黑胜 loss=24.7018 temp=0.36 total_env_steps=7850 t=0.60s
Ep  187: len= 43 黑胜 loss=24.7221 temp=0.36 total_env_steps=7893 t=0.53s
Ep  188: len= 51 黑胜 loss=25.0084 temp=0.35 total_env_steps=7944 t=0.58s
Ep  189: len= 33 黑胜 loss=24.6505 temp=0.34 total_env_steps=7977 t=0.52s
Ep  190: len= 43 黑胜 loss=25.1038 temp=0.33 total_env_steps=8020 t=0.55s
Ep  191: len= 52 白胜 loss=24.6190 temp=0.33 total_env_steps=8072 t=0.57s
Ep  192: len= 69 黑胜 loss=24.4737 temp=0.32 total_env_steps=8141 t=0.63s
Ep  193: len= 55 黑胜 loss=24.9593 temp=0.31 total_env_steps=8196 t=0.60s
Ep  194: len= 43 黑胜 loss=24.7231 temp=0.30 total_env_steps=8239 t=0.55s
Ep  195: len= 44 白胜 loss=24.7420 temp=0.30 total_env_steps=8283 t=0.54s
Ep  196: len= 13 黑胜 loss=24.6181 temp=0.29 total_env_steps=8296 t=0.45s
Ep  197: len= 56 白胜 loss=24.5336 temp=0.28 total_env_steps=8352 t=0.60s
Ep  198: len= 43 黑胜 loss=24.4677 temp=0.27 total_env_steps=8395 t=0.55s
Ep  199: len= 52 白胜 loss=24.7456 temp=0.26 total_env_steps=8447 t=0.59s
Ep  200: len= 52 白胜 loss=24.6092 temp=0.26 total_env_steps=8499 t=0.59s
  eval vs Gomoku-random-v0: win_rate=0.95 mean_return=0.90（20 局，total_env_steps=8499）
  📸 已拍权重快照（ep=200，gating 对弈基准）
Ep  201: len= 63 黑胜 loss=24.4526 temp=0.25 total_env_steps=8562 t=0.63s
Ep  202: len= 67 黑胜 loss=24.5539 temp=0.25 total_env_steps=8629 t=0.64s
Ep  203: len= 34 白胜 loss=24.8273 temp=0.25 total_env_steps=8663 t=0.53s
Ep  204: len= 38 白胜 loss=24.4521 temp=0.25 total_env_steps=8701 t=0.56s
Ep  205: len= 38 白胜 loss=24.4153 temp=0.25 total_env_steps=8739 t=0.56s
Ep  206: len= 33 黑胜 loss=24.3563 temp=0.25 total_env_steps=8772 t=0.52s
Ep  207: len= 39 黑胜 loss=24.2041 temp=0.25 total_env_steps=8811 t=0.55s
Ep  208: len= 69 黑胜 loss=24.0253 temp=0.25 total_env_steps=8880 t=0.64s
Ep  209: len= 65 黑胜 loss=24.1447 temp=0.25 total_env_steps=8945 t=0.65s
Ep  210: len= 59 黑胜 loss=24.1852 temp=0.25 total_env_steps=9004 t=0.62s
Ep  211: len= 44 白胜 loss=24.3458 temp=0.25 total_env_steps=9048 t=0.57s
Ep  212: len= 39 黑胜 loss=24.0704 temp=0.25 total_env_steps=9087 t=0.56s
Ep  213: len= 52 白胜 loss=24.3264 temp=0.25 total_env_steps=9139 t=0.61s
Ep  214: len= 40 白胜 loss=24.0046 temp=0.25 total_env_steps=9179 t=0.57s
Ep  215: len=  9 黑胜 loss=24.1784 temp=0.25 total_env_steps=9188 t=0.45s
Ep  216: len= 15 黑胜 loss=24.0567 temp=0.25 total_env_steps=9203 t=0.46s
Ep  217: len= 41 黑胜 loss=23.9285 temp=0.25 total_env_steps=9244 t=0.56s
Ep  218: len= 44 白胜 loss=23.8401 temp=0.25 total_env_steps=9288 t=0.58s
Ep  219: len=  9 黑胜 loss=23.8526 temp=0.25 total_env_steps=9297 t=0.45s
Ep  220: len= 34 白胜 loss=23.9820 temp=0.25 total_env_steps=9331 t=0.53s
Ep  221: len= 36 白胜 loss=23.8446 temp=0.25 total_env_steps=9367 t=0.56s
Ep  222: len= 53 黑胜 loss=23.3921 temp=0.25 total_env_steps=9420 t=0.63s
Ep  223: len= 45 黑胜 loss=23.2812 temp=0.25 total_env_steps=9465 t=0.61s
Ep  224: len= 11 黑胜 loss=23.4291 temp=0.25 total_env_steps=9476 t=0.46s
Ep  225: len= 36 白胜 loss=23.3845 temp=0.25 total_env_steps=9512 t=0.56s
Ep  226: len= 45 黑胜 loss=23.9158 temp=0.25 total_env_steps=9557 t=0.57s
Ep  227: len= 45 黑胜 loss=23.3613 temp=0.25 total_env_steps=9602 t=0.58s
Ep  228: len= 47 黑胜 loss=23.3662 temp=0.25 total_env_steps=9649 t=0.59s
Ep  229: len= 41 黑胜 loss=23.4871 temp=0.25 total_env_steps=9690 t=0.57s
Ep  230: len= 38 白胜 loss=22.7048 temp=0.25 total_env_steps=9728 t=0.57s
Ep  231: len= 42 白胜 loss=23.6986 temp=0.25 total_env_steps=9770 t=0.57s
Ep  232: len= 38 白胜 loss=22.8386 temp=0.25 total_env_steps=9808 t=0.56s
Ep  233: len= 30 白胜 loss=23.1818 temp=0.25 total_env_steps=9838 t=0.53s
Ep  234: len= 15 黑胜 loss=23.1529 temp=0.25 total_env_steps=9853 t=0.49s
Ep  235: len= 44 白胜 loss=23.0659 temp=0.25 total_env_steps=9897 t=0.58s
Ep  236: len= 49 黑胜 loss=22.8528 temp=0.25 total_env_steps=9946 t=0.60s
Ep  237: len= 59 黑胜 loss=22.8302 temp=0.25 total_env_steps=10005 t=0.63s
Ep  238: len= 47 黑胜 loss=22.8091 temp=0.25 total_env_steps=10052 t=0.59s
Ep  239: len= 43 黑胜 loss=22.5776 temp=0.25 total_env_steps=10095 t=0.59s
Ep  240: len= 53 黑胜 loss=22.8441 temp=0.25 total_env_steps=10148 t=0.62s
Ep  241: len= 61 黑胜 loss=22.9390 temp=0.25 total_env_steps=10209 t=0.63s
Ep  242: len= 11 黑胜 loss=22.9350 temp=0.25 total_env_steps=10220 t=0.46s
Ep  243: len= 42 白胜 loss=22.6975 temp=0.25 total_env_steps=10262 t=0.57s
Ep  244: len= 35 黑胜 loss=22.9368 temp=0.25 total_env_steps=10297 t=0.56s
Ep  245: len= 45 黑胜 loss=22.9481 temp=0.25 total_env_steps=10342 t=0.59s
Ep  246: len= 38 白胜 loss=22.7289 temp=0.25 total_env_steps=10380 t=0.55s
Ep  247: len= 40 白胜 loss=22.4078 temp=0.25 total_env_steps=10420 t=0.57s
Ep  248: len= 50 白胜 loss=22.5298 temp=0.25 total_env_steps=10470 t=0.61s
Ep  249: len= 11 黑胜 loss=22.5434 temp=0.25 total_env_steps=10481 t=0.47s
Ep  250: len= 41 黑胜 loss=22.3328 temp=0.25 total_env_steps=10522 t=0.58s
  eval vs Gomoku-random-v0: win_rate=1.00 mean_return=1.00（20 局，total_env_steps=10522）
Ep  251: len= 13 黑胜 loss=22.3689 temp=0.25 total_env_steps=10535 t=0.49s
Ep  252: len= 44 白胜 loss=22.2077 temp=0.25 total_env_steps=10579 t=0.58s
Ep  253: len= 36 白胜 loss=22.2239 temp=0.25 total_env_steps=10615 t=0.55s
Ep  254: len= 34 白胜 loss=22.6453 temp=0.25 total_env_steps=10649 t=0.54s
Ep  255: len= 37 黑胜 loss=22.6735 temp=0.25 total_env_steps=10686 t=0.55s
Ep  256: len= 38 白胜 loss=21.8344 temp=0.25 total_env_steps=10724 t=0.58s
Ep  257: len= 49 黑胜 loss=22.0466 temp=0.25 total_env_steps=10773 t=0.61s
Ep  258: len= 41 黑胜 loss=21.6965 temp=0.25 total_env_steps=10814 t=0.58s
Ep  259: len= 40 白胜 loss=21.6637 temp=0.25 total_env_steps=10854 t=0.59s
Ep  260: len= 11 黑胜 loss=22.1254 temp=0.25 total_env_steps=10865 t=0.46s
Ep  261: len= 49 黑胜 loss=21.7349 temp=0.25 total_env_steps=10914 t=0.61s
Ep  262: len=  9 黑胜 loss=21.9164 temp=0.25 total_env_steps=10923 t=0.46s
Ep  263: len= 41 黑胜 loss=22.0664 temp=0.25 total_env_steps=10964 t=0.58s
Ep  264: len= 42 白胜 loss=21.7401 temp=0.25 total_env_steps=11006 t=0.57s
Ep  265: len= 37 黑胜 loss=20.9934 temp=0.25 total_env_steps=11043 t=0.57s
Ep  266: len= 43 黑胜 loss=21.8807 temp=0.25 total_env_steps=11086 t=0.57s
Ep  267: len= 30 白胜 loss=21.6395 temp=0.25 total_env_steps=11116 t=0.52s
Ep  268: len= 61 黑胜 loss=21.9422 temp=0.25 total_env_steps=11177 t=0.64s
Ep  269: len= 40 白胜 loss=21.3038 temp=0.25 total_env_steps=11217 t=0.58s
Ep  270: len= 57 黑胜 loss=21.7066 temp=0.25 total_env_steps=11274 t=0.63s
Ep  271: len= 37 黑胜 loss=21.2193 temp=0.25 total_env_steps=11311 t=0.56s
Ep  272: len=  9 黑胜 loss=21.2362 temp=0.25 total_env_steps=11320 t=0.45s
Ep  273: len= 47 黑胜 loss=21.0645 temp=0.25 total_env_steps=11367 t=0.57s
Ep  274: len= 68 白胜 loss=21.4505 temp=0.25 total_env_steps=11435 t=0.67s
Ep  275: len= 43 黑胜 loss=21.1882 temp=0.25 total_env_steps=11478 t=0.57s
Ep  276: len= 40 白胜 loss=21.0510 temp=0.25 total_env_steps=11518 t=0.64s
Ep  277: len= 49 黑胜 loss=21.8361 temp=0.25 total_env_steps=11567 t=0.62s
Ep  278: len= 47 黑胜 loss=21.5586 temp=0.25 total_env_steps=11614 t=0.62s
Ep  279: len= 37 黑胜 loss=20.6647 temp=0.25 total_env_steps=11651 t=0.56s
Ep  280: len= 39 黑胜 loss=21.3433 temp=0.25 total_env_steps=11690 t=0.58s
Ep  281: len= 49 黑胜 loss=21.2485 temp=0.25 total_env_steps=11739 t=0.60s
Ep  282: len= 38 白胜 loss=20.8902 temp=0.25 total_env_steps=11777 t=0.58s
Ep  283: len= 61 黑胜 loss=20.5238 temp=0.25 total_env_steps=11838 t=0.63s
Ep  284: len= 47 黑胜 loss=20.8067 temp=0.25 total_env_steps=11885 t=0.60s
Ep  285: len= 40 白胜 loss=20.5969 temp=0.25 total_env_steps=11925 t=0.56s
Ep  286: len= 28 白胜 loss=21.1970 temp=0.25 total_env_steps=11953 t=0.52s
Ep  287: len= 47 黑胜 loss=20.5719 temp=0.25 total_env_steps=12000 t=0.59s
Ep  288: len= 43 黑胜 loss=20.6612 temp=0.25 total_env_steps=12043 t=0.57s
Ep  289: len= 47 黑胜 loss=20.3388 temp=0.25 total_env_steps=12090 t=0.58s
Ep  290: len= 49 黑胜 loss=20.9885 temp=0.25 total_env_steps=12139 t=0.63s
Ep  291: len= 47 黑胜 loss=20.9137 temp=0.25 total_env_steps=12186 t=0.60s
Ep  292: len= 38 白胜 loss=19.8064 temp=0.25 total_env_steps=12224 t=0.56s
Ep  293: len= 61 黑胜 loss=20.2357 temp=0.25 total_env_steps=12285 t=0.65s
Ep  294: len= 42 白胜 loss=19.8899 temp=0.25 total_env_steps=12327 t=0.57s
Ep  295: len= 51 黑胜 loss=20.6602 temp=0.25 total_env_steps=12378 t=0.62s
Ep  296: len= 36 白胜 loss=20.7415 temp=0.25 total_env_steps=12414 t=0.56s
Ep  297: len= 34 白胜 loss=20.3516 temp=0.25 total_env_steps=12448 t=0.54s
Ep  298: len= 37 黑胜 loss=19.7502 temp=0.25 total_env_steps=12485 t=0.55s
Ep  299: len= 43 黑胜 loss=20.0026 temp=0.25 total_env_steps=12528 t=0.58s
Ep  300: len= 49 黑胜 loss=19.8003 temp=0.25 total_env_steps=12577 t=0.61s
  eval vs Gomoku-random-v0: win_rate=0.95 mean_return=0.90（20 局，total_env_steps=12577）
Ep  301: len= 39 黑胜 loss=20.1405 temp=0.25 total_env_steps=12616 t=0.56s
Ep  302: len= 39 黑胜 loss=19.9670 temp=0.25 total_env_steps=12655 t=0.55s
Ep  303: len= 47 黑胜 loss=19.6808 temp=0.25 total_env_steps=12702 t=0.58s
Ep  304: len= 41 黑胜 loss=19.6494 temp=0.25 total_env_steps=12743 t=0.58s
Ep  305: len= 40 白胜 loss=19.7755 temp=0.25 total_env_steps=12783 t=0.57s
Ep  306: len= 40 白胜 loss=19.5772 temp=0.25 total_env_steps=12823 t=0.58s
Ep  307: len= 47 黑胜 loss=19.8584 temp=0.25 total_env_steps=12870 t=0.61s
Ep  308: len= 30 白胜 loss=19.8747 temp=0.25 total_env_steps=12900 t=0.52s
Ep  309: len= 36 白胜 loss=19.3541 temp=0.25 total_env_steps=12936 t=0.55s
Ep  310: len= 51 黑胜 loss=19.6195 temp=0.25 total_env_steps=12987 t=0.62s
Ep  311: len= 44 白胜 loss=19.1093 temp=0.25 total_env_steps=13031 t=0.56s
Ep  312: len= 35 黑胜 loss=19.5107 temp=0.25 total_env_steps=13066 t=0.54s
Ep  313: len= 47 黑胜 loss=19.7311 temp=0.25 total_env_steps=13113 t=0.60s
Ep  314: len= 45 黑胜 loss=19.2012 temp=0.25 total_env_steps=13158 t=0.58s
Ep  315: len= 43 黑胜 loss=19.5860 temp=0.25 total_env_steps=13201 t=0.59s
Ep  316: len= 42 白胜 loss=19.2432 temp=0.25 total_env_steps=13243 t=0.58s
Ep  317: len= 37 黑胜 loss=19.1021 temp=0.25 total_env_steps=13280 t=0.55s
Ep  318: len= 47 黑胜 loss=19.4956 temp=0.25 total_env_steps=13327 t=0.59s
Ep  319: len= 43 黑胜 loss=19.2747 temp=0.25 total_env_steps=13370 t=0.58s
Ep  320: len= 43 黑胜 loss=19.2464 temp=0.25 total_env_steps=13413 t=0.61s
Ep  321: len= 38 白胜 loss=19.2480 temp=0.25 total_env_steps=13451 t=0.57s
Ep  322: len= 45 黑胜 loss=19.4700 temp=0.25 total_env_steps=13496 t=0.59s
Ep  323: len= 43 黑胜 loss=18.9953 temp=0.25 total_env_steps=13539 t=0.58s
Ep  324: len= 36 白胜 loss=18.9454 temp=0.25 total_env_steps=13575 t=0.55s
Ep  325: len= 45 黑胜 loss=18.8372 temp=0.25 total_env_steps=13620 t=0.59s
Ep  326: len= 35 黑胜 loss=18.6593 temp=0.25 total_env_steps=13655 t=0.56s
Ep  327: len= 35 黑胜 loss=18.5805 temp=0.25 total_env_steps=13690 t=0.55s
Ep  328: len= 39 黑胜 loss=19.0881 temp=0.25 total_env_steps=13729 t=0.56s
Ep  329: len= 30 白胜 loss=18.7367 temp=0.25 total_env_steps=13759 t=0.53s
Ep  330: len= 43 黑胜 loss=18.6478 temp=0.25 total_env_steps=13802 t=0.58s
Ep  331: len= 41 黑胜 loss=18.1767 temp=0.25 total_env_steps=13843 t=0.58s
Ep  332: len= 47 黑胜 loss=18.9175 temp=0.25 total_env_steps=13890 t=0.59s
Ep  333: len= 46 白胜 loss=18.5805 temp=0.25 total_env_steps=13936 t=0.60s
Ep  334: len= 47 黑胜 loss=18.5259 temp=0.25 total_env_steps=13983 t=0.60s
Ep  335: len= 37 黑胜 loss=18.9494 temp=0.25 total_env_steps=14020 t=0.56s
Ep  336: len= 38 白胜 loss=18.4051 temp=0.25 total_env_steps=14058 t=0.56s
Ep  337: len= 11 黑胜 loss=17.9453 temp=0.25 total_env_steps=14069 t=0.47s
Ep  338: len= 50 白胜 loss=17.9574 temp=0.25 total_env_steps=14119 t=0.61s
Ep  339: len= 37 黑胜 loss=18.8870 temp=0.25 total_env_steps=14156 t=0.55s
Ep  340: len= 32 白胜 loss=18.5382 temp=0.25 total_env_steps=14188 t=0.54s
Ep  341: len= 40 白胜 loss=18.0521 temp=0.25 total_env_steps=14228 t=0.58s
Ep  342: len=  9 黑胜 loss=18.0681 temp=0.25 total_env_steps=14237 t=0.47s
Ep  343: len= 47 黑胜 loss=18.1747 temp=0.25 total_env_steps=14284 t=0.61s
Ep  344: len= 42 白胜 loss=18.4845 temp=0.25 total_env_steps=14326 t=0.57s
Ep  345: len= 61 黑胜 loss=18.2256 temp=0.25 total_env_steps=14387 t=0.66s
Ep  346: len= 41 黑胜 loss=18.0703 temp=0.25 total_env_steps=14428 t=0.59s
Ep  347: len= 42 白胜 loss=18.0901 temp=0.25 total_env_steps=14470 t=0.57s
Ep  348: len= 42 白胜 loss=17.9136 temp=0.25 total_env_steps=14512 t=0.57s
Ep  349: len= 45 黑胜 loss=17.5018 temp=0.25 total_env_steps=14557 t=0.59s
Ep  350: len= 53 黑胜 loss=17.5729 temp=0.25 total_env_steps=14610 t=0.63s
  eval vs Gomoku-random-v0: win_rate=1.00 mean_return=1.00（20 局，total_env_steps=14610）
Ep  351: len= 39 黑胜 loss=17.6127 temp=0.25 total_env_steps=14649 t=0.58s
Ep  352: len= 55 黑胜 loss=17.8737 temp=0.25 total_env_steps=14704 t=0.62s
Ep  353: len= 55 黑胜 loss=17.9387 temp=0.25 total_env_steps=14759 t=0.64s
Ep  354: len= 40 白胜 loss=17.6064 temp=0.25 total_env_steps=14799 t=0.58s
Ep  355: len= 47 黑胜 loss=17.2346 temp=0.25 total_env_steps=14846 t=0.61s
Ep  356: len= 47 黑胜 loss=17.8676 temp=0.25 total_env_steps=14893 t=0.60s
Ep  357: len= 36 白胜 loss=17.3925 temp=0.25 total_env_steps=14929 t=0.58s
Ep  358: len= 39 黑胜 loss=17.0628 temp=0.25 total_env_steps=14968 t=0.58s
Ep  359: len= 37 黑胜 loss=17.6748 temp=0.25 total_env_steps=15005 t=0.56s
Ep  360: len= 49 黑胜 loss=17.5598 temp=0.25 total_env_steps=15054 t=0.61s
Ep  361: len= 35 黑胜 loss=18.0381 temp=0.25 total_env_steps=15089 t=0.56s
Ep  362: len= 48 白胜 loss=17.2376 temp=0.25 total_env_steps=15137 t=0.61s
Ep  363: len= 42 白胜 loss=17.9678 temp=0.25 total_env_steps=15179 t=0.59s
Ep  364: len= 40 白胜 loss=17.2666 temp=0.25 total_env_steps=15219 t=0.59s
Ep  365: len= 41 黑胜 loss=17.2171 temp=0.25 total_env_steps=15260 t=0.59s
Ep  366: len= 45 黑胜 loss=16.9434 temp=0.25 total_env_steps=15305 t=0.62s
Ep  367: len= 35 黑胜 loss=17.0098 temp=0.25 total_env_steps=15340 t=0.56s
Ep  368: len= 32 白胜 loss=17.4608 temp=0.25 total_env_steps=15372 t=0.58s
Ep  369: len= 43 黑胜 loss=17.0913 temp=0.25 total_env_steps=15415 t=0.59s
Ep  370: len= 45 黑胜 loss=16.9322 temp=0.25 total_env_steps=15460 t=0.59s
Ep  371: len= 54 白胜 loss=17.0876 temp=0.25 total_env_steps=15514 t=0.66s
Ep  372: len= 42 白胜 loss=16.9591 temp=0.25 total_env_steps=15556 t=0.60s
Ep  373: len= 31 黑胜 loss=16.6527 temp=0.25 total_env_steps=15587 t=0.56s
Ep  374: len= 47 黑胜 loss=16.8097 temp=0.25 total_env_steps=15634 t=0.61s
Ep  375: len= 57 黑胜 loss=16.5731 temp=0.25 total_env_steps=15691 t=0.65s
Ep  376: len= 39 黑胜 loss=16.7066 temp=0.25 total_env_steps=15730 t=0.59s
Ep  377: len= 42 白胜 loss=16.6013 temp=0.25 total_env_steps=15772 t=0.59s
Ep  378: len=  9 黑胜 loss=16.3051 temp=0.25 total_env_steps=15781 t=0.48s
Ep  379: len= 39 黑胜 loss=16.1684 temp=0.25 total_env_steps=15820 t=0.60s
Ep  380: len= 45 黑胜 loss=16.1865 temp=0.25 total_env_steps=15865 t=0.61s
Ep  381: len= 47 黑胜 loss=16.5058 temp=0.25 total_env_steps=15912 t=0.60s
Ep  382: len= 52 白胜 loss=16.7213 temp=0.25 total_env_steps=15964 t=0.64s
Ep  383: len= 48 白胜 loss=16.3338 temp=0.25 total_env_steps=16012 t=0.62s
Ep  384: len= 81 平局 loss=16.5537 temp=0.25 total_env_steps=16093 t=0.74s
Ep  385: len= 38 白胜 loss=16.3662 temp=0.25 total_env_steps=16131 t=0.58s
Ep  386: len= 37 黑胜 loss=15.8752 temp=0.25 total_env_steps=16168 t=0.57s
Ep  387: len= 32 白胜 loss=16.3189 temp=0.25 total_env_steps=16200 t=0.56s
Ep  388: len= 41 黑胜 loss=16.3211 temp=0.25 total_env_steps=16241 t=0.57s
Ep  389: len= 43 黑胜 loss=16.1047 temp=0.25 total_env_steps=16284 t=0.60s
Ep  390: len= 41 黑胜 loss=15.5651 temp=0.25 total_env_steps=16325 t=0.61s
Ep  391: len= 49 黑胜 loss=16.0868 temp=0.25 total_env_steps=16374 t=0.63s
Ep  392: len= 37 黑胜 loss=15.5439 temp=0.25 total_env_steps=16411 t=0.57s
Ep  393: len= 38 白胜 loss=16.2626 temp=0.25 total_env_steps=16449 t=0.57s
Ep  394: len= 47 黑胜 loss=16.3588 temp=0.25 total_env_steps=16496 t=0.60s
Ep  395: len= 33 黑胜 loss=15.8300 temp=0.25 total_env_steps=16529 t=0.58s
Ep  396: len= 45 黑胜 loss=15.9989 temp=0.25 total_env_steps=16574 t=0.62s
Ep  397: len= 49 黑胜 loss=15.8400 temp=0.25 total_env_steps=16623 t=0.63s
Ep  398: len= 51 黑胜 loss=15.9585 temp=0.25 total_env_steps=16674 t=0.64s
Ep  399: len= 36 白胜 loss=15.7517 temp=0.25 total_env_steps=16710 t=0.59s
Ep  400: len= 47 黑胜 loss=16.2946 temp=0.25 total_env_steps=16757 t=0.62s
  eval vs Gomoku-random-v0: win_rate=1.00 mean_return=1.00（20 局，total_env_steps=16757）
[闸门] vs random（40 局）: win_rate=0.975
[闸门] vs 半程快照（40 局，黑白各半）: score=0.775
[梯队] vs naive0（20 局，观察性）: win_rate=0.05
[梯队] vs naive1（20 局，观察性）: win_rate=0.00
[梯队] vs naive2（20 局，观察性）: win_rate=0.00
[梯队] vs naive3（20 局，观察性）: win_rate=0.00
📈 Gomoku-selfplay-v0 win_rate=1.00（best 1.00）| 门槛 0.95 | 227.8s

--- arm=combo_aug_rr32_lr3e3 seed=43 sims=100 ---
[MyZero-board Gomoku-selfplay-v0] obs=243(3×9²) |A|=81 sims=100 γ=1.0 negamax
[MyZero-board] 8 重对称增广开启（D4，采样时随机套变换）
Ep    1: len= 80 白胜 loss=0.0000 temp=1.00 total_env_steps=80 t=0.29s
Ep    2: len= 38 白胜 loss=0.0000 temp=1.00 total_env_steps=118 t=0.14s
Ep    3: len= 69 黑胜 loss=0.0000 temp=1.00 total_env_steps=187 t=0.25s
Ep    4: len= 51 黑胜 loss=0.0000 temp=1.00 total_env_steps=238 t=0.18s
Ep    5: len= 55 黑胜 loss=0.0000 temp=1.00 total_env_steps=293 t=0.20s
Ep    6: len= 36 白胜 loss=0.0000 temp=1.00 total_env_steps=329 t=0.13s
Ep    7: len= 51 黑胜 loss=0.0000 temp=1.00 total_env_steps=380 t=0.18s
Ep    8: len= 55 黑胜 loss=0.0000 temp=1.00 total_env_steps=435 t=0.19s
Ep    9: len= 65 黑胜 loss=0.0000 temp=1.00 total_env_steps=500 t=0.23s
Ep   10: len= 68 白胜 loss=31.0472 temp=1.00 total_env_steps=568 t=0.42s
Ep   11: len= 58 白胜 loss=28.2673 temp=1.00 total_env_steps=626 t=0.38s
Ep   12: len= 63 黑胜 loss=28.2352 temp=1.00 total_env_steps=689 t=0.41s
Ep   13: len= 58 白胜 loss=28.2269 temp=1.00 total_env_steps=747 t=0.37s
Ep   14: len= 66 白胜 loss=28.1089 temp=1.00 total_env_steps=813 t=0.40s
Ep   15: len= 48 白胜 loss=28.0547 temp=1.00 total_env_steps=861 t=0.33s
Ep   16: len= 45 黑胜 loss=28.0786 temp=1.00 total_env_steps=906 t=0.33s
Ep   17: len= 70 白胜 loss=28.0155 temp=1.00 total_env_steps=976 t=0.42s
Ep   18: len= 49 黑胜 loss=28.0585 temp=1.00 total_env_steps=1025 t=0.34s
Ep   19: len= 43 黑胜 loss=27.9805 temp=1.00 total_env_steps=1068 t=0.34s
Ep   20: len= 38 白胜 loss=28.0543 temp=1.00 total_env_steps=1106 t=0.31s
Ep   21: len= 64 白胜 loss=28.0228 temp=1.00 total_env_steps=1170 t=0.39s
Ep   22: len= 70 白胜 loss=28.0246 temp=1.00 total_env_steps=1240 t=0.41s
Ep   23: len= 29 黑胜 loss=28.0860 temp=1.00 total_env_steps=1269 t=0.26s
Ep   24: len= 64 白胜 loss=28.0071 temp=1.00 total_env_steps=1333 t=0.40s
Ep   25: len= 55 黑胜 loss=27.9736 temp=1.00 total_env_steps=1388 t=0.36s
Ep   26: len= 63 黑胜 loss=28.0262 temp=1.00 total_env_steps=1451 t=0.39s
Ep   27: len= 59 黑胜 loss=27.9003 temp=1.00 total_env_steps=1510 t=0.37s
Ep   28: len= 49 黑胜 loss=27.9739 temp=1.00 total_env_steps=1559 t=0.34s
Ep   29: len= 37 黑胜 loss=27.8782 temp=1.00 total_env_steps=1596 t=0.30s
Ep   30: len= 75 黑胜 loss=27.8885 temp=1.00 total_env_steps=1671 t=0.44s
Ep   31: len= 62 白胜 loss=27.8282 temp=1.00 total_env_steps=1733 t=0.38s
Ep   32: len= 46 白胜 loss=27.8238 temp=1.00 total_env_steps=1779 t=0.33s
Ep   33: len= 60 白胜 loss=27.7787 temp=1.00 total_env_steps=1839 t=0.41s
Ep   34: len= 42 白胜 loss=27.7401 temp=1.00 total_env_steps=1881 t=0.39s
Ep   35: len= 53 黑胜 loss=27.6993 temp=1.00 total_env_steps=1934 t=0.45s
Ep   36: len= 53 黑胜 loss=27.7695 temp=1.00 total_env_steps=1987 t=0.45s
Ep   37: len= 53 黑胜 loss=27.7050 temp=1.00 total_env_steps=2040 t=0.45s
Ep   38: len= 74 白胜 loss=27.6581 temp=1.00 total_env_steps=2114 t=0.51s
Ep   39: len= 48 白胜 loss=27.6716 temp=1.00 total_env_steps=2162 t=0.44s
Ep   40: len= 69 黑胜 loss=27.6460 temp=1.00 total_env_steps=2231 t=0.53s
Ep   41: len= 51 黑胜 loss=27.6762 temp=1.00 total_env_steps=2282 t=0.49s
Ep   42: len= 23 黑胜 loss=27.6459 temp=1.00 total_env_steps=2305 t=0.37s
Ep   43: len= 66 白胜 loss=27.7037 temp=1.00 total_env_steps=2371 t=0.54s
Ep   44: len= 31 黑胜 loss=27.6275 temp=1.00 total_env_steps=2402 t=0.40s
Ep   45: len= 62 白胜 loss=27.6875 temp=1.00 total_env_steps=2464 t=0.52s
Ep   46: len= 51 黑胜 loss=27.6281 temp=1.00 total_env_steps=2515 t=0.49s
Ep   47: len= 58 白胜 loss=27.6456 temp=1.00 total_env_steps=2573 t=0.52s
Ep   48: len= 54 白胜 loss=27.6406 temp=1.00 total_env_steps=2627 t=0.50s
Ep   49: len= 42 白胜 loss=27.6673 temp=1.00 total_env_steps=2669 t=0.47s
Ep   50: len= 36 白胜 loss=27.5920 temp=1.00 total_env_steps=2705 t=0.45s
  eval vs Gomoku-random-v0: win_rate=0.95 mean_return=0.90（20 局，total_env_steps=2705）
  ✅ 达标 ep=50 total_env_steps=2705
Ep   51: len= 32 白胜 loss=27.5997 temp=1.00 total_env_steps=2737 t=0.43s
Ep   52: len= 52 白胜 loss=27.5471 temp=1.00 total_env_steps=2789 t=0.51s
Ep   53: len= 56 白胜 loss=27.5924 temp=1.00 total_env_steps=2845 t=0.53s
Ep   54: len= 42 白胜 loss=27.5972 temp=1.00 total_env_steps=2887 t=0.48s
Ep   55: len= 43 黑胜 loss=27.5399 temp=1.00 total_env_steps=2930 t=0.49s
Ep   56: len= 33 黑胜 loss=27.4609 temp=1.00 total_env_steps=2963 t=0.45s
Ep   57: len= 37 黑胜 loss=27.4843 temp=1.00 total_env_steps=3000 t=0.46s
Ep   58: len= 42 白胜 loss=27.4958 temp=1.00 total_env_steps=3042 t=0.49s
Ep   59: len= 51 黑胜 loss=27.4673 temp=1.00 total_env_steps=3093 t=0.54s
Ep   60: len= 47 黑胜 loss=27.4423 temp=1.00 total_env_steps=3140 t=0.51s
Ep   61: len= 42 白胜 loss=27.5385 temp=1.00 total_env_steps=3182 t=0.50s
Ep   62: len= 39 黑胜 loss=27.4730 temp=1.00 total_env_steps=3221 t=0.51s
Ep   63: len= 50 白胜 loss=27.3843 temp=1.00 total_env_steps=3271 t=0.52s
Ep   64: len= 39 黑胜 loss=27.3839 temp=1.00 total_env_steps=3310 t=0.49s
Ep   65: len= 57 黑胜 loss=27.5054 temp=1.00 total_env_steps=3367 t=0.55s
Ep   66: len= 20 白胜 loss=27.4725 temp=1.00 total_env_steps=3387 t=0.42s
Ep   67: len= 55 黑胜 loss=27.4711 temp=1.00 total_env_steps=3442 t=0.55s
Ep   68: len= 61 黑胜 loss=27.4531 temp=1.00 total_env_steps=3503 t=0.57s
Ep   69: len= 38 白胜 loss=27.4542 temp=1.00 total_env_steps=3541 t=0.49s
Ep   70: len= 28 白胜 loss=27.3660 temp=1.00 total_env_steps=3569 t=0.46s
Ep   71: len= 46 白胜 loss=27.4979 temp=1.00 total_env_steps=3615 t=0.50s
Ep   72: len= 35 黑胜 loss=27.3867 temp=1.00 total_env_steps=3650 t=0.48s
Ep   73: len= 52 白胜 loss=27.4300 temp=1.00 total_env_steps=3702 t=0.55s
Ep   74: len= 56 白胜 loss=27.3572 temp=1.00 total_env_steps=3758 t=0.56s
Ep   75: len= 49 黑胜 loss=27.3771 temp=1.00 total_env_steps=3807 t=0.52s
Ep   76: len= 51 黑胜 loss=27.2801 temp=1.00 total_env_steps=3858 t=0.52s
Ep   77: len= 67 黑胜 loss=27.3948 temp=1.00 total_env_steps=3925 t=0.61s
Ep   78: len= 47 黑胜 loss=27.4174 temp=1.00 total_env_steps=3972 t=0.54s
Ep   79: len= 46 白胜 loss=27.3285 temp=1.00 total_env_steps=4018 t=0.53s
Ep   80: len= 47 黑胜 loss=27.2715 temp=1.00 total_env_steps=4065 t=0.55s
Ep   81: len= 35 黑胜 loss=27.4278 temp=1.00 total_env_steps=4100 t=0.48s
Ep   82: len= 34 白胜 loss=27.3427 temp=1.00 total_env_steps=4134 t=0.50s
Ep   83: len= 55 黑胜 loss=27.2106 temp=1.00 total_env_steps=4189 t=0.55s
Ep   84: len= 35 黑胜 loss=27.2981 temp=1.00 total_env_steps=4224 t=0.48s
Ep   85: len= 30 白胜 loss=27.3437 temp=1.00 total_env_steps=4254 t=0.48s
Ep   86: len= 18 白胜 loss=27.2557 temp=1.00 total_env_steps=4272 t=0.43s
Ep   87: len= 41 黑胜 loss=27.2027 temp=1.00 total_env_steps=4313 t=0.52s
Ep   88: len= 23 黑胜 loss=27.2181 temp=1.00 total_env_steps=4336 t=0.59s
Ep   89: len= 59 黑胜 loss=27.1523 temp=1.00 total_env_steps=4395 t=0.61s
Ep   90: len= 72 白胜 loss=27.1109 temp=1.00 total_env_steps=4467 t=0.64s
Ep   91: len= 36 白胜 loss=27.1622 temp=1.00 total_env_steps=4503 t=0.60s
Ep   92: len= 46 白胜 loss=27.2424 temp=1.00 total_env_steps=4549 t=0.55s
Ep   93: len= 40 白胜 loss=27.1536 temp=1.00 total_env_steps=4589 t=0.54s
Ep   94: len= 31 黑胜 loss=27.1086 temp=1.00 total_env_steps=4620 t=0.48s
Ep   95: len= 49 黑胜 loss=27.2113 temp=1.00 total_env_steps=4669 t=0.54s
Ep   96: len= 39 黑胜 loss=27.1727 temp=1.00 total_env_steps=4708 t=0.51s
Ep   97: len= 28 白胜 loss=27.1016 temp=1.00 total_env_steps=4736 t=0.47s
Ep   98: len= 33 黑胜 loss=27.1233 temp=1.00 total_env_steps=4769 t=0.50s
Ep   99: len= 26 白胜 loss=27.1225 temp=1.00 total_env_steps=4795 t=0.51s
Ep  100: len= 61 黑胜 loss=27.0034 temp=1.00 total_env_steps=4856 t=0.71s
  eval vs Gomoku-random-v0: win_rate=1.00 mean_return=1.00（20 局，total_env_steps=4856）
Ep  101: len= 38 白胜 loss=27.0466 temp=1.00 total_env_steps=4894 t=0.51s
Ep  102: len= 35 黑胜 loss=26.9307 temp=0.99 total_env_steps=4929 t=0.48s
Ep  103: len= 54 白胜 loss=27.0599 temp=0.99 total_env_steps=4983 t=0.55s
Ep  104: len= 23 黑胜 loss=27.0437 temp=0.98 total_env_steps=5006 t=0.46s
Ep  105: len= 28 白胜 loss=26.9355 temp=0.97 total_env_steps=5034 t=0.48s
Ep  106: len= 17 黑胜 loss=26.9158 temp=0.96 total_env_steps=5051 t=0.43s
Ep  107: len= 40 白胜 loss=26.9101 temp=0.95 total_env_steps=5091 t=0.51s
Ep  108: len= 35 黑胜 loss=27.1049 temp=0.95 total_env_steps=5126 t=0.49s
Ep  109: len= 27 黑胜 loss=26.7762 temp=0.94 total_env_steps=5153 t=0.47s
Ep  110: len= 29 黑胜 loss=26.8807 temp=0.93 total_env_steps=5182 t=0.49s
Ep  111: len= 21 黑胜 loss=26.8406 temp=0.93 total_env_steps=5203 t=0.45s
Ep  112: len= 21 黑胜 loss=26.8525 temp=0.92 total_env_steps=5224 t=0.45s
Ep  113: len= 33 黑胜 loss=26.8923 temp=0.91 total_env_steps=5257 t=0.48s
Ep  114: len= 44 白胜 loss=26.6181 temp=0.90 total_env_steps=5301 t=0.53s
Ep  115: len= 25 黑胜 loss=26.7590 temp=0.89 total_env_steps=5326 t=0.47s
Ep  116: len= 21 黑胜 loss=26.5302 temp=0.89 total_env_steps=5347 t=0.45s
Ep  117: len= 35 黑胜 loss=26.6563 temp=0.88 total_env_steps=5382 t=0.52s
Ep  118: len= 33 黑胜 loss=26.6849 temp=0.87 total_env_steps=5415 t=0.50s
Ep  119: len= 38 白胜 loss=26.4128 temp=0.87 total_env_steps=5453 t=0.51s
Ep  120: len= 39 黑胜 loss=26.5715 temp=0.86 total_env_steps=5492 t=0.53s
Ep  121: len= 35 黑胜 loss=26.5086 temp=0.85 total_env_steps=5527 t=0.51s
Ep  122: len= 34 白胜 loss=26.4380 temp=0.84 total_env_steps=5561 t=0.50s
Ep  123: len= 29 黑胜 loss=26.4549 temp=0.84 total_env_steps=5590 t=0.49s
Ep  124: len= 22 白胜 loss=26.5440 temp=0.83 total_env_steps=5612 t=0.48s
Ep  125: len= 23 黑胜 loss=26.4894 temp=0.82 total_env_steps=5635 t=0.48s
Ep  126: len= 22 白胜 loss=26.3717 temp=0.81 total_env_steps=5657 t=0.47s
Ep  127: len= 17 黑胜 loss=26.3453 temp=0.81 total_env_steps=5674 t=0.45s
Ep  128: len= 23 黑胜 loss=26.2469 temp=0.80 total_env_steps=5697 t=0.46s
Ep  129: len= 34 白胜 loss=26.2320 temp=0.79 total_env_steps=5731 t=0.53s
Ep  130: len= 56 白胜 loss=26.1315 temp=0.78 total_env_steps=5787 t=0.59s
Ep  131: len= 58 白胜 loss=26.1118 temp=0.77 total_env_steps=5845 t=0.59s
Ep  132: len= 19 黑胜 loss=26.2688 temp=0.77 total_env_steps=5864 t=0.45s
Ep  133: len= 32 白胜 loss=25.9878 temp=0.76 total_env_steps=5896 t=0.50s
Ep  134: len= 23 黑胜 loss=26.3119 temp=0.75 total_env_steps=5919 t=0.47s
Ep  135: len= 49 黑胜 loss=25.9306 temp=0.75 total_env_steps=5968 t=0.58s
Ep  136: len= 35 黑胜 loss=26.1307 temp=0.74 total_env_steps=6003 t=0.51s
Ep  137: len= 49 黑胜 loss=26.1280 temp=0.73 total_env_steps=6052 t=0.55s
Ep  138: len= 41 黑胜 loss=25.9106 temp=0.72 total_env_steps=6093 t=0.55s
Ep  139: len= 23 黑胜 loss=26.0474 temp=0.72 total_env_steps=6116 t=0.48s
Ep  140: len= 19 黑胜 loss=25.9513 temp=0.71 total_env_steps=6135 t=0.46s
Ep  141: len= 36 白胜 loss=26.0045 temp=0.70 total_env_steps=6171 t=0.53s
Ep  142: len= 27 黑胜 loss=25.6787 temp=0.69 total_env_steps=6198 t=0.50s
Ep  143: len= 17 黑胜 loss=25.9486 temp=0.69 total_env_steps=6215 t=0.45s
Ep  144: len= 19 黑胜 loss=26.0570 temp=0.68 total_env_steps=6234 t=0.47s
Ep  145: len= 34 白胜 loss=25.7169 temp=0.67 total_env_steps=6268 t=0.51s
Ep  146: len= 31 黑胜 loss=25.6879 temp=0.66 total_env_steps=6299 t=0.49s
Ep  147: len= 54 白胜 loss=25.6918 temp=0.65 total_env_steps=6353 t=0.58s
Ep  148: len= 33 黑胜 loss=25.5815 temp=0.65 total_env_steps=6386 t=0.52s
Ep  149: len= 37 黑胜 loss=25.6756 temp=0.64 total_env_steps=6423 t=0.52s
Ep  150: len= 31 黑胜 loss=25.3443 temp=0.63 total_env_steps=6454 t=0.48s
  eval vs Gomoku-random-v0: win_rate=1.00 mean_return=1.00（20 局，total_env_steps=6454）
Ep  151: len= 25 黑胜 loss=25.6009 temp=0.62 total_env_steps=6479 t=0.49s
Ep  152: len= 37 黑胜 loss=25.6710 temp=0.62 total_env_steps=6516 t=0.52s
Ep  153: len= 35 黑胜 loss=25.6033 temp=0.61 total_env_steps=6551 t=0.51s
Ep  154: len= 21 黑胜 loss=25.5835 temp=0.60 total_env_steps=6572 t=0.47s
Ep  155: len= 31 黑胜 loss=25.3646 temp=0.59 total_env_steps=6603 t=0.49s
Ep  156: len= 17 黑胜 loss=25.4926 temp=0.59 total_env_steps=6620 t=0.44s
Ep  157: len= 70 白胜 loss=25.5732 temp=0.58 total_env_steps=6690 t=0.63s
Ep  158: len= 17 黑胜 loss=25.6703 temp=0.57 total_env_steps=6707 t=0.44s
Ep  159: len= 23 黑胜 loss=25.2534 temp=0.56 total_env_steps=6730 t=0.47s
Ep  160: len= 41 黑胜 loss=25.4149 temp=0.56 total_env_steps=6771 t=0.52s
Ep  161: len= 19 黑胜 loss=25.1910 temp=0.55 total_env_steps=6790 t=0.46s
Ep  162: len= 19 黑胜 loss=25.1519 temp=0.54 total_env_steps=6809 t=0.46s
Ep  163: len= 17 黑胜 loss=25.3089 temp=0.53 total_env_steps=6826 t=0.46s
Ep  164: len= 29 黑胜 loss=25.2458 temp=0.53 total_env_steps=6855 t=0.48s
Ep  165: len= 15 黑胜 loss=25.0876 temp=0.52 total_env_steps=6870 t=0.44s
Ep  166: len= 21 黑胜 loss=24.8843 temp=0.51 total_env_steps=6891 t=0.46s
Ep  167: len= 41 黑胜 loss=24.9976 temp=0.50 total_env_steps=6932 t=0.55s
Ep  168: len= 41 黑胜 loss=25.1220 temp=0.50 total_env_steps=6973 t=0.53s
Ep  169: len= 52 白胜 loss=25.2999 temp=0.49 total_env_steps=7025 t=0.59s
Ep  170: len= 30 白胜 loss=24.9143 temp=0.48 total_env_steps=7055 t=0.49s
Ep  171: len= 23 黑胜 loss=25.0896 temp=0.48 total_env_steps=7078 t=0.50s
Ep  172: len= 22 白胜 loss=24.9682 temp=0.47 total_env_steps=7100 t=0.46s
Ep  173: len= 19 黑胜 loss=24.9725 temp=0.46 total_env_steps=7119 t=0.27s
Ep  174: len= 20 白胜 loss=24.8846 temp=0.45 total_env_steps=7139 t=0.38s
Ep  175: len= 34 白胜 loss=24.8422 temp=0.44 total_env_steps=7173 t=0.40s
Ep  176: len= 19 黑胜 loss=24.5713 temp=0.44 total_env_steps=7192 t=0.28s
Ep  177: len= 33 黑胜 loss=24.8647 temp=0.43 total_env_steps=7225 t=0.33s
Ep  178: len= 58 白胜 loss=24.8105 temp=0.42 total_env_steps=7283 t=0.46s
Ep  179: len= 23 黑胜 loss=24.6616 temp=0.42 total_env_steps=7306 t=0.27s
Ep  180: len= 71 黑胜 loss=24.3947 temp=0.41 total_env_steps=7377 t=0.39s
Ep  181: len= 38 白胜 loss=24.5054 temp=0.40 total_env_steps=7415 t=0.29s
Ep  182: len= 33 黑胜 loss=24.7941 temp=0.39 total_env_steps=7448 t=0.26s
Ep  183: len= 33 黑胜 loss=24.5153 temp=0.38 total_env_steps=7481 t=0.25s
Ep  184: len= 48 白胜 loss=24.8267 temp=0.38 total_env_steps=7529 t=0.30s
Ep  185: len= 40 白胜 loss=24.4814 temp=0.37 total_env_steps=7569 t=0.31s
Ep  186: len= 43 黑胜 loss=24.3213 temp=0.36 total_env_steps=7612 t=0.36s
Ep  187: len= 45 黑胜 loss=24.9495 temp=0.36 total_env_steps=7657 t=0.33s
Ep  188: len= 44 白胜 loss=24.3550 temp=0.35 total_env_steps=7701 t=0.32s
Ep  189: len= 25 黑胜 loss=24.6532 temp=0.34 total_env_steps=7726 t=0.27s
Ep  190: len= 35 黑胜 loss=23.9922 temp=0.33 total_env_steps=7761 t=0.30s
Ep  191: len= 39 黑胜 loss=24.3138 temp=0.33 total_env_steps=7800 t=0.32s
Ep  192: len= 71 黑胜 loss=24.5263 temp=0.32 total_env_steps=7871 t=0.41s
Ep  193: len= 69 黑胜 loss=24.0739 temp=0.31 total_env_steps=7940 t=0.40s
Ep  194: len= 41 黑胜 loss=24.1765 temp=0.30 total_env_steps=7981 t=0.30s
Ep  195: len= 34 白胜 loss=24.5056 temp=0.30 total_env_steps=8015 t=0.30s
Ep  196: len= 37 黑胜 loss=24.5984 temp=0.29 total_env_steps=8052 t=0.30s
Ep  197: len= 33 黑胜 loss=24.4495 temp=0.28 total_env_steps=8085 t=0.28s
Ep  198: len= 15 黑胜 loss=24.3649 temp=0.27 total_env_steps=8100 t=0.25s
Ep  199: len= 41 黑胜 loss=24.0069 temp=0.26 total_env_steps=8141 t=0.34s
Ep  200: len= 23 黑胜 loss=24.1115 temp=0.26 total_env_steps=8164 t=0.37s
  eval vs Gomoku-random-v0: win_rate=1.00 mean_return=1.00（20 局，total_env_steps=8164）
  📸 已拍权重快照（ep=200，gating 对弈基准）
Ep  201: len= 52 白胜 loss=23.8626 temp=0.25 total_env_steps=8216 t=0.35s
Ep  202: len= 58 白胜 loss=23.6074 temp=0.25 total_env_steps=8274 t=0.36s
Ep  203: len= 20 白胜 loss=23.8288 temp=0.25 total_env_steps=8294 t=0.24s
Ep  204: len= 31 黑胜 loss=23.4031 temp=0.25 total_env_steps=8325 t=0.30s
Ep  205: len= 32 白胜 loss=23.7253 temp=0.25 total_env_steps=8357 t=0.26s
Ep  206: len= 35 黑胜 loss=23.7022 temp=0.25 total_env_steps=8392 t=0.27s
Ep  207: len= 24 白胜 loss=23.6600 temp=0.25 total_env_steps=8416 t=0.24s
Ep  208: len= 49 黑胜 loss=23.9654 temp=0.25 total_env_steps=8465 t=0.33s
Ep  209: len= 53 黑胜 loss=23.7024 temp=0.25 total_env_steps=8518 t=0.34s
Ep  210: len= 45 黑胜 loss=23.8316 temp=0.25 total_env_steps=8563 t=0.36s
Ep  211: len= 53 黑胜 loss=23.4616 temp=0.25 total_env_steps=8616 t=0.36s
Ep  212: len= 23 黑胜 loss=23.3801 temp=0.25 total_env_steps=8639 t=0.26s
Ep  213: len= 27 黑胜 loss=23.6469 temp=0.25 total_env_steps=8666 t=0.26s
Ep  214: len= 63 黑胜 loss=23.3275 temp=0.25 total_env_steps=8729 t=0.40s
Ep  215: len= 25 黑胜 loss=23.1382 temp=0.25 total_env_steps=8754 t=0.26s
Ep  216: len= 27 黑胜 loss=23.0294 temp=0.25 total_env_steps=8781 t=0.29s
Ep  217: len= 18 白胜 loss=23.2859 temp=0.25 total_env_steps=8799 t=0.23s
Ep  218: len= 53 黑胜 loss=23.3868 temp=0.25 total_env_steps=8852 t=0.36s
Ep  219: len= 75 黑胜 loss=23.1875 temp=0.25 total_env_steps=8927 t=0.42s
Ep  220: len= 32 白胜 loss=22.9871 temp=0.25 total_env_steps=8959 t=0.27s
Ep  221: len= 17 黑胜 loss=23.2736 temp=0.25 total_env_steps=8976 t=0.26s
Ep  222: len= 41 黑胜 loss=22.6259 temp=0.25 total_env_steps=9017 t=0.32s
Ep  223: len= 45 黑胜 loss=22.7276 temp=0.25 total_env_steps=9062 t=0.34s
Ep  224: len= 31 黑胜 loss=22.3732 temp=0.25 total_env_steps=9093 t=0.27s
Ep  225: len= 33 黑胜 loss=22.8299 temp=0.25 total_env_steps=9126 t=0.31s
Ep  226: len= 23 黑胜 loss=22.6103 temp=0.25 total_env_steps=9149 t=0.26s
Ep  227: len= 21 黑胜 loss=22.1558 temp=0.25 total_env_steps=9170 t=0.28s
Ep  228: len= 40 白胜 loss=22.0144 temp=0.25 total_env_steps=9210 t=0.31s
Ep  229: len= 47 黑胜 loss=22.2312 temp=0.25 total_env_steps=9257 t=0.33s
Ep  230: len= 50 白胜 loss=22.4315 temp=0.25 total_env_steps=9307 t=0.36s
Ep  231: len= 48 白胜 loss=22.4240 temp=0.25 total_env_steps=9355 t=0.31s
Ep  232: len= 43 黑胜 loss=22.2888 temp=0.25 total_env_steps=9398 t=0.31s
Ep  233: len= 33 黑胜 loss=22.5742 temp=0.25 total_env_steps=9431 t=0.33s
Ep  234: len= 53 黑胜 loss=21.6189 temp=0.25 total_env_steps=9484 t=0.38s
Ep  235: len= 57 黑胜 loss=22.1472 temp=0.25 total_env_steps=9541 t=0.37s
Ep  236: len= 31 黑胜 loss=22.1002 temp=0.25 total_env_steps=9572 t=0.28s
Ep  237: len= 65 黑胜 loss=22.3040 temp=0.25 total_env_steps=9637 t=0.36s
Ep  238: len= 42 白胜 loss=21.9693 temp=0.25 total_env_steps=9679 t=0.29s
Ep  239: len= 25 黑胜 loss=21.8002 temp=0.25 total_env_steps=9704 t=0.25s
Ep  240: len= 43 黑胜 loss=21.6821 temp=0.25 total_env_steps=9747 t=0.30s
Ep  241: len= 21 黑胜 loss=21.9122 temp=0.25 total_env_steps=9768 t=0.24s
Ep  242: len= 21 黑胜 loss=22.3574 temp=0.25 total_env_steps=9789 t=0.25s
Ep  243: len= 24 白胜 loss=21.5328 temp=0.25 total_env_steps=9813 t=0.25s
Ep  244: len= 25 黑胜 loss=21.8160 temp=0.25 total_env_steps=9838 t=0.31s
Ep  245: len= 44 白胜 loss=21.1980 temp=0.25 total_env_steps=9882 t=0.31s
Ep  246: len= 45 黑胜 loss=21.6495 temp=0.25 total_env_steps=9927 t=0.30s
Ep  247: len= 25 黑胜 loss=21.3658 temp=0.25 total_env_steps=9952 t=0.25s
Ep  248: len= 23 黑胜 loss=21.4986 temp=0.25 total_env_steps=9975 t=0.26s
Ep  249: len= 30 白胜 loss=21.3822 temp=0.25 total_env_steps=10005 t=0.28s
Ep  250: len= 39 黑胜 loss=21.2465 temp=0.25 total_env_steps=10044 t=0.27s
  eval vs Gomoku-random-v0: win_rate=1.00 mean_return=1.00（20 局，total_env_steps=10044）
Ep  251: len= 45 黑胜 loss=21.2448 temp=0.25 total_env_steps=10089 t=0.33s
Ep  252: len= 53 黑胜 loss=21.3780 temp=0.25 total_env_steps=10142 t=0.36s
Ep  253: len= 28 白胜 loss=21.3573 temp=0.25 total_env_steps=10170 t=0.30s
Ep  254: len= 62 白胜 loss=20.6614 temp=0.25 total_env_steps=10232 t=0.37s
Ep  255: len= 33 黑胜 loss=21.3353 temp=0.25 total_env_steps=10265 t=0.27s
Ep  256: len= 20 白胜 loss=20.5520 temp=0.25 total_env_steps=10285 t=0.22s
Ep  257: len= 27 黑胜 loss=21.0732 temp=0.25 total_env_steps=10312 t=0.26s
Ep  258: len= 40 白胜 loss=20.9054 temp=0.25 total_env_steps=10352 t=0.29s
Ep  259: len= 24 白胜 loss=20.4087 temp=0.25 total_env_steps=10376 t=0.27s
Ep  260: len= 45 黑胜 loss=20.7215 temp=0.25 total_env_steps=10421 t=0.31s
Ep  261: len= 25 黑胜 loss=20.1781 temp=0.25 total_env_steps=10446 t=0.26s
Ep  262: len= 29 黑胜 loss=20.0748 temp=0.25 total_env_steps=10475 t=0.26s
Ep  263: len= 37 黑胜 loss=20.2054 temp=0.25 total_env_steps=10512 t=0.30s
Ep  264: len= 25 黑胜 loss=20.7573 temp=0.25 total_env_steps=10537 t=0.25s
Ep  265: len= 33 黑胜 loss=20.8831 temp=0.25 total_env_steps=10570 t=0.28s
Ep  266: len= 15 黑胜 loss=20.7400 temp=0.25 total_env_steps=10585 t=0.23s
Ep  267: len= 65 黑胜 loss=20.0284 temp=0.25 total_env_steps=10650 t=0.38s
Ep  268: len= 17 黑胜 loss=19.9350 temp=0.25 total_env_steps=10667 t=0.24s
Ep  269: len= 48 白胜 loss=20.5333 temp=0.25 total_env_steps=10715 t=0.39s
Ep  270: len= 39 黑胜 loss=20.1137 temp=0.25 total_env_steps=10754 t=0.29s
Ep  271: len= 56 白胜 loss=19.8324 temp=0.25 total_env_steps=10810 t=0.37s
Ep  272: len= 46 白胜 loss=20.0149 temp=0.25 total_env_steps=10856 t=0.31s
Ep  273: len= 36 白胜 loss=19.7908 temp=0.25 total_env_steps=10892 t=0.31s
Ep  274: len= 21 黑胜 loss=20.5883 temp=0.25 total_env_steps=10913 t=0.23s
Ep  275: len= 34 白胜 loss=19.4223 temp=0.25 total_env_steps=10947 t=0.27s
Ep  276: len= 25 黑胜 loss=20.0434 temp=0.25 total_env_steps=10972 t=0.25s
Ep  277: len= 54 白胜 loss=19.6109 temp=0.25 total_env_steps=11026 t=0.30s
Ep  278: len= 32 白胜 loss=19.6147 temp=0.25 total_env_steps=11058 t=0.28s
Ep  279: len= 28 白胜 loss=19.7161 temp=0.25 total_env_steps=11086 t=0.26s
Ep  280: len= 27 黑胜 loss=19.5221 temp=0.25 total_env_steps=11113 t=0.25s
Ep  281: len= 32 白胜 loss=19.4714 temp=0.25 total_env_steps=11145 t=0.26s
Ep  282: len= 36 白胜 loss=19.2337 temp=0.25 total_env_steps=11181 t=0.30s
Ep  283: len= 35 黑胜 loss=19.4166 temp=0.25 total_env_steps=11216 t=0.28s
Ep  284: len= 35 黑胜 loss=19.3906 temp=0.25 total_env_steps=11251 t=0.27s
Ep  285: len= 35 黑胜 loss=18.5632 temp=0.25 total_env_steps=11286 t=0.28s
Ep  286: len= 48 白胜 loss=19.3600 temp=0.25 total_env_steps=11334 t=0.32s
Ep  287: len= 52 白胜 loss=18.8603 temp=0.25 total_env_steps=11386 t=0.32s
Ep  288: len= 25 黑胜 loss=18.6349 temp=0.25 total_env_steps=11411 t=0.29s
Ep  289: len= 38 白胜 loss=19.3299 temp=0.25 total_env_steps=11449 t=0.29s
Ep  290: len= 24 白胜 loss=18.9498 temp=0.25 total_env_steps=11473 t=0.29s
Ep  291: len= 29 黑胜 loss=18.7928 temp=0.25 total_env_steps=11502 t=0.27s
Ep  292: len= 52 白胜 loss=18.5230 temp=0.25 total_env_steps=11554 t=0.34s
Ep  293: len= 26 白胜 loss=18.5908 temp=0.25 total_env_steps=11580 t=0.26s
Ep  294: len= 32 白胜 loss=18.6702 temp=0.25 total_env_steps=11612 t=0.28s
Ep  295: len= 33 黑胜 loss=18.7017 temp=0.25 total_env_steps=11645 t=0.28s
Ep  296: len= 24 白胜 loss=19.2206 temp=0.25 total_env_steps=11669 t=0.26s
Ep  297: len= 29 黑胜 loss=18.8069 temp=0.25 total_env_steps=11698 t=0.29s
Ep  298: len= 29 黑胜 loss=18.8017 temp=0.25 total_env_steps=11727 t=0.36s
Ep  299: len= 39 黑胜 loss=18.5102 temp=0.25 total_env_steps=11766 t=0.44s
Ep  300: len= 25 黑胜 loss=17.8983 temp=0.25 total_env_steps=11791 t=0.28s
  eval vs Gomoku-random-v0: win_rate=1.00 mean_return=1.00（20 局，total_env_steps=11791）
Ep  301: len= 35 黑胜 loss=18.4248 temp=0.25 total_env_steps=11826 t=0.33s
Ep  302: len= 29 黑胜 loss=18.1852 temp=0.25 total_env_steps=11855 t=0.35s
Ep  303: len= 32 白胜 loss=18.3711 temp=0.25 total_env_steps=11887 t=0.32s
Ep  304: len= 15 黑胜 loss=18.1056 temp=0.25 total_env_steps=11902 t=0.26s
Ep  305: len= 19 黑胜 loss=17.4462 temp=0.25 total_env_steps=11921 t=0.31s
Ep  306: len= 38 白胜 loss=17.7007 temp=0.25 total_env_steps=11959 t=0.32s
Ep  307: len= 22 白胜 loss=17.7030 temp=0.25 total_env_steps=11981 t=0.27s
Ep  308: len= 49 黑胜 loss=17.6187 temp=0.25 total_env_steps=12030 t=0.34s
Ep  309: len= 46 白胜 loss=18.1667 temp=0.25 total_env_steps=12076 t=0.32s
Ep  310: len= 27 黑胜 loss=17.7165 temp=0.25 total_env_steps=12103 t=0.29s
Ep  311: len= 34 白胜 loss=17.8033 temp=0.25 total_env_steps=12137 t=0.31s
Ep  312: len= 20 白胜 loss=17.9680 temp=0.25 total_env_steps=12157 t=0.45s
Ep  313: len= 38 白胜 loss=17.6534 temp=0.25 total_env_steps=12195 t=0.60s
Ep  314: len= 50 白胜 loss=17.8434 temp=0.25 total_env_steps=12245 t=0.64s
Ep  315: len= 30 白胜 loss=18.1248 temp=0.25 total_env_steps=12275 t=0.59s
Ep  316: len= 30 白胜 loss=17.4878 temp=0.25 total_env_steps=12305 t=0.57s
Ep  317: len= 34 白胜 loss=17.4800 temp=0.25 total_env_steps=12339 t=0.65s
Ep  318: len= 33 黑胜 loss=17.2337 temp=0.25 total_env_steps=12372 t=0.60s
Ep  319: len= 24 白胜 loss=17.0779 temp=0.25 total_env_steps=12396 t=0.55s
Ep  320: len= 61 黑胜 loss=17.8199 temp=0.25 total_env_steps=12457 t=0.68s
Ep  321: len= 22 白胜 loss=16.9510 temp=0.25 total_env_steps=12479 t=0.56s
Ep  322: len= 48 白胜 loss=17.5336 temp=0.25 total_env_steps=12527 t=0.64s
Ep  323: len= 24 白胜 loss=17.7349 temp=0.25 total_env_steps=12551 t=0.57s
Ep  324: len= 55 黑胜 loss=16.7571 temp=0.25 total_env_steps=12606 t=0.67s
Ep  325: len= 34 白胜 loss=17.5563 temp=0.25 total_env_steps=12640 t=0.60s
Ep  326: len= 23 黑胜 loss=17.0338 temp=0.25 total_env_steps=12663 t=0.55s
Ep  327: len= 49 黑胜 loss=16.6911 temp=0.25 total_env_steps=12712 t=0.73s
Ep  328: len= 46 白胜 loss=16.6821 temp=0.25 total_env_steps=12758 t=0.64s
Ep  329: len= 26 白胜 loss=17.2778 temp=0.25 total_env_steps=12784 t=0.56s
Ep  330: len= 38 白胜 loss=16.5116 temp=0.25 total_env_steps=12822 t=0.62s
Ep  331: len= 19 黑胜 loss=16.7670 temp=0.25 total_env_steps=12841 t=0.55s
Ep  332: len= 45 黑胜 loss=16.8844 temp=0.25 total_env_steps=12886 t=0.65s
Ep  333: len= 46 白胜 loss=16.4862 temp=0.25 total_env_steps=12932 t=0.64s
Ep  334: len= 76 白胜 loss=16.6871 temp=0.25 total_env_steps=13008 t=0.78s
Ep  335: len= 38 白胜 loss=17.4331 temp=0.25 total_env_steps=13046 t=0.62s
Ep  336: len= 23 黑胜 loss=17.1972 temp=0.25 total_env_steps=13069 t=0.56s
Ep  337: len= 23 黑胜 loss=16.2674 temp=0.25 total_env_steps=13092 t=0.63s
Ep  338: len= 26 白胜 loss=17.2916 temp=0.25 total_env_steps=13118 t=0.57s
Ep  339: len= 35 黑胜 loss=16.7243 temp=0.25 total_env_steps=13153 t=0.62s
Ep  340: len= 47 黑胜 loss=16.7207 temp=0.25 total_env_steps=13200 t=0.64s
Ep  341: len= 31 黑胜 loss=16.2618 temp=0.25 total_env_steps=13231 t=0.58s
Ep  342: len= 29 黑胜 loss=16.8461 temp=0.25 total_env_steps=13260 t=0.58s
Ep  343: len= 35 黑胜 loss=16.3558 temp=0.25 total_env_steps=13295 t=0.60s
Ep  344: len= 39 黑胜 loss=16.3927 temp=0.25 total_env_steps=13334 t=0.63s
Ep  345: len= 25 黑胜 loss=16.3324 temp=0.25 total_env_steps=13359 t=0.56s
Ep  346: len= 20 白胜 loss=16.7731 temp=0.25 total_env_steps=13379 t=0.54s
Ep  347: len= 27 黑胜 loss=16.8849 temp=0.25 total_env_steps=13406 t=0.58s
Ep  348: len= 22 白胜 loss=16.3183 temp=0.25 total_env_steps=13428 t=0.61s
Ep  349: len= 23 黑胜 loss=17.1102 temp=0.25 total_env_steps=13451 t=0.55s
Ep  350: len= 43 黑胜 loss=16.0234 temp=0.25 total_env_steps=13494 t=0.63s
  eval vs Gomoku-random-v0: win_rate=1.00 mean_return=1.00（20 局，total_env_steps=13494）
Ep  351: len= 14 白胜 loss=15.6547 temp=0.25 total_env_steps=13508 t=0.53s
Ep  352: len= 23 黑胜 loss=16.0087 temp=0.25 total_env_steps=13531 t=0.56s
Ep  353: len= 24 白胜 loss=16.4665 temp=0.25 total_env_steps=13555 t=0.58s
Ep  354: len= 22 白胜 loss=15.4375 temp=0.25 total_env_steps=13577 t=0.57s
Ep  355: len= 31 黑胜 loss=15.0829 temp=0.25 total_env_steps=13608 t=0.58s
Ep  356: len= 32 白胜 loss=15.6408 temp=0.25 total_env_steps=13640 t=0.60s
Ep  357: len= 15 黑胜 loss=15.5078 temp=0.25 total_env_steps=13655 t=0.60s
Ep  358: len= 34 白胜 loss=16.2367 temp=0.25 total_env_steps=13689 t=0.65s
Ep  359: len= 81 黑胜 loss=15.8710 temp=0.25 total_env_steps=13770 t=0.81s
Ep  360: len= 44 白胜 loss=15.8237 temp=0.25 total_env_steps=13814 t=0.67s
Ep  361: len= 62 白胜 loss=15.4793 temp=0.25 total_env_steps=13876 t=0.72s
Ep  362: len= 33 黑胜 loss=15.1925 temp=0.25 total_env_steps=13909 t=0.63s
Ep  363: len= 27 黑胜 loss=15.9581 temp=0.25 total_env_steps=13936 t=0.60s
Ep  364: len= 22 白胜 loss=15.5698 temp=0.25 total_env_steps=13958 t=0.63s
Ep  365: len= 27 黑胜 loss=15.1135 temp=0.25 total_env_steps=13985 t=0.67s
Ep  366: len= 20 白胜 loss=15.5481 temp=0.25 total_env_steps=14005 t=0.67s
Ep  367: len= 36 白胜 loss=15.3881 temp=0.25 total_env_steps=14041 t=0.63s
Ep  368: len= 43 黑胜 loss=15.1767 temp=0.25 total_env_steps=14084 t=0.68s
Ep  369: len= 30 白胜 loss=15.2347 temp=0.25 total_env_steps=14114 t=0.59s
Ep  370: len= 49 黑胜 loss=15.7061 temp=0.25 total_env_steps=14163 t=0.65s
Ep  371: len= 31 黑胜 loss=15.0138 temp=0.25 total_env_steps=14194 t=0.61s
Ep  372: len= 32 白胜 loss=15.2535 temp=0.25 total_env_steps=14226 t=0.61s
Ep  373: len= 34 白胜 loss=15.4959 temp=0.25 total_env_steps=14260 t=0.62s
Ep  374: len= 33 黑胜 loss=15.2123 temp=0.25 total_env_steps=14293 t=0.62s
Ep  375: len= 34 白胜 loss=15.5837 temp=0.25 total_env_steps=14327 t=0.61s
Ep  376: len= 15 黑胜 loss=15.2101 temp=0.25 total_env_steps=14342 t=0.61s
Ep  377: len= 23 黑胜 loss=15.8790 temp=0.25 total_env_steps=14365 t=0.58s
Ep  378: len= 36 白胜 loss=14.7573 temp=0.25 total_env_steps=14401 t=0.62s
Ep  379: len= 29 黑胜 loss=15.8261 temp=0.25 total_env_steps=14430 t=0.61s
Ep  380: len= 24 白胜 loss=15.2025 temp=0.25 total_env_steps=14454 t=0.71s
Ep  381: len= 20 白胜 loss=14.8534 temp=0.25 total_env_steps=14474 t=0.69s
Ep  382: len= 23 黑胜 loss=14.7173 temp=0.25 total_env_steps=14497 t=0.75s
Ep  383: len= 28 白胜 loss=15.6208 temp=0.25 total_env_steps=14525 t=0.83s
Ep  384: len= 44 白胜 loss=14.8382 temp=0.25 total_env_steps=14569 t=0.74s
Ep  385: len= 35 黑胜 loss=14.5729 temp=0.25 total_env_steps=14604 t=0.72s
Ep  386: len= 37 黑胜 loss=15.4014 temp=0.25 total_env_steps=14641 t=0.68s
Ep  387: len= 23 黑胜 loss=14.9234 temp=0.25 total_env_steps=14664 t=0.68s
Ep  388: len= 28 白胜 loss=14.8647 temp=0.25 total_env_steps=14692 t=0.66s
Ep  389: len= 48 白胜 loss=14.4922 temp=0.25 total_env_steps=14740 t=0.78s
Ep  390: len= 22 白胜 loss=15.2385 temp=0.25 total_env_steps=14762 t=0.56s
Ep  391: len= 32 白胜 loss=14.8708 temp=0.25 total_env_steps=14794 t=0.58s
Ep  392: len= 25 黑胜 loss=15.3024 temp=0.25 total_env_steps=14819 t=0.57s
Ep  393: len= 20 白胜 loss=14.4889 temp=0.25 total_env_steps=14839 t=0.53s
Ep  394: len= 25 黑胜 loss=14.5416 temp=0.25 total_env_steps=14864 t=0.55s
Ep  395: len= 34 白胜 loss=14.3178 temp=0.25 total_env_steps=14898 t=0.61s
Ep  396: len= 30 白胜 loss=14.0170 temp=0.25 total_env_steps=14928 t=0.60s
Ep  397: len= 42 白胜 loss=14.5789 temp=0.25 total_env_steps=14970 t=0.62s
Ep  398: len= 30 白胜 loss=14.6396 temp=0.25 total_env_steps=15000 t=0.57s
Ep  399: len= 33 黑胜 loss=14.4642 temp=0.25 total_env_steps=15033 t=0.61s
Ep  400: len= 40 白胜 loss=14.7870 temp=0.25 total_env_steps=15073 t=0.74s
  eval vs Gomoku-random-v0: win_rate=1.00 mean_return=1.00（20 局，total_env_steps=15073）
[闸门] vs random（40 局）: win_rate=1.000
[闸门] vs 半程快照（40 局，黑白各半）: score=0.675
[梯队] vs naive0（20 局，观察性）: win_rate=0.25
[梯队] vs naive1（20 局，观察性）: win_rate=0.00
[梯队] vs naive2（20 局，观察性）: win_rate=0.00
[梯队] vs naive3（20 局，观察性）: win_rate=0.00
📈 Gomoku-selfplay-v0 win_rate=1.00（best 1.00）| 门槛 0.95 | 196.4s

--- arm=combo_aug_rr32_lr3e3 seed=44 sims=100 ---
[MyZero-board Gomoku-selfplay-v0] obs=243(3×9²) |A|=81 sims=100 γ=1.0 negamax
[MyZero-board] 8 重对称增广开启（D4，采样时随机套变换）
Ep    1: len= 44 白胜 loss=0.0000 temp=1.00 total_env_steps=44 t=0.16s
Ep    2: len= 59 黑胜 loss=0.0000 temp=1.00 total_env_steps=103 t=0.22s
Ep    3: len= 55 黑胜 loss=0.0000 temp=1.00 total_env_steps=158 t=0.21s
Ep    4: len= 71 黑胜 loss=0.0000 temp=1.00 total_env_steps=229 t=0.25s
Ep    5: len= 60 白胜 loss=0.0000 temp=1.00 total_env_steps=289 t=0.20s
Ep    6: len= 41 黑胜 loss=0.0000 temp=1.00 total_env_steps=330 t=0.15s
Ep    7: len= 47 黑胜 loss=0.0000 temp=1.00 total_env_steps=377 t=0.17s
Ep    8: len= 66 白胜 loss=0.0000 temp=1.00 total_env_steps=443 t=0.23s
Ep    9: len= 63 黑胜 loss=0.0000 temp=1.00 total_env_steps=506 t=0.21s
Ep   10: len= 48 白胜 loss=31.8248 temp=1.00 total_env_steps=554 t=0.34s
Ep   11: len= 51 黑胜 loss=28.3975 temp=1.00 total_env_steps=605 t=0.36s
Ep   12: len= 72 白胜 loss=28.3765 temp=1.00 total_env_steps=677 t=0.42s
Ep   13: len= 66 白胜 loss=28.2372 temp=1.00 total_env_steps=743 t=0.41s
Ep   14: len= 37 黑胜 loss=28.3101 temp=1.00 total_env_steps=780 t=0.29s
Ep   15: len= 57 黑胜 loss=28.1892 temp=1.00 total_env_steps=837 t=0.40s
Ep   16: len= 42 白胜 loss=28.1866 temp=1.00 total_env_steps=879 t=0.32s
Ep   17: len= 52 白胜 loss=28.1193 temp=1.00 total_env_steps=931 t=0.35s
Ep   18: len= 65 黑胜 loss=28.0997 temp=1.00 total_env_steps=996 t=0.43s
Ep   19: len= 58 白胜 loss=28.1308 temp=1.00 total_env_steps=1054 t=0.37s
Ep   20: len= 59 黑胜 loss=28.0753 temp=1.00 total_env_steps=1113 t=0.38s
Ep   21: len= 79 黑胜 loss=28.1243 temp=1.00 total_env_steps=1192 t=0.46s
Ep   22: len= 69 黑胜 loss=28.0321 temp=1.00 total_env_steps=1261 t=0.41s
Ep   23: len= 36 白胜 loss=28.0879 temp=1.00 total_env_steps=1297 t=0.29s
Ep   24: len= 43 黑胜 loss=28.1056 temp=1.00 total_env_steps=1340 t=0.36s
Ep   25: len= 41 黑胜 loss=28.0873 temp=1.00 total_env_steps=1381 t=0.34s
Ep   26: len= 55 黑胜 loss=28.0087 temp=1.00 total_env_steps=1436 t=0.35s
Ep   27: len= 45 黑胜 loss=27.9867 temp=1.00 total_env_steps=1481 t=0.34s
Ep   28: len= 32 白胜 loss=28.0202 temp=1.00 total_env_steps=1513 t=0.35s
Ep   29: len= 51 黑胜 loss=27.9160 temp=1.00 total_env_steps=1564 t=0.36s
Ep   30: len= 28 白胜 loss=27.9782 temp=1.00 total_env_steps=1592 t=0.30s
Ep   31: len= 29 黑胜 loss=27.8142 temp=1.00 total_env_steps=1621 t=0.28s
Ep   32: len= 43 黑胜 loss=27.8081 temp=1.00 total_env_steps=1664 t=0.30s
Ep   33: len= 63 黑胜 loss=27.7376 temp=1.00 total_env_steps=1727 t=0.37s
Ep   34: len= 57 黑胜 loss=27.7803 temp=1.00 total_env_steps=1784 t=0.31s
Ep   35: len= 54 白胜 loss=27.7769 temp=1.00 total_env_steps=1838 t=0.31s
Ep   36: len= 52 白胜 loss=27.7919 temp=1.00 total_env_steps=1890 t=0.32s
Ep   37: len= 42 白胜 loss=27.7154 temp=1.00 total_env_steps=1932 t=0.29s
Ep   38: len= 60 白胜 loss=27.8382 temp=1.00 total_env_steps=1992 t=0.35s
Ep   39: len= 37 黑胜 loss=27.7619 temp=1.00 total_env_steps=2029 t=0.27s
Ep   40: len= 47 黑胜 loss=27.7478 temp=1.00 total_env_steps=2076 t=0.28s
Ep   41: len= 49 黑胜 loss=27.8242 temp=1.00 total_env_steps=2125 t=0.29s
Ep   42: len= 45 黑胜 loss=27.8331 temp=1.00 total_env_steps=2170 t=0.27s
Ep   43: len= 47 黑胜 loss=27.7403 temp=1.00 total_env_steps=2217 t=0.29s
Ep   44: len= 60 白胜 loss=27.7455 temp=1.00 total_env_steps=2277 t=0.32s
Ep   45: len= 37 黑胜 loss=27.7134 temp=1.00 total_env_steps=2314 t=0.26s
Ep   46: len= 29 黑胜 loss=27.7432 temp=1.00 total_env_steps=2343 t=0.24s
Ep   47: len= 33 黑胜 loss=27.6873 temp=1.00 total_env_steps=2376 t=0.28s
Ep   48: len= 31 黑胜 loss=27.7600 temp=1.00 total_env_steps=2407 t=0.24s
Ep   49: len= 49 黑胜 loss=27.7298 temp=1.00 total_env_steps=2456 t=0.31s
Ep   50: len= 47 黑胜 loss=27.7038 temp=1.00 total_env_steps=2503 t=0.36s
  eval vs Gomoku-random-v0: win_rate=0.95 mean_return=0.90（20 局，total_env_steps=2503）
  ✅ 达标 ep=50 total_env_steps=2503
Ep   51: len= 29 黑胜 loss=27.6795 temp=1.00 total_env_steps=2532 t=0.25s
Ep   52: len= 34 白胜 loss=27.6513 temp=1.00 total_env_steps=2566 t=0.26s
Ep   53: len= 53 黑胜 loss=27.5795 temp=1.00 total_env_steps=2619 t=0.31s
Ep   54: len= 53 黑胜 loss=27.7275 temp=1.00 total_env_steps=2672 t=0.35s
Ep   55: len= 35 黑胜 loss=27.6167 temp=1.00 total_env_steps=2707 t=0.27s
Ep   56: len= 39 黑胜 loss=27.5749 temp=1.00 total_env_steps=2746 t=0.28s
Ep   57: len= 49 黑胜 loss=27.5959 temp=1.00 total_env_steps=2795 t=0.33s
Ep   58: len= 53 黑胜 loss=27.5072 temp=1.00 total_env_steps=2848 t=0.32s
Ep   59: len= 45 黑胜 loss=27.5515 temp=1.00 total_env_steps=2893 t=0.28s
Ep   60: len= 49 黑胜 loss=27.5516 temp=1.00 total_env_steps=2942 t=0.31s
Ep   61: len= 25 黑胜 loss=27.4910 temp=1.00 total_env_steps=2967 t=0.24s
Ep   62: len= 45 黑胜 loss=27.4455 temp=1.00 total_env_steps=3012 t=0.30s
Ep   63: len= 29 黑胜 loss=27.6006 temp=1.00 total_env_steps=3041 t=0.25s
Ep   64: len= 39 黑胜 loss=27.5395 temp=1.00 total_env_steps=3080 t=0.31s
Ep   65: len= 35 黑胜 loss=27.3850 temp=1.00 total_env_steps=3115 t=0.27s
Ep   66: len= 45 黑胜 loss=27.4317 temp=1.00 total_env_steps=3160 t=0.34s
Ep   67: len= 25 黑胜 loss=27.3860 temp=1.00 total_env_steps=3185 t=0.26s
Ep   68: len= 33 黑胜 loss=27.3357 temp=1.00 total_env_steps=3218 t=0.30s
Ep   69: len= 21 黑胜 loss=27.4511 temp=1.00 total_env_steps=3239 t=0.27s
Ep   70: len= 29 黑胜 loss=27.2891 temp=1.00 total_env_steps=3268 t=0.29s
Ep   71: len= 29 黑胜 loss=27.2726 temp=1.00 total_env_steps=3297 t=0.26s
Ep   72: len= 68 白胜 loss=27.2071 temp=1.00 total_env_steps=3365 t=0.38s
Ep   73: len= 27 黑胜 loss=27.2152 temp=1.00 total_env_steps=3392 t=0.27s
Ep   74: len= 23 黑胜 loss=27.1795 temp=1.00 total_env_steps=3415 t=0.26s
Ep   75: len= 20 白胜 loss=27.1338 temp=1.00 total_env_steps=3435 t=0.23s
Ep   76: len= 25 黑胜 loss=27.0226 temp=1.00 total_env_steps=3460 t=0.26s
Ep   77: len= 39 黑胜 loss=27.1801 temp=1.00 total_env_steps=3499 t=0.28s
Ep   78: len= 43 黑胜 loss=27.1442 temp=1.00 total_env_steps=3542 t=0.39s
Ep   79: len= 47 黑胜 loss=27.0650 temp=1.00 total_env_steps=3589 t=0.30s
Ep   80: len= 23 黑胜 loss=27.0580 temp=1.00 total_env_steps=3612 t=0.23s
Ep   81: len= 25 黑胜 loss=26.9394 temp=1.00 total_env_steps=3637 t=0.26s
Ep   82: len= 31 黑胜 loss=27.0339 temp=1.00 total_env_steps=3668 t=0.27s
Ep   83: len= 23 黑胜 loss=26.8509 temp=1.00 total_env_steps=3691 t=0.24s
Ep   84: len= 13 黑胜 loss=26.7058 temp=1.00 total_env_steps=3704 t=0.21s
Ep   85: len= 23 黑胜 loss=26.9342 temp=1.00 total_env_steps=3727 t=0.26s
Ep   86: len= 19 黑胜 loss=26.7849 temp=1.00 total_env_steps=3746 t=0.23s
Ep   87: len= 21 黑胜 loss=26.8090 temp=1.00 total_env_steps=3767 t=0.24s
Ep   88: len= 21 黑胜 loss=26.7814 temp=1.00 total_env_steps=3788 t=0.24s
Ep   89: len= 21 黑胜 loss=26.7005 temp=1.00 total_env_steps=3809 t=0.23s
Ep   90: len= 25 黑胜 loss=26.8366 temp=1.00 total_env_steps=3834 t=0.25s
Ep   91: len= 23 黑胜 loss=26.6520 temp=1.00 total_env_steps=3857 t=0.23s
Ep   92: len= 25 黑胜 loss=26.6769 temp=1.00 total_env_steps=3882 t=0.23s
Ep   93: len= 25 黑胜 loss=26.6312 temp=1.00 total_env_steps=3907 t=0.25s
Ep   94: len= 27 黑胜 loss=26.4380 temp=1.00 total_env_steps=3934 t=0.24s
Ep   95: len= 21 黑胜 loss=26.5072 temp=1.00 total_env_steps=3955 t=0.22s
Ep   96: len= 21 黑胜 loss=26.3652 temp=1.00 total_env_steps=3976 t=0.24s
Ep   97: len= 21 黑胜 loss=26.3932 temp=1.00 total_env_steps=3997 t=0.23s
Ep   98: len= 33 黑胜 loss=26.5664 temp=1.00 total_env_steps=4030 t=0.27s
Ep   99: len= 23 黑胜 loss=26.1692 temp=1.00 total_env_steps=4053 t=0.24s
Ep  100: len= 19 黑胜 loss=26.1601 temp=1.00 total_env_steps=4072 t=0.23s
  eval vs Gomoku-random-v0: win_rate=1.00 mean_return=1.00（20 局，total_env_steps=4072）
Ep  101: len= 25 黑胜 loss=26.3405 temp=1.00 total_env_steps=4097 t=0.24s
Ep  102: len= 23 黑胜 loss=26.3536 temp=0.99 total_env_steps=4120 t=0.24s
Ep  103: len= 19 黑胜 loss=26.2721 temp=0.99 total_env_steps=4139 t=0.24s
Ep  104: len= 17 黑胜 loss=26.2522 temp=0.98 total_env_steps=4156 t=0.21s
Ep  105: len= 23 黑胜 loss=26.2517 temp=0.97 total_env_steps=4179 t=0.24s
Ep  106: len= 21 黑胜 loss=26.2852 temp=0.96 total_env_steps=4200 t=0.23s
Ep  107: len= 21 黑胜 loss=26.0993 temp=0.95 total_env_steps=4221 t=0.23s
Ep  108: len= 25 黑胜 loss=25.7618 temp=0.95 total_env_steps=4246 t=0.25s
Ep  109: len= 19 黑胜 loss=26.0425 temp=0.94 total_env_steps=4265 t=0.22s
Ep  110: len= 23 黑胜 loss=25.9977 temp=0.93 total_env_steps=4288 t=0.25s
Ep  111: len= 33 黑胜 loss=26.0462 temp=0.93 total_env_steps=4321 t=0.32s
Ep  112: len= 23 黑胜 loss=25.8796 temp=0.92 total_env_steps=4344 t=0.24s
Ep  113: len= 43 黑胜 loss=26.0872 temp=0.91 total_env_steps=4387 t=0.29s
Ep  114: len= 17 黑胜 loss=25.9055 temp=0.90 total_env_steps=4404 t=0.22s
Ep  115: len= 19 黑胜 loss=25.7317 temp=0.89 total_env_steps=4423 t=0.24s
Ep  116: len= 19 黑胜 loss=25.8753 temp=0.89 total_env_steps=4442 t=0.23s
Ep  117: len= 19 黑胜 loss=25.8906 temp=0.88 total_env_steps=4461 t=0.24s
Ep  118: len= 21 黑胜 loss=25.5371 temp=0.87 total_env_steps=4482 t=0.25s
Ep  119: len= 21 黑胜 loss=25.8630 temp=0.87 total_env_steps=4503 t=0.24s
Ep  120: len= 23 黑胜 loss=25.7254 temp=0.86 total_env_steps=4526 t=0.27s
Ep  121: len= 33 黑胜 loss=25.3833 temp=0.85 total_env_steps=4559 t=0.31s
Ep  122: len= 23 黑胜 loss=25.7332 temp=0.84 total_env_steps=4582 t=0.29s
Ep  123: len= 19 黑胜 loss=25.5148 temp=0.84 total_env_steps=4601 t=0.24s
Ep  124: len= 27 黑胜 loss=25.6200 temp=0.83 total_env_steps=4628 t=0.32s
Ep  125: len= 21 黑胜 loss=25.6089 temp=0.82 total_env_steps=4649 t=0.24s
Ep  126: len= 21 黑胜 loss=25.4303 temp=0.81 total_env_steps=4670 t=0.26s
Ep  127: len= 17 黑胜 loss=25.2843 temp=0.81 total_env_steps=4687 t=0.22s
Ep  128: len= 23 黑胜 loss=25.3132 temp=0.80 total_env_steps=4710 t=0.27s
Ep  129: len= 21 黑胜 loss=25.3775 temp=0.79 total_env_steps=4731 t=0.28s
Ep  130: len= 23 黑胜 loss=25.1254 temp=0.78 total_env_steps=4754 t=0.24s
Ep  131: len= 27 黑胜 loss=25.4911 temp=0.77 total_env_steps=4781 t=0.29s
Ep  132: len= 17 黑胜 loss=25.2627 temp=0.77 total_env_steps=4798 t=0.27s
Ep  133: len= 23 黑胜 loss=25.1933 temp=0.76 total_env_steps=4821 t=0.25s
Ep  134: len= 19 黑胜 loss=25.3634 temp=0.75 total_env_steps=4840 t=0.22s
Ep  135: len= 23 黑胜 loss=24.9844 temp=0.75 total_env_steps=4863 t=0.24s
Ep  136: len= 23 黑胜 loss=25.0354 temp=0.74 total_env_steps=4886 t=0.25s
Ep  137: len= 21 黑胜 loss=24.9406 temp=0.73 total_env_steps=4907 t=0.23s
Ep  138: len= 21 黑胜 loss=25.0682 temp=0.72 total_env_steps=4928 t=0.24s
Ep  139: len= 21 黑胜 loss=24.9431 temp=0.72 total_env_steps=4949 t=0.24s
Ep  140: len= 17 黑胜 loss=25.2197 temp=0.71 total_env_steps=4966 t=0.24s
Ep  141: len= 21 黑胜 loss=24.8136 temp=0.70 total_env_steps=4987 t=0.24s
Ep  142: len= 21 黑胜 loss=24.8325 temp=0.69 total_env_steps=5008 t=0.24s
Ep  143: len= 21 黑胜 loss=24.9705 temp=0.69 total_env_steps=5029 t=0.25s
Ep  144: len= 21 黑胜 loss=24.8312 temp=0.68 total_env_steps=5050 t=0.24s
Ep  145: len= 15 黑胜 loss=24.7870 temp=0.67 total_env_steps=5065 t=0.22s
Ep  146: len= 23 黑胜 loss=24.8102 temp=0.66 total_env_steps=5088 t=0.25s
Ep  147: len= 17 黑胜 loss=24.6244 temp=0.65 total_env_steps=5105 t=0.23s
Ep  148: len= 19 黑胜 loss=24.8668 temp=0.65 total_env_steps=5124 t=0.24s
Ep  149: len= 17 黑胜 loss=24.9137 temp=0.64 total_env_steps=5141 t=0.23s
Ep  150: len= 21 黑胜 loss=24.5704 temp=0.63 total_env_steps=5162 t=0.23s
  eval vs Gomoku-random-v0: win_rate=1.00 mean_return=1.00（20 局，total_env_steps=5162）
Ep  151: len= 21 黑胜 loss=24.5868 temp=0.62 total_env_steps=5183 t=0.23s
Ep  152: len= 19 黑胜 loss=24.8190 temp=0.62 total_env_steps=5202 t=0.22s
Ep  153: len= 23 黑胜 loss=24.6681 temp=0.61 total_env_steps=5225 t=0.23s
Ep  154: len= 23 黑胜 loss=24.6136 temp=0.60 total_env_steps=5248 t=0.23s
Ep  155: len= 21 黑胜 loss=24.5767 temp=0.59 total_env_steps=5269 t=0.23s
Ep  156: len= 21 黑胜 loss=24.5067 temp=0.59 total_env_steps=5290 t=0.24s
Ep  157: len= 19 黑胜 loss=24.2664 temp=0.58 total_env_steps=5309 t=0.23s
Ep  158: len= 19 黑胜 loss=24.6857 temp=0.57 total_env_steps=5328 t=0.22s
Ep  159: len= 21 黑胜 loss=24.1620 temp=0.56 total_env_steps=5349 t=0.24s
Ep  160: len= 23 黑胜 loss=24.5480 temp=0.56 total_env_steps=5372 t=0.22s
Ep  161: len= 60 白胜 loss=24.5268 temp=0.55 total_env_steps=5432 t=0.34s
Ep  162: len= 19 黑胜 loss=24.4448 temp=0.54 total_env_steps=5451 t=0.23s
Ep  163: len= 19 黑胜 loss=24.4723 temp=0.53 total_env_steps=5470 t=0.22s
Ep  164: len= 21 黑胜 loss=24.1418 temp=0.53 total_env_steps=5491 t=0.30s
Ep  165: len= 17 黑胜 loss=24.1419 temp=0.52 total_env_steps=5508 t=0.24s
Ep  166: len= 23 黑胜 loss=23.8193 temp=0.51 total_env_steps=5531 t=0.26s
Ep  167: len= 21 黑胜 loss=24.3761 temp=0.50 total_env_steps=5552 t=0.24s
Ep  168: len= 19 黑胜 loss=24.1591 temp=0.50 total_env_steps=5571 t=0.24s
Ep  169: len= 21 黑胜 loss=23.9502 temp=0.49 total_env_steps=5592 t=0.24s
Ep  170: len= 19 黑胜 loss=24.0048 temp=0.48 total_env_steps=5611 t=0.27s
Ep  171: len= 23 黑胜 loss=24.2481 temp=0.48 total_env_steps=5634 t=0.28s
Ep  172: len= 21 黑胜 loss=24.4160 temp=0.47 total_env_steps=5655 t=0.28s
Ep  173: len= 23 黑胜 loss=24.1429 temp=0.46 total_env_steps=5678 t=0.27s
Ep  174: len= 19 黑胜 loss=24.3099 temp=0.45 total_env_steps=5697 t=0.24s
Ep  175: len= 25 黑胜 loss=23.8385 temp=0.44 total_env_steps=5722 t=0.27s
Ep  176: len= 21 黑胜 loss=23.8224 temp=0.44 total_env_steps=5743 t=0.24s
Ep  177: len= 21 黑胜 loss=23.8386 temp=0.43 total_env_steps=5764 t=0.24s
Ep  178: len= 15 黑胜 loss=24.0624 temp=0.42 total_env_steps=5779 t=0.23s
Ep  179: len= 21 黑胜 loss=24.0145 temp=0.42 total_env_steps=5800 t=0.26s
Ep  180: len= 21 黑胜 loss=23.9775 temp=0.41 total_env_steps=5821 t=0.27s
Ep  181: len= 17 黑胜 loss=24.0167 temp=0.40 total_env_steps=5838 t=0.23s
Ep  182: len= 19 黑胜 loss=23.4363 temp=0.39 total_env_steps=5857 t=0.25s
Ep  183: len= 21 黑胜 loss=23.7746 temp=0.38 total_env_steps=5878 t=0.24s
Ep  184: len= 21 黑胜 loss=23.6041 temp=0.38 total_env_steps=5899 t=0.23s
Ep  185: len= 17 黑胜 loss=24.1097 temp=0.37 total_env_steps=5916 t=0.24s
Ep  186: len= 19 黑胜 loss=23.6781 temp=0.36 total_env_steps=5935 t=0.23s
Ep  187: len= 23 黑胜 loss=23.5196 temp=0.36 total_env_steps=5958 t=0.24s
Ep  188: len= 17 黑胜 loss=23.4440 temp=0.35 total_env_steps=5975 t=0.24s
Ep  189: len= 19 黑胜 loss=23.6387 temp=0.34 total_env_steps=5994 t=0.24s
Ep  190: len= 15 黑胜 loss=24.0257 temp=0.33 total_env_steps=6009 t=0.23s
Ep  191: len= 17 黑胜 loss=23.7008 temp=0.33 total_env_steps=6026 t=0.23s
Ep  192: len= 21 黑胜 loss=23.5259 temp=0.32 total_env_steps=6047 t=0.24s
Ep  193: len= 17 黑胜 loss=23.3751 temp=0.31 total_env_steps=6064 t=0.25s
Ep  194: len= 19 黑胜 loss=23.5493 temp=0.30 total_env_steps=6083 t=0.25s
Ep  195: len= 23 黑胜 loss=23.2357 temp=0.30 total_env_steps=6106 t=0.25s
Ep  196: len= 15 黑胜 loss=23.4072 temp=0.29 total_env_steps=6121 t=0.22s
Ep  197: len= 19 黑胜 loss=23.3608 temp=0.28 total_env_steps=6140 t=0.22s
Ep  198: len= 21 黑胜 loss=23.2819 temp=0.27 total_env_steps=6161 t=0.24s
Ep  199: len= 15 黑胜 loss=23.4601 temp=0.26 total_env_steps=6176 t=0.21s
Ep  200: len= 15 黑胜 loss=23.4905 temp=0.26 total_env_steps=6191 t=0.22s
  eval vs Gomoku-random-v0: win_rate=1.00 mean_return=1.00（20 局，total_env_steps=6191）
  📸 已拍权重快照（ep=200，gating 对弈基准）
Ep  201: len= 23 黑胜 loss=23.1132 temp=0.25 total_env_steps=6214 t=0.23s
Ep  202: len= 17 黑胜 loss=23.1996 temp=0.25 total_env_steps=6231 t=0.22s
Ep  203: len= 15 黑胜 loss=23.2002 temp=0.25 total_env_steps=6246 t=0.22s
Ep  204: len= 19 黑胜 loss=23.2949 temp=0.25 total_env_steps=6265 t=0.24s
Ep  205: len= 17 黑胜 loss=23.2116 temp=0.25 total_env_steps=6282 t=0.23s
Ep  206: len= 23 黑胜 loss=23.0187 temp=0.25 total_env_steps=6305 t=0.24s
Ep  207: len= 15 黑胜 loss=22.7748 temp=0.25 total_env_steps=6320 t=0.22s
Ep  208: len= 21 黑胜 loss=22.9510 temp=0.25 total_env_steps=6341 t=0.25s
Ep  209: len= 21 黑胜 loss=22.9196 temp=0.25 total_env_steps=6362 t=0.24s
Ep  210: len= 19 黑胜 loss=23.0795 temp=0.25 total_env_steps=6381 t=0.23s
Ep  211: len= 19 黑胜 loss=22.8890 temp=0.25 total_env_steps=6400 t=0.22s
Ep  212: len= 23 黑胜 loss=22.6074 temp=0.25 total_env_steps=6423 t=0.23s
Ep  213: len= 17 黑胜 loss=22.4861 temp=0.25 total_env_steps=6440 t=0.23s
Ep  214: len= 17 黑胜 loss=22.6217 temp=0.25 total_env_steps=6457 t=0.21s
Ep  215: len= 19 黑胜 loss=22.4618 temp=0.25 total_env_steps=6476 t=0.23s
Ep  216: len= 21 黑胜 loss=22.5580 temp=0.25 total_env_steps=6497 t=0.23s
Ep  217: len= 19 黑胜 loss=22.6428 temp=0.25 total_env_steps=6516 t=0.22s
Ep  218: len= 23 黑胜 loss=22.2912 temp=0.25 total_env_steps=6539 t=0.23s
Ep  219: len= 21 黑胜 loss=22.0607 temp=0.25 total_env_steps=6560 t=0.22s
Ep  220: len= 21 黑胜 loss=22.3941 temp=0.25 total_env_steps=6581 t=0.23s
Ep  221: len= 21 黑胜 loss=22.4992 temp=0.25 total_env_steps=6602 t=0.25s
Ep  222: len= 21 黑胜 loss=22.3728 temp=0.25 total_env_steps=6623 t=0.22s
Ep  223: len= 17 黑胜 loss=22.1487 temp=0.25 total_env_steps=6640 t=0.22s
Ep  224: len= 19 黑胜 loss=22.0834 temp=0.25 total_env_steps=6659 t=0.22s
Ep  225: len= 13 黑胜 loss=22.2813 temp=0.25 total_env_steps=6672 t=0.21s
Ep  226: len= 23 黑胜 loss=21.8771 temp=0.25 total_env_steps=6695 t=0.23s
Ep  227: len= 21 黑胜 loss=22.1140 temp=0.25 total_env_steps=6716 t=0.24s
Ep  228: len= 21 黑胜 loss=21.9021 temp=0.25 total_env_steps=6737 t=0.24s
Ep  229: len= 23 黑胜 loss=22.0602 temp=0.25 total_env_steps=6760 t=0.24s
Ep  230: len= 19 黑胜 loss=22.0043 temp=0.25 total_env_steps=6779 t=0.22s
Ep  231: len= 21 黑胜 loss=21.4616 temp=0.25 total_env_steps=6800 t=0.23s
Ep  232: len= 13 黑胜 loss=21.8512 temp=0.25 total_env_steps=6813 t=0.22s
Ep  233: len= 17 黑胜 loss=21.6807 temp=0.25 total_env_steps=6830 t=0.21s
Ep  234: len= 17 黑胜 loss=21.4348 temp=0.25 total_env_steps=6847 t=0.22s
Ep  235: len= 15 黑胜 loss=21.4660 temp=0.25 total_env_steps=6862 t=0.27s
Ep  236: len= 15 黑胜 loss=21.6611 temp=0.25 total_env_steps=6877 t=0.22s
Ep  237: len= 15 黑胜 loss=21.4995 temp=0.25 total_env_steps=6892 t=0.22s
Ep  238: len= 25 黑胜 loss=21.1497 temp=0.25 total_env_steps=6917 t=0.24s
Ep  239: len= 21 黑胜 loss=20.8030 temp=0.25 total_env_steps=6938 t=0.23s
Ep  240: len= 15 黑胜 loss=21.2766 temp=0.25 total_env_steps=6953 t=0.21s
Ep  241: len= 17 黑胜 loss=20.9577 temp=0.25 total_env_steps=6970 t=0.23s
Ep  242: len= 13 黑胜 loss=21.0407 temp=0.25 total_env_steps=6983 t=0.22s
Ep  243: len= 19 黑胜 loss=21.1090 temp=0.25 total_env_steps=7002 t=0.22s
Ep  244: len= 17 黑胜 loss=21.3218 temp=0.25 total_env_steps=7019 t=0.22s
Ep  245: len= 15 黑胜 loss=21.0997 temp=0.25 total_env_steps=7034 t=0.23s
Ep  246: len= 15 黑胜 loss=20.9242 temp=0.25 total_env_steps=7049 t=0.23s
Ep  247: len= 17 黑胜 loss=20.8405 temp=0.25 total_env_steps=7066 t=0.22s
Ep  248: len= 23 黑胜 loss=20.5459 temp=0.25 total_env_steps=7089 t=0.26s
Ep  249: len= 19 黑胜 loss=21.0520 temp=0.25 total_env_steps=7108 t=0.23s
Ep  250: len= 19 黑胜 loss=20.6907 temp=0.25 total_env_steps=7127 t=0.24s
  eval vs Gomoku-random-v0: win_rate=1.00 mean_return=1.00（20 局，total_env_steps=7127）
Ep  251: len= 17 黑胜 loss=20.7629 temp=0.25 total_env_steps=7144 t=0.28s
Ep  252: len= 27 黑胜 loss=20.7836 temp=0.25 total_env_steps=7171 t=0.28s
Ep  253: len= 17 黑胜 loss=20.3995 temp=0.25 total_env_steps=7188 t=0.23s
Ep  254: len= 21 黑胜 loss=20.5595 temp=0.25 total_env_steps=7209 t=0.24s
Ep  255: len= 17 黑胜 loss=20.4847 temp=0.25 total_env_steps=7226 t=0.24s
Ep  256: len= 15 黑胜 loss=20.2681 temp=0.25 total_env_steps=7241 t=0.22s
Ep  257: len= 13 黑胜 loss=20.6144 temp=0.25 total_env_steps=7254 t=0.23s
Ep  258: len= 15 黑胜 loss=20.4312 temp=0.25 total_env_steps=7269 t=0.22s
Ep  259: len= 21 黑胜 loss=20.0355 temp=0.25 total_env_steps=7290 t=0.23s
Ep  260: len= 17 黑胜 loss=20.4902 temp=0.25 total_env_steps=7307 t=0.23s
Ep  261: len= 17 黑胜 loss=19.9389 temp=0.25 total_env_steps=7324 t=0.24s
Ep  262: len= 15 黑胜 loss=20.3953 temp=0.25 total_env_steps=7339 t=0.24s
Ep  263: len= 13 黑胜 loss=20.4463 temp=0.25 total_env_steps=7352 t=0.23s
Ep  264: len= 21 黑胜 loss=19.9330 temp=0.25 total_env_steps=7373 t=0.25s
Ep  265: len= 13 黑胜 loss=19.7444 temp=0.25 total_env_steps=7386 t=0.23s
Ep  266: len= 17 黑胜 loss=19.9430 temp=0.25 total_env_steps=7403 t=0.24s
Ep  267: len= 21 黑胜 loss=20.0803 temp=0.25 total_env_steps=7424 t=0.27s
Ep  268: len= 13 黑胜 loss=19.8731 temp=0.25 total_env_steps=7437 t=0.23s
Ep  269: len= 15 黑胜 loss=19.8236 temp=0.25 total_env_steps=7452 t=0.23s
Ep  270: len= 15 黑胜 loss=19.6416 temp=0.25 total_env_steps=7467 t=0.23s
Ep  271: len= 15 黑胜 loss=19.8696 temp=0.25 total_env_steps=7482 t=0.24s
Ep  272: len= 15 黑胜 loss=19.6780 temp=0.25 total_env_steps=7497 t=0.24s
Ep  273: len= 15 黑胜 loss=19.5036 temp=0.25 total_env_steps=7512 t=0.24s
Ep  274: len= 15 黑胜 loss=19.3409 temp=0.25 total_env_steps=7527 t=0.23s
Ep  275: len= 13 黑胜 loss=19.0496 temp=0.25 total_env_steps=7540 t=0.22s
Ep  276: len= 23 黑胜 loss=19.4537 temp=0.25 total_env_steps=7563 t=0.26s
Ep  277: len= 19 黑胜 loss=19.3305 temp=0.25 total_env_steps=7582 t=0.24s
Ep  278: len= 13 黑胜 loss=19.4466 temp=0.25 total_env_steps=7595 t=0.22s
Ep  279: len= 19 黑胜 loss=19.2306 temp=0.25 total_env_steps=7614 t=0.23s
Ep  280: len= 15 黑胜 loss=18.8662 temp=0.25 total_env_steps=7629 t=0.23s
Ep  281: len= 17 黑胜 loss=18.7483 temp=0.25 total_env_steps=7646 t=0.27s
Ep  282: len= 19 黑胜 loss=19.2058 temp=0.25 total_env_steps=7665 t=0.25s
Ep  283: len= 21 黑胜 loss=19.1576 temp=0.25 total_env_steps=7686 t=0.24s
Ep  284: len= 29 黑胜 loss=19.0421 temp=0.25 total_env_steps=7715 t=0.24s
Ep  285: len= 13 黑胜 loss=18.9518 temp=0.25 total_env_steps=7728 t=0.22s
Ep  286: len= 21 黑胜 loss=18.6763 temp=0.25 total_env_steps=7749 t=0.24s
Ep  287: len= 15 黑胜 loss=18.8254 temp=0.25 total_env_steps=7764 t=0.30s
Ep  288: len= 21 黑胜 loss=18.8894 temp=0.25 total_env_steps=7785 t=0.30s
Ep  289: len= 13 黑胜 loss=18.6292 temp=0.25 total_env_steps=7798 t=0.31s
Ep  290: len= 19 黑胜 loss=18.8293 temp=0.25 total_env_steps=7817 t=0.31s
Ep  291: len= 45 黑胜 loss=18.7859 temp=0.25 total_env_steps=7862 t=0.30s
Ep  292: len= 13 黑胜 loss=18.8899 temp=0.25 total_env_steps=7875 t=0.22s
Ep  293: len= 19 黑胜 loss=18.5492 temp=0.25 total_env_steps=7894 t=0.26s
Ep  294: len= 19 黑胜 loss=18.4460 temp=0.25 total_env_steps=7913 t=0.25s
Ep  295: len= 19 黑胜 loss=18.3625 temp=0.25 total_env_steps=7932 t=0.26s
Ep  296: len= 19 黑胜 loss=18.4217 temp=0.25 total_env_steps=7951 t=0.28s
Ep  297: len= 19 黑胜 loss=18.5416 temp=0.25 total_env_steps=7970 t=0.28s
Ep  298: len= 13 黑胜 loss=18.3603 temp=0.25 total_env_steps=7983 t=0.29s
Ep  299: len= 19 黑胜 loss=18.2289 temp=0.25 total_env_steps=8002 t=0.29s
Ep  300: len= 13 黑胜 loss=18.3258 temp=0.25 total_env_steps=8015 t=0.26s
  eval vs Gomoku-random-v0: win_rate=1.00 mean_return=1.00（20 局，total_env_steps=8015）
Ep  301: len= 21 黑胜 loss=18.3368 temp=0.25 total_env_steps=8036 t=0.29s
Ep  302: len= 21 黑胜 loss=18.4021 temp=0.25 total_env_steps=8057 t=0.33s
Ep  303: len= 19 黑胜 loss=18.0238 temp=0.25 total_env_steps=8076 t=0.31s
Ep  304: len= 21 黑胜 loss=17.8077 temp=0.25 total_env_steps=8097 t=0.29s
Ep  305: len= 23 黑胜 loss=18.4317 temp=0.25 total_env_steps=8120 t=0.31s
Ep  306: len= 54 白胜 loss=18.0774 temp=0.25 total_env_steps=8174 t=0.38s
Ep  307: len= 19 黑胜 loss=18.4940 temp=0.25 total_env_steps=8193 t=0.25s
Ep  308: len= 21 黑胜 loss=17.9923 temp=0.25 total_env_steps=8214 t=0.27s
Ep  309: len= 19 黑胜 loss=17.9098 temp=0.25 total_env_steps=8233 t=0.28s
Ep  310: len= 23 黑胜 loss=17.9755 temp=0.25 total_env_steps=8256 t=0.26s
Ep  311: len= 23 黑胜 loss=17.8879 temp=0.25 total_env_steps=8279 t=0.32s
Ep  312: len= 21 黑胜 loss=17.7073 temp=0.25 total_env_steps=8300 t=0.28s
Ep  313: len= 19 黑胜 loss=17.5814 temp=0.25 total_env_steps=8319 t=0.28s
Ep  314: len= 17 黑胜 loss=17.6530 temp=0.25 total_env_steps=8336 t=0.30s
Ep  315: len= 21 黑胜 loss=17.7338 temp=0.25 total_env_steps=8357 t=0.28s
Ep  316: len= 49 黑胜 loss=17.7646 temp=0.25 total_env_steps=8406 t=0.36s
Ep  317: len= 17 黑胜 loss=17.3512 temp=0.25 total_env_steps=8423 t=0.28s
Ep  318: len= 19 黑胜 loss=17.8398 temp=0.25 total_env_steps=8442 t=0.32s
Ep  319: len= 19 黑胜 loss=17.1928 temp=0.25 total_env_steps=8461 t=0.28s
Ep  320: len= 19 黑胜 loss=17.6679 temp=0.25 total_env_steps=8480 t=0.28s
Ep  321: len= 19 黑胜 loss=17.8981 temp=0.25 total_env_steps=8499 t=0.55s
Ep  322: len= 19 黑胜 loss=17.6539 temp=0.25 total_env_steps=8518 t=0.69s
Ep  323: len= 19 黑胜 loss=17.2170 temp=0.25 total_env_steps=8537 t=0.68s
Ep  324: len= 19 黑胜 loss=17.0227 temp=0.25 total_env_steps=8556 t=0.63s
Ep  325: len= 19 黑胜 loss=17.3247 temp=0.25 total_env_steps=8575 t=0.69s
Ep  326: len= 19 黑胜 loss=17.0950 temp=0.25 total_env_steps=8594 t=0.65s
Ep  327: len= 19 黑胜 loss=17.7065 temp=0.25 total_env_steps=8613 t=0.67s
Ep  328: len= 19 黑胜 loss=17.3981 temp=0.25 total_env_steps=8632 t=0.67s
Ep  329: len= 13 黑胜 loss=17.2864 temp=0.25 total_env_steps=8645 t=0.64s
Ep  330: len= 13 黑胜 loss=17.4020 temp=0.25 total_env_steps=8658 t=0.63s
Ep  331: len= 19 黑胜 loss=17.3657 temp=0.25 total_env_steps=8677 t=0.69s
Ep  332: len= 19 黑胜 loss=16.9695 temp=0.25 total_env_steps=8696 t=0.66s
Ep  333: len= 21 黑胜 loss=17.2402 temp=0.25 total_env_steps=8717 t=0.70s
Ep  334: len= 25 黑胜 loss=16.8541 temp=0.25 total_env_steps=8742 t=0.74s
Ep  335: len= 19 黑胜 loss=16.9658 temp=0.25 total_env_steps=8761 t=0.63s
Ep  336: len= 21 黑胜 loss=16.6565 temp=0.25 total_env_steps=8782 t=0.69s
Ep  337: len= 19 黑胜 loss=17.0049 temp=0.25 total_env_steps=8801 t=0.71s
Ep  338: len= 19 黑胜 loss=16.1626 temp=0.25 total_env_steps=8820 t=0.67s
Ep  339: len= 19 黑胜 loss=16.2480 temp=0.25 total_env_steps=8839 t=0.68s
Ep  340: len= 19 黑胜 loss=16.8934 temp=0.25 total_env_steps=8858 t=0.70s
Ep  341: len= 21 黑胜 loss=16.4690 temp=0.25 total_env_steps=8879 t=0.66s
Ep  342: len= 21 黑胜 loss=16.9498 temp=0.25 total_env_steps=8900 t=0.69s
Ep  343: len= 19 黑胜 loss=16.9323 temp=0.25 total_env_steps=8919 t=0.69s
Ep  344: len= 21 黑胜 loss=16.8008 temp=0.25 total_env_steps=8940 t=0.69s
Ep  345: len= 23 黑胜 loss=16.9200 temp=0.25 total_env_steps=8963 t=0.71s
Ep  346: len= 19 黑胜 loss=16.3939 temp=0.25 total_env_steps=8982 t=0.68s
Ep  347: len= 19 黑胜 loss=16.3824 temp=0.25 total_env_steps=9001 t=0.73s
Ep  348: len= 13 黑胜 loss=16.3437 temp=0.25 total_env_steps=9014 t=0.65s
Ep  349: len= 19 黑胜 loss=16.3637 temp=0.25 total_env_steps=9033 t=0.65s
Ep  350: len= 19 黑胜 loss=16.1097 temp=0.25 total_env_steps=9052 t=0.69s
  eval vs Gomoku-random-v0: win_rate=1.00 mean_return=1.00（20 局，total_env_steps=9052）
Ep  351: len= 19 黑胜 loss=16.3865 temp=0.25 total_env_steps=9071 t=0.72s
Ep  352: len= 19 黑胜 loss=15.9570 temp=0.25 total_env_steps=9090 t=0.64s
Ep  353: len= 13 黑胜 loss=15.9302 temp=0.25 total_env_steps=9103 t=0.68s
Ep  354: len= 21 黑胜 loss=16.4178 temp=0.25 total_env_steps=9124 t=0.65s
Ep  355: len= 19 黑胜 loss=16.2140 temp=0.25 total_env_steps=9143 t=0.67s
Ep  356: len= 19 黑胜 loss=16.4725 temp=0.25 total_env_steps=9162 t=0.67s
Ep  357: len= 19 黑胜 loss=15.8456 temp=0.25 total_env_steps=9181 t=0.68s
Ep  358: len= 19 黑胜 loss=16.0886 temp=0.25 total_env_steps=9200 t=0.67s
Ep  359: len= 21 黑胜 loss=15.5716 temp=0.25 total_env_steps=9221 t=0.70s
Ep  360: len= 19 黑胜 loss=15.6561 temp=0.25 total_env_steps=9240 t=0.70s
Ep  361: len= 23 黑胜 loss=15.6202 temp=0.25 total_env_steps=9263 t=0.71s
Ep  362: len= 67 黑胜 loss=15.6940 temp=0.25 total_env_steps=9330 t=0.86s
Ep  363: len= 19 黑胜 loss=15.8877 temp=0.25 total_env_steps=9349 t=0.70s
Ep  364: len= 19 黑胜 loss=15.5635 temp=0.25 total_env_steps=9368 t=0.71s
Ep  365: len= 19 黑胜 loss=15.4853 temp=0.25 total_env_steps=9387 t=0.65s
Ep  366: len= 19 黑胜 loss=15.9172 temp=0.25 total_env_steps=9406 t=0.68s
Ep  367: len= 23 黑胜 loss=15.2903 temp=0.25 total_env_steps=9429 t=0.63s
Ep  368: len= 21 黑胜 loss=15.4582 temp=0.25 total_env_steps=9450 t=0.67s
Ep  369: len= 19 黑胜 loss=15.4528 temp=0.25 total_env_steps=9469 t=0.66s
Ep  370: len= 19 黑胜 loss=15.5289 temp=0.25 total_env_steps=9488 t=0.67s
Ep  371: len= 21 黑胜 loss=15.1960 temp=0.25 total_env_steps=9509 t=0.67s
Ep  372: len= 19 黑胜 loss=15.1120 temp=0.25 total_env_steps=9528 t=0.69s
Ep  373: len= 23 黑胜 loss=14.9348 temp=0.25 total_env_steps=9551 t=0.67s
Ep  374: len= 17 黑胜 loss=14.9305 temp=0.25 total_env_steps=9568 t=0.70s
Ep  375: len= 19 黑胜 loss=15.3159 temp=0.25 total_env_steps=9587 t=0.64s
Ep  376: len= 21 黑胜 loss=15.6120 temp=0.25 total_env_steps=9608 t=0.66s
Ep  377: len= 21 黑胜 loss=14.7761 temp=0.25 total_env_steps=9629 t=0.72s
Ep  378: len= 19 黑胜 loss=15.1098 temp=0.25 total_env_steps=9648 t=0.69s
Ep  379: len= 19 黑胜 loss=14.9163 temp=0.25 total_env_steps=9667 t=0.70s
Ep  380: len= 19 黑胜 loss=14.9904 temp=0.25 total_env_steps=9686 t=0.67s
Ep  381: len= 19 黑胜 loss=14.9833 temp=0.25 total_env_steps=9705 t=0.66s
Ep  382: len= 21 黑胜 loss=14.7609 temp=0.25 total_env_steps=9726 t=0.68s
Ep  383: len= 19 黑胜 loss=14.1546 temp=0.25 total_env_steps=9745 t=0.69s
Ep  384: len= 40 白胜 loss=14.7340 temp=0.25 total_env_steps=9785 t=0.75s
Ep  385: len= 21 黑胜 loss=14.7067 temp=0.25 total_env_steps=9806 t=0.67s
Ep  386: len= 19 黑胜 loss=15.3926 temp=0.25 total_env_steps=9825 t=0.68s
Ep  387: len= 19 黑胜 loss=14.3900 temp=0.25 total_env_steps=9844 t=0.67s
Ep  388: len= 13 黑胜 loss=14.9414 temp=0.25 total_env_steps=9857 t=0.69s
Ep  389: len= 57 黑胜 loss=14.7042 temp=0.25 total_env_steps=9914 t=0.84s
Ep  390: len= 19 黑胜 loss=14.9623 temp=0.25 total_env_steps=9933 t=0.63s
Ep  391: len= 21 黑胜 loss=14.5885 temp=0.25 total_env_steps=9954 t=0.72s
Ep  392: len= 17 黑胜 loss=14.6872 temp=0.25 total_env_steps=9971 t=0.66s
Ep  393: len= 19 黑胜 loss=14.0102 temp=0.25 total_env_steps=9990 t=0.67s
Ep  394: len= 21 黑胜 loss=14.5625 temp=0.25 total_env_steps=10011 t=0.66s
Ep  395: len= 19 黑胜 loss=14.7937 temp=0.25 total_env_steps=10030 t=0.71s
Ep  396: len= 19 黑胜 loss=14.2516 temp=0.25 total_env_steps=10049 t=0.69s
Ep  397: len= 17 黑胜 loss=14.3808 temp=0.25 total_env_steps=10066 t=0.65s
Ep  398: len= 21 黑胜 loss=14.2407 temp=0.25 total_env_steps=10087 t=0.71s
Ep  399: len= 19 黑胜 loss=14.6150 temp=0.25 total_env_steps=10106 t=0.63s
Ep  400: len= 13 黑胜 loss=13.9043 temp=0.25 total_env_steps=10119 t=0.68s
  eval vs Gomoku-random-v0: win_rate=1.00 mean_return=1.00（20 局，total_env_steps=10119）
[闸门] vs random（40 局）: win_rate=1.000
[闸门] vs 半程快照（40 局，黑白各半）: score=0.500
[梯队] vs naive0（20 局，观察性）: win_rate=0.15
[梯队] vs naive1（20 局，观察性）: win_rate=0.00
[梯队] vs naive2（20 局，观察性）: win_rate=0.00
[梯队] vs naive3（20 局，观察性）: win_rate=0.00
📈 Gomoku-selfplay-v0 win_rate=1.00（best 1.00）| 门槛 0.95 | 152.4s

--- M3 arm=combo_aug_rr32_lr3e3 汇总（base 对照见 bench 头注释）---
  seed=42 vs_random=0.975 vs_snapshot=0.775 | 梯队 naive0=0.05 naive1=0.00 naive2=0.00 naive3=0.00 | env_steps=16757 wall=228s
  seed=43 vs_random=1.000 vs_snapshot=0.675 | 梯队 naive0=0.25 naive1=0.00 naive2=0.00 naive3=0.00 | env_steps=15073 wall=196s
  seed=44 vs_random=1.000 vs_snapshot=0.500 | 梯队 naive0=0.15 naive1=0.00 naive2=0.00 naive3=0.00 | env_steps=10119 wall=152s
ok

test result: ok. 1 passed; 0 failed; 0 ignored; 0 measured; 3424 filtered out; finished in 576.78s

     Running tests\cse_dedup.rs (target\release\deps\cse_dedup-7a657e998c2a0176.exe)

running 0 tests

test result: ok. 0 passed; 0 failed; 0 ignored; 0 measured; 1 filtered out; finished in 0.00s

     Running tests\mode_invariants.rs (target\release\deps\mode_invariants-12496c59841ba5c8.exe)

running 0 tests

test result: ok. 0 passed; 0 failed; 0 ignored; 0 measured; 9 filtered out; finished in 0.00s

     Running tests\onnx_otm_load_bench.rs (target\release\deps\onnx_otm_load_bench-39da60dd6dcd2511.exe)

running 0 tests

test result: ok. 0 passed; 0 failed; 0 ignored; 0 measured; 1 filtered out; finished in 0.00s

     Running tests\yolov5_xiangqi_import.rs (target\release\deps\yolov5_xiangqi_import-5a55f6b67c0e8a85.exe)

running 0 tests

test result: ok. 0 passed; 0 failed; 0 ignored; 0 measured; 6 filtered out; finished in 0.00s

